[2026-07-27T11:12:11.503+0000] {local_task_job_runner.py:120} INFO - ::group::Pre task execution logs
[2026-07-27T11:12:11.538+0000] {taskinstance.py:2076} INFO - Dependencies all met for dep_context=non-requeueable deps ti=<TaskInstance: youtube_english_video_pipeline.build_short_video_6 manual__2026-07-27T10:57:47.140907+00:00 [queued]>
[2026-07-27T11:12:11.548+0000] {taskinstance.py:2076} INFO - Dependencies all met for dep_context=requeueable deps ti=<TaskInstance: youtube_english_video_pipeline.build_short_video_6 manual__2026-07-27T10:57:47.140907+00:00 [queued]>
[2026-07-27T11:12:11.550+0000] {taskinstance.py:2306} INFO - Starting attempt 1 of 3
[2026-07-27T11:12:11.563+0000] {taskinstance.py:2330} INFO - Executing <Task(PythonOperator): build_short_video_6> on 2026-07-27 10:57:47.140907+00:00
[2026-07-27T11:12:11.567+0000] {standard_task_runner.py:64} INFO - Started process 76220 to run task
[2026-07-27T11:12:11.570+0000] {standard_task_runner.py:90} INFO - Running: ['airflow', 'tasks', 'run', 'youtube_english_video_pipeline', 'build_short_video_6', 'manual__2026-07-27T10:57:47.140907+00:00', '--job-id', '440', '--raw', '--subdir', 'DAGS_FOLDER/youtube_pipeline.py', '--cfg-path', '/tmp/tmp_pofi49k']
[2026-07-27T11:12:11.574+0000] {standard_task_runner.py:91} INFO - Job 440: Subtask build_short_video_6
[2026-07-27T11:12:11.648+0000] {task_command.py:426} INFO - Running <TaskInstance: youtube_english_video_pipeline.build_short_video_6 manual__2026-07-27T10:57:47.140907+00:00 [running]> on host cc859d74cf38
[2026-07-27T11:12:11.846+0000] {taskinstance.py:2648} INFO - Exporting env vars: AIRFLOW_CTX_DAG_OWNER='taky' AIRFLOW_CTX_DAG_ID='youtube_english_video_pipeline' AIRFLOW_CTX_TASK_ID='build_short_video_6' AIRFLOW_CTX_EXECUTION_DATE='2026-07-27T10:57:47.140907+00:00' AIRFLOW_CTX_TRY_NUMBER='1' AIRFLOW_CTX_DAG_RUN_ID='manual__2026-07-27T10:57:47.140907+00:00'
[2026-07-27T11:12:11.847+0000] {taskinstance.py:430} INFO - ::endgroup::
[2026-07-27T11:12:12.906+0000] {logging_mixin.py:188} INFO - 2026-07-27 11:12:12,906 | INFO     | planner.video_planner | Planned SHORT video: topic='Social English', phrases=1
[2026-07-27T11:12:13.290+0000] {logging_mixin.py:188} INFO - 2026-07-27 11:12:13,290 | INFO     | tts.edge_tts | Synthesized audio -> /opt/airflow/output/audio/phrase_900.mp3
[2026-07-27T11:12:13.664+0000] {logging_mixin.py:188} INFO - 2026-07-27 11:12:13,664 | INFO     | tts.edge_tts | Synthesized audio -> /opt/airflow/output/audio/example_900.mp3
[2026-07-27T11:12:14.793+0000] {logging_mixin.py:188} INFO - 2026-07-27 11:12:14,793 | INFO     | media.image_downloader | Downloaded background image for scene='cafeteria' -> /opt/airflow/output/images/short_900.jpg
[2026-07-27T11:12:19.549+0000] {logging_mixin.py:188} INFO - 2026-07-27 11:12:19,549 | WARNING  | video.video_builder | BGM file not found at /opt/airflow/assets/bgm/short_bgm.mp3, rendering without background music
[2026-07-27T11:12:21.299+0000] {logging_mixin.py:188} INFO - 2026-07-27 11:12:21,299 | INFO     | video.video_builder | Final video rendered -> /opt/airflow/output/videos/short_900.mp4
[2026-07-27T11:12:35.309+0000] {python.py:237} INFO - Done. Returned value was: {'video_id': 105, 'file_path': '/opt/airflow/output/videos/short_900.mp4', 'title': "How to Join a Group in English! 🗣️ 'Do you mind if I join you?' #Shorts", 'description': "Want to sound natural in social situations? Learn how to use 'Do you mind if I join you?' in everyday English!\n\nExample:\n'Hey, do you mind if I join you for lunch?'\n\nThis polite phrase is perfect for making new friends, joining coworkers, and starting casual conversations.\n\nSubscribe to Taky's Language School for daily spoken English tips, real-life vocabulary, and natural expressions!\n\n#LearnEnglish #SocialEnglish #SpokenEnglish #TakysLanguageSchool #EnglishPhrases #Shorts", 'tags': ['learn english', 'spoken english', 'social english', 'english phrases', 'do you mind if i join you', 'english conversation', 'takys language school', 'english speaking practice', 'daily english tips', 'english for beginners'], 'video_type': 'short'}
[2026-07-27T11:12:35.311+0000] {taskinstance.py:441} INFO - ::group::Post task execution logs
[2026-07-27T11:12:35.332+0000] {taskinstance.py:1206} INFO - Marking task as SUCCESS. dag_id=youtube_english_video_pipeline, task_id=build_short_video_6, run_id=manual__2026-07-27T10:57:47.140907+00:00, execution_date=20260727T105747, start_date=20260727T111211, end_date=20260727T111235
[2026-07-27T11:12:35.379+0000] {local_task_job_runner.py:243} INFO - Task exited with return code 0
[2026-07-27T11:12:35.516+0000] {taskinstance.py:3503} INFO - 1 downstream tasks scheduled from follow-on schedule check
[2026-07-27T11:12:35.519+0000] {local_task_job_runner.py:222} INFO - ::endgroup::
