[2026-09-21T01:03:56.973+0000] {local_task_job_runner.py:120} INFO - ::group::Pre task execution logs
[2026-09-21T01:03:57.008+0000] {taskinstance.py:2076} INFO - Dependencies all met for dep_context=non-requeueable deps ti=<TaskInstance: youtube_english_video_pipeline.build_short_video_2 manual__2026-09-21T01:00:56.686308+00:00 [queued]>
[2026-09-21T01:03:57.016+0000] {taskinstance.py:2076} INFO - Dependencies all met for dep_context=requeueable deps ti=<TaskInstance: youtube_english_video_pipeline.build_short_video_2 manual__2026-09-21T01:00:56.686308+00:00 [queued]>
[2026-09-21T01:03:57.016+0000] {taskinstance.py:2306} INFO - Starting attempt 1 of 3
[2026-09-21T01:03:57.028+0000] {taskinstance.py:2330} INFO - Executing <Task(PythonOperator): build_short_video_2> on 2026-09-21 01:00:56.686308+00:00
[2026-09-21T01:03:57.033+0000] {standard_task_runner.py:64} INFO - Started process 3578 to run task
[2026-09-21T01:03:57.037+0000] {standard_task_runner.py:90} INFO - Running: ['airflow', 'tasks', 'run', 'youtube_english_video_pipeline', 'build_short_video_2', 'manual__2026-09-21T01:00:56.686308+00:00', '--job-id', '1418', '--raw', '--subdir', 'DAGS_FOLDER/youtube_pipeline.py', '--cfg-path', '/tmp/tmp4767ajqd']
[2026-09-21T01:03:57.039+0000] {standard_task_runner.py:91} INFO - Job 1418: Subtask build_short_video_2
[2026-09-21T01:03:57.090+0000] {task_command.py:426} INFO - Running <TaskInstance: youtube_english_video_pipeline.build_short_video_2 manual__2026-09-21T01:00:56.686308+00:00 [running]> on host 73b18333cdfe
[2026-09-21T01:03:57.330+0000] {taskinstance.py:2648} INFO - Exporting env vars: AIRFLOW_CTX_DAG_OWNER='taky' AIRFLOW_CTX_DAG_ID='youtube_english_video_pipeline' AIRFLOW_CTX_TASK_ID='build_short_video_2' AIRFLOW_CTX_EXECUTION_DATE='2026-09-21T01:00:56.686308+00:00' AIRFLOW_CTX_TRY_NUMBER='1' AIRFLOW_CTX_DAG_RUN_ID='manual__2026-09-21T01:00:56.686308+00:00'
[2026-09-21T01:03:57.330+0000] {taskinstance.py:430} INFO - ::endgroup::
[2026-09-21T01:03:57.875+0000] {logging_mixin.py:188} INFO - 2026-09-21 01:03:57,874 | INFO     | planner.video_planner | Planned SHORT video: topic='Shopping English', phrases=1
[2026-09-21T01:03:58.235+0000] {logging_mixin.py:188} INFO - 2026-09-21 01:03:58,235 | INFO     | tts.edge_tts | Synthesized audio -> /opt/airflow/output/audio/phrase_3498.mp3
[2026-09-21T01:03:58.561+0000] {logging_mixin.py:188} INFO - 2026-09-21 01:03:58,561 | INFO     | tts.edge_tts | Synthesized audio -> /opt/airflow/output/audio/example_3498.mp3
[2026-09-21T01:04:00.303+0000] {logging_mixin.py:188} INFO - 2026-09-21 01:04:00,303 | INFO     | media.image_downloader | Downloaded background image for scene='shop' -> /opt/airflow/output/images/short_3498.jpg
[2026-09-21T01:04:03.883+0000] {logging_mixin.py:188} INFO - 2026-09-21 01:04:03,883 | WARNING  | video.video_builder | BGM file not found at /opt/airflow/assets/bgm/short_bgm.mp3, rendering without background music
[2026-09-21T01:04:06.095+0000] {logging_mixin.py:188} INFO - 2026-09-21 01:04:06,095 | INFO     | video.video_builder | Final video rendered -> /opt/airflow/output/videos/short_3498.mp4
[2026-09-21T01:04:08.972+0000] {python.py:237} INFO - Done. Returned value was: {'video_id': 436, 'file_path': '/opt/airflow/output/videos/short_3498.mp4', 'title': 'How to Ask If a Store Accepts Credit Cards | Shopping English Phrases', 'description': 'Struggling to pay at a shop in an English-speaking country? In this quick lesson from Taky\'s Language School, you\'ll learn how to ask, "Do you take credit cards?" when you\'re short on cash. Master this essential shopping phrase to shop with confidence! Don\'t forget to like and subscribe for more bite-sized English lessons.', 'tags': ['English learning', 'shopping English', 'English phrases', 'speak English', "Taky's Language School", 'ESL', 'travel English', 'English for beginners', 'short English lesson'], 'video_type': 'short'}
[2026-09-21T01:04:08.973+0000] {taskinstance.py:441} INFO - ::group::Post task execution logs
[2026-09-21T01:04:09.012+0000] {taskinstance.py:1206} INFO - Marking task as SUCCESS. dag_id=youtube_english_video_pipeline, task_id=build_short_video_2, run_id=manual__2026-09-21T01:00:56.686308+00:00, execution_date=20260921T010056, start_date=20260921T010357, end_date=20260921T010409
[2026-09-21T01:04:09.048+0000] {local_task_job_runner.py:243} INFO - Task exited with return code 0
[2026-09-21T01:04:09.294+0000] {taskinstance.py:3503} INFO - 1 downstream tasks scheduled from follow-on schedule check
[2026-09-21T01:04:09.299+0000] {local_task_job_runner.py:222} INFO - ::endgroup::
