[2026-09-21T05:54:10.531+0000] {local_task_job_runner.py:120} INFO - ::group::Pre task execution logs
[2026-09-21T05:54:10.587+0000] {taskinstance.py:2076} INFO - Dependencies all met for dep_context=non-requeueable deps ti=<TaskInstance: youtube_english_video_pipeline.build_short_video_1 manual__2026-09-21T05:53:40.285914+00:00 [queued]>
[2026-09-21T05:54:10.594+0000] {taskinstance.py:2076} INFO - Dependencies all met for dep_context=requeueable deps ti=<TaskInstance: youtube_english_video_pipeline.build_short_video_1 manual__2026-09-21T05:53:40.285914+00:00 [queued]>
[2026-09-21T05:54:10.595+0000] {taskinstance.py:2306} INFO - Starting attempt 1 of 3
[2026-09-21T05:54:10.605+0000] {taskinstance.py:2330} INFO - Executing <Task(PythonOperator): build_short_video_1> on 2026-09-21 05:53:40.285914+00:00
[2026-09-21T05:54:10.609+0000] {standard_task_runner.py:64} INFO - Started process 476 to run task
[2026-09-21T05:54:10.611+0000] {standard_task_runner.py:90} INFO - Running: ['airflow', 'tasks', 'run', 'youtube_english_video_pipeline', 'build_short_video_1', 'manual__2026-09-21T05:53:40.285914+00:00', '--job-id', '1431', '--raw', '--subdir', 'DAGS_FOLDER/youtube_pipeline.py', '--cfg-path', '/tmp/tmpyhu7dmo1']
[2026-09-21T05:54:10.613+0000] {standard_task_runner.py:91} INFO - Job 1431: Subtask build_short_video_1
[2026-09-21T05:54:10.657+0000] {task_command.py:426} INFO - Running <TaskInstance: youtube_english_video_pipeline.build_short_video_1 manual__2026-09-21T05:53:40.285914+00:00 [running]> on host 73b18333cdfe
[2026-09-21T05:54:10.882+0000] {taskinstance.py:2648} INFO - Exporting env vars: AIRFLOW_CTX_DAG_OWNER='taky' AIRFLOW_CTX_DAG_ID='youtube_english_video_pipeline' AIRFLOW_CTX_TASK_ID='build_short_video_1' AIRFLOW_CTX_EXECUTION_DATE='2026-09-21T05:53:40.285914+00:00' AIRFLOW_CTX_TRY_NUMBER='1' AIRFLOW_CTX_DAG_RUN_ID='manual__2026-09-21T05:53:40.285914+00:00'
[2026-09-21T05:54:10.883+0000] {taskinstance.py:430} INFO - ::endgroup::
[2026-09-21T05:54:11.422+0000] {logging_mixin.py:188} INFO - 2026-09-21 05:54:11,422 | INFO     | planner.video_planner | Planned SHORT video: topic='Daily Conversation', phrases=1
[2026-09-21T05:54:11.685+0000] {logging_mixin.py:188} INFO - 2026-09-21 05:54:11,685 | INFO     | tts.edge_tts | Synthesized audio -> /opt/airflow/output/audio/phrase_3507.mp3
[2026-09-21T05:54:12.006+0000] {logging_mixin.py:188} INFO - 2026-09-21 05:54:12,006 | INFO     | tts.edge_tts | Synthesized audio -> /opt/airflow/output/audio/example_3507.mp3
[2026-09-21T05:54:13.365+0000] {logging_mixin.py:188} INFO - 2026-09-21 05:54:13,365 | INFO     | media.image_downloader | Downloaded background image for scene='conversation' -> /opt/airflow/output/images/short_3507.jpg
[2026-09-21T05:54:16.108+0000] {logging_mixin.py:188} INFO - 2026-09-21 05:54:16,107 | WARNING  | video.video_builder | BGM file not found at /opt/airflow/assets/bgm/short_bgm.mp3, rendering without background music
[2026-09-21T05:54:17.648+0000] {logging_mixin.py:188} INFO - 2026-09-21 05:54:17,648 | INFO     | video.video_builder | Final video rendered -> /opt/airflow/output/videos/short_3507.mp4
[2026-09-21T05:54:19.811+0000] {python.py:237} INFO - Done. Returned value was: {'video_id': 441, 'file_path': '/opt/airflow/output/videos/short_3507.mp4', 'title': 'How to Politely Ask Someone to Repeat Themselves | Speak English Naturally', 'description': "Struggling to understand native speakers? In this quick lesson from Taky's Language School, learn the perfect phrase to use when you miss what someone said: 'Sorry, I didn't quite catch that.' \n\nMaster this natural, polite expression to improve your daily English conversations and boost your confidence. Whether you're at work, school, or traveling, this simple phrase will help you communicate more effectively. \n\nDon't forget to like, subscribe, and hit the bell icon for more daily English tips from Taky's Language School!", 'tags': ['learn english', 'english conversation', 'english speaking practice', 'daily english', 'speak english fluently', 'english phrases', 'esl', 'takys language school', 'english listening skills', 'polite english'], 'video_type': 'short'}
[2026-09-21T05:54:19.812+0000] {taskinstance.py:441} INFO - ::group::Post task execution logs
[2026-09-21T05:54:19.826+0000] {taskinstance.py:1206} INFO - Marking task as SUCCESS. dag_id=youtube_english_video_pipeline, task_id=build_short_video_1, run_id=manual__2026-09-21T05:53:40.285914+00:00, execution_date=20260921T055340, start_date=20260921T055410, end_date=20260921T055419
[2026-09-21T05:54:19.878+0000] {local_task_job_runner.py:243} INFO - Task exited with return code 0
[2026-09-21T05:54:20.023+0000] {taskinstance.py:3503} INFO - 1 downstream tasks scheduled from follow-on schedule check
[2026-09-21T05:54:20.028+0000] {local_task_job_runner.py:222} INFO - ::endgroup::
