[2026-07-25T01:47:14.495+0000] {local_task_job_runner.py:120} INFO - ::group::Pre task execution logs
[2026-07-25T01:47:14.609+0000] {taskinstance.py:2076} INFO - Dependencies all met for dep_context=non-requeueable deps ti=<TaskInstance: youtube_english_video_pipeline.build_short_video manual__2026-07-25T01:46:42.080394+00:00 [queued]>
[2026-07-25T01:47:14.680+0000] {taskinstance.py:2076} INFO - Dependencies all met for dep_context=requeueable deps ti=<TaskInstance: youtube_english_video_pipeline.build_short_video manual__2026-07-25T01:46:42.080394+00:00 [queued]>
[2026-07-25T01:47:14.695+0000] {taskinstance.py:2306} INFO - Starting attempt 1 of 3
[2026-07-25T01:47:14.766+0000] {taskinstance.py:2330} INFO - Executing <Task(PythonOperator): build_short_video> on 2026-07-25 01:46:42.080394+00:00
[2026-07-25T01:47:14.803+0000] {standard_task_runner.py:64} INFO - Started process 1643 to run task
[2026-07-25T01:47:14.806+0000] {standard_task_runner.py:90} INFO - Running: ['airflow', 'tasks', 'run', 'youtube_english_video_pipeline', 'build_short_video', 'manual__2026-07-25T01:46:42.080394+00:00', '--job-id', '116', '--raw', '--subdir', 'DAGS_FOLDER/youtube_pipeline.py', '--cfg-path', '/tmp/tmpwzqkn71q']
[2026-07-25T01:47:14.952+0000] {standard_task_runner.py:91} INFO - Job 116: Subtask build_short_video
[2026-07-25T01:47:15.211+0000] {task_command.py:426} INFO - Running <TaskInstance: youtube_english_video_pipeline.build_short_video manual__2026-07-25T01:46:42.080394+00:00 [running]> on host 654b8331d764
[2026-07-25T01:47:15.719+0000] {taskinstance.py:2648} INFO - Exporting env vars: AIRFLOW_CTX_DAG_OWNER='taky' AIRFLOW_CTX_DAG_ID='youtube_english_video_pipeline' AIRFLOW_CTX_TASK_ID='build_short_video' AIRFLOW_CTX_EXECUTION_DATE='2026-07-25T01:46:42.080394+00:00' AIRFLOW_CTX_TRY_NUMBER='1' AIRFLOW_CTX_DAG_RUN_ID='manual__2026-07-25T01:46:42.080394+00:00'
[2026-07-25T01:47:15.739+0000] {taskinstance.py:430} INFO - ::endgroup::
[2026-07-25T01:47:19.153+0000] {logging_mixin.py:188} INFO - 2026-07-25 01:47:19,153 | INFO     | planner.video_planner | Planned SHORT video: topic='Social English', phrases=1
[2026-07-25T01:47:20.324+0000] {logging_mixin.py:188} INFO - 2026-07-25 01:47:20,324 | INFO     | tts.edge_tts | Synthesized audio -> /opt/airflow/output/audio/phrase_78.mp3
[2026-07-25T01:47:22.270+0000] {logging_mixin.py:188} INFO - 2026-07-25 01:47:22,269 | INFO     | tts.edge_tts | Synthesized audio -> /opt/airflow/output/audio/example_78.mp3
[2026-07-25T01:47:25.617+0000] {logging_mixin.py:188} INFO - 2026-07-25 01:47:25,617 | INFO     | media.image_downloader | Downloaded background image for scene='coffeehouse' -> /opt/airflow/output/images/short_78.jpg
[2026-07-25T01:47:27.001+0000] {logging_mixin.py:188} INFO - 2026-07-25 01:47:27,001 | INFO     | video.video_builder | Running ffmpeg: ffmpeg -y -i /opt/airflow/output/audio/phrase_78.mp3 -i /opt/airflow/output/audio/example_78.mp3 -filter_complex [0:a]apad=pad_dur=0.4[a0];[a0][1:a]concat=n=2:v=0:a=1[aout] -map [aout] /opt/airflow/output/videos/_tmp/short_78_raw.audio.mp3
[2026-07-25T01:47:28.226+0000] {logging_mixin.py:188} INFO - 2026-07-25 01:47:28,226 | INFO     | video.video_builder | Running ffmpeg: ffmpeg -y -loop 1 -i /opt/airflow/output/images/short_78.jpg -i /opt/airflow/output/videos/_tmp/short_78_raw.audio.mp3 -vf scale=1080:1920:force_original_aspect_ratio=increase,crop=1080:1920,drawtext=fontfile='/opt/airflow/assets/fonts/NotoSansJP-Bold.ttf':text='Are you free to grab\na coffee?':fontcolor=FFFFFF:fontsize=88:x=(w-text_w)/2:y=(h*0.16):line_spacing=12:box=1:boxcolor=black@0.45:boxborderw=20,drawtext=fontfile='/opt/airflow/assets/fonts/NotoSansJP-Bold.ttf':text='I have a quick break\nthis afternoon. Are you\nfree to grab a coffee?':fontcolor=FFD54A:fontsize=79:x=(w-text_w)/2:y=(h-text_h)/2+((h*0.15)):line_spacing=16:box=1:boxcolor=black@0.55:boxborderw=24 -c:v libx264 -preset medium -crf 23 -tune stillimage -pix_fmt yuv420p -c:a aac -b:a 192k -shortest -r 30 /opt/airflow/output/videos/_tmp/short_78_raw.mp4
[2026-07-25T01:48:35.346+0000] {logging_mixin.py:188} INFO - 2026-07-25 01:48:35,289 | WARNING  | video.video_builder | BGM file not found at /opt/airflow/assets/bgm/short_bgm.mp3, rendering without background music
[2026-07-25T01:48:35.635+0000] {logging_mixin.py:188} INFO - 2026-07-25 01:48:35,633 | INFO     | video.video_builder | Running ffmpeg: ffmpeg -y -i /opt/airflow/output/videos/_tmp/short_78_raw.mp4 -c:v libx264 -preset medium -crf 23 -pix_fmt yuv420p -c:a aac -b:a 192k /opt/airflow/output/videos/short_78.mp4
[2026-07-25T01:48:47.340+0000] {logging_mixin.py:188} INFO - 2026-07-25 01:48:47,338 | INFO     | video.video_builder | Final video rendered -> /opt/airflow/output/videos/short_78.mp4
[2026-07-25T01:48:58.131+0000] {python.py:237} INFO - Done. Returned value was: {'video_id': 22, 'file_path': '/opt/airflow/output/videos/short_78.mp4', 'title': 'How to Ask Someone for Coffee in English ☕ | Social English #Shorts', 'description': 'Learn natural spoken English with Taky\'s Language School!\n\nWant to invite a friend or colleague out? Use this common phrase:\n"Are you free to grab a coffee?"\n\nExample:\n"I have a quick break this afternoon. Are you free to grab a coffee?"\n\n"Grab a coffee" is a casual expression native speakers use all the time. Practice saying it out loud today!\n\nSubscribe to Taky\'s Language School for daily spoken English tips and conversational phrases!\n\n#LearnEnglish #SocialEnglish #EnglishPhrases #TakysLanguageSchool', 'tags': ['learn english', 'social english', 'spoken english', 'grab a coffee', 'english phrases', 'english speaking practice', 'takys language school', 'daily english', 'casual english', 'english shorts'], 'video_type': 'short'}
[2026-07-25T01:48:58.221+0000] {taskinstance.py:441} INFO - ::group::Post task execution logs
[2026-07-25T01:48:58.375+0000] {taskinstance.py:1206} INFO - Marking task as SUCCESS. dag_id=youtube_english_video_pipeline, task_id=build_short_video, run_id=manual__2026-07-25T01:46:42.080394+00:00, execution_date=20260725T014642, start_date=20260725T014714, end_date=20260725T014858
[2026-07-25T01:48:58.814+0000] {local_task_job_runner.py:243} INFO - Task exited with return code 0
[2026-07-25T01:48:59.011+0000] {taskinstance.py:3503} INFO - 1 downstream tasks scheduled from follow-on schedule check
[2026-07-25T01:48:59.022+0000] {local_task_job_runner.py:222} INFO - ::endgroup::
