[2026-09-20T12:24:48.799+0000] {local_task_job_runner.py:120} INFO - ::group::Pre task execution logs
[2026-09-20T12:24:48.826+0000] {taskinstance.py:2076} INFO - Dependencies all met for dep_context=non-requeueable deps ti=<TaskInstance: youtube_english_video_pipeline.upload_long_video_10 scheduled__2026-09-19T12:00:00+00:00 [queued]>
[2026-09-20T12:24:48.832+0000] {taskinstance.py:2076} INFO - Dependencies all met for dep_context=requeueable deps ti=<TaskInstance: youtube_english_video_pipeline.upload_long_video_10 scheduled__2026-09-19T12:00:00+00:00 [queued]>
[2026-09-20T12:24:48.833+0000] {taskinstance.py:2306} INFO - Starting attempt 1 of 3
[2026-09-20T12:24:48.842+0000] {taskinstance.py:2330} INFO - Executing <Task(PythonOperator): upload_long_video_10> on 2026-09-19 12:00:00+00:00
[2026-09-20T12:24:48.846+0000] {standard_task_runner.py:64} INFO - Started process 98413 to run task
[2026-09-20T12:24:48.848+0000] {standard_task_runner.py:90} INFO - Running: ['airflow', 'tasks', 'run', 'youtube_english_video_pipeline', 'upload_long_video_10', 'scheduled__2026-09-19T12:00:00+00:00', '--job-id', '1411', '--raw', '--subdir', 'DAGS_FOLDER/youtube_pipeline.py', '--cfg-path', '/tmp/tmpq8mx2dyj']
[2026-09-20T12:24:48.850+0000] {standard_task_runner.py:91} INFO - Job 1411: Subtask upload_long_video_10
[2026-09-20T12:24:48.889+0000] {task_command.py:426} INFO - Running <TaskInstance: youtube_english_video_pipeline.upload_long_video_10 scheduled__2026-09-19T12:00:00+00:00 [running]> on host 73b18333cdfe
[2026-09-20T12:24:49.040+0000] {taskinstance.py:2648} INFO - Exporting env vars: AIRFLOW_CTX_DAG_OWNER='taky' AIRFLOW_CTX_DAG_ID='youtube_english_video_pipeline' AIRFLOW_CTX_TASK_ID='upload_long_video_10' AIRFLOW_CTX_EXECUTION_DATE='2026-09-19T12:00:00+00:00' AIRFLOW_CTX_TRY_NUMBER='1' AIRFLOW_CTX_DAG_RUN_ID='scheduled__2026-09-19T12:00:00+00:00'
[2026-09-20T12:24:49.041+0000] {taskinstance.py:430} INFO - ::endgroup::
[2026-09-20T12:24:49.216+0000] {__init__.py:49} INFO - file_cache is only supported with oauth2client<4.0.0
[2026-09-20T12:24:49.222+0000] {logging_mixin.py:188} INFO - 2026-09-20 12:24:49,222 | INFO     | uploader.youtube_uploader | Uploading video 'Travel English: 20 Essential Phrases for Your Next Trip | Taky's Language School' (/opt/airflow/output/videos/long_3538.mp4) to YouTube...
[2026-09-20T12:24:52.313+0000] {logging_mixin.py:188} INFO - 2026-09-20 12:24:52,313 | INFO     | uploader.youtube_uploader | Upload complete. YouTube video id = ScI-q5L60GQ
[2026-09-20T12:24:55.985+0000] {logging_mixin.py:188} INFO - 2026-09-20 12:24:55,985 | INFO     | uploader.youtube_uploader | Custom thumbnail uploaded.
[2026-09-20T12:24:56.008+0000] {python.py:237} INFO - Done. Returned value was: ScI-q5L60GQ
[2026-09-20T12:24:56.009+0000] {taskinstance.py:441} INFO - ::group::Post task execution logs
[2026-09-20T12:24:56.028+0000] {taskinstance.py:1206} INFO - Marking task as SUCCESS. dag_id=youtube_english_video_pipeline, task_id=upload_long_video_10, run_id=scheduled__2026-09-19T12:00:00+00:00, execution_date=20260919T120000, start_date=20260920T122448, end_date=20260920T122456
[2026-09-20T12:24:56.069+0000] {local_task_job_runner.py:243} INFO - Task exited with return code 0
[2026-09-20T12:24:56.080+0000] {taskinstance.py:3503} INFO - 0 downstream tasks scheduled from follow-on schedule check
[2026-09-20T12:24:56.083+0000] {local_task_job_runner.py:222} INFO - ::endgroup::
