[2026-07-22T13:14:44.790+0000] {local_task_job_runner.py:120} INFO - ::group::Pre task execution logs
[2026-07-22T13:14:44.835+0000] {taskinstance.py:2076} INFO - Dependencies all met for dep_context=non-requeueable deps ti=<TaskInstance: youtube_english_video_pipeline.build_short_video manual__2026-07-22T13:14:39+00:00 [queued]>
[2026-07-22T13:14:44.844+0000] {taskinstance.py:2076} INFO - Dependencies all met for dep_context=requeueable deps ti=<TaskInstance: youtube_english_video_pipeline.build_short_video manual__2026-07-22T13:14:39+00:00 [queued]>
[2026-07-22T13:14:44.845+0000] {taskinstance.py:2306} INFO - Starting attempt 1 of 3
[2026-07-22T13:14:44.858+0000] {taskinstance.py:2330} INFO - Executing <Task(PythonOperator): build_short_video> on 2026-07-22 13:14:39+00:00
[2026-07-22T13:14:44.862+0000] {standard_task_runner.py:64} INFO - Started process 9439 to run task
[2026-07-22T13:14:44.865+0000] {standard_task_runner.py:90} INFO - Running: ['airflow', 'tasks', 'run', 'youtube_english_video_pipeline', 'build_short_video', 'manual__2026-07-22T13:14:39+00:00', '--job-id', '43', '--raw', '--subdir', 'DAGS_FOLDER/youtube_pipeline.py', '--cfg-path', '/tmp/tmpx8l39wc8']
[2026-07-22T13:14:44.868+0000] {standard_task_runner.py:91} INFO - Job 43: Subtask build_short_video
[2026-07-22T13:14:44.964+0000] {task_command.py:426} INFO - Running <TaskInstance: youtube_english_video_pipeline.build_short_video manual__2026-07-22T13:14:39+00:00 [running]> on host 38df6585cc26
[2026-07-22T13:14:45.246+0000] {taskinstance.py:2648} INFO - Exporting env vars: AIRFLOW_CTX_DAG_OWNER='taky' AIRFLOW_CTX_DAG_ID='youtube_english_video_pipeline' AIRFLOW_CTX_TASK_ID='build_short_video' AIRFLOW_CTX_EXECUTION_DATE='2026-07-22T13:14:39+00:00' AIRFLOW_CTX_TRY_NUMBER='1' AIRFLOW_CTX_DAG_RUN_ID='manual__2026-07-22T13:14:39+00:00'
[2026-07-22T13:14:45.247+0000] {taskinstance.py:430} INFO - ::endgroup::
[2026-07-22T13:14:46.528+0000] {logging_mixin.py:188} INFO - 2026-07-22 13:14:46,528 | INFO     | planner.video_planner | Planned SHORT video: topic='Daily Conversation', phrases=1
[2026-07-22T13:14:47.172+0000] {logging_mixin.py:188} INFO - 2026-07-22 13:14:47,171 | INFO     | tts.edge_tts | Synthesized audio -> /opt/airflow/output/audio/phrase_28.mp3
[2026-07-22T13:14:47.584+0000] {logging_mixin.py:188} INFO - 2026-07-22 13:14:47,583 | INFO     | tts.edge_tts | Synthesized audio -> /opt/airflow/output/audio/example_28.mp3
[2026-07-22T13:14:48.550+0000] {logging_mixin.py:188} INFO - 2026-07-22 13:14:48,550 | INFO     | media.image_downloader | Downloaded background image for scene='party' -> /opt/airflow/output/images/short_28.jpg
[2026-07-22T13:14:48.557+0000] {logging_mixin.py:188} INFO - 2026-07-22 13:14:48,557 | INFO     | video.video_builder | Running ffmpeg: ffmpeg -y -i /opt/airflow/output/audio/phrase_28.mp3 -i /opt/airflow/output/audio/example_28.mp3 -filter_complex [0:a]apad=pad_dur=0.4[a0];[a0][1:a]concat=n=2:v=0:a=1[aout] -map [aout] /opt/airflow/output/videos/_tmp/short_28_raw.audio.mp3
[2026-07-22T13:14:49.226+0000] {logging_mixin.py:188} INFO - 2026-07-22 13:14:49,226 | INFO     | video.video_builder | Running ffmpeg: ffmpeg -y -loop 1 -i /opt/airflow/output/images/short_28.jpg -i /opt/airflow/output/videos/_tmp/short_28_raw.audio.mp3 -vf scale=1080:1920:force_original_aspect_ratio=increase,crop=1080:1920,drawtext=fontfile='/opt/airflow/assets/fonts/NotoSansJP-Bold.ttf':text='What do you do for a living?':fontcolor=FFFFFF:fontsize=72:x=(w-text_w)/2:y=(h*0.35):box=1:boxcolor=black@0.45:boxborderw=20,drawtext=fontfile='/opt/airflow/assets/fonts/NotoSansJP-Bold.ttf':text='It’s nice to meet you. What do you do for a living?':fontcolor=FFD54A:fontsize=43:x=(w-text_w)/2:y=(h*0.55):box=1:boxcolor=black@0.45:boxborderw=16 -c:v libx264 -tune stillimage -pix_fmt yuv420p -c:a aac -b:a 192k -shortest -r 30 /opt/airflow/output/videos/_tmp/short_28_raw.mp4
[2026-07-22T13:14:52.364+0000] {logging_mixin.py:188} INFO - 2026-07-22 13:14:52,364 | INFO     | media.subtitle_generator | Wrote subtitle file -> /opt/airflow/output/subtitles/short_28.srt
[2026-07-22T13:14:52.384+0000] {logging_mixin.py:188} INFO - 2026-07-22 13:14:52,384 | WARNING  | video.video_builder | BGM file not found at /opt/airflow/assets/bgm/short_bgm.mp3, rendering without background music
[2026-07-22T13:14:52.386+0000] {logging_mixin.py:188} INFO - 2026-07-22 13:14:52,386 | INFO     | video.video_builder | Running ffmpeg: ffmpeg -y -i /opt/airflow/output/videos/_tmp/short_28_raw.mp4 -vf subtitles='/opt/airflow/output/subtitles/short_28.srt' -c:v libx264 -pix_fmt yuv420p -c:a aac -b:a 192k /opt/airflow/output/videos/short_28.mp4
[2026-07-22T13:14:55.009+0000] {logging_mixin.py:188} INFO - 2026-07-22 13:14:55,008 | INFO     | video.video_builder | Final video rendered -> /opt/airflow/output/videos/short_28.mp4
[2026-07-22T13:15:01.545+0000] {python.py:237} INFO - Done. Returned value was: {'video_id': 5, 'file_path': '/opt/airflow/output/videos/short_28.mp4', 'title': 'How to Ask "What Is Your Job?" in English! 🗣️ #Shorts', 'description': 'Learn natural daily English conversation with Taky\'s Language School! 💬\n\nWhen meeting someone new, instead of asking "What is your job?", try using this common phrase:\n👉 "It\'s nice to meet you. What do you do for a living?"\n\n"What do you do for a living?" is a polite and natural way to ask someone about their job in real spoken English.\n\nSubscribe to Taky\'s Language School for quick, practical English tips every day!\n\n#LearnEnglish #EnglishShorts #SpeakEnglish #EnglishConversation #TakysLanguageSchool', 'tags': ['learn english', 'daily english conversation', 'what do you do for a living', 'english phrases', 'spoken english', 'takys language school', 'english for beginners', 'english speaking practice', 'english shorts', 'job english phrases'], 'video_type': 'short'}
[2026-07-22T13:15:01.546+0000] {taskinstance.py:441} INFO - ::group::Post task execution logs
[2026-07-22T13:15:01.578+0000] {taskinstance.py:1206} INFO - Marking task as SUCCESS. dag_id=youtube_english_video_pipeline, task_id=build_short_video, run_id=manual__2026-07-22T13:14:39+00:00, execution_date=20260722T131439, start_date=20260722T131444, end_date=20260722T131501
[2026-07-22T13:15:01.671+0000] {local_task_job_runner.py:243} INFO - Task exited with return code 0
[2026-07-22T13:15:01.709+0000] {taskinstance.py:3503} INFO - 1 downstream tasks scheduled from follow-on schedule check
[2026-07-22T13:15:01.713+0000] {local_task_job_runner.py:222} INFO - ::endgroup::
