[2026-08-20T00:18:58.154+0000] {local_task_job_runner.py:120} INFO - ::group::Pre task execution logs
[2026-08-20T00:18:58.229+0000] {taskinstance.py:2076} INFO - Dependencies all met for dep_context=non-requeueable deps ti=<TaskInstance: youtube_english_video_pipeline.upload_long_video_4 scheduled__2026-08-18T12:00:00+00:00 [queued]>
[2026-08-20T00:18:58.243+0000] {taskinstance.py:2076} INFO - Dependencies all met for dep_context=requeueable deps ti=<TaskInstance: youtube_english_video_pipeline.upload_long_video_4 scheduled__2026-08-18T12:00:00+00:00 [queued]>
[2026-08-20T00:18:58.245+0000] {taskinstance.py:2306} INFO - Starting attempt 1 of 3
[2026-08-20T00:18:58.266+0000] {taskinstance.py:2330} INFO - Executing <Task(PythonOperator): upload_long_video_4> on 2026-08-18 12:00:00+00:00
[2026-08-20T00:18:58.275+0000] {standard_task_runner.py:64} INFO - Started process 47519 to run task
[2026-08-20T00:18:58.280+0000] {standard_task_runner.py:90} INFO - Running: ['airflow', 'tasks', 'run', 'youtube_english_video_pipeline', 'upload_long_video_4', 'scheduled__2026-08-18T12:00:00+00:00', '--job-id', '823', '--raw', '--subdir', 'DAGS_FOLDER/youtube_pipeline.py', '--cfg-path', '/tmp/tmptxdwafvt']
[2026-08-20T00:18:58.285+0000] {standard_task_runner.py:91} INFO - Job 823: Subtask upload_long_video_4
[2026-08-20T00:18:58.411+0000] {task_command.py:426} INFO - Running <TaskInstance: youtube_english_video_pipeline.upload_long_video_4 scheduled__2026-08-18T12:00:00+00:00 [running]> on host cc859d74cf38
[2026-08-20T00:18:58.685+0000] {taskinstance.py:2648} INFO - Exporting env vars: AIRFLOW_CTX_DAG_OWNER='taky' AIRFLOW_CTX_DAG_ID='youtube_english_video_pipeline' AIRFLOW_CTX_TASK_ID='upload_long_video_4' AIRFLOW_CTX_EXECUTION_DATE='2026-08-18T12:00:00+00:00' AIRFLOW_CTX_TRY_NUMBER='1' AIRFLOW_CTX_DAG_RUN_ID='scheduled__2026-08-18T12:00:00+00:00'
[2026-08-20T00:18:58.686+0000] {taskinstance.py:430} INFO - ::endgroup::
[2026-08-20T00:18:59.222+0000] {__init__.py:49} INFO - file_cache is only supported with oauth2client<4.0.0
[2026-08-20T00:18:59.234+0000] {logging_mixin.py:188} INFO - 2026-08-20 00:18:59,234 | INFO     | uploader.youtube_uploader | Uploading video '20 Daily English Expressions | Mixed English Expressions' (/opt/airflow/output/videos/long_2069.mp4) to YouTube...
[2026-08-20T00:19:04.207+0000] {logging_mixin.py:188} INFO - 2026-08-20 00:19:04,207 | INFO     | uploader.youtube_uploader | Upload complete. YouTube video id = LNpvla5fuJ8
[2026-08-20T00:19:08.404+0000] {logging_mixin.py:188} INFO - 2026-08-20 00:19:08,404 | INFO     | uploader.youtube_uploader | Custom thumbnail uploaded.
[2026-08-20T00:19:08.418+0000] {python.py:237} INFO - Done. Returned value was: LNpvla5fuJ8
[2026-08-20T00:19:08.420+0000] {taskinstance.py:441} INFO - ::group::Post task execution logs
[2026-08-20T00:19:08.447+0000] {taskinstance.py:1206} INFO - Marking task as SUCCESS. dag_id=youtube_english_video_pipeline, task_id=upload_long_video_4, run_id=scheduled__2026-08-18T12:00:00+00:00, execution_date=20260818T120000, start_date=20260820T001858, end_date=20260820T001908
[2026-08-20T00:19:08.485+0000] {local_task_job_runner.py:243} INFO - Task exited with return code 0
[2026-08-20T00:19:08.649+0000] {taskinstance.py:3503} INFO - 1 downstream tasks scheduled from follow-on schedule check
[2026-08-20T00:19:08.654+0000] {local_task_job_runner.py:222} INFO - ::endgroup::
