[2026-07-25T01:36:28.930+0000] {local_task_job_runner.py:120} INFO - ::group::Pre task execution logs
[2026-07-25T01:36:29.560+0000] {taskinstance.py:2076} INFO - Dependencies all met for dep_context=non-requeueable deps ti=<TaskInstance: youtube_english_video_pipeline.build_short_video manual__2026-07-25T01:35:54.822520+00:00 [queued]>
[2026-07-25T01:36:29.630+0000] {taskinstance.py:2076} INFO - Dependencies all met for dep_context=requeueable deps ti=<TaskInstance: youtube_english_video_pipeline.build_short_video manual__2026-07-25T01:35:54.822520+00:00 [queued]>
[2026-07-25T01:36:29.887+0000] {taskinstance.py:2306} INFO - Starting attempt 1 of 3
[2026-07-25T01:36:30.029+0000] {taskinstance.py:2330} INFO - Executing <Task(PythonOperator): build_short_video> on 2026-07-25 01:35:54.822520+00:00
[2026-07-25T01:36:30.111+0000] {standard_task_runner.py:64} INFO - Started process 839 to run task
[2026-07-25T01:36:30.117+0000] {standard_task_runner.py:90} INFO - Running: ['airflow', 'tasks', 'run', 'youtube_english_video_pipeline', 'build_short_video', 'manual__2026-07-25T01:35:54.822520+00:00', '--job-id', '111', '--raw', '--subdir', 'DAGS_FOLDER/youtube_pipeline.py', '--cfg-path', '/tmp/tmppcbrvfox']
[2026-07-25T01:36:30.169+0000] {standard_task_runner.py:91} INFO - Job 111: Subtask build_short_video
[2026-07-25T01:36:30.365+0000] {task_command.py:426} INFO - Running <TaskInstance: youtube_english_video_pipeline.build_short_video manual__2026-07-25T01:35:54.822520+00:00 [running]> on host 654b8331d764
[2026-07-25T01:36:30.709+0000] {taskinstance.py:2648} INFO - Exporting env vars: AIRFLOW_CTX_DAG_OWNER='taky' AIRFLOW_CTX_DAG_ID='youtube_english_video_pipeline' AIRFLOW_CTX_TASK_ID='build_short_video' AIRFLOW_CTX_EXECUTION_DATE='2026-07-25T01:35:54.822520+00:00' AIRFLOW_CTX_TRY_NUMBER='1' AIRFLOW_CTX_DAG_RUN_ID='manual__2026-07-25T01:35:54.822520+00:00'
[2026-07-25T01:36:30.742+0000] {taskinstance.py:430} INFO - ::endgroup::
[2026-07-25T01:37:05.948+0000] {logging_mixin.py:188} INFO - 2026-07-25 01:37:05,948 | INFO     | planner.video_planner | Planned SHORT video: topic='Hotel English', phrases=1
[2026-07-25T01:37:08.879+0000] {logging_mixin.py:188} INFO - 2026-07-25 01:37:08,879 | INFO     | tts.edge_tts | Synthesized audio -> /opt/airflow/output/audio/phrase_74.mp3
[2026-07-25T01:37:09.934+0000] {logging_mixin.py:188} INFO - 2026-07-25 01:37:09,934 | INFO     | tts.edge_tts | Synthesized audio -> /opt/airflow/output/audio/example_74.mp3
[2026-07-25T01:37:14.821+0000] {logging_mixin.py:188} INFO - 2026-07-25 01:37:14,821 | INFO     | media.image_downloader | Optimized background image short_74.jpg: 2333x3500 -> 1440x2160
[2026-07-25T01:37:14.841+0000] {logging_mixin.py:188} INFO - 2026-07-25 01:37:14,841 | INFO     | media.image_downloader | Downloaded and optimized background image for scene='reception' -> /opt/airflow/output/images/short_74.jpg
[2026-07-25T01:37:14.874+0000] {logging_mixin.py:188} INFO - 2026-07-25 01:37:14,874 | INFO     | video.video_builder | Running ffmpeg: ffmpeg -y -i /opt/airflow/output/audio/phrase_74.mp3 -i /opt/airflow/output/audio/example_74.mp3 -filter_complex [0:a]apad=pad_dur=0.4[a0];[a0][1:a]concat=n=2:v=0:a=1[aout] -map [aout] /opt/airflow/output/videos/_tmp/short_74_raw.audio.mp3
[2026-07-25T01:37:15.848+0000] {logging_mixin.py:188} INFO - 2026-07-25 01:37:15,848 | INFO     | video.video_builder | Running ffmpeg: ffmpeg -y -loop 1 -i /opt/airflow/output/images/short_74.jpg -i /opt/airflow/output/videos/_tmp/short_74_raw.audio.mp3 -vf scale=1080:1920:force_original_aspect_ratio=increase,crop=1080:1920,drawtext=fontfile='/opt/airflow/assets/fonts/NotoSansJP-Bold.ttf':text='Could I get a late\ncheckout?':fontcolor=FFFFFF:fontsize=88:x=(w-text_w)/2:y=(h*0.16):line_spacing=12:box=1:boxcolor=black@0.45:boxborderw=20,drawtext=fontfile='/opt/airflow/assets/fonts/NotoSansJP-Bold.ttf':text='My flight doesn’t leave\nuntil 5 PM. Could I get\na late checkout?':fontcolor=FFD54A:fontsize=79:x=(w-text_w)/2:y=(h-text_h)/2+((h*0.15)):line_spacing=16:box=1:boxcolor=black@0.55:boxborderw=24 -c:v libx264 -preset medium -crf 20 -tune stillimage -pix_fmt yuv420p -c:a aac -b:a 192k -shortest -r 30 /opt/airflow/output/videos/_tmp/short_74_raw.mp4
[2026-07-25T01:39:41.405+0000] {logging_mixin.py:188} INFO - 2026-07-25 01:39:41,404 | WARNING  | video.video_builder | BGM file not found at /opt/airflow/assets/bgm/short_bgm.mp3, rendering without background music
[2026-07-25T01:39:41.433+0000] {logging_mixin.py:188} INFO - 2026-07-25 01:39:41,432 | INFO     | video.video_builder | Running ffmpeg: ffmpeg -y -i /opt/airflow/output/videos/_tmp/short_74_raw.mp4 -c:v libx264 -preset medium -crf 20 -pix_fmt yuv420p -c:a aac -b:a 192k /opt/airflow/output/videos/short_74.mp4
[2026-07-25T01:39:47.744+0000] {logging_mixin.py:188} INFO - 2026-07-25 01:39:47,744 | INFO     | video.video_builder | Final video rendered -> /opt/airflow/output/videos/short_74.mp4
[2026-07-25T01:39:56.658+0000] {python.py:237} INFO - Done. Returned value was: {'video_id': 21, 'file_path': '/opt/airflow/output/videos/short_74.mp4', 'title': 'Hotel English: How to Ask for a Late Checkout! 🏨 #shorts', 'description': 'Need to stay longer at your hotel? Learn how to ask for a late checkout naturally in English!\n\nIn this lesson from Taky\'s Language School, practice this essential travel phrase:\n👉 "My flight doesn\'t leave until 5 PM. Could I get a late checkout?"\n\nMaster practical spoken English for travel and hotel stays!\n\n🔔 Subscribe to Taky\'s Language School for quick, daily English tips!\n\n#HotelEnglish #LearnEnglish #EnglishPhrases #TravelEnglish #TakysLanguageSchool #Shorts', 'tags': ['hotel english', 'how to ask for late checkout', 'english for travel', 'learn english', 'spoken english', 'takys language school', 'english phrases', 'travel english conversation', 'english speaking practice', 'shorts'], 'video_type': 'short'}
[2026-07-25T01:39:56.983+0000] {taskinstance.py:441} INFO - ::group::Post task execution logs
[2026-07-25T01:39:57.112+0000] {taskinstance.py:1206} INFO - Marking task as SUCCESS. dag_id=youtube_english_video_pipeline, task_id=build_short_video, run_id=manual__2026-07-25T01:35:54.822520+00:00, execution_date=20260725T013554, start_date=20260725T013629, end_date=20260725T013957
[2026-07-25T01:39:57.842+0000] {local_task_job_runner.py:243} INFO - Task exited with return code 0
[2026-07-25T01:39:57.960+0000] {taskinstance.py:3503} INFO - 1 downstream tasks scheduled from follow-on schedule check
[2026-07-25T01:39:58.044+0000] {local_task_job_runner.py:222} INFO - ::endgroup::
