[2026-09-22T00:46:36.141+0000] {local_task_job_runner.py:120} INFO - ::group::Pre task execution logs
[2026-09-22T00:46:36.183+0000] {taskinstance.py:2076} INFO - Dependencies all met for dep_context=non-requeueable deps ti=<TaskInstance: youtube_english_video_pipeline.build_short_video_1 manual__2026-09-22T00:11:03.570129+00:00 [queued]>
[2026-09-22T00:46:36.192+0000] {taskinstance.py:2076} INFO - Dependencies all met for dep_context=requeueable deps ti=<TaskInstance: youtube_english_video_pipeline.build_short_video_1 manual__2026-09-22T00:11:03.570129+00:00 [queued]>
[2026-09-22T00:46:36.193+0000] {taskinstance.py:2306} INFO - Starting attempt 1 of 3
[2026-09-22T00:46:36.206+0000] {taskinstance.py:2330} INFO - Executing <Task(PythonOperator): build_short_video_1> on 2026-09-22 00:11:03.570129+00:00
[2026-09-22T00:46:36.211+0000] {standard_task_runner.py:64} INFO - Started process 33883 to run task
[2026-09-22T00:46:36.215+0000] {standard_task_runner.py:90} INFO - Running: ['airflow', 'tasks', 'run', 'youtube_english_video_pipeline', 'build_short_video_1', 'manual__2026-09-22T00:11:03.570129+00:00', '--job-id', '1513', '--raw', '--subdir', 'DAGS_FOLDER/youtube_pipeline.py', '--cfg-path', '/tmp/tmpv13zsa8d']
[2026-09-22T00:46:36.218+0000] {standard_task_runner.py:91} INFO - Job 1513: Subtask build_short_video_1
[2026-09-22T00:46:36.274+0000] {task_command.py:426} INFO - Running <TaskInstance: youtube_english_video_pipeline.build_short_video_1 manual__2026-09-22T00:11:03.570129+00:00 [running]> on host 73b18333cdfe
[2026-09-22T00:46:36.535+0000] {taskinstance.py:2648} INFO - Exporting env vars: AIRFLOW_CTX_DAG_OWNER='taky' AIRFLOW_CTX_DAG_ID='youtube_english_video_pipeline' AIRFLOW_CTX_TASK_ID='build_short_video_1' AIRFLOW_CTX_EXECUTION_DATE='2026-09-22T00:11:03.570129+00:00' AIRFLOW_CTX_TRY_NUMBER='1' AIRFLOW_CTX_DAG_RUN_ID='manual__2026-09-22T00:11:03.570129+00:00'
[2026-09-22T00:46:36.537+0000] {taskinstance.py:430} INFO - ::endgroup::
[2026-09-22T00:46:37.439+0000] {logging_mixin.py:188} INFO - 2026-09-22 00:46:37,438 | INFO     | planner.video_planner | Planned SHORT video: topic='General English', phrases=1
[2026-09-22T00:46:37.758+0000] {logging_mixin.py:188} INFO - 2026-09-22 00:46:37,758 | INFO     | tts.edge_tts | Synthesized audio -> /opt/airflow/output/audio/phrase_3566.mp3
[2026-09-22T00:46:38.045+0000] {logging_mixin.py:188} INFO - 2026-09-22 00:46:38,045 | INFO     | tts.edge_tts | Synthesized audio -> /opt/airflow/output/audio/example_3566.mp3
[2026-09-22T00:46:38.790+0000] {logging_mixin.py:188} INFO - 2026-09-22 00:46:38,790 | INFO     | media.image_downloader | Downloaded background image for scene='gratitude' -> /opt/airflow/output/images/short_3566.jpg
[2026-09-22T00:46:41.774+0000] {logging_mixin.py:188} INFO - 2026-09-22 00:46:41,773 | WARNING  | video.video_builder | BGM file not found at /opt/airflow/assets/bgm/short_bgm.mp3, rendering without background music
[2026-09-22T00:46:43.189+0000] {logging_mixin.py:188} INFO - 2026-09-22 00:46:43,188 | INFO     | video.video_builder | Final video rendered -> /opt/airflow/output/videos/short_3566.mp4
[2026-09-22T00:46:46.542+0000] {logging_mixin.py:188} INFO - 2026-09-22 00:46:46,542 | WARNING  | generators.metadata_generator | ng_ok_pair 'ok' did not match any taught phrase, discarding: 'Thanks for your help'
[2026-09-22T00:46:46.618+0000] {python.py:237} INFO - Done. Returned value was: {'video_id': 464, 'file_path': '/opt/airflow/output/videos/short_3566.mp4', 'title': "General English: Stop Saying 'Thank You' Like a Textbook", 'description': "General English: Learn how to sound more natural when expressing gratitude in daily life. In this quick lesson, we move beyond basic textbook phrases and teach you how to use 'Thanks for your help' and 'You really saved me' to sound like a native speaker. Perfect for Japanese speakers looking to improve their spoken English fluidity and confidence in everyday social situations. Subscribe to Taky's Language School for more practical tips to help you stop sounding robotic and start speaking with ease.", 'tags': ['English for Japanese speakers', 'General English', 'Spoken English', 'Natural English', 'English conversation', 'Learn English', "Taky's Language School", 'English phrases', 'Improve English speaking'], 'video_type': 'short'}
[2026-09-22T00:46:46.620+0000] {taskinstance.py:441} INFO - ::group::Post task execution logs
[2026-09-22T00:46:46.669+0000] {taskinstance.py:1206} INFO - Marking task as SUCCESS. dag_id=youtube_english_video_pipeline, task_id=build_short_video_1, run_id=manual__2026-09-22T00:11:03.570129+00:00, execution_date=20260922T001103, start_date=20260922T004636, end_date=20260922T004646
[2026-09-22T00:46:46.734+0000] {local_task_job_runner.py:243} INFO - Task exited with return code 0
[2026-09-22T00:46:46.972+0000] {taskinstance.py:3503} INFO - 1 downstream tasks scheduled from follow-on schedule check
[2026-09-22T00:46:46.978+0000] {local_task_job_runner.py:222} INFO - ::endgroup::
