[2026-07-24T00:18:53.783+0000] {local_task_job_runner.py:120} INFO - ::group::Pre task execution logs
[2026-07-24T00:18:53.925+0000] {taskinstance.py:2076} INFO - Dependencies all met for dep_context=non-requeueable deps ti=<TaskInstance: youtube_english_video_pipeline.upload_short_video manual__2026-07-24T00:16:16.192686+00:00 [queued]>
[2026-07-24T00:18:53.957+0000] {taskinstance.py:2076} INFO - Dependencies all met for dep_context=requeueable deps ti=<TaskInstance: youtube_english_video_pipeline.upload_short_video manual__2026-07-24T00:16:16.192686+00:00 [queued]>
[2026-07-24T00:18:53.968+0000] {taskinstance.py:2306} INFO - Starting attempt 1 of 3
[2026-07-24T00:18:54.012+0000] {taskinstance.py:2330} INFO - Executing <Task(PythonOperator): upload_short_video> on 2026-07-24 00:16:16.192686+00:00
[2026-07-24T00:18:54.041+0000] {standard_task_runner.py:64} INFO - Started process 648 to run task
[2026-07-24T00:18:54.046+0000] {standard_task_runner.py:90} INFO - Running: ['airflow', 'tasks', 'run', 'youtube_english_video_pipeline', 'upload_short_video', 'manual__2026-07-24T00:16:16.192686+00:00', '--job-id', '82', '--raw', '--subdir', 'DAGS_FOLDER/youtube_pipeline.py', '--cfg-path', '/tmp/tmp8otg2f_e']
[2026-07-24T00:18:54.130+0000] {standard_task_runner.py:91} INFO - Job 82: Subtask upload_short_video
[2026-07-24T00:18:54.754+0000] {task_command.py:426} INFO - Running <TaskInstance: youtube_english_video_pipeline.upload_short_video manual__2026-07-24T00:16:16.192686+00:00 [running]> on host c5a4498ba4b2
[2026-07-24T00:18:55.205+0000] {taskinstance.py:2648} INFO - Exporting env vars: AIRFLOW_CTX_DAG_OWNER='taky' AIRFLOW_CTX_DAG_ID='youtube_english_video_pipeline' AIRFLOW_CTX_TASK_ID='upload_short_video' AIRFLOW_CTX_EXECUTION_DATE='2026-07-24T00:16:16.192686+00:00' AIRFLOW_CTX_TRY_NUMBER='1' AIRFLOW_CTX_DAG_RUN_ID='manual__2026-07-24T00:16:16.192686+00:00'
[2026-07-24T00:18:55.209+0000] {taskinstance.py:430} INFO - ::endgroup::
[2026-07-24T00:19:02.410+0000] {__init__.py:49} INFO - file_cache is only supported with oauth2client<4.0.0
[2026-07-24T00:19:02.555+0000] {logging_mixin.py:188} INFO - 2026-07-24 00:19:02,554 | INFO     | uploader.youtube_uploader | Uploading video 'How to Ask About Breakfast at a Hotel 🏨 | Hotel English #Shorts' (/opt/airflow/output/videos/short_65.mp4) to YouTube...
[2026-07-24T00:19:15.557+0000] {logging_mixin.py:188} INFO - 2026-07-24 00:19:15,557 | INFO     | uploader.youtube_uploader | Upload complete. YouTube video id = hRiEGzx5AJw
[2026-07-24T00:19:15.639+0000] {python.py:237} INFO - Done. Returned value was: hRiEGzx5AJw
[2026-07-24T00:19:15.663+0000] {taskinstance.py:441} INFO - ::group::Post task execution logs
[2026-07-24T00:19:15.759+0000] {taskinstance.py:1206} INFO - Marking task as SUCCESS. dag_id=youtube_english_video_pipeline, task_id=upload_short_video, run_id=manual__2026-07-24T00:16:16.192686+00:00, execution_date=20260724T001616, start_date=20260724T001853, end_date=20260724T001915
[2026-07-24T00:19:15.861+0000] {local_task_job_runner.py:243} INFO - Task exited with return code 0
[2026-07-24T00:19:15.976+0000] {taskinstance.py:3503} INFO - 0 downstream tasks scheduled from follow-on schedule check
[2026-07-24T00:19:16.000+0000] {local_task_job_runner.py:222} INFO - ::endgroup::
