[2026-08-22T06:38:53.744+0000] {local_task_job_runner.py:120} INFO - ::group::Pre task execution logs
[2026-08-22T06:38:53.781+0000] {taskinstance.py:2076} INFO - Dependencies all met for dep_context=non-requeueable deps ti=<TaskInstance: youtube_english_video_pipeline.upload_short_video_2 manual__2026-08-20T23:20:20.409177+00:00 [queued]>
[2026-08-22T06:38:53.789+0000] {taskinstance.py:2076} INFO - Dependencies all met for dep_context=requeueable deps ti=<TaskInstance: youtube_english_video_pipeline.upload_short_video_2 manual__2026-08-20T23:20:20.409177+00:00 [queued]>
[2026-08-22T06:38:53.791+0000] {taskinstance.py:2306} INFO - Starting attempt 1 of 3
[2026-08-22T06:38:53.806+0000] {taskinstance.py:2330} INFO - Executing <Task(PythonOperator): upload_short_video_2> on 2026-08-20 23:20:20.409177+00:00
[2026-08-22T06:38:53.812+0000] {standard_task_runner.py:64} INFO - Started process 55985 to run task
[2026-08-22T06:38:53.815+0000] {standard_task_runner.py:90} INFO - Running: ['airflow', 'tasks', 'run', 'youtube_english_video_pipeline', 'upload_short_video_2', 'manual__2026-08-20T23:20:20.409177+00:00', '--job-id', '844', '--raw', '--subdir', 'DAGS_FOLDER/youtube_pipeline.py', '--cfg-path', '/tmp/tmpqv_kon28']
[2026-08-22T06:38:53.818+0000] {standard_task_runner.py:91} INFO - Job 844: Subtask upload_short_video_2
[2026-08-22T06:38:53.899+0000] {task_command.py:426} INFO - Running <TaskInstance: youtube_english_video_pipeline.upload_short_video_2 manual__2026-08-20T23:20:20.409177+00:00 [running]> on host cc859d74cf38
[2026-08-22T06:38:54.156+0000] {taskinstance.py:2648} INFO - Exporting env vars: AIRFLOW_CTX_DAG_OWNER='taky' AIRFLOW_CTX_DAG_ID='youtube_english_video_pipeline' AIRFLOW_CTX_TASK_ID='upload_short_video_2' AIRFLOW_CTX_EXECUTION_DATE='2026-08-20T23:20:20.409177+00:00' AIRFLOW_CTX_TRY_NUMBER='1' AIRFLOW_CTX_DAG_RUN_ID='manual__2026-08-20T23:20:20.409177+00:00'
[2026-08-22T06:38:54.158+0000] {taskinstance.py:430} INFO - ::endgroup::
[2026-08-22T06:38:54.514+0000] {__init__.py:49} INFO - file_cache is only supported with oauth2client<4.0.0
[2026-08-22T06:38:54.527+0000] {logging_mixin.py:188} INFO - 2026-08-22 06:38:54,527 | INFO     | uploader.youtube_uploader | Uploading video 'Daily English Phrase | Hotel English' (/opt/airflow/output/videos/short_2147.mp4) to YouTube...
[2026-08-22T06:38:57.023+0000] {logging_mixin.py:188} INFO - 2026-08-22 06:38:57,023 | INFO     | uploader.youtube_uploader | Upload complete. YouTube video id = _W8wC2OVZoA
[2026-08-22T06:38:57.047+0000] {python.py:237} INFO - Done. Returned value was: _W8wC2OVZoA
[2026-08-22T06:38:57.052+0000] {taskinstance.py:441} INFO - ::group::Post task execution logs
[2026-08-22T06:38:57.081+0000] {taskinstance.py:1206} INFO - Marking task as SUCCESS. dag_id=youtube_english_video_pipeline, task_id=upload_short_video_2, run_id=manual__2026-08-20T23:20:20.409177+00:00, execution_date=20260820T232020, start_date=20260822T063853, end_date=20260822T063857
[2026-08-22T06:38:57.123+0000] {local_task_job_runner.py:243} INFO - Task exited with return code 0
[2026-08-22T06:38:57.296+0000] {taskinstance.py:3503} INFO - 1 downstream tasks scheduled from follow-on schedule check
[2026-08-22T06:38:57.302+0000] {local_task_job_runner.py:222} INFO - ::endgroup::
