[2026-09-05T00:39:18.673+0000] {local_task_job_runner.py:120} INFO - ::group::Pre task execution logs
[2026-09-05T00:39:18.720+0000] {taskinstance.py:2076} INFO - Dependencies all met for dep_context=non-requeueable deps ti=<TaskInstance: youtube_english_video_pipeline.upload_long_video_2 scheduled__2026-08-26T12:00:00+00:00 [queued]>
[2026-09-05T00:39:18.732+0000] {taskinstance.py:2076} INFO - Dependencies all met for dep_context=requeueable deps ti=<TaskInstance: youtube_english_video_pipeline.upload_long_video_2 scheduled__2026-08-26T12:00:00+00:00 [queued]>
[2026-09-05T00:39:18.734+0000] {taskinstance.py:2306} INFO - Starting attempt 1 of 3
[2026-09-05T00:39:18.753+0000] {taskinstance.py:2330} INFO - Executing <Task(PythonOperator): upload_long_video_2> on 2026-08-26 12:00:00+00:00
[2026-09-05T00:39:18.758+0000] {standard_task_runner.py:64} INFO - Started process 5737 to run task
[2026-09-05T00:39:18.762+0000] {standard_task_runner.py:90} INFO - Running: ['airflow', 'tasks', 'run', 'youtube_english_video_pipeline', 'upload_long_video_2', 'scheduled__2026-08-26T12:00:00+00:00', '--job-id', '940', '--raw', '--subdir', 'DAGS_FOLDER/youtube_pipeline.py', '--cfg-path', '/tmp/tmpujx0n02j']
[2026-09-05T00:39:18.765+0000] {standard_task_runner.py:91} INFO - Job 940: Subtask upload_long_video_2
[2026-09-05T00:39:18.865+0000] {task_command.py:426} INFO - Running <TaskInstance: youtube_english_video_pipeline.upload_long_video_2 scheduled__2026-08-26T12:00:00+00:00 [running]> on host cc859d74cf38
[2026-09-05T00:39:19.131+0000] {taskinstance.py:2648} INFO - Exporting env vars: AIRFLOW_CTX_DAG_OWNER='taky' AIRFLOW_CTX_DAG_ID='youtube_english_video_pipeline' AIRFLOW_CTX_TASK_ID='upload_long_video_2' AIRFLOW_CTX_EXECUTION_DATE='2026-08-26T12:00:00+00:00' AIRFLOW_CTX_TRY_NUMBER='1' AIRFLOW_CTX_DAG_RUN_ID='scheduled__2026-08-26T12:00:00+00:00'
[2026-09-05T00:39:19.132+0000] {taskinstance.py:430} INFO - ::endgroup::
[2026-09-05T00:39:19.578+0000] {__init__.py:49} INFO - file_cache is only supported with oauth2client<4.0.0
[2026-09-05T00:39:19.589+0000] {logging_mixin.py:188} INFO - 2026-09-05 00:39:19,589 | INFO     | uploader.youtube_uploader | Uploading video '15 Daily English Expressions | Travel English' (/opt/airflow/output/videos/long_2433.mp4) to YouTube...
[2026-09-05T00:39:24.471+0000] {logging_mixin.py:188} INFO - 2026-09-05 00:39:24,471 | INFO     | uploader.youtube_uploader | Upload complete. YouTube video id = gD6YVDI_obg
[2026-09-05T00:39:28.310+0000] {logging_mixin.py:188} INFO - 2026-09-05 00:39:28,310 | INFO     | uploader.youtube_uploader | Custom thumbnail uploaded.
[2026-09-05T00:39:28.325+0000] {python.py:237} INFO - Done. Returned value was: gD6YVDI_obg
[2026-09-05T00:39:28.326+0000] {taskinstance.py:441} INFO - ::group::Post task execution logs
[2026-09-05T00:39:28.358+0000] {taskinstance.py:1206} INFO - Marking task as SUCCESS. dag_id=youtube_english_video_pipeline, task_id=upload_long_video_2, run_id=scheduled__2026-08-26T12:00:00+00:00, execution_date=20260826T120000, start_date=20260905T003918, end_date=20260905T003928
[2026-09-05T00:39:28.405+0000] {local_task_job_runner.py:243} INFO - Task exited with return code 0
[2026-09-05T00:39:28.622+0000] {taskinstance.py:3503} INFO - 1 downstream tasks scheduled from follow-on schedule check
[2026-09-05T00:39:28.628+0000] {local_task_job_runner.py:222} INFO - ::endgroup::
