[2026-09-20T12:15:38.269+0000] {local_task_job_runner.py:120} INFO - ::group::Pre task execution logs
[2026-09-20T12:15:38.298+0000] {taskinstance.py:2076} INFO - Dependencies all met for dep_context=non-requeueable deps ti=<TaskInstance: youtube_english_video_pipeline.upload_short_video_7 scheduled__2026-09-19T12:00:00+00:00 [queued]>
[2026-09-20T12:15:38.305+0000] {taskinstance.py:2076} INFO - Dependencies all met for dep_context=requeueable deps ti=<TaskInstance: youtube_english_video_pipeline.upload_short_video_7 scheduled__2026-09-19T12:00:00+00:00 [queued]>
[2026-09-20T12:15:38.306+0000] {taskinstance.py:2306} INFO - Starting attempt 1 of 3
[2026-09-20T12:15:38.316+0000] {taskinstance.py:2330} INFO - Executing <Task(PythonOperator): upload_short_video_7> on 2026-09-19 12:00:00+00:00
[2026-09-20T12:15:38.320+0000] {standard_task_runner.py:64} INFO - Started process 85788 to run task
[2026-09-20T12:15:38.322+0000] {standard_task_runner.py:90} INFO - Running: ['airflow', 'tasks', 'run', 'youtube_english_video_pipeline', 'upload_short_video_7', 'scheduled__2026-09-19T12:00:00+00:00', '--job-id', '1394', '--raw', '--subdir', 'DAGS_FOLDER/youtube_pipeline.py', '--cfg-path', '/tmp/tmpejyllq3n']
[2026-09-20T12:15:38.324+0000] {standard_task_runner.py:91} INFO - Job 1394: Subtask upload_short_video_7
[2026-09-20T12:15:38.363+0000] {task_command.py:426} INFO - Running <TaskInstance: youtube_english_video_pipeline.upload_short_video_7 scheduled__2026-09-19T12:00:00+00:00 [running]> on host 73b18333cdfe
[2026-09-20T12:15:38.514+0000] {taskinstance.py:2648} INFO - Exporting env vars: AIRFLOW_CTX_DAG_OWNER='taky' AIRFLOW_CTX_DAG_ID='youtube_english_video_pipeline' AIRFLOW_CTX_TASK_ID='upload_short_video_7' AIRFLOW_CTX_EXECUTION_DATE='2026-09-19T12:00:00+00:00' AIRFLOW_CTX_TRY_NUMBER='1' AIRFLOW_CTX_DAG_RUN_ID='scheduled__2026-09-19T12:00:00+00:00'
[2026-09-20T12:15:38.515+0000] {taskinstance.py:430} INFO - ::endgroup::
[2026-09-20T12:15:38.812+0000] {__init__.py:49} INFO - file_cache is only supported with oauth2client<4.0.0
[2026-09-20T12:15:38.817+0000] {logging_mixin.py:188} INFO - 2026-09-20 12:15:38,817 | INFO     | uploader.youtube_uploader | Uploading video 'Hotel English: How to ask for Checkout time | Taky's Language School' (/opt/airflow/output/videos/short_3405.mp4) to YouTube...
[2026-09-20T12:15:40.980+0000] {logging_mixin.py:188} INFO - 2026-09-20 12:15:40,980 | INFO     | uploader.youtube_uploader | Upload complete. YouTube video id = G_0C9cd4KTU
[2026-09-20T12:15:40.994+0000] {python.py:237} INFO - Done. Returned value was: G_0C9cd4KTU
[2026-09-20T12:15:40.997+0000] {taskinstance.py:441} INFO - ::group::Post task execution logs
[2026-09-20T12:15:41.017+0000] {taskinstance.py:1206} INFO - Marking task as SUCCESS. dag_id=youtube_english_video_pipeline, task_id=upload_short_video_7, run_id=scheduled__2026-09-19T12:00:00+00:00, execution_date=20260919T120000, start_date=20260920T121538, end_date=20260920T121541
[2026-09-20T12:15:41.069+0000] {local_task_job_runner.py:243} INFO - Task exited with return code 0
[2026-09-20T12:15:41.183+0000] {taskinstance.py:3503} INFO - 1 downstream tasks scheduled from follow-on schedule check
[2026-09-20T12:15:41.187+0000] {local_task_job_runner.py:222} INFO - ::endgroup::
