[2026-07-28T12:45:37.890+0000] {local_task_job_runner.py:120} INFO - ::group::Pre task execution logs
[2026-07-28T12:45:37.925+0000] {taskinstance.py:2076} INFO - Dependencies all met for dep_context=non-requeueable deps ti=<TaskInstance: youtube_english_video_pipeline.upload_long_video_4 scheduled__2026-07-27T12:00:00+00:00 [queued]>
[2026-07-28T12:45:37.935+0000] {taskinstance.py:2076} INFO - Dependencies all met for dep_context=requeueable deps ti=<TaskInstance: youtube_english_video_pipeline.upload_long_video_4 scheduled__2026-07-27T12:00:00+00:00 [queued]>
[2026-07-28T12:45:37.937+0000] {taskinstance.py:2306} INFO - Starting attempt 1 of 3
[2026-07-28T12:45:37.953+0000] {taskinstance.py:2330} INFO - Executing <Task(PythonOperator): upload_long_video_4> on 2026-07-27 12:00:00+00:00
[2026-07-28T12:45:37.958+0000] {standard_task_runner.py:64} INFO - Started process 20843 to run task
[2026-07-28T12:45:37.961+0000] {standard_task_runner.py:90} INFO - Running: ['airflow', 'tasks', 'run', 'youtube_english_video_pipeline', 'upload_long_video_4', 'scheduled__2026-07-27T12:00:00+00:00', '--job-id', '506', '--raw', '--subdir', 'DAGS_FOLDER/youtube_pipeline.py', '--cfg-path', '/tmp/tmp9qwblsv7']
[2026-07-28T12:45:37.964+0000] {standard_task_runner.py:91} INFO - Job 506: Subtask upload_long_video_4
[2026-07-28T12:45:38.048+0000] {task_command.py:426} INFO - Running <TaskInstance: youtube_english_video_pipeline.upload_long_video_4 scheduled__2026-07-27T12:00:00+00:00 [running]> on host cc859d74cf38
[2026-07-28T12:45:38.340+0000] {taskinstance.py:2648} INFO - Exporting env vars: AIRFLOW_CTX_DAG_OWNER='taky' AIRFLOW_CTX_DAG_ID='youtube_english_video_pipeline' AIRFLOW_CTX_TASK_ID='upload_long_video_4' AIRFLOW_CTX_EXECUTION_DATE='2026-07-27T12:00:00+00:00' AIRFLOW_CTX_TRY_NUMBER='1' AIRFLOW_CTX_DAG_RUN_ID='scheduled__2026-07-27T12:00:00+00:00'
[2026-07-28T12:45:38.342+0000] {taskinstance.py:430} INFO - ::endgroup::
[2026-07-28T12:45:38.682+0000] {__init__.py:49} INFO - file_cache is only supported with oauth2client<4.0.0
[2026-07-28T12:45:38.693+0000] {logging_mixin.py:188} INFO - 2026-07-28 12:45:38,693 | INFO     | uploader.youtube_uploader | Uploading video '20 Essential English Expressions for Everyday Life | Spoken English Practice' (/opt/airflow/output/videos/long_1109.mp4) to YouTube...
[2026-07-28T12:45:45.771+0000] {logging_mixin.py:188} INFO - 2026-07-28 12:45:45,771 | INFO     | uploader.youtube_uploader | Upload complete. YouTube video id = RUX6PqLNkKQ
[2026-07-28T12:45:49.777+0000] {logging_mixin.py:188} INFO - 2026-07-28 12:45:49,777 | INFO     | uploader.youtube_uploader | Custom thumbnail uploaded.
[2026-07-28T12:45:49.793+0000] {python.py:237} INFO - Done. Returned value was: RUX6PqLNkKQ
[2026-07-28T12:45:49.795+0000] {taskinstance.py:441} INFO - ::group::Post task execution logs
[2026-07-28T12:45:49.832+0000] {taskinstance.py:1206} INFO - Marking task as SUCCESS. dag_id=youtube_english_video_pipeline, task_id=upload_long_video_4, run_id=scheduled__2026-07-27T12:00:00+00:00, execution_date=20260727T120000, start_date=20260728T124537, end_date=20260728T124549
[2026-07-28T12:45:49.896+0000] {local_task_job_runner.py:243} INFO - Task exited with return code 0
[2026-07-28T12:45:50.102+0000] {taskinstance.py:3503} INFO - 1 downstream tasks scheduled from follow-on schedule check
[2026-07-28T12:45:50.108+0000] {local_task_job_runner.py:222} INFO - ::endgroup::
