[2026-09-20T12:00:01.851+0000] {local_task_job_runner.py:120} INFO - ::group::Pre task execution logs
[2026-09-20T12:00:01.875+0000] {taskinstance.py:2076} INFO - Dependencies all met for dep_context=non-requeueable deps ti=<TaskInstance: youtube_english_video_pipeline.build_short_video_1 scheduled__2026-09-19T12:00:00+00:00 [queued]>
[2026-09-20T12:00:01.881+0000] {taskinstance.py:2076} INFO - Dependencies all met for dep_context=requeueable deps ti=<TaskInstance: youtube_english_video_pipeline.build_short_video_1 scheduled__2026-09-19T12:00:00+00:00 [queued]>
[2026-09-20T12:00:01.881+0000] {taskinstance.py:2306} INFO - Starting attempt 1 of 3
[2026-09-20T12:00:01.890+0000] {taskinstance.py:2330} INFO - Executing <Task(PythonOperator): build_short_video_1> on 2026-09-19 12:00:00+00:00
[2026-09-20T12:00:01.894+0000] {standard_task_runner.py:64} INFO - Started process 65524 to run task
[2026-09-20T12:00:01.897+0000] {standard_task_runner.py:90} INFO - Running: ['airflow', 'tasks', 'run', 'youtube_english_video_pipeline', 'build_short_video_1', 'scheduled__2026-09-19T12:00:00+00:00', '--job-id', '1363', '--raw', '--subdir', 'DAGS_FOLDER/youtube_pipeline.py', '--cfg-path', '/tmp/tmphx46iqqo']
[2026-09-20T12:00:01.898+0000] {standard_task_runner.py:91} INFO - Job 1363: Subtask build_short_video_1
[2026-09-20T12:00:01.942+0000] {task_command.py:426} INFO - Running <TaskInstance: youtube_english_video_pipeline.build_short_video_1 scheduled__2026-09-19T12:00:00+00:00 [running]> on host 73b18333cdfe
[2026-09-20T12:00:02.121+0000] {taskinstance.py:2648} INFO - Exporting env vars: AIRFLOW_CTX_DAG_OWNER='taky' AIRFLOW_CTX_DAG_ID='youtube_english_video_pipeline' AIRFLOW_CTX_TASK_ID='build_short_video_1' AIRFLOW_CTX_EXECUTION_DATE='2026-09-19T12:00:00+00:00' AIRFLOW_CTX_TRY_NUMBER='1' AIRFLOW_CTX_DAG_RUN_ID='scheduled__2026-09-19T12:00:00+00:00'
[2026-09-20T12:00:02.122+0000] {taskinstance.py:430} INFO - ::endgroup::
[2026-09-20T12:00:02.457+0000] {logging_mixin.py:188} INFO - 2026-09-20 12:00:02,457 | INFO     | planner.video_planner | Planned SHORT video: topic='General English', phrases=1
[2026-09-20T12:00:02.735+0000] {logging_mixin.py:188} INFO - 2026-09-20 12:00:02,734 | INFO     | tts.edge_tts | Synthesized audio -> /opt/airflow/output/audio/phrase_3271.mp3
[2026-09-20T12:00:03.107+0000] {logging_mixin.py:188} INFO - 2026-09-20 12:00:03,106 | INFO     | tts.edge_tts | Synthesized audio -> /opt/airflow/output/audio/example_3271.mp3
[2026-09-20T12:00:03.919+0000] {logging_mixin.py:188} INFO - 2026-09-20 12:00:03,919 | INFO     | media.image_downloader | Downloaded background image for scene='phone' -> /opt/airflow/output/images/short_3271.jpg
[2026-09-20T12:00:06.556+0000] {logging_mixin.py:188} INFO - 2026-09-20 12:00:06,556 | WARNING  | video.video_builder | BGM file not found at /opt/airflow/assets/bgm/short_bgm.mp3, rendering without background music
[2026-09-20T12:00:07.976+0000] {logging_mixin.py:188} INFO - 2026-09-20 12:00:07,976 | INFO     | video.video_builder | Final video rendered -> /opt/airflow/output/videos/short_3271.mp4
[2026-09-20T12:00:12.707+0000] {python.py:237} INFO - Done. Returned value was: {'video_id': 414, 'file_path': '/opt/airflow/output/videos/short_3271.mp4', 'title': "How to Ask People to Repeat Themselves in English | Taky's Language School", 'description': "Struggling to understand native speakers? In this quick lesson from Taky's Language School, learn the polite and natural way to ask someone to repeat what they said. We focus on the essential phrase 'Could you repeat that?' and look at a practical example involving an address. Perfect for English learners who want to improve their communication skills and feel more confident in daily conversations. Subscribe for more daily English tips!", 'tags': ['English learning', 'learn English', 'English speaking practice', 'English phrases', 'spoken English', "Taky's Language School", 'English for beginners', 'daily English', 'how to ask for repetition in English'], 'video_type': 'short'}
[2026-09-20T12:00:12.709+0000] {taskinstance.py:441} INFO - ::group::Post task execution logs
[2026-09-20T12:00:12.726+0000] {taskinstance.py:1206} INFO - Marking task as SUCCESS. dag_id=youtube_english_video_pipeline, task_id=build_short_video_1, run_id=scheduled__2026-09-19T12:00:00+00:00, execution_date=20260919T120000, start_date=20260920T120001, end_date=20260920T120012
[2026-09-20T12:00:12.777+0000] {local_task_job_runner.py:243} INFO - Task exited with return code 0
[2026-09-20T12:00:12.919+0000] {taskinstance.py:3503} INFO - 1 downstream tasks scheduled from follow-on schedule check
[2026-09-20T12:00:12.923+0000] {local_task_job_runner.py:222} INFO - ::endgroup::
