[2026-08-11T02:57:17.178+0000] {local_task_job_runner.py:120} INFO - ::group::Pre task execution logs
[2026-08-11T02:57:17.220+0000] {taskinstance.py:2076} INFO - Dependencies all met for dep_context=non-requeueable deps ti=<TaskInstance: youtube_english_video_pipeline.upload_long_video_10 manual__2026-08-11T02:25:49.703167+00:00 [queued]>
[2026-08-11T02:57:17.230+0000] {taskinstance.py:2076} INFO - Dependencies all met for dep_context=requeueable deps ti=<TaskInstance: youtube_english_video_pipeline.upload_long_video_10 manual__2026-08-11T02:25:49.703167+00:00 [queued]>
[2026-08-11T02:57:17.234+0000] {taskinstance.py:2306} INFO - Starting attempt 1 of 3
[2026-08-11T02:57:17.245+0000] {taskinstance.py:2330} INFO - Executing <Task(PythonOperator): upload_long_video_10> on 2026-08-11 02:25:49.703167+00:00
[2026-08-11T02:57:17.251+0000] {standard_task_runner.py:64} INFO - Started process 14767 to run task
[2026-08-11T02:57:17.256+0000] {standard_task_runner.py:90} INFO - Running: ['airflow', 'tasks', 'run', 'youtube_english_video_pipeline', 'upload_long_video_10', 'manual__2026-08-11T02:25:49.703167+00:00', '--job-id', '683', '--raw', '--subdir', 'DAGS_FOLDER/youtube_pipeline.py', '--cfg-path', '/tmp/tmpxdi89xuf']
[2026-08-11T02:57:17.261+0000] {standard_task_runner.py:91} INFO - Job 683: Subtask upload_long_video_10
[2026-08-11T02:57:17.362+0000] {task_command.py:426} INFO - Running <TaskInstance: youtube_english_video_pipeline.upload_long_video_10 manual__2026-08-11T02:25:49.703167+00:00 [running]> on host cc859d74cf38
[2026-08-11T02:57:17.585+0000] {taskinstance.py:2648} INFO - Exporting env vars: AIRFLOW_CTX_DAG_OWNER='taky' AIRFLOW_CTX_DAG_ID='youtube_english_video_pipeline' AIRFLOW_CTX_TASK_ID='upload_long_video_10' AIRFLOW_CTX_EXECUTION_DATE='2026-08-11T02:25:49.703167+00:00' AIRFLOW_CTX_TRY_NUMBER='1' AIRFLOW_CTX_DAG_RUN_ID='manual__2026-08-11T02:25:49.703167+00:00'
[2026-08-11T02:57:17.590+0000] {taskinstance.py:430} INFO - ::endgroup::
[2026-08-11T02:57:18.223+0000] {__init__.py:49} INFO - file_cache is only supported with oauth2client<4.0.0
[2026-08-11T02:57:18.239+0000] {logging_mixin.py:188} INFO - 2026-08-11 02:57:18,239 | INFO     | uploader.youtube_uploader | Uploading video '16 Daily English Expressions | Business English' (/opt/airflow/output/videos/long_1606.mp4) to YouTube...
[2026-08-11T02:57:22.691+0000] {logging_mixin.py:188} INFO - 2026-08-11 02:57:22,690 | INFO     | uploader.youtube_uploader | Upload complete. YouTube video id = fPq_QbqM1vE
[2026-08-11T02:57:26.910+0000] {logging_mixin.py:188} INFO - 2026-08-11 02:57:26,910 | INFO     | uploader.youtube_uploader | Custom thumbnail uploaded.
[2026-08-11T02:57:26.931+0000] {python.py:237} INFO - Done. Returned value was: fPq_QbqM1vE
[2026-08-11T02:57:26.932+0000] {taskinstance.py:441} INFO - ::group::Post task execution logs
[2026-08-11T02:57:26.965+0000] {taskinstance.py:1206} INFO - Marking task as SUCCESS. dag_id=youtube_english_video_pipeline, task_id=upload_long_video_10, run_id=manual__2026-08-11T02:25:49.703167+00:00, execution_date=20260811T022549, start_date=20260811T025717, end_date=20260811T025726
[2026-08-11T02:57:27.029+0000] {local_task_job_runner.py:243} INFO - Task exited with return code 0
[2026-08-11T02:57:27.211+0000] {taskinstance.py:3503} INFO - 0 downstream tasks scheduled from follow-on schedule check
[2026-08-11T02:57:27.217+0000] {local_task_job_runner.py:222} INFO - ::endgroup::
