[2026-09-17T12:00:32.897+0000] {local_task_job_runner.py:120} INFO - ::group::Pre task execution logs
[2026-09-17T12:00:32.930+0000] {taskinstance.py:2076} INFO - Dependencies all met for dep_context=non-requeueable deps ti=<TaskInstance: youtube_english_video_pipeline.upload_short_video_1 scheduled__2026-09-15T12:00:00+00:00 [queued]>
[2026-09-17T12:00:32.936+0000] {taskinstance.py:2076} INFO - Dependencies all met for dep_context=requeueable deps ti=<TaskInstance: youtube_english_video_pipeline.upload_short_video_1 scheduled__2026-09-15T12:00:00+00:00 [queued]>
[2026-09-17T12:00:32.937+0000] {taskinstance.py:2306} INFO - Starting attempt 1 of 3
[2026-09-17T12:00:32.951+0000] {taskinstance.py:2330} INFO - Executing <Task(PythonOperator): upload_short_video_1> on 2026-09-15 12:00:00+00:00
[2026-09-17T12:00:32.956+0000] {standard_task_runner.py:64} INFO - Started process 820 to run task
[2026-09-17T12:00:32.959+0000] {standard_task_runner.py:90} INFO - Running: ['airflow', 'tasks', 'run', 'youtube_english_video_pipeline', 'upload_short_video_1', 'scheduled__2026-09-15T12:00:00+00:00', '--job-id', '1197', '--raw', '--subdir', 'DAGS_FOLDER/youtube_pipeline.py', '--cfg-path', '/tmp/tmpj3rw1s5k']
[2026-09-17T12:00:32.961+0000] {standard_task_runner.py:91} INFO - Job 1197: Subtask upload_short_video_1
[2026-09-17T12:00:33.010+0000] {task_command.py:426} INFO - Running <TaskInstance: youtube_english_video_pipeline.upload_short_video_1 scheduled__2026-09-15T12:00:00+00:00 [running]> on host cc859d74cf38
[2026-09-17T12:00:33.213+0000] {taskinstance.py:2648} INFO - Exporting env vars: AIRFLOW_CTX_DAG_OWNER='taky' AIRFLOW_CTX_DAG_ID='youtube_english_video_pipeline' AIRFLOW_CTX_TASK_ID='upload_short_video_1' AIRFLOW_CTX_EXECUTION_DATE='2026-09-15T12:00:00+00:00' AIRFLOW_CTX_TRY_NUMBER='1' AIRFLOW_CTX_DAG_RUN_ID='scheduled__2026-09-15T12:00:00+00:00'
[2026-09-17T12:00:33.214+0000] {taskinstance.py:430} INFO - ::endgroup::
[2026-09-17T12:00:33.850+0000] {__init__.py:49} INFO - file_cache is only supported with oauth2client<4.0.0
[2026-09-17T12:00:33.859+0000] {logging_mixin.py:188} INFO - 2026-09-17 12:00:33,858 | INFO     | uploader.youtube_uploader | Uploading video 'Daily English Phrase | Business English' (/opt/airflow/output/videos/short_2858.mp4) to YouTube...
[2026-09-17T12:00:36.946+0000] {logging_mixin.py:188} INFO - 2026-09-17 12:00:36,945 | INFO     | uploader.youtube_uploader | Upload complete. YouTube video id = AMDrnjuBA4g
[2026-09-17T12:00:36.969+0000] {python.py:237} INFO - Done. Returned value was: AMDrnjuBA4g
[2026-09-17T12:00:36.970+0000] {taskinstance.py:441} INFO - ::group::Post task execution logs
[2026-09-17T12:00:36.994+0000] {taskinstance.py:1206} INFO - Marking task as SUCCESS. dag_id=youtube_english_video_pipeline, task_id=upload_short_video_1, run_id=scheduled__2026-09-15T12:00:00+00:00, execution_date=20260915T120000, start_date=20260917T120032, end_date=20260917T120036
[2026-09-17T12:00:37.032+0000] {local_task_job_runner.py:243} INFO - Task exited with return code 0
[2026-09-17T12:00:37.176+0000] {taskinstance.py:3503} INFO - 1 downstream tasks scheduled from follow-on schedule check
[2026-09-17T12:00:37.182+0000] {local_task_job_runner.py:222} INFO - ::endgroup::
