[2026-07-27T11:08:18.922+0000] {local_task_job_runner.py:120} INFO - ::group::Pre task execution logs
[2026-07-27T11:08:18.946+0000] {taskinstance.py:2076} INFO - Dependencies all met for dep_context=non-requeueable deps ti=<TaskInstance: youtube_english_video_pipeline.upload_long_video_4 manual__2026-07-27T10:57:47.140907+00:00 [queued]>
[2026-07-27T11:08:18.953+0000] {taskinstance.py:2076} INFO - Dependencies all met for dep_context=requeueable deps ti=<TaskInstance: youtube_english_video_pipeline.upload_long_video_4 manual__2026-07-27T10:57:47.140907+00:00 [queued]>
[2026-07-27T11:08:18.954+0000] {taskinstance.py:2306} INFO - Starting attempt 1 of 3
[2026-07-27T11:08:18.964+0000] {taskinstance.py:2330} INFO - Executing <Task(PythonOperator): upload_long_video_4> on 2026-07-27 10:57:47.140907+00:00
[2026-07-27T11:08:18.968+0000] {standard_task_runner.py:64} INFO - Started process 72774 to run task
[2026-07-27T11:08:18.970+0000] {standard_task_runner.py:90} INFO - Running: ['airflow', 'tasks', 'run', 'youtube_english_video_pipeline', 'upload_long_video_4', 'manual__2026-07-27T10:57:47.140907+00:00', '--job-id', '433', '--raw', '--subdir', 'DAGS_FOLDER/youtube_pipeline.py', '--cfg-path', '/tmp/tmpyosg51d9']
[2026-07-27T11:08:18.972+0000] {standard_task_runner.py:91} INFO - Job 433: Subtask upload_long_video_4
[2026-07-27T11:08:19.059+0000] {task_command.py:426} INFO - Running <TaskInstance: youtube_english_video_pipeline.upload_long_video_4 manual__2026-07-27T10:57:47.140907+00:00 [running]> on host cc859d74cf38
[2026-07-27T11:08:19.266+0000] {taskinstance.py:2648} INFO - Exporting env vars: AIRFLOW_CTX_DAG_OWNER='taky' AIRFLOW_CTX_DAG_ID='youtube_english_video_pipeline' AIRFLOW_CTX_TASK_ID='upload_long_video_4' AIRFLOW_CTX_EXECUTION_DATE='2026-07-27T10:57:47.140907+00:00' AIRFLOW_CTX_TRY_NUMBER='1' AIRFLOW_CTX_DAG_RUN_ID='manual__2026-07-27T10:57:47.140907+00:00'
[2026-07-27T11:08:19.266+0000] {taskinstance.py:430} INFO - ::endgroup::
[2026-07-27T11:08:19.649+0000] {__init__.py:49} INFO - file_cache is only supported with oauth2client<4.0.0
[2026-07-27T11:08:19.663+0000] {logging_mixin.py:188} INFO - 2026-07-27 11:08:19,663 | INFO     | uploader.youtube_uploader | Uploading video 'Essential Restaurant English Phrases | Speak Confidently When Dining Out' (/opt/airflow/output/videos/long_899.mp4) to YouTube...
[2026-07-27T11:08:28.144+0000] {logging_mixin.py:188} INFO - 2026-07-27 11:08:28,144 | INFO     | uploader.youtube_uploader | Upload complete. YouTube video id = pI-3jpbdTaY
[2026-07-27T11:08:31.788+0000] {logging_mixin.py:188} INFO - 2026-07-27 11:08:31,788 | INFO     | uploader.youtube_uploader | Custom thumbnail uploaded.
[2026-07-27T11:08:31.803+0000] {python.py:237} INFO - Done. Returned value was: pI-3jpbdTaY
[2026-07-27T11:08:31.804+0000] {taskinstance.py:441} INFO - ::group::Post task execution logs
[2026-07-27T11:08:31.830+0000] {taskinstance.py:1206} INFO - Marking task as SUCCESS. dag_id=youtube_english_video_pipeline, task_id=upload_long_video_4, run_id=manual__2026-07-27T10:57:47.140907+00:00, execution_date=20260727T105747, start_date=20260727T110818, end_date=20260727T110831
[2026-07-27T11:08:31.860+0000] {local_task_job_runner.py:243} INFO - Task exited with return code 0
[2026-07-27T11:08:31.984+0000] {taskinstance.py:3503} INFO - 1 downstream tasks scheduled from follow-on schedule check
[2026-07-27T11:08:31.988+0000] {local_task_job_runner.py:222} INFO - ::endgroup::
