[2026-09-22T00:38:51.978+0000] {local_task_job_runner.py:120} INFO - ::group::Pre task execution logs
[2026-09-22T00:38:52.027+0000] {taskinstance.py:2076} INFO - Dependencies all met for dep_context=non-requeueable deps ti=<TaskInstance: youtube_english_video_pipeline.upload_short_video_8 scheduled__2026-09-20T12:00:00+00:00 [queued]>
[2026-09-22T00:38:52.038+0000] {taskinstance.py:2076} INFO - Dependencies all met for dep_context=requeueable deps ti=<TaskInstance: youtube_english_video_pipeline.upload_short_video_8 scheduled__2026-09-20T12:00:00+00:00 [queued]>
[2026-09-22T00:38:52.040+0000] {taskinstance.py:2306} INFO - Starting attempt 1 of 3
[2026-09-22T00:38:52.055+0000] {taskinstance.py:2330} INFO - Executing <Task(PythonOperator): upload_short_video_8> on 2026-09-20 12:00:00+00:00
[2026-09-22T00:38:52.061+0000] {standard_task_runner.py:64} INFO - Started process 24971 to run task
[2026-09-22T00:38:52.064+0000] {standard_task_runner.py:90} INFO - Running: ['airflow', 'tasks', 'run', 'youtube_english_video_pipeline', 'upload_short_video_8', 'scheduled__2026-09-20T12:00:00+00:00', '--job-id', '1496', '--raw', '--subdir', 'DAGS_FOLDER/youtube_pipeline.py', '--cfg-path', '/tmp/tmpyt3nlwf4']
[2026-09-22T00:38:52.067+0000] {standard_task_runner.py:91} INFO - Job 1496: Subtask upload_short_video_8
[2026-09-22T00:38:52.136+0000] {task_command.py:426} INFO - Running <TaskInstance: youtube_english_video_pipeline.upload_short_video_8 scheduled__2026-09-20T12:00:00+00:00 [running]> on host 73b18333cdfe
[2026-09-22T00:38:52.426+0000] {taskinstance.py:2648} INFO - Exporting env vars: AIRFLOW_CTX_DAG_OWNER='taky' AIRFLOW_CTX_DAG_ID='youtube_english_video_pipeline' AIRFLOW_CTX_TASK_ID='upload_short_video_8' AIRFLOW_CTX_EXECUTION_DATE='2026-09-20T12:00:00+00:00' AIRFLOW_CTX_TRY_NUMBER='1' AIRFLOW_CTX_DAG_RUN_ID='scheduled__2026-09-20T12:00:00+00:00'
[2026-09-22T00:38:52.427+0000] {taskinstance.py:430} INFO - ::endgroup::
[2026-09-22T00:38:52.989+0000] {__init__.py:49} INFO - file_cache is only supported with oauth2client<4.0.0
[2026-09-22T00:38:53.007+0000] {logging_mixin.py:188} INFO - 2026-09-22 00:38:53,007 | INFO     | uploader.youtube_uploader | Uploading video 'Hotel English: The Only Phrase You Need to Check In' (/opt/airflow/output/videos/short_3539.mp4) to YouTube...
[2026-09-22T00:38:55.994+0000] {logging_mixin.py:188} INFO - 2026-09-22 00:38:55,994 | INFO     | uploader.youtube_uploader | Upload complete. YouTube video id = 8fPPLS5Hugc
[2026-09-22T00:38:56.019+0000] {python.py:237} INFO - Done. Returned value was: 8fPPLS5Hugc
[2026-09-22T00:38:56.025+0000] {taskinstance.py:441} INFO - ::group::Post task execution logs
[2026-09-22T00:38:56.079+0000] {taskinstance.py:1206} INFO - Marking task as SUCCESS. dag_id=youtube_english_video_pipeline, task_id=upload_short_video_8, run_id=scheduled__2026-09-20T12:00:00+00:00, execution_date=20260920T120000, start_date=20260922T003852, end_date=20260922T003856
[2026-09-22T00:38:56.149+0000] {local_task_job_runner.py:243} INFO - Task exited with return code 0
[2026-09-22T00:38:56.212+0000] {taskinstance.py:3503} INFO - 1 downstream tasks scheduled from follow-on schedule check
[2026-09-22T00:38:56.217+0000] {local_task_job_runner.py:222} INFO - ::endgroup::
