[2026-07-27T11:18:04.378+0000] {local_task_job_runner.py:120} INFO - ::group::Pre task execution logs
[2026-07-27T11:18:04.421+0000] {taskinstance.py:2076} INFO - Dependencies all met for dep_context=non-requeueable deps ti=<TaskInstance: youtube_english_video_pipeline.upload_short_video_8 manual__2026-07-27T10:57:47.140907+00:00 [queued]>
[2026-07-27T11:18:04.430+0000] {taskinstance.py:2076} INFO - Dependencies all met for dep_context=requeueable deps ti=<TaskInstance: youtube_english_video_pipeline.upload_short_video_8 manual__2026-07-27T10:57:47.140907+00:00 [queued]>
[2026-07-27T11:18:04.432+0000] {taskinstance.py:2306} INFO - Starting attempt 1 of 3
[2026-07-27T11:18:04.446+0000] {taskinstance.py:2330} INFO - Executing <Task(PythonOperator): upload_short_video_8> on 2026-07-27 10:57:47.140907+00:00
[2026-07-27T11:18:04.452+0000] {standard_task_runner.py:64} INFO - Started process 82851 to run task
[2026-07-27T11:18:04.458+0000] {standard_task_runner.py:90} INFO - Running: ['airflow', 'tasks', 'run', 'youtube_english_video_pipeline', 'upload_short_video_8', 'manual__2026-07-27T10:57:47.140907+00:00', '--job-id', '451', '--raw', '--subdir', 'DAGS_FOLDER/youtube_pipeline.py', '--cfg-path', '/tmp/tmpkl1vhv9c']
[2026-07-27T11:18:04.462+0000] {standard_task_runner.py:91} INFO - Job 451: Subtask upload_short_video_8
[2026-07-27T11:18:04.542+0000] {task_command.py:426} INFO - Running <TaskInstance: youtube_english_video_pipeline.upload_short_video_8 manual__2026-07-27T10:57:47.140907+00:00 [running]> on host cc859d74cf38
[2026-07-27T11:18:04.788+0000] {taskinstance.py:2648} INFO - Exporting env vars: AIRFLOW_CTX_DAG_OWNER='taky' AIRFLOW_CTX_DAG_ID='youtube_english_video_pipeline' AIRFLOW_CTX_TASK_ID='upload_short_video_8' AIRFLOW_CTX_EXECUTION_DATE='2026-07-27T10:57:47.140907+00:00' AIRFLOW_CTX_TRY_NUMBER='1' AIRFLOW_CTX_DAG_RUN_ID='manual__2026-07-27T10:57:47.140907+00:00'
[2026-07-27T11:18:04.791+0000] {taskinstance.py:430} INFO - ::endgroup::
[2026-07-27T11:18:05.413+0000] {__init__.py:49} INFO - file_cache is only supported with oauth2client<4.0.0
[2026-07-27T11:18:05.428+0000] {logging_mixin.py:188} INFO - 2026-07-27 11:18:05,428 | INFO     | uploader.youtube_uploader | Uploading video 'Daily English Phrase | Dining Out' (/opt/airflow/output/videos/short_836.mp4) to YouTube...
[2026-07-27T11:18:08.247+0000] {logging_mixin.py:188} INFO - 2026-07-27 11:18:08,247 | INFO     | uploader.youtube_uploader | Upload complete. YouTube video id = avljNhK6tjA
[2026-07-27T11:18:08.272+0000] {python.py:237} INFO - Done. Returned value was: avljNhK6tjA
[2026-07-27T11:18:08.273+0000] {taskinstance.py:441} INFO - ::group::Post task execution logs
[2026-07-27T11:18:08.308+0000] {taskinstance.py:1206} INFO - Marking task as SUCCESS. dag_id=youtube_english_video_pipeline, task_id=upload_short_video_8, run_id=manual__2026-07-27T10:57:47.140907+00:00, execution_date=20260727T105747, start_date=20260727T111804, end_date=20260727T111808
[2026-07-27T11:18:08.375+0000] {local_task_job_runner.py:243} INFO - Task exited with return code 0
[2026-07-27T11:18:08.538+0000] {taskinstance.py:3503} INFO - 1 downstream tasks scheduled from follow-on schedule check
[2026-07-27T11:18:08.545+0000] {local_task_job_runner.py:222} INFO - ::endgroup::
