[2026-07-25T09:34:54.162+0000] {local_task_job_runner.py:120} INFO - ::group::Pre task execution logs
[2026-07-25T09:34:54.186+0000] {taskinstance.py:2076} INFO - Dependencies all met for dep_context=non-requeueable deps ti=<TaskInstance: youtube_english_video_pipeline.build_short_video_4 manual__2026-07-25T09:17:10.519347+00:00 [queued]>
[2026-07-25T09:34:54.193+0000] {taskinstance.py:2076} INFO - Dependencies all met for dep_context=requeueable deps ti=<TaskInstance: youtube_english_video_pipeline.build_short_video_4 manual__2026-07-25T09:17:10.519347+00:00 [queued]>
[2026-07-25T09:34:54.193+0000] {taskinstance.py:2306} INFO - Starting attempt 3 of 3
[2026-07-25T09:34:54.202+0000] {taskinstance.py:2330} INFO - Executing <Task(PythonOperator): build_short_video_4> on 2026-07-25 09:17:10.519347+00:00
[2026-07-25T09:34:54.206+0000] {standard_task_runner.py:64} INFO - Started process 50927 to run task
[2026-07-25T09:34:54.210+0000] {standard_task_runner.py:90} INFO - Running: ['airflow', 'tasks', 'run', 'youtube_english_video_pipeline', 'build_short_video_4', 'manual__2026-07-25T09:17:10.519347+00:00', '--job-id', '303', '--raw', '--subdir', 'DAGS_FOLDER/youtube_pipeline.py', '--cfg-path', '/tmp/tmpmzyktz9i']
[2026-07-25T09:34:54.211+0000] {standard_task_runner.py:91} INFO - Job 303: Subtask build_short_video_4
[2026-07-25T09:34:54.278+0000] {task_command.py:426} INFO - Running <TaskInstance: youtube_english_video_pipeline.build_short_video_4 manual__2026-07-25T09:17:10.519347+00:00 [running]> on host ce8e21912c19
[2026-07-25T09:34:54.462+0000] {taskinstance.py:2648} INFO - Exporting env vars: AIRFLOW_CTX_DAG_OWNER='taky' AIRFLOW_CTX_DAG_ID='youtube_english_video_pipeline' AIRFLOW_CTX_TASK_ID='build_short_video_4' AIRFLOW_CTX_EXECUTION_DATE='2026-07-25T09:17:10.519347+00:00' AIRFLOW_CTX_TRY_NUMBER='3' AIRFLOW_CTX_DAG_RUN_ID='manual__2026-07-25T09:17:10.519347+00:00'
[2026-07-25T09:34:54.463+0000] {taskinstance.py:430} INFO - ::endgroup::
[2026-07-25T09:34:54.760+0000] {taskinstance.py:441} INFO - ::group::Post task execution logs
[2026-07-25T09:34:54.761+0000] {taskinstance.py:2905} ERROR - Task failed with exception
Traceback (most recent call last):
  File "/home/airflow/.local/lib/python3.11/site-packages/airflow/models/taskinstance.py", line 465, in _execute_task
    result = _execute_callable(context=context, **execute_callable_kwargs)
             ^^^^^^^^^^^^^^^^^^^^^^^^^^^^^^^^^^^^^^^^^^^^^^^^^^^^^^^^^^^^^
  File "/home/airflow/.local/lib/python3.11/site-packages/airflow/models/taskinstance.py", line 432, in _execute_callable
    return execute_callable(context=context, **execute_callable_kwargs)
           ^^^^^^^^^^^^^^^^^^^^^^^^^^^^^^^^^^^^^^^^^^^^^^^^^^^^^^^^^^^^
  File "/home/airflow/.local/lib/python3.11/site-packages/airflow/models/baseoperator.py", line 401, in wrapper
    return func(self, *args, **kwargs)
           ^^^^^^^^^^^^^^^^^^^^^^^^^^^
  File "/home/airflow/.local/lib/python3.11/site-packages/airflow/operators/python.py", line 235, in execute
    return_value = self.execute_callable()
                   ^^^^^^^^^^^^^^^^^^^^^^^
  File "/home/airflow/.local/lib/python3.11/site-packages/airflow/operators/python.py", line 252, in execute_callable
    return self.python_callable(*self.op_args, **self.op_kwargs)
           ^^^^^^^^^^^^^^^^^^^^^^^^^^^^^^^^^^^^^^^^^^^^^^^^^^^^^
  File "/opt/airflow/dags/youtube_pipeline.py", line 66, in task_build_short_video
    result = build_short_video()
             ^^^^^^^^^^^^^^^^^^^
  File "/opt/airflow/src/video/short_video.py", line 91, in build_short_video
    result = ShortVideoPipeline().run()
             ^^^^^^^^^^^^^^^^^^^^^^^^^^
  File "/opt/airflow/src/video/short_video.py", line 42, in run
    plan = self.planner.plan("short")
           ^^^^^^^^^^^^^^^^^^^^^^^^^^
  File "/opt/airflow/src/planner/video_planner.py", line 65, in plan
    return self.plan_short()
           ^^^^^^^^^^^^^^^^^
  File "/opt/airflow/src/planner/video_planner.py", line 32, in plan_short
    raise RuntimeError("No unused phrases available for Shorts. Run phrase generation first.")
RuntimeError: No unused phrases available for Shorts. Run phrase generation first.
[2026-07-25T09:34:54.773+0000] {taskinstance.py:1206} INFO - Marking task as FAILED. dag_id=youtube_english_video_pipeline, task_id=build_short_video_4, run_id=manual__2026-07-25T09:17:10.519347+00:00, execution_date=20260725T091710, start_date=20260725T093454, end_date=20260725T093454
[2026-07-25T09:34:54.782+0000] {standard_task_runner.py:110} ERROR - Failed to execute job 303 for task build_short_video_4 (No unused phrases available for Shorts. Run phrase generation first.; 50927)
[2026-07-25T09:34:54.824+0000] {local_task_job_runner.py:243} INFO - Task exited with return code 1
[2026-07-25T09:34:54.852+0000] {taskinstance.py:3503} INFO - 0 downstream tasks scheduled from follow-on schedule check
[2026-07-25T09:34:54.858+0000] {local_task_job_runner.py:222} INFO - ::endgroup::
