[2026-07-27T01:35:47.274+0000] {local_task_job_runner.py:120} INFO - ::group::Pre task execution logs
[2026-07-27T01:35:47.344+0000] {taskinstance.py:2076} INFO - Dependencies all met for dep_context=non-requeueable deps ti=<TaskInstance: youtube_english_video_pipeline.upload_long_video_3 scheduled__2026-07-25T12:00:00+00:00 [queued]>
[2026-07-27T01:35:47.361+0000] {taskinstance.py:2076} INFO - Dependencies all met for dep_context=requeueable deps ti=<TaskInstance: youtube_english_video_pipeline.upload_long_video_3 scheduled__2026-07-25T12:00:00+00:00 [queued]>
[2026-07-27T01:35:47.363+0000] {taskinstance.py:2306} INFO - Starting attempt 1 of 3
[2026-07-27T01:35:47.391+0000] {taskinstance.py:2330} INFO - Executing <Task(PythonOperator): upload_long_video_3> on 2026-07-25 12:00:00+00:00
[2026-07-27T01:35:47.400+0000] {standard_task_runner.py:64} INFO - Started process 37297 to run task
[2026-07-27T01:35:47.406+0000] {standard_task_runner.py:90} INFO - Running: ['airflow', 'tasks', 'run', 'youtube_english_video_pipeline', 'upload_long_video_3', 'scheduled__2026-07-25T12:00:00+00:00', '--job-id', '378', '--raw', '--subdir', 'DAGS_FOLDER/youtube_pipeline.py', '--cfg-path', '/tmp/tmp3_6w8xds']
[2026-07-27T01:35:47.410+0000] {standard_task_runner.py:91} INFO - Job 378: Subtask upload_long_video_3
[2026-07-27T01:35:47.555+0000] {task_command.py:426} INFO - Running <TaskInstance: youtube_english_video_pipeline.upload_long_video_3 scheduled__2026-07-25T12:00:00+00:00 [running]> on host cc859d74cf38
[2026-07-27T01:35:47.926+0000] {taskinstance.py:2648} INFO - Exporting env vars: AIRFLOW_CTX_DAG_OWNER='taky' AIRFLOW_CTX_DAG_ID='youtube_english_video_pipeline' AIRFLOW_CTX_TASK_ID='upload_long_video_3' AIRFLOW_CTX_EXECUTION_DATE='2026-07-25T12:00:00+00:00' AIRFLOW_CTX_TRY_NUMBER='1' AIRFLOW_CTX_DAG_RUN_ID='scheduled__2026-07-25T12:00:00+00:00'
[2026-07-27T01:35:47.928+0000] {taskinstance.py:430} INFO - ::endgroup::
[2026-07-27T01:35:48.535+0000] {__init__.py:49} INFO - file_cache is only supported with oauth2client<4.0.0
[2026-07-27T01:35:48.551+0000] {logging_mixin.py:188} INFO - 2026-07-27 01:35:48,551 | INFO     | uploader.youtube_uploader | Uploading video '16 Essential Travel English Phrases You Must Know! | Taky's Language School' (/opt/airflow/output/videos/long_600.mp4) to YouTube...
[2026-07-27T01:35:53.573+0000] {logging_mixin.py:188} INFO - 2026-07-27 01:35:53,573 | INFO     | uploader.youtube_uploader | Upload complete. YouTube video id = i5WpH_i7XbM
[2026-07-27T01:35:57.370+0000] {logging_mixin.py:188} INFO - 2026-07-27 01:35:57,370 | INFO     | uploader.youtube_uploader | Custom thumbnail uploaded.
[2026-07-27T01:35:57.395+0000] {python.py:237} INFO - Done. Returned value was: i5WpH_i7XbM
[2026-07-27T01:35:57.396+0000] {taskinstance.py:441} INFO - ::group::Post task execution logs
[2026-07-27T01:35:57.445+0000] {taskinstance.py:1206} INFO - Marking task as SUCCESS. dag_id=youtube_english_video_pipeline, task_id=upload_long_video_3, run_id=scheduled__2026-07-25T12:00:00+00:00, execution_date=20260725T120000, start_date=20260727T013547, end_date=20260727T013557
[2026-07-27T01:35:57.510+0000] {local_task_job_runner.py:243} INFO - Task exited with return code 0
[2026-07-27T01:35:57.740+0000] {taskinstance.py:3503} INFO - 1 downstream tasks scheduled from follow-on schedule check
[2026-07-27T01:35:57.746+0000] {local_task_job_runner.py:222} INFO - ::endgroup::
