[2026-08-11T13:37:59.328+0000] {local_task_job_runner.py:120} INFO - ::group::Pre task execution logs
[2026-08-11T13:37:59.406+0000] {taskinstance.py:2076} INFO - Dependencies all met for dep_context=non-requeueable deps ti=<TaskInstance: youtube_english_video_pipeline.upload_long_video_1 scheduled__2026-08-10T12:00:00+00:00 [queued]>
[2026-08-11T13:37:59.416+0000] {taskinstance.py:2076} INFO - Dependencies all met for dep_context=requeueable deps ti=<TaskInstance: youtube_english_video_pipeline.upload_long_video_1 scheduled__2026-08-10T12:00:00+00:00 [queued]>
[2026-08-11T13:37:59.418+0000] {taskinstance.py:2306} INFO - Starting attempt 1 of 3
[2026-08-11T13:37:59.434+0000] {taskinstance.py:2330} INFO - Executing <Task(PythonOperator): upload_long_video_1> on 2026-08-10 12:00:00+00:00
[2026-08-11T13:37:59.440+0000] {standard_task_runner.py:64} INFO - Started process 18129 to run task
[2026-08-11T13:37:59.443+0000] {standard_task_runner.py:90} INFO - Running: ['airflow', 'tasks', 'run', 'youtube_english_video_pipeline', 'upload_long_video_1', 'scheduled__2026-08-10T12:00:00+00:00', '--job-id', '688', '--raw', '--subdir', 'DAGS_FOLDER/youtube_pipeline.py', '--cfg-path', '/tmp/tmp8o91mp28']
[2026-08-11T13:37:59.446+0000] {standard_task_runner.py:91} INFO - Job 688: Subtask upload_long_video_1
[2026-08-11T13:37:59.514+0000] {task_command.py:426} INFO - Running <TaskInstance: youtube_english_video_pipeline.upload_long_video_1 scheduled__2026-08-10T12:00:00+00:00 [running]> on host cc859d74cf38
[2026-08-11T13:38:00.033+0000] {taskinstance.py:2648} INFO - Exporting env vars: AIRFLOW_CTX_DAG_OWNER='taky' AIRFLOW_CTX_DAG_ID='youtube_english_video_pipeline' AIRFLOW_CTX_TASK_ID='upload_long_video_1' AIRFLOW_CTX_EXECUTION_DATE='2026-08-10T12:00:00+00:00' AIRFLOW_CTX_TRY_NUMBER='1' AIRFLOW_CTX_DAG_RUN_ID='scheduled__2026-08-10T12:00:00+00:00'
[2026-08-11T13:38:00.037+0000] {taskinstance.py:430} INFO - ::endgroup::
[2026-08-11T13:38:01.001+0000] {__init__.py:49} INFO - file_cache is only supported with oauth2client<4.0.0
[2026-08-11T13:38:01.029+0000] {logging_mixin.py:188} INFO - 2026-08-11 13:38:01,029 | INFO     | uploader.youtube_uploader | Uploading video 'Order Food in English Like a Native! | Essential Restaurant English' (/opt/airflow/output/videos/long_1611.mp4) to YouTube...
[2026-08-11T13:38:09.123+0000] {logging_mixin.py:188} INFO - 2026-08-11 13:38:09,123 | INFO     | uploader.youtube_uploader | Upload complete. YouTube video id = BTmA8JHpNuo
[2026-08-11T13:38:14.321+0000] {logging_mixin.py:188} INFO - 2026-08-11 13:38:14,321 | INFO     | uploader.youtube_uploader | Custom thumbnail uploaded.
[2026-08-11T13:38:14.336+0000] {python.py:237} INFO - Done. Returned value was: BTmA8JHpNuo
[2026-08-11T13:38:14.338+0000] {taskinstance.py:441} INFO - ::group::Post task execution logs
[2026-08-11T13:38:14.357+0000] {taskinstance.py:1206} INFO - Marking task as SUCCESS. dag_id=youtube_english_video_pipeline, task_id=upload_long_video_1, run_id=scheduled__2026-08-10T12:00:00+00:00, execution_date=20260810T120000, start_date=20260811T133759, end_date=20260811T133814
[2026-08-11T13:38:14.386+0000] {local_task_job_runner.py:243} INFO - Task exited with return code 0
[2026-08-11T13:38:14.519+0000] {taskinstance.py:3503} INFO - 1 downstream tasks scheduled from follow-on schedule check
[2026-08-11T13:38:14.528+0000] {local_task_job_runner.py:222} INFO - ::endgroup::
