[2026-07-22T13:49:46.348+0000] {local_task_job_runner.py:120} INFO - ::group::Pre task execution logs
[2026-07-22T13:49:46.398+0000] {taskinstance.py:2076} INFO - Dependencies all met for dep_context=non-requeueable deps ti=<TaskInstance: youtube_english_video_pipeline.build_short_video manual__2026-07-22T13:49:42.054805+00:00 [queued]>
[2026-07-22T13:49:46.409+0000] {taskinstance.py:2076} INFO - Dependencies all met for dep_context=requeueable deps ti=<TaskInstance: youtube_english_video_pipeline.build_short_video manual__2026-07-22T13:49:42.054805+00:00 [queued]>
[2026-07-22T13:49:46.411+0000] {taskinstance.py:2306} INFO - Starting attempt 1 of 3
[2026-07-22T13:49:46.428+0000] {taskinstance.py:2330} INFO - Executing <Task(PythonOperator): build_short_video> on 2026-07-22 13:49:42.054805+00:00
[2026-07-22T13:49:46.438+0000] {standard_task_runner.py:64} INFO - Started process 217 to run task
[2026-07-22T13:49:46.445+0000] {standard_task_runner.py:90} INFO - Running: ['airflow', 'tasks', 'run', 'youtube_english_video_pipeline', 'build_short_video', 'manual__2026-07-22T13:49:42.054805+00:00', '--job-id', '53', '--raw', '--subdir', 'DAGS_FOLDER/youtube_pipeline.py', '--cfg-path', '/tmp/tmph2m945_h']
[2026-07-22T13:49:46.452+0000] {standard_task_runner.py:91} INFO - Job 53: Subtask build_short_video
[2026-07-22T13:49:46.557+0000] {task_command.py:426} INFO - Running <TaskInstance: youtube_english_video_pipeline.build_short_video manual__2026-07-22T13:49:42.054805+00:00 [running]> on host 78117f1d7858
[2026-07-22T13:49:46.840+0000] {taskinstance.py:2648} INFO - Exporting env vars: AIRFLOW_CTX_DAG_OWNER='taky' AIRFLOW_CTX_DAG_ID='youtube_english_video_pipeline' AIRFLOW_CTX_TASK_ID='build_short_video' AIRFLOW_CTX_EXECUTION_DATE='2026-07-22T13:49:42.054805+00:00' AIRFLOW_CTX_TRY_NUMBER='1' AIRFLOW_CTX_DAG_RUN_ID='manual__2026-07-22T13:49:42.054805+00:00'
[2026-07-22T13:49:46.842+0000] {taskinstance.py:430} INFO - ::endgroup::
[2026-07-22T13:49:48.008+0000] {logging_mixin.py:188} INFO - 2026-07-22 13:49:48,008 | INFO     | planner.video_planner | Planned SHORT video: topic='Restaurant English', phrases=1
[2026-07-22T13:49:48.513+0000] {logging_mixin.py:188} INFO - 2026-07-22 13:49:48,512 | INFO     | tts.edge_tts | Synthesized audio -> /opt/airflow/output/audio/phrase_31.mp3
[2026-07-22T13:49:48.863+0000] {logging_mixin.py:188} INFO - 2026-07-22 13:49:48,863 | INFO     | tts.edge_tts | Synthesized audio -> /opt/airflow/output/audio/example_31.mp3
[2026-07-22T13:49:49.149+0000] {logging_mixin.py:188} INFO - 2026-07-22 13:49:49,149 | INFO     | media.image_downloader | Downloaded background image for scene='restaurant' -> /opt/airflow/output/images/short_31.jpg
[2026-07-22T13:49:49.168+0000] {logging_mixin.py:188} INFO - 2026-07-22 13:49:49,168 | INFO     | video.video_builder | Running ffmpeg: ffmpeg -y -i /opt/airflow/output/audio/phrase_31.mp3 -i /opt/airflow/output/audio/example_31.mp3 -filter_complex [0:a]apad=pad_dur=0.4[a0];[a0][1:a]concat=n=2:v=0:a=1[aout] -map [aout] /opt/airflow/output/videos/_tmp/short_31_raw.audio.mp3
[2026-07-22T13:49:49.660+0000] {logging_mixin.py:188} INFO - 2026-07-22 13:49:49,660 | INFO     | video.video_builder | Running ffmpeg: ffmpeg -y -loop 1 -i /opt/airflow/output/images/short_31.jpg -i /opt/airflow/output/videos/_tmp/short_31_raw.audio.mp3 -vf scale=1080:1920:force_original_aspect_ratio=increase,crop=1080:1920,drawtext=fontfile='/opt/airflow/assets/fonts/NotoSansJP-Bold.ttf':text='It’s on me.':fontcolor=FFFFFF:fontsize=72:x=(w-text_w)/2:y=(h*0.35):box=1:boxcolor=black@0.45:boxborderw=20,drawtext=fontfile='/opt/airflow/assets/fonts/NotoSansJP-Bold.ttf':text='Don’t worry about the bill. Today, it’s on me.':fontcolor=FFD54A:fontsize=43:x=(w-text_w)/2:y=(h*0.55):box=1:boxcolor=black@0.45:boxborderw=16 -c:v libx264 -tune stillimage -pix_fmt yuv420p -c:a aac -b:a 192k -shortest -r 30 /opt/airflow/output/videos/_tmp/short_31_raw.mp4
[2026-07-22T13:49:54.134+0000] {logging_mixin.py:188} INFO - 2026-07-22 13:49:54,131 | INFO     | media.subtitle_generator | Wrote subtitle file -> /opt/airflow/output/subtitles/short_31.srt
[2026-07-22T13:49:54.142+0000] {logging_mixin.py:188} INFO - 2026-07-22 13:49:54,142 | WARNING  | video.video_builder | BGM file not found at /opt/airflow/assets/bgm/short_bgm.mp3, rendering without background music
[2026-07-22T13:49:54.152+0000] {logging_mixin.py:188} INFO - 2026-07-22 13:49:54,152 | INFO     | video.video_builder | Running ffmpeg: ffmpeg -y -i /opt/airflow/output/videos/_tmp/short_31_raw.mp4 -vf subtitles='/opt/airflow/output/subtitles/short_31.srt' -c:v libx264 -pix_fmt yuv420p -c:a aac -b:a 192k /opt/airflow/output/videos/short_31.mp4
[2026-07-22T13:50:00.068+0000] {logging_mixin.py:188} INFO - 2026-07-22 13:50:00,067 | INFO     | video.video_builder | Final video rendered -> /opt/airflow/output/videos/short_31.mp4
[2026-07-22T13:50:07.636+0000] {python.py:237} INFO - Done. Returned value was: {'video_id': 7, 'file_path': '/opt/airflow/output/videos/short_31.mp4', 'title': '"It\'s On Me!" 🍽️ How to Pay in English | Restaurant English #Shorts', 'description': 'Want to pay for someone\'s meal in English? Don\'t just say "I will pay." Learn this natural native phrase: "It\'s on me!" 🍽️\n\nExample:\n"Don\'t worry about the bill. Today, it\'s on me."\n\nUse this phrase next time you are out at a restaurant with friends!\n\nSubscribe to Taky\'s Language School for quick daily English tips to improve your practical spoken English.\n\n#EnglishPhrases #RestaurantEnglish #SpokenEnglish #LearnEnglish #TakysLanguageSchool #Shorts', 'tags': ['Takys Language School', 'Restaurant English', 'Its on me', 'spoken English', 'English phrases', 'learn English', 'English conversation', 'paying the bill in English', 'English shorts', 'daily English tips'], 'video_type': 'short'}
[2026-07-22T13:50:07.642+0000] {taskinstance.py:441} INFO - ::group::Post task execution logs
[2026-07-22T13:50:07.717+0000] {taskinstance.py:1206} INFO - Marking task as SUCCESS. dag_id=youtube_english_video_pipeline, task_id=build_short_video, run_id=manual__2026-07-22T13:49:42.054805+00:00, execution_date=20260722T134942, start_date=20260722T134946, end_date=20260722T135007
[2026-07-22T13:50:07.849+0000] {local_task_job_runner.py:243} INFO - Task exited with return code 0
[2026-07-22T13:50:07.934+0000] {taskinstance.py:3503} INFO - 1 downstream tasks scheduled from follow-on schedule check
[2026-07-22T13:50:07.939+0000] {local_task_job_runner.py:222} INFO - ::endgroup::
