[2026-08-22T07:15:36.719+0000] {local_task_job_runner.py:120} INFO - ::group::Pre task execution logs
[2026-08-22T07:15:36.748+0000] {taskinstance.py:2076} INFO - Dependencies all met for dep_context=non-requeueable deps ti=<TaskInstance: youtube_english_video_pipeline.upload_short_video_3 scheduled__2026-08-20T12:00:00+00:00 [queued]>
[2026-08-22T07:15:36.755+0000] {taskinstance.py:2076} INFO - Dependencies all met for dep_context=requeueable deps ti=<TaskInstance: youtube_english_video_pipeline.upload_short_video_3 scheduled__2026-08-20T12:00:00+00:00 [queued]>
[2026-08-22T07:15:36.756+0000] {taskinstance.py:2306} INFO - Starting attempt 1 of 3
[2026-08-22T07:15:36.766+0000] {taskinstance.py:2330} INFO - Executing <Task(PythonOperator): upload_short_video_3> on 2026-08-20 12:00:00+00:00
[2026-08-22T07:15:36.770+0000] {standard_task_runner.py:64} INFO - Started process 76574 to run task
[2026-08-22T07:15:36.773+0000] {standard_task_runner.py:90} INFO - Running: ['airflow', 'tasks', 'run', 'youtube_english_video_pipeline', 'upload_short_video_3', 'scheduled__2026-08-20T12:00:00+00:00', '--job-id', '881', '--raw', '--subdir', 'DAGS_FOLDER/youtube_pipeline.py', '--cfg-path', '/tmp/tmpq0_savl6']
[2026-08-22T07:15:36.775+0000] {standard_task_runner.py:91} INFO - Job 881: Subtask upload_short_video_3
[2026-08-22T07:15:36.842+0000] {task_command.py:426} INFO - Running <TaskInstance: youtube_english_video_pipeline.upload_short_video_3 scheduled__2026-08-20T12:00:00+00:00 [running]> on host cc859d74cf38
[2026-08-22T07:15:37.040+0000] {taskinstance.py:2648} INFO - Exporting env vars: AIRFLOW_CTX_DAG_OWNER='taky' AIRFLOW_CTX_DAG_ID='youtube_english_video_pipeline' AIRFLOW_CTX_TASK_ID='upload_short_video_3' AIRFLOW_CTX_EXECUTION_DATE='2026-08-20T12:00:00+00:00' AIRFLOW_CTX_TRY_NUMBER='1' AIRFLOW_CTX_DAG_RUN_ID='scheduled__2026-08-20T12:00:00+00:00'
[2026-08-22T07:15:37.041+0000] {taskinstance.py:430} INFO - ::endgroup::
[2026-08-22T07:15:37.298+0000] {__init__.py:49} INFO - file_cache is only supported with oauth2client<4.0.0
[2026-08-22T07:15:37.304+0000] {logging_mixin.py:188} INFO - 2026-08-22 07:15:37,304 | INFO     | uploader.youtube_uploader | Uploading video 'How to Check In at a Hotel in English! 🏨 Travel English Practice #Shorts' (/opt/airflow/output/videos/short_2265.mp4) to YouTube...
[2026-08-22T07:15:40.293+0000] {logging_mixin.py:188} INFO - 2026-08-22 07:15:40,292 | INFO     | uploader.youtube_uploader | Upload complete. YouTube video id = JzNzAA_DAwc
[2026-08-22T07:15:40.307+0000] {python.py:237} INFO - Done. Returned value was: JzNzAA_DAwc
[2026-08-22T07:15:40.308+0000] {taskinstance.py:441} INFO - ::group::Post task execution logs
[2026-08-22T07:15:40.327+0000] {taskinstance.py:1206} INFO - Marking task as SUCCESS. dag_id=youtube_english_video_pipeline, task_id=upload_short_video_3, run_id=scheduled__2026-08-20T12:00:00+00:00, execution_date=20260820T120000, start_date=20260822T071536, end_date=20260822T071540
[2026-08-22T07:15:40.361+0000] {local_task_job_runner.py:243} INFO - Task exited with return code 0
[2026-08-22T07:15:40.390+0000] {taskinstance.py:3503} INFO - 1 downstream tasks scheduled from follow-on schedule check
[2026-08-22T07:15:40.393+0000] {local_task_job_runner.py:222} INFO - ::endgroup::
