[2026-08-11T02:33:53.930+0000] {local_task_job_runner.py:120} INFO - ::group::Pre task execution logs
[2026-08-11T02:33:53.983+0000] {taskinstance.py:2076} INFO - Dependencies all met for dep_context=non-requeueable deps ti=<TaskInstance: youtube_english_video_pipeline.build_short_video_3 manual__2026-08-11T02:25:49.703167+00:00 [queued]>
[2026-08-11T02:33:53.996+0000] {taskinstance.py:2076} INFO - Dependencies all met for dep_context=requeueable deps ti=<TaskInstance: youtube_english_video_pipeline.build_short_video_3 manual__2026-08-11T02:25:49.703167+00:00 [queued]>
[2026-08-11T02:33:54.001+0000] {taskinstance.py:2306} INFO - Starting attempt 1 of 3
[2026-08-11T02:33:54.021+0000] {taskinstance.py:2330} INFO - Executing <Task(PythonOperator): build_short_video_3> on 2026-08-11 02:25:49.703167+00:00
[2026-08-11T02:33:54.030+0000] {standard_task_runner.py:64} INFO - Started process 89261 to run task
[2026-08-11T02:33:54.035+0000] {standard_task_runner.py:90} INFO - Running: ['airflow', 'tasks', 'run', 'youtube_english_video_pipeline', 'build_short_video_3', 'manual__2026-08-11T02:25:49.703167+00:00', '--job-id', '645', '--raw', '--subdir', 'DAGS_FOLDER/youtube_pipeline.py', '--cfg-path', '/tmp/tmp6es0_l6n']
[2026-08-11T02:33:54.038+0000] {standard_task_runner.py:91} INFO - Job 645: Subtask build_short_video_3
[2026-08-11T02:33:54.144+0000] {task_command.py:426} INFO - Running <TaskInstance: youtube_english_video_pipeline.build_short_video_3 manual__2026-08-11T02:25:49.703167+00:00 [running]> on host cc859d74cf38
[2026-08-11T02:33:54.376+0000] {taskinstance.py:2648} INFO - Exporting env vars: AIRFLOW_CTX_DAG_OWNER='taky' AIRFLOW_CTX_DAG_ID='youtube_english_video_pipeline' AIRFLOW_CTX_TASK_ID='build_short_video_3' AIRFLOW_CTX_EXECUTION_DATE='2026-08-11T02:25:49.703167+00:00' AIRFLOW_CTX_TRY_NUMBER='1' AIRFLOW_CTX_DAG_RUN_ID='manual__2026-08-11T02:25:49.703167+00:00'
[2026-08-11T02:33:54.383+0000] {taskinstance.py:430} INFO - ::endgroup::
[2026-08-11T02:33:55.590+0000] {logging_mixin.py:188} INFO - 2026-08-11 02:33:55,589 | INFO     | planner.video_planner | Planned SHORT video: topic='Airport English', phrases=1
[2026-08-11T02:33:56.033+0000] {logging_mixin.py:188} INFO - 2026-08-11 02:33:56,033 | INFO     | tts.edge_tts | Synthesized audio -> /opt/airflow/output/audio/phrase_1493.mp3
[2026-08-11T02:33:56.542+0000] {logging_mixin.py:188} INFO - 2026-08-11 02:33:56,542 | INFO     | tts.edge_tts | Synthesized audio -> /opt/airflow/output/audio/example_1493.mp3
[2026-08-11T02:33:56.798+0000] {logging_mixin.py:188} INFO - 2026-08-11 02:33:56,798 | INFO     | media.image_downloader | Downloaded background image for scene='airport' -> /opt/airflow/output/images/short_1493.jpg
[2026-08-11T02:34:00.813+0000] {logging_mixin.py:188} INFO - 2026-08-11 02:34:00,813 | WARNING  | video.video_builder | BGM file not found at /opt/airflow/assets/bgm/short_bgm.mp3, rendering without background music
[2026-08-11T02:34:02.645+0000] {logging_mixin.py:188} INFO - 2026-08-11 02:34:02,645 | INFO     | video.video_builder | Final video rendered -> /opt/airflow/output/videos/short_1493.mp4
[2026-08-11T02:34:09.270+0000] {python.py:237} INFO - Done. Returned value was: {'video_id': 176, 'file_path': '/opt/airflow/output/videos/short_1493.mp4', 'title': 'Essential Airport English: Where is the baggage claim? ✈️ #Shorts', 'description': 'Master essential Airport English with Taky\'s Language School! ✈️🧳\n\nLearn how to ask for your luggage easily when traveling abroad.\n\nKey Phrase:\n👉 "Where is the baggage claim?"\n\nExample:\n"After passing through customs, I asked an officer where the baggage claim was located."\n\nSubscribe to Taky\'s Language School for quick daily English tips, practical spoken English, and travel vocabulary!\n\n#AirportEnglish #LearnEnglish #EnglishVocabulary #Shorts #TakysLanguageSchool #SpeakEnglish #TravelEnglish', 'tags': ['Airport English', 'Where is the baggage claim', 'Learn English', "Taky's Language School", 'Travel English', 'Spoken English', 'English vocabulary', 'English phrases', 'English Shorts', 'English speaking practice'], 'video_type': 'short'}
[2026-08-11T02:34:09.273+0000] {taskinstance.py:441} INFO - ::group::Post task execution logs
[2026-08-11T02:34:09.297+0000] {taskinstance.py:1206} INFO - Marking task as SUCCESS. dag_id=youtube_english_video_pipeline, task_id=build_short_video_3, run_id=manual__2026-08-11T02:25:49.703167+00:00, execution_date=20260811T022549, start_date=20260811T023353, end_date=20260811T023409
[2026-08-11T02:34:09.339+0000] {local_task_job_runner.py:243} INFO - Task exited with return code 0
[2026-08-11T02:34:09.543+0000] {taskinstance.py:3503} INFO - 1 downstream tasks scheduled from follow-on schedule check
[2026-08-11T02:34:09.554+0000] {local_task_job_runner.py:222} INFO - ::endgroup::
