[2026-07-25T08:33:40.691+0000] {local_task_job_runner.py:120} INFO - ::group::Pre task execution logs
[2026-07-25T08:33:40.716+0000] {taskinstance.py:2076} INFO - Dependencies all met for dep_context=non-requeueable deps ti=<TaskInstance: youtube_english_video_pipeline.upload_long_video_4 manual__2026-07-25T08:23:54.309173+00:00 [queued]>
[2026-07-25T08:33:40.722+0000] {taskinstance.py:2076} INFO - Dependencies all met for dep_context=requeueable deps ti=<TaskInstance: youtube_english_video_pipeline.upload_long_video_4 manual__2026-07-25T08:23:54.309173+00:00 [queued]>
[2026-07-25T08:33:40.723+0000] {taskinstance.py:2306} INFO - Starting attempt 1 of 3
[2026-07-25T08:33:40.733+0000] {taskinstance.py:2330} INFO - Executing <Task(PythonOperator): upload_long_video_4> on 2026-07-25 08:23:54.309173+00:00
[2026-07-25T08:33:40.738+0000] {standard_task_runner.py:64} INFO - Started process 21079 to run task
[2026-07-25T08:33:40.740+0000] {standard_task_runner.py:90} INFO - Running: ['airflow', 'tasks', 'run', 'youtube_english_video_pipeline', 'upload_long_video_4', 'manual__2026-07-25T08:23:54.309173+00:00', '--job-id', '254', '--raw', '--subdir', 'DAGS_FOLDER/youtube_pipeline.py', '--cfg-path', '/tmp/tmp5qggw_zk']
[2026-07-25T08:33:40.742+0000] {standard_task_runner.py:91} INFO - Job 254: Subtask upload_long_video_4
[2026-07-25T08:33:40.809+0000] {task_command.py:426} INFO - Running <TaskInstance: youtube_english_video_pipeline.upload_long_video_4 manual__2026-07-25T08:23:54.309173+00:00 [running]> on host ce8e21912c19
[2026-07-25T08:33:40.976+0000] {taskinstance.py:2648} INFO - Exporting env vars: AIRFLOW_CTX_DAG_OWNER='taky' AIRFLOW_CTX_DAG_ID='youtube_english_video_pipeline' AIRFLOW_CTX_TASK_ID='upload_long_video_4' AIRFLOW_CTX_EXECUTION_DATE='2026-07-25T08:23:54.309173+00:00' AIRFLOW_CTX_TRY_NUMBER='1' AIRFLOW_CTX_DAG_RUN_ID='manual__2026-07-25T08:23:54.309173+00:00'
[2026-07-25T08:33:40.977+0000] {taskinstance.py:430} INFO - ::endgroup::
[2026-07-25T08:33:41.203+0000] {__init__.py:49} INFO - file_cache is only supported with oauth2client<4.0.0
[2026-07-25T08:33:41.209+0000] {logging_mixin.py:188} INFO - 2026-07-25 08:33:41,209 | INFO     | uploader.youtube_uploader | Uploading video 'Master Restaurant English! 19 Essential Phrases | Taky's Language School' (/opt/airflow/output/videos/long_244.mp4) to YouTube...
[2026-07-25T08:33:45.144+0000] {logging_mixin.py:188} INFO - 2026-07-25 08:33:45,143 | INFO     | uploader.youtube_uploader | Upload complete. YouTube video id = Cr-3MtunW1Q
[2026-07-25T08:33:49.133+0000] {logging_mixin.py:188} INFO - 2026-07-25 08:33:49,133 | INFO     | uploader.youtube_uploader | Custom thumbnail uploaded.
[2026-07-25T08:33:49.148+0000] {python.py:237} INFO - Done. Returned value was: Cr-3MtunW1Q
[2026-07-25T08:33:49.149+0000] {taskinstance.py:441} INFO - ::group::Post task execution logs
[2026-07-25T08:33:49.169+0000] {taskinstance.py:1206} INFO - Marking task as SUCCESS. dag_id=youtube_english_video_pipeline, task_id=upload_long_video_4, run_id=manual__2026-07-25T08:23:54.309173+00:00, execution_date=20260725T082354, start_date=20260725T083340, end_date=20260725T083349
[2026-07-25T08:33:49.201+0000] {local_task_job_runner.py:243} INFO - Task exited with return code 0
[2026-07-25T08:33:49.319+0000] {taskinstance.py:3503} INFO - 1 downstream tasks scheduled from follow-on schedule check
[2026-07-25T08:33:49.323+0000] {local_task_job_runner.py:222} INFO - ::endgroup::
