[2026-07-27T01:47:31.760+0000] {local_task_job_runner.py:120} INFO - ::group::Pre task execution logs
[2026-07-27T01:47:31.823+0000] {taskinstance.py:2076} INFO - Dependencies all met for dep_context=non-requeueable deps ti=<TaskInstance: youtube_english_video_pipeline.upload_short_video_7 scheduled__2026-07-25T12:00:00+00:00 [queued]>
[2026-07-27T01:47:31.840+0000] {taskinstance.py:2076} INFO - Dependencies all met for dep_context=requeueable deps ti=<TaskInstance: youtube_english_video_pipeline.upload_short_video_7 scheduled__2026-07-25T12:00:00+00:00 [queued]>
[2026-07-27T01:47:31.845+0000] {taskinstance.py:2306} INFO - Starting attempt 1 of 3
[2026-07-27T01:47:31.868+0000] {taskinstance.py:2330} INFO - Executing <Task(PythonOperator): upload_short_video_7> on 2026-07-25 12:00:00+00:00
[2026-07-27T01:47:31.876+0000] {standard_task_runner.py:64} INFO - Started process 47842 to run task
[2026-07-27T01:47:31.883+0000] {standard_task_runner.py:90} INFO - Running: ['airflow', 'tasks', 'run', 'youtube_english_video_pipeline', 'upload_short_video_7', 'scheduled__2026-07-25T12:00:00+00:00', '--job-id', '396', '--raw', '--subdir', 'DAGS_FOLDER/youtube_pipeline.py', '--cfg-path', '/tmp/tmpwbdcc_bd']
[2026-07-27T01:47:31.891+0000] {standard_task_runner.py:91} INFO - Job 396: Subtask upload_short_video_7
[2026-07-27T01:47:32.048+0000] {task_command.py:426} INFO - Running <TaskInstance: youtube_english_video_pipeline.upload_short_video_7 scheduled__2026-07-25T12:00:00+00:00 [running]> on host cc859d74cf38
[2026-07-27T01:47:32.403+0000] {taskinstance.py:2648} INFO - Exporting env vars: AIRFLOW_CTX_DAG_OWNER='taky' AIRFLOW_CTX_DAG_ID='youtube_english_video_pipeline' AIRFLOW_CTX_TASK_ID='upload_short_video_7' AIRFLOW_CTX_EXECUTION_DATE='2026-07-25T12:00:00+00:00' AIRFLOW_CTX_TRY_NUMBER='1' AIRFLOW_CTX_DAG_RUN_ID='scheduled__2026-07-25T12:00:00+00:00'
[2026-07-27T01:47:32.405+0000] {taskinstance.py:430} INFO - ::endgroup::
[2026-07-27T01:47:33.125+0000] {__init__.py:49} INFO - file_cache is only supported with oauth2client<4.0.0
[2026-07-27T01:47:33.142+0000] {logging_mixin.py:188} INFO - 2026-07-27 01:47:33,142 | INFO     | uploader.youtube_uploader | Uploading video 'Don't Get Lost at the Airport! ✈️ Essential Airport English #Shorts' (/opt/airflow/output/videos/short_677.mp4) to YouTube...
[2026-07-27T01:47:35.837+0000] {logging_mixin.py:188} INFO - 2026-07-27 01:47:35,836 | INFO     | uploader.youtube_uploader | Upload complete. YouTube video id = eSuQ_SW5P88
[2026-07-27T01:47:35.860+0000] {python.py:237} INFO - Done. Returned value was: eSuQ_SW5P88
[2026-07-27T01:47:35.862+0000] {taskinstance.py:441} INFO - ::group::Post task execution logs
[2026-07-27T01:47:35.916+0000] {taskinstance.py:1206} INFO - Marking task as SUCCESS. dag_id=youtube_english_video_pipeline, task_id=upload_short_video_7, run_id=scheduled__2026-07-25T12:00:00+00:00, execution_date=20260725T120000, start_date=20260727T014731, end_date=20260727T014735
[2026-07-27T01:47:35.969+0000] {local_task_job_runner.py:243} INFO - Task exited with return code 0
[2026-07-27T01:47:36.209+0000] {taskinstance.py:3503} INFO - 1 downstream tasks scheduled from follow-on schedule check
[2026-07-27T01:47:36.216+0000] {local_task_job_runner.py:222} INFO - ::endgroup::
