[2026-09-20T11:24:54.604+0000] {local_task_job_runner.py:120} INFO - ::group::Pre task execution logs
[2026-09-20T11:24:54.667+0000] {taskinstance.py:2076} INFO - Dependencies all met for dep_context=non-requeueable deps ti=<TaskInstance: youtube_english_video_pipeline.upload_short_video_9 manual__2026-09-20T11:03:20.949531+00:00 [queued]>
[2026-09-20T11:24:54.682+0000] {taskinstance.py:2076} INFO - Dependencies all met for dep_context=requeueable deps ti=<TaskInstance: youtube_english_video_pipeline.upload_short_video_9 manual__2026-09-20T11:03:20.949531+00:00 [queued]>
[2026-09-20T11:24:54.684+0000] {taskinstance.py:2306} INFO - Starting attempt 1 of 3
[2026-09-20T11:24:54.701+0000] {taskinstance.py:2330} INFO - Executing <Task(PythonOperator): upload_short_video_9> on 2026-09-20 11:03:20.949531+00:00
[2026-09-20T11:24:54.709+0000] {standard_task_runner.py:64} INFO - Started process 58645 to run task
[2026-09-20T11:24:54.714+0000] {standard_task_runner.py:90} INFO - Running: ['airflow', 'tasks', 'run', 'youtube_english_video_pipeline', 'upload_short_video_9', 'manual__2026-09-20T11:03:20.949531+00:00', '--job-id', '1354', '--raw', '--subdir', 'DAGS_FOLDER/youtube_pipeline.py', '--cfg-path', '/tmp/tmpodz5sxco']
[2026-09-20T11:24:54.718+0000] {standard_task_runner.py:91} INFO - Job 1354: Subtask upload_short_video_9
[2026-09-20T11:24:54.799+0000] {task_command.py:426} INFO - Running <TaskInstance: youtube_english_video_pipeline.upload_short_video_9 manual__2026-09-20T11:03:20.949531+00:00 [running]> on host 73b18333cdfe
[2026-09-20T11:24:55.105+0000] {taskinstance.py:2648} INFO - Exporting env vars: AIRFLOW_CTX_DAG_OWNER='taky' AIRFLOW_CTX_DAG_ID='youtube_english_video_pipeline' AIRFLOW_CTX_TASK_ID='upload_short_video_9' AIRFLOW_CTX_EXECUTION_DATE='2026-09-20T11:03:20.949531+00:00' AIRFLOW_CTX_TRY_NUMBER='1' AIRFLOW_CTX_DAG_RUN_ID='manual__2026-09-20T11:03:20.949531+00:00'
[2026-09-20T11:24:55.107+0000] {taskinstance.py:430} INFO - ::endgroup::
[2026-09-20T11:24:55.481+0000] {__init__.py:49} INFO - file_cache is only supported with oauth2client<4.0.0
[2026-09-20T11:24:55.491+0000] {logging_mixin.py:188} INFO - 2026-09-20 11:24:55,491 | INFO     | uploader.youtube_uploader | Uploading video 'How long will it take? | Useful English Phrases for Daily Life' (/opt/airflow/output/videos/short_3070.mp4) to YouTube...
[2026-09-20T11:24:58.221+0000] {logging_mixin.py:188} INFO - 2026-09-20 11:24:58,221 | INFO     | uploader.youtube_uploader | Upload complete. YouTube video id = sZ9ZsXiomgs
[2026-09-20T11:24:58.235+0000] {python.py:237} INFO - Done. Returned value was: sZ9ZsXiomgs
[2026-09-20T11:24:58.236+0000] {taskinstance.py:441} INFO - ::group::Post task execution logs
[2026-09-20T11:24:58.269+0000] {taskinstance.py:1206} INFO - Marking task as SUCCESS. dag_id=youtube_english_video_pipeline, task_id=upload_short_video_9, run_id=manual__2026-09-20T11:03:20.949531+00:00, execution_date=20260920T110320, start_date=20260920T112454, end_date=20260920T112458
[2026-09-20T11:24:58.305+0000] {local_task_job_runner.py:243} INFO - Task exited with return code 0
[2026-09-20T11:24:58.341+0000] {taskinstance.py:3503} INFO - 1 downstream tasks scheduled from follow-on schedule check
[2026-09-20T11:24:58.352+0000] {local_task_job_runner.py:222} INFO - ::endgroup::
