[2026-07-29T12:41:32.333+0000] {local_task_job_runner.py:120} INFO - ::group::Pre task execution logs
[2026-07-29T12:41:32.417+0000] {taskinstance.py:2076} INFO - Dependencies all met for dep_context=non-requeueable deps ti=<TaskInstance: youtube_english_video_pipeline.upload_long_video_3 scheduled__2026-07-28T12:00:00+00:00 [queued]>
[2026-07-29T12:41:32.434+0000] {taskinstance.py:2076} INFO - Dependencies all met for dep_context=requeueable deps ti=<TaskInstance: youtube_english_video_pipeline.upload_long_video_3 scheduled__2026-07-28T12:00:00+00:00 [queued]>
[2026-07-29T12:41:32.437+0000] {taskinstance.py:2306} INFO - Starting attempt 1 of 3
[2026-07-29T12:41:32.464+0000] {taskinstance.py:2330} INFO - Executing <Task(PythonOperator): upload_long_video_3> on 2026-07-28 12:00:00+00:00
[2026-07-29T12:41:32.471+0000] {standard_task_runner.py:64} INFO - Started process 50256 to run task
[2026-07-29T12:41:32.476+0000] {standard_task_runner.py:90} INFO - Running: ['airflow', 'tasks', 'run', 'youtube_english_video_pipeline', 'upload_long_video_3', 'scheduled__2026-07-28T12:00:00+00:00', '--job-id', '551', '--raw', '--subdir', 'DAGS_FOLDER/youtube_pipeline.py', '--cfg-path', '/tmp/tmpksvp_8pj']
[2026-07-29T12:41:32.480+0000] {standard_task_runner.py:91} INFO - Job 551: Subtask upload_long_video_3
[2026-07-29T12:41:32.608+0000] {task_command.py:426} INFO - Running <TaskInstance: youtube_english_video_pipeline.upload_long_video_3 scheduled__2026-07-28T12:00:00+00:00 [running]> on host cc859d74cf38
[2026-07-29T12:41:33.065+0000] {taskinstance.py:2648} INFO - Exporting env vars: AIRFLOW_CTX_DAG_OWNER='taky' AIRFLOW_CTX_DAG_ID='youtube_english_video_pipeline' AIRFLOW_CTX_TASK_ID='upload_long_video_3' AIRFLOW_CTX_EXECUTION_DATE='2026-07-28T12:00:00+00:00' AIRFLOW_CTX_TRY_NUMBER='1' AIRFLOW_CTX_DAG_RUN_ID='scheduled__2026-07-28T12:00:00+00:00'
[2026-07-29T12:41:33.068+0000] {taskinstance.py:430} INFO - ::endgroup::
[2026-07-29T12:41:33.647+0000] {__init__.py:49} INFO - file_cache is only supported with oauth2client<4.0.0
[2026-07-29T12:41:33.673+0000] {logging_mixin.py:188} INFO - 2026-07-29 12:41:33,673 | INFO     | uploader.youtube_uploader | Uploading video 'Speak English at Restaurants: 20 Essential Phrases | Taky's Language School' (/opt/airflow/output/videos/long_1299.mp4) to YouTube...
[2026-07-29T12:41:40.751+0000] {logging_mixin.py:188} INFO - 2026-07-29 12:41:40,751 | INFO     | uploader.youtube_uploader | Upload complete. YouTube video id = GYDVQzjgpi0
[2026-07-29T12:41:44.437+0000] {logging_mixin.py:188} INFO - 2026-07-29 12:41:44,437 | INFO     | uploader.youtube_uploader | Custom thumbnail uploaded.
[2026-07-29T12:41:44.460+0000] {python.py:237} INFO - Done. Returned value was: GYDVQzjgpi0
[2026-07-29T12:41:44.462+0000] {taskinstance.py:441} INFO - ::group::Post task execution logs
[2026-07-29T12:41:44.506+0000] {taskinstance.py:1206} INFO - Marking task as SUCCESS. dag_id=youtube_english_video_pipeline, task_id=upload_long_video_3, run_id=scheduled__2026-07-28T12:00:00+00:00, execution_date=20260728T120000, start_date=20260729T124132, end_date=20260729T124144
[2026-07-29T12:41:44.577+0000] {local_task_job_runner.py:243} INFO - Task exited with return code 0
[2026-07-29T12:41:44.841+0000] {taskinstance.py:3503} INFO - 1 downstream tasks scheduled from follow-on schedule check
[2026-07-29T12:41:44.848+0000] {local_task_job_runner.py:222} INFO - ::endgroup::
