[2026-07-28T13:01:36.880+0000] {local_task_job_runner.py:120} INFO - ::group::Pre task execution logs
[2026-07-28T13:01:36.908+0000] {taskinstance.py:2076} INFO - Dependencies all met for dep_context=non-requeueable deps ti=<TaskInstance: youtube_english_video_pipeline.upload_long_video_9 scheduled__2026-07-27T12:00:00+00:00 [queued]>
[2026-07-28T13:01:36.915+0000] {taskinstance.py:2076} INFO - Dependencies all met for dep_context=requeueable deps ti=<TaskInstance: youtube_english_video_pipeline.upload_long_video_9 scheduled__2026-07-27T12:00:00+00:00 [queued]>
[2026-07-28T13:01:36.918+0000] {taskinstance.py:2306} INFO - Starting attempt 1 of 3
[2026-07-28T13:01:36.928+0000] {taskinstance.py:2330} INFO - Executing <Task(PythonOperator): upload_long_video_9> on 2026-07-27 12:00:00+00:00
[2026-07-28T13:01:36.933+0000] {standard_task_runner.py:64} INFO - Started process 36455 to run task
[2026-07-28T13:01:36.935+0000] {standard_task_runner.py:90} INFO - Running: ['airflow', 'tasks', 'run', 'youtube_english_video_pipeline', 'upload_long_video_9', 'scheduled__2026-07-27T12:00:00+00:00', '--job-id', '531', '--raw', '--subdir', 'DAGS_FOLDER/youtube_pipeline.py', '--cfg-path', '/tmp/tmpv_0m6qhk']
[2026-07-28T13:01:36.938+0000] {standard_task_runner.py:91} INFO - Job 531: Subtask upload_long_video_9
[2026-07-28T13:01:37.007+0000] {task_command.py:426} INFO - Running <TaskInstance: youtube_english_video_pipeline.upload_long_video_9 scheduled__2026-07-27T12:00:00+00:00 [running]> on host cc859d74cf38
[2026-07-28T13:01:37.183+0000] {taskinstance.py:2648} INFO - Exporting env vars: AIRFLOW_CTX_DAG_OWNER='taky' AIRFLOW_CTX_DAG_ID='youtube_english_video_pipeline' AIRFLOW_CTX_TASK_ID='upload_long_video_9' AIRFLOW_CTX_EXECUTION_DATE='2026-07-27T12:00:00+00:00' AIRFLOW_CTX_TRY_NUMBER='1' AIRFLOW_CTX_DAG_RUN_ID='scheduled__2026-07-27T12:00:00+00:00'
[2026-07-28T13:01:37.184+0000] {taskinstance.py:430} INFO - ::endgroup::
[2026-07-28T13:01:37.632+0000] {__init__.py:49} INFO - file_cache is only supported with oauth2client<4.0.0
[2026-07-28T13:01:37.640+0000] {logging_mixin.py:188} INFO - 2026-07-28 13:01:37,640 | INFO     | uploader.youtube_uploader | Uploading video '20 Daily English Expressions | Mixed English Expressions' (/opt/airflow/output/videos/long_1145.mp4) to YouTube...
[2026-07-28T13:01:44.775+0000] {logging_mixin.py:188} INFO - 2026-07-28 13:01:44,775 | INFO     | uploader.youtube_uploader | Upload complete. YouTube video id = 0USah-3C-Ac
[2026-07-28T13:01:51.217+0000] {logging_mixin.py:188} INFO - 2026-07-28 13:01:51,216 | INFO     | uploader.youtube_uploader | Custom thumbnail uploaded.
[2026-07-28T13:01:51.232+0000] {python.py:237} INFO - Done. Returned value was: 0USah-3C-Ac
[2026-07-28T13:01:51.233+0000] {taskinstance.py:441} INFO - ::group::Post task execution logs
[2026-07-28T13:01:51.257+0000] {taskinstance.py:1206} INFO - Marking task as SUCCESS. dag_id=youtube_english_video_pipeline, task_id=upload_long_video_9, run_id=scheduled__2026-07-27T12:00:00+00:00, execution_date=20260727T120000, start_date=20260728T130136, end_date=20260728T130151
[2026-07-28T13:01:51.325+0000] {local_task_job_runner.py:243} INFO - Task exited with return code 0
[2026-07-28T13:01:51.448+0000] {taskinstance.py:3503} INFO - 1 downstream tasks scheduled from follow-on schedule check
[2026-07-28T13:01:51.457+0000] {local_task_job_runner.py:222} INFO - ::endgroup::
