[2026-07-27T01:33:02.024+0000] {local_task_job_runner.py:120} INFO - ::group::Pre task execution logs
[2026-07-27T01:33:02.109+0000] {taskinstance.py:2076} INFO - Dependencies all met for dep_context=non-requeueable deps ti=<TaskInstance: youtube_english_video_pipeline.build_short_video_3 scheduled__2026-07-25T12:00:00+00:00 [queued]>
[2026-07-27T01:33:02.128+0000] {taskinstance.py:2076} INFO - Dependencies all met for dep_context=requeueable deps ti=<TaskInstance: youtube_english_video_pipeline.build_short_video_3 scheduled__2026-07-25T12:00:00+00:00 [queued]>
[2026-07-27T01:33:02.131+0000] {taskinstance.py:2306} INFO - Starting attempt 1 of 3
[2026-07-27T01:33:02.157+0000] {taskinstance.py:2330} INFO - Executing <Task(PythonOperator): build_short_video_3> on 2026-07-25 12:00:00+00:00
[2026-07-27T01:33:02.169+0000] {standard_task_runner.py:64} INFO - Started process 34493 to run task
[2026-07-27T01:33:02.176+0000] {standard_task_runner.py:90} INFO - Running: ['airflow', 'tasks', 'run', 'youtube_english_video_pipeline', 'build_short_video_3', 'scheduled__2026-07-25T12:00:00+00:00', '--job-id', '375', '--raw', '--subdir', 'DAGS_FOLDER/youtube_pipeline.py', '--cfg-path', '/tmp/tmpd8ljvtpd']
[2026-07-27T01:33:02.184+0000] {standard_task_runner.py:91} INFO - Job 375: Subtask build_short_video_3
[2026-07-27T01:33:02.357+0000] {task_command.py:426} INFO - Running <TaskInstance: youtube_english_video_pipeline.build_short_video_3 scheduled__2026-07-25T12:00:00+00:00 [running]> on host cc859d74cf38
[2026-07-27T01:33:02.898+0000] {taskinstance.py:2648} INFO - Exporting env vars: AIRFLOW_CTX_DAG_OWNER='taky' AIRFLOW_CTX_DAG_ID='youtube_english_video_pipeline' AIRFLOW_CTX_TASK_ID='build_short_video_3' AIRFLOW_CTX_EXECUTION_DATE='2026-07-25T12:00:00+00:00' AIRFLOW_CTX_TRY_NUMBER='1' AIRFLOW_CTX_DAG_RUN_ID='scheduled__2026-07-25T12:00:00+00:00'
[2026-07-27T01:33:02.901+0000] {taskinstance.py:430} INFO - ::endgroup::
[2026-07-27T01:33:04.583+0000] {logging_mixin.py:188} INFO - 2026-07-27 01:33:04,582 | INFO     | planner.video_planner | Planned SHORT video: topic='Hotel English', phrases=1
[2026-07-27T01:33:04.901+0000] {logging_mixin.py:188} INFO - 2026-07-27 01:33:04,901 | INFO     | tts.edge_tts | Synthesized audio -> /opt/airflow/output/audio/phrase_598.mp3
[2026-07-27T01:33:05.346+0000] {logging_mixin.py:188} INFO - 2026-07-27 01:33:05,346 | INFO     | tts.edge_tts | Synthesized audio -> /opt/airflow/output/audio/example_598.mp3
[2026-07-27T01:33:05.724+0000] {logging_mixin.py:188} INFO - 2026-07-27 01:33:05,724 | INFO     | media.image_downloader | Downloaded background image for scene='hotel' -> /opt/airflow/output/images/short_598.jpg
[2026-07-27T01:33:10.817+0000] {logging_mixin.py:188} INFO - 2026-07-27 01:33:10,817 | WARNING  | video.video_builder | BGM file not found at /opt/airflow/assets/bgm/short_bgm.mp3, rendering without background music
[2026-07-27T01:33:13.892+0000] {logging_mixin.py:188} INFO - 2026-07-27 01:33:13,892 | INFO     | video.video_builder | Final video rendered -> /opt/airflow/output/videos/short_598.mp4
[2026-07-27T01:33:20.216+0000] {python.py:237} INFO - Done. Returned value was: {'video_id': 79, 'file_path': '/opt/airflow/output/videos/short_598.mp4', 'title': 'Hotel English: How to Ask for Extra Towels! 🏨 #Shorts', 'description': 'Need extra towels at your hotel? Here is a simple, polite way to ask reception in English!\n\nUseful Phrase:\n"Could I get some extra towels sent up to room 304?"\n\nMaster practical spoken English with Taky\'s Language School! Subscribe for daily English tips, travel vocabulary, and real-world conversation practice.\n\n#HotelEnglish #LearnEnglish #TravelEnglish #EnglishShorts #TakysLanguageSchool', 'tags': ['hotel english', 'travel english', 'learn english', 'english phrases', 'hotel vocabulary', 'spoken english', 'english conversation', 'asking for towels in english', 'takys language school', 'english shorts'], 'video_type': 'short'}
[2026-07-27T01:33:20.219+0000] {taskinstance.py:441} INFO - ::group::Post task execution logs
[2026-07-27T01:33:20.291+0000] {taskinstance.py:1206} INFO - Marking task as SUCCESS. dag_id=youtube_english_video_pipeline, task_id=build_short_video_3, run_id=scheduled__2026-07-25T12:00:00+00:00, execution_date=20260725T120000, start_date=20260727T013302, end_date=20260727T013320
[2026-07-27T01:33:20.369+0000] {local_task_job_runner.py:243} INFO - Task exited with return code 0
[2026-07-27T01:33:20.737+0000] {taskinstance.py:3503} INFO - 1 downstream tasks scheduled from follow-on schedule check
[2026-07-27T01:33:20.746+0000] {local_task_job_runner.py:222} INFO - ::endgroup::
