[2026-09-20T12:19:39.254+0000] {local_task_job_runner.py:120} INFO - ::group::Pre task execution logs
[2026-09-20T12:19:39.280+0000] {taskinstance.py:2076} INFO - Dependencies all met for dep_context=non-requeueable deps ti=<TaskInstance: youtube_english_video_pipeline.upload_long_video_8 scheduled__2026-09-19T12:00:00+00:00 [queued]>
[2026-09-20T12:19:39.286+0000] {taskinstance.py:2076} INFO - Dependencies all met for dep_context=requeueable deps ti=<TaskInstance: youtube_english_video_pipeline.upload_long_video_8 scheduled__2026-09-19T12:00:00+00:00 [queued]>
[2026-09-20T12:19:39.286+0000] {taskinstance.py:2306} INFO - Starting attempt 1 of 3
[2026-09-20T12:19:39.295+0000] {taskinstance.py:2330} INFO - Executing <Task(PythonOperator): upload_long_video_8> on 2026-09-19 12:00:00+00:00
[2026-09-20T12:19:39.298+0000] {standard_task_runner.py:64} INFO - Started process 91577 to run task
[2026-09-20T12:19:39.300+0000] {standard_task_runner.py:90} INFO - Running: ['airflow', 'tasks', 'run', 'youtube_english_video_pipeline', 'upload_long_video_8', 'scheduled__2026-09-19T12:00:00+00:00', '--job-id', '1401', '--raw', '--subdir', 'DAGS_FOLDER/youtube_pipeline.py', '--cfg-path', '/tmp/tmpjb2e_jno']
[2026-09-20T12:19:39.302+0000] {standard_task_runner.py:91} INFO - Job 1401: Subtask upload_long_video_8
[2026-09-20T12:19:39.342+0000] {task_command.py:426} INFO - Running <TaskInstance: youtube_english_video_pipeline.upload_long_video_8 scheduled__2026-09-19T12:00:00+00:00 [running]> on host 73b18333cdfe
[2026-09-20T12:19:39.498+0000] {taskinstance.py:2648} INFO - Exporting env vars: AIRFLOW_CTX_DAG_OWNER='taky' AIRFLOW_CTX_DAG_ID='youtube_english_video_pipeline' AIRFLOW_CTX_TASK_ID='upload_long_video_8' AIRFLOW_CTX_EXECUTION_DATE='2026-09-19T12:00:00+00:00' AIRFLOW_CTX_TRY_NUMBER='1' AIRFLOW_CTX_DAG_RUN_ID='scheduled__2026-09-19T12:00:00+00:00'
[2026-09-20T12:19:39.499+0000] {taskinstance.py:430} INFO - ::endgroup::
[2026-09-20T12:19:39.629+0000] {__init__.py:49} INFO - file_cache is only supported with oauth2client<4.0.0
[2026-09-20T12:19:39.633+0000] {logging_mixin.py:188} INFO - 2026-09-20 12:19:39,633 | INFO     | uploader.youtube_uploader | Uploading video 'Master Small Talk: 15 Essential English Phrases for Natural Conversation' (/opt/airflow/output/videos/long_3349.mp4) to YouTube...
[2026-09-20T12:19:42.864+0000] {logging_mixin.py:188} INFO - 2026-09-20 12:19:42,864 | INFO     | uploader.youtube_uploader | Upload complete. YouTube video id = nASce3-X0vs
[2026-09-20T12:19:46.885+0000] {logging_mixin.py:188} INFO - 2026-09-20 12:19:46,884 | INFO     | uploader.youtube_uploader | Custom thumbnail uploaded.
[2026-09-20T12:19:46.911+0000] {python.py:237} INFO - Done. Returned value was: nASce3-X0vs
[2026-09-20T12:19:46.911+0000] {taskinstance.py:441} INFO - ::group::Post task execution logs
[2026-09-20T12:19:46.928+0000] {taskinstance.py:1206} INFO - Marking task as SUCCESS. dag_id=youtube_english_video_pipeline, task_id=upload_long_video_8, run_id=scheduled__2026-09-19T12:00:00+00:00, execution_date=20260919T120000, start_date=20260920T121939, end_date=20260920T121946
[2026-09-20T12:19:46.978+0000] {local_task_job_runner.py:243} INFO - Task exited with return code 0
[2026-09-20T12:19:47.087+0000] {taskinstance.py:3503} INFO - 1 downstream tasks scheduled from follow-on schedule check
[2026-09-20T12:19:47.095+0000] {local_task_job_runner.py:222} INFO - ::endgroup::
