[2026-07-25T09:24:15.730+0000] {local_task_job_runner.py:120} INFO - ::group::Pre task execution logs
[2026-07-25T09:24:15.766+0000] {taskinstance.py:2076} INFO - Dependencies all met for dep_context=non-requeueable deps ti=<TaskInstance: youtube_english_video_pipeline.upload_long_video_3 manual__2026-07-25T09:17:10.519347+00:00 [queued]>
[2026-07-25T09:24:15.776+0000] {taskinstance.py:2076} INFO - Dependencies all met for dep_context=requeueable deps ti=<TaskInstance: youtube_english_video_pipeline.upload_long_video_3 manual__2026-07-25T09:17:10.519347+00:00 [queued]>
[2026-07-25T09:24:15.781+0000] {taskinstance.py:2306} INFO - Starting attempt 1 of 3
[2026-07-25T09:24:15.797+0000] {taskinstance.py:2330} INFO - Executing <Task(PythonOperator): upload_long_video_3> on 2026-07-25 09:17:10.519347+00:00
[2026-07-25T09:24:15.804+0000] {standard_task_runner.py:64} INFO - Started process 50777 to run task
[2026-07-25T09:24:15.806+0000] {standard_task_runner.py:90} INFO - Running: ['airflow', 'tasks', 'run', 'youtube_english_video_pipeline', 'upload_long_video_3', 'manual__2026-07-25T09:17:10.519347+00:00', '--job-id', '299', '--raw', '--subdir', 'DAGS_FOLDER/youtube_pipeline.py', '--cfg-path', '/tmp/tmp8fhmz22e']
[2026-07-25T09:24:15.808+0000] {standard_task_runner.py:91} INFO - Job 299: Subtask upload_long_video_3
[2026-07-25T09:24:15.875+0000] {task_command.py:426} INFO - Running <TaskInstance: youtube_english_video_pipeline.upload_long_video_3 manual__2026-07-25T09:17:10.519347+00:00 [running]> on host ce8e21912c19
[2026-07-25T09:24:16.048+0000] {taskinstance.py:2648} INFO - Exporting env vars: AIRFLOW_CTX_DAG_OWNER='taky' AIRFLOW_CTX_DAG_ID='youtube_english_video_pipeline' AIRFLOW_CTX_TASK_ID='upload_long_video_3' AIRFLOW_CTX_EXECUTION_DATE='2026-07-25T09:17:10.519347+00:00' AIRFLOW_CTX_TRY_NUMBER='1' AIRFLOW_CTX_DAG_RUN_ID='manual__2026-07-25T09:17:10.519347+00:00'
[2026-07-25T09:24:16.049+0000] {taskinstance.py:430} INFO - ::endgroup::
[2026-07-25T09:24:16.219+0000] {__init__.py:49} INFO - file_cache is only supported with oauth2client<4.0.0
[2026-07-25T09:24:16.225+0000] {logging_mixin.py:188} INFO - 2026-07-25 09:24:16,225 | INFO     | uploader.youtube_uploader | Uploading video '15 Daily English Expressions | Mixed English Expressions' (/opt/airflow/output/videos/long_446.mp4) to YouTube...
[2026-07-25T09:24:19.670+0000] {logging_mixin.py:188} INFO - 2026-07-25 09:24:19,670 | INFO     | uploader.youtube_uploader | Upload complete. YouTube video id = zTR5SIvBVAM
[2026-07-25T09:24:23.416+0000] {logging_mixin.py:188} INFO - 2026-07-25 09:24:23,416 | INFO     | uploader.youtube_uploader | Custom thumbnail uploaded.
[2026-07-25T09:24:23.434+0000] {python.py:237} INFO - Done. Returned value was: zTR5SIvBVAM
[2026-07-25T09:24:23.434+0000] {taskinstance.py:441} INFO - ::group::Post task execution logs
[2026-07-25T09:24:23.453+0000] {taskinstance.py:1206} INFO - Marking task as SUCCESS. dag_id=youtube_english_video_pipeline, task_id=upload_long_video_3, run_id=manual__2026-07-25T09:17:10.519347+00:00, execution_date=20260725T091710, start_date=20260725T092415, end_date=20260725T092423
[2026-07-25T09:24:23.493+0000] {local_task_job_runner.py:243} INFO - Task exited with return code 0
[2026-07-25T09:24:23.611+0000] {taskinstance.py:3503} INFO - 1 downstream tasks scheduled from follow-on schedule check
[2026-07-25T09:24:23.615+0000] {local_task_job_runner.py:222} INFO - ::endgroup::
