[2026-08-11T02:39:20.687+0000] {local_task_job_runner.py:120} INFO - ::group::Pre task execution logs
[2026-08-11T02:39:20.719+0000] {taskinstance.py:2076} INFO - Dependencies all met for dep_context=non-requeueable deps ti=<TaskInstance: youtube_english_video_pipeline.build_short_video_5 manual__2026-08-11T02:25:49.703167+00:00 [queued]>
[2026-08-11T02:39:20.729+0000] {taskinstance.py:2076} INFO - Dependencies all met for dep_context=requeueable deps ti=<TaskInstance: youtube_english_video_pipeline.build_short_video_5 manual__2026-08-11T02:25:49.703167+00:00 [queued]>
[2026-08-11T02:39:20.730+0000] {taskinstance.py:2306} INFO - Starting attempt 1 of 3
[2026-08-11T02:39:20.743+0000] {taskinstance.py:2330} INFO - Executing <Task(PythonOperator): build_short_video_5> on 2026-08-11 02:25:49.703167+00:00
[2026-08-11T02:39:20.751+0000] {standard_task_runner.py:64} INFO - Started process 95169 to run task
[2026-08-11T02:39:20.754+0000] {standard_task_runner.py:90} INFO - Running: ['airflow', 'tasks', 'run', 'youtube_english_video_pipeline', 'build_short_video_5', 'manual__2026-08-11T02:25:49.703167+00:00', '--job-id', '655', '--raw', '--subdir', 'DAGS_FOLDER/youtube_pipeline.py', '--cfg-path', '/tmp/tmpd50hmcmk']
[2026-08-11T02:39:20.760+0000] {standard_task_runner.py:91} INFO - Job 655: Subtask build_short_video_5
[2026-08-11T02:39:20.832+0000] {task_command.py:426} INFO - Running <TaskInstance: youtube_english_video_pipeline.build_short_video_5 manual__2026-08-11T02:25:49.703167+00:00 [running]> on host cc859d74cf38
[2026-08-11T02:39:21.048+0000] {taskinstance.py:2648} INFO - Exporting env vars: AIRFLOW_CTX_DAG_OWNER='taky' AIRFLOW_CTX_DAG_ID='youtube_english_video_pipeline' AIRFLOW_CTX_TASK_ID='build_short_video_5' AIRFLOW_CTX_EXECUTION_DATE='2026-08-11T02:25:49.703167+00:00' AIRFLOW_CTX_TRY_NUMBER='1' AIRFLOW_CTX_DAG_RUN_ID='manual__2026-08-11T02:25:49.703167+00:00'
[2026-08-11T02:39:21.049+0000] {taskinstance.py:430} INFO - ::endgroup::
[2026-08-11T02:39:22.477+0000] {logging_mixin.py:188} INFO - 2026-08-11 02:39:22,477 | INFO     | planner.video_planner | Planned SHORT video: topic='Travel English', phrases=1
[2026-08-11T02:39:22.912+0000] {logging_mixin.py:188} INFO - 2026-08-11 02:39:22,912 | INFO     | tts.edge_tts | Synthesized audio -> /opt/airflow/output/audio/phrase_1497.mp3
[2026-08-11T02:39:23.412+0000] {logging_mixin.py:188} INFO - 2026-08-11 02:39:23,412 | INFO     | tts.edge_tts | Synthesized audio -> /opt/airflow/output/audio/example_1497.mp3
[2026-08-11T02:39:24.132+0000] {logging_mixin.py:188} INFO - 2026-08-11 02:39:24,132 | INFO     | media.image_downloader | Downloaded background image for scene='taxi' -> /opt/airflow/output/images/short_1497.jpg
[2026-08-11T02:39:28.160+0000] {logging_mixin.py:188} INFO - 2026-08-11 02:39:28,160 | WARNING  | video.video_builder | BGM file not found at /opt/airflow/assets/bgm/short_bgm.mp3, rendering without background music
[2026-08-11T02:39:29.942+0000] {logging_mixin.py:188} INFO - 2026-08-11 02:39:29,942 | INFO     | video.video_builder | Final video rendered -> /opt/airflow/output/videos/short_1497.mp4
[2026-08-11T02:39:36.660+0000] {python.py:237} INFO - Done. Returned value was: {'video_id': 180, 'file_path': '/opt/airflow/output/videos/short_1497.mp4', 'title': 'Essential Travel English: "Could you drop me off here?" 🚕 #shorts', 'description': 'Learn practical Travel English with Taky\'s Language School! 🚕\n\nWhen taking a taxi or ride-share, use this natural phrase to tell the driver where you want to get out:\n\n👉 "Could you drop me off here?"\n\nExample:\n"This spot right next to the entrance is fine, could you drop me off here?"\n\nMaster real-world spoken English one short lesson at a time! Subscribe to Taky\'s Language School for more daily travel phrases and quick speaking tips.\n\n#TravelEnglish #LearnEnglish #TaxiEnglish #SpokenEnglish #Shorts #EnglishPhrases', 'tags': ['Travel English', 'Taxi English', 'Spoken English', 'English phrases', 'Learn English', 'Takys Language School', 'English speaking practice', 'Everyday English', 'English for travel', 'Useful English phrases', 'Shorts'], 'video_type': 'short'}
[2026-08-11T02:39:36.663+0000] {taskinstance.py:441} INFO - ::group::Post task execution logs
[2026-08-11T02:39:36.695+0000] {taskinstance.py:1206} INFO - Marking task as SUCCESS. dag_id=youtube_english_video_pipeline, task_id=build_short_video_5, run_id=manual__2026-08-11T02:25:49.703167+00:00, execution_date=20260811T022549, start_date=20260811T023920, end_date=20260811T023936
[2026-08-11T02:39:36.780+0000] {local_task_job_runner.py:243} INFO - Task exited with return code 0
[2026-08-11T02:39:36.958+0000] {taskinstance.py:3503} INFO - 1 downstream tasks scheduled from follow-on schedule check
[2026-08-11T02:39:36.964+0000] {local_task_job_runner.py:222} INFO - ::endgroup::
