[2026-09-21T12:00:28.084+0000] {local_task_job_runner.py:120} INFO - ::group::Pre task execution logs
[2026-09-21T12:00:28.106+0000] {taskinstance.py:2076} INFO - Dependencies all met for dep_context=non-requeueable deps ti=<TaskInstance: youtube_english_video_pipeline.build_short_video_1 scheduled__2026-09-20T12:00:00+00:00 [queued]>
[2026-09-21T12:00:28.111+0000] {taskinstance.py:2076} INFO - Dependencies all met for dep_context=requeueable deps ti=<TaskInstance: youtube_english_video_pipeline.build_short_video_1 scheduled__2026-09-20T12:00:00+00:00 [queued]>
[2026-09-21T12:00:28.112+0000] {taskinstance.py:2306} INFO - Starting attempt 1 of 3
[2026-09-21T12:00:28.120+0000] {taskinstance.py:2330} INFO - Executing <Task(PythonOperator): build_short_video_1> on 2026-09-20 12:00:00+00:00
[2026-09-21T12:00:28.123+0000] {standard_task_runner.py:64} INFO - Started process 615 to run task
[2026-09-21T12:00:28.125+0000] {standard_task_runner.py:90} INFO - Running: ['airflow', 'tasks', 'run', 'youtube_english_video_pipeline', 'build_short_video_1', 'scheduled__2026-09-20T12:00:00+00:00', '--job-id', '1444', '--raw', '--subdir', 'DAGS_FOLDER/youtube_pipeline.py', '--cfg-path', '/tmp/tmpkqmksvgx']
[2026-09-21T12:00:28.126+0000] {standard_task_runner.py:91} INFO - Job 1444: Subtask build_short_video_1
[2026-09-21T12:00:28.161+0000] {task_command.py:426} INFO - Running <TaskInstance: youtube_english_video_pipeline.build_short_video_1 scheduled__2026-09-20T12:00:00+00:00 [running]> on host 73b18333cdfe
[2026-09-21T12:00:28.327+0000] {taskinstance.py:2648} INFO - Exporting env vars: AIRFLOW_CTX_DAG_OWNER='taky' AIRFLOW_CTX_DAG_ID='youtube_english_video_pipeline' AIRFLOW_CTX_TASK_ID='build_short_video_1' AIRFLOW_CTX_EXECUTION_DATE='2026-09-20T12:00:00+00:00' AIRFLOW_CTX_TRY_NUMBER='1' AIRFLOW_CTX_DAG_RUN_ID='scheduled__2026-09-20T12:00:00+00:00'
[2026-09-21T12:00:28.328+0000] {taskinstance.py:430} INFO - ::endgroup::
[2026-09-21T12:00:28.810+0000] {logging_mixin.py:188} INFO - 2026-09-21 12:00:28,810 | INFO     | planner.video_planner | Planned SHORT video: topic='Daily Conversation', phrases=1
[2026-09-21T12:00:29.059+0000] {logging_mixin.py:188} INFO - 2026-09-21 12:00:29,059 | INFO     | tts.edge_tts | Synthesized audio -> /opt/airflow/output/audio/phrase_3515.mp3
[2026-09-21T12:00:29.262+0000] {logging_mixin.py:188} INFO - 2026-09-21 12:00:29,261 | INFO     | tts.edge_tts | Synthesized audio -> /opt/airflow/output/audio/example_3515.mp3
[2026-09-21T12:00:29.859+0000] {logging_mixin.py:188} INFO - 2026-09-21 12:00:29,858 | INFO     | media.image_downloader | Downloaded background image for scene='airport' -> /opt/airflow/output/images/short_3515.jpg
[2026-09-21T12:00:32.382+0000] {logging_mixin.py:188} INFO - 2026-09-21 12:00:32,382 | WARNING  | video.video_builder | BGM file not found at /opt/airflow/assets/bgm/short_bgm.mp3, rendering without background music
[2026-09-21T12:00:33.715+0000] {logging_mixin.py:188} INFO - 2026-09-21 12:00:33,715 | INFO     | video.video_builder | Final video rendered -> /opt/airflow/output/videos/short_3515.mp4
[2026-09-21T12:00:36.207+0000] {python.py:237} INFO - Done. Returned value was: {'video_id': 443, 'file_path': '/opt/airflow/output/videos/short_3515.mp4', 'title': 'Daily Conversation: How to Ask for Favors Like a Native', 'description': "Daily Conversation: Learn how to ask for a favor naturally in English. Many learners rely on stiff, textbook phrasing when they need help, but native speakers use specific, polite structures to sound more conversational. In this lesson, we break down the phrase 'Could you do me a favor?' and show you how to use it in real-world scenarios, like asking someone to watch your bag. Stop sounding like a robot and start speaking English that sounds authentic and natural. Perfect for Japanese speakers looking to bridge the gap between classroom English and everyday life.", 'tags': ['Daily Conversation', 'English for Japanese speakers', 'Speak English naturally', 'English conversation practice', "Taky's Language School", 'Practical English'], 'video_type': 'short'}
[2026-09-21T12:00:36.208+0000] {taskinstance.py:441} INFO - ::group::Post task execution logs
[2026-09-21T12:00:36.225+0000] {taskinstance.py:1206} INFO - Marking task as SUCCESS. dag_id=youtube_english_video_pipeline, task_id=build_short_video_1, run_id=scheduled__2026-09-20T12:00:00+00:00, execution_date=20260920T120000, start_date=20260921T120028, end_date=20260921T120036
[2026-09-21T12:00:36.278+0000] {local_task_job_runner.py:243} INFO - Task exited with return code 0
[2026-09-21T12:00:36.419+0000] {taskinstance.py:3503} INFO - 1 downstream tasks scheduled from follow-on schedule check
[2026-09-21T12:00:36.424+0000] {local_task_job_runner.py:222} INFO - ::endgroup::
[2026-09-22T00:11:04.482+0000] {local_task_job_runner.py:120} INFO - ::group::Pre task execution logs
[2026-09-22T00:11:04.547+0000] {taskinstance.py:2076} INFO - Dependencies all met for dep_context=non-requeueable deps ti=<TaskInstance: youtube_english_video_pipeline.build_short_video_1 scheduled__2026-09-20T12:00:00+00:00 [queued]>
[2026-09-22T00:11:04.558+0000] {taskinstance.py:2076} INFO - Dependencies all met for dep_context=requeueable deps ti=<TaskInstance: youtube_english_video_pipeline.build_short_video_1 scheduled__2026-09-20T12:00:00+00:00 [queued]>
[2026-09-22T00:11:04.562+0000] {taskinstance.py:2306} INFO - Starting attempt 1 of 3
[2026-09-22T00:11:04.583+0000] {taskinstance.py:2330} INFO - Executing <Task(PythonOperator): build_short_video_1> on 2026-09-20 12:00:00+00:00
[2026-09-22T00:11:04.591+0000] {standard_task_runner.py:64} INFO - Started process 849 to run task
[2026-09-22T00:11:04.595+0000] {standard_task_runner.py:90} INFO - Running: ['airflow', 'tasks', 'run', 'youtube_english_video_pipeline', 'build_short_video_1', 'scheduled__2026-09-20T12:00:00+00:00', '--job-id', '1452', '--raw', '--subdir', 'DAGS_FOLDER/youtube_pipeline.py', '--cfg-path', '/tmp/tmptln0q699']
[2026-09-22T00:11:04.599+0000] {standard_task_runner.py:91} INFO - Job 1452: Subtask build_short_video_1
[2026-09-22T00:11:04.692+0000] {task_command.py:426} INFO - Running <TaskInstance: youtube_english_video_pipeline.build_short_video_1 scheduled__2026-09-20T12:00:00+00:00 [running]> on host 73b18333cdfe
[2026-09-22T00:11:05.101+0000] {taskinstance.py:2648} INFO - Exporting env vars: AIRFLOW_CTX_DAG_OWNER='taky' AIRFLOW_CTX_DAG_ID='youtube_english_video_pipeline' AIRFLOW_CTX_TASK_ID='build_short_video_1' AIRFLOW_CTX_EXECUTION_DATE='2026-09-20T12:00:00+00:00' AIRFLOW_CTX_TRY_NUMBER='1' AIRFLOW_CTX_DAG_RUN_ID='scheduled__2026-09-20T12:00:00+00:00'
[2026-09-22T00:11:05.111+0000] {taskinstance.py:430} INFO - ::endgroup::
[2026-09-22T00:11:07.789+0000] {logging_mixin.py:188} INFO - 2026-09-22 00:11:07,788 | INFO     | planner.video_planner | Planned SHORT video: topic='Daily Conversation', phrases=1
[2026-09-22T00:11:08.201+0000] {logging_mixin.py:188} INFO - 2026-09-22 00:11:08,201 | INFO     | tts.edge_tts | Synthesized audio -> /opt/airflow/output/audio/phrase_3516.mp3
[2026-09-22T00:11:08.604+0000] {logging_mixin.py:188} INFO - 2026-09-22 00:11:08,603 | INFO     | tts.edge_tts | Synthesized audio -> /opt/airflow/output/audio/example_3516.mp3
[2026-09-22T00:11:09.609+0000] {logging_mixin.py:188} INFO - 2026-09-22 00:11:09,609 | INFO     | media.image_downloader | Downloaded background image for scene='meeting' -> /opt/airflow/output/images/short_3516.jpg
[2026-09-22T00:11:15.503+0000] {logging_mixin.py:188} INFO - 2026-09-22 00:11:15,503 | WARNING  | video.video_builder | BGM file not found at /opt/airflow/assets/bgm/short_bgm.mp3, rendering without background music
[2026-09-22T00:11:17.687+0000] {logging_mixin.py:188} INFO - 2026-09-22 00:11:17,687 | INFO     | video.video_builder | Final video rendered -> /opt/airflow/output/videos/short_3516.mp4
[2026-09-22T00:11:19.520+0000] {logging_mixin.py:188} INFO - 2026-09-22 00:11:19,520 | WARNING  | generators.metadata_generator | ng_ok_pair 'ok' did not match any taught phrase, discarding: 'That sounds great'
[2026-09-22T00:11:19.642+0000] {python.py:237} INFO - Done. Returned value was: {'video_id': 444, 'file_path': '/opt/airflow/output/videos/short_3516.mp4', 'title': "Daily Conversation: Stop Saying 'I Agree' Too Much", 'description': "Daily Conversation: Learn how to sound more natural when agreeing to plans. In this short video, we break down the phrase 'That sounds great' and show you how to use it in everyday English to move beyond textbook responses. Perfect for Japanese speakers looking to improve their spoken English fluency and sound more like a native speaker.", 'tags': ['English for Japanese speakers', 'daily conversation', 'spoken English', 'English phrases', 'learn English', "Taky's Language School", 'natural English'], 'video_type': 'short'}
[2026-09-22T00:11:19.644+0000] {taskinstance.py:441} INFO - ::group::Post task execution logs
[2026-09-22T00:11:19.680+0000] {taskinstance.py:1206} INFO - Marking task as SUCCESS. dag_id=youtube_english_video_pipeline, task_id=build_short_video_1, run_id=scheduled__2026-09-20T12:00:00+00:00, execution_date=20260920T120000, start_date=20260922T001104, end_date=20260922T001119
[2026-09-22T00:11:19.748+0000] {local_task_job_runner.py:243} INFO - Task exited with return code 0
[2026-09-22T00:11:20.048+0000] {taskinstance.py:3503} INFO - 1 downstream tasks scheduled from follow-on schedule check
[2026-09-22T00:11:20.060+0000] {local_task_job_runner.py:222} INFO - ::endgroup::
