[2026-09-20T04:54:32.009+0000] {local_task_job_runner.py:120} INFO - ::group::Pre task execution logs
[2026-09-20T04:54:32.035+0000] {taskinstance.py:2076} INFO - Dependencies all met for dep_context=non-requeueable deps ti=<TaskInstance: youtube_english_video_pipeline.upload_short_video_1 scheduled__2026-09-18T12:00:00+00:00 [queued]>
[2026-09-20T04:54:32.045+0000] {taskinstance.py:2076} INFO - Dependencies all met for dep_context=requeueable deps ti=<TaskInstance: youtube_english_video_pipeline.upload_short_video_1 scheduled__2026-09-18T12:00:00+00:00 [queued]>
[2026-09-20T04:54:32.046+0000] {taskinstance.py:2306} INFO - Starting attempt 1 of 3
[2026-09-20T04:54:32.055+0000] {taskinstance.py:2330} INFO - Executing <Task(PythonOperator): upload_short_video_1> on 2026-09-18 12:00:00+00:00
[2026-09-20T04:54:32.060+0000] {standard_task_runner.py:64} INFO - Started process 13141 to run task
[2026-09-20T04:54:32.062+0000] {standard_task_runner.py:90} INFO - Running: ['airflow', 'tasks', 'run', 'youtube_english_video_pipeline', 'upload_short_video_1', 'scheduled__2026-09-18T12:00:00+00:00', '--job-id', '1232', '--raw', '--subdir', 'DAGS_FOLDER/youtube_pipeline.py', '--cfg-path', '/tmp/tmpohz6v0lq']
[2026-09-20T04:54:32.064+0000] {standard_task_runner.py:91} INFO - Job 1232: Subtask upload_short_video_1
[2026-09-20T04:54:32.104+0000] {task_command.py:426} INFO - Running <TaskInstance: youtube_english_video_pipeline.upload_short_video_1 scheduled__2026-09-18T12:00:00+00:00 [running]> on host cc859d74cf38
[2026-09-20T04:54:32.287+0000] {taskinstance.py:2648} INFO - Exporting env vars: AIRFLOW_CTX_DAG_OWNER='taky' AIRFLOW_CTX_DAG_ID='youtube_english_video_pipeline' AIRFLOW_CTX_TASK_ID='upload_short_video_1' AIRFLOW_CTX_EXECUTION_DATE='2026-09-18T12:00:00+00:00' AIRFLOW_CTX_TRY_NUMBER='1' AIRFLOW_CTX_DAG_RUN_ID='scheduled__2026-09-18T12:00:00+00:00'
[2026-09-20T04:54:32.288+0000] {taskinstance.py:430} INFO - ::endgroup::
[2026-09-20T04:54:32.711+0000] {__init__.py:49} INFO - file_cache is only supported with oauth2client<4.0.0
[2026-09-20T04:54:32.719+0000] {logging_mixin.py:188} INFO - 2026-09-20 04:54:32,719 | INFO     | uploader.youtube_uploader | Uploading video 'How to Ask to Pay by Card in English (Natural Shopping Phrases) #Shorts' (/opt/airflow/output/videos/short_2922.mp4) to YouTube...
[2026-09-20T04:54:35.200+0000] {logging_mixin.py:188} INFO - 2026-09-20 04:54:35,200 | INFO     | uploader.youtube_uploader | Upload complete. YouTube video id = hUVKzJRTA6U
[2026-09-20T04:54:35.214+0000] {python.py:237} INFO - Done. Returned value was: hUVKzJRTA6U
[2026-09-20T04:54:35.214+0000] {taskinstance.py:441} INFO - ::group::Post task execution logs
[2026-09-20T04:54:35.234+0000] {taskinstance.py:1206} INFO - Marking task as SUCCESS. dag_id=youtube_english_video_pipeline, task_id=upload_short_video_1, run_id=scheduled__2026-09-18T12:00:00+00:00, execution_date=20260918T120000, start_date=20260920T045432, end_date=20260920T045435
[2026-09-20T04:54:35.287+0000] {local_task_job_runner.py:243} INFO - Task exited with return code 0
[2026-09-20T04:54:35.430+0000] {taskinstance.py:3503} INFO - 1 downstream tasks scheduled from follow-on schedule check
[2026-09-20T04:54:35.433+0000] {local_task_job_runner.py:222} INFO - ::endgroup::
