[2026-07-26T06:23:46.114+0000] {local_task_job_runner.py:120} INFO - ::group::Pre task execution logs
[2026-07-26T06:23:46.154+0000] {taskinstance.py:2076} INFO - Dependencies all met for dep_context=non-requeueable deps ti=<TaskInstance: youtube_english_video_pipeline.upload_long_video_2 manual__2026-07-26T06:16:19.799239+00:00 [queued]>
[2026-07-26T06:23:46.164+0000] {taskinstance.py:2076} INFO - Dependencies all met for dep_context=requeueable deps ti=<TaskInstance: youtube_english_video_pipeline.upload_long_video_2 manual__2026-07-26T06:16:19.799239+00:00 [queued]>
[2026-07-26T06:23:46.166+0000] {taskinstance.py:2306} INFO - Starting attempt 1 of 3
[2026-07-26T06:23:46.181+0000] {taskinstance.py:2330} INFO - Executing <Task(PythonOperator): upload_long_video_2> on 2026-07-26 06:16:19.799239+00:00
[2026-07-26T06:23:46.187+0000] {standard_task_runner.py:64} INFO - Started process 23154 to run task
[2026-07-26T06:23:46.191+0000] {standard_task_runner.py:90} INFO - Running: ['airflow', 'tasks', 'run', 'youtube_english_video_pipeline', 'upload_long_video_2', 'manual__2026-07-26T06:16:19.799239+00:00', '--job-id', '351', '--raw', '--subdir', 'DAGS_FOLDER/youtube_pipeline.py', '--cfg-path', '/tmp/tmp89n2sj5r']
[2026-07-26T06:23:46.194+0000] {standard_task_runner.py:91} INFO - Job 351: Subtask upload_long_video_2
[2026-07-26T06:23:46.277+0000] {task_command.py:426} INFO - Running <TaskInstance: youtube_english_video_pipeline.upload_long_video_2 manual__2026-07-26T06:16:19.799239+00:00 [running]> on host cc859d74cf38
[2026-07-26T06:23:46.540+0000] {taskinstance.py:2648} INFO - Exporting env vars: AIRFLOW_CTX_DAG_OWNER='taky' AIRFLOW_CTX_DAG_ID='youtube_english_video_pipeline' AIRFLOW_CTX_TASK_ID='upload_long_video_2' AIRFLOW_CTX_EXECUTION_DATE='2026-07-26T06:16:19.799239+00:00' AIRFLOW_CTX_TRY_NUMBER='1' AIRFLOW_CTX_DAG_RUN_ID='manual__2026-07-26T06:16:19.799239+00:00'
[2026-07-26T06:23:46.541+0000] {taskinstance.py:430} INFO - ::endgroup::
[2026-07-26T06:23:46.784+0000] {__init__.py:49} INFO - file_cache is only supported with oauth2client<4.0.0
[2026-07-26T06:23:46.792+0000] {logging_mixin.py:188} INFO - 2026-07-26 06:23:46,792 | INFO     | uploader.youtube_uploader | Uploading video '20 Daily English Expressions | Mixed English Expressions' (/opt/airflow/output/videos/long_540.mp4) to YouTube...
[2026-07-26T06:23:55.017+0000] {logging_mixin.py:188} INFO - 2026-07-26 06:23:55,017 | INFO     | uploader.youtube_uploader | Upload complete. YouTube video id = -KOLhgaNp98
[2026-07-26T06:23:59.182+0000] {logging_mixin.py:188} INFO - 2026-07-26 06:23:59,182 | INFO     | uploader.youtube_uploader | Custom thumbnail uploaded.
[2026-07-26T06:23:59.206+0000] {python.py:237} INFO - Done. Returned value was: -KOLhgaNp98
[2026-07-26T06:23:59.207+0000] {taskinstance.py:441} INFO - ::group::Post task execution logs
[2026-07-26T06:23:59.234+0000] {taskinstance.py:1206} INFO - Marking task as SUCCESS. dag_id=youtube_english_video_pipeline, task_id=upload_long_video_2, run_id=manual__2026-07-26T06:16:19.799239+00:00, execution_date=20260726T061619, start_date=20260726T062346, end_date=20260726T062359
[2026-07-26T06:23:59.286+0000] {local_task_job_runner.py:243} INFO - Task exited with return code 0
[2026-07-26T06:23:59.493+0000] {taskinstance.py:3503} INFO - 1 downstream tasks scheduled from follow-on schedule check
[2026-07-26T06:23:59.498+0000] {local_task_job_runner.py:222} INFO - ::endgroup::
