[2026-08-11T14:06:23.695+0000] {local_task_job_runner.py:120} INFO - ::group::Pre task execution logs
[2026-08-11T14:06:23.733+0000] {taskinstance.py:2076} INFO - Dependencies all met for dep_context=non-requeueable deps ti=<TaskInstance: youtube_english_video_pipeline.build_short_video_9 scheduled__2026-08-10T12:00:00+00:00 [queued]>
[2026-08-11T14:06:23.743+0000] {taskinstance.py:2076} INFO - Dependencies all met for dep_context=requeueable deps ti=<TaskInstance: youtube_english_video_pipeline.build_short_video_9 scheduled__2026-08-10T12:00:00+00:00 [queued]>
[2026-08-11T14:06:23.747+0000] {taskinstance.py:2306} INFO - Starting attempt 1 of 3
[2026-08-11T14:06:23.760+0000] {taskinstance.py:2330} INFO - Executing <Task(PythonOperator): build_short_video_9> on 2026-08-10 12:00:00+00:00
[2026-08-11T14:06:23.766+0000] {standard_task_runner.py:64} INFO - Started process 40632 to run task
[2026-08-11T14:06:23.769+0000] {standard_task_runner.py:90} INFO - Running: ['airflow', 'tasks', 'run', 'youtube_english_video_pipeline', 'build_short_video_9', 'scheduled__2026-08-10T12:00:00+00:00', '--job-id', '725', '--raw', '--subdir', 'DAGS_FOLDER/youtube_pipeline.py', '--cfg-path', '/tmp/tmpe0n6xl2m']
[2026-08-11T14:06:23.772+0000] {standard_task_runner.py:91} INFO - Job 725: Subtask build_short_video_9
[2026-08-11T14:06:23.849+0000] {task_command.py:426} INFO - Running <TaskInstance: youtube_english_video_pipeline.build_short_video_9 scheduled__2026-08-10T12:00:00+00:00 [running]> on host cc859d74cf38
[2026-08-11T14:06:24.060+0000] {taskinstance.py:2648} INFO - Exporting env vars: AIRFLOW_CTX_DAG_OWNER='taky' AIRFLOW_CTX_DAG_ID='youtube_english_video_pipeline' AIRFLOW_CTX_TASK_ID='build_short_video_9' AIRFLOW_CTX_EXECUTION_DATE='2026-08-10T12:00:00+00:00' AIRFLOW_CTX_TRY_NUMBER='1' AIRFLOW_CTX_DAG_RUN_ID='scheduled__2026-08-10T12:00:00+00:00'
[2026-08-11T14:06:24.062+0000] {taskinstance.py:430} INFO - ::endgroup::
[2026-08-11T14:06:25.240+0000] {logging_mixin.py:188} INFO - 2026-08-11 14:06:25,239 | INFO     | planner.video_planner | Planned SHORT video: topic='Hotel English', phrases=1
[2026-08-11T14:06:25.722+0000] {logging_mixin.py:188} INFO - 2026-08-11 14:06:25,722 | INFO     | tts.edge_tts | Synthesized audio -> /opt/airflow/output/audio/phrase_1717.mp3
[2026-08-11T14:06:26.238+0000] {logging_mixin.py:188} INFO - 2026-08-11 14:06:26,238 | INFO     | tts.edge_tts | Synthesized audio -> /opt/airflow/output/audio/example_1717.mp3
[2026-08-11T14:06:26.511+0000] {logging_mixin.py:188} INFO - 2026-08-11 14:06:26,511 | INFO     | media.image_downloader | Downloaded background image for scene='hotel' -> /opt/airflow/output/images/short_1717.jpg
[2026-08-11T14:06:29.621+0000] {logging_mixin.py:188} INFO - 2026-08-11 14:06:29,621 | WARNING  | video.video_builder | BGM file not found at /opt/airflow/assets/bgm/short_bgm.mp3, rendering without background music
[2026-08-11T14:06:31.322+0000] {logging_mixin.py:188} INFO - 2026-08-11 14:06:31,322 | INFO     | video.video_builder | Final video rendered -> /opt/airflow/output/videos/short_1717.mp4
[2026-08-11T14:06:38.520+0000] {python.py:237} INFO - Done. Returned value was: {'video_id': 208, 'file_path': '/opt/airflow/output/videos/short_1717.mp4', 'title': 'Useful Hotel English: How to Request a Late Check-Out 🏨', 'description': 'Need extra time in your hotel room before a late flight? Learn how to naturally ask for a late check-out in English!\n\nKey Phrase:\n"Could I get a late check-out? Our flight isn\'t until this evening, so could I get a late check-out?"\n\nMaster practical spoken English for travel with Taky\'s Language School. Subscribe for quick daily English lessons!\n\n#HotelEnglish #TravelEnglish #LearnEnglish #EnglishPhrases #TakysLanguageSchool #Shorts', 'tags': ['hotel english', 'travel english', 'learn english', 'spoken english', 'english phrases', 'how to ask for late check out', 'english for travel', 'takys language school', 'english conversation', 'english learning shorts'], 'video_type': 'short'}
[2026-08-11T14:06:38.521+0000] {taskinstance.py:441} INFO - ::group::Post task execution logs
[2026-08-11T14:06:38.550+0000] {taskinstance.py:1206} INFO - Marking task as SUCCESS. dag_id=youtube_english_video_pipeline, task_id=build_short_video_9, run_id=scheduled__2026-08-10T12:00:00+00:00, execution_date=20260810T120000, start_date=20260811T140623, end_date=20260811T140638
[2026-08-11T14:06:38.625+0000] {local_task_job_runner.py:243} INFO - Task exited with return code 0
[2026-08-11T14:06:38.793+0000] {taskinstance.py:3503} INFO - 0 downstream tasks scheduled from follow-on schedule check
[2026-08-11T14:06:38.797+0000] {local_task_job_runner.py:222} INFO - ::endgroup::
