[2026-07-27T01:36:01.284+0000] {local_task_job_runner.py:120} INFO - ::group::Pre task execution logs
[2026-07-27T01:36:01.336+0000] {taskinstance.py:2076} INFO - Dependencies all met for dep_context=non-requeueable deps ti=<TaskInstance: youtube_english_video_pipeline.build_short_video_4 scheduled__2026-07-25T12:00:00+00:00 [queued]>
[2026-07-27T01:36:01.346+0000] {taskinstance.py:2076} INFO - Dependencies all met for dep_context=requeueable deps ti=<TaskInstance: youtube_english_video_pipeline.build_short_video_4 scheduled__2026-07-25T12:00:00+00:00 [queued]>
[2026-07-27T01:36:01.349+0000] {taskinstance.py:2306} INFO - Starting attempt 1 of 3
[2026-07-27T01:36:01.368+0000] {taskinstance.py:2330} INFO - Executing <Task(PythonOperator): build_short_video_4> on 2026-07-25 12:00:00+00:00
[2026-07-27T01:36:01.376+0000] {standard_task_runner.py:64} INFO - Started process 37301 to run task
[2026-07-27T01:36:01.382+0000] {standard_task_runner.py:90} INFO - Running: ['airflow', 'tasks', 'run', 'youtube_english_video_pipeline', 'build_short_video_4', 'scheduled__2026-07-25T12:00:00+00:00', '--job-id', '380', '--raw', '--subdir', 'DAGS_FOLDER/youtube_pipeline.py', '--cfg-path', '/tmp/tmpwbpf42k5']
[2026-07-27T01:36:01.388+0000] {standard_task_runner.py:91} INFO - Job 380: Subtask build_short_video_4
[2026-07-27T01:36:01.495+0000] {task_command.py:426} INFO - Running <TaskInstance: youtube_english_video_pipeline.build_short_video_4 scheduled__2026-07-25T12:00:00+00:00 [running]> on host cc859d74cf38
[2026-07-27T01:36:01.808+0000] {taskinstance.py:2648} INFO - Exporting env vars: AIRFLOW_CTX_DAG_OWNER='taky' AIRFLOW_CTX_DAG_ID='youtube_english_video_pipeline' AIRFLOW_CTX_TASK_ID='build_short_video_4' AIRFLOW_CTX_EXECUTION_DATE='2026-07-25T12:00:00+00:00' AIRFLOW_CTX_TRY_NUMBER='1' AIRFLOW_CTX_DAG_RUN_ID='scheduled__2026-07-25T12:00:00+00:00'
[2026-07-27T01:36:01.809+0000] {taskinstance.py:430} INFO - ::endgroup::
[2026-07-27T01:36:03.113+0000] {logging_mixin.py:188} INFO - 2026-07-27 01:36:03,113 | INFO     | planner.video_planner | Planned SHORT video: topic='Restaurant English', phrases=1
[2026-07-27T01:36:03.549+0000] {logging_mixin.py:188} INFO - 2026-07-27 01:36:03,549 | INFO     | tts.edge_tts | Synthesized audio -> /opt/airflow/output/audio/phrase_601.mp3
[2026-07-27T01:36:04.070+0000] {logging_mixin.py:188} INFO - 2026-07-27 01:36:04,070 | INFO     | tts.edge_tts | Synthesized audio -> /opt/airflow/output/audio/example_601.mp3
[2026-07-27T01:36:04.233+0000] {logging_mixin.py:188} INFO - 2026-07-27 01:36:04,233 | INFO     | media.image_downloader | Downloaded background image for scene='restaurant' -> /opt/airflow/output/images/short_601.jpg
[2026-07-27T01:36:07.917+0000] {logging_mixin.py:188} INFO - 2026-07-27 01:36:07,917 | WARNING  | video.video_builder | BGM file not found at /opt/airflow/assets/bgm/short_bgm.mp3, rendering without background music
[2026-07-27T01:36:10.219+0000] {logging_mixin.py:188} INFO - 2026-07-27 01:36:10,218 | INFO     | video.video_builder | Final video rendered -> /opt/airflow/output/videos/short_601.mp4
[2026-07-27T01:36:15.781+0000] {python.py:237} INFO - Done. Returned value was: {'video_id': 81, 'file_path': '/opt/airflow/output/videos/short_601.mp4', 'title': 'How to Make a Restaurant Reservation in English 🍽️ #Shorts', 'description': 'Learn how to book a table at a restaurant in English easily! In this short lesson from Taky\'s Language School, you\'ll master an essential phrase for dining out.\n\nKey Phrase:\n👉 "I\'d like to make a reservation for two."\n\nExample:\n"Good morning, I\'d like to make a reservation for two at 7 PM tonight."\n\nPractice saying this out loud to build your confidence! Subscribe to Taky\'s Language School for daily practical English tips, conversation practice, and useful vocabulary.\n\n#Shorts #LearnEnglish #RestaurantEnglish #EnglishSpeaking #ESL #EnglishTips', 'tags': ['learn english', 'restaurant english', 'how to make a reservation in english', 'english conversation', 'spoken english', 'practical english', "taky's language school", 'english shorts', 'esl tips', 'travel english'], 'video_type': 'short'}
[2026-07-27T01:36:15.784+0000] {taskinstance.py:441} INFO - ::group::Post task execution logs
[2026-07-27T01:36:15.826+0000] {taskinstance.py:1206} INFO - Marking task as SUCCESS. dag_id=youtube_english_video_pipeline, task_id=build_short_video_4, run_id=scheduled__2026-07-25T12:00:00+00:00, execution_date=20260725T120000, start_date=20260727T013601, end_date=20260727T013615
[2026-07-27T01:36:15.918+0000] {local_task_job_runner.py:243} INFO - Task exited with return code 0
[2026-07-27T01:36:16.193+0000] {taskinstance.py:3503} INFO - 1 downstream tasks scheduled from follow-on schedule check
[2026-07-27T01:36:16.199+0000] {local_task_job_runner.py:222} INFO - ::endgroup::
