[2026-07-25T08:50:00.404+0000] {local_task_job_runner.py:120} INFO - ::group::Pre task execution logs
[2026-07-25T08:50:00.430+0000] {taskinstance.py:2076} INFO - Dependencies all met for dep_context=non-requeueable deps ti=<TaskInstance: youtube_english_video_pipeline.upload_long_video_10 manual__2026-07-25T08:23:54.309173+00:00 [queued]>
[2026-07-25T08:50:00.438+0000] {taskinstance.py:2076} INFO - Dependencies all met for dep_context=requeueable deps ti=<TaskInstance: youtube_english_video_pipeline.upload_long_video_10 manual__2026-07-25T08:23:54.309173+00:00 [queued]>
[2026-07-25T08:50:00.440+0000] {taskinstance.py:2306} INFO - Starting attempt 1 of 3
[2026-07-25T08:50:00.449+0000] {taskinstance.py:2330} INFO - Executing <Task(PythonOperator): upload_long_video_10> on 2026-07-25 08:23:54.309173+00:00
[2026-07-25T08:50:00.452+0000] {standard_task_runner.py:64} INFO - Started process 40986 to run task
[2026-07-25T08:50:00.454+0000] {standard_task_runner.py:90} INFO - Running: ['airflow', 'tasks', 'run', 'youtube_english_video_pipeline', 'upload_long_video_10', 'manual__2026-07-25T08:23:54.309173+00:00', '--job-id', '284', '--raw', '--subdir', 'DAGS_FOLDER/youtube_pipeline.py', '--cfg-path', '/tmp/tmp4s6j1avw']
[2026-07-25T08:50:00.456+0000] {standard_task_runner.py:91} INFO - Job 284: Subtask upload_long_video_10
[2026-07-25T08:50:00.551+0000] {task_command.py:426} INFO - Running <TaskInstance: youtube_english_video_pipeline.upload_long_video_10 manual__2026-07-25T08:23:54.309173+00:00 [running]> on host ce8e21912c19
[2026-07-25T08:50:00.741+0000] {taskinstance.py:2648} INFO - Exporting env vars: AIRFLOW_CTX_DAG_OWNER='taky' AIRFLOW_CTX_DAG_ID='youtube_english_video_pipeline' AIRFLOW_CTX_TASK_ID='upload_long_video_10' AIRFLOW_CTX_EXECUTION_DATE='2026-07-25T08:23:54.309173+00:00' AIRFLOW_CTX_TRY_NUMBER='1' AIRFLOW_CTX_DAG_RUN_ID='manual__2026-07-25T08:23:54.309173+00:00'
[2026-07-25T08:50:00.742+0000] {taskinstance.py:430} INFO - ::endgroup::
[2026-07-25T08:50:00.966+0000] {__init__.py:49} INFO - file_cache is only supported with oauth2client<4.0.0
[2026-07-25T08:50:00.971+0000] {logging_mixin.py:188} INFO - 2026-07-25 08:50:00,971 | INFO     | uploader.youtube_uploader | Uploading video '20 Daily English Expressions | Mixed English Expressions' (/opt/airflow/output/videos/long_385.mp4) to YouTube...
[2026-07-25T08:50:05.865+0000] {logging_mixin.py:188} INFO - 2026-07-25 08:50:05,865 | INFO     | uploader.youtube_uploader | Upload complete. YouTube video id = koyXDxLTj44
[2026-07-25T08:50:09.446+0000] {logging_mixin.py:188} INFO - 2026-07-25 08:50:09,446 | INFO     | uploader.youtube_uploader | Custom thumbnail uploaded.
[2026-07-25T08:50:09.458+0000] {python.py:237} INFO - Done. Returned value was: koyXDxLTj44
[2026-07-25T08:50:09.459+0000] {taskinstance.py:441} INFO - ::group::Post task execution logs
[2026-07-25T08:50:09.479+0000] {taskinstance.py:1206} INFO - Marking task as SUCCESS. dag_id=youtube_english_video_pipeline, task_id=upload_long_video_10, run_id=manual__2026-07-25T08:23:54.309173+00:00, execution_date=20260725T082354, start_date=20260725T085000, end_date=20260725T085009
[2026-07-25T08:50:09.520+0000] {local_task_job_runner.py:243} INFO - Task exited with return code 0
[2026-07-25T08:50:09.536+0000] {taskinstance.py:3503} INFO - 0 downstream tasks scheduled from follow-on schedule check
[2026-07-25T08:50:09.538+0000] {local_task_job_runner.py:222} INFO - ::endgroup::
