[2026-09-09T23:24:38.394+0000] {local_task_job_runner.py:120} INFO - ::group::Pre task execution logs
[2026-09-09T23:24:38.422+0000] {taskinstance.py:2076} INFO - Dependencies all met for dep_context=non-requeueable deps ti=<TaskInstance: youtube_english_video_pipeline.upload_short_video_1 scheduled__2026-09-08T12:00:00+00:00 [queued]>
[2026-09-09T23:24:38.428+0000] {taskinstance.py:2076} INFO - Dependencies all met for dep_context=requeueable deps ti=<TaskInstance: youtube_english_video_pipeline.upload_short_video_1 scheduled__2026-09-08T12:00:00+00:00 [queued]>
[2026-09-09T23:24:38.429+0000] {taskinstance.py:2306} INFO - Starting attempt 1 of 3
[2026-09-09T23:24:38.441+0000] {taskinstance.py:2330} INFO - Executing <Task(PythonOperator): upload_short_video_1> on 2026-09-08 12:00:00+00:00
[2026-09-09T23:24:38.445+0000] {standard_task_runner.py:64} INFO - Started process 568 to run task
[2026-09-09T23:24:38.450+0000] {standard_task_runner.py:90} INFO - Running: ['airflow', 'tasks', 'run', 'youtube_english_video_pipeline', 'upload_short_video_1', 'scheduled__2026-09-08T12:00:00+00:00', '--job-id', '1081', '--raw', '--subdir', 'DAGS_FOLDER/youtube_pipeline.py', '--cfg-path', '/tmp/tmpmnxz3gn9']
[2026-09-09T23:24:38.454+0000] {standard_task_runner.py:91} INFO - Job 1081: Subtask upload_short_video_1
[2026-09-09T23:24:38.521+0000] {task_command.py:426} INFO - Running <TaskInstance: youtube_english_video_pipeline.upload_short_video_1 scheduled__2026-09-08T12:00:00+00:00 [running]> on host cc859d74cf38
[2026-09-09T23:24:38.745+0000] {taskinstance.py:2648} INFO - Exporting env vars: AIRFLOW_CTX_DAG_OWNER='taky' AIRFLOW_CTX_DAG_ID='youtube_english_video_pipeline' AIRFLOW_CTX_TASK_ID='upload_short_video_1' AIRFLOW_CTX_EXECUTION_DATE='2026-09-08T12:00:00+00:00' AIRFLOW_CTX_TRY_NUMBER='1' AIRFLOW_CTX_DAG_RUN_ID='scheduled__2026-09-08T12:00:00+00:00'
[2026-09-09T23:24:38.746+0000] {taskinstance.py:430} INFO - ::endgroup::
[2026-09-09T23:24:39.220+0000] {__init__.py:49} INFO - file_cache is only supported with oauth2client<4.0.0
[2026-09-09T23:24:39.233+0000] {logging_mixin.py:188} INFO - 2026-09-09 23:24:39,233 | INFO     | uploader.youtube_uploader | Uploading video 'How to Ask for Directions in English (Travel English) #Shorts' (/opt/airflow/output/videos/short_2683.mp4) to YouTube...
[2026-09-09T23:24:42.107+0000] {logging_mixin.py:188} INFO - 2026-09-09 23:24:42,107 | INFO     | uploader.youtube_uploader | Upload complete. YouTube video id = 5ZVDzE4ULiM
[2026-09-09T23:24:42.118+0000] {python.py:237} INFO - Done. Returned value was: 5ZVDzE4ULiM
[2026-09-09T23:24:42.119+0000] {taskinstance.py:441} INFO - ::group::Post task execution logs
[2026-09-09T23:24:42.139+0000] {taskinstance.py:1206} INFO - Marking task as SUCCESS. dag_id=youtube_english_video_pipeline, task_id=upload_short_video_1, run_id=scheduled__2026-09-08T12:00:00+00:00, execution_date=20260908T120000, start_date=20260909T232438, end_date=20260909T232442
[2026-09-09T23:24:42.160+0000] {local_task_job_runner.py:243} INFO - Task exited with return code 0
[2026-09-09T23:24:42.311+0000] {taskinstance.py:3503} INFO - 1 downstream tasks scheduled from follow-on schedule check
[2026-09-09T23:24:42.316+0000] {local_task_job_runner.py:222} INFO - ::endgroup::
