[2026-07-25T08:23:57.179+0000] {local_task_job_runner.py:120} INFO - ::group::Pre task execution logs
[2026-07-25T08:23:57.203+0000] {taskinstance.py:2076} INFO - Dependencies all met for dep_context=non-requeueable deps ti=<TaskInstance: youtube_english_video_pipeline.build_short_video_1 manual__2026-07-25T08:23:54.309173+00:00 [queued]>
[2026-07-25T08:23:57.208+0000] {taskinstance.py:2076} INFO - Dependencies all met for dep_context=requeueable deps ti=<TaskInstance: youtube_english_video_pipeline.build_short_video_1 manual__2026-07-25T08:23:54.309173+00:00 [queued]>
[2026-07-25T08:23:57.209+0000] {taskinstance.py:2306} INFO - Starting attempt 1 of 3
[2026-07-25T08:23:57.217+0000] {taskinstance.py:2330} INFO - Executing <Task(PythonOperator): build_short_video_1> on 2026-07-25 08:23:54.309173+00:00
[2026-07-25T08:23:57.222+0000] {standard_task_runner.py:64} INFO - Started process 8945 to run task
[2026-07-25T08:23:57.224+0000] {standard_task_runner.py:90} INFO - Running: ['airflow', 'tasks', 'run', 'youtube_english_video_pipeline', 'build_short_video_1', 'manual__2026-07-25T08:23:54.309173+00:00', '--job-id', '236', '--raw', '--subdir', 'DAGS_FOLDER/youtube_pipeline.py', '--cfg-path', '/tmp/tmpt3skqos_']
[2026-07-25T08:23:57.225+0000] {standard_task_runner.py:91} INFO - Job 236: Subtask build_short_video_1
[2026-07-25T08:23:57.284+0000] {task_command.py:426} INFO - Running <TaskInstance: youtube_english_video_pipeline.build_short_video_1 manual__2026-07-25T08:23:54.309173+00:00 [running]> on host ce8e21912c19
[2026-07-25T08:23:57.622+0000] {taskinstance.py:2648} INFO - Exporting env vars: AIRFLOW_CTX_DAG_OWNER='taky' AIRFLOW_CTX_DAG_ID='youtube_english_video_pipeline' AIRFLOW_CTX_TASK_ID='build_short_video_1' AIRFLOW_CTX_EXECUTION_DATE='2026-07-25T08:23:54.309173+00:00' AIRFLOW_CTX_TRY_NUMBER='1' AIRFLOW_CTX_DAG_RUN_ID='manual__2026-07-25T08:23:54.309173+00:00'
[2026-07-25T08:23:57.624+0000] {taskinstance.py:430} INFO - ::endgroup::
[2026-07-25T08:23:58.149+0000] {logging_mixin.py:188} INFO - 2026-07-25 08:23:58,148 | INFO     | planner.video_planner | Planned SHORT video: topic='Hotel English', phrases=1
[2026-07-25T08:23:58.498+0000] {logging_mixin.py:188} INFO - 2026-07-25 08:23:58,498 | INFO     | tts.edge_tts | Synthesized audio -> /opt/airflow/output/audio/phrase_97.mp3
[2026-07-25T08:23:58.854+0000] {logging_mixin.py:188} INFO - 2026-07-25 08:23:58,854 | INFO     | tts.edge_tts | Synthesized audio -> /opt/airflow/output/audio/example_97.mp3
[2026-07-25T08:23:59.037+0000] {logging_mixin.py:188} INFO - 2026-07-25 08:23:59,037 | INFO     | media.image_downloader | Downloaded background image for scene='hotel' -> /opt/airflow/output/images/short_97.jpg
[2026-07-25T08:24:01.851+0000] {logging_mixin.py:188} INFO - 2026-07-25 08:24:01,851 | WARNING  | video.video_builder | BGM file not found at /opt/airflow/assets/bgm/short_bgm.mp3, rendering without background music
[2026-07-25T08:24:03.178+0000] {logging_mixin.py:188} INFO - 2026-07-25 08:24:03,178 | INFO     | video.video_builder | Final video rendered -> /opt/airflow/output/videos/short_97.mp4
[2026-07-25T08:24:09.412+0000] {python.py:237} INFO - Done. Returned value was: {'video_id': 33, 'file_path': '/opt/airflow/output/videos/short_97.mp4', 'title': 'Hotel English Phrase: Is Breakfast Included? 🏨 #Shorts', 'description': 'Traveling soon? Learn essential Hotel English with Taky\'s Language School!\n\nIn this quick lesson, learn how to politely ask about breakfast at hotel check-in:\n\n"We\'re planning our morning, so is breakfast included in the room rate?"\n\nPractice this phrase for your next trip to sound like a native English speaker!\n\nDon\'t forget to like, share, and subscribe to Taky\'s Language School for more practical spoken English tips!\n\n#HotelEnglish #TravelEnglish #LearnEnglish #EnglishShorts #TakysLanguageSchool', 'tags': ['hotel english', 'learn english', 'english for travel', 'spoken english', 'hotel vocabulary', 'takys language school', 'english phrases', 'is breakfast included', 'travel english conversation', 'english shorts'], 'video_type': 'short'}
[2026-07-25T08:24:09.413+0000] {taskinstance.py:441} INFO - ::group::Post task execution logs
[2026-07-25T08:24:09.429+0000] {taskinstance.py:1206} INFO - Marking task as SUCCESS. dag_id=youtube_english_video_pipeline, task_id=build_short_video_1, run_id=manual__2026-07-25T08:23:54.309173+00:00, execution_date=20260725T082354, start_date=20260725T082357, end_date=20260725T082409
[2026-07-25T08:24:09.489+0000] {local_task_job_runner.py:243} INFO - Task exited with return code 0
[2026-07-25T08:24:09.664+0000] {taskinstance.py:3503} INFO - 1 downstream tasks scheduled from follow-on schedule check
[2026-07-25T08:24:09.668+0000] {local_task_job_runner.py:222} INFO - ::endgroup::
