[2026-09-22T00:10:29.241+0000] {local_task_job_runner.py:120} INFO - ::group::Pre task execution logs
[2026-09-22T00:10:29.281+0000] {taskinstance.py:2076} INFO - Dependencies all met for dep_context=non-requeueable deps ti=<TaskInstance: youtube_english_video_pipeline.should_build_long_video_1 scheduled__2026-09-20T12:00:00+00:00 [queued]>
[2026-09-22T00:10:29.292+0000] {taskinstance.py:2076} INFO - Dependencies all met for dep_context=requeueable deps ti=<TaskInstance: youtube_english_video_pipeline.should_build_long_video_1 scheduled__2026-09-20T12:00:00+00:00 [queued]>
[2026-09-22T00:10:29.294+0000] {taskinstance.py:2306} INFO - Starting attempt 1 of 3
[2026-09-22T00:10:29.309+0000] {taskinstance.py:2330} INFO - Executing <Task(ShortCircuitOperator): should_build_long_video_1> on 2026-09-20 12:00:00+00:00
[2026-09-22T00:10:29.315+0000] {standard_task_runner.py:64} INFO - Started process 208 to run task
[2026-09-22T00:10:29.318+0000] {standard_task_runner.py:90} INFO - Running: ['airflow', 'tasks', 'run', 'youtube_english_video_pipeline', 'should_build_long_video_1', 'scheduled__2026-09-20T12:00:00+00:00', '--job-id', '1449', '--raw', '--subdir', 'DAGS_FOLDER/youtube_pipeline.py', '--cfg-path', '/tmp/tmpocz9qzi9']
[2026-09-22T00:10:29.320+0000] {standard_task_runner.py:91} INFO - Job 1449: Subtask should_build_long_video_1
[2026-09-22T00:10:29.389+0000] {task_command.py:426} INFO - Running <TaskInstance: youtube_english_video_pipeline.should_build_long_video_1 scheduled__2026-09-20T12:00:00+00:00 [running]> on host 73b18333cdfe
[2026-09-22T00:10:29.703+0000] {taskinstance.py:2648} INFO - Exporting env vars: AIRFLOW_CTX_DAG_OWNER='taky' AIRFLOW_CTX_DAG_ID='youtube_english_video_pipeline' AIRFLOW_CTX_TASK_ID='should_build_long_video_1' AIRFLOW_CTX_EXECUTION_DATE='2026-09-20T12:00:00+00:00' AIRFLOW_CTX_TRY_NUMBER='1' AIRFLOW_CTX_DAG_RUN_ID='scheduled__2026-09-20T12:00:00+00:00'
[2026-09-22T00:10:29.708+0000] {taskinstance.py:430} INFO - ::endgroup::
[2026-09-22T00:10:29.731+0000] {baseoperator.py:400} WARNING - ShortCircuitOperator.execute cannot be called outside TaskInstance!
[2026-09-22T00:10:29.738+0000] {python.py:237} INFO - Done. Returned value was: True
[2026-09-22T00:10:29.743+0000] {python.py:304} INFO - Condition result is True
[2026-09-22T00:10:29.751+0000] {python.py:307} INFO - Proceeding with downstream tasks...
[2026-09-22T00:10:29.752+0000] {taskinstance.py:441} INFO - ::group::Post task execution logs
[2026-09-22T00:10:29.788+0000] {taskinstance.py:1206} INFO - Marking task as SUCCESS. dag_id=youtube_english_video_pipeline, task_id=should_build_long_video_1, run_id=scheduled__2026-09-20T12:00:00+00:00, execution_date=20260920T120000, start_date=20260922T001029, end_date=20260922T001029
[2026-09-22T00:10:29.814+0000] {local_task_job_runner.py:243} INFO - Task exited with return code 0
[2026-09-22T00:10:30.018+0000] {taskinstance.py:3503} INFO - 1 downstream tasks scheduled from follow-on schedule check
[2026-09-22T00:10:30.025+0000] {local_task_job_runner.py:222} INFO - ::endgroup::
[2026-09-22T00:11:26.950+0000] {local_task_job_runner.py:120} INFO - ::group::Pre task execution logs
[2026-09-22T00:11:27.018+0000] {taskinstance.py:2076} INFO - Dependencies all met for dep_context=non-requeueable deps ti=<TaskInstance: youtube_english_video_pipeline.should_build_long_video_1 scheduled__2026-09-20T12:00:00+00:00 [queued]>
[2026-09-22T00:11:27.035+0000] {taskinstance.py:2076} INFO - Dependencies all met for dep_context=requeueable deps ti=<TaskInstance: youtube_english_video_pipeline.should_build_long_video_1 scheduled__2026-09-20T12:00:00+00:00 [queued]>
[2026-09-22T00:11:27.036+0000] {taskinstance.py:2306} INFO - Starting attempt 1 of 3
[2026-09-22T00:11:27.061+0000] {taskinstance.py:2330} INFO - Executing <Task(ShortCircuitOperator): should_build_long_video_1> on 2026-09-20 12:00:00+00:00
[2026-09-22T00:11:27.074+0000] {standard_task_runner.py:64} INFO - Started process 1103 to run task
[2026-09-22T00:11:27.079+0000] {standard_task_runner.py:90} INFO - Running: ['airflow', 'tasks', 'run', 'youtube_english_video_pipeline', 'should_build_long_video_1', 'scheduled__2026-09-20T12:00:00+00:00', '--job-id', '1454', '--raw', '--subdir', 'DAGS_FOLDER/youtube_pipeline.py', '--cfg-path', '/tmp/tmp9ao8kima']
[2026-09-22T00:11:27.084+0000] {standard_task_runner.py:91} INFO - Job 1454: Subtask should_build_long_video_1
[2026-09-22T00:11:27.183+0000] {task_command.py:426} INFO - Running <TaskInstance: youtube_english_video_pipeline.should_build_long_video_1 scheduled__2026-09-20T12:00:00+00:00 [running]> on host 73b18333cdfe
[2026-09-22T00:11:27.546+0000] {taskinstance.py:2648} INFO - Exporting env vars: AIRFLOW_CTX_DAG_OWNER='taky' AIRFLOW_CTX_DAG_ID='youtube_english_video_pipeline' AIRFLOW_CTX_TASK_ID='should_build_long_video_1' AIRFLOW_CTX_EXECUTION_DATE='2026-09-20T12:00:00+00:00' AIRFLOW_CTX_TRY_NUMBER='1' AIRFLOW_CTX_DAG_RUN_ID='scheduled__2026-09-20T12:00:00+00:00'
[2026-09-22T00:11:27.549+0000] {taskinstance.py:430} INFO - ::endgroup::
[2026-09-22T00:11:27.565+0000] {baseoperator.py:400} WARNING - ShortCircuitOperator.execute cannot be called outside TaskInstance!
[2026-09-22T00:11:27.568+0000] {python.py:237} INFO - Done. Returned value was: True
[2026-09-22T00:11:27.569+0000] {python.py:304} INFO - Condition result is True
[2026-09-22T00:11:27.572+0000] {python.py:307} INFO - Proceeding with downstream tasks...
[2026-09-22T00:11:27.573+0000] {taskinstance.py:441} INFO - ::group::Post task execution logs
[2026-09-22T00:11:27.616+0000] {taskinstance.py:1206} INFO - Marking task as SUCCESS. dag_id=youtube_english_video_pipeline, task_id=should_build_long_video_1, run_id=scheduled__2026-09-20T12:00:00+00:00, execution_date=20260920T120000, start_date=20260922T001127, end_date=20260922T001127
[2026-09-22T00:11:27.656+0000] {local_task_job_runner.py:243} INFO - Task exited with return code 0
[2026-09-22T00:11:27.675+0000] {local_task_job_runner.py:222} INFO - ::endgroup::
