[2026-07-27T12:03:31.618+0000] {local_task_job_runner.py:120} INFO - ::group::Pre task execution logs
[2026-07-27T12:03:31.661+0000] {taskinstance.py:2076} INFO - Dependencies all met for dep_context=non-requeueable deps ti=<TaskInstance: youtube_english_video_pipeline.upload_short_video_2 scheduled__2026-07-26T12:00:00+00:00 [queued]>
[2026-07-27T12:03:31.672+0000] {taskinstance.py:2076} INFO - Dependencies all met for dep_context=requeueable deps ti=<TaskInstance: youtube_english_video_pipeline.upload_short_video_2 scheduled__2026-07-26T12:00:00+00:00 [queued]>
[2026-07-27T12:03:31.674+0000] {taskinstance.py:2306} INFO - Starting attempt 1 of 3
[2026-07-27T12:03:31.690+0000] {taskinstance.py:2330} INFO - Executing <Task(PythonOperator): upload_short_video_2> on 2026-07-26 12:00:00+00:00
[2026-07-27T12:03:31.697+0000] {standard_task_runner.py:64} INFO - Started process 95370 to run task
[2026-07-27T12:03:31.700+0000] {standard_task_runner.py:90} INFO - Running: ['airflow', 'tasks', 'run', 'youtube_english_video_pipeline', 'upload_short_video_2', 'scheduled__2026-07-26T12:00:00+00:00', '--job-id', '471', '--raw', '--subdir', 'DAGS_FOLDER/youtube_pipeline.py', '--cfg-path', '/tmp/tmpmwlwvdmo']
[2026-07-27T12:03:31.704+0000] {standard_task_runner.py:91} INFO - Job 471: Subtask upload_short_video_2
[2026-07-27T12:03:31.784+0000] {task_command.py:426} INFO - Running <TaskInstance: youtube_english_video_pipeline.upload_short_video_2 scheduled__2026-07-26T12:00:00+00:00 [running]> on host cc859d74cf38
[2026-07-27T12:03:32.010+0000] {taskinstance.py:2648} INFO - Exporting env vars: AIRFLOW_CTX_DAG_OWNER='taky' AIRFLOW_CTX_DAG_ID='youtube_english_video_pipeline' AIRFLOW_CTX_TASK_ID='upload_short_video_2' AIRFLOW_CTX_EXECUTION_DATE='2026-07-26T12:00:00+00:00' AIRFLOW_CTX_TRY_NUMBER='1' AIRFLOW_CTX_DAG_RUN_ID='scheduled__2026-07-26T12:00:00+00:00'
[2026-07-27T12:03:32.011+0000] {taskinstance.py:430} INFO - ::endgroup::
[2026-07-27T12:03:32.337+0000] {__init__.py:49} INFO - file_cache is only supported with oauth2client<4.0.0
[2026-07-27T12:03:32.347+0000] {logging_mixin.py:188} INFO - 2026-07-27 12:03:32,347 | INFO     | uploader.youtube_uploader | Uploading video 'Daily English Phrase | Hotel English' (/opt/airflow/output/videos/short_971.mp4) to YouTube...
[2026-07-27T12:03:35.159+0000] {logging_mixin.py:188} INFO - 2026-07-27 12:03:35,159 | INFO     | uploader.youtube_uploader | Upload complete. YouTube video id = Mw-SDXn8Vo0
[2026-07-27T12:03:35.173+0000] {python.py:237} INFO - Done. Returned value was: Mw-SDXn8Vo0
[2026-07-27T12:03:35.177+0000] {taskinstance.py:441} INFO - ::group::Post task execution logs
[2026-07-27T12:03:35.207+0000] {taskinstance.py:1206} INFO - Marking task as SUCCESS. dag_id=youtube_english_video_pipeline, task_id=upload_short_video_2, run_id=scheduled__2026-07-26T12:00:00+00:00, execution_date=20260726T120000, start_date=20260727T120331, end_date=20260727T120335
[2026-07-27T12:03:35.255+0000] {local_task_job_runner.py:243} INFO - Task exited with return code 0
[2026-07-27T12:03:35.393+0000] {taskinstance.py:3503} INFO - 1 downstream tasks scheduled from follow-on schedule check
[2026-07-27T12:03:35.396+0000] {local_task_job_runner.py:222} INFO - ::endgroup::
