[2026-08-11T14:13:28.315+0000] {local_task_job_runner.py:120} INFO - ::group::Pre task execution logs
[2026-08-11T14:13:28.415+0000] {taskinstance.py:2076} INFO - Dependencies all met for dep_context=non-requeueable deps ti=<TaskInstance: youtube_english_video_pipeline.upload_long_video_10 scheduled__2026-08-10T12:00:00+00:00 [queued]>
[2026-08-11T14:13:28.436+0000] {taskinstance.py:2076} INFO - Dependencies all met for dep_context=requeueable deps ti=<TaskInstance: youtube_english_video_pipeline.upload_long_video_10 scheduled__2026-08-10T12:00:00+00:00 [queued]>
[2026-08-11T14:13:28.438+0000] {taskinstance.py:2306} INFO - Starting attempt 1 of 3
[2026-08-11T14:13:28.470+0000] {taskinstance.py:2330} INFO - Executing <Task(PythonOperator): upload_long_video_10> on 2026-08-10 12:00:00+00:00
[2026-08-11T14:13:28.487+0000] {standard_task_runner.py:64} INFO - Started process 47480 to run task
[2026-08-11T14:13:28.494+0000] {standard_task_runner.py:90} INFO - Running: ['airflow', 'tasks', 'run', 'youtube_english_video_pipeline', 'upload_long_video_10', 'scheduled__2026-08-10T12:00:00+00:00', '--job-id', '733', '--raw', '--subdir', 'DAGS_FOLDER/youtube_pipeline.py', '--cfg-path', '/tmp/tmps7l_tjj5']
[2026-08-11T14:13:28.503+0000] {standard_task_runner.py:91} INFO - Job 733: Subtask upload_long_video_10
[2026-08-11T14:13:28.673+0000] {task_command.py:426} INFO - Running <TaskInstance: youtube_english_video_pipeline.upload_long_video_10 scheduled__2026-08-10T12:00:00+00:00 [running]> on host cc859d74cf38
[2026-08-11T14:13:29.094+0000] {taskinstance.py:2648} INFO - Exporting env vars: AIRFLOW_CTX_DAG_OWNER='taky' AIRFLOW_CTX_DAG_ID='youtube_english_video_pipeline' AIRFLOW_CTX_TASK_ID='upload_long_video_10' AIRFLOW_CTX_EXECUTION_DATE='2026-08-10T12:00:00+00:00' AIRFLOW_CTX_TRY_NUMBER='1' AIRFLOW_CTX_DAG_RUN_ID='scheduled__2026-08-10T12:00:00+00:00'
[2026-08-11T14:13:29.098+0000] {taskinstance.py:430} INFO - ::endgroup::
[2026-08-11T14:13:30.276+0000] {__init__.py:49} INFO - file_cache is only supported with oauth2client<4.0.0
[2026-08-11T14:13:30.304+0000] {logging_mixin.py:188} INFO - 2026-08-11 14:13:30,304 | INFO     | uploader.youtube_uploader | Uploading video '20 Essential Everyday English Phrases | Taky's Language School' (/opt/airflow/output/videos/long_1822.mp4) to YouTube...
[2026-08-11T14:13:38.710+0000] {logging_mixin.py:188} INFO - 2026-08-11 14:13:38,710 | INFO     | uploader.youtube_uploader | Upload complete. YouTube video id = aAN8USAIYtA
[2026-08-11T14:13:46.184+0000] {logging_mixin.py:188} INFO - 2026-08-11 14:13:46,184 | INFO     | uploader.youtube_uploader | Custom thumbnail uploaded.
[2026-08-11T14:13:46.211+0000] {python.py:237} INFO - Done. Returned value was: aAN8USAIYtA
[2026-08-11T14:13:46.213+0000] {taskinstance.py:441} INFO - ::group::Post task execution logs
[2026-08-11T14:13:46.262+0000] {taskinstance.py:1206} INFO - Marking task as SUCCESS. dag_id=youtube_english_video_pipeline, task_id=upload_long_video_10, run_id=scheduled__2026-08-10T12:00:00+00:00, execution_date=20260810T120000, start_date=20260811T141328, end_date=20260811T141346
[2026-08-11T14:13:46.321+0000] {local_task_job_runner.py:243} INFO - Task exited with return code 0
[2026-08-11T14:13:46.521+0000] {taskinstance.py:3503} INFO - 0 downstream tasks scheduled from follow-on schedule check
[2026-08-11T14:13:46.527+0000] {local_task_job_runner.py:222} INFO - ::endgroup::
