[2026-08-10T11:41:51.696+0000] {processor.py:161} INFO - Started process (PID=80854) to work on /opt/airflow/dags/youtube_pipeline.py
[2026-08-10T11:41:51.717+0000] {processor.py:830} INFO - Processing file /opt/airflow/dags/youtube_pipeline.py for tasks to queue
[2026-08-10T11:41:51.742+0000] {logging_mixin.py:188} INFO - [2026-08-10T11:41:51.740+0000] {dagbag.py:545} INFO - Filling up the DagBag from /opt/airflow/dags/youtube_pipeline.py
[2026-08-10T11:41:52.655+0000] {processor.py:840} INFO - DAG(s) 'youtube_english_video_pipeline' retrieved from /opt/airflow/dags/youtube_pipeline.py
[2026-08-10T11:41:52.973+0000] {logging_mixin.py:188} INFO - [2026-08-10T11:41:52.973+0000] {dag.py:3089} INFO - Sync 1 DAGs
[2026-08-10T11:41:53.190+0000] {processor.py:183} INFO - Processing /opt/airflow/dags/youtube_pipeline.py took 1.563 seconds
[2026-08-10T11:42:23.774+0000] {processor.py:161} INFO - Started process (PID=81110) to work on /opt/airflow/dags/youtube_pipeline.py
[2026-08-10T11:42:23.776+0000] {processor.py:830} INFO - Processing file /opt/airflow/dags/youtube_pipeline.py for tasks to queue
[2026-08-10T11:42:23.778+0000] {logging_mixin.py:188} INFO - [2026-08-10T11:42:23.777+0000] {dagbag.py:545} INFO - Filling up the DagBag from /opt/airflow/dags/youtube_pipeline.py
[2026-08-10T11:42:23.858+0000] {processor.py:840} INFO - DAG(s) 'youtube_english_video_pipeline' retrieved from /opt/airflow/dags/youtube_pipeline.py
[2026-08-10T11:42:23.921+0000] {logging_mixin.py:188} INFO - [2026-08-10T11:42:23.920+0000] {dag.py:3089} INFO - Sync 1 DAGs
[2026-08-10T11:42:23.975+0000] {processor.py:183} INFO - Processing /opt/airflow/dags/youtube_pipeline.py took 0.210 seconds
[2026-08-10T11:42:54.428+0000] {processor.py:161} INFO - Started process (PID=81118) to work on /opt/airflow/dags/youtube_pipeline.py
[2026-08-10T11:42:54.433+0000] {processor.py:830} INFO - Processing file /opt/airflow/dags/youtube_pipeline.py for tasks to queue
[2026-08-10T11:42:54.438+0000] {logging_mixin.py:188} INFO - [2026-08-10T11:42:54.437+0000] {dagbag.py:545} INFO - Filling up the DagBag from /opt/airflow/dags/youtube_pipeline.py
[2026-08-10T11:42:54.578+0000] {processor.py:840} INFO - DAG(s) 'youtube_english_video_pipeline' retrieved from /opt/airflow/dags/youtube_pipeline.py
[2026-08-10T11:42:54.690+0000] {logging_mixin.py:188} INFO - [2026-08-10T11:42:54.690+0000] {dag.py:3089} INFO - Sync 1 DAGs
[2026-08-10T11:42:54.790+0000] {processor.py:183} INFO - Processing /opt/airflow/dags/youtube_pipeline.py took 0.381 seconds
[2026-08-10T11:43:25.595+0000] {processor.py:161} INFO - Started process (PID=81123) to work on /opt/airflow/dags/youtube_pipeline.py
[2026-08-10T11:43:25.602+0000] {processor.py:830} INFO - Processing file /opt/airflow/dags/youtube_pipeline.py for tasks to queue
[2026-08-10T11:43:25.609+0000] {logging_mixin.py:188} INFO - [2026-08-10T11:43:25.609+0000] {dagbag.py:545} INFO - Filling up the DagBag from /opt/airflow/dags/youtube_pipeline.py
[2026-08-10T11:43:25.823+0000] {processor.py:840} INFO - DAG(s) 'youtube_english_video_pipeline' retrieved from /opt/airflow/dags/youtube_pipeline.py
[2026-08-10T11:43:25.908+0000] {logging_mixin.py:188} INFO - [2026-08-10T11:43:25.907+0000] {dag.py:3089} INFO - Sync 1 DAGs
[2026-08-10T11:43:26.000+0000] {processor.py:183} INFO - Processing /opt/airflow/dags/youtube_pipeline.py took 0.426 seconds
[2026-08-10T11:43:56.293+0000] {processor.py:161} INFO - Started process (PID=81128) to work on /opt/airflow/dags/youtube_pipeline.py
[2026-08-10T11:43:56.298+0000] {processor.py:830} INFO - Processing file /opt/airflow/dags/youtube_pipeline.py for tasks to queue
[2026-08-10T11:43:56.302+0000] {logging_mixin.py:188} INFO - [2026-08-10T11:43:56.301+0000] {dagbag.py:545} INFO - Filling up the DagBag from /opt/airflow/dags/youtube_pipeline.py
[2026-08-10T11:43:56.452+0000] {processor.py:840} INFO - DAG(s) 'youtube_english_video_pipeline' retrieved from /opt/airflow/dags/youtube_pipeline.py
[2026-08-10T11:43:56.544+0000] {logging_mixin.py:188} INFO - [2026-08-10T11:43:56.543+0000] {dag.py:3089} INFO - Sync 1 DAGs
[2026-08-10T11:43:56.642+0000] {processor.py:183} INFO - Processing /opt/airflow/dags/youtube_pipeline.py took 0.368 seconds
[2026-08-10T11:44:26.891+0000] {processor.py:161} INFO - Started process (PID=81133) to work on /opt/airflow/dags/youtube_pipeline.py
[2026-08-10T11:44:26.895+0000] {processor.py:830} INFO - Processing file /opt/airflow/dags/youtube_pipeline.py for tasks to queue
[2026-08-10T11:44:26.898+0000] {logging_mixin.py:188} INFO - [2026-08-10T11:44:26.897+0000] {dagbag.py:545} INFO - Filling up the DagBag from /opt/airflow/dags/youtube_pipeline.py
[2026-08-10T11:44:27.010+0000] {processor.py:840} INFO - DAG(s) 'youtube_english_video_pipeline' retrieved from /opt/airflow/dags/youtube_pipeline.py
[2026-08-10T11:44:27.077+0000] {logging_mixin.py:188} INFO - [2026-08-10T11:44:27.076+0000] {dag.py:3089} INFO - Sync 1 DAGs
[2026-08-10T11:44:27.152+0000] {processor.py:183} INFO - Processing /opt/airflow/dags/youtube_pipeline.py took 0.278 seconds
[2026-08-10T11:44:57.655+0000] {processor.py:161} INFO - Started process (PID=81138) to work on /opt/airflow/dags/youtube_pipeline.py
[2026-08-10T11:44:57.660+0000] {processor.py:830} INFO - Processing file /opt/airflow/dags/youtube_pipeline.py for tasks to queue
[2026-08-10T11:44:57.663+0000] {logging_mixin.py:188} INFO - [2026-08-10T11:44:57.663+0000] {dagbag.py:545} INFO - Filling up the DagBag from /opt/airflow/dags/youtube_pipeline.py
[2026-08-10T11:44:57.852+0000] {processor.py:840} INFO - DAG(s) 'youtube_english_video_pipeline' retrieved from /opt/airflow/dags/youtube_pipeline.py
[2026-08-10T11:44:57.926+0000] {logging_mixin.py:188} INFO - [2026-08-10T11:44:57.925+0000] {dag.py:3089} INFO - Sync 1 DAGs
[2026-08-10T11:44:58.014+0000] {processor.py:183} INFO - Processing /opt/airflow/dags/youtube_pipeline.py took 0.375 seconds
[2026-08-10T11:45:28.741+0000] {processor.py:161} INFO - Started process (PID=81143) to work on /opt/airflow/dags/youtube_pipeline.py
[2026-08-10T11:45:28.745+0000] {processor.py:830} INFO - Processing file /opt/airflow/dags/youtube_pipeline.py for tasks to queue
[2026-08-10T11:45:28.748+0000] {logging_mixin.py:188} INFO - [2026-08-10T11:45:28.747+0000] {dagbag.py:545} INFO - Filling up the DagBag from /opt/airflow/dags/youtube_pipeline.py
[2026-08-10T11:45:28.882+0000] {processor.py:840} INFO - DAG(s) 'youtube_english_video_pipeline' retrieved from /opt/airflow/dags/youtube_pipeline.py
[2026-08-10T11:45:28.952+0000] {logging_mixin.py:188} INFO - [2026-08-10T11:45:28.952+0000] {dag.py:3089} INFO - Sync 1 DAGs
[2026-08-10T11:45:29.033+0000] {processor.py:183} INFO - Processing /opt/airflow/dags/youtube_pipeline.py took 0.307 seconds
[2026-08-10T11:45:59.541+0000] {processor.py:161} INFO - Started process (PID=81148) to work on /opt/airflow/dags/youtube_pipeline.py
[2026-08-10T11:45:59.546+0000] {processor.py:830} INFO - Processing file /opt/airflow/dags/youtube_pipeline.py for tasks to queue
[2026-08-10T11:45:59.552+0000] {logging_mixin.py:188} INFO - [2026-08-10T11:45:59.552+0000] {dagbag.py:545} INFO - Filling up the DagBag from /opt/airflow/dags/youtube_pipeline.py
[2026-08-10T11:45:59.758+0000] {processor.py:840} INFO - DAG(s) 'youtube_english_video_pipeline' retrieved from /opt/airflow/dags/youtube_pipeline.py
[2026-08-10T11:45:59.831+0000] {logging_mixin.py:188} INFO - [2026-08-10T11:45:59.830+0000] {dag.py:3089} INFO - Sync 1 DAGs
[2026-08-10T11:45:59.918+0000] {processor.py:183} INFO - Processing /opt/airflow/dags/youtube_pipeline.py took 0.391 seconds
[2026-08-10T11:46:30.598+0000] {processor.py:161} INFO - Started process (PID=81153) to work on /opt/airflow/dags/youtube_pipeline.py
[2026-08-10T11:46:30.604+0000] {processor.py:830} INFO - Processing file /opt/airflow/dags/youtube_pipeline.py for tasks to queue
[2026-08-10T11:46:30.609+0000] {logging_mixin.py:188} INFO - [2026-08-10T11:46:30.608+0000] {dagbag.py:545} INFO - Filling up the DagBag from /opt/airflow/dags/youtube_pipeline.py
[2026-08-10T11:46:30.907+0000] {processor.py:840} INFO - DAG(s) 'youtube_english_video_pipeline' retrieved from /opt/airflow/dags/youtube_pipeline.py
[2026-08-10T11:46:30.987+0000] {logging_mixin.py:188} INFO - [2026-08-10T11:46:30.987+0000] {dag.py:3089} INFO - Sync 1 DAGs
[2026-08-10T11:46:31.066+0000] {processor.py:183} INFO - Processing /opt/airflow/dags/youtube_pipeline.py took 0.485 seconds
[2026-08-10T11:47:01.621+0000] {processor.py:161} INFO - Started process (PID=81158) to work on /opt/airflow/dags/youtube_pipeline.py
[2026-08-10T11:47:01.631+0000] {processor.py:830} INFO - Processing file /opt/airflow/dags/youtube_pipeline.py for tasks to queue
[2026-08-10T11:47:01.635+0000] {logging_mixin.py:188} INFO - [2026-08-10T11:47:01.634+0000] {dagbag.py:545} INFO - Filling up the DagBag from /opt/airflow/dags/youtube_pipeline.py
[2026-08-10T11:47:01.829+0000] {processor.py:840} INFO - DAG(s) 'youtube_english_video_pipeline' retrieved from /opt/airflow/dags/youtube_pipeline.py
[2026-08-10T11:47:01.913+0000] {logging_mixin.py:188} INFO - [2026-08-10T11:47:01.912+0000] {dag.py:3089} INFO - Sync 1 DAGs
[2026-08-10T11:47:01.997+0000] {processor.py:183} INFO - Processing /opt/airflow/dags/youtube_pipeline.py took 0.398 seconds
[2026-08-10T11:47:32.687+0000] {processor.py:161} INFO - Started process (PID=81163) to work on /opt/airflow/dags/youtube_pipeline.py
[2026-08-10T11:47:32.691+0000] {processor.py:830} INFO - Processing file /opt/airflow/dags/youtube_pipeline.py for tasks to queue
[2026-08-10T11:47:32.695+0000] {logging_mixin.py:188} INFO - [2026-08-10T11:47:32.694+0000] {dagbag.py:545} INFO - Filling up the DagBag from /opt/airflow/dags/youtube_pipeline.py
[2026-08-10T11:47:32.888+0000] {processor.py:840} INFO - DAG(s) 'youtube_english_video_pipeline' retrieved from /opt/airflow/dags/youtube_pipeline.py
[2026-08-10T11:47:32.962+0000] {logging_mixin.py:188} INFO - [2026-08-10T11:47:32.961+0000] {dag.py:3089} INFO - Sync 1 DAGs
[2026-08-10T11:47:33.029+0000] {processor.py:183} INFO - Processing /opt/airflow/dags/youtube_pipeline.py took 0.357 seconds
[2026-08-10T11:48:03.828+0000] {processor.py:161} INFO - Started process (PID=81170) to work on /opt/airflow/dags/youtube_pipeline.py
[2026-08-10T11:48:03.836+0000] {processor.py:830} INFO - Processing file /opt/airflow/dags/youtube_pipeline.py for tasks to queue
[2026-08-10T11:48:03.839+0000] {logging_mixin.py:188} INFO - [2026-08-10T11:48:03.838+0000] {dagbag.py:545} INFO - Filling up the DagBag from /opt/airflow/dags/youtube_pipeline.py
[2026-08-10T11:48:04.082+0000] {processor.py:840} INFO - DAG(s) 'youtube_english_video_pipeline' retrieved from /opt/airflow/dags/youtube_pipeline.py
[2026-08-10T11:48:04.172+0000] {logging_mixin.py:188} INFO - [2026-08-10T11:48:04.172+0000] {dag.py:3089} INFO - Sync 1 DAGs
[2026-08-10T11:48:04.243+0000] {processor.py:183} INFO - Processing /opt/airflow/dags/youtube_pipeline.py took 0.431 seconds
[2026-08-10T11:48:34.527+0000] {processor.py:161} INFO - Started process (PID=81175) to work on /opt/airflow/dags/youtube_pipeline.py
[2026-08-10T11:48:34.531+0000] {processor.py:830} INFO - Processing file /opt/airflow/dags/youtube_pipeline.py for tasks to queue
[2026-08-10T11:48:34.533+0000] {logging_mixin.py:188} INFO - [2026-08-10T11:48:34.532+0000] {dagbag.py:545} INFO - Filling up the DagBag from /opt/airflow/dags/youtube_pipeline.py
[2026-08-10T11:48:34.661+0000] {processor.py:840} INFO - DAG(s) 'youtube_english_video_pipeline' retrieved from /opt/airflow/dags/youtube_pipeline.py
[2026-08-10T11:48:34.725+0000] {logging_mixin.py:188} INFO - [2026-08-10T11:48:34.725+0000] {dag.py:3089} INFO - Sync 1 DAGs
[2026-08-10T11:48:34.796+0000] {processor.py:183} INFO - Processing /opt/airflow/dags/youtube_pipeline.py took 0.285 seconds
[2026-08-10T11:49:05.060+0000] {processor.py:161} INFO - Started process (PID=81180) to work on /opt/airflow/dags/youtube_pipeline.py
[2026-08-10T11:49:05.062+0000] {processor.py:830} INFO - Processing file /opt/airflow/dags/youtube_pipeline.py for tasks to queue
[2026-08-10T11:49:05.064+0000] {logging_mixin.py:188} INFO - [2026-08-10T11:49:05.063+0000] {dagbag.py:545} INFO - Filling up the DagBag from /opt/airflow/dags/youtube_pipeline.py
[2026-08-10T11:49:05.146+0000] {processor.py:840} INFO - DAG(s) 'youtube_english_video_pipeline' retrieved from /opt/airflow/dags/youtube_pipeline.py
[2026-08-10T11:49:05.203+0000] {logging_mixin.py:188} INFO - [2026-08-10T11:49:05.202+0000] {dag.py:3089} INFO - Sync 1 DAGs
[2026-08-10T11:49:05.252+0000] {processor.py:183} INFO - Processing /opt/airflow/dags/youtube_pipeline.py took 0.206 seconds
[2026-08-10T11:49:35.791+0000] {processor.py:161} INFO - Started process (PID=81185) to work on /opt/airflow/dags/youtube_pipeline.py
[2026-08-10T11:49:35.793+0000] {processor.py:830} INFO - Processing file /opt/airflow/dags/youtube_pipeline.py for tasks to queue
[2026-08-10T11:49:35.796+0000] {logging_mixin.py:188} INFO - [2026-08-10T11:49:35.795+0000] {dagbag.py:545} INFO - Filling up the DagBag from /opt/airflow/dags/youtube_pipeline.py
[2026-08-10T11:49:35.971+0000] {processor.py:840} INFO - DAG(s) 'youtube_english_video_pipeline' retrieved from /opt/airflow/dags/youtube_pipeline.py
[2026-08-10T11:49:36.049+0000] {logging_mixin.py:188} INFO - [2026-08-10T11:49:36.049+0000] {dag.py:3089} INFO - Sync 1 DAGs
[2026-08-10T11:49:36.139+0000] {processor.py:183} INFO - Processing /opt/airflow/dags/youtube_pipeline.py took 0.360 seconds
[2026-08-10T11:50:06.918+0000] {processor.py:161} INFO - Started process (PID=81190) to work on /opt/airflow/dags/youtube_pipeline.py
[2026-08-10T11:50:06.925+0000] {processor.py:830} INFO - Processing file /opt/airflow/dags/youtube_pipeline.py for tasks to queue
[2026-08-10T11:50:06.932+0000] {logging_mixin.py:188} INFO - [2026-08-10T11:50:06.932+0000] {dagbag.py:545} INFO - Filling up the DagBag from /opt/airflow/dags/youtube_pipeline.py
[2026-08-10T11:50:07.200+0000] {processor.py:840} INFO - DAG(s) 'youtube_english_video_pipeline' retrieved from /opt/airflow/dags/youtube_pipeline.py
[2026-08-10T11:50:07.298+0000] {logging_mixin.py:188} INFO - [2026-08-10T11:50:07.298+0000] {dag.py:3089} INFO - Sync 1 DAGs
[2026-08-10T11:50:07.385+0000] {processor.py:183} INFO - Processing /opt/airflow/dags/youtube_pipeline.py took 0.483 seconds
[2026-08-10T11:50:37.936+0000] {processor.py:161} INFO - Started process (PID=81195) to work on /opt/airflow/dags/youtube_pipeline.py
[2026-08-10T11:50:37.941+0000] {processor.py:830} INFO - Processing file /opt/airflow/dags/youtube_pipeline.py for tasks to queue
[2026-08-10T11:50:37.950+0000] {logging_mixin.py:188} INFO - [2026-08-10T11:50:37.950+0000] {dagbag.py:545} INFO - Filling up the DagBag from /opt/airflow/dags/youtube_pipeline.py
[2026-08-10T11:50:38.197+0000] {processor.py:840} INFO - DAG(s) 'youtube_english_video_pipeline' retrieved from /opt/airflow/dags/youtube_pipeline.py
[2026-08-10T11:50:38.281+0000] {logging_mixin.py:188} INFO - [2026-08-10T11:50:38.280+0000] {dag.py:3089} INFO - Sync 1 DAGs
[2026-08-10T11:50:38.366+0000] {processor.py:183} INFO - Processing /opt/airflow/dags/youtube_pipeline.py took 0.449 seconds
[2026-08-10T11:51:09.592+0000] {processor.py:161} INFO - Started process (PID=81200) to work on /opt/airflow/dags/youtube_pipeline.py
[2026-08-10T11:51:09.609+0000] {processor.py:830} INFO - Processing file /opt/airflow/dags/youtube_pipeline.py for tasks to queue
[2026-08-10T11:51:09.624+0000] {logging_mixin.py:188} INFO - [2026-08-10T11:51:09.624+0000] {dagbag.py:545} INFO - Filling up the DagBag from /opt/airflow/dags/youtube_pipeline.py
[2026-08-10T11:51:10.434+0000] {processor.py:840} INFO - DAG(s) 'youtube_english_video_pipeline' retrieved from /opt/airflow/dags/youtube_pipeline.py
[2026-08-10T11:51:10.548+0000] {logging_mixin.py:188} INFO - [2026-08-10T11:51:10.548+0000] {dag.py:3089} INFO - Sync 1 DAGs
[2026-08-10T11:51:10.638+0000] {processor.py:183} INFO - Processing /opt/airflow/dags/youtube_pipeline.py took 1.082 seconds
[2026-08-10T11:51:41.881+0000] {processor.py:161} INFO - Started process (PID=81205) to work on /opt/airflow/dags/youtube_pipeline.py
[2026-08-10T11:51:41.890+0000] {processor.py:830} INFO - Processing file /opt/airflow/dags/youtube_pipeline.py for tasks to queue
[2026-08-10T11:51:41.895+0000] {logging_mixin.py:188} INFO - [2026-08-10T11:51:41.895+0000] {dagbag.py:545} INFO - Filling up the DagBag from /opt/airflow/dags/youtube_pipeline.py
[2026-08-10T11:51:42.130+0000] {processor.py:840} INFO - DAG(s) 'youtube_english_video_pipeline' retrieved from /opt/airflow/dags/youtube_pipeline.py
[2026-08-10T11:51:42.235+0000] {logging_mixin.py:188} INFO - [2026-08-10T11:51:42.235+0000] {dag.py:3089} INFO - Sync 1 DAGs
[2026-08-10T11:51:42.333+0000] {processor.py:183} INFO - Processing /opt/airflow/dags/youtube_pipeline.py took 0.468 seconds
[2026-08-10T11:52:13.232+0000] {processor.py:161} INFO - Started process (PID=81210) to work on /opt/airflow/dags/youtube_pipeline.py
[2026-08-10T11:52:13.248+0000] {processor.py:830} INFO - Processing file /opt/airflow/dags/youtube_pipeline.py for tasks to queue
[2026-08-10T11:52:13.258+0000] {logging_mixin.py:188} INFO - [2026-08-10T11:52:13.257+0000] {dagbag.py:545} INFO - Filling up the DagBag from /opt/airflow/dags/youtube_pipeline.py
[2026-08-10T11:52:13.473+0000] {processor.py:840} INFO - DAG(s) 'youtube_english_video_pipeline' retrieved from /opt/airflow/dags/youtube_pipeline.py
[2026-08-10T11:52:13.558+0000] {logging_mixin.py:188} INFO - [2026-08-10T11:52:13.557+0000] {dag.py:3089} INFO - Sync 1 DAGs
[2026-08-10T11:52:13.621+0000] {processor.py:183} INFO - Processing /opt/airflow/dags/youtube_pipeline.py took 0.417 seconds
[2026-08-10T11:52:43.936+0000] {processor.py:161} INFO - Started process (PID=81217) to work on /opt/airflow/dags/youtube_pipeline.py
[2026-08-10T11:52:43.938+0000] {processor.py:830} INFO - Processing file /opt/airflow/dags/youtube_pipeline.py for tasks to queue
[2026-08-10T11:52:43.939+0000] {logging_mixin.py:188} INFO - [2026-08-10T11:52:43.939+0000] {dagbag.py:545} INFO - Filling up the DagBag from /opt/airflow/dags/youtube_pipeline.py
[2026-08-10T11:52:44.016+0000] {processor.py:840} INFO - DAG(s) 'youtube_english_video_pipeline' retrieved from /opt/airflow/dags/youtube_pipeline.py
[2026-08-10T11:52:44.072+0000] {logging_mixin.py:188} INFO - [2026-08-10T11:52:44.071+0000] {dag.py:3089} INFO - Sync 1 DAGs
[2026-08-10T11:52:44.128+0000] {processor.py:183} INFO - Processing /opt/airflow/dags/youtube_pipeline.py took 0.203 seconds
[2026-08-10T11:53:14.795+0000] {processor.py:161} INFO - Started process (PID=81222) to work on /opt/airflow/dags/youtube_pipeline.py
[2026-08-10T11:53:14.804+0000] {processor.py:830} INFO - Processing file /opt/airflow/dags/youtube_pipeline.py for tasks to queue
[2026-08-10T11:53:14.808+0000] {logging_mixin.py:188} INFO - [2026-08-10T11:53:14.807+0000] {dagbag.py:545} INFO - Filling up the DagBag from /opt/airflow/dags/youtube_pipeline.py
[2026-08-10T11:53:15.035+0000] {processor.py:840} INFO - DAG(s) 'youtube_english_video_pipeline' retrieved from /opt/airflow/dags/youtube_pipeline.py
[2026-08-10T11:53:15.110+0000] {logging_mixin.py:188} INFO - [2026-08-10T11:53:15.110+0000] {dag.py:3089} INFO - Sync 1 DAGs
[2026-08-10T11:53:15.189+0000] {processor.py:183} INFO - Processing /opt/airflow/dags/youtube_pipeline.py took 0.411 seconds
[2026-08-10T11:53:45.983+0000] {processor.py:161} INFO - Started process (PID=81382) to work on /opt/airflow/dags/youtube_pipeline.py
[2026-08-10T11:53:45.991+0000] {processor.py:830} INFO - Processing file /opt/airflow/dags/youtube_pipeline.py for tasks to queue
[2026-08-10T11:53:46.000+0000] {logging_mixin.py:188} INFO - [2026-08-10T11:53:45.999+0000] {dagbag.py:545} INFO - Filling up the DagBag from /opt/airflow/dags/youtube_pipeline.py
[2026-08-10T11:53:46.257+0000] {processor.py:840} INFO - DAG(s) 'youtube_english_video_pipeline' retrieved from /opt/airflow/dags/youtube_pipeline.py
[2026-08-10T11:53:46.331+0000] {logging_mixin.py:188} INFO - [2026-08-10T11:53:46.330+0000] {dag.py:3089} INFO - Sync 1 DAGs
[2026-08-10T11:53:46.395+0000] {processor.py:183} INFO - Processing /opt/airflow/dags/youtube_pipeline.py took 0.445 seconds
[2026-08-10T11:54:16.900+0000] {processor.py:161} INFO - Started process (PID=81489) to work on /opt/airflow/dags/youtube_pipeline.py
[2026-08-10T11:54:16.904+0000] {processor.py:830} INFO - Processing file /opt/airflow/dags/youtube_pipeline.py for tasks to queue
[2026-08-10T11:54:16.912+0000] {logging_mixin.py:188} INFO - [2026-08-10T11:54:16.912+0000] {dagbag.py:545} INFO - Filling up the DagBag from /opt/airflow/dags/youtube_pipeline.py
[2026-08-10T11:54:17.045+0000] {processor.py:840} INFO - DAG(s) 'youtube_english_video_pipeline' retrieved from /opt/airflow/dags/youtube_pipeline.py
[2026-08-10T11:54:17.124+0000] {logging_mixin.py:188} INFO - [2026-08-10T11:54:17.124+0000] {dag.py:3089} INFO - Sync 1 DAGs
[2026-08-10T11:54:17.206+0000] {processor.py:183} INFO - Processing /opt/airflow/dags/youtube_pipeline.py took 0.320 seconds
[2026-08-10T11:54:47.504+0000] {processor.py:161} INFO - Started process (PID=81494) to work on /opt/airflow/dags/youtube_pipeline.py
[2026-08-10T11:54:47.510+0000] {processor.py:830} INFO - Processing file /opt/airflow/dags/youtube_pipeline.py for tasks to queue
[2026-08-10T11:54:47.515+0000] {logging_mixin.py:188} INFO - [2026-08-10T11:54:47.514+0000] {dagbag.py:545} INFO - Filling up the DagBag from /opt/airflow/dags/youtube_pipeline.py
[2026-08-10T11:54:47.637+0000] {processor.py:840} INFO - DAG(s) 'youtube_english_video_pipeline' retrieved from /opt/airflow/dags/youtube_pipeline.py
[2026-08-10T11:54:47.708+0000] {logging_mixin.py:188} INFO - [2026-08-10T11:54:47.708+0000] {dag.py:3089} INFO - Sync 1 DAGs
[2026-08-10T11:54:47.766+0000] {processor.py:183} INFO - Processing /opt/airflow/dags/youtube_pipeline.py took 0.276 seconds
[2026-08-10T11:55:18.468+0000] {processor.py:161} INFO - Started process (PID=81499) to work on /opt/airflow/dags/youtube_pipeline.py
[2026-08-10T11:55:18.473+0000] {processor.py:830} INFO - Processing file /opt/airflow/dags/youtube_pipeline.py for tasks to queue
[2026-08-10T11:55:18.482+0000] {logging_mixin.py:188} INFO - [2026-08-10T11:55:18.481+0000] {dagbag.py:545} INFO - Filling up the DagBag from /opt/airflow/dags/youtube_pipeline.py
[2026-08-10T11:55:18.766+0000] {processor.py:840} INFO - DAG(s) 'youtube_english_video_pipeline' retrieved from /opt/airflow/dags/youtube_pipeline.py
[2026-08-10T11:55:18.849+0000] {logging_mixin.py:188} INFO - [2026-08-10T11:55:18.848+0000] {dag.py:3089} INFO - Sync 1 DAGs
[2026-08-10T11:55:18.944+0000] {processor.py:183} INFO - Processing /opt/airflow/dags/youtube_pipeline.py took 0.492 seconds
[2026-08-10T11:55:49.605+0000] {processor.py:161} INFO - Started process (PID=81504) to work on /opt/airflow/dags/youtube_pipeline.py
[2026-08-10T11:55:49.608+0000] {processor.py:830} INFO - Processing file /opt/airflow/dags/youtube_pipeline.py for tasks to queue
[2026-08-10T11:55:49.611+0000] {logging_mixin.py:188} INFO - [2026-08-10T11:55:49.611+0000] {dagbag.py:545} INFO - Filling up the DagBag from /opt/airflow/dags/youtube_pipeline.py
[2026-08-10T11:55:49.746+0000] {processor.py:840} INFO - DAG(s) 'youtube_english_video_pipeline' retrieved from /opt/airflow/dags/youtube_pipeline.py
[2026-08-10T11:55:49.825+0000] {logging_mixin.py:188} INFO - [2026-08-10T11:55:49.825+0000] {dag.py:3089} INFO - Sync 1 DAGs
[2026-08-10T11:55:49.904+0000] {processor.py:183} INFO - Processing /opt/airflow/dags/youtube_pipeline.py took 0.313 seconds
[2026-08-10T11:56:20.601+0000] {processor.py:161} INFO - Started process (PID=81509) to work on /opt/airflow/dags/youtube_pipeline.py
[2026-08-10T11:56:20.604+0000] {processor.py:830} INFO - Processing file /opt/airflow/dags/youtube_pipeline.py for tasks to queue
[2026-08-10T11:56:20.607+0000] {logging_mixin.py:188} INFO - [2026-08-10T11:56:20.607+0000] {dagbag.py:545} INFO - Filling up the DagBag from /opt/airflow/dags/youtube_pipeline.py
[2026-08-10T11:56:20.727+0000] {processor.py:840} INFO - DAG(s) 'youtube_english_video_pipeline' retrieved from /opt/airflow/dags/youtube_pipeline.py
[2026-08-10T11:56:20.809+0000] {logging_mixin.py:188} INFO - [2026-08-10T11:56:20.808+0000] {dag.py:3089} INFO - Sync 1 DAGs
[2026-08-10T11:56:20.889+0000] {processor.py:183} INFO - Processing /opt/airflow/dags/youtube_pipeline.py took 0.299 seconds
[2026-08-10T11:56:51.127+0000] {processor.py:161} INFO - Started process (PID=81514) to work on /opt/airflow/dags/youtube_pipeline.py
[2026-08-10T11:56:51.130+0000] {processor.py:830} INFO - Processing file /opt/airflow/dags/youtube_pipeline.py for tasks to queue
[2026-08-10T11:56:51.133+0000] {logging_mixin.py:188} INFO - [2026-08-10T11:56:51.132+0000] {dagbag.py:545} INFO - Filling up the DagBag from /opt/airflow/dags/youtube_pipeline.py
[2026-08-10T11:56:51.309+0000] {processor.py:840} INFO - DAG(s) 'youtube_english_video_pipeline' retrieved from /opt/airflow/dags/youtube_pipeline.py
[2026-08-10T11:56:51.367+0000] {logging_mixin.py:188} INFO - [2026-08-10T11:56:51.367+0000] {dag.py:3089} INFO - Sync 1 DAGs
[2026-08-10T11:56:51.423+0000] {processor.py:183} INFO - Processing /opt/airflow/dags/youtube_pipeline.py took 0.312 seconds
[2026-08-10T11:57:22.151+0000] {processor.py:161} INFO - Started process (PID=81519) to work on /opt/airflow/dags/youtube_pipeline.py
[2026-08-10T11:57:22.154+0000] {processor.py:830} INFO - Processing file /opt/airflow/dags/youtube_pipeline.py for tasks to queue
[2026-08-10T11:57:22.159+0000] {logging_mixin.py:188} INFO - [2026-08-10T11:57:22.159+0000] {dagbag.py:545} INFO - Filling up the DagBag from /opt/airflow/dags/youtube_pipeline.py
[2026-08-10T11:57:22.325+0000] {processor.py:840} INFO - DAG(s) 'youtube_english_video_pipeline' retrieved from /opt/airflow/dags/youtube_pipeline.py
[2026-08-10T11:57:22.395+0000] {logging_mixin.py:188} INFO - [2026-08-10T11:57:22.395+0000] {dag.py:3089} INFO - Sync 1 DAGs
[2026-08-10T11:57:22.470+0000] {processor.py:183} INFO - Processing /opt/airflow/dags/youtube_pipeline.py took 0.331 seconds
[2026-08-10T11:57:53.251+0000] {processor.py:161} INFO - Started process (PID=81524) to work on /opt/airflow/dags/youtube_pipeline.py
[2026-08-10T11:57:53.257+0000] {processor.py:830} INFO - Processing file /opt/airflow/dags/youtube_pipeline.py for tasks to queue
[2026-08-10T11:57:53.266+0000] {logging_mixin.py:188} INFO - [2026-08-10T11:57:53.265+0000] {dagbag.py:545} INFO - Filling up the DagBag from /opt/airflow/dags/youtube_pipeline.py
[2026-08-10T11:57:53.603+0000] {processor.py:840} INFO - DAG(s) 'youtube_english_video_pipeline' retrieved from /opt/airflow/dags/youtube_pipeline.py
[2026-08-10T11:57:53.698+0000] {logging_mixin.py:188} INFO - [2026-08-10T11:57:53.698+0000] {dag.py:3089} INFO - Sync 1 DAGs
[2026-08-10T11:57:53.785+0000] {processor.py:183} INFO - Processing /opt/airflow/dags/youtube_pipeline.py took 0.552 seconds
[2026-08-10T11:58:24.208+0000] {processor.py:161} INFO - Started process (PID=81529) to work on /opt/airflow/dags/youtube_pipeline.py
[2026-08-10T11:58:24.213+0000] {processor.py:830} INFO - Processing file /opt/airflow/dags/youtube_pipeline.py for tasks to queue
[2026-08-10T11:58:24.218+0000] {logging_mixin.py:188} INFO - [2026-08-10T11:58:24.218+0000] {dagbag.py:545} INFO - Filling up the DagBag from /opt/airflow/dags/youtube_pipeline.py
[2026-08-10T11:58:24.342+0000] {processor.py:840} INFO - DAG(s) 'youtube_english_video_pipeline' retrieved from /opt/airflow/dags/youtube_pipeline.py
[2026-08-10T11:58:24.424+0000] {logging_mixin.py:188} INFO - [2026-08-10T11:58:24.424+0000] {dag.py:3089} INFO - Sync 1 DAGs
[2026-08-10T11:58:24.498+0000] {processor.py:183} INFO - Processing /opt/airflow/dags/youtube_pipeline.py took 0.305 seconds
[2026-08-10T11:58:54.984+0000] {processor.py:161} INFO - Started process (PID=81534) to work on /opt/airflow/dags/youtube_pipeline.py
[2026-08-10T11:58:54.988+0000] {processor.py:830} INFO - Processing file /opt/airflow/dags/youtube_pipeline.py for tasks to queue
[2026-08-10T11:58:54.991+0000] {logging_mixin.py:188} INFO - [2026-08-10T11:58:54.990+0000] {dagbag.py:545} INFO - Filling up the DagBag from /opt/airflow/dags/youtube_pipeline.py
[2026-08-10T11:58:55.113+0000] {processor.py:840} INFO - DAG(s) 'youtube_english_video_pipeline' retrieved from /opt/airflow/dags/youtube_pipeline.py
[2026-08-10T11:58:55.193+0000] {logging_mixin.py:188} INFO - [2026-08-10T11:58:55.192+0000] {dag.py:3089} INFO - Sync 1 DAGs
[2026-08-10T11:58:55.269+0000] {processor.py:183} INFO - Processing /opt/airflow/dags/youtube_pipeline.py took 0.304 seconds
[2026-08-10T11:59:26.324+0000] {processor.py:161} INFO - Started process (PID=81541) to work on /opt/airflow/dags/youtube_pipeline.py
[2026-08-10T11:59:26.340+0000] {processor.py:830} INFO - Processing file /opt/airflow/dags/youtube_pipeline.py for tasks to queue
[2026-08-10T11:59:26.346+0000] {logging_mixin.py:188} INFO - [2026-08-10T11:59:26.346+0000] {dagbag.py:545} INFO - Filling up the DagBag from /opt/airflow/dags/youtube_pipeline.py
[2026-08-10T11:59:26.651+0000] {processor.py:840} INFO - DAG(s) 'youtube_english_video_pipeline' retrieved from /opt/airflow/dags/youtube_pipeline.py
[2026-08-10T11:59:26.737+0000] {logging_mixin.py:188} INFO - [2026-08-10T11:59:26.737+0000] {dag.py:3089} INFO - Sync 1 DAGs
[2026-08-10T11:59:26.822+0000] {processor.py:183} INFO - Processing /opt/airflow/dags/youtube_pipeline.py took 0.519 seconds
[2026-08-10T11:59:57.785+0000] {processor.py:161} INFO - Started process (PID=81546) to work on /opt/airflow/dags/youtube_pipeline.py
[2026-08-10T11:59:57.792+0000] {processor.py:830} INFO - Processing file /opt/airflow/dags/youtube_pipeline.py for tasks to queue
[2026-08-10T11:59:57.800+0000] {logging_mixin.py:188} INFO - [2026-08-10T11:59:57.799+0000] {dagbag.py:545} INFO - Filling up the DagBag from /opt/airflow/dags/youtube_pipeline.py
[2026-08-10T11:59:58.058+0000] {processor.py:840} INFO - DAG(s) 'youtube_english_video_pipeline' retrieved from /opt/airflow/dags/youtube_pipeline.py
[2026-08-10T11:59:58.130+0000] {logging_mixin.py:188} INFO - [2026-08-10T11:59:58.130+0000] {dag.py:3089} INFO - Sync 1 DAGs
[2026-08-10T11:59:58.197+0000] {processor.py:183} INFO - Processing /opt/airflow/dags/youtube_pipeline.py took 0.426 seconds
[2026-08-10T12:00:28.571+0000] {processor.py:161} INFO - Started process (PID=81551) to work on /opt/airflow/dags/youtube_pipeline.py
[2026-08-10T12:00:28.577+0000] {processor.py:830} INFO - Processing file /opt/airflow/dags/youtube_pipeline.py for tasks to queue
[2026-08-10T12:00:28.584+0000] {logging_mixin.py:188} INFO - [2026-08-10T12:00:28.583+0000] {dagbag.py:545} INFO - Filling up the DagBag from /opt/airflow/dags/youtube_pipeline.py
[2026-08-10T12:00:28.815+0000] {processor.py:840} INFO - DAG(s) 'youtube_english_video_pipeline' retrieved from /opt/airflow/dags/youtube_pipeline.py
[2026-08-10T12:00:28.880+0000] {logging_mixin.py:188} INFO - [2026-08-10T12:00:28.880+0000] {dag.py:3089} INFO - Sync 1 DAGs
[2026-08-10T12:00:28.939+0000] {processor.py:183} INFO - Processing /opt/airflow/dags/youtube_pipeline.py took 0.386 seconds
[2026-08-10T12:00:59.397+0000] {processor.py:161} INFO - Started process (PID=81556) to work on /opt/airflow/dags/youtube_pipeline.py
[2026-08-10T12:00:59.399+0000] {processor.py:830} INFO - Processing file /opt/airflow/dags/youtube_pipeline.py for tasks to queue
[2026-08-10T12:00:59.403+0000] {logging_mixin.py:188} INFO - [2026-08-10T12:00:59.403+0000] {dagbag.py:545} INFO - Filling up the DagBag from /opt/airflow/dags/youtube_pipeline.py
[2026-08-10T12:00:59.610+0000] {processor.py:840} INFO - DAG(s) 'youtube_english_video_pipeline' retrieved from /opt/airflow/dags/youtube_pipeline.py
[2026-08-10T12:00:59.672+0000] {logging_mixin.py:188} INFO - [2026-08-10T12:00:59.672+0000] {dag.py:3089} INFO - Sync 1 DAGs
[2026-08-10T12:00:59.740+0000] {processor.py:183} INFO - Processing /opt/airflow/dags/youtube_pipeline.py took 0.356 seconds
[2026-08-10T12:01:30.075+0000] {processor.py:161} INFO - Started process (PID=81561) to work on /opt/airflow/dags/youtube_pipeline.py
[2026-08-10T12:01:30.080+0000] {processor.py:830} INFO - Processing file /opt/airflow/dags/youtube_pipeline.py for tasks to queue
[2026-08-10T12:01:30.083+0000] {logging_mixin.py:188} INFO - [2026-08-10T12:01:30.082+0000] {dagbag.py:545} INFO - Filling up the DagBag from /opt/airflow/dags/youtube_pipeline.py
[2026-08-10T12:01:30.212+0000] {processor.py:840} INFO - DAG(s) 'youtube_english_video_pipeline' retrieved from /opt/airflow/dags/youtube_pipeline.py
[2026-08-10T12:01:30.294+0000] {logging_mixin.py:188} INFO - [2026-08-10T12:01:30.294+0000] {dag.py:3089} INFO - Sync 1 DAGs
[2026-08-10T12:01:30.394+0000] {processor.py:183} INFO - Processing /opt/airflow/dags/youtube_pipeline.py took 0.337 seconds
[2026-08-10T12:02:01.046+0000] {processor.py:161} INFO - Started process (PID=81566) to work on /opt/airflow/dags/youtube_pipeline.py
[2026-08-10T12:02:01.053+0000] {processor.py:830} INFO - Processing file /opt/airflow/dags/youtube_pipeline.py for tasks to queue
[2026-08-10T12:02:01.057+0000] {logging_mixin.py:188} INFO - [2026-08-10T12:02:01.056+0000] {dagbag.py:545} INFO - Filling up the DagBag from /opt/airflow/dags/youtube_pipeline.py
[2026-08-10T12:02:01.280+0000] {processor.py:840} INFO - DAG(s) 'youtube_english_video_pipeline' retrieved from /opt/airflow/dags/youtube_pipeline.py
[2026-08-10T12:02:01.355+0000] {logging_mixin.py:188} INFO - [2026-08-10T12:02:01.355+0000] {dag.py:3089} INFO - Sync 1 DAGs
[2026-08-10T12:02:01.429+0000] {processor.py:183} INFO - Processing /opt/airflow/dags/youtube_pipeline.py took 0.400 seconds
[2026-08-10T12:02:32.123+0000] {processor.py:161} INFO - Started process (PID=81571) to work on /opt/airflow/dags/youtube_pipeline.py
[2026-08-10T12:02:32.133+0000] {processor.py:830} INFO - Processing file /opt/airflow/dags/youtube_pipeline.py for tasks to queue
[2026-08-10T12:02:32.140+0000] {logging_mixin.py:188} INFO - [2026-08-10T12:02:32.140+0000] {dagbag.py:545} INFO - Filling up the DagBag from /opt/airflow/dags/youtube_pipeline.py
[2026-08-10T12:02:32.373+0000] {processor.py:840} INFO - DAG(s) 'youtube_english_video_pipeline' retrieved from /opt/airflow/dags/youtube_pipeline.py
[2026-08-10T12:02:32.446+0000] {logging_mixin.py:188} INFO - [2026-08-10T12:02:32.445+0000] {dag.py:3089} INFO - Sync 1 DAGs
[2026-08-10T12:02:32.530+0000] {processor.py:183} INFO - Processing /opt/airflow/dags/youtube_pipeline.py took 0.422 seconds
[2026-08-10T12:03:03.394+0000] {processor.py:161} INFO - Started process (PID=81576) to work on /opt/airflow/dags/youtube_pipeline.py
[2026-08-10T12:03:03.399+0000] {processor.py:830} INFO - Processing file /opt/airflow/dags/youtube_pipeline.py for tasks to queue
[2026-08-10T12:03:03.401+0000] {logging_mixin.py:188} INFO - [2026-08-10T12:03:03.400+0000] {dagbag.py:545} INFO - Filling up the DagBag from /opt/airflow/dags/youtube_pipeline.py
[2026-08-10T12:03:03.591+0000] {processor.py:840} INFO - DAG(s) 'youtube_english_video_pipeline' retrieved from /opt/airflow/dags/youtube_pipeline.py
[2026-08-10T12:03:03.656+0000] {logging_mixin.py:188} INFO - [2026-08-10T12:03:03.655+0000] {dag.py:3089} INFO - Sync 1 DAGs
[2026-08-10T12:03:03.711+0000] {processor.py:183} INFO - Processing /opt/airflow/dags/youtube_pipeline.py took 0.332 seconds
[2026-08-10T12:03:33.953+0000] {processor.py:161} INFO - Started process (PID=81581) to work on /opt/airflow/dags/youtube_pipeline.py
[2026-08-10T12:03:33.955+0000] {processor.py:830} INFO - Processing file /opt/airflow/dags/youtube_pipeline.py for tasks to queue
[2026-08-10T12:03:33.957+0000] {logging_mixin.py:188} INFO - [2026-08-10T12:03:33.957+0000] {dagbag.py:545} INFO - Filling up the DagBag from /opt/airflow/dags/youtube_pipeline.py
[2026-08-10T12:03:34.135+0000] {processor.py:840} INFO - DAG(s) 'youtube_english_video_pipeline' retrieved from /opt/airflow/dags/youtube_pipeline.py
[2026-08-10T12:03:34.243+0000] {logging_mixin.py:188} INFO - [2026-08-10T12:03:34.243+0000] {dag.py:3089} INFO - Sync 1 DAGs
[2026-08-10T12:03:34.319+0000] {processor.py:183} INFO - Processing /opt/airflow/dags/youtube_pipeline.py took 0.377 seconds
[2026-08-10T12:04:04.697+0000] {processor.py:161} INFO - Started process (PID=81586) to work on /opt/airflow/dags/youtube_pipeline.py
[2026-08-10T12:04:04.701+0000] {processor.py:830} INFO - Processing file /opt/airflow/dags/youtube_pipeline.py for tasks to queue
[2026-08-10T12:04:04.705+0000] {logging_mixin.py:188} INFO - [2026-08-10T12:04:04.705+0000] {dagbag.py:545} INFO - Filling up the DagBag from /opt/airflow/dags/youtube_pipeline.py
[2026-08-10T12:04:04.908+0000] {processor.py:840} INFO - DAG(s) 'youtube_english_video_pipeline' retrieved from /opt/airflow/dags/youtube_pipeline.py
[2026-08-10T12:04:04.979+0000] {logging_mixin.py:188} INFO - [2026-08-10T12:04:04.979+0000] {dag.py:3089} INFO - Sync 1 DAGs
[2026-08-10T12:04:05.055+0000] {processor.py:183} INFO - Processing /opt/airflow/dags/youtube_pipeline.py took 0.371 seconds
[2026-08-10T12:04:35.677+0000] {processor.py:161} INFO - Started process (PID=81593) to work on /opt/airflow/dags/youtube_pipeline.py
[2026-08-10T12:04:35.680+0000] {processor.py:830} INFO - Processing file /opt/airflow/dags/youtube_pipeline.py for tasks to queue
[2026-08-10T12:04:35.683+0000] {logging_mixin.py:188} INFO - [2026-08-10T12:04:35.682+0000] {dagbag.py:545} INFO - Filling up the DagBag from /opt/airflow/dags/youtube_pipeline.py
[2026-08-10T12:04:35.812+0000] {processor.py:840} INFO - DAG(s) 'youtube_english_video_pipeline' retrieved from /opt/airflow/dags/youtube_pipeline.py
[2026-08-10T12:04:35.887+0000] {logging_mixin.py:188} INFO - [2026-08-10T12:04:35.886+0000] {dag.py:3089} INFO - Sync 1 DAGs
[2026-08-10T12:04:35.948+0000] {processor.py:183} INFO - Processing /opt/airflow/dags/youtube_pipeline.py took 0.285 seconds
[2026-08-10T12:05:06.238+0000] {processor.py:161} INFO - Started process (PID=81598) to work on /opt/airflow/dags/youtube_pipeline.py
[2026-08-10T12:05:06.243+0000] {processor.py:830} INFO - Processing file /opt/airflow/dags/youtube_pipeline.py for tasks to queue
[2026-08-10T12:05:06.250+0000] {logging_mixin.py:188} INFO - [2026-08-10T12:05:06.250+0000] {dagbag.py:545} INFO - Filling up the DagBag from /opt/airflow/dags/youtube_pipeline.py
[2026-08-10T12:05:06.474+0000] {processor.py:840} INFO - DAG(s) 'youtube_english_video_pipeline' retrieved from /opt/airflow/dags/youtube_pipeline.py
[2026-08-10T12:05:06.540+0000] {logging_mixin.py:188} INFO - [2026-08-10T12:05:06.540+0000] {dag.py:3089} INFO - Sync 1 DAGs
[2026-08-10T12:05:06.585+0000] {logging_mixin.py:188} INFO - [2026-08-10T12:05:06.585+0000] {dag.py:3947} INFO - Setting next_dagrun for youtube_english_video_pipeline to 2026-08-09 12:00:00+00:00, run_after=2026-08-10 12:00:00+00:00
[2026-08-10T12:05:06.619+0000] {processor.py:183} INFO - Processing /opt/airflow/dags/youtube_pipeline.py took 0.398 seconds
[2026-08-10T12:05:36.990+0000] {processor.py:161} INFO - Started process (PID=81860) to work on /opt/airflow/dags/youtube_pipeline.py
[2026-08-10T12:05:36.996+0000] {processor.py:830} INFO - Processing file /opt/airflow/dags/youtube_pipeline.py for tasks to queue
[2026-08-10T12:05:36.998+0000] {logging_mixin.py:188} INFO - [2026-08-10T12:05:36.998+0000] {dagbag.py:545} INFO - Filling up the DagBag from /opt/airflow/dags/youtube_pipeline.py
[2026-08-10T12:05:37.138+0000] {processor.py:840} INFO - DAG(s) 'youtube_english_video_pipeline' retrieved from /opt/airflow/dags/youtube_pipeline.py
[2026-08-10T12:05:37.208+0000] {logging_mixin.py:188} INFO - [2026-08-10T12:05:37.208+0000] {dag.py:3089} INFO - Sync 1 DAGs
[2026-08-10T12:05:37.282+0000] {processor.py:183} INFO - Processing /opt/airflow/dags/youtube_pipeline.py took 0.305 seconds
[2026-08-10T12:06:07.766+0000] {processor.py:161} INFO - Started process (PID=81865) to work on /opt/airflow/dags/youtube_pipeline.py
[2026-08-10T12:06:07.774+0000] {processor.py:830} INFO - Processing file /opt/airflow/dags/youtube_pipeline.py for tasks to queue
[2026-08-10T12:06:07.779+0000] {logging_mixin.py:188} INFO - [2026-08-10T12:06:07.779+0000] {dagbag.py:545} INFO - Filling up the DagBag from /opt/airflow/dags/youtube_pipeline.py
[2026-08-10T12:06:07.998+0000] {processor.py:840} INFO - DAG(s) 'youtube_english_video_pipeline' retrieved from /opt/airflow/dags/youtube_pipeline.py
[2026-08-10T12:06:08.070+0000] {logging_mixin.py:188} INFO - [2026-08-10T12:06:08.070+0000] {dag.py:3089} INFO - Sync 1 DAGs
[2026-08-10T12:06:08.128+0000] {processor.py:183} INFO - Processing /opt/airflow/dags/youtube_pipeline.py took 0.375 seconds
[2026-08-10T12:06:38.980+0000] {processor.py:161} INFO - Started process (PID=81870) to work on /opt/airflow/dags/youtube_pipeline.py
[2026-08-10T12:06:38.989+0000] {processor.py:830} INFO - Processing file /opt/airflow/dags/youtube_pipeline.py for tasks to queue
[2026-08-10T12:06:39.000+0000] {logging_mixin.py:188} INFO - [2026-08-10T12:06:38.999+0000] {dagbag.py:545} INFO - Filling up the DagBag from /opt/airflow/dags/youtube_pipeline.py
[2026-08-10T12:06:39.236+0000] {processor.py:840} INFO - DAG(s) 'youtube_english_video_pipeline' retrieved from /opt/airflow/dags/youtube_pipeline.py
[2026-08-10T12:06:39.304+0000] {logging_mixin.py:188} INFO - [2026-08-10T12:06:39.304+0000] {dag.py:3089} INFO - Sync 1 DAGs
[2026-08-10T12:06:39.380+0000] {processor.py:183} INFO - Processing /opt/airflow/dags/youtube_pipeline.py took 0.418 seconds
[2026-08-10T12:07:09.940+0000] {processor.py:161} INFO - Started process (PID=81875) to work on /opt/airflow/dags/youtube_pipeline.py
[2026-08-10T12:07:09.944+0000] {processor.py:830} INFO - Processing file /opt/airflow/dags/youtube_pipeline.py for tasks to queue
[2026-08-10T12:07:09.946+0000] {logging_mixin.py:188} INFO - [2026-08-10T12:07:09.946+0000] {dagbag.py:545} INFO - Filling up the DagBag from /opt/airflow/dags/youtube_pipeline.py
[2026-08-10T12:07:10.077+0000] {processor.py:840} INFO - DAG(s) 'youtube_english_video_pipeline' retrieved from /opt/airflow/dags/youtube_pipeline.py
[2026-08-10T12:07:10.145+0000] {logging_mixin.py:188} INFO - [2026-08-10T12:07:10.145+0000] {dag.py:3089} INFO - Sync 1 DAGs
[2026-08-10T12:07:10.217+0000] {processor.py:183} INFO - Processing /opt/airflow/dags/youtube_pipeline.py took 0.292 seconds
[2026-08-10T12:07:40.806+0000] {processor.py:161} INFO - Started process (PID=81880) to work on /opt/airflow/dags/youtube_pipeline.py
[2026-08-10T12:07:40.810+0000] {processor.py:830} INFO - Processing file /opt/airflow/dags/youtube_pipeline.py for tasks to queue
[2026-08-10T12:07:40.814+0000] {logging_mixin.py:188} INFO - [2026-08-10T12:07:40.814+0000] {dagbag.py:545} INFO - Filling up the DagBag from /opt/airflow/dags/youtube_pipeline.py
[2026-08-10T12:07:40.917+0000] {processor.py:840} INFO - DAG(s) 'youtube_english_video_pipeline' retrieved from /opt/airflow/dags/youtube_pipeline.py
[2026-08-10T12:07:40.973+0000] {logging_mixin.py:188} INFO - [2026-08-10T12:07:40.973+0000] {dag.py:3089} INFO - Sync 1 DAGs
[2026-08-10T12:07:41.038+0000] {processor.py:183} INFO - Processing /opt/airflow/dags/youtube_pipeline.py took 0.250 seconds
[2026-08-10T12:08:11.256+0000] {processor.py:161} INFO - Started process (PID=81885) to work on /opt/airflow/dags/youtube_pipeline.py
[2026-08-10T12:08:11.259+0000] {processor.py:830} INFO - Processing file /opt/airflow/dags/youtube_pipeline.py for tasks to queue
[2026-08-10T12:08:11.262+0000] {logging_mixin.py:188} INFO - [2026-08-10T12:08:11.261+0000] {dagbag.py:545} INFO - Filling up the DagBag from /opt/airflow/dags/youtube_pipeline.py
[2026-08-10T12:08:11.411+0000] {processor.py:840} INFO - DAG(s) 'youtube_english_video_pipeline' retrieved from /opt/airflow/dags/youtube_pipeline.py
[2026-08-10T12:08:11.470+0000] {logging_mixin.py:188} INFO - [2026-08-10T12:08:11.469+0000] {dag.py:3089} INFO - Sync 1 DAGs
[2026-08-10T12:08:11.524+0000] {processor.py:183} INFO - Processing /opt/airflow/dags/youtube_pipeline.py took 0.281 seconds
[2026-08-10T12:08:42.055+0000] {processor.py:161} INFO - Started process (PID=81890) to work on /opt/airflow/dags/youtube_pipeline.py
[2026-08-10T12:08:42.058+0000] {processor.py:830} INFO - Processing file /opt/airflow/dags/youtube_pipeline.py for tasks to queue
[2026-08-10T12:08:42.061+0000] {logging_mixin.py:188} INFO - [2026-08-10T12:08:42.060+0000] {dagbag.py:545} INFO - Filling up the DagBag from /opt/airflow/dags/youtube_pipeline.py
[2026-08-10T12:08:42.221+0000] {processor.py:840} INFO - DAG(s) 'youtube_english_video_pipeline' retrieved from /opt/airflow/dags/youtube_pipeline.py
[2026-08-10T12:08:42.287+0000] {logging_mixin.py:188} INFO - [2026-08-10T12:08:42.287+0000] {dag.py:3089} INFO - Sync 1 DAGs
[2026-08-10T12:08:42.356+0000] {processor.py:183} INFO - Processing /opt/airflow/dags/youtube_pipeline.py took 0.316 seconds
[2026-08-10T12:09:12.927+0000] {processor.py:161} INFO - Started process (PID=81895) to work on /opt/airflow/dags/youtube_pipeline.py
[2026-08-10T12:09:12.930+0000] {processor.py:830} INFO - Processing file /opt/airflow/dags/youtube_pipeline.py for tasks to queue
[2026-08-10T12:09:12.934+0000] {logging_mixin.py:188} INFO - [2026-08-10T12:09:12.933+0000] {dagbag.py:545} INFO - Filling up the DagBag from /opt/airflow/dags/youtube_pipeline.py
[2026-08-10T12:09:13.070+0000] {processor.py:840} INFO - DAG(s) 'youtube_english_video_pipeline' retrieved from /opt/airflow/dags/youtube_pipeline.py
[2026-08-10T12:09:13.151+0000] {logging_mixin.py:188} INFO - [2026-08-10T12:09:13.151+0000] {dag.py:3089} INFO - Sync 1 DAGs
[2026-08-10T12:09:13.221+0000] {processor.py:183} INFO - Processing /opt/airflow/dags/youtube_pipeline.py took 0.308 seconds
[2026-08-10T12:09:43.897+0000] {processor.py:161} INFO - Started process (PID=81900) to work on /opt/airflow/dags/youtube_pipeline.py
[2026-08-10T12:09:43.900+0000] {processor.py:830} INFO - Processing file /opt/airflow/dags/youtube_pipeline.py for tasks to queue
[2026-08-10T12:09:43.904+0000] {logging_mixin.py:188} INFO - [2026-08-10T12:09:43.904+0000] {dagbag.py:545} INFO - Filling up the DagBag from /opt/airflow/dags/youtube_pipeline.py
[2026-08-10T12:09:44.037+0000] {processor.py:840} INFO - DAG(s) 'youtube_english_video_pipeline' retrieved from /opt/airflow/dags/youtube_pipeline.py
[2026-08-10T12:09:44.118+0000] {logging_mixin.py:188} INFO - [2026-08-10T12:09:44.117+0000] {dag.py:3089} INFO - Sync 1 DAGs
[2026-08-10T12:09:44.191+0000] {processor.py:183} INFO - Processing /opt/airflow/dags/youtube_pipeline.py took 0.308 seconds
[2026-08-10T12:10:14.730+0000] {processor.py:161} INFO - Started process (PID=81905) to work on /opt/airflow/dags/youtube_pipeline.py
[2026-08-10T12:10:14.735+0000] {processor.py:830} INFO - Processing file /opt/airflow/dags/youtube_pipeline.py for tasks to queue
[2026-08-10T12:10:14.737+0000] {logging_mixin.py:188} INFO - [2026-08-10T12:10:14.736+0000] {dagbag.py:545} INFO - Filling up the DagBag from /opt/airflow/dags/youtube_pipeline.py
[2026-08-10T12:10:14.849+0000] {processor.py:840} INFO - DAG(s) 'youtube_english_video_pipeline' retrieved from /opt/airflow/dags/youtube_pipeline.py
[2026-08-10T12:10:14.923+0000] {logging_mixin.py:188} INFO - [2026-08-10T12:10:14.923+0000] {dag.py:3089} INFO - Sync 1 DAGs
[2026-08-10T12:10:14.984+0000] {processor.py:183} INFO - Processing /opt/airflow/dags/youtube_pipeline.py took 0.269 seconds
[2026-08-10T12:10:45.308+0000] {processor.py:161} INFO - Started process (PID=81912) to work on /opt/airflow/dags/youtube_pipeline.py
[2026-08-10T12:10:45.311+0000] {processor.py:830} INFO - Processing file /opt/airflow/dags/youtube_pipeline.py for tasks to queue
[2026-08-10T12:10:45.314+0000] {logging_mixin.py:188} INFO - [2026-08-10T12:10:45.313+0000] {dagbag.py:545} INFO - Filling up the DagBag from /opt/airflow/dags/youtube_pipeline.py
[2026-08-10T12:10:45.525+0000] {processor.py:840} INFO - DAG(s) 'youtube_english_video_pipeline' retrieved from /opt/airflow/dags/youtube_pipeline.py
[2026-08-10T12:10:45.591+0000] {logging_mixin.py:188} INFO - [2026-08-10T12:10:45.590+0000] {dag.py:3089} INFO - Sync 1 DAGs
[2026-08-10T12:10:45.676+0000] {processor.py:183} INFO - Processing /opt/airflow/dags/youtube_pipeline.py took 0.384 seconds
[2026-08-10T12:11:16.256+0000] {processor.py:161} INFO - Started process (PID=81917) to work on /opt/airflow/dags/youtube_pipeline.py
[2026-08-10T12:11:16.260+0000] {processor.py:830} INFO - Processing file /opt/airflow/dags/youtube_pipeline.py for tasks to queue
[2026-08-10T12:11:16.263+0000] {logging_mixin.py:188} INFO - [2026-08-10T12:11:16.263+0000] {dagbag.py:545} INFO - Filling up the DagBag from /opt/airflow/dags/youtube_pipeline.py
[2026-08-10T12:11:16.431+0000] {processor.py:840} INFO - DAG(s) 'youtube_english_video_pipeline' retrieved from /opt/airflow/dags/youtube_pipeline.py
[2026-08-10T12:11:16.490+0000] {logging_mixin.py:188} INFO - [2026-08-10T12:11:16.490+0000] {dag.py:3089} INFO - Sync 1 DAGs
[2026-08-10T12:11:16.545+0000] {processor.py:183} INFO - Processing /opt/airflow/dags/youtube_pipeline.py took 0.309 seconds
[2026-08-10T12:11:47.176+0000] {processor.py:161} INFO - Started process (PID=81922) to work on /opt/airflow/dags/youtube_pipeline.py
[2026-08-10T12:11:47.181+0000] {processor.py:830} INFO - Processing file /opt/airflow/dags/youtube_pipeline.py for tasks to queue
[2026-08-10T12:11:47.186+0000] {logging_mixin.py:188} INFO - [2026-08-10T12:11:47.185+0000] {dagbag.py:545} INFO - Filling up the DagBag from /opt/airflow/dags/youtube_pipeline.py
[2026-08-10T12:11:47.430+0000] {processor.py:840} INFO - DAG(s) 'youtube_english_video_pipeline' retrieved from /opt/airflow/dags/youtube_pipeline.py
[2026-08-10T12:11:47.496+0000] {logging_mixin.py:188} INFO - [2026-08-10T12:11:47.496+0000] {dag.py:3089} INFO - Sync 1 DAGs
[2026-08-10T12:11:47.557+0000] {processor.py:183} INFO - Processing /opt/airflow/dags/youtube_pipeline.py took 0.396 seconds
[2026-08-10T12:12:18.261+0000] {processor.py:161} INFO - Started process (PID=81927) to work on /opt/airflow/dags/youtube_pipeline.py
[2026-08-10T12:12:18.267+0000] {processor.py:830} INFO - Processing file /opt/airflow/dags/youtube_pipeline.py for tasks to queue
[2026-08-10T12:12:18.271+0000] {logging_mixin.py:188} INFO - [2026-08-10T12:12:18.270+0000] {dagbag.py:545} INFO - Filling up the DagBag from /opt/airflow/dags/youtube_pipeline.py
[2026-08-10T12:12:18.500+0000] {processor.py:840} INFO - DAG(s) 'youtube_english_video_pipeline' retrieved from /opt/airflow/dags/youtube_pipeline.py
[2026-08-10T12:12:18.571+0000] {logging_mixin.py:188} INFO - [2026-08-10T12:12:18.570+0000] {dag.py:3089} INFO - Sync 1 DAGs
[2026-08-10T12:12:18.629+0000] {processor.py:183} INFO - Processing /opt/airflow/dags/youtube_pipeline.py took 0.385 seconds
[2026-08-10T12:12:49.173+0000] {processor.py:161} INFO - Started process (PID=81932) to work on /opt/airflow/dags/youtube_pipeline.py
[2026-08-10T12:12:49.177+0000] {processor.py:830} INFO - Processing file /opt/airflow/dags/youtube_pipeline.py for tasks to queue
[2026-08-10T12:12:49.183+0000] {logging_mixin.py:188} INFO - [2026-08-10T12:12:49.182+0000] {dagbag.py:545} INFO - Filling up the DagBag from /opt/airflow/dags/youtube_pipeline.py
[2026-08-10T12:12:49.390+0000] {processor.py:840} INFO - DAG(s) 'youtube_english_video_pipeline' retrieved from /opt/airflow/dags/youtube_pipeline.py
[2026-08-10T12:12:49.450+0000] {logging_mixin.py:188} INFO - [2026-08-10T12:12:49.450+0000] {dag.py:3089} INFO - Sync 1 DAGs
[2026-08-10T12:12:49.506+0000] {processor.py:183} INFO - Processing /opt/airflow/dags/youtube_pipeline.py took 0.347 seconds
[2026-08-10T12:13:20.285+0000] {processor.py:161} INFO - Started process (PID=81937) to work on /opt/airflow/dags/youtube_pipeline.py
[2026-08-10T12:13:20.291+0000] {processor.py:830} INFO - Processing file /opt/airflow/dags/youtube_pipeline.py for tasks to queue
[2026-08-10T12:13:20.296+0000] {logging_mixin.py:188} INFO - [2026-08-10T12:13:20.296+0000] {dagbag.py:545} INFO - Filling up the DagBag from /opt/airflow/dags/youtube_pipeline.py
[2026-08-10T12:13:20.544+0000] {processor.py:840} INFO - DAG(s) 'youtube_english_video_pipeline' retrieved from /opt/airflow/dags/youtube_pipeline.py
[2026-08-10T12:13:20.626+0000] {logging_mixin.py:188} INFO - [2026-08-10T12:13:20.625+0000] {dag.py:3089} INFO - Sync 1 DAGs
[2026-08-10T12:13:20.707+0000] {processor.py:183} INFO - Processing /opt/airflow/dags/youtube_pipeline.py took 0.440 seconds
[2026-08-10T12:13:51.166+0000] {processor.py:161} INFO - Started process (PID=81942) to work on /opt/airflow/dags/youtube_pipeline.py
[2026-08-10T12:13:51.170+0000] {processor.py:830} INFO - Processing file /opt/airflow/dags/youtube_pipeline.py for tasks to queue
[2026-08-10T12:13:51.174+0000] {logging_mixin.py:188} INFO - [2026-08-10T12:13:51.174+0000] {dagbag.py:545} INFO - Filling up the DagBag from /opt/airflow/dags/youtube_pipeline.py
[2026-08-10T12:13:51.319+0000] {processor.py:840} INFO - DAG(s) 'youtube_english_video_pipeline' retrieved from /opt/airflow/dags/youtube_pipeline.py
[2026-08-10T12:13:51.398+0000] {logging_mixin.py:188} INFO - [2026-08-10T12:13:51.398+0000] {dag.py:3089} INFO - Sync 1 DAGs
[2026-08-10T12:13:51.473+0000] {processor.py:183} INFO - Processing /opt/airflow/dags/youtube_pipeline.py took 0.320 seconds
[2026-08-10T12:14:21.909+0000] {processor.py:161} INFO - Started process (PID=81947) to work on /opt/airflow/dags/youtube_pipeline.py
[2026-08-10T12:14:21.915+0000] {processor.py:830} INFO - Processing file /opt/airflow/dags/youtube_pipeline.py for tasks to queue
[2026-08-10T12:14:21.921+0000] {logging_mixin.py:188} INFO - [2026-08-10T12:14:21.921+0000] {dagbag.py:545} INFO - Filling up the DagBag from /opt/airflow/dags/youtube_pipeline.py
[2026-08-10T12:14:22.239+0000] {processor.py:840} INFO - DAG(s) 'youtube_english_video_pipeline' retrieved from /opt/airflow/dags/youtube_pipeline.py
[2026-08-10T12:14:22.320+0000] {logging_mixin.py:188} INFO - [2026-08-10T12:14:22.319+0000] {dag.py:3089} INFO - Sync 1 DAGs
[2026-08-10T12:14:22.394+0000] {processor.py:183} INFO - Processing /opt/airflow/dags/youtube_pipeline.py took 0.502 seconds
[2026-08-10T12:14:53.014+0000] {processor.py:161} INFO - Started process (PID=81952) to work on /opt/airflow/dags/youtube_pipeline.py
[2026-08-10T12:14:53.018+0000] {processor.py:830} INFO - Processing file /opt/airflow/dags/youtube_pipeline.py for tasks to queue
[2026-08-10T12:14:53.021+0000] {logging_mixin.py:188} INFO - [2026-08-10T12:14:53.020+0000] {dagbag.py:545} INFO - Filling up the DagBag from /opt/airflow/dags/youtube_pipeline.py
[2026-08-10T12:14:53.166+0000] {processor.py:840} INFO - DAG(s) 'youtube_english_video_pipeline' retrieved from /opt/airflow/dags/youtube_pipeline.py
[2026-08-10T12:14:53.226+0000] {logging_mixin.py:188} INFO - [2026-08-10T12:14:53.226+0000] {dag.py:3089} INFO - Sync 1 DAGs
[2026-08-10T12:14:53.282+0000] {processor.py:183} INFO - Processing /opt/airflow/dags/youtube_pipeline.py took 0.286 seconds
[2026-08-10T12:15:23.516+0000] {processor.py:161} INFO - Started process (PID=81957) to work on /opt/airflow/dags/youtube_pipeline.py
[2026-08-10T12:15:23.519+0000] {processor.py:830} INFO - Processing file /opt/airflow/dags/youtube_pipeline.py for tasks to queue
[2026-08-10T12:15:23.522+0000] {logging_mixin.py:188} INFO - [2026-08-10T12:15:23.521+0000] {dagbag.py:545} INFO - Filling up the DagBag from /opt/airflow/dags/youtube_pipeline.py
[2026-08-10T12:15:23.668+0000] {processor.py:840} INFO - DAG(s) 'youtube_english_video_pipeline' retrieved from /opt/airflow/dags/youtube_pipeline.py
[2026-08-10T12:15:23.729+0000] {logging_mixin.py:188} INFO - [2026-08-10T12:15:23.728+0000] {dag.py:3089} INFO - Sync 1 DAGs
[2026-08-10T12:15:23.782+0000] {processor.py:183} INFO - Processing /opt/airflow/dags/youtube_pipeline.py took 0.280 seconds
[2026-08-10T12:15:54.327+0000] {processor.py:161} INFO - Started process (PID=81964) to work on /opt/airflow/dags/youtube_pipeline.py
[2026-08-10T12:15:54.331+0000] {processor.py:830} INFO - Processing file /opt/airflow/dags/youtube_pipeline.py for tasks to queue
[2026-08-10T12:15:54.336+0000] {logging_mixin.py:188} INFO - [2026-08-10T12:15:54.336+0000] {dagbag.py:545} INFO - Filling up the DagBag from /opt/airflow/dags/youtube_pipeline.py
[2026-08-10T12:15:54.545+0000] {processor.py:840} INFO - DAG(s) 'youtube_english_video_pipeline' retrieved from /opt/airflow/dags/youtube_pipeline.py
[2026-08-10T12:15:54.615+0000] {logging_mixin.py:188} INFO - [2026-08-10T12:15:54.614+0000] {dag.py:3089} INFO - Sync 1 DAGs
[2026-08-10T12:15:54.715+0000] {processor.py:183} INFO - Processing /opt/airflow/dags/youtube_pipeline.py took 0.402 seconds
[2026-08-10T12:16:25.849+0000] {processor.py:161} INFO - Started process (PID=81969) to work on /opt/airflow/dags/youtube_pipeline.py
[2026-08-10T12:16:25.853+0000] {processor.py:830} INFO - Processing file /opt/airflow/dags/youtube_pipeline.py for tasks to queue
[2026-08-10T12:16:25.858+0000] {logging_mixin.py:188} INFO - [2026-08-10T12:16:25.857+0000] {dagbag.py:545} INFO - Filling up the DagBag from /opt/airflow/dags/youtube_pipeline.py
[2026-08-10T12:16:26.066+0000] {processor.py:840} INFO - DAG(s) 'youtube_english_video_pipeline' retrieved from /opt/airflow/dags/youtube_pipeline.py
[2026-08-10T12:16:26.128+0000] {logging_mixin.py:188} INFO - [2026-08-10T12:16:26.128+0000] {dag.py:3089} INFO - Sync 1 DAGs
[2026-08-10T12:16:26.188+0000] {processor.py:183} INFO - Processing /opt/airflow/dags/youtube_pipeline.py took 0.355 seconds
[2026-08-10T12:16:56.871+0000] {processor.py:161} INFO - Started process (PID=81974) to work on /opt/airflow/dags/youtube_pipeline.py
[2026-08-10T12:16:56.876+0000] {processor.py:830} INFO - Processing file /opt/airflow/dags/youtube_pipeline.py for tasks to queue
[2026-08-10T12:16:56.880+0000] {logging_mixin.py:188} INFO - [2026-08-10T12:16:56.879+0000] {dagbag.py:545} INFO - Filling up the DagBag from /opt/airflow/dags/youtube_pipeline.py
[2026-08-10T12:16:57.101+0000] {processor.py:840} INFO - DAG(s) 'youtube_english_video_pipeline' retrieved from /opt/airflow/dags/youtube_pipeline.py
[2026-08-10T12:16:57.162+0000] {logging_mixin.py:188} INFO - [2026-08-10T12:16:57.162+0000] {dag.py:3089} INFO - Sync 1 DAGs
[2026-08-10T12:16:57.209+0000] {logging_mixin.py:188} INFO - [2026-08-10T12:16:57.208+0000] {dag.py:3947} INFO - Setting next_dagrun for youtube_english_video_pipeline to 2026-08-10 12:00:00+00:00, run_after=2026-08-11 12:00:00+00:00
[2026-08-10T12:16:57.263+0000] {processor.py:183} INFO - Processing /opt/airflow/dags/youtube_pipeline.py took 0.410 seconds
[2026-08-10T12:17:27.812+0000] {processor.py:161} INFO - Started process (PID=81979) to work on /opt/airflow/dags/youtube_pipeline.py
[2026-08-10T12:17:27.821+0000] {processor.py:830} INFO - Processing file /opt/airflow/dags/youtube_pipeline.py for tasks to queue
[2026-08-10T12:17:27.830+0000] {logging_mixin.py:188} INFO - [2026-08-10T12:17:27.829+0000] {dagbag.py:545} INFO - Filling up the DagBag from /opt/airflow/dags/youtube_pipeline.py
[2026-08-10T12:17:28.002+0000] {processor.py:840} INFO - DAG(s) 'youtube_english_video_pipeline' retrieved from /opt/airflow/dags/youtube_pipeline.py
[2026-08-10T12:17:28.082+0000] {logging_mixin.py:188} INFO - [2026-08-10T12:17:28.082+0000] {dag.py:3089} INFO - Sync 1 DAGs
[2026-08-10T12:17:28.126+0000] {logging_mixin.py:188} INFO - [2026-08-10T12:17:28.125+0000] {dag.py:3947} INFO - Setting next_dagrun for youtube_english_video_pipeline to 2026-08-10 12:00:00+00:00, run_after=2026-08-11 12:00:00+00:00
[2026-08-10T12:17:28.170+0000] {processor.py:183} INFO - Processing /opt/airflow/dags/youtube_pipeline.py took 0.372 seconds
[2026-08-10T12:17:58.575+0000] {processor.py:161} INFO - Started process (PID=81984) to work on /opt/airflow/dags/youtube_pipeline.py
[2026-08-10T12:17:58.584+0000] {processor.py:830} INFO - Processing file /opt/airflow/dags/youtube_pipeline.py for tasks to queue
[2026-08-10T12:17:58.591+0000] {logging_mixin.py:188} INFO - [2026-08-10T12:17:58.591+0000] {dagbag.py:545} INFO - Filling up the DagBag from /opt/airflow/dags/youtube_pipeline.py
[2026-08-10T12:17:58.857+0000] {processor.py:840} INFO - DAG(s) 'youtube_english_video_pipeline' retrieved from /opt/airflow/dags/youtube_pipeline.py
[2026-08-10T12:17:58.942+0000] {logging_mixin.py:188} INFO - [2026-08-10T12:17:58.942+0000] {dag.py:3089} INFO - Sync 1 DAGs
[2026-08-10T12:17:58.979+0000] {logging_mixin.py:188} INFO - [2026-08-10T12:17:58.979+0000] {dag.py:3947} INFO - Setting next_dagrun for youtube_english_video_pipeline to 2026-08-10 12:00:00+00:00, run_after=2026-08-11 12:00:00+00:00
[2026-08-10T12:17:59.051+0000] {processor.py:183} INFO - Processing /opt/airflow/dags/youtube_pipeline.py took 0.496 seconds
[2026-08-10T12:18:29.704+0000] {processor.py:161} INFO - Started process (PID=81989) to work on /opt/airflow/dags/youtube_pipeline.py
[2026-08-10T12:18:29.711+0000] {processor.py:830} INFO - Processing file /opt/airflow/dags/youtube_pipeline.py for tasks to queue
[2026-08-10T12:18:29.718+0000] {logging_mixin.py:188} INFO - [2026-08-10T12:18:29.717+0000] {dagbag.py:545} INFO - Filling up the DagBag from /opt/airflow/dags/youtube_pipeline.py
[2026-08-10T12:18:29.837+0000] {processor.py:840} INFO - DAG(s) 'youtube_english_video_pipeline' retrieved from /opt/airflow/dags/youtube_pipeline.py
[2026-08-10T12:18:29.894+0000] {logging_mixin.py:188} INFO - [2026-08-10T12:18:29.893+0000] {dag.py:3089} INFO - Sync 1 DAGs
[2026-08-10T12:18:29.920+0000] {logging_mixin.py:188} INFO - [2026-08-10T12:18:29.920+0000] {dag.py:3947} INFO - Setting next_dagrun for youtube_english_video_pipeline to 2026-08-10 12:00:00+00:00, run_after=2026-08-11 12:00:00+00:00
[2026-08-10T12:18:29.952+0000] {processor.py:183} INFO - Processing /opt/airflow/dags/youtube_pipeline.py took 0.260 seconds
[2026-08-10T12:19:00.225+0000] {processor.py:161} INFO - Started process (PID=81994) to work on /opt/airflow/dags/youtube_pipeline.py
[2026-08-10T12:19:00.228+0000] {processor.py:830} INFO - Processing file /opt/airflow/dags/youtube_pipeline.py for tasks to queue
[2026-08-10T12:19:00.232+0000] {logging_mixin.py:188} INFO - [2026-08-10T12:19:00.231+0000] {dagbag.py:545} INFO - Filling up the DagBag from /opt/airflow/dags/youtube_pipeline.py
[2026-08-10T12:19:00.352+0000] {processor.py:840} INFO - DAG(s) 'youtube_english_video_pipeline' retrieved from /opt/airflow/dags/youtube_pipeline.py
[2026-08-10T12:19:00.411+0000] {logging_mixin.py:188} INFO - [2026-08-10T12:19:00.411+0000] {dag.py:3089} INFO - Sync 1 DAGs
[2026-08-10T12:19:00.438+0000] {logging_mixin.py:188} INFO - [2026-08-10T12:19:00.438+0000] {dag.py:3947} INFO - Setting next_dagrun for youtube_english_video_pipeline to 2026-08-10 12:00:00+00:00, run_after=2026-08-11 12:00:00+00:00
[2026-08-10T12:19:00.467+0000] {processor.py:183} INFO - Processing /opt/airflow/dags/youtube_pipeline.py took 0.255 seconds
[2026-08-10T12:19:31.042+0000] {processor.py:161} INFO - Started process (PID=81999) to work on /opt/airflow/dags/youtube_pipeline.py
[2026-08-10T12:19:31.048+0000] {processor.py:830} INFO - Processing file /opt/airflow/dags/youtube_pipeline.py for tasks to queue
[2026-08-10T12:19:31.051+0000] {logging_mixin.py:188} INFO - [2026-08-10T12:19:31.050+0000] {dagbag.py:545} INFO - Filling up the DagBag from /opt/airflow/dags/youtube_pipeline.py
[2026-08-10T12:19:31.197+0000] {processor.py:840} INFO - DAG(s) 'youtube_english_video_pipeline' retrieved from /opt/airflow/dags/youtube_pipeline.py
[2026-08-10T12:19:31.258+0000] {logging_mixin.py:188} INFO - [2026-08-10T12:19:31.257+0000] {dag.py:3089} INFO - Sync 1 DAGs
[2026-08-10T12:19:31.290+0000] {logging_mixin.py:188} INFO - [2026-08-10T12:19:31.290+0000] {dag.py:3947} INFO - Setting next_dagrun for youtube_english_video_pipeline to 2026-08-10 12:00:00+00:00, run_after=2026-08-11 12:00:00+00:00
[2026-08-10T12:19:31.321+0000] {processor.py:183} INFO - Processing /opt/airflow/dags/youtube_pipeline.py took 0.293 seconds
[2026-08-10T12:20:01.615+0000] {processor.py:161} INFO - Started process (PID=82004) to work on /opt/airflow/dags/youtube_pipeline.py
[2026-08-10T12:20:01.620+0000] {processor.py:830} INFO - Processing file /opt/airflow/dags/youtube_pipeline.py for tasks to queue
[2026-08-10T12:20:01.624+0000] {logging_mixin.py:188} INFO - [2026-08-10T12:20:01.624+0000] {dagbag.py:545} INFO - Filling up the DagBag from /opt/airflow/dags/youtube_pipeline.py
[2026-08-10T12:20:01.896+0000] {processor.py:840} INFO - DAG(s) 'youtube_english_video_pipeline' retrieved from /opt/airflow/dags/youtube_pipeline.py
[2026-08-10T12:20:01.972+0000] {logging_mixin.py:188} INFO - [2026-08-10T12:20:01.972+0000] {dag.py:3089} INFO - Sync 1 DAGs
[2026-08-10T12:20:02.009+0000] {logging_mixin.py:188} INFO - [2026-08-10T12:20:02.009+0000] {dag.py:3947} INFO - Setting next_dagrun for youtube_english_video_pipeline to 2026-08-10 12:00:00+00:00, run_after=2026-08-11 12:00:00+00:00
[2026-08-10T12:20:02.056+0000] {processor.py:183} INFO - Processing /opt/airflow/dags/youtube_pipeline.py took 0.460 seconds
[2026-08-10T12:20:32.449+0000] {processor.py:161} INFO - Started process (PID=82009) to work on /opt/airflow/dags/youtube_pipeline.py
[2026-08-10T12:20:32.455+0000] {processor.py:830} INFO - Processing file /opt/airflow/dags/youtube_pipeline.py for tasks to queue
[2026-08-10T12:20:32.462+0000] {logging_mixin.py:188} INFO - [2026-08-10T12:20:32.462+0000] {dagbag.py:545} INFO - Filling up the DagBag from /opt/airflow/dags/youtube_pipeline.py
[2026-08-10T12:20:33.036+0000] {processor.py:840} INFO - DAG(s) 'youtube_english_video_pipeline' retrieved from /opt/airflow/dags/youtube_pipeline.py
[2026-08-10T12:20:33.109+0000] {logging_mixin.py:188} INFO - [2026-08-10T12:20:33.109+0000] {dag.py:3089} INFO - Sync 1 DAGs
[2026-08-10T12:20:33.149+0000] {logging_mixin.py:188} INFO - [2026-08-10T12:20:33.148+0000] {dag.py:3947} INFO - Setting next_dagrun for youtube_english_video_pipeline to 2026-08-10 12:00:00+00:00, run_after=2026-08-11 12:00:00+00:00
[2026-08-10T12:20:33.193+0000] {processor.py:183} INFO - Processing /opt/airflow/dags/youtube_pipeline.py took 0.762 seconds
[2026-08-10T12:21:03.884+0000] {processor.py:161} INFO - Started process (PID=82014) to work on /opt/airflow/dags/youtube_pipeline.py
[2026-08-10T12:21:03.887+0000] {processor.py:830} INFO - Processing file /opt/airflow/dags/youtube_pipeline.py for tasks to queue
[2026-08-10T12:21:03.889+0000] {logging_mixin.py:188} INFO - [2026-08-10T12:21:03.889+0000] {dagbag.py:545} INFO - Filling up the DagBag from /opt/airflow/dags/youtube_pipeline.py
[2026-08-10T12:21:04.002+0000] {processor.py:840} INFO - DAG(s) 'youtube_english_video_pipeline' retrieved from /opt/airflow/dags/youtube_pipeline.py
[2026-08-10T12:21:04.067+0000] {logging_mixin.py:188} INFO - [2026-08-10T12:21:04.067+0000] {dag.py:3089} INFO - Sync 1 DAGs
[2026-08-10T12:21:04.100+0000] {logging_mixin.py:188} INFO - [2026-08-10T12:21:04.100+0000] {dag.py:3947} INFO - Setting next_dagrun for youtube_english_video_pipeline to 2026-08-10 12:00:00+00:00, run_after=2026-08-11 12:00:00+00:00
[2026-08-10T12:21:04.134+0000] {processor.py:183} INFO - Processing /opt/airflow/dags/youtube_pipeline.py took 0.266 seconds
[2026-08-10T12:21:35.109+0000] {processor.py:161} INFO - Started process (PID=82019) to work on /opt/airflow/dags/youtube_pipeline.py
[2026-08-10T12:21:35.112+0000] {processor.py:830} INFO - Processing file /opt/airflow/dags/youtube_pipeline.py for tasks to queue
[2026-08-10T12:21:35.115+0000] {logging_mixin.py:188} INFO - [2026-08-10T12:21:35.114+0000] {dagbag.py:545} INFO - Filling up the DagBag from /opt/airflow/dags/youtube_pipeline.py
[2026-08-10T12:21:35.333+0000] {processor.py:840} INFO - DAG(s) 'youtube_english_video_pipeline' retrieved from /opt/airflow/dags/youtube_pipeline.py
[2026-08-10T12:21:35.415+0000] {logging_mixin.py:188} INFO - [2026-08-10T12:21:35.415+0000] {dag.py:3089} INFO - Sync 1 DAGs
[2026-08-10T12:21:35.448+0000] {logging_mixin.py:188} INFO - [2026-08-10T12:21:35.448+0000] {dag.py:3947} INFO - Setting next_dagrun for youtube_english_video_pipeline to 2026-08-10 12:00:00+00:00, run_after=2026-08-11 12:00:00+00:00
[2026-08-10T12:21:35.489+0000] {processor.py:183} INFO - Processing /opt/airflow/dags/youtube_pipeline.py took 0.407 seconds
[2026-08-10T12:22:06.052+0000] {processor.py:161} INFO - Started process (PID=82024) to work on /opt/airflow/dags/youtube_pipeline.py
[2026-08-10T12:22:06.055+0000] {processor.py:830} INFO - Processing file /opt/airflow/dags/youtube_pipeline.py for tasks to queue
[2026-08-10T12:22:06.059+0000] {logging_mixin.py:188} INFO - [2026-08-10T12:22:06.059+0000] {dagbag.py:545} INFO - Filling up the DagBag from /opt/airflow/dags/youtube_pipeline.py
[2026-08-10T12:22:06.179+0000] {processor.py:840} INFO - DAG(s) 'youtube_english_video_pipeline' retrieved from /opt/airflow/dags/youtube_pipeline.py
[2026-08-10T12:22:06.259+0000] {logging_mixin.py:188} INFO - [2026-08-10T12:22:06.258+0000] {dag.py:3089} INFO - Sync 1 DAGs
[2026-08-10T12:22:06.300+0000] {logging_mixin.py:188} INFO - [2026-08-10T12:22:06.300+0000] {dag.py:3947} INFO - Setting next_dagrun for youtube_english_video_pipeline to 2026-08-10 12:00:00+00:00, run_after=2026-08-11 12:00:00+00:00
[2026-08-10T12:22:06.343+0000] {processor.py:183} INFO - Processing /opt/airflow/dags/youtube_pipeline.py took 0.308 seconds
[2026-08-10T12:22:37.006+0000] {processor.py:161} INFO - Started process (PID=82029) to work on /opt/airflow/dags/youtube_pipeline.py
[2026-08-10T12:22:37.009+0000] {processor.py:830} INFO - Processing file /opt/airflow/dags/youtube_pipeline.py for tasks to queue
[2026-08-10T12:22:37.016+0000] {logging_mixin.py:188} INFO - [2026-08-10T12:22:37.015+0000] {dagbag.py:545} INFO - Filling up the DagBag from /opt/airflow/dags/youtube_pipeline.py
[2026-08-10T12:22:37.220+0000] {processor.py:840} INFO - DAG(s) 'youtube_english_video_pipeline' retrieved from /opt/airflow/dags/youtube_pipeline.py
[2026-08-10T12:22:37.301+0000] {logging_mixin.py:188} INFO - [2026-08-10T12:22:37.300+0000] {dag.py:3089} INFO - Sync 1 DAGs
[2026-08-10T12:22:37.342+0000] {logging_mixin.py:188} INFO - [2026-08-10T12:22:37.342+0000] {dag.py:3947} INFO - Setting next_dagrun for youtube_english_video_pipeline to 2026-08-10 12:00:00+00:00, run_after=2026-08-11 12:00:00+00:00
[2026-08-10T12:22:37.384+0000] {processor.py:183} INFO - Processing /opt/airflow/dags/youtube_pipeline.py took 0.394 seconds
[2026-08-10T12:23:08.044+0000] {processor.py:161} INFO - Started process (PID=82034) to work on /opt/airflow/dags/youtube_pipeline.py
[2026-08-10T12:23:08.049+0000] {processor.py:830} INFO - Processing file /opt/airflow/dags/youtube_pipeline.py for tasks to queue
[2026-08-10T12:23:08.054+0000] {logging_mixin.py:188} INFO - [2026-08-10T12:23:08.053+0000] {dagbag.py:545} INFO - Filling up the DagBag from /opt/airflow/dags/youtube_pipeline.py
[2026-08-10T12:23:08.213+0000] {processor.py:840} INFO - DAG(s) 'youtube_english_video_pipeline' retrieved from /opt/airflow/dags/youtube_pipeline.py
[2026-08-10T12:23:08.280+0000] {logging_mixin.py:188} INFO - [2026-08-10T12:23:08.279+0000] {dag.py:3089} INFO - Sync 1 DAGs
[2026-08-10T12:23:08.319+0000] {logging_mixin.py:188} INFO - [2026-08-10T12:23:08.319+0000] {dag.py:3947} INFO - Setting next_dagrun for youtube_english_video_pipeline to 2026-08-10 12:00:00+00:00, run_after=2026-08-11 12:00:00+00:00
[2026-08-10T12:23:08.377+0000] {processor.py:183} INFO - Processing /opt/airflow/dags/youtube_pipeline.py took 0.349 seconds
[2026-08-10T12:23:38.870+0000] {processor.py:161} INFO - Started process (PID=82039) to work on /opt/airflow/dags/youtube_pipeline.py
[2026-08-10T12:23:38.873+0000] {processor.py:830} INFO - Processing file /opt/airflow/dags/youtube_pipeline.py for tasks to queue
[2026-08-10T12:23:38.877+0000] {logging_mixin.py:188} INFO - [2026-08-10T12:23:38.877+0000] {dagbag.py:545} INFO - Filling up the DagBag from /opt/airflow/dags/youtube_pipeline.py
[2026-08-10T12:23:39.028+0000] {processor.py:840} INFO - DAG(s) 'youtube_english_video_pipeline' retrieved from /opt/airflow/dags/youtube_pipeline.py
[2026-08-10T12:23:39.114+0000] {logging_mixin.py:188} INFO - [2026-08-10T12:23:39.114+0000] {dag.py:3089} INFO - Sync 1 DAGs
[2026-08-10T12:23:39.156+0000] {logging_mixin.py:188} INFO - [2026-08-10T12:23:39.155+0000] {dag.py:3947} INFO - Setting next_dagrun for youtube_english_video_pipeline to 2026-08-10 12:00:00+00:00, run_after=2026-08-11 12:00:00+00:00
[2026-08-10T12:23:39.194+0000] {processor.py:183} INFO - Processing /opt/airflow/dags/youtube_pipeline.py took 0.338 seconds
[2026-08-10T12:24:09.521+0000] {processor.py:161} INFO - Started process (PID=82044) to work on /opt/airflow/dags/youtube_pipeline.py
[2026-08-10T12:24:09.525+0000] {processor.py:830} INFO - Processing file /opt/airflow/dags/youtube_pipeline.py for tasks to queue
[2026-08-10T12:24:09.531+0000] {logging_mixin.py:188} INFO - [2026-08-10T12:24:09.531+0000] {dagbag.py:545} INFO - Filling up the DagBag from /opt/airflow/dags/youtube_pipeline.py
[2026-08-10T12:24:09.765+0000] {processor.py:840} INFO - DAG(s) 'youtube_english_video_pipeline' retrieved from /opt/airflow/dags/youtube_pipeline.py
[2026-08-10T12:24:09.854+0000] {logging_mixin.py:188} INFO - [2026-08-10T12:24:09.854+0000] {dag.py:3089} INFO - Sync 1 DAGs
[2026-08-10T12:24:09.899+0000] {logging_mixin.py:188} INFO - [2026-08-10T12:24:09.899+0000] {dag.py:3947} INFO - Setting next_dagrun for youtube_english_video_pipeline to 2026-08-10 12:00:00+00:00, run_after=2026-08-11 12:00:00+00:00
[2026-08-10T12:24:09.953+0000] {processor.py:183} INFO - Processing /opt/airflow/dags/youtube_pipeline.py took 0.448 seconds
[2026-08-10T12:24:40.187+0000] {processor.py:161} INFO - Started process (PID=82049) to work on /opt/airflow/dags/youtube_pipeline.py
[2026-08-10T12:24:40.191+0000] {processor.py:830} INFO - Processing file /opt/airflow/dags/youtube_pipeline.py for tasks to queue
[2026-08-10T12:24:40.198+0000] {logging_mixin.py:188} INFO - [2026-08-10T12:24:40.197+0000] {dagbag.py:545} INFO - Filling up the DagBag from /opt/airflow/dags/youtube_pipeline.py
[2026-08-10T12:24:40.418+0000] {processor.py:840} INFO - DAG(s) 'youtube_english_video_pipeline' retrieved from /opt/airflow/dags/youtube_pipeline.py
[2026-08-10T12:24:40.501+0000] {logging_mixin.py:188} INFO - [2026-08-10T12:24:40.500+0000] {dag.py:3089} INFO - Sync 1 DAGs
[2026-08-10T12:24:40.537+0000] {logging_mixin.py:188} INFO - [2026-08-10T12:24:40.537+0000] {dag.py:3947} INFO - Setting next_dagrun for youtube_english_video_pipeline to 2026-08-10 12:00:00+00:00, run_after=2026-08-11 12:00:00+00:00
[2026-08-10T12:24:40.582+0000] {processor.py:183} INFO - Processing /opt/airflow/dags/youtube_pipeline.py took 0.412 seconds
[2026-08-10T12:25:10.912+0000] {processor.py:161} INFO - Started process (PID=82054) to work on /opt/airflow/dags/youtube_pipeline.py
[2026-08-10T12:25:10.916+0000] {processor.py:830} INFO - Processing file /opt/airflow/dags/youtube_pipeline.py for tasks to queue
[2026-08-10T12:25:10.921+0000] {logging_mixin.py:188} INFO - [2026-08-10T12:25:10.921+0000] {dagbag.py:545} INFO - Filling up the DagBag from /opt/airflow/dags/youtube_pipeline.py
[2026-08-10T12:25:11.124+0000] {processor.py:840} INFO - DAG(s) 'youtube_english_video_pipeline' retrieved from /opt/airflow/dags/youtube_pipeline.py
[2026-08-10T12:25:11.189+0000] {logging_mixin.py:188} INFO - [2026-08-10T12:25:11.189+0000] {dag.py:3089} INFO - Sync 1 DAGs
[2026-08-10T12:25:11.225+0000] {logging_mixin.py:188} INFO - [2026-08-10T12:25:11.225+0000] {dag.py:3947} INFO - Setting next_dagrun for youtube_english_video_pipeline to 2026-08-10 12:00:00+00:00, run_after=2026-08-11 12:00:00+00:00
[2026-08-10T12:25:11.260+0000] {processor.py:183} INFO - Processing /opt/airflow/dags/youtube_pipeline.py took 0.363 seconds
[2026-08-10T12:25:41.526+0000] {processor.py:161} INFO - Started process (PID=82059) to work on /opt/airflow/dags/youtube_pipeline.py
[2026-08-10T12:25:41.528+0000] {processor.py:830} INFO - Processing file /opt/airflow/dags/youtube_pipeline.py for tasks to queue
[2026-08-10T12:25:41.531+0000] {logging_mixin.py:188} INFO - [2026-08-10T12:25:41.531+0000] {dagbag.py:545} INFO - Filling up the DagBag from /opt/airflow/dags/youtube_pipeline.py
[2026-08-10T12:25:41.641+0000] {processor.py:840} INFO - DAG(s) 'youtube_english_video_pipeline' retrieved from /opt/airflow/dags/youtube_pipeline.py
[2026-08-10T12:25:41.702+0000] {logging_mixin.py:188} INFO - [2026-08-10T12:25:41.702+0000] {dag.py:3089} INFO - Sync 1 DAGs
[2026-08-10T12:25:41.732+0000] {logging_mixin.py:188} INFO - [2026-08-10T12:25:41.731+0000] {dag.py:3947} INFO - Setting next_dagrun for youtube_english_video_pipeline to 2026-08-10 12:00:00+00:00, run_after=2026-08-11 12:00:00+00:00
[2026-08-10T12:25:41.761+0000] {processor.py:183} INFO - Processing /opt/airflow/dags/youtube_pipeline.py took 0.249 seconds
[2026-08-10T12:26:12.375+0000] {processor.py:161} INFO - Started process (PID=82064) to work on /opt/airflow/dags/youtube_pipeline.py
[2026-08-10T12:26:12.385+0000] {processor.py:830} INFO - Processing file /opt/airflow/dags/youtube_pipeline.py for tasks to queue
[2026-08-10T12:26:12.389+0000] {logging_mixin.py:188} INFO - [2026-08-10T12:26:12.388+0000] {dagbag.py:545} INFO - Filling up the DagBag from /opt/airflow/dags/youtube_pipeline.py
[2026-08-10T12:26:12.611+0000] {processor.py:840} INFO - DAG(s) 'youtube_english_video_pipeline' retrieved from /opt/airflow/dags/youtube_pipeline.py
[2026-08-10T12:26:12.681+0000] {logging_mixin.py:188} INFO - [2026-08-10T12:26:12.681+0000] {dag.py:3089} INFO - Sync 1 DAGs
[2026-08-10T12:26:12.722+0000] {logging_mixin.py:188} INFO - [2026-08-10T12:26:12.722+0000] {dag.py:3947} INFO - Setting next_dagrun for youtube_english_video_pipeline to 2026-08-10 12:00:00+00:00, run_after=2026-08-11 12:00:00+00:00
[2026-08-10T12:26:12.765+0000] {processor.py:183} INFO - Processing /opt/airflow/dags/youtube_pipeline.py took 0.407 seconds
[2026-08-10T12:26:43.141+0000] {processor.py:161} INFO - Started process (PID=82069) to work on /opt/airflow/dags/youtube_pipeline.py
[2026-08-10T12:26:43.147+0000] {processor.py:830} INFO - Processing file /opt/airflow/dags/youtube_pipeline.py for tasks to queue
[2026-08-10T12:26:43.152+0000] {logging_mixin.py:188} INFO - [2026-08-10T12:26:43.152+0000] {dagbag.py:545} INFO - Filling up the DagBag from /opt/airflow/dags/youtube_pipeline.py
[2026-08-10T12:26:43.381+0000] {processor.py:840} INFO - DAG(s) 'youtube_english_video_pipeline' retrieved from /opt/airflow/dags/youtube_pipeline.py
[2026-08-10T12:26:43.443+0000] {logging_mixin.py:188} INFO - [2026-08-10T12:26:43.442+0000] {dag.py:3089} INFO - Sync 1 DAGs
[2026-08-10T12:26:43.473+0000] {logging_mixin.py:188} INFO - [2026-08-10T12:26:43.473+0000] {dag.py:3947} INFO - Setting next_dagrun for youtube_english_video_pipeline to 2026-08-10 12:00:00+00:00, run_after=2026-08-11 12:00:00+00:00
[2026-08-10T12:26:43.514+0000] {processor.py:183} INFO - Processing /opt/airflow/dags/youtube_pipeline.py took 0.392 seconds
[2026-08-10T12:27:13.851+0000] {processor.py:161} INFO - Started process (PID=82074) to work on /opt/airflow/dags/youtube_pipeline.py
[2026-08-10T12:27:13.856+0000] {processor.py:830} INFO - Processing file /opt/airflow/dags/youtube_pipeline.py for tasks to queue
[2026-08-10T12:27:13.859+0000] {logging_mixin.py:188} INFO - [2026-08-10T12:27:13.859+0000] {dagbag.py:545} INFO - Filling up the DagBag from /opt/airflow/dags/youtube_pipeline.py
[2026-08-10T12:27:14.025+0000] {processor.py:840} INFO - DAG(s) 'youtube_english_video_pipeline' retrieved from /opt/airflow/dags/youtube_pipeline.py
[2026-08-10T12:27:14.090+0000] {logging_mixin.py:188} INFO - [2026-08-10T12:27:14.089+0000] {dag.py:3089} INFO - Sync 1 DAGs
[2026-08-10T12:27:14.121+0000] {logging_mixin.py:188} INFO - [2026-08-10T12:27:14.121+0000] {dag.py:3947} INFO - Setting next_dagrun for youtube_english_video_pipeline to 2026-08-10 12:00:00+00:00, run_after=2026-08-11 12:00:00+00:00
[2026-08-10T12:27:14.160+0000] {processor.py:183} INFO - Processing /opt/airflow/dags/youtube_pipeline.py took 0.327 seconds
[2026-08-10T12:27:44.523+0000] {processor.py:161} INFO - Started process (PID=82079) to work on /opt/airflow/dags/youtube_pipeline.py
[2026-08-10T12:27:44.525+0000] {processor.py:830} INFO - Processing file /opt/airflow/dags/youtube_pipeline.py for tasks to queue
[2026-08-10T12:27:44.527+0000] {logging_mixin.py:188} INFO - [2026-08-10T12:27:44.527+0000] {dagbag.py:545} INFO - Filling up the DagBag from /opt/airflow/dags/youtube_pipeline.py
[2026-08-10T12:27:44.635+0000] {processor.py:840} INFO - DAG(s) 'youtube_english_video_pipeline' retrieved from /opt/airflow/dags/youtube_pipeline.py
[2026-08-10T12:27:44.691+0000] {logging_mixin.py:188} INFO - [2026-08-10T12:27:44.690+0000] {dag.py:3089} INFO - Sync 1 DAGs
[2026-08-10T12:27:44.720+0000] {logging_mixin.py:188} INFO - [2026-08-10T12:27:44.719+0000] {dag.py:3947} INFO - Setting next_dagrun for youtube_english_video_pipeline to 2026-08-10 12:00:00+00:00, run_after=2026-08-11 12:00:00+00:00
[2026-08-10T12:27:44.746+0000] {processor.py:183} INFO - Processing /opt/airflow/dags/youtube_pipeline.py took 0.233 seconds
[2026-08-10T12:28:15.197+0000] {processor.py:161} INFO - Started process (PID=82084) to work on /opt/airflow/dags/youtube_pipeline.py
[2026-08-10T12:28:15.200+0000] {processor.py:830} INFO - Processing file /opt/airflow/dags/youtube_pipeline.py for tasks to queue
[2026-08-10T12:28:15.203+0000] {logging_mixin.py:188} INFO - [2026-08-10T12:28:15.203+0000] {dagbag.py:545} INFO - Filling up the DagBag from /opt/airflow/dags/youtube_pipeline.py
[2026-08-10T12:28:15.436+0000] {processor.py:840} INFO - DAG(s) 'youtube_english_video_pipeline' retrieved from /opt/airflow/dags/youtube_pipeline.py
[2026-08-10T12:28:15.517+0000] {logging_mixin.py:188} INFO - [2026-08-10T12:28:15.516+0000] {dag.py:3089} INFO - Sync 1 DAGs
[2026-08-10T12:28:15.545+0000] {logging_mixin.py:188} INFO - [2026-08-10T12:28:15.545+0000] {dag.py:3947} INFO - Setting next_dagrun for youtube_english_video_pipeline to 2026-08-10 12:00:00+00:00, run_after=2026-08-11 12:00:00+00:00
[2026-08-10T12:28:15.597+0000] {processor.py:183} INFO - Processing /opt/airflow/dags/youtube_pipeline.py took 0.414 seconds
[2026-08-10T12:28:46.149+0000] {processor.py:161} INFO - Started process (PID=82089) to work on /opt/airflow/dags/youtube_pipeline.py
[2026-08-10T12:28:46.154+0000] {processor.py:830} INFO - Processing file /opt/airflow/dags/youtube_pipeline.py for tasks to queue
[2026-08-10T12:28:46.157+0000] {logging_mixin.py:188} INFO - [2026-08-10T12:28:46.156+0000] {dagbag.py:545} INFO - Filling up the DagBag from /opt/airflow/dags/youtube_pipeline.py
[2026-08-10T12:28:46.309+0000] {processor.py:840} INFO - DAG(s) 'youtube_english_video_pipeline' retrieved from /opt/airflow/dags/youtube_pipeline.py
[2026-08-10T12:28:46.370+0000] {logging_mixin.py:188} INFO - [2026-08-10T12:28:46.370+0000] {dag.py:3089} INFO - Sync 1 DAGs
[2026-08-10T12:28:46.404+0000] {logging_mixin.py:188} INFO - [2026-08-10T12:28:46.403+0000] {dag.py:3947} INFO - Setting next_dagrun for youtube_english_video_pipeline to 2026-08-10 12:00:00+00:00, run_after=2026-08-11 12:00:00+00:00
[2026-08-10T12:28:46.437+0000] {processor.py:183} INFO - Processing /opt/airflow/dags/youtube_pipeline.py took 0.304 seconds
