[2026-08-20T00:09:53.600+0000] {local_task_job_runner.py:120} INFO - ::group::Pre task execution logs
[2026-08-20T00:09:53.660+0000] {taskinstance.py:2076} INFO - Dependencies all met for dep_context=non-requeueable deps ti=<TaskInstance: youtube_english_video_pipeline.upload_long_video_1 scheduled__2026-08-18T12:00:00+00:00 [queued]>
[2026-08-20T00:09:53.677+0000] {taskinstance.py:2076} INFO - Dependencies all met for dep_context=requeueable deps ti=<TaskInstance: youtube_english_video_pipeline.upload_long_video_1 scheduled__2026-08-18T12:00:00+00:00 [queued]>
[2026-08-20T00:09:53.679+0000] {taskinstance.py:2306} INFO - Starting attempt 1 of 3
[2026-08-20T00:09:53.701+0000] {taskinstance.py:2330} INFO - Executing <Task(PythonOperator): upload_long_video_1> on 2026-08-18 12:00:00+00:00
[2026-08-20T00:09:53.710+0000] {standard_task_runner.py:64} INFO - Started process 38630 to run task
[2026-08-20T00:09:53.715+0000] {standard_task_runner.py:90} INFO - Running: ['airflow', 'tasks', 'run', 'youtube_english_video_pipeline', 'upload_long_video_1', 'scheduled__2026-08-18T12:00:00+00:00', '--job-id', '808', '--raw', '--subdir', 'DAGS_FOLDER/youtube_pipeline.py', '--cfg-path', '/tmp/tmp2_54r48g']
[2026-08-20T00:09:53.722+0000] {standard_task_runner.py:91} INFO - Job 808: Subtask upload_long_video_1
[2026-08-20T00:09:53.847+0000] {task_command.py:426} INFO - Running <TaskInstance: youtube_english_video_pipeline.upload_long_video_1 scheduled__2026-08-18T12:00:00+00:00 [running]> on host cc859d74cf38
[2026-08-20T00:09:54.160+0000] {taskinstance.py:2648} INFO - Exporting env vars: AIRFLOW_CTX_DAG_OWNER='taky' AIRFLOW_CTX_DAG_ID='youtube_english_video_pipeline' AIRFLOW_CTX_TASK_ID='upload_long_video_1' AIRFLOW_CTX_EXECUTION_DATE='2026-08-18T12:00:00+00:00' AIRFLOW_CTX_TRY_NUMBER='1' AIRFLOW_CTX_DAG_RUN_ID='scheduled__2026-08-18T12:00:00+00:00'
[2026-08-20T00:09:54.162+0000] {taskinstance.py:430} INFO - ::endgroup::
[2026-08-20T00:09:54.761+0000] {__init__.py:49} INFO - file_cache is only supported with oauth2client<4.0.0
[2026-08-20T00:09:54.773+0000] {logging_mixin.py:188} INFO - 2026-08-20 00:09:54,772 | INFO     | uploader.youtube_uploader | Uploading video 'Essential Restaurant English Phrases | Order Food & Speak Confidently' (/opt/airflow/output/videos/long_2061.mp4) to YouTube...
[2026-08-20T00:10:00.576+0000] {logging_mixin.py:188} INFO - 2026-08-20 00:10:00,576 | INFO     | uploader.youtube_uploader | Upload complete. YouTube video id = UKHqo6FjqCg
[2026-08-20T00:10:04.487+0000] {logging_mixin.py:188} INFO - 2026-08-20 00:10:04,487 | INFO     | uploader.youtube_uploader | Custom thumbnail uploaded.
[2026-08-20T00:10:04.502+0000] {python.py:237} INFO - Done. Returned value was: UKHqo6FjqCg
[2026-08-20T00:10:04.503+0000] {taskinstance.py:441} INFO - ::group::Post task execution logs
[2026-08-20T00:10:04.537+0000] {taskinstance.py:1206} INFO - Marking task as SUCCESS. dag_id=youtube_english_video_pipeline, task_id=upload_long_video_1, run_id=scheduled__2026-08-18T12:00:00+00:00, execution_date=20260818T120000, start_date=20260820T000953, end_date=20260820T001004
[2026-08-20T00:10:04.606+0000] {local_task_job_runner.py:243} INFO - Task exited with return code 0
[2026-08-20T00:10:04.834+0000] {taskinstance.py:3503} INFO - 1 downstream tasks scheduled from follow-on schedule check
[2026-08-20T00:10:04.854+0000] {local_task_job_runner.py:222} INFO - ::endgroup::
