[2026-08-11T02:36:46.544+0000] {local_task_job_runner.py:120} INFO - ::group::Pre task execution logs
[2026-08-11T02:36:46.600+0000] {taskinstance.py:2076} INFO - Dependencies all met for dep_context=non-requeueable deps ti=<TaskInstance: youtube_english_video_pipeline.build_short_video_4 manual__2026-08-11T02:25:49.703167+00:00 [queued]>
[2026-08-11T02:36:46.610+0000] {taskinstance.py:2076} INFO - Dependencies all met for dep_context=requeueable deps ti=<TaskInstance: youtube_english_video_pipeline.build_short_video_4 manual__2026-08-11T02:25:49.703167+00:00 [queued]>
[2026-08-11T02:36:46.614+0000] {taskinstance.py:2306} INFO - Starting attempt 1 of 3
[2026-08-11T02:36:46.636+0000] {taskinstance.py:2330} INFO - Executing <Task(PythonOperator): build_short_video_4> on 2026-08-11 02:25:49.703167+00:00
[2026-08-11T02:36:46.645+0000] {standard_task_runner.py:64} INFO - Started process 92215 to run task
[2026-08-11T02:36:46.651+0000] {standard_task_runner.py:90} INFO - Running: ['airflow', 'tasks', 'run', 'youtube_english_video_pipeline', 'build_short_video_4', 'manual__2026-08-11T02:25:49.703167+00:00', '--job-id', '650', '--raw', '--subdir', 'DAGS_FOLDER/youtube_pipeline.py', '--cfg-path', '/tmp/tmpnp2xea2v']
[2026-08-11T02:36:46.655+0000] {standard_task_runner.py:91} INFO - Job 650: Subtask build_short_video_4
[2026-08-11T02:36:46.761+0000] {task_command.py:426} INFO - Running <TaskInstance: youtube_english_video_pipeline.build_short_video_4 manual__2026-08-11T02:25:49.703167+00:00 [running]> on host cc859d74cf38
[2026-08-11T02:36:47.040+0000] {taskinstance.py:2648} INFO - Exporting env vars: AIRFLOW_CTX_DAG_OWNER='taky' AIRFLOW_CTX_DAG_ID='youtube_english_video_pipeline' AIRFLOW_CTX_TASK_ID='build_short_video_4' AIRFLOW_CTX_EXECUTION_DATE='2026-08-11T02:25:49.703167+00:00' AIRFLOW_CTX_TRY_NUMBER='1' AIRFLOW_CTX_DAG_RUN_ID='manual__2026-08-11T02:25:49.703167+00:00'
[2026-08-11T02:36:47.041+0000] {taskinstance.py:430} INFO - ::endgroup::
[2026-08-11T02:36:48.600+0000] {logging_mixin.py:188} INFO - 2026-08-11 02:36:48,600 | INFO     | planner.video_planner | Planned SHORT video: topic='Daily English', phrases=1
[2026-08-11T02:36:48.959+0000] {logging_mixin.py:188} INFO - 2026-08-11 02:36:48,959 | INFO     | tts.edge_tts | Synthesized audio -> /opt/airflow/output/audio/phrase_1495.mp3
[2026-08-11T02:36:49.415+0000] {logging_mixin.py:188} INFO - 2026-08-11 02:36:49,414 | INFO     | tts.edge_tts | Synthesized audio -> /opt/airflow/output/audio/example_1495.mp3
[2026-08-11T02:36:50.235+0000] {logging_mixin.py:188} INFO - 2026-08-11 02:36:50,235 | INFO     | media.image_downloader | Downloaded background image for scene='cafe' -> /opt/airflow/output/images/short_1495.jpg
[2026-08-11T02:36:55.159+0000] {logging_mixin.py:188} INFO - 2026-08-11 02:36:55,159 | WARNING  | video.video_builder | BGM file not found at /opt/airflow/assets/bgm/short_bgm.mp3, rendering without background music
[2026-08-11T02:36:57.165+0000] {logging_mixin.py:188} INFO - 2026-08-11 02:36:57,165 | INFO     | video.video_builder | Final video rendered -> /opt/airflow/output/videos/short_1495.mp4
[2026-08-11T02:37:02.838+0000] {python.py:237} INFO - Done. Returned value was: {'video_id': 178, 'file_path': '/opt/airflow/output/videos/short_1495.mp4', 'title': 'Ask for a seat like a native! "Mind if I sit here?" | Daily English #Shorts', 'description': 'In a crowded cafe and need a place to sit? ☕ Learn how to ask politely like a native English speaker!\n\nKey Phrase: "Mind if I sit here?"\n\nUse this useful phrase in daily conversations whenever you want to share a table or take an empty chair in public places.\n\nSubscribe to Taky\'s Language School for daily spoken English tips, real-life phrases, and natural conversation hacks!\n\n#DailyEnglish #LearnEnglish #EnglishPhrases #Shorts #SpeakEnglish', 'tags': ['learn english', 'daily english', 'english phrases', 'spoken english', 'mind if i sit here', 'takys language school', 'english for beginners', 'cafe english', 'english conversation', 'youtube shorts'], 'video_type': 'short'}
[2026-08-11T02:37:02.840+0000] {taskinstance.py:441} INFO - ::group::Post task execution logs
[2026-08-11T02:37:02.869+0000] {taskinstance.py:1206} INFO - Marking task as SUCCESS. dag_id=youtube_english_video_pipeline, task_id=build_short_video_4, run_id=manual__2026-08-11T02:25:49.703167+00:00, execution_date=20260811T022549, start_date=20260811T023646, end_date=20260811T023702
[2026-08-11T02:37:02.942+0000] {local_task_job_runner.py:243} INFO - Task exited with return code 0
[2026-08-11T02:37:03.154+0000] {taskinstance.py:3503} INFO - 1 downstream tasks scheduled from follow-on schedule check
[2026-08-11T02:37:03.159+0000] {local_task_job_runner.py:222} INFO - ::endgroup::
