[2026-08-17T12:42:59.410+0000] {local_task_job_runner.py:120} INFO - ::group::Pre task execution logs
[2026-08-17T12:42:59.460+0000] {taskinstance.py:2076} INFO - Dependencies all met for dep_context=non-requeueable deps ti=<TaskInstance: youtube_english_video_pipeline.build_short_video_2 scheduled__2026-08-11T12:00:00+00:00 [queued]>
[2026-08-17T12:42:59.472+0000] {taskinstance.py:2076} INFO - Dependencies all met for dep_context=requeueable deps ti=<TaskInstance: youtube_english_video_pipeline.build_short_video_2 scheduled__2026-08-11T12:00:00+00:00 [queued]>
[2026-08-17T12:42:59.478+0000] {taskinstance.py:2306} INFO - Starting attempt 1 of 3
[2026-08-17T12:42:59.496+0000] {taskinstance.py:2330} INFO - Executing <Task(PythonOperator): build_short_video_2> on 2026-08-11 12:00:00+00:00
[2026-08-17T12:42:59.502+0000] {standard_task_runner.py:64} INFO - Started process 4023 to run task
[2026-08-17T12:42:59.505+0000] {standard_task_runner.py:90} INFO - Running: ['airflow', 'tasks', 'run', 'youtube_english_video_pipeline', 'build_short_video_2', 'scheduled__2026-08-11T12:00:00+00:00', '--job-id', '741', '--raw', '--subdir', 'DAGS_FOLDER/youtube_pipeline.py', '--cfg-path', '/tmp/tmpnrx9mmm7']
[2026-08-17T12:42:59.508+0000] {standard_task_runner.py:91} INFO - Job 741: Subtask build_short_video_2
[2026-08-17T12:42:59.631+0000] {task_command.py:426} INFO - Running <TaskInstance: youtube_english_video_pipeline.build_short_video_2 scheduled__2026-08-11T12:00:00+00:00 [running]> on host cc859d74cf38
[2026-08-17T12:42:59.949+0000] {taskinstance.py:2648} INFO - Exporting env vars: AIRFLOW_CTX_DAG_OWNER='taky' AIRFLOW_CTX_DAG_ID='youtube_english_video_pipeline' AIRFLOW_CTX_TASK_ID='build_short_video_2' AIRFLOW_CTX_EXECUTION_DATE='2026-08-11T12:00:00+00:00' AIRFLOW_CTX_TRY_NUMBER='1' AIRFLOW_CTX_DAG_RUN_ID='scheduled__2026-08-11T12:00:00+00:00'
[2026-08-17T12:42:59.964+0000] {taskinstance.py:430} INFO - ::endgroup::
[2026-08-17T12:43:03.271+0000] {logging_mixin.py:188} INFO - 2026-08-17 12:43:03,270 | INFO     | planner.video_planner | Planned SHORT video: topic='Travel English', phrases=1
[2026-08-17T12:43:03.721+0000] {logging_mixin.py:188} INFO - 2026-08-17 12:43:03,721 | INFO     | tts.edge_tts | Synthesized audio -> /opt/airflow/output/audio/phrase_1872.mp3
[2026-08-17T12:43:04.176+0000] {logging_mixin.py:188} INFO - 2026-08-17 12:43:04,176 | INFO     | tts.edge_tts | Synthesized audio -> /opt/airflow/output/audio/example_1872.mp3
[2026-08-17T12:43:05.127+0000] {logging_mixin.py:188} INFO - 2026-08-17 12:43:05,127 | INFO     | media.image_downloader | Downloaded background image for scene='station' -> /opt/airflow/output/images/short_1872.jpg
[2026-08-17T12:43:13.936+0000] {logging_mixin.py:188} INFO - 2026-08-17 12:43:13,936 | WARNING  | video.video_builder | BGM file not found at /opt/airflow/assets/bgm/short_bgm.mp3, rendering without background music
[2026-08-17T12:43:16.262+0000] {logging_mixin.py:188} INFO - 2026-08-17 12:43:16,262 | INFO     | video.video_builder | Final video rendered -> /opt/airflow/output/videos/short_1872.mp4
[2026-08-17T12:43:28.491+0000] {python.py:237} INFO - Done. Returned value was: {'video_id': 214, 'file_path': '/opt/airflow/output/videos/short_1872.mp4', 'title': 'How to Ask for Train Directions in English! 🚆 Travel English Phrase #Shorts', 'description': 'Traveling by train and not sure if you\'re on the right platform? Learn this essential Travel English phrase today! 🚆\n\nPhrase of the day:\n👉 "Pardon me, does this train go to Central Station?"\n\nUse "Does this train go to [destination]?" whenever you need quick confirmation while traveling abroad.\n\nSubscribe to Taky\'s Language School for daily spoken English tips and travel conversation hacks!\n\n#TravelEnglish #LearnEnglish #SpokenEnglish #EnglishPhrases #Shorts #EnglishLesson #TakysLanguageSchool', 'tags': ['travel english', 'learn english', 'spoken english', 'english phrases', 'english for travel', 'asking directions in english', 'train station english', 'english conversation practice', 'takys language school', 'english shorts', 'practical english', 'daily english conversation'], 'video_type': 'short'}
[2026-08-17T12:43:28.494+0000] {taskinstance.py:441} INFO - ::group::Post task execution logs
[2026-08-17T12:43:28.545+0000] {taskinstance.py:1206} INFO - Marking task as SUCCESS. dag_id=youtube_english_video_pipeline, task_id=build_short_video_2, run_id=scheduled__2026-08-11T12:00:00+00:00, execution_date=20260811T120000, start_date=20260817T124259, end_date=20260817T124328
[2026-08-17T12:43:28.636+0000] {local_task_job_runner.py:243} INFO - Task exited with return code 0
[2026-08-17T12:43:28.954+0000] {taskinstance.py:3503} INFO - 1 downstream tasks scheduled from follow-on schedule check
[2026-08-17T12:43:28.961+0000] {local_task_job_runner.py:222} INFO - ::endgroup::
