[2026-09-05T00:55:21.566+0000] {local_task_job_runner.py:120} INFO - ::group::Pre task execution logs
[2026-09-05T00:55:21.612+0000] {taskinstance.py:2076} INFO - Dependencies all met for dep_context=non-requeueable deps ti=<TaskInstance: youtube_english_video_pipeline.upload_short_video_7 scheduled__2026-08-26T12:00:00+00:00 [queued]>
[2026-09-05T00:55:21.631+0000] {taskinstance.py:2076} INFO - Dependencies all met for dep_context=requeueable deps ti=<TaskInstance: youtube_english_video_pipeline.upload_short_video_7 scheduled__2026-08-26T12:00:00+00:00 [queued]>
[2026-09-05T00:55:21.633+0000] {taskinstance.py:2306} INFO - Starting attempt 1 of 3
[2026-09-05T00:55:21.649+0000] {taskinstance.py:2330} INFO - Executing <Task(PythonOperator): upload_short_video_7> on 2026-08-26 12:00:00+00:00
[2026-09-05T00:55:21.657+0000] {standard_task_runner.py:64} INFO - Started process 19030 to run task
[2026-09-05T00:55:21.661+0000] {standard_task_runner.py:90} INFO - Running: ['airflow', 'tasks', 'run', 'youtube_english_video_pipeline', 'upload_short_video_7', 'scheduled__2026-08-26T12:00:00+00:00', '--job-id', '963', '--raw', '--subdir', 'DAGS_FOLDER/youtube_pipeline.py', '--cfg-path', '/tmp/tmpnt8ak28n']
[2026-09-05T00:55:21.664+0000] {standard_task_runner.py:91} INFO - Job 963: Subtask upload_short_video_7
[2026-09-05T00:55:21.805+0000] {task_command.py:426} INFO - Running <TaskInstance: youtube_english_video_pipeline.upload_short_video_7 scheduled__2026-08-26T12:00:00+00:00 [running]> on host cc859d74cf38
[2026-09-05T00:55:22.137+0000] {taskinstance.py:2648} INFO - Exporting env vars: AIRFLOW_CTX_DAG_OWNER='taky' AIRFLOW_CTX_DAG_ID='youtube_english_video_pipeline' AIRFLOW_CTX_TASK_ID='upload_short_video_7' AIRFLOW_CTX_EXECUTION_DATE='2026-08-26T12:00:00+00:00' AIRFLOW_CTX_TRY_NUMBER='1' AIRFLOW_CTX_DAG_RUN_ID='scheduled__2026-08-26T12:00:00+00:00'
[2026-09-05T00:55:22.139+0000] {taskinstance.py:430} INFO - ::endgroup::
[2026-09-05T00:55:22.751+0000] {__init__.py:49} INFO - file_cache is only supported with oauth2client<4.0.0
[2026-09-05T00:55:22.768+0000] {logging_mixin.py:188} INFO - 2026-09-05 00:55:22,768 | INFO     | uploader.youtube_uploader | Uploading video 'Daily English Phrase | Everyday Conversation' (/opt/airflow/output/videos/short_2534.mp4) to YouTube...
[2026-09-05T00:55:26.982+0000] {logging_mixin.py:188} INFO - 2026-09-05 00:55:26,982 | INFO     | uploader.youtube_uploader | Upload complete. YouTube video id = 4Vxb6I5z4-g
[2026-09-05T00:55:27.010+0000] {python.py:237} INFO - Done. Returned value was: 4Vxb6I5z4-g
[2026-09-05T00:55:27.011+0000] {taskinstance.py:441} INFO - ::group::Post task execution logs
[2026-09-05T00:55:27.046+0000] {taskinstance.py:1206} INFO - Marking task as SUCCESS. dag_id=youtube_english_video_pipeline, task_id=upload_short_video_7, run_id=scheduled__2026-08-26T12:00:00+00:00, execution_date=20260826T120000, start_date=20260905T005521, end_date=20260905T005527
[2026-09-05T00:55:27.094+0000] {local_task_job_runner.py:243} INFO - Task exited with return code 0
[2026-09-05T00:55:27.134+0000] {taskinstance.py:3503} INFO - 1 downstream tasks scheduled from follow-on schedule check
[2026-09-05T00:55:27.138+0000] {local_task_job_runner.py:222} INFO - ::endgroup::
