[2026-07-27T11:06:21.607+0000] {local_task_job_runner.py:120} INFO - ::group::Pre task execution logs
[2026-07-27T11:06:21.640+0000] {taskinstance.py:2076} INFO - Dependencies all met for dep_context=non-requeueable deps ti=<TaskInstance: youtube_english_video_pipeline.build_long_video_4 manual__2026-07-27T10:57:47.140907+00:00 [queued]>
[2026-07-27T11:06:21.648+0000] {taskinstance.py:2076} INFO - Dependencies all met for dep_context=requeueable deps ti=<TaskInstance: youtube_english_video_pipeline.build_long_video_4 manual__2026-07-27T10:57:47.140907+00:00 [queued]>
[2026-07-27T11:06:21.649+0000] {taskinstance.py:2306} INFO - Starting attempt 1 of 3
[2026-07-27T11:06:21.661+0000] {taskinstance.py:2330} INFO - Executing <Task(PythonOperator): build_long_video_4> on 2026-07-27 10:57:47.140907+00:00
[2026-07-27T11:06:21.665+0000] {standard_task_runner.py:64} INFO - Started process 70235 to run task
[2026-07-27T11:06:21.667+0000] {standard_task_runner.py:90} INFO - Running: ['airflow', 'tasks', 'run', 'youtube_english_video_pipeline', 'build_long_video_4', 'manual__2026-07-27T10:57:47.140907+00:00', '--job-id', '432', '--raw', '--subdir', 'DAGS_FOLDER/youtube_pipeline.py', '--cfg-path', '/tmp/tmpqrhhiyn0']
[2026-07-27T11:06:21.670+0000] {standard_task_runner.py:91} INFO - Job 432: Subtask build_long_video_4
[2026-07-27T11:06:21.752+0000] {task_command.py:426} INFO - Running <TaskInstance: youtube_english_video_pipeline.build_long_video_4 manual__2026-07-27T10:57:47.140907+00:00 [running]> on host cc859d74cf38
[2026-07-27T11:06:21.949+0000] {taskinstance.py:2648} INFO - Exporting env vars: AIRFLOW_CTX_DAG_OWNER='taky' AIRFLOW_CTX_DAG_ID='youtube_english_video_pipeline' AIRFLOW_CTX_TASK_ID='build_long_video_4' AIRFLOW_CTX_EXECUTION_DATE='2026-07-27T10:57:47.140907+00:00' AIRFLOW_CTX_TRY_NUMBER='1' AIRFLOW_CTX_DAG_RUN_ID='manual__2026-07-27T10:57:47.140907+00:00'
[2026-07-27T11:06:21.949+0000] {taskinstance.py:430} INFO - ::endgroup::
[2026-07-27T11:06:22.719+0000] {logging_mixin.py:188} INFO - 2026-07-27 11:06:22,719 | INFO     | planner.video_planner | Planned LONG video: topic='Restaurant English', phrases=16
[2026-07-27T11:06:23.155+0000] {logging_mixin.py:188} INFO - 2026-07-27 11:06:23,155 | INFO     | tts.edge_tts | Synthesized audio -> /opt/airflow/output/audio/phrase_899.mp3
[2026-07-27T11:06:23.520+0000] {logging_mixin.py:188} INFO - 2026-07-27 11:06:23,520 | INFO     | tts.edge_tts | Synthesized audio -> /opt/airflow/output/audio/example_899.mp3
[2026-07-27T11:06:23.738+0000] {logging_mixin.py:188} INFO - 2026-07-27 11:06:23,737 | INFO     | media.image_downloader | Downloaded background image for scene='restaurant' -> /opt/airflow/output/images/long_899.jpg
[2026-07-27T11:06:27.528+0000] {logging_mixin.py:188} INFO - 2026-07-27 11:06:27,528 | INFO     | tts.edge_tts | Synthesized audio -> /opt/airflow/output/audio/phrase_910.mp3
[2026-07-27T11:06:27.894+0000] {logging_mixin.py:188} INFO - 2026-07-27 11:06:27,894 | INFO     | tts.edge_tts | Synthesized audio -> /opt/airflow/output/audio/example_910.mp3
[2026-07-27T11:06:28.105+0000] {logging_mixin.py:188} INFO - 2026-07-27 11:06:28,105 | INFO     | media.image_downloader | Downloaded background image for scene='restaurant' -> /opt/airflow/output/images/long_910.jpg
[2026-07-27T11:06:31.640+0000] {logging_mixin.py:188} INFO - 2026-07-27 11:06:31,640 | INFO     | tts.edge_tts | Synthesized audio -> /opt/airflow/output/audio/phrase_811.mp3
[2026-07-27T11:06:32.140+0000] {logging_mixin.py:188} INFO - 2026-07-27 11:06:32,139 | INFO     | tts.edge_tts | Synthesized audio -> /opt/airflow/output/audio/example_811.mp3
[2026-07-27T11:06:32.469+0000] {logging_mixin.py:188} INFO - 2026-07-27 11:06:32,468 | INFO     | media.image_downloader | Downloaded background image for scene='restaurant' -> /opt/airflow/output/images/long_811.jpg
[2026-07-27T11:06:46.023+0000] {logging_mixin.py:188} INFO - 2026-07-27 11:06:46,023 | INFO     | tts.edge_tts | Synthesized audio -> /opt/airflow/output/audio/phrase_819.mp3
[2026-07-27T11:06:46.459+0000] {logging_mixin.py:188} INFO - 2026-07-27 11:06:46,459 | INFO     | tts.edge_tts | Synthesized audio -> /opt/airflow/output/audio/example_819.mp3
[2026-07-27T11:06:47.154+0000] {logging_mixin.py:188} INFO - 2026-07-27 11:06:47,153 | INFO     | media.image_downloader | Downloaded background image for scene='restaurant' -> /opt/airflow/output/images/long_819.jpg
[2026-07-27T11:06:51.031+0000] {logging_mixin.py:188} INFO - 2026-07-27 11:06:51,031 | INFO     | tts.edge_tts | Synthesized audio -> /opt/airflow/output/audio/phrase_821.mp3
[2026-07-27T11:06:51.673+0000] {logging_mixin.py:188} INFO - 2026-07-27 11:06:51,673 | INFO     | tts.edge_tts | Synthesized audio -> /opt/airflow/output/audio/example_821.mp3
[2026-07-27T11:06:52.212+0000] {logging_mixin.py:188} INFO - 2026-07-27 11:06:52,211 | INFO     | media.image_downloader | Downloaded background image for scene='restaurant' -> /opt/airflow/output/images/long_821.jpg
[2026-07-27T11:06:55.725+0000] {logging_mixin.py:188} INFO - 2026-07-27 11:06:55,725 | INFO     | tts.edge_tts | Synthesized audio -> /opt/airflow/output/audio/phrase_833.mp3
[2026-07-27T11:06:56.300+0000] {logging_mixin.py:188} INFO - 2026-07-27 11:06:56,300 | INFO     | tts.edge_tts | Synthesized audio -> /opt/airflow/output/audio/example_833.mp3
[2026-07-27T11:06:56.722+0000] {logging_mixin.py:188} INFO - 2026-07-27 11:06:56,722 | INFO     | media.image_downloader | Downloaded background image for scene='dining' -> /opt/airflow/output/images/long_833.jpg
[2026-07-27T11:07:00.128+0000] {logging_mixin.py:188} INFO - 2026-07-27 11:07:00,128 | INFO     | tts.edge_tts | Synthesized audio -> /opt/airflow/output/audio/phrase_840.mp3
[2026-07-27T11:07:00.775+0000] {logging_mixin.py:188} INFO - 2026-07-27 11:07:00,775 | INFO     | tts.edge_tts | Synthesized audio -> /opt/airflow/output/audio/example_840.mp3
[2026-07-27T11:07:01.322+0000] {logging_mixin.py:188} INFO - 2026-07-27 11:07:01,322 | INFO     | media.image_downloader | Downloaded background image for scene='restaurant' -> /opt/airflow/output/images/long_840.jpg
[2026-07-27T11:07:04.848+0000] {logging_mixin.py:188} INFO - 2026-07-27 11:07:04,848 | INFO     | tts.edge_tts | Synthesized audio -> /opt/airflow/output/audio/phrase_846.mp3
[2026-07-27T11:07:05.187+0000] {logging_mixin.py:188} INFO - 2026-07-27 11:07:05,187 | INFO     | tts.edge_tts | Synthesized audio -> /opt/airflow/output/audio/example_846.mp3
[2026-07-27T11:07:05.528+0000] {logging_mixin.py:188} INFO - 2026-07-27 11:07:05,528 | INFO     | media.image_downloader | Downloaded background image for scene='restaurant' -> /opt/airflow/output/images/long_846.jpg
[2026-07-27T11:07:09.101+0000] {logging_mixin.py:188} INFO - 2026-07-27 11:07:09,101 | INFO     | tts.edge_tts | Synthesized audio -> /opt/airflow/output/audio/phrase_851.mp3
[2026-07-27T11:07:09.589+0000] {logging_mixin.py:188} INFO - 2026-07-27 11:07:09,589 | INFO     | tts.edge_tts | Synthesized audio -> /opt/airflow/output/audio/example_851.mp3
[2026-07-27T11:07:09.926+0000] {logging_mixin.py:188} INFO - 2026-07-27 11:07:09,926 | INFO     | media.image_downloader | Downloaded background image for scene='restaurant' -> /opt/airflow/output/images/long_851.jpg
[2026-07-27T11:07:13.545+0000] {logging_mixin.py:188} INFO - 2026-07-27 11:07:13,545 | INFO     | tts.edge_tts | Synthesized audio -> /opt/airflow/output/audio/phrase_861.mp3
[2026-07-27T11:07:13.913+0000] {logging_mixin.py:188} INFO - 2026-07-27 11:07:13,913 | INFO     | tts.edge_tts | Synthesized audio -> /opt/airflow/output/audio/example_861.mp3
[2026-07-27T11:07:14.255+0000] {logging_mixin.py:188} INFO - 2026-07-27 11:07:14,255 | INFO     | media.image_downloader | Downloaded background image for scene='cafe' -> /opt/airflow/output/images/long_861.jpg
[2026-07-27T11:07:17.889+0000] {logging_mixin.py:188} INFO - 2026-07-27 11:07:17,889 | INFO     | tts.edge_tts | Synthesized audio -> /opt/airflow/output/audio/phrase_862.mp3
[2026-07-27T11:07:18.217+0000] {logging_mixin.py:188} INFO - 2026-07-27 11:07:18,217 | INFO     | tts.edge_tts | Synthesized audio -> /opt/airflow/output/audio/example_862.mp3
[2026-07-27T11:07:18.580+0000] {logging_mixin.py:188} INFO - 2026-07-27 11:07:18,580 | INFO     | media.image_downloader | Downloaded background image for scene='restaurant' -> /opt/airflow/output/images/long_862.jpg
[2026-07-27T11:07:23.163+0000] {logging_mixin.py:188} INFO - 2026-07-27 11:07:23,163 | INFO     | tts.edge_tts | Synthesized audio -> /opt/airflow/output/audio/phrase_869.mp3
[2026-07-27T11:07:23.584+0000] {logging_mixin.py:188} INFO - 2026-07-27 11:07:23,584 | INFO     | tts.edge_tts | Synthesized audio -> /opt/airflow/output/audio/example_869.mp3
[2026-07-27T11:07:23.851+0000] {logging_mixin.py:188} INFO - 2026-07-27 11:07:23,850 | INFO     | media.image_downloader | Downloaded background image for scene='restaurant' -> /opt/airflow/output/images/long_869.jpg
[2026-07-27T11:07:27.262+0000] {logging_mixin.py:188} INFO - 2026-07-27 11:07:27,262 | INFO     | tts.edge_tts | Synthesized audio -> /opt/airflow/output/audio/phrase_876.mp3
[2026-07-27T11:07:27.712+0000] {logging_mixin.py:188} INFO - 2026-07-27 11:07:27,712 | INFO     | tts.edge_tts | Synthesized audio -> /opt/airflow/output/audio/example_876.mp3
[2026-07-27T11:07:28.021+0000] {logging_mixin.py:188} INFO - 2026-07-27 11:07:28,021 | INFO     | media.image_downloader | Downloaded background image for scene='restaurant' -> /opt/airflow/output/images/long_876.jpg
[2026-07-27T11:07:31.695+0000] {logging_mixin.py:188} INFO - 2026-07-27 11:07:31,694 | INFO     | tts.edge_tts | Synthesized audio -> /opt/airflow/output/audio/phrase_886.mp3
[2026-07-27T11:07:32.264+0000] {logging_mixin.py:188} INFO - 2026-07-27 11:07:32,264 | INFO     | tts.edge_tts | Synthesized audio -> /opt/airflow/output/audio/example_886.mp3
[2026-07-27T11:07:32.885+0000] {logging_mixin.py:188} INFO - 2026-07-27 11:07:32,885 | INFO     | media.image_downloader | Downloaded background image for scene='cafe' -> /opt/airflow/output/images/long_886.jpg
[2026-07-27T11:07:36.967+0000] {logging_mixin.py:188} INFO - 2026-07-27 11:07:36,967 | INFO     | tts.edge_tts | Synthesized audio -> /opt/airflow/output/audio/phrase_889.mp3
[2026-07-27T11:07:37.351+0000] {logging_mixin.py:188} INFO - 2026-07-27 11:07:37,351 | INFO     | tts.edge_tts | Synthesized audio -> /opt/airflow/output/audio/example_889.mp3
[2026-07-27T11:07:37.546+0000] {logging_mixin.py:188} INFO - 2026-07-27 11:07:37,545 | INFO     | media.image_downloader | Downloaded background image for scene='restaurant' -> /opt/airflow/output/images/long_889.jpg
[2026-07-27T11:07:41.078+0000] {logging_mixin.py:188} INFO - 2026-07-27 11:07:41,078 | INFO     | tts.edge_tts | Synthesized audio -> /opt/airflow/output/audio/phrase_896.mp3
[2026-07-27T11:07:41.460+0000] {logging_mixin.py:188} INFO - 2026-07-27 11:07:41,460 | INFO     | tts.edge_tts | Synthesized audio -> /opt/airflow/output/audio/example_896.mp3
[2026-07-27T11:07:41.695+0000] {logging_mixin.py:188} INFO - 2026-07-27 11:07:41,695 | INFO     | media.image_downloader | Downloaded background image for scene='restaurant' -> /opt/airflow/output/images/long_896.jpg
[2026-07-27T11:07:47.392+0000] {logging_mixin.py:188} INFO - 2026-07-27 11:07:47,392 | WARNING  | video.video_builder | BGM file not found at /opt/airflow/assets/bgm/long_bgm.mp3, rendering without background music
[2026-07-27T11:08:10.044+0000] {logging_mixin.py:188} INFO - 2026-07-27 11:08:10,043 | INFO     | video.video_builder | Final video rendered -> /opt/airflow/output/videos/long_899.mp4
[2026-07-27T11:08:17.345+0000] {logging_mixin.py:188} INFO - 2026-07-27 11:08:17,345 | INFO     | media.thumbnail_builder | Built thumbnail -> /opt/airflow/output/thumbnails/long_899.jpg
[2026-07-27T11:08:17.465+0000] {python.py:237} INFO - Done. Returned value was: {'video_id': 102, 'file_path': '/opt/airflow/output/videos/long_899.mp4', 'thumbnail_path': '/opt/airflow/output/thumbnails/long_899.jpg', 'title': 'Essential Restaurant English Phrases | Speak Confidently When Dining Out', 'description': "Want to order food, make reservations, or ask for the check in English with confidence? Welcome to Taky's Language School!\n\nIn this lesson, you will learn practical, real-life Restaurant English phrases used by native speakers every day.\n\nPhrases covered in this video:\n- Making reservations & placing orders\n- Asking for food recommendations\n- Getting items to go (takeout)\n- Splitting the bill & asking for the check/receipt\n- Polite dining requests\n\nMaster these useful expressions to make dining out smooth and stress-free! Subscribe to Taky's Language School for more spoken English lessons.", 'tags': ['restaurant english', 'learn english', "taky's language school", 'spoken english', 'ordering food in english', 'english for dining out', 'english phrases', 'english conversation', 'practical english', 'esl lesson'], 'video_type': 'long'}
[2026-07-27T11:08:17.466+0000] {taskinstance.py:441} INFO - ::group::Post task execution logs
[2026-07-27T11:08:17.485+0000] {taskinstance.py:1206} INFO - Marking task as SUCCESS. dag_id=youtube_english_video_pipeline, task_id=build_long_video_4, run_id=manual__2026-07-27T10:57:47.140907+00:00, execution_date=20260727T105747, start_date=20260727T110621, end_date=20260727T110817
[2026-07-27T11:08:17.544+0000] {local_task_job_runner.py:243} INFO - Task exited with return code 0
[2026-07-27T11:08:17.716+0000] {taskinstance.py:3503} INFO - 1 downstream tasks scheduled from follow-on schedule check
[2026-07-27T11:08:17.719+0000] {local_task_job_runner.py:222} INFO - ::endgroup::
