[2026-07-28T12:51:03.553+0000] {local_task_job_runner.py:120} INFO - ::group::Pre task execution logs
[2026-07-28T12:51:03.593+0000] {taskinstance.py:2076} INFO - Dependencies all met for dep_context=non-requeueable deps ti=<TaskInstance: youtube_english_video_pipeline.upload_short_video_6 scheduled__2026-07-27T12:00:00+00:00 [queued]>
[2026-07-28T12:51:03.607+0000] {taskinstance.py:2076} INFO - Dependencies all met for dep_context=requeueable deps ti=<TaskInstance: youtube_english_video_pipeline.upload_short_video_6 scheduled__2026-07-27T12:00:00+00:00 [queued]>
[2026-07-28T12:51:03.610+0000] {taskinstance.py:2306} INFO - Starting attempt 1 of 3
[2026-07-28T12:51:03.627+0000] {taskinstance.py:2330} INFO - Executing <Task(PythonOperator): upload_short_video_6> on 2026-07-27 12:00:00+00:00
[2026-07-28T12:51:03.634+0000] {standard_task_runner.py:64} INFO - Started process 24578 to run task
[2026-07-28T12:51:03.638+0000] {standard_task_runner.py:90} INFO - Running: ['airflow', 'tasks', 'run', 'youtube_english_video_pipeline', 'upload_short_video_6', 'scheduled__2026-07-27T12:00:00+00:00', '--job-id', '514', '--raw', '--subdir', 'DAGS_FOLDER/youtube_pipeline.py', '--cfg-path', '/tmp/tmp0wmvo6ao']
[2026-07-28T12:51:03.644+0000] {standard_task_runner.py:91} INFO - Job 514: Subtask upload_short_video_6
[2026-07-28T12:51:03.748+0000] {task_command.py:426} INFO - Running <TaskInstance: youtube_english_video_pipeline.upload_short_video_6 scheduled__2026-07-27T12:00:00+00:00 [running]> on host cc859d74cf38
[2026-07-28T12:51:03.991+0000] {taskinstance.py:2648} INFO - Exporting env vars: AIRFLOW_CTX_DAG_OWNER='taky' AIRFLOW_CTX_DAG_ID='youtube_english_video_pipeline' AIRFLOW_CTX_TASK_ID='upload_short_video_6' AIRFLOW_CTX_EXECUTION_DATE='2026-07-27T12:00:00+00:00' AIRFLOW_CTX_TRY_NUMBER='1' AIRFLOW_CTX_DAG_RUN_ID='scheduled__2026-07-27T12:00:00+00:00'
[2026-07-28T12:51:03.992+0000] {taskinstance.py:430} INFO - ::endgroup::
[2026-07-28T12:51:04.737+0000] {__init__.py:49} INFO - file_cache is only supported with oauth2client<4.0.0
[2026-07-28T12:51:04.754+0000] {logging_mixin.py:188} INFO - 2026-07-28 12:51:04,754 | INFO     | uploader.youtube_uploader | Uploading video 'How to Use "I'm On My Way" in English! 🚗 #Shorts' (/opt/airflow/output/videos/short_1134.mp4) to YouTube...
[2026-07-28T12:51:07.586+0000] {logging_mixin.py:188} INFO - 2026-07-28 12:51:07,586 | INFO     | uploader.youtube_uploader | Upload complete. YouTube video id = _XYnH5txo5s
[2026-07-28T12:51:07.610+0000] {python.py:237} INFO - Done. Returned value was: _XYnH5txo5s
[2026-07-28T12:51:07.614+0000] {taskinstance.py:441} INFO - ::group::Post task execution logs
[2026-07-28T12:51:07.649+0000] {taskinstance.py:1206} INFO - Marking task as SUCCESS. dag_id=youtube_english_video_pipeline, task_id=upload_short_video_6, run_id=scheduled__2026-07-27T12:00:00+00:00, execution_date=20260727T120000, start_date=20260728T125103, end_date=20260728T125107
[2026-07-28T12:51:07.682+0000] {local_task_job_runner.py:243} INFO - Task exited with return code 0
[2026-07-28T12:51:07.841+0000] {taskinstance.py:3503} INFO - 0 downstream tasks scheduled from follow-on schedule check
[2026-07-28T12:51:07.846+0000] {local_task_job_runner.py:222} INFO - ::endgroup::
