[2026-07-23T12:23:51.649+0000] {local_task_job_runner.py:120} INFO - ::group::Pre task execution logs
[2026-07-23T12:23:51.720+0000] {taskinstance.py:2076} INFO - Dependencies all met for dep_context=non-requeueable deps ti=<TaskInstance: youtube_english_video_pipeline.upload_short_video scheduled__2026-07-22T12:00:00+00:00 [queued]>
[2026-07-23T12:23:51.732+0000] {taskinstance.py:2076} INFO - Dependencies all met for dep_context=requeueable deps ti=<TaskInstance: youtube_english_video_pipeline.upload_short_video scheduled__2026-07-22T12:00:00+00:00 [queued]>
[2026-07-23T12:23:51.733+0000] {taskinstance.py:2306} INFO - Starting attempt 1 of 3
[2026-07-23T12:23:51.755+0000] {taskinstance.py:2330} INFO - Executing <Task(PythonOperator): upload_short_video> on 2026-07-22 12:00:00+00:00
[2026-07-23T12:23:51.764+0000] {standard_task_runner.py:64} INFO - Started process 961 to run task
[2026-07-23T12:23:51.768+0000] {standard_task_runner.py:90} INFO - Running: ['airflow', 'tasks', 'run', 'youtube_english_video_pipeline', 'upload_short_video', 'scheduled__2026-07-22T12:00:00+00:00', '--job-id', '62', '--raw', '--subdir', 'DAGS_FOLDER/youtube_pipeline.py', '--cfg-path', '/tmp/tmpu4hn4w32']
[2026-07-23T12:23:51.773+0000] {standard_task_runner.py:91} INFO - Job 62: Subtask upload_short_video
[2026-07-23T12:23:51.875+0000] {task_command.py:426} INFO - Running <TaskInstance: youtube_english_video_pipeline.upload_short_video scheduled__2026-07-22T12:00:00+00:00 [running]> on host 78117f1d7858
[2026-07-23T12:23:52.317+0000] {taskinstance.py:2648} INFO - Exporting env vars: AIRFLOW_CTX_DAG_OWNER='taky' AIRFLOW_CTX_DAG_ID='youtube_english_video_pipeline' AIRFLOW_CTX_TASK_ID='upload_short_video' AIRFLOW_CTX_EXECUTION_DATE='2026-07-22T12:00:00+00:00' AIRFLOW_CTX_TRY_NUMBER='1' AIRFLOW_CTX_DAG_RUN_ID='scheduled__2026-07-22T12:00:00+00:00'
[2026-07-23T12:23:52.317+0000] {taskinstance.py:430} INFO - ::endgroup::
[2026-07-23T12:23:52.963+0000] {__init__.py:49} INFO - file_cache is only supported with oauth2client<4.0.0
[2026-07-23T12:23:52.973+0000] {logging_mixin.py:188} INFO - 2026-07-23 12:23:52,973 | INFO     | uploader.youtube_uploader | Uploading video 'Essential Shopping English: "Where can I find...?" 🛒 #Shorts' (/opt/airflow/output/videos/short_57.mp4) to YouTube...
[2026-07-23T12:23:55.641+0000] {logging_mixin.py:188} INFO - 2026-07-23 12:23:55,641 | INFO     | uploader.youtube_uploader | Upload complete. YouTube video id = 8Yde4QD6HXI
[2026-07-23T12:23:55.653+0000] {python.py:237} INFO - Done. Returned value was: 8Yde4QD6HXI
[2026-07-23T12:23:55.654+0000] {taskinstance.py:441} INFO - ::group::Post task execution logs
[2026-07-23T12:23:55.687+0000] {taskinstance.py:1206} INFO - Marking task as SUCCESS. dag_id=youtube_english_video_pipeline, task_id=upload_short_video, run_id=scheduled__2026-07-22T12:00:00+00:00, execution_date=20260722T120000, start_date=20260723T122351, end_date=20260723T122355
[2026-07-23T12:23:55.731+0000] {local_task_job_runner.py:243} INFO - Task exited with return code 0
[2026-07-23T12:23:55.756+0000] {taskinstance.py:3503} INFO - 0 downstream tasks scheduled from follow-on schedule check
[2026-07-23T12:23:55.760+0000] {local_task_job_runner.py:222} INFO - ::endgroup::
