[2026-08-20T00:22:30.842+0000] {local_task_job_runner.py:120} INFO - ::group::Pre task execution logs
[2026-08-20T00:22:30.917+0000] {taskinstance.py:2076} INFO - Dependencies all met for dep_context=non-requeueable deps ti=<TaskInstance: youtube_english_video_pipeline.upload_long_video_5 scheduled__2026-08-18T12:00:00+00:00 [queued]>
[2026-08-20T00:22:30.934+0000] {taskinstance.py:2076} INFO - Dependencies all met for dep_context=requeueable deps ti=<TaskInstance: youtube_english_video_pipeline.upload_long_video_5 scheduled__2026-08-18T12:00:00+00:00 [queued]>
[2026-08-20T00:22:30.937+0000] {taskinstance.py:2306} INFO - Starting attempt 1 of 3
[2026-08-20T00:22:30.966+0000] {taskinstance.py:2330} INFO - Executing <Task(PythonOperator): upload_long_video_5> on 2026-08-18 12:00:00+00:00
[2026-08-20T00:22:30.973+0000] {standard_task_runner.py:64} INFO - Started process 50940 to run task
[2026-08-20T00:22:30.980+0000] {standard_task_runner.py:90} INFO - Running: ['airflow', 'tasks', 'run', 'youtube_english_video_pipeline', 'upload_long_video_5', 'scheduled__2026-08-18T12:00:00+00:00', '--job-id', '828', '--raw', '--subdir', 'DAGS_FOLDER/youtube_pipeline.py', '--cfg-path', '/tmp/tmpb4f_4w9k']
[2026-08-20T00:22:30.985+0000] {standard_task_runner.py:91} INFO - Job 828: Subtask upload_long_video_5
[2026-08-20T00:22:31.121+0000] {task_command.py:426} INFO - Running <TaskInstance: youtube_english_video_pipeline.upload_long_video_5 scheduled__2026-08-18T12:00:00+00:00 [running]> on host cc859d74cf38
[2026-08-20T00:22:31.467+0000] {taskinstance.py:2648} INFO - Exporting env vars: AIRFLOW_CTX_DAG_OWNER='taky' AIRFLOW_CTX_DAG_ID='youtube_english_video_pipeline' AIRFLOW_CTX_TASK_ID='upload_long_video_5' AIRFLOW_CTX_EXECUTION_DATE='2026-08-18T12:00:00+00:00' AIRFLOW_CTX_TRY_NUMBER='1' AIRFLOW_CTX_DAG_RUN_ID='scheduled__2026-08-18T12:00:00+00:00'
[2026-08-20T00:22:31.468+0000] {taskinstance.py:430} INFO - ::endgroup::
[2026-08-20T00:22:31.942+0000] {__init__.py:49} INFO - file_cache is only supported with oauth2client<4.0.0
[2026-08-20T00:22:31.954+0000] {logging_mixin.py:188} INFO - 2026-08-20 00:22:31,954 | INFO     | uploader.youtube_uploader | Uploading video '20 Daily English Expressions | Mixed English Expressions' (/opt/airflow/output/videos/long_2104.mp4) to YouTube...
[2026-08-20T00:22:37.815+0000] {logging_mixin.py:188} INFO - 2026-08-20 00:22:37,814 | INFO     | uploader.youtube_uploader | Upload complete. YouTube video id = OEmDyXdWhJ4
[2026-08-20T00:22:42.527+0000] {logging_mixin.py:188} INFO - 2026-08-20 00:22:42,527 | INFO     | uploader.youtube_uploader | Custom thumbnail uploaded.
[2026-08-20T00:22:42.551+0000] {python.py:237} INFO - Done. Returned value was: OEmDyXdWhJ4
[2026-08-20T00:22:42.553+0000] {taskinstance.py:441} INFO - ::group::Post task execution logs
[2026-08-20T00:22:42.613+0000] {taskinstance.py:1206} INFO - Marking task as SUCCESS. dag_id=youtube_english_video_pipeline, task_id=upload_long_video_5, run_id=scheduled__2026-08-18T12:00:00+00:00, execution_date=20260818T120000, start_date=20260820T002230, end_date=20260820T002242
[2026-08-20T00:22:42.681+0000] {local_task_job_runner.py:243} INFO - Task exited with return code 0
[2026-08-20T00:22:42.896+0000] {taskinstance.py:3503} INFO - 1 downstream tasks scheduled from follow-on schedule check
[2026-08-20T00:22:42.903+0000] {local_task_job_runner.py:222} INFO - ::endgroup::
