[2026-08-11T02:25:58.738+0000] {local_task_job_runner.py:120} INFO - ::group::Pre task execution logs
[2026-08-11T02:25:58.792+0000] {taskinstance.py:2076} INFO - Dependencies all met for dep_context=non-requeueable deps ti=<TaskInstance: youtube_english_video_pipeline.build_short_video_1 manual__2026-08-11T02:25:49.703167+00:00 [queued]>
[2026-08-11T02:25:58.800+0000] {taskinstance.py:2076} INFO - Dependencies all met for dep_context=requeueable deps ti=<TaskInstance: youtube_english_video_pipeline.build_short_video_1 manual__2026-08-11T02:25:49.703167+00:00 [queued]>
[2026-08-11T02:25:58.802+0000] {taskinstance.py:2306} INFO - Starting attempt 1 of 3
[2026-08-11T02:25:58.820+0000] {taskinstance.py:2330} INFO - Executing <Task(PythonOperator): build_short_video_1> on 2026-08-11 02:25:49.703167+00:00
[2026-08-11T02:25:58.835+0000] {standard_task_runner.py:64} INFO - Started process 82392 to run task
[2026-08-11T02:25:58.839+0000] {standard_task_runner.py:90} INFO - Running: ['airflow', 'tasks', 'run', 'youtube_english_video_pipeline', 'build_short_video_1', 'manual__2026-08-11T02:25:49.703167+00:00', '--job-id', '635', '--raw', '--subdir', 'DAGS_FOLDER/youtube_pipeline.py', '--cfg-path', '/tmp/tmpl5nsncz7']
[2026-08-11T02:25:58.844+0000] {standard_task_runner.py:91} INFO - Job 635: Subtask build_short_video_1
[2026-08-11T02:25:58.945+0000] {task_command.py:426} INFO - Running <TaskInstance: youtube_english_video_pipeline.build_short_video_1 manual__2026-08-11T02:25:49.703167+00:00 [running]> on host cc859d74cf38
[2026-08-11T02:25:59.280+0000] {taskinstance.py:2648} INFO - Exporting env vars: AIRFLOW_CTX_DAG_OWNER='taky' AIRFLOW_CTX_DAG_ID='youtube_english_video_pipeline' AIRFLOW_CTX_TASK_ID='build_short_video_1' AIRFLOW_CTX_EXECUTION_DATE='2026-08-11T02:25:49.703167+00:00' AIRFLOW_CTX_TRY_NUMBER='1' AIRFLOW_CTX_DAG_RUN_ID='manual__2026-08-11T02:25:49.703167+00:00'
[2026-08-11T02:25:59.281+0000] {taskinstance.py:430} INFO - ::endgroup::
[2026-08-11T02:26:01.367+0000] {logging_mixin.py:188} INFO - 2026-08-11 02:26:01,367 | INFO     | planner.video_planner | Planned SHORT video: topic='Hotel English', phrases=1
[2026-08-11T02:26:02.140+0000] {logging_mixin.py:188} INFO - 2026-08-11 02:26:02,140 | INFO     | tts.edge_tts | Synthesized audio -> /opt/airflow/output/audio/phrase_1415.mp3
[2026-08-11T02:26:02.666+0000] {logging_mixin.py:188} INFO - 2026-08-11 02:26:02,666 | INFO     | tts.edge_tts | Synthesized audio -> /opt/airflow/output/audio/example_1415.mp3
[2026-08-11T02:26:03.468+0000] {logging_mixin.py:188} INFO - 2026-08-11 02:26:03,467 | INFO     | media.image_downloader | Downloaded background image for scene='hotel' -> /opt/airflow/output/images/short_1415.jpg
[2026-08-11T02:26:09.279+0000] {logging_mixin.py:188} INFO - 2026-08-11 02:26:09,279 | WARNING  | video.video_builder | BGM file not found at /opt/airflow/assets/bgm/short_bgm.mp3, rendering without background music
[2026-08-11T02:26:11.225+0000] {logging_mixin.py:188} INFO - 2026-08-11 02:26:11,225 | INFO     | video.video_builder | Final video rendered -> /opt/airflow/output/videos/short_1415.mp4
[2026-08-11T02:26:17.850+0000] {python.py:237} INFO - Done. Returned value was: {'video_id': 172, 'file_path': '/opt/airflow/output/videos/short_1415.mp4', 'title': 'How to Check In at a Hotel in English 🏨 | Hotel English Phrases #Shorts', 'description': 'Learn useful Hotel English phrases with Taky\'s Language School! 🏨\n\nNeed to check in at a hotel in English? Here is the exact phrase you should use:\n\n🗣️ "Hello, I\'d like to check in, please. My reservation is under [Your Name]."\n\nMastering basic travel English makes your trip smooth and stress-free. Practice repeating this phrase until you feel confident!\n\nSubscribe to Taky\'s Language School for more quick daily English tips, practical spoken English, and travel vocabulary!\n\n#HotelEnglish #LearnEnglish #TravelEnglish #EnglishTips #Shorts', 'tags': ['hotel english', 'how to check in at a hotel in english', 'travel english phrases', 'spoken english', 'learn english', "taky's language school", 'english for beginners', 'hotel check in phrase', 'english conversation', 'english vocabulary', 'daily english short'], 'video_type': 'short'}
[2026-08-11T02:26:17.853+0000] {taskinstance.py:441} INFO - ::group::Post task execution logs
[2026-08-11T02:26:17.889+0000] {taskinstance.py:1206} INFO - Marking task as SUCCESS. dag_id=youtube_english_video_pipeline, task_id=build_short_video_1, run_id=manual__2026-08-11T02:25:49.703167+00:00, execution_date=20260811T022549, start_date=20260811T022558, end_date=20260811T022617
[2026-08-11T02:26:17.960+0000] {local_task_job_runner.py:243} INFO - Task exited with return code 0
[2026-08-11T02:26:18.146+0000] {taskinstance.py:3503} INFO - 1 downstream tasks scheduled from follow-on schedule check
[2026-08-11T02:26:18.151+0000] {local_task_job_runner.py:222} INFO - ::endgroup::
