[2026-09-05T00:33:19.651+0000] {local_task_job_runner.py:120} INFO - ::group::Pre task execution logs
[2026-09-05T00:33:19.770+0000] {taskinstance.py:2076} INFO - Dependencies all met for dep_context=non-requeueable deps ti=<TaskInstance: youtube_english_video_pipeline.build_short_video_1 scheduled__2026-08-26T12:00:00+00:00 [queued]>
[2026-09-05T00:33:19.790+0000] {taskinstance.py:2076} INFO - Dependencies all met for dep_context=requeueable deps ti=<TaskInstance: youtube_english_video_pipeline.build_short_video_1 scheduled__2026-08-26T12:00:00+00:00 [queued]>
[2026-09-05T00:33:19.795+0000] {taskinstance.py:2306} INFO - Starting attempt 1 of 3
[2026-09-05T00:33:19.824+0000] {taskinstance.py:2330} INFO - Executing <Task(PythonOperator): build_short_video_1> on 2026-08-26 12:00:00+00:00
[2026-09-05T00:33:19.834+0000] {standard_task_runner.py:64} INFO - Started process 263 to run task
[2026-09-05T00:33:19.839+0000] {standard_task_runner.py:90} INFO - Running: ['airflow', 'tasks', 'run', 'youtube_english_video_pipeline', 'build_short_video_1', 'scheduled__2026-08-26T12:00:00+00:00', '--job-id', '932', '--raw', '--subdir', 'DAGS_FOLDER/youtube_pipeline.py', '--cfg-path', '/tmp/tmpedv0y2gp']
[2026-09-05T00:33:19.845+0000] {standard_task_runner.py:91} INFO - Job 932: Subtask build_short_video_1
[2026-09-05T00:33:19.998+0000] {task_command.py:426} INFO - Running <TaskInstance: youtube_english_video_pipeline.build_short_video_1 scheduled__2026-08-26T12:00:00+00:00 [running]> on host cc859d74cf38
[2026-09-05T00:33:20.371+0000] {taskinstance.py:2648} INFO - Exporting env vars: AIRFLOW_CTX_DAG_OWNER='taky' AIRFLOW_CTX_DAG_ID='youtube_english_video_pipeline' AIRFLOW_CTX_TASK_ID='build_short_video_1' AIRFLOW_CTX_EXECUTION_DATE='2026-08-26T12:00:00+00:00' AIRFLOW_CTX_TRY_NUMBER='1' AIRFLOW_CTX_DAG_RUN_ID='scheduled__2026-08-26T12:00:00+00:00'
[2026-09-05T00:33:20.374+0000] {taskinstance.py:430} INFO - ::endgroup::
[2026-09-05T00:33:22.590+0000] {logging_mixin.py:188} INFO - 2026-09-05 00:33:22,589 | INFO     | planner.video_planner | Planned SHORT video: topic='Small Talk', phrases=1
[2026-09-05T00:33:23.262+0000] {logging_mixin.py:188} INFO - 2026-09-05 00:33:23,262 | INFO     | tts.edge_tts | Synthesized audio -> /opt/airflow/output/audio/phrase_2422.mp3
[2026-09-05T00:33:23.683+0000] {logging_mixin.py:188} INFO - 2026-09-05 00:33:23,683 | INFO     | tts.edge_tts | Synthesized audio -> /opt/airflow/output/audio/example_2422.mp3
[2026-09-05T00:33:24.584+0000] {logging_mixin.py:188} INFO - 2026-09-05 00:33:24,583 | INFO     | media.image_downloader | Downloaded background image for scene='livingroom' -> /opt/airflow/output/images/short_2422.jpg
[2026-09-05T00:33:30.253+0000] {logging_mixin.py:188} INFO - 2026-09-05 00:33:30,252 | WARNING  | video.video_builder | BGM file not found at /opt/airflow/assets/bgm/short_bgm.mp3, rendering without background music
[2026-09-05T00:33:32.444+0000] {logging_mixin.py:188} INFO - 2026-09-05 00:33:32,444 | INFO     | video.video_builder | Final video rendered -> /opt/airflow/output/videos/short_2422.mp4
[2026-09-05T00:33:52.198+0000] {python.py:237} INFO - Done. Returned value was: {'video_id': 277, 'file_path': '/opt/airflow/output/videos/short_2422.mp4', 'title': '"It\'s on the tip of my tongue!" | Natural Spoken English #Shorts', 'description': 'Have you ever forgotten a word right when you need it? Instead of pausing awkwardly, use this natural English idiom: "It\'s on the tip of my tongue!"\n\nExample:\n"I know the actor\'s name, it\'s on the tip of my tongue!"\n\nUse this expression when you know a piece of information, but you just can\'t remember it at that exact moment. It\'s a great phrase to keep your small talk flowing smoothly!\n\nSubscribe to Taky\'s Language School for daily spoken English phrases, vocabulary, and fluent conversation tips.\n\n#LearnEnglish #SpokenEnglish #EnglishIdioms #SmallTalk #EnglishTips #Shorts', 'tags': ['learn english', 'spoken english', "it's on the tip of my tongue", 'english idioms', 'small talk phrases', 'daily english conversation', 'english vocabulary', 'english expressions', "taky's language school", 'fluent english', 'english shorts'], 'video_type': 'short'}
[2026-09-05T00:33:52.204+0000] {taskinstance.py:441} INFO - ::group::Post task execution logs
[2026-09-05T00:33:52.249+0000] {taskinstance.py:1206} INFO - Marking task as SUCCESS. dag_id=youtube_english_video_pipeline, task_id=build_short_video_1, run_id=scheduled__2026-08-26T12:00:00+00:00, execution_date=20260826T120000, start_date=20260905T003319, end_date=20260905T003352
[2026-09-05T00:33:52.361+0000] {local_task_job_runner.py:243} INFO - Task exited with return code 0
[2026-09-05T00:33:52.724+0000] {taskinstance.py:3503} INFO - 1 downstream tasks scheduled from follow-on schedule check
[2026-09-05T00:33:52.737+0000] {local_task_job_runner.py:222} INFO - ::endgroup::
