[2026-08-20T00:07:31.765+0000] {local_task_job_runner.py:120} INFO - ::group::Pre task execution logs
[2026-08-20T00:07:31.835+0000] {taskinstance.py:2076} INFO - Dependencies all met for dep_context=non-requeueable deps ti=<TaskInstance: youtube_english_video_pipeline.build_long_video_1 scheduled__2026-08-18T12:00:00+00:00 [queued]>
[2026-08-20T00:07:31.854+0000] {taskinstance.py:2076} INFO - Dependencies all met for dep_context=requeueable deps ti=<TaskInstance: youtube_english_video_pipeline.build_long_video_1 scheduled__2026-08-18T12:00:00+00:00 [queued]>
[2026-08-20T00:07:31.857+0000] {taskinstance.py:2306} INFO - Starting attempt 1 of 3
[2026-08-20T00:07:31.882+0000] {taskinstance.py:2330} INFO - Executing <Task(PythonOperator): build_long_video_1> on 2026-08-18 12:00:00+00:00
[2026-08-20T00:07:31.895+0000] {standard_task_runner.py:64} INFO - Started process 35934 to run task
[2026-08-20T00:07:31.902+0000] {standard_task_runner.py:90} INFO - Running: ['airflow', 'tasks', 'run', 'youtube_english_video_pipeline', 'build_long_video_1', 'scheduled__2026-08-18T12:00:00+00:00', '--job-id', '807', '--raw', '--subdir', 'DAGS_FOLDER/youtube_pipeline.py', '--cfg-path', '/tmp/tmpake7kkn3']
[2026-08-20T00:07:31.906+0000] {standard_task_runner.py:91} INFO - Job 807: Subtask build_long_video_1
[2026-08-20T00:07:32.049+0000] {task_command.py:426} INFO - Running <TaskInstance: youtube_english_video_pipeline.build_long_video_1 scheduled__2026-08-18T12:00:00+00:00 [running]> on host cc859d74cf38
[2026-08-20T00:07:32.471+0000] {taskinstance.py:2648} INFO - Exporting env vars: AIRFLOW_CTX_DAG_OWNER='taky' AIRFLOW_CTX_DAG_ID='youtube_english_video_pipeline' AIRFLOW_CTX_TASK_ID='build_long_video_1' AIRFLOW_CTX_EXECUTION_DATE='2026-08-18T12:00:00+00:00' AIRFLOW_CTX_TRY_NUMBER='1' AIRFLOW_CTX_DAG_RUN_ID='scheduled__2026-08-18T12:00:00+00:00'
[2026-08-20T00:07:32.473+0000] {taskinstance.py:430} INFO - ::endgroup::
[2026-08-20T00:07:34.499+0000] {logging_mixin.py:188} INFO - 2026-08-20 00:07:34,498 | INFO     | planner.video_planner | Planned LONG video: topic='Restaurant English', phrases=17
[2026-08-20T00:07:34.964+0000] {logging_mixin.py:188} INFO - 2026-08-20 00:07:34,964 | INFO     | tts.edge_tts | Synthesized audio -> /opt/airflow/output/audio/phrase_2061.mp3
[2026-08-20T00:07:35.350+0000] {logging_mixin.py:188} INFO - 2026-08-20 00:07:35,349 | INFO     | tts.edge_tts | Synthesized audio -> /opt/airflow/output/audio/example_2061.mp3
[2026-08-20T00:07:35.613+0000] {logging_mixin.py:188} INFO - 2026-08-20 00:07:35,613 | INFO     | media.image_downloader | Downloaded background image for scene='restaurant' -> /opt/airflow/output/images/long_2061.jpg
[2026-08-20T00:07:40.517+0000] {logging_mixin.py:188} INFO - 2026-08-20 00:07:40,517 | INFO     | tts.edge_tts | Synthesized audio -> /opt/airflow/output/audio/phrase_2065.mp3
[2026-08-20T00:07:41.098+0000] {logging_mixin.py:188} INFO - 2026-08-20 00:07:41,098 | INFO     | tts.edge_tts | Synthesized audio -> /opt/airflow/output/audio/example_2065.mp3
[2026-08-20T00:07:41.423+0000] {logging_mixin.py:188} INFO - 2026-08-20 00:07:41,423 | INFO     | media.image_downloader | Downloaded background image for scene='cafe' -> /opt/airflow/output/images/long_2065.jpg
[2026-08-20T00:07:47.758+0000] {logging_mixin.py:188} INFO - 2026-08-20 00:07:47,758 | INFO     | tts.edge_tts | Synthesized audio -> /opt/airflow/output/audio/phrase_2068.mp3
[2026-08-20T00:07:48.175+0000] {logging_mixin.py:188} INFO - 2026-08-20 00:07:48,174 | INFO     | tts.edge_tts | Synthesized audio -> /opt/airflow/output/audio/example_2068.mp3
[2026-08-20T00:07:48.438+0000] {logging_mixin.py:188} INFO - 2026-08-20 00:07:48,438 | INFO     | media.image_downloader | Downloaded background image for scene='restaurant' -> /opt/airflow/output/images/long_2068.jpg
[2026-08-20T00:07:53.126+0000] {logging_mixin.py:188} INFO - 2026-08-20 00:07:53,126 | INFO     | tts.edge_tts | Synthesized audio -> /opt/airflow/output/audio/phrase_2077.mp3
[2026-08-20T00:07:53.509+0000] {logging_mixin.py:188} INFO - 2026-08-20 00:07:53,508 | INFO     | tts.edge_tts | Synthesized audio -> /opt/airflow/output/audio/example_2077.mp3
[2026-08-20T00:07:53.707+0000] {logging_mixin.py:188} INFO - 2026-08-20 00:07:53,707 | INFO     | media.image_downloader | Downloaded background image for scene='restaurant' -> /opt/airflow/output/images/long_2077.jpg
[2026-08-20T00:07:58.338+0000] {logging_mixin.py:188} INFO - 2026-08-20 00:07:58,338 | INFO     | tts.edge_tts | Synthesized audio -> /opt/airflow/output/audio/phrase_2086.mp3
[2026-08-20T00:07:58.727+0000] {logging_mixin.py:188} INFO - 2026-08-20 00:07:58,727 | INFO     | tts.edge_tts | Synthesized audio -> /opt/airflow/output/audio/example_2086.mp3
[2026-08-20T00:07:58.950+0000] {logging_mixin.py:188} INFO - 2026-08-20 00:07:58,950 | INFO     | media.image_downloader | Downloaded background image for scene='restaurant' -> /opt/airflow/output/images/long_2086.jpg
[2026-08-20T00:08:03.504+0000] {logging_mixin.py:188} INFO - 2026-08-20 00:08:03,504 | INFO     | tts.edge_tts | Synthesized audio -> /opt/airflow/output/audio/phrase_2096.mp3
[2026-08-20T00:08:03.837+0000] {logging_mixin.py:188} INFO - 2026-08-20 00:08:03,837 | INFO     | tts.edge_tts | Synthesized audio -> /opt/airflow/output/audio/example_2096.mp3
[2026-08-20T00:08:04.067+0000] {logging_mixin.py:188} INFO - 2026-08-20 00:08:04,067 | INFO     | media.image_downloader | Downloaded background image for scene='restaurant' -> /opt/airflow/output/images/long_2096.jpg
[2026-08-20T00:08:09.150+0000] {logging_mixin.py:188} INFO - 2026-08-20 00:08:09,150 | INFO     | tts.edge_tts | Synthesized audio -> /opt/airflow/output/audio/phrase_2098.mp3
[2026-08-20T00:08:09.606+0000] {logging_mixin.py:188} INFO - 2026-08-20 00:08:09,606 | INFO     | tts.edge_tts | Synthesized audio -> /opt/airflow/output/audio/example_2098.mp3
[2026-08-20T00:08:10.330+0000] {logging_mixin.py:188} INFO - 2026-08-20 00:08:10,330 | INFO     | media.image_downloader | Downloaded background image for scene='dining' -> /opt/airflow/output/images/long_2098.jpg
[2026-08-20T00:08:14.952+0000] {logging_mixin.py:188} INFO - 2026-08-20 00:08:14,952 | INFO     | tts.edge_tts | Synthesized audio -> /opt/airflow/output/audio/phrase_2105.mp3
[2026-08-20T00:08:15.343+0000] {logging_mixin.py:188} INFO - 2026-08-20 00:08:15,343 | INFO     | tts.edge_tts | Synthesized audio -> /opt/airflow/output/audio/example_2105.mp3
[2026-08-20T00:08:15.586+0000] {logging_mixin.py:188} INFO - 2026-08-20 00:08:15,585 | INFO     | media.image_downloader | Downloaded background image for scene='restaurant' -> /opt/airflow/output/images/long_2105.jpg
[2026-08-20T00:08:19.922+0000] {logging_mixin.py:188} INFO - 2026-08-20 00:08:19,922 | INFO     | tts.edge_tts | Synthesized audio -> /opt/airflow/output/audio/phrase_2110.mp3
[2026-08-20T00:08:20.310+0000] {logging_mixin.py:188} INFO - 2026-08-20 00:08:20,310 | INFO     | tts.edge_tts | Synthesized audio -> /opt/airflow/output/audio/example_2110.mp3
[2026-08-20T00:08:21.173+0000] {logging_mixin.py:188} INFO - 2026-08-20 00:08:21,173 | INFO     | media.image_downloader | Downloaded background image for scene='bakery' -> /opt/airflow/output/images/long_2110.jpg
[2026-08-20T00:08:27.097+0000] {logging_mixin.py:188} INFO - 2026-08-20 00:08:27,097 | INFO     | tts.edge_tts | Synthesized audio -> /opt/airflow/output/audio/phrase_2111.mp3
[2026-08-20T00:08:27.401+0000] {logging_mixin.py:188} INFO - 2026-08-20 00:08:27,401 | INFO     | tts.edge_tts | Synthesized audio -> /opt/airflow/output/audio/example_2111.mp3
[2026-08-20T00:08:27.607+0000] {logging_mixin.py:188} INFO - 2026-08-20 00:08:27,607 | INFO     | media.image_downloader | Downloaded background image for scene='restaurant' -> /opt/airflow/output/images/long_2111.jpg
[2026-08-20T00:08:32.186+0000] {logging_mixin.py:188} INFO - 2026-08-20 00:08:32,186 | INFO     | tts.edge_tts | Synthesized audio -> /opt/airflow/output/audio/phrase_2118.mp3
[2026-08-20T00:08:32.720+0000] {logging_mixin.py:188} INFO - 2026-08-20 00:08:32,720 | INFO     | tts.edge_tts | Synthesized audio -> /opt/airflow/output/audio/example_2118.mp3
[2026-08-20T00:08:32.907+0000] {logging_mixin.py:188} INFO - 2026-08-20 00:08:32,906 | INFO     | media.image_downloader | Downloaded background image for scene='dining' -> /opt/airflow/output/images/long_2118.jpg
[2026-08-20T00:08:37.184+0000] {logging_mixin.py:188} INFO - 2026-08-20 00:08:37,184 | INFO     | tts.edge_tts | Synthesized audio -> /opt/airflow/output/audio/phrase_2127.mp3
[2026-08-20T00:08:37.536+0000] {logging_mixin.py:188} INFO - 2026-08-20 00:08:37,536 | INFO     | tts.edge_tts | Synthesized audio -> /opt/airflow/output/audio/example_2127.mp3
[2026-08-20T00:08:37.914+0000] {logging_mixin.py:188} INFO - 2026-08-20 00:08:37,914 | INFO     | media.image_downloader | Downloaded background image for scene='bistro' -> /opt/airflow/output/images/long_2127.jpg
[2026-08-20T00:08:42.670+0000] {logging_mixin.py:188} INFO - 2026-08-20 00:08:42,670 | INFO     | tts.edge_tts | Synthesized audio -> /opt/airflow/output/audio/phrase_2133.mp3
[2026-08-20T00:08:43.023+0000] {logging_mixin.py:188} INFO - 2026-08-20 00:08:43,023 | INFO     | tts.edge_tts | Synthesized audio -> /opt/airflow/output/audio/example_2133.mp3
[2026-08-20T00:08:43.703+0000] {logging_mixin.py:188} INFO - 2026-08-20 00:08:43,703 | INFO     | media.image_downloader | Downloaded background image for scene='coffee' -> /opt/airflow/output/images/long_2133.jpg
[2026-08-20T00:08:47.953+0000] {logging_mixin.py:188} INFO - 2026-08-20 00:08:47,953 | INFO     | tts.edge_tts | Synthesized audio -> /opt/airflow/output/audio/phrase_2138.mp3
[2026-08-20T00:08:48.386+0000] {logging_mixin.py:188} INFO - 2026-08-20 00:08:48,386 | INFO     | tts.edge_tts | Synthesized audio -> /opt/airflow/output/audio/example_2138.mp3
[2026-08-20T00:08:48.627+0000] {logging_mixin.py:188} INFO - 2026-08-20 00:08:48,627 | INFO     | media.image_downloader | Downloaded background image for scene='restaurant' -> /opt/airflow/output/images/long_2138.jpg
[2026-08-20T00:08:53.383+0000] {logging_mixin.py:188} INFO - 2026-08-20 00:08:53,383 | INFO     | tts.edge_tts | Synthesized audio -> /opt/airflow/output/audio/phrase_2143.mp3
[2026-08-20T00:08:53.765+0000] {logging_mixin.py:188} INFO - 2026-08-20 00:08:53,765 | INFO     | tts.edge_tts | Synthesized audio -> /opt/airflow/output/audio/example_2143.mp3
[2026-08-20T00:08:53.976+0000] {logging_mixin.py:188} INFO - 2026-08-20 00:08:53,976 | INFO     | media.image_downloader | Downloaded background image for scene='restaurant' -> /opt/airflow/output/images/long_2143.jpg
[2026-08-20T00:08:58.645+0000] {logging_mixin.py:188} INFO - 2026-08-20 00:08:58,645 | INFO     | tts.edge_tts | Synthesized audio -> /opt/airflow/output/audio/phrase_2146.mp3
[2026-08-20T00:08:59.077+0000] {logging_mixin.py:188} INFO - 2026-08-20 00:08:59,077 | INFO     | tts.edge_tts | Synthesized audio -> /opt/airflow/output/audio/example_2146.mp3
[2026-08-20T00:08:59.297+0000] {logging_mixin.py:188} INFO - 2026-08-20 00:08:59,297 | INFO     | media.image_downloader | Downloaded background image for scene='restaurant' -> /opt/airflow/output/images/long_2146.jpg
[2026-08-20T00:09:04.000+0000] {logging_mixin.py:188} INFO - 2026-08-20 00:09:04,000 | INFO     | tts.edge_tts | Synthesized audio -> /opt/airflow/output/audio/phrase_2156.mp3
[2026-08-20T00:09:04.397+0000] {logging_mixin.py:188} INFO - 2026-08-20 00:09:04,397 | INFO     | tts.edge_tts | Synthesized audio -> /opt/airflow/output/audio/example_2156.mp3
[2026-08-20T00:09:04.666+0000] {logging_mixin.py:188} INFO - 2026-08-20 00:09:04,666 | INFO     | media.image_downloader | Downloaded background image for scene='cafe' -> /opt/airflow/output/images/long_2156.jpg
[2026-08-20T00:09:11.533+0000] {logging_mixin.py:188} INFO - 2026-08-20 00:09:11,533 | WARNING  | video.video_builder | BGM file not found at /opt/airflow/assets/bgm/long_bgm.mp3, rendering without background music
[2026-08-20T00:09:40.766+0000] {logging_mixin.py:188} INFO - 2026-08-20 00:09:40,766 | INFO     | video.video_builder | Final video rendered -> /opt/airflow/output/videos/long_2061.mp4
[2026-08-20T00:09:51.612+0000] {logging_mixin.py:188} INFO - 2026-08-20 00:09:51,612 | INFO     | media.thumbnail_builder | Built thumbnail -> /opt/airflow/output/thumbnails/long_2061.jpg
[2026-08-20T00:09:51.899+0000] {python.py:237} INFO - Done. Returned value was: {'video_id': 236, 'file_path': '/opt/airflow/output/videos/long_2061.mp4', 'thumbnail_path': '/opt/airflow/output/thumbnails/long_2061.jpg', 'title': 'Essential Restaurant English Phrases | Order Food & Speak Confidently', 'description': "Learn essential English phrases for dining out! In this lesson from Taky's Language School, you'll master practical spoken English to use at any restaurant or café.\n\nYou will learn how to:\n• Make a reservation & request a table\n• Ask for recommendations\n• Order your food and drinks\n• Ask for the check & split the bill\n• Request takeout / leftovers to go\n\nPractice these natural sentences with real-life examples to boost your English speaking skills and sound natural the next time you dine out!\n\n🔔 Subscribe to Taky's Language School for more practical English conversation lessons.", 'tags': ['restaurant english', 'english for dining out', 'order food in english', 'spoken english phrases', 'learn english conversation', 'english speaking practice', 'takys language school', 'practical english phrases', 'ordering at a restaurant english', 'travel english', 'daily english conversation', 'english listening practice'], 'video_type': 'long'}
[2026-08-20T00:09:51.901+0000] {taskinstance.py:441} INFO - ::group::Post task execution logs
[2026-08-20T00:09:51.933+0000] {taskinstance.py:1206} INFO - Marking task as SUCCESS. dag_id=youtube_english_video_pipeline, task_id=build_long_video_1, run_id=scheduled__2026-08-18T12:00:00+00:00, execution_date=20260818T120000, start_date=20260820T000731, end_date=20260820T000951
[2026-08-20T00:09:52.002+0000] {local_task_job_runner.py:243} INFO - Task exited with return code 0
[2026-08-20T00:09:52.279+0000] {taskinstance.py:3503} INFO - 1 downstream tasks scheduled from follow-on schedule check
[2026-08-20T00:09:52.288+0000] {local_task_job_runner.py:222} INFO - ::endgroup::
