[2026-07-25T01:16:25.900+0000] {local_task_job_runner.py:120} INFO - ::group::Pre task execution logs
[2026-07-25T01:16:25.999+0000] {taskinstance.py:2076} INFO - Dependencies all met for dep_context=non-requeueable deps ti=<TaskInstance: youtube_english_video_pipeline.build_long_video manual__2026-07-25T01:15:55.579264+00:00 [queued]>
[2026-07-25T01:16:26.024+0000] {taskinstance.py:2076} INFO - Dependencies all met for dep_context=requeueable deps ti=<TaskInstance: youtube_english_video_pipeline.build_long_video manual__2026-07-25T01:15:55.579264+00:00 [queued]>
[2026-07-25T01:16:26.028+0000] {taskinstance.py:2306} INFO - Starting attempt 1 of 3
[2026-07-25T01:16:26.056+0000] {taskinstance.py:2330} INFO - Executing <Task(PythonOperator): build_long_video> on 2026-07-25 01:15:55.579264+00:00
[2026-07-25T01:16:26.066+0000] {standard_task_runner.py:64} INFO - Started process 224 to run task
[2026-07-25T01:16:26.070+0000] {standard_task_runner.py:90} INFO - Running: ['airflow', 'tasks', 'run', 'youtube_english_video_pipeline', 'build_long_video', 'manual__2026-07-25T01:15:55.579264+00:00', '--job-id', '104', '--raw', '--subdir', 'DAGS_FOLDER/youtube_pipeline.py', '--cfg-path', '/tmp/tmpjuholcvn']
[2026-07-25T01:16:26.075+0000] {standard_task_runner.py:91} INFO - Job 104: Subtask build_long_video
[2026-07-25T01:16:26.238+0000] {task_command.py:426} INFO - Running <TaskInstance: youtube_english_video_pipeline.build_long_video manual__2026-07-25T01:15:55.579264+00:00 [running]> on host 654b8331d764
[2026-07-25T01:16:26.623+0000] {taskinstance.py:2648} INFO - Exporting env vars: AIRFLOW_CTX_DAG_OWNER='taky' AIRFLOW_CTX_DAG_ID='youtube_english_video_pipeline' AIRFLOW_CTX_TASK_ID='build_long_video' AIRFLOW_CTX_EXECUTION_DATE='2026-07-25T01:15:55.579264+00:00' AIRFLOW_CTX_TRY_NUMBER='1' AIRFLOW_CTX_DAG_RUN_ID='manual__2026-07-25T01:15:55.579264+00:00'
[2026-07-25T01:16:26.632+0000] {taskinstance.py:430} INFO - ::endgroup::
[2026-07-25T01:16:28.936+0000] {logging_mixin.py:188} INFO - 2026-07-25 01:16:28,936 | INFO     | planner.video_planner | Planned LONG video: topic='Restaurant English', phrases=17
[2026-07-25T01:16:29.771+0000] {logging_mixin.py:188} INFO - 2026-07-25 01:16:29,771 | INFO     | tts.edge_tts | Synthesized audio -> /opt/airflow/output/audio/phrase_79.mp3
[2026-07-25T01:16:31.039+0000] {logging_mixin.py:188} INFO - 2026-07-25 01:16:31,039 | INFO     | tts.edge_tts | Synthesized audio -> /opt/airflow/output/audio/example_79.mp3
[2026-07-25T01:16:57.012+0000] {logging_mixin.py:188} INFO - 2026-07-25 01:16:57,012 | INFO     | media.image_downloader | Downloaded background image for scene='salad' -> /opt/airflow/output/images/long_79.jpg
[2026-07-25T01:16:57.128+0000] {logging_mixin.py:188} INFO - 2026-07-25 01:16:57,128 | INFO     | video.video_builder | Running ffmpeg: ffmpeg -y -i /opt/airflow/output/audio/phrase_79.mp3 -i /opt/airflow/output/audio/example_79.mp3 -filter_complex [0:a]apad=pad_dur=0.4[a0];[a0][1:a]concat=n=2:v=0:a=1[aout] -map [aout] /opt/airflow/output/videos/_tmp/long_79_raw.audio.mp3
[2026-07-25T01:17:00.234+0000] {logging_mixin.py:188} INFO - 2026-07-25 01:17:00,234 | INFO     | video.video_builder | Running ffmpeg: ffmpeg -y -loop 1 -i /opt/airflow/output/images/long_79.jpg -i /opt/airflow/output/videos/_tmp/long_79_raw.audio.mp3 -vf scale=1920:1080:force_original_aspect_ratio=increase,crop=1920:1080,drawtext=fontfile='/opt/airflow/assets/fonts/NotoSansJP-Bold.ttf':text='Can I have the dressing on the side?':fontcolor=FFFFFF:fontsize=76:x=(w-text_w)/2:y=(h*0.16):line_spacing=12:box=1:boxcolor=black@0.45:boxborderw=20,drawtext=fontfile='/opt/airflow/assets/fonts/NotoSansJP-Bold.ttf':text='I would like to order the Caesar salad, but\ncan I have the dressing on the side?':fontcolor=FFD54A:fontsize=68:x=(w-text_w)/2:y=(h-text_h)/2+((h*0.15)):line_spacing=16:box=1:boxcolor=black@0.55:boxborderw=24 -c:v libx264 -preset slow -crf 18 -tune stillimage -pix_fmt yuv420p -c:a aac -b:a 192k -shortest -r 30 /opt/airflow/output/videos/_tmp/long_79_raw.mp4
[2026-07-25T01:31:45.369+0000] {local_task_job_runner.py:313} WARNING - State of this instance has been externally set to restarting. Terminating instance.
[2026-07-25T01:31:45.484+0000] {local_task_job_runner.py:222} INFO - ::endgroup::
[2026-07-25T01:31:45.601+0000] {process_utils.py:132} INFO - Sending 15 to group 224. PIDs of all processes in the group: [404, 224]
[2026-07-25T01:31:45.812+0000] {process_utils.py:87} INFO - Sending the signal 15 to group 224
[2026-07-25T01:31:46.009+0000] {taskinstance.py:2611} ERROR - Received SIGTERM. Terminating subprocesses.
[2026-07-25T01:31:51.596+0000] {taskinstance.py:441} INFO - ::group::Post task execution logs
[2026-07-25T01:31:51.839+0000] {process_utils.py:80} INFO - Process psutil.Process(pid=404, status='terminated', started='01:16:59') (404) terminated with exit code None
[2026-07-25T01:31:52.068+0000] {taskinstance.py:2905} ERROR - Task failed with exception
Traceback (most recent call last):
  File "/home/airflow/.local/lib/python3.11/site-packages/airflow/models/taskinstance.py", line 465, in _execute_task
    result = _execute_callable(context=context, **execute_callable_kwargs)
             ^^^^^^^^^^^^^^^^^^^^^^^^^^^^^^^^^^^^^^^^^^^^^^^^^^^^^^^^^^^^^
  File "/home/airflow/.local/lib/python3.11/site-packages/airflow/models/taskinstance.py", line 432, in _execute_callable
    return execute_callable(context=context, **execute_callable_kwargs)
           ^^^^^^^^^^^^^^^^^^^^^^^^^^^^^^^^^^^^^^^^^^^^^^^^^^^^^^^^^^^^
  File "/home/airflow/.local/lib/python3.11/site-packages/airflow/models/baseoperator.py", line 401, in wrapper
    return func(self, *args, **kwargs)
           ^^^^^^^^^^^^^^^^^^^^^^^^^^^
  File "/home/airflow/.local/lib/python3.11/site-packages/airflow/operators/python.py", line 235, in execute
    return_value = self.execute_callable()
                   ^^^^^^^^^^^^^^^^^^^^^^^
  File "/home/airflow/.local/lib/python3.11/site-packages/airflow/operators/python.py", line 252, in execute_callable
    return self.python_callable(*self.op_args, **self.op_kwargs)
           ^^^^^^^^^^^^^^^^^^^^^^^^^^^^^^^^^^^^^^^^^^^^^^^^^^^^^
  File "/opt/airflow/dags/youtube_pipeline.py", line 94, in task_build_long_video
    result = build_long_video()
             ^^^^^^^^^^^^^^^^^^
  File "/opt/airflow/src/video/long_video.py", line 121, in build_long_video
    result = LongVideoPipeline().run()
             ^^^^^^^^^^^^^^^^^^^^^^^^^
  File "/opt/airflow/src/video/long_video.py", line 69, in run
    self.builder.render_segment(segment, raw_segment_path)
  File "/opt/airflow/src/video/video_builder.py", line 99, in render_segment
    str(out_path),
    ^^^^^^^^^
  File "/opt/airflow/src/video/video_builder.py", line 34, in _run
    subprocess.run(cmd, check=True, capture_output=True)
  File "/usr/local/lib/python3.11/subprocess.py", line 550, in run
    stdout, stderr = process.communicate(input, timeout=timeout)
                     ^^^^^^^^^^^^^^^^^^^^^^^^^^^^^^^^^^^^^^^^^^^
  File "/usr/local/lib/python3.11/subprocess.py", line 1209, in communicate
    stdout, stderr = self._communicate(input, endtime, timeout)
                     ^^^^^^^^^^^^^^^^^^^^^^^^^^^^^^^^^^^^^^^^^^
  File "/usr/local/lib/python3.11/subprocess.py", line 2115, in _communicate
    ready = selector.select(timeout)
            ^^^^^^^^^^^^^^^^^^^^^^^^
  File "/usr/local/lib/python3.11/selectors.py", line 415, in select
    fd_event_list = self._selector.poll(timeout)
                    ^^^^^^^^^^^^^^^^^^^^^^^^^^^^
  File "/home/airflow/.local/lib/python3.11/site-packages/airflow/models/taskinstance.py", line 2613, in signal_handler
    raise AirflowTaskTerminated("Task received SIGTERM signal")
airflow.exceptions.AirflowTaskTerminated: Task received SIGTERM signal
[2026-07-25T01:31:54.713+0000] {taskinstance.py:1206} INFO - Marking task as UP_FOR_RETRY. dag_id=youtube_english_video_pipeline, task_id=build_long_video, run_id=manual__2026-07-25T01:15:55.579264+00:00, execution_date=20260725T011555, start_date=20260725T011626, end_date=20260725T013154
[2026-07-25T01:31:55.264+0000] {process_utils.py:80} INFO - Process psutil.Process(pid=224, status='terminated', exitcode=2, started='01:16:25') (224) terminated with exit code 2
