[2026-08-19T00:14:45.030+0000] {local_task_job_runner.py:120} INFO - ::group::Pre task execution logs
[2026-08-19T00:14:45.068+0000] {taskinstance.py:2076} INFO - Dependencies all met for dep_context=non-requeueable deps ti=<TaskInstance: youtube_english_video_pipeline.upload_short_video_5 scheduled__2026-08-17T12:00:00+00:00 [queued]>
[2026-08-19T00:14:45.077+0000] {taskinstance.py:2076} INFO - Dependencies all met for dep_context=requeueable deps ti=<TaskInstance: youtube_english_video_pipeline.upload_short_video_5 scheduled__2026-08-17T12:00:00+00:00 [queued]>
[2026-08-19T00:14:45.078+0000] {taskinstance.py:2306} INFO - Starting attempt 1 of 3
[2026-08-19T00:14:45.092+0000] {taskinstance.py:2330} INFO - Executing <Task(PythonOperator): upload_short_video_5> on 2026-08-17 12:00:00+00:00
[2026-08-19T00:14:45.097+0000] {standard_task_runner.py:64} INFO - Started process 31962 to run task
[2026-08-19T00:14:45.100+0000] {standard_task_runner.py:90} INFO - Running: ['airflow', 'tasks', 'run', 'youtube_english_video_pipeline', 'upload_short_video_5', 'scheduled__2026-08-17T12:00:00+00:00', '--job-id', '795', '--raw', '--subdir', 'DAGS_FOLDER/youtube_pipeline.py', '--cfg-path', '/tmp/tmp9knk5lwv']
[2026-08-19T00:14:45.104+0000] {standard_task_runner.py:91} INFO - Job 795: Subtask upload_short_video_5
[2026-08-19T00:14:45.176+0000] {task_command.py:426} INFO - Running <TaskInstance: youtube_english_video_pipeline.upload_short_video_5 scheduled__2026-08-17T12:00:00+00:00 [running]> on host cc859d74cf38
[2026-08-19T00:14:45.393+0000] {taskinstance.py:2648} INFO - Exporting env vars: AIRFLOW_CTX_DAG_OWNER='taky' AIRFLOW_CTX_DAG_ID='youtube_english_video_pipeline' AIRFLOW_CTX_TASK_ID='upload_short_video_5' AIRFLOW_CTX_EXECUTION_DATE='2026-08-17T12:00:00+00:00' AIRFLOW_CTX_TRY_NUMBER='1' AIRFLOW_CTX_DAG_RUN_ID='scheduled__2026-08-17T12:00:00+00:00'
[2026-08-19T00:14:45.395+0000] {taskinstance.py:430} INFO - ::endgroup::
[2026-08-19T00:14:45.727+0000] {__init__.py:49} INFO - file_cache is only supported with oauth2client<4.0.0
[2026-08-19T00:14:45.736+0000] {logging_mixin.py:188} INFO - 2026-08-19 00:14:45,736 | INFO     | uploader.youtube_uploader | Uploading video 'Daily English Phrase | Daily Conversation' (/opt/airflow/output/videos/short_2025.mp4) to YouTube...
[2026-08-19T00:14:48.612+0000] {logging_mixin.py:188} INFO - 2026-08-19 00:14:48,612 | INFO     | uploader.youtube_uploader | Upload complete. YouTube video id = YSTyzPQLmwQ
[2026-08-19T00:14:48.628+0000] {python.py:237} INFO - Done. Returned value was: YSTyzPQLmwQ
[2026-08-19T00:14:48.630+0000] {taskinstance.py:441} INFO - ::group::Post task execution logs
[2026-08-19T00:14:48.668+0000] {taskinstance.py:1206} INFO - Marking task as SUCCESS. dag_id=youtube_english_video_pipeline, task_id=upload_short_video_5, run_id=scheduled__2026-08-17T12:00:00+00:00, execution_date=20260817T120000, start_date=20260819T001445, end_date=20260819T001448
[2026-08-19T00:14:48.771+0000] {local_task_job_runner.py:243} INFO - Task exited with return code 0
[2026-08-19T00:14:48.812+0000] {taskinstance.py:3503} INFO - 0 downstream tasks scheduled from follow-on schedule check
[2026-08-19T00:14:48.819+0000] {local_task_job_runner.py:222} INFO - ::endgroup::
