[2026-09-09T00:26:01.880+0000] {local_task_job_runner.py:120} INFO - ::group::Pre task execution logs
[2026-09-09T00:26:01.941+0000] {taskinstance.py:2076} INFO - Dependencies all met for dep_context=non-requeueable deps ti=<TaskInstance: youtube_english_video_pipeline.upload_short_video_2 manual__2026-09-09T00:16:13.135356+00:00 [queued]>
[2026-09-09T00:26:01.954+0000] {taskinstance.py:2076} INFO - Dependencies all met for dep_context=requeueable deps ti=<TaskInstance: youtube_english_video_pipeline.upload_short_video_2 manual__2026-09-09T00:16:13.135356+00:00 [queued]>
[2026-09-09T00:26:01.957+0000] {taskinstance.py:2306} INFO - Starting attempt 1 of 3
[2026-09-09T00:26:01.973+0000] {taskinstance.py:2330} INFO - Executing <Task(PythonOperator): upload_short_video_2> on 2026-09-09 00:16:13.135356+00:00
[2026-09-09T00:26:01.981+0000] {standard_task_runner.py:64} INFO - Started process 4238 to run task
[2026-09-09T00:26:01.983+0000] {standard_task_runner.py:90} INFO - Running: ['airflow', 'tasks', 'run', 'youtube_english_video_pipeline', 'upload_short_video_2', 'manual__2026-09-09T00:16:13.135356+00:00', '--job-id', '1040', '--raw', '--subdir', 'DAGS_FOLDER/youtube_pipeline.py', '--cfg-path', '/tmp/tmpzoh2qmcs']
[2026-09-09T00:26:01.987+0000] {standard_task_runner.py:91} INFO - Job 1040: Subtask upload_short_video_2
[2026-09-09T00:26:02.070+0000] {task_command.py:426} INFO - Running <TaskInstance: youtube_english_video_pipeline.upload_short_video_2 manual__2026-09-09T00:16:13.135356+00:00 [running]> on host cc859d74cf38
[2026-09-09T00:26:02.302+0000] {taskinstance.py:2648} INFO - Exporting env vars: AIRFLOW_CTX_DAG_OWNER='taky' AIRFLOW_CTX_DAG_ID='youtube_english_video_pipeline' AIRFLOW_CTX_TASK_ID='upload_short_video_2' AIRFLOW_CTX_EXECUTION_DATE='2026-09-09T00:16:13.135356+00:00' AIRFLOW_CTX_TRY_NUMBER='1' AIRFLOW_CTX_DAG_RUN_ID='manual__2026-09-09T00:16:13.135356+00:00'
[2026-09-09T00:26:02.303+0000] {taskinstance.py:430} INFO - ::endgroup::
[2026-09-09T00:26:02.575+0000] {__init__.py:49} INFO - file_cache is only supported with oauth2client<4.0.0
[2026-09-09T00:26:02.581+0000] {logging_mixin.py:188} INFO - 2026-09-09 00:26:02,581 | INFO     | uploader.youtube_uploader | Uploading video 'Daily English Phrase | Restaurant English' (/opt/airflow/output/videos/short_2682.mp4) to YouTube...
[2026-09-09T00:26:05.666+0000] {logging_mixin.py:188} INFO - 2026-09-09 00:26:05,666 | INFO     | uploader.youtube_uploader | Upload complete. YouTube video id = KwsQBy2Coss
[2026-09-09T00:26:05.688+0000] {python.py:237} INFO - Done. Returned value was: KwsQBy2Coss
[2026-09-09T00:26:05.692+0000] {taskinstance.py:441} INFO - ::group::Post task execution logs
[2026-09-09T00:26:05.723+0000] {taskinstance.py:1206} INFO - Marking task as SUCCESS. dag_id=youtube_english_video_pipeline, task_id=upload_short_video_2, run_id=manual__2026-09-09T00:16:13.135356+00:00, execution_date=20260909T001613, start_date=20260909T002601, end_date=20260909T002605
[2026-09-09T00:26:05.778+0000] {local_task_job_runner.py:243} INFO - Task exited with return code 0
[2026-09-09T00:26:05.920+0000] {taskinstance.py:3503} INFO - 1 downstream tasks scheduled from follow-on schedule check
[2026-09-09T00:26:05.926+0000] {local_task_job_runner.py:222} INFO - ::endgroup::
