[2026-09-22T00:34:46.344+0000] {local_task_job_runner.py:120} INFO - ::group::Pre task execution logs
[2026-09-22T00:34:46.394+0000] {taskinstance.py:2076} INFO - Dependencies all met for dep_context=non-requeueable deps ti=<TaskInstance: youtube_english_video_pipeline.upload_long_video_6 scheduled__2026-09-20T12:00:00+00:00 [queued]>
[2026-09-22T00:34:46.406+0000] {taskinstance.py:2076} INFO - Dependencies all met for dep_context=requeueable deps ti=<TaskInstance: youtube_english_video_pipeline.upload_long_video_6 scheduled__2026-09-20T12:00:00+00:00 [queued]>
[2026-09-22T00:34:46.408+0000] {taskinstance.py:2306} INFO - Starting attempt 1 of 3
[2026-09-22T00:34:46.428+0000] {taskinstance.py:2330} INFO - Executing <Task(PythonOperator): upload_long_video_6> on 2026-09-20 12:00:00+00:00
[2026-09-22T00:34:46.432+0000] {standard_task_runner.py:64} INFO - Started process 21250 to run task
[2026-09-22T00:34:46.437+0000] {standard_task_runner.py:90} INFO - Running: ['airflow', 'tasks', 'run', 'youtube_english_video_pipeline', 'upload_long_video_6', 'scheduled__2026-09-20T12:00:00+00:00', '--job-id', '1487', '--raw', '--subdir', 'DAGS_FOLDER/youtube_pipeline.py', '--cfg-path', '/tmp/tmpfjk_iid1']
[2026-09-22T00:34:46.442+0000] {standard_task_runner.py:91} INFO - Job 1487: Subtask upload_long_video_6
[2026-09-22T00:34:46.536+0000] {task_command.py:426} INFO - Running <TaskInstance: youtube_english_video_pipeline.upload_long_video_6 scheduled__2026-09-20T12:00:00+00:00 [running]> on host 73b18333cdfe
[2026-09-22T00:34:46.854+0000] {taskinstance.py:2648} INFO - Exporting env vars: AIRFLOW_CTX_DAG_OWNER='taky' AIRFLOW_CTX_DAG_ID='youtube_english_video_pipeline' AIRFLOW_CTX_TASK_ID='upload_long_video_6' AIRFLOW_CTX_EXECUTION_DATE='2026-09-20T12:00:00+00:00' AIRFLOW_CTX_TRY_NUMBER='1' AIRFLOW_CTX_DAG_RUN_ID='scheduled__2026-09-20T12:00:00+00:00'
[2026-09-22T00:34:46.855+0000] {taskinstance.py:430} INFO - ::endgroup::
[2026-09-22T00:34:47.327+0000] {__init__.py:49} INFO - file_cache is only supported with oauth2client<4.0.0
[2026-09-22T00:34:47.341+0000] {logging_mixin.py:188} INFO - 2026-09-22 00:34:47,341 | INFO     | uploader.youtube_uploader | Uploading video 'Restaurant English: 20 Natural Phrases to Use Like a Native' (/opt/airflow/output/videos/long_3658.mp4) to YouTube...
[2026-09-22T00:34:52.435+0000] {logging_mixin.py:188} INFO - 2026-09-22 00:34:52,435 | INFO     | uploader.youtube_uploader | Upload complete. YouTube video id = _KVq6i5gZrE
[2026-09-22T00:34:56.624+0000] {logging_mixin.py:188} INFO - 2026-09-22 00:34:56,624 | INFO     | uploader.youtube_uploader | Custom thumbnail uploaded.
[2026-09-22T00:34:56.648+0000] {python.py:237} INFO - Done. Returned value was: _KVq6i5gZrE
[2026-09-22T00:34:56.649+0000] {taskinstance.py:441} INFO - ::group::Post task execution logs
[2026-09-22T00:34:56.693+0000] {taskinstance.py:1206} INFO - Marking task as SUCCESS. dag_id=youtube_english_video_pipeline, task_id=upload_long_video_6, run_id=scheduled__2026-09-20T12:00:00+00:00, execution_date=20260920T120000, start_date=20260922T003446, end_date=20260922T003456
[2026-09-22T00:34:56.743+0000] {local_task_job_runner.py:243} INFO - Task exited with return code 0
[2026-09-22T00:34:56.954+0000] {taskinstance.py:3503} INFO - 1 downstream tasks scheduled from follow-on schedule check
[2026-09-22T00:34:56.961+0000] {local_task_job_runner.py:222} INFO - ::endgroup::
