[2026-07-29T23:54:18.616+0000] {local_task_job_runner.py:120} INFO - ::group::Pre task execution logs
[2026-07-29T23:54:18.698+0000] {taskinstance.py:2076} INFO - Dependencies all met for dep_context=non-requeueable deps ti=<TaskInstance: youtube_english_video_pipeline.upload_long_video_9 scheduled__2026-07-28T12:00:00+00:00 [queued]>
[2026-07-29T23:54:18.719+0000] {taskinstance.py:2076} INFO - Dependencies all met for dep_context=requeueable deps ti=<TaskInstance: youtube_english_video_pipeline.upload_long_video_9 scheduled__2026-07-28T12:00:00+00:00 [queued]>
[2026-07-29T23:54:18.725+0000] {taskinstance.py:2306} INFO - Starting attempt 1 of 3
[2026-07-29T23:54:18.751+0000] {taskinstance.py:2330} INFO - Executing <Task(PythonOperator): upload_long_video_9> on 2026-07-28 12:00:00+00:00
[2026-07-29T23:54:18.759+0000] {standard_task_runner.py:64} INFO - Started process 70593 to run task
[2026-07-29T23:54:18.764+0000] {standard_task_runner.py:90} INFO - Running: ['airflow', 'tasks', 'run', 'youtube_english_video_pipeline', 'upload_long_video_9', 'scheduled__2026-07-28T12:00:00+00:00', '--job-id', '582', '--raw', '--subdir', 'DAGS_FOLDER/youtube_pipeline.py', '--cfg-path', '/tmp/tmp4cl4d57l']
[2026-07-29T23:54:18.770+0000] {standard_task_runner.py:91} INFO - Job 582: Subtask upload_long_video_9
[2026-07-29T23:54:19.043+0000] {task_command.py:426} INFO - Running <TaskInstance: youtube_english_video_pipeline.upload_long_video_9 scheduled__2026-07-28T12:00:00+00:00 [running]> on host cc859d74cf38
[2026-07-29T23:54:19.453+0000] {taskinstance.py:2648} INFO - Exporting env vars: AIRFLOW_CTX_DAG_OWNER='taky' AIRFLOW_CTX_DAG_ID='youtube_english_video_pipeline' AIRFLOW_CTX_TASK_ID='upload_long_video_9' AIRFLOW_CTX_EXECUTION_DATE='2026-07-28T12:00:00+00:00' AIRFLOW_CTX_TRY_NUMBER='1' AIRFLOW_CTX_DAG_RUN_ID='scheduled__2026-07-28T12:00:00+00:00'
[2026-07-29T23:54:19.456+0000] {taskinstance.py:430} INFO - ::endgroup::
[2026-07-29T23:54:20.689+0000] {__init__.py:49} INFO - file_cache is only supported with oauth2client<4.0.0
[2026-07-29T23:54:20.733+0000] {logging_mixin.py:188} INFO - 2026-07-29 23:54:20,732 | INFO     | uploader.youtube_uploader | Uploading video 'Essential English Phrases for Shopping | Taky's Language School' (/opt/airflow/output/videos/long_1413.mp4) to YouTube...
[2026-07-29T23:54:28.245+0000] {logging_mixin.py:188} INFO - 2026-07-29 23:54:28,244 | INFO     | uploader.youtube_uploader | Upload complete. YouTube video id = sWoTEVQwV2k
[2026-07-29T23:54:32.444+0000] {logging_mixin.py:188} INFO - 2026-07-29 23:54:32,444 | INFO     | uploader.youtube_uploader | Custom thumbnail uploaded.
[2026-07-29T23:54:32.472+0000] {python.py:237} INFO - Done. Returned value was: sWoTEVQwV2k
[2026-07-29T23:54:32.474+0000] {taskinstance.py:441} INFO - ::group::Post task execution logs
[2026-07-29T23:54:32.533+0000] {taskinstance.py:1206} INFO - Marking task as SUCCESS. dag_id=youtube_english_video_pipeline, task_id=upload_long_video_9, run_id=scheduled__2026-07-28T12:00:00+00:00, execution_date=20260728T120000, start_date=20260729T235418, end_date=20260729T235432
[2026-07-29T23:54:32.618+0000] {local_task_job_runner.py:243} INFO - Task exited with return code 0
[2026-07-29T23:54:32.896+0000] {taskinstance.py:3503} INFO - 1 downstream tasks scheduled from follow-on schedule check
[2026-07-29T23:54:32.911+0000] {local_task_job_runner.py:222} INFO - ::endgroup::
