[2026-08-22T06:43:42.400+0000] {local_task_job_runner.py:120} INFO - ::group::Pre task execution logs
[2026-08-22T06:43:42.441+0000] {taskinstance.py:2076} INFO - Dependencies all met for dep_context=non-requeueable deps ti=<TaskInstance: youtube_english_video_pipeline.upload_long_video_3 manual__2026-08-20T23:20:20.409177+00:00 [queued]>
[2026-08-22T06:43:42.450+0000] {taskinstance.py:2076} INFO - Dependencies all met for dep_context=requeueable deps ti=<TaskInstance: youtube_english_video_pipeline.upload_long_video_3 manual__2026-08-20T23:20:20.409177+00:00 [queued]>
[2026-08-22T06:43:42.451+0000] {taskinstance.py:2306} INFO - Starting attempt 1 of 3
[2026-08-22T06:43:42.465+0000] {taskinstance.py:2330} INFO - Executing <Task(PythonOperator): upload_long_video_3> on 2026-08-20 23:20:20.409177+00:00
[2026-08-22T06:43:42.470+0000] {standard_task_runner.py:64} INFO - Started process 61335 to run task
[2026-08-22T06:43:42.473+0000] {standard_task_runner.py:90} INFO - Running: ['airflow', 'tasks', 'run', 'youtube_english_video_pipeline', 'upload_long_video_3', 'manual__2026-08-20T23:20:20.409177+00:00', '--job-id', '851', '--raw', '--subdir', 'DAGS_FOLDER/youtube_pipeline.py', '--cfg-path', '/tmp/tmpnmt0cn8x']
[2026-08-22T06:43:42.476+0000] {standard_task_runner.py:91} INFO - Job 851: Subtask upload_long_video_3
[2026-08-22T06:43:42.570+0000] {task_command.py:426} INFO - Running <TaskInstance: youtube_english_video_pipeline.upload_long_video_3 manual__2026-08-20T23:20:20.409177+00:00 [running]> on host cc859d74cf38
[2026-08-22T06:43:42.876+0000] {taskinstance.py:2648} INFO - Exporting env vars: AIRFLOW_CTX_DAG_OWNER='taky' AIRFLOW_CTX_DAG_ID='youtube_english_video_pipeline' AIRFLOW_CTX_TASK_ID='upload_long_video_3' AIRFLOW_CTX_EXECUTION_DATE='2026-08-20T23:20:20.409177+00:00' AIRFLOW_CTX_TRY_NUMBER='1' AIRFLOW_CTX_DAG_RUN_ID='manual__2026-08-20T23:20:20.409177+00:00'
[2026-08-22T06:43:42.877+0000] {taskinstance.py:430} INFO - ::endgroup::
[2026-08-22T06:43:43.311+0000] {__init__.py:49} INFO - file_cache is only supported with oauth2client<4.0.0
[2026-08-22T06:43:43.322+0000] {logging_mixin.py:188} INFO - 2026-08-22 06:43:43,322 | INFO     | uploader.youtube_uploader | Uploading video '16 Daily English Expressions | Restaurant English' (/opt/airflow/output/videos/long_2161.mp4) to YouTube...
[2026-08-22T06:43:47.017+0000] {logging_mixin.py:188} INFO - 2026-08-22 06:43:47,017 | INFO     | uploader.youtube_uploader | Upload complete. YouTube video id = 2Z8qcHKl7nI
[2026-08-22T06:43:50.710+0000] {logging_mixin.py:188} INFO - 2026-08-22 06:43:50,710 | INFO     | uploader.youtube_uploader | Custom thumbnail uploaded.
[2026-08-22T06:43:50.749+0000] {python.py:237} INFO - Done. Returned value was: 2Z8qcHKl7nI
[2026-08-22T06:43:50.750+0000] {taskinstance.py:441} INFO - ::group::Post task execution logs
[2026-08-22T06:43:50.783+0000] {taskinstance.py:1206} INFO - Marking task as SUCCESS. dag_id=youtube_english_video_pipeline, task_id=upload_long_video_3, run_id=manual__2026-08-20T23:20:20.409177+00:00, execution_date=20260820T232020, start_date=20260822T064342, end_date=20260822T064350
[2026-08-22T06:43:50.856+0000] {local_task_job_runner.py:243} INFO - Task exited with return code 0
[2026-08-22T06:43:51.080+0000] {taskinstance.py:3503} INFO - 1 downstream tasks scheduled from follow-on schedule check
[2026-08-22T06:43:51.087+0000] {local_task_job_runner.py:222} INFO - ::endgroup::
