[2026-07-29T12:32:53.953+0000] {local_task_job_runner.py:120} INFO - ::group::Pre task execution logs
[2026-07-29T12:32:54.052+0000] {taskinstance.py:2076} INFO - Dependencies all met for dep_context=non-requeueable deps ti=<TaskInstance: youtube_english_video_pipeline.build_long_video_2 scheduled__2026-07-28T12:00:00+00:00 [queued]>
[2026-07-29T12:32:54.070+0000] {taskinstance.py:2076} INFO - Dependencies all met for dep_context=requeueable deps ti=<TaskInstance: youtube_english_video_pipeline.build_long_video_2 scheduled__2026-07-28T12:00:00+00:00 [queued]>
[2026-07-29T12:32:54.075+0000] {taskinstance.py:2306} INFO - Starting attempt 1 of 3
[2026-07-29T12:32:54.095+0000] {taskinstance.py:2330} INFO - Executing <Task(PythonOperator): build_long_video_2> on 2026-07-28 12:00:00+00:00
[2026-07-29T12:32:54.103+0000] {standard_task_runner.py:64} INFO - Started process 43641 to run task
[2026-07-29T12:32:54.107+0000] {standard_task_runner.py:90} INFO - Running: ['airflow', 'tasks', 'run', 'youtube_english_video_pipeline', 'build_long_video_2', 'scheduled__2026-07-28T12:00:00+00:00', '--job-id', '545', '--raw', '--subdir', 'DAGS_FOLDER/youtube_pipeline.py', '--cfg-path', '/tmp/tmp4fmpp27_']
[2026-07-29T12:32:54.111+0000] {standard_task_runner.py:91} INFO - Job 545: Subtask build_long_video_2
[2026-07-29T12:32:54.220+0000] {task_command.py:426} INFO - Running <TaskInstance: youtube_english_video_pipeline.build_long_video_2 scheduled__2026-07-28T12:00:00+00:00 [running]> on host cc859d74cf38
[2026-07-29T12:32:54.518+0000] {taskinstance.py:2648} INFO - Exporting env vars: AIRFLOW_CTX_DAG_OWNER='taky' AIRFLOW_CTX_DAG_ID='youtube_english_video_pipeline' AIRFLOW_CTX_TASK_ID='build_long_video_2' AIRFLOW_CTX_EXECUTION_DATE='2026-07-28T12:00:00+00:00' AIRFLOW_CTX_TRY_NUMBER='1' AIRFLOW_CTX_DAG_RUN_ID='scheduled__2026-07-28T12:00:00+00:00'
[2026-07-29T12:32:54.519+0000] {taskinstance.py:430} INFO - ::endgroup::
[2026-07-29T12:32:55.592+0000] {logging_mixin.py:188} INFO - 2026-07-29 12:32:55,592 | INFO     | planner.video_planner | Only 7 phrases for topic='Restaurant English', topping up without topic filter
[2026-07-29T12:32:55.601+0000] {logging_mixin.py:188} INFO - 2026-07-29 12:32:55,601 | INFO     | planner.video_planner | Planned LONG video: topic='Mixed English Expressions', phrases=20
[2026-07-29T12:32:56.182+0000] {logging_mixin.py:188} INFO - 2026-07-29 12:32:56,181 | INFO     | tts.edge_tts | Synthesized audio -> /opt/airflow/output/audio/phrase_1267.mp3
[2026-07-29T12:32:56.715+0000] {logging_mixin.py:188} INFO - 2026-07-29 12:32:56,715 | INFO     | tts.edge_tts | Synthesized audio -> /opt/airflow/output/audio/example_1267.mp3
[2026-07-29T12:32:57.161+0000] {logging_mixin.py:188} INFO - 2026-07-29 12:32:57,160 | INFO     | media.image_downloader | Downloaded background image for scene='office' -> /opt/airflow/output/images/long_1267.jpg
[2026-07-29T12:33:04.591+0000] {logging_mixin.py:188} INFO - 2026-07-29 12:33:04,590 | INFO     | tts.edge_tts | Synthesized audio -> /opt/airflow/output/audio/phrase_1268.mp3
[2026-07-29T12:33:05.151+0000] {logging_mixin.py:188} INFO - 2026-07-29 12:33:05,151 | INFO     | tts.edge_tts | Synthesized audio -> /opt/airflow/output/audio/example_1268.mp3
[2026-07-29T12:33:05.670+0000] {logging_mixin.py:188} INFO - 2026-07-29 12:33:05,669 | INFO     | media.image_downloader | Downloaded background image for scene='meeting' -> /opt/airflow/output/images/long_1268.jpg
[2026-07-29T12:33:10.441+0000] {logging_mixin.py:188} INFO - 2026-07-29 12:33:10,441 | INFO     | tts.edge_tts | Synthesized audio -> /opt/airflow/output/audio/phrase_1271.mp3
[2026-07-29T12:33:10.995+0000] {logging_mixin.py:188} INFO - 2026-07-29 12:33:10,995 | INFO     | tts.edge_tts | Synthesized audio -> /opt/airflow/output/audio/example_1271.mp3
[2026-07-29T12:33:11.589+0000] {logging_mixin.py:188} INFO - 2026-07-29 12:33:11,588 | INFO     | media.image_downloader | Downloaded background image for scene='airport' -> /opt/airflow/output/images/long_1271.jpg
[2026-07-29T12:33:16.806+0000] {logging_mixin.py:188} INFO - 2026-07-29 12:33:16,806 | INFO     | tts.edge_tts | Synthesized audio -> /opt/airflow/output/audio/phrase_1272.mp3
[2026-07-29T12:33:17.624+0000] {logging_mixin.py:188} INFO - 2026-07-29 12:33:17,624 | INFO     | tts.edge_tts | Synthesized audio -> /opt/airflow/output/audio/example_1272.mp3
[2026-07-29T12:33:18.280+0000] {logging_mixin.py:188} INFO - 2026-07-29 12:33:18,280 | INFO     | media.image_downloader | Downloaded background image for scene='train' -> /opt/airflow/output/images/long_1272.jpg
[2026-07-29T12:33:33.506+0000] {logging_mixin.py:188} INFO - 2026-07-29 12:33:33,506 | INFO     | tts.edge_tts | Synthesized audio -> /opt/airflow/output/audio/phrase_1273.mp3
[2026-07-29T12:33:34.109+0000] {logging_mixin.py:188} INFO - 2026-07-29 12:33:34,109 | INFO     | tts.edge_tts | Synthesized audio -> /opt/airflow/output/audio/example_1273.mp3
[2026-07-29T12:33:35.012+0000] {logging_mixin.py:188} INFO - 2026-07-29 12:33:35,012 | INFO     | media.image_downloader | Downloaded background image for scene='counter' -> /opt/airflow/output/images/long_1273.jpg
[2026-07-29T12:33:41.224+0000] {logging_mixin.py:188} INFO - 2026-07-29 12:33:41,224 | INFO     | tts.edge_tts | Synthesized audio -> /opt/airflow/output/audio/phrase_1274.mp3
[2026-07-29T12:33:41.743+0000] {logging_mixin.py:188} INFO - 2026-07-29 12:33:41,743 | INFO     | tts.edge_tts | Synthesized audio -> /opt/airflow/output/audio/example_1274.mp3
[2026-07-29T12:33:43.539+0000] {logging_mixin.py:188} INFO - 2026-07-29 12:33:43,539 | INFO     | media.image_downloader | Downloaded background image for scene='party' -> /opt/airflow/output/images/long_1274.jpg
[2026-07-29T12:33:48.459+0000] {logging_mixin.py:188} INFO - 2026-07-29 12:33:48,459 | INFO     | tts.edge_tts | Synthesized audio -> /opt/airflow/output/audio/phrase_1275.mp3
[2026-07-29T12:33:48.899+0000] {logging_mixin.py:188} INFO - 2026-07-29 12:33:48,899 | INFO     | tts.edge_tts | Synthesized audio -> /opt/airflow/output/audio/example_1275.mp3
[2026-07-29T12:33:49.513+0000] {logging_mixin.py:188} INFO - 2026-07-29 12:33:49,513 | INFO     | media.image_downloader | Downloaded background image for scene='park' -> /opt/airflow/output/images/long_1275.jpg
[2026-07-29T12:33:55.616+0000] {logging_mixin.py:188} INFO - 2026-07-29 12:33:55,616 | INFO     | tts.edge_tts | Synthesized audio -> /opt/airflow/output/audio/phrase_1279.mp3
[2026-07-29T12:33:56.113+0000] {logging_mixin.py:188} INFO - 2026-07-29 12:33:56,113 | INFO     | tts.edge_tts | Synthesized audio -> /opt/airflow/output/audio/example_1279.mp3
[2026-07-29T12:33:57.385+0000] {logging_mixin.py:188} INFO - 2026-07-29 12:33:57,385 | INFO     | media.image_downloader | Downloaded background image for scene='menu' -> /opt/airflow/output/images/long_1279.jpg
[2026-07-29T12:34:02.509+0000] {logging_mixin.py:188} INFO - 2026-07-29 12:34:02,509 | INFO     | tts.edge_tts | Synthesized audio -> /opt/airflow/output/audio/phrase_1280.mp3
[2026-07-29T12:34:03.034+0000] {logging_mixin.py:188} INFO - 2026-07-29 12:34:03,034 | INFO     | tts.edge_tts | Synthesized audio -> /opt/airflow/output/audio/example_1280.mp3
[2026-07-29T12:34:03.492+0000] {logging_mixin.py:188} INFO - 2026-07-29 12:34:03,492 | INFO     | media.image_downloader | Downloaded background image for scene='phone' -> /opt/airflow/output/images/long_1280.jpg
[2026-07-29T12:34:08.064+0000] {logging_mixin.py:188} INFO - 2026-07-29 12:34:08,063 | INFO     | tts.edge_tts | Synthesized audio -> /opt/airflow/output/audio/phrase_1281.mp3
[2026-07-29T12:34:08.646+0000] {logging_mixin.py:188} INFO - 2026-07-29 12:34:08,646 | INFO     | tts.edge_tts | Synthesized audio -> /opt/airflow/output/audio/example_1281.mp3
[2026-07-29T12:34:09.168+0000] {logging_mixin.py:188} INFO - 2026-07-29 12:34:09,168 | INFO     | media.image_downloader | Downloaded background image for scene='workplace' -> /opt/airflow/output/images/long_1281.jpg
[2026-07-29T12:34:13.381+0000] {logging_mixin.py:188} INFO - 2026-07-29 12:34:13,381 | INFO     | tts.edge_tts | Synthesized audio -> /opt/airflow/output/audio/phrase_1282.mp3
[2026-07-29T12:34:14.423+0000] {logging_mixin.py:188} INFO - 2026-07-29 12:34:14,423 | INFO     | tts.edge_tts | Synthesized audio -> /opt/airflow/output/audio/example_1282.mp3
[2026-07-29T12:34:15.999+0000] {logging_mixin.py:188} INFO - 2026-07-29 12:34:15,999 | INFO     | media.image_downloader | Downloaded background image for scene='coffee' -> /opt/airflow/output/images/long_1282.jpg
[2026-07-29T12:34:20.869+0000] {logging_mixin.py:188} INFO - 2026-07-29 12:34:20,869 | INFO     | tts.edge_tts | Synthesized audio -> /opt/airflow/output/audio/phrase_1283.mp3
[2026-07-29T12:34:21.435+0000] {logging_mixin.py:188} INFO - 2026-07-29 12:34:21,435 | INFO     | tts.edge_tts | Synthesized audio -> /opt/airflow/output/audio/example_1283.mp3
[2026-07-29T12:34:22.164+0000] {logging_mixin.py:188} INFO - 2026-07-29 12:34:22,164 | INFO     | media.image_downloader | Downloaded background image for scene='calendar' -> /opt/airflow/output/images/long_1283.jpg
[2026-07-29T12:34:26.642+0000] {logging_mixin.py:188} INFO - 2026-07-29 12:34:26,641 | INFO     | tts.edge_tts | Synthesized audio -> /opt/airflow/output/audio/phrase_1284.mp3
[2026-07-29T12:34:27.378+0000] {logging_mixin.py:188} INFO - 2026-07-29 12:34:27,378 | INFO     | tts.edge_tts | Synthesized audio -> /opt/airflow/output/audio/example_1284.mp3
[2026-07-29T12:34:28.715+0000] {logging_mixin.py:188} INFO - 2026-07-29 12:34:28,715 | INFO     | media.image_downloader | Downloaded background image for scene='register' -> /opt/airflow/output/images/long_1284.jpg
[2026-07-29T12:34:34.436+0000] {logging_mixin.py:188} INFO - 2026-07-29 12:34:34,436 | INFO     | tts.edge_tts | Synthesized audio -> /opt/airflow/output/audio/phrase_1285.mp3
[2026-07-29T12:34:34.998+0000] {logging_mixin.py:188} INFO - 2026-07-29 12:34:34,998 | INFO     | tts.edge_tts | Synthesized audio -> /opt/airflow/output/audio/example_1285.mp3
[2026-07-29T12:34:36.046+0000] {logging_mixin.py:188} INFO - 2026-07-29 12:34:36,046 | INFO     | media.image_downloader | Downloaded background image for scene='baggage' -> /opt/airflow/output/images/long_1285.jpg
[2026-07-29T12:34:41.068+0000] {logging_mixin.py:188} INFO - 2026-07-29 12:34:41,067 | INFO     | tts.edge_tts | Synthesized audio -> /opt/airflow/output/audio/phrase_1286.mp3
[2026-07-29T12:34:41.625+0000] {logging_mixin.py:188} INFO - 2026-07-29 12:34:41,625 | INFO     | tts.edge_tts | Synthesized audio -> /opt/airflow/output/audio/example_1286.mp3
[2026-07-29T12:34:42.239+0000] {logging_mixin.py:188} INFO - 2026-07-29 12:34:42,238 | INFO     | media.image_downloader | Downloaded background image for scene='cafe' -> /opt/airflow/output/images/long_1286.jpg
[2026-07-29T12:34:48.457+0000] {logging_mixin.py:188} INFO - 2026-07-29 12:34:48,456 | INFO     | tts.edge_tts | Synthesized audio -> /opt/airflow/output/audio/phrase_1288.mp3
[2026-07-29T12:34:48.888+0000] {logging_mixin.py:188} INFO - 2026-07-29 12:34:48,888 | INFO     | tts.edge_tts | Synthesized audio -> /opt/airflow/output/audio/example_1288.mp3
[2026-07-29T12:34:49.344+0000] {logging_mixin.py:188} INFO - 2026-07-29 12:34:49,344 | INFO     | media.image_downloader | Downloaded background image for scene='office' -> /opt/airflow/output/images/long_1288.jpg
[2026-07-29T12:34:54.102+0000] {logging_mixin.py:188} INFO - 2026-07-29 12:34:54,102 | INFO     | tts.edge_tts | Synthesized audio -> /opt/airflow/output/audio/phrase_1289.mp3
[2026-07-29T12:34:54.684+0000] {logging_mixin.py:188} INFO - 2026-07-29 12:34:54,684 | INFO     | tts.edge_tts | Synthesized audio -> /opt/airflow/output/audio/example_1289.mp3
[2026-07-29T12:34:56.117+0000] {logging_mixin.py:188} INFO - 2026-07-29 12:34:56,117 | INFO     | media.image_downloader | Downloaded background image for scene='store' -> /opt/airflow/output/images/long_1289.jpg
[2026-07-29T12:35:00.655+0000] {logging_mixin.py:188} INFO - 2026-07-29 12:35:00,655 | INFO     | tts.edge_tts | Synthesized audio -> /opt/airflow/output/audio/phrase_1290.mp3
[2026-07-29T12:35:01.253+0000] {logging_mixin.py:188} INFO - 2026-07-29 12:35:01,253 | INFO     | tts.edge_tts | Synthesized audio -> /opt/airflow/output/audio/example_1290.mp3
[2026-07-29T12:35:01.665+0000] {logging_mixin.py:188} INFO - 2026-07-29 12:35:01,665 | INFO     | media.image_downloader | Downloaded background image for scene='restaurant' -> /opt/airflow/output/images/long_1290.jpg
[2026-07-29T12:35:07.268+0000] {logging_mixin.py:188} INFO - 2026-07-29 12:35:07,267 | INFO     | tts.edge_tts | Synthesized audio -> /opt/airflow/output/audio/phrase_1291.mp3
[2026-07-29T12:35:07.860+0000] {logging_mixin.py:188} INFO - 2026-07-29 12:35:07,860 | INFO     | tts.edge_tts | Synthesized audio -> /opt/airflow/output/audio/example_1291.mp3
[2026-07-29T12:35:08.292+0000] {logging_mixin.py:188} INFO - 2026-07-29 12:35:08,291 | INFO     | media.image_downloader | Downloaded background image for scene='hotel' -> /opt/airflow/output/images/long_1291.jpg
[2026-07-29T12:35:18.482+0000] {logging_mixin.py:188} INFO - 2026-07-29 12:35:18,469 | INFO     | tts.edge_tts | Synthesized audio -> /opt/airflow/output/audio/phrase_1292.mp3
[2026-07-29T12:35:19.047+0000] {logging_mixin.py:188} INFO - 2026-07-29 12:35:19,047 | INFO     | tts.edge_tts | Synthesized audio -> /opt/airflow/output/audio/example_1292.mp3
[2026-07-29T12:35:19.905+0000] {logging_mixin.py:188} INFO - 2026-07-29 12:35:19,903 | INFO     | media.image_downloader | Downloaded background image for scene='train' -> /opt/airflow/output/images/long_1292.jpg
[2026-07-29T12:35:32.269+0000] {logging_mixin.py:188} INFO - 2026-07-29 12:35:32,262 | WARNING  | video.video_builder | BGM file not found at /opt/airflow/assets/bgm/long_bgm.mp3, rendering without background music
[2026-07-29T12:36:09.695+0000] {logging_mixin.py:188} INFO - 2026-07-29 12:36:09,694 | INFO     | video.video_builder | Final video rendered -> /opt/airflow/output/videos/long_1267.mp4
[2026-07-29T12:36:16.588+0000] {logging_mixin.py:188} INFO - 2026-07-29 12:36:16,587 | INFO     | media.thumbnail_builder | Built thumbnail -> /opt/airflow/output/thumbnails/long_1267.jpg
[2026-07-29T12:36:17.267+0000] {python.py:237} INFO - Done. Returned value was: {'video_id': 146, 'file_path': '/opt/airflow/output/videos/long_1267.mp4', 'thumbnail_path': '/opt/airflow/output/thumbnails/long_1267.jpg', 'title': "Top 20 Spoken English Expressions You Need Every Day | Taky's Language School", 'description': 'Master 20 essential English expressions for daily conversations, travel, work, and dining out! In this practical lesson from Taky\'s Language School, you\'ll learn natural spoken phrases like "Let\'s touch base," "Could you elaborate on that?", "Is this seat taken?", and "What do you recommend?" with real-life example sentences.\n\nTopics covered in this video:\n- Business & Work: touch base, call it a day, hold on a second\n- Travel & Airport: boarding gate, check in, luggage pickup\n- Daily Life & Dining: pay by card, to go, recommendations\n\nImprove your English speaking fluency and confidence today! Subscribe to Taky\'s Language School for more real-world English lessons.', 'tags': ['learn English', 'spoken English', 'English expressions', "Taky's Language School", 'English conversation', 'daily English phrases', 'business English', 'travel English phrases', 'English speaking practice', 'practical English', 'English phrasebook'], 'video_type': 'long'}
[2026-07-29T12:36:17.273+0000] {taskinstance.py:441} INFO - ::group::Post task execution logs
[2026-07-29T12:36:17.364+0000] {taskinstance.py:1206} INFO - Marking task as SUCCESS. dag_id=youtube_english_video_pipeline, task_id=build_long_video_2, run_id=scheduled__2026-07-28T12:00:00+00:00, execution_date=20260728T120000, start_date=20260729T123254, end_date=20260729T123617
[2026-07-29T12:36:17.595+0000] {local_task_job_runner.py:243} INFO - Task exited with return code 0
[2026-07-29T12:36:20.274+0000] {taskinstance.py:3503} INFO - 1 downstream tasks scheduled from follow-on schedule check
[2026-07-29T12:36:20.282+0000] {local_task_job_runner.py:222} INFO - ::endgroup::
