[2026-08-23T00:52:00.062+0000] {local_task_job_runner.py:120} INFO - ::group::Pre task execution logs
[2026-08-23T00:52:00.134+0000] {taskinstance.py:2076} INFO - Dependencies all met for dep_context=non-requeueable deps ti=<TaskInstance: youtube_english_video_pipeline.upload_short_video_3 scheduled__2026-08-21T12:00:00+00:00 [queued]>
[2026-08-23T00:52:00.152+0000] {taskinstance.py:2076} INFO - Dependencies all met for dep_context=requeueable deps ti=<TaskInstance: youtube_english_video_pipeline.upload_short_video_3 scheduled__2026-08-21T12:00:00+00:00 [queued]>
[2026-08-23T00:52:00.154+0000] {taskinstance.py:2306} INFO - Starting attempt 1 of 3
[2026-08-23T00:52:00.177+0000] {taskinstance.py:2330} INFO - Executing <Task(PythonOperator): upload_short_video_3> on 2026-08-21 12:00:00+00:00
[2026-08-23T00:52:00.186+0000] {standard_task_runner.py:64} INFO - Started process 95626 to run task
[2026-08-23T00:52:00.190+0000] {standard_task_runner.py:90} INFO - Running: ['airflow', 'tasks', 'run', 'youtube_english_video_pipeline', 'upload_short_video_3', 'scheduled__2026-08-21T12:00:00+00:00', '--job-id', '912', '--raw', '--subdir', 'DAGS_FOLDER/youtube_pipeline.py', '--cfg-path', '/tmp/tmp7rdgipbg']
[2026-08-23T00:52:00.194+0000] {standard_task_runner.py:91} INFO - Job 912: Subtask upload_short_video_3
[2026-08-23T00:52:00.332+0000] {task_command.py:426} INFO - Running <TaskInstance: youtube_english_video_pipeline.upload_short_video_3 scheduled__2026-08-21T12:00:00+00:00 [running]> on host cc859d74cf38
[2026-08-23T00:52:00.605+0000] {taskinstance.py:2648} INFO - Exporting env vars: AIRFLOW_CTX_DAG_OWNER='taky' AIRFLOW_CTX_DAG_ID='youtube_english_video_pipeline' AIRFLOW_CTX_TASK_ID='upload_short_video_3' AIRFLOW_CTX_EXECUTION_DATE='2026-08-21T12:00:00+00:00' AIRFLOW_CTX_TRY_NUMBER='1' AIRFLOW_CTX_DAG_RUN_ID='scheduled__2026-08-21T12:00:00+00:00'
[2026-08-23T00:52:00.606+0000] {taskinstance.py:430} INFO - ::endgroup::
[2026-08-23T00:52:01.118+0000] {__init__.py:49} INFO - file_cache is only supported with oauth2client<4.0.0
[2026-08-23T00:52:01.132+0000] {logging_mixin.py:188} INFO - 2026-08-23 00:52:01,132 | INFO     | uploader.youtube_uploader | Uploading video 'Daily English Phrase | Small Talk' (/opt/airflow/output/videos/short_2399.mp4) to YouTube...
[2026-08-23T00:52:03.842+0000] {logging_mixin.py:188} INFO - 2026-08-23 00:52:03,842 | INFO     | uploader.youtube_uploader | Upload complete. YouTube video id = 2umbTJuysR0
[2026-08-23T00:52:03.855+0000] {python.py:237} INFO - Done. Returned value was: 2umbTJuysR0
[2026-08-23T00:52:03.857+0000] {taskinstance.py:441} INFO - ::group::Post task execution logs
[2026-08-23T00:52:03.892+0000] {taskinstance.py:1206} INFO - Marking task as SUCCESS. dag_id=youtube_english_video_pipeline, task_id=upload_short_video_3, run_id=scheduled__2026-08-21T12:00:00+00:00, execution_date=20260821T120000, start_date=20260823T005200, end_date=20260823T005203
[2026-08-23T00:52:03.952+0000] {local_task_job_runner.py:243} INFO - Task exited with return code 0
[2026-08-23T00:52:04.002+0000] {taskinstance.py:3503} INFO - 1 downstream tasks scheduled from follow-on schedule check
[2026-08-23T00:52:04.005+0000] {local_task_job_runner.py:222} INFO - ::endgroup::
