[2026-09-05T06:33:43.118+0000] {local_task_job_runner.py:120} INFO - ::group::Pre task execution logs
[2026-09-05T06:33:43.180+0000] {taskinstance.py:2076} INFO - Dependencies all met for dep_context=non-requeueable deps ti=<TaskInstance: youtube_english_video_pipeline.upload_long_video_1 manual__2026-09-05T06:29:37.349254+00:00 [queued]>
[2026-09-05T06:33:43.196+0000] {taskinstance.py:2076} INFO - Dependencies all met for dep_context=requeueable deps ti=<TaskInstance: youtube_english_video_pipeline.upload_long_video_1 manual__2026-09-05T06:29:37.349254+00:00 [queued]>
[2026-09-05T06:33:43.199+0000] {taskinstance.py:2306} INFO - Starting attempt 1 of 3
[2026-09-05T06:33:43.219+0000] {taskinstance.py:2330} INFO - Executing <Task(PythonOperator): upload_long_video_1> on 2026-09-05 06:29:37.349254+00:00
[2026-09-05T06:33:43.228+0000] {standard_task_runner.py:64} INFO - Started process 27059 to run task
[2026-09-05T06:33:43.235+0000] {standard_task_runner.py:90} INFO - Running: ['airflow', 'tasks', 'run', 'youtube_english_video_pipeline', 'upload_long_video_1', 'manual__2026-09-05T06:29:37.349254+00:00', '--job-id', '982', '--raw', '--subdir', 'DAGS_FOLDER/youtube_pipeline.py', '--cfg-path', '/tmp/tmpm78zto8x']
[2026-09-05T06:33:43.239+0000] {standard_task_runner.py:91} INFO - Job 982: Subtask upload_long_video_1
[2026-09-05T06:33:43.332+0000] {task_command.py:426} INFO - Running <TaskInstance: youtube_english_video_pipeline.upload_long_video_1 manual__2026-09-05T06:29:37.349254+00:00 [running]> on host cc859d74cf38
[2026-09-05T06:33:43.639+0000] {taskinstance.py:2648} INFO - Exporting env vars: AIRFLOW_CTX_DAG_OWNER='taky' AIRFLOW_CTX_DAG_ID='youtube_english_video_pipeline' AIRFLOW_CTX_TASK_ID='upload_long_video_1' AIRFLOW_CTX_EXECUTION_DATE='2026-09-05T06:29:37.349254+00:00' AIRFLOW_CTX_TRY_NUMBER='1' AIRFLOW_CTX_DAG_RUN_ID='manual__2026-09-05T06:29:37.349254+00:00'
[2026-09-05T06:33:43.640+0000] {taskinstance.py:430} INFO - ::endgroup::
[2026-09-05T06:33:43.998+0000] {__init__.py:49} INFO - file_cache is only supported with oauth2client<4.0.0
[2026-09-05T06:33:44.007+0000] {logging_mixin.py:188} INFO - 2026-09-05 06:33:44,007 | INFO     | uploader.youtube_uploader | Uploading video '20 Daily English Expressions | Mixed English Expressions' (/opt/airflow/output/videos/long_2558.mp4) to YouTube...
[2026-09-05T06:33:48.854+0000] {logging_mixin.py:188} INFO - 2026-09-05 06:33:48,853 | INFO     | uploader.youtube_uploader | Upload complete. YouTube video id = PduZ52-lNsI
[2026-09-05T06:33:53.259+0000] {logging_mixin.py:188} INFO - 2026-09-05 06:33:53,259 | INFO     | uploader.youtube_uploader | Custom thumbnail uploaded.
[2026-09-05T06:33:53.277+0000] {python.py:237} INFO - Done. Returned value was: PduZ52-lNsI
[2026-09-05T06:33:53.278+0000] {taskinstance.py:441} INFO - ::group::Post task execution logs
[2026-09-05T06:33:53.294+0000] {taskinstance.py:1206} INFO - Marking task as SUCCESS. dag_id=youtube_english_video_pipeline, task_id=upload_long_video_1, run_id=manual__2026-09-05T06:29:37.349254+00:00, execution_date=20260905T062937, start_date=20260905T063343, end_date=20260905T063353
[2026-09-05T06:33:53.326+0000] {local_task_job_runner.py:243} INFO - Task exited with return code 0
[2026-09-05T06:33:53.452+0000] {taskinstance.py:3503} INFO - 1 downstream tasks scheduled from follow-on schedule check
[2026-09-05T06:33:53.455+0000] {local_task_job_runner.py:222} INFO - ::endgroup::
