[2026-07-24T00:55:53.080+0000] {local_task_job_runner.py:120} INFO - ::group::Pre task execution logs
[2026-07-24T00:55:53.346+0000] {taskinstance.py:2076} INFO - Dependencies all met for dep_context=non-requeueable deps ti=<TaskInstance: youtube_english_video_pipeline.upload_long_video manual__2026-07-24T00:16:16.192686+00:00 [queued]>
[2026-07-24T00:55:53.362+0000] {taskinstance.py:2076} INFO - Dependencies all met for dep_context=requeueable deps ti=<TaskInstance: youtube_english_video_pipeline.upload_long_video manual__2026-07-24T00:16:16.192686+00:00 [queued]>
[2026-07-24T00:55:53.362+0000] {taskinstance.py:2306} INFO - Starting attempt 1 of 3
[2026-07-24T00:55:53.380+0000] {taskinstance.py:2330} INFO - Executing <Task(PythonOperator): upload_long_video> on 2026-07-24 00:16:16.192686+00:00
[2026-07-24T00:55:53.390+0000] {standard_task_runner.py:64} INFO - Started process 3658 to run task
[2026-07-24T00:55:53.395+0000] {standard_task_runner.py:90} INFO - Running: ['airflow', 'tasks', 'run', 'youtube_english_video_pipeline', 'upload_long_video', 'manual__2026-07-24T00:16:16.192686+00:00', '--job-id', '83', '--raw', '--subdir', 'DAGS_FOLDER/youtube_pipeline.py', '--cfg-path', '/tmp/tmp9tm8phsb']
[2026-07-24T00:55:53.399+0000] {standard_task_runner.py:91} INFO - Job 83: Subtask upload_long_video
[2026-07-24T00:55:53.463+0000] {task_command.py:426} INFO - Running <TaskInstance: youtube_english_video_pipeline.upload_long_video manual__2026-07-24T00:16:16.192686+00:00 [running]> on host c5a4498ba4b2
[2026-07-24T00:55:53.811+0000] {taskinstance.py:2648} INFO - Exporting env vars: AIRFLOW_CTX_DAG_OWNER='taky' AIRFLOW_CTX_DAG_ID='youtube_english_video_pipeline' AIRFLOW_CTX_TASK_ID='upload_long_video' AIRFLOW_CTX_EXECUTION_DATE='2026-07-24T00:16:16.192686+00:00' AIRFLOW_CTX_TRY_NUMBER='1' AIRFLOW_CTX_DAG_RUN_ID='manual__2026-07-24T00:16:16.192686+00:00'
[2026-07-24T00:55:54.009+0000] {taskinstance.py:430} INFO - ::endgroup::
[2026-07-24T00:56:11.974+0000] {__init__.py:49} INFO - file_cache is only supported with oauth2client<4.0.0
[2026-07-24T00:56:12.063+0000] {logging_mixin.py:188} INFO - 2026-07-24 00:56:12,063 | INFO     | uploader.youtube_uploader | Uploading video '15 Essential Daily English Phrases for Natural Conversations' (/opt/airflow/output/videos/long_125.mp4) to YouTube...
[2026-07-24T00:57:50.600+0000] {logging_mixin.py:188} INFO - 2026-07-24 00:57:50,599 | INFO     | uploader.youtube_uploader | Upload complete. YouTube video id = okmL6lXanpU
[2026-07-24T00:57:54.261+0000] {logging_mixin.py:188} INFO - 2026-07-24 00:57:54,261 | INFO     | uploader.youtube_uploader | Custom thumbnail uploaded.
[2026-07-24T00:57:54.298+0000] {python.py:237} INFO - Done. Returned value was: okmL6lXanpU
[2026-07-24T00:57:54.299+0000] {taskinstance.py:441} INFO - ::group::Post task execution logs
[2026-07-24T00:57:54.330+0000] {taskinstance.py:1206} INFO - Marking task as SUCCESS. dag_id=youtube_english_video_pipeline, task_id=upload_long_video, run_id=manual__2026-07-24T00:16:16.192686+00:00, execution_date=20260724T001616, start_date=20260724T005553, end_date=20260724T005754
[2026-07-24T00:57:54.383+0000] {local_task_job_runner.py:243} INFO - Task exited with return code 0
[2026-07-24T00:57:54.395+0000] {taskinstance.py:3503} INFO - 0 downstream tasks scheduled from follow-on schedule check
[2026-07-24T00:57:54.398+0000] {local_task_job_runner.py:222} INFO - ::endgroup::
