[2026-09-20T12:15:41.780+0000] {local_task_job_runner.py:120} INFO - ::group::Pre task execution logs
[2026-09-20T12:15:41.803+0000] {taskinstance.py:2076} INFO - Dependencies all met for dep_context=non-requeueable deps ti=<TaskInstance: youtube_english_video_pipeline.build_long_video_7 scheduled__2026-09-19T12:00:00+00:00 [queued]>
[2026-09-20T12:15:41.809+0000] {taskinstance.py:2076} INFO - Dependencies all met for dep_context=requeueable deps ti=<TaskInstance: youtube_english_video_pipeline.build_long_video_7 scheduled__2026-09-19T12:00:00+00:00 [queued]>
[2026-09-20T12:15:41.810+0000] {taskinstance.py:2306} INFO - Starting attempt 1 of 3
[2026-09-20T12:15:41.818+0000] {taskinstance.py:2330} INFO - Executing <Task(PythonOperator): build_long_video_7> on 2026-09-19 12:00:00+00:00
[2026-09-20T12:15:41.822+0000] {standard_task_runner.py:64} INFO - Started process 85790 to run task
[2026-09-20T12:15:41.824+0000] {standard_task_runner.py:90} INFO - Running: ['airflow', 'tasks', 'run', 'youtube_english_video_pipeline', 'build_long_video_7', 'scheduled__2026-09-19T12:00:00+00:00', '--job-id', '1395', '--raw', '--subdir', 'DAGS_FOLDER/youtube_pipeline.py', '--cfg-path', '/tmp/tmp6mz_pqy8']
[2026-09-20T12:15:41.826+0000] {standard_task_runner.py:91} INFO - Job 1395: Subtask build_long_video_7
[2026-09-20T12:15:41.863+0000] {task_command.py:426} INFO - Running <TaskInstance: youtube_english_video_pipeline.build_long_video_7 scheduled__2026-09-19T12:00:00+00:00 [running]> on host 73b18333cdfe
[2026-09-20T12:15:42.064+0000] {taskinstance.py:2648} INFO - Exporting env vars: AIRFLOW_CTX_DAG_OWNER='taky' AIRFLOW_CTX_DAG_ID='youtube_english_video_pipeline' AIRFLOW_CTX_TASK_ID='build_long_video_7' AIRFLOW_CTX_EXECUTION_DATE='2026-09-19T12:00:00+00:00' AIRFLOW_CTX_TRY_NUMBER='1' AIRFLOW_CTX_DAG_RUN_ID='scheduled__2026-09-19T12:00:00+00:00'
[2026-09-20T12:15:42.065+0000] {taskinstance.py:430} INFO - ::endgroup::
[2026-09-20T12:15:42.379+0000] {logging_mixin.py:188} INFO - 2026-09-20 12:15:42,379 | INFO     | planner.video_planner | Planned LONG video: topic='Shopping English', phrases=20
[2026-09-20T12:15:42.638+0000] {logging_mixin.py:188} INFO - 2026-09-20 12:15:42,638 | INFO     | tts.edge_tts | Synthesized audio -> /opt/airflow/output/audio/phrase_3421.mp3
[2026-09-20T12:15:42.954+0000] {logging_mixin.py:188} INFO - 2026-09-20 12:15:42,954 | INFO     | tts.edge_tts | Synthesized audio -> /opt/airflow/output/audio/example_3421.mp3
[2026-09-20T12:15:43.472+0000] {logging_mixin.py:188} INFO - 2026-09-20 12:15:43,472 | INFO     | media.image_downloader | Downloaded background image for scene='store' -> /opt/airflow/output/images/long_3421.jpg
[2026-09-20T12:15:47.022+0000] {logging_mixin.py:188} INFO - 2026-09-20 12:15:47,022 | INFO     | tts.edge_tts | Synthesized audio -> /opt/airflow/output/audio/phrase_3425.mp3
[2026-09-20T12:15:47.215+0000] {logging_mixin.py:188} INFO - 2026-09-20 12:15:47,215 | INFO     | tts.edge_tts | Synthesized audio -> /opt/airflow/output/audio/example_3425.mp3
[2026-09-20T12:15:47.717+0000] {logging_mixin.py:188} INFO - 2026-09-20 12:15:47,717 | INFO     | media.image_downloader | Downloaded background image for scene='shopping' -> /opt/airflow/output/images/long_3425.jpg
[2026-09-20T12:15:50.992+0000] {logging_mixin.py:188} INFO - 2026-09-20 12:15:50,992 | INFO     | tts.edge_tts | Synthesized audio -> /opt/airflow/output/audio/phrase_3350.mp3
[2026-09-20T12:15:51.195+0000] {logging_mixin.py:188} INFO - 2026-09-20 12:15:51,195 | INFO     | tts.edge_tts | Synthesized audio -> /opt/airflow/output/audio/example_3350.mp3
[2026-09-20T12:15:51.630+0000] {logging_mixin.py:188} INFO - 2026-09-20 12:15:51,630 | INFO     | media.image_downloader | Downloaded background image for scene='shopping' -> /opt/airflow/output/images/long_3350.jpg
[2026-09-20T12:15:54.723+0000] {logging_mixin.py:188} INFO - 2026-09-20 12:15:54,723 | INFO     | tts.edge_tts | Synthesized audio -> /opt/airflow/output/audio/phrase_3356.mp3
[2026-09-20T12:15:55.069+0000] {logging_mixin.py:188} INFO - 2026-09-20 12:15:55,069 | INFO     | tts.edge_tts | Synthesized audio -> /opt/airflow/output/audio/example_3356.mp3
[2026-09-20T12:15:55.542+0000] {logging_mixin.py:188} INFO - 2026-09-20 12:15:55,542 | INFO     | media.image_downloader | Downloaded background image for scene='shopping' -> /opt/airflow/output/images/long_3356.jpg
[2026-09-20T12:15:59.652+0000] {logging_mixin.py:188} INFO - 2026-09-20 12:15:59,651 | INFO     | tts.edge_tts | Synthesized audio -> /opt/airflow/output/audio/phrase_3434.mp3
[2026-09-20T12:16:00.005+0000] {logging_mixin.py:188} INFO - 2026-09-20 12:16:00,005 | INFO     | tts.edge_tts | Synthesized audio -> /opt/airflow/output/audio/example_3434.mp3
[2026-09-20T12:16:00.441+0000] {logging_mixin.py:188} INFO - 2026-09-20 12:16:00,441 | INFO     | media.image_downloader | Downloaded background image for scene='shopping' -> /opt/airflow/output/images/long_3434.jpg
[2026-09-20T12:16:03.972+0000] {logging_mixin.py:188} INFO - 2026-09-20 12:16:03,972 | INFO     | tts.edge_tts | Synthesized audio -> /opt/airflow/output/audio/phrase_3435.mp3
[2026-09-20T12:16:04.293+0000] {logging_mixin.py:188} INFO - 2026-09-20 12:16:04,293 | INFO     | tts.edge_tts | Synthesized audio -> /opt/airflow/output/audio/example_3435.mp3
[2026-09-20T12:16:04.717+0000] {logging_mixin.py:188} INFO - 2026-09-20 12:16:04,716 | INFO     | media.image_downloader | Downloaded background image for scene='shopping' -> /opt/airflow/output/images/long_3435.jpg
[2026-09-20T12:16:08.431+0000] {logging_mixin.py:188} INFO - 2026-09-20 12:16:08,431 | INFO     | tts.edge_tts | Synthesized audio -> /opt/airflow/output/audio/phrase_3446.mp3
[2026-09-20T12:16:08.812+0000] {logging_mixin.py:188} INFO - 2026-09-20 12:16:08,812 | INFO     | tts.edge_tts | Synthesized audio -> /opt/airflow/output/audio/example_3446.mp3
[2026-09-20T12:16:09.234+0000] {logging_mixin.py:188} INFO - 2026-09-20 12:16:09,234 | INFO     | media.image_downloader | Downloaded background image for scene='shop' -> /opt/airflow/output/images/long_3446.jpg
[2026-09-20T12:16:12.406+0000] {logging_mixin.py:188} INFO - 2026-09-20 12:16:12,406 | INFO     | tts.edge_tts | Synthesized audio -> /opt/airflow/output/audio/phrase_3420.mp3
[2026-09-20T12:16:12.791+0000] {logging_mixin.py:188} INFO - 2026-09-20 12:16:12,791 | INFO     | tts.edge_tts | Synthesized audio -> /opt/airflow/output/audio/example_3420.mp3
[2026-09-20T12:16:13.206+0000] {logging_mixin.py:188} INFO - 2026-09-20 12:16:13,206 | INFO     | media.image_downloader | Downloaded background image for scene='store' -> /opt/airflow/output/images/long_3420.jpg
[2026-09-20T12:16:16.242+0000] {logging_mixin.py:188} INFO - 2026-09-20 12:16:16,242 | INFO     | tts.edge_tts | Synthesized audio -> /opt/airflow/output/audio/phrase_3514.mp3
[2026-09-20T12:16:16.605+0000] {logging_mixin.py:188} INFO - 2026-09-20 12:16:16,605 | INFO     | tts.edge_tts | Synthesized audio -> /opt/airflow/output/audio/example_3514.mp3
[2026-09-20T12:16:17.039+0000] {logging_mixin.py:188} INFO - 2026-09-20 12:16:17,039 | INFO     | media.image_downloader | Downloaded background image for scene='shopping' -> /opt/airflow/output/images/long_3514.jpg
[2026-09-20T12:16:20.815+0000] {logging_mixin.py:188} INFO - 2026-09-20 12:16:20,815 | INFO     | tts.edge_tts | Synthesized audio -> /opt/airflow/output/audio/phrase_3517.mp3
[2026-09-20T12:16:21.033+0000] {logging_mixin.py:188} INFO - 2026-09-20 12:16:21,033 | INFO     | tts.edge_tts | Synthesized audio -> /opt/airflow/output/audio/example_3517.mp3
[2026-09-20T12:16:21.566+0000] {logging_mixin.py:188} INFO - 2026-09-20 12:16:21,566 | INFO     | media.image_downloader | Downloaded background image for scene='payment' -> /opt/airflow/output/images/long_3517.jpg
[2026-09-20T12:16:24.820+0000] {logging_mixin.py:188} INFO - 2026-09-20 12:16:24,820 | INFO     | tts.edge_tts | Synthesized audio -> /opt/airflow/output/audio/phrase_3525.mp3
[2026-09-20T12:16:25.080+0000] {logging_mixin.py:188} INFO - 2026-09-20 12:16:25,080 | INFO     | tts.edge_tts | Synthesized audio -> /opt/airflow/output/audio/example_3525.mp3
[2026-09-20T12:16:25.541+0000] {logging_mixin.py:188} INFO - 2026-09-20 12:16:25,541 | INFO     | media.image_downloader | Downloaded background image for scene='shopping' -> /opt/airflow/output/images/long_3525.jpg
[2026-09-20T12:16:29.880+0000] {logging_mixin.py:188} INFO - 2026-09-20 12:16:29,880 | INFO     | tts.edge_tts | Synthesized audio -> /opt/airflow/output/audio/phrase_3530.mp3
[2026-09-20T12:16:30.189+0000] {logging_mixin.py:188} INFO - 2026-09-20 12:16:30,189 | INFO     | tts.edge_tts | Synthesized audio -> /opt/airflow/output/audio/example_3530.mp3
[2026-09-20T12:16:30.625+0000] {logging_mixin.py:188} INFO - 2026-09-20 12:16:30,625 | INFO     | media.image_downloader | Downloaded background image for scene='store' -> /opt/airflow/output/images/long_3530.jpg
[2026-09-20T12:16:33.724+0000] {logging_mixin.py:188} INFO - 2026-09-20 12:16:33,724 | INFO     | tts.edge_tts | Synthesized audio -> /opt/airflow/output/audio/phrase_3532.mp3
[2026-09-20T12:16:34.016+0000] {logging_mixin.py:188} INFO - 2026-09-20 12:16:34,015 | INFO     | tts.edge_tts | Synthesized audio -> /opt/airflow/output/audio/example_3532.mp3
[2026-09-20T12:16:34.632+0000] {logging_mixin.py:188} INFO - 2026-09-20 12:16:34,632 | INFO     | media.image_downloader | Downloaded background image for scene='clothing' -> /opt/airflow/output/images/long_3532.jpg
[2026-09-20T12:16:37.482+0000] {logging_mixin.py:188} INFO - 2026-09-20 12:16:37,482 | INFO     | tts.edge_tts | Synthesized audio -> /opt/airflow/output/audio/phrase_3450.mp3
[2026-09-20T12:16:37.931+0000] {logging_mixin.py:188} INFO - 2026-09-20 12:16:37,931 | INFO     | tts.edge_tts | Synthesized audio -> /opt/airflow/output/audio/example_3450.mp3
[2026-09-20T12:16:38.424+0000] {logging_mixin.py:188} INFO - 2026-09-20 12:16:38,424 | INFO     | media.image_downloader | Downloaded background image for scene='shopping' -> /opt/airflow/output/images/long_3450.jpg
[2026-09-20T12:16:42.440+0000] {logging_mixin.py:188} INFO - 2026-09-20 12:16:42,440 | INFO     | tts.edge_tts | Synthesized audio -> /opt/airflow/output/audio/phrase_3543.mp3
[2026-09-20T12:16:42.780+0000] {logging_mixin.py:188} INFO - 2026-09-20 12:16:42,780 | INFO     | tts.edge_tts | Synthesized audio -> /opt/airflow/output/audio/example_3543.mp3
[2026-09-20T12:16:43.232+0000] {logging_mixin.py:188} INFO - 2026-09-20 12:16:43,232 | INFO     | media.image_downloader | Downloaded background image for scene='store' -> /opt/airflow/output/images/long_3543.jpg
[2026-09-20T12:16:46.503+0000] {logging_mixin.py:188} INFO - 2026-09-20 12:16:46,503 | INFO     | tts.edge_tts | Synthesized audio -> /opt/airflow/output/audio/phrase_3544.mp3
[2026-09-20T12:16:46.869+0000] {logging_mixin.py:188} INFO - 2026-09-20 12:16:46,869 | INFO     | tts.edge_tts | Synthesized audio -> /opt/airflow/output/audio/example_3544.mp3
[2026-09-20T12:16:47.395+0000] {logging_mixin.py:188} INFO - 2026-09-20 12:16:47,395 | INFO     | media.image_downloader | Downloaded background image for scene='department store' -> /opt/airflow/output/images/long_3544.jpg
[2026-09-20T12:16:50.948+0000] {logging_mixin.py:188} INFO - 2026-09-20 12:16:50,948 | INFO     | tts.edge_tts | Synthesized audio -> /opt/airflow/output/audio/phrase_3548.mp3
[2026-09-20T12:16:51.273+0000] {logging_mixin.py:188} INFO - 2026-09-20 12:16:51,273 | INFO     | tts.edge_tts | Synthesized audio -> /opt/airflow/output/audio/example_3548.mp3
[2026-09-20T12:16:51.724+0000] {logging_mixin.py:188} INFO - 2026-09-20 12:16:51,723 | INFO     | media.image_downloader | Downloaded background image for scene='store' -> /opt/airflow/output/images/long_3548.jpg
[2026-09-20T12:16:54.924+0000] {logging_mixin.py:188} INFO - 2026-09-20 12:16:54,924 | INFO     | tts.edge_tts | Synthesized audio -> /opt/airflow/output/audio/phrase_3457.mp3
[2026-09-20T12:16:55.109+0000] {logging_mixin.py:188} INFO - 2026-09-20 12:16:55,109 | INFO     | tts.edge_tts | Synthesized audio -> /opt/airflow/output/audio/example_3457.mp3
[2026-09-20T12:16:55.612+0000] {logging_mixin.py:188} INFO - 2026-09-20 12:16:55,612 | INFO     | media.image_downloader | Downloaded background image for scene='shopping' -> /opt/airflow/output/images/long_3457.jpg
[2026-09-20T12:16:59.816+0000] {logging_mixin.py:188} INFO - 2026-09-20 12:16:59,816 | INFO     | tts.edge_tts | Synthesized audio -> /opt/airflow/output/audio/phrase_3470.mp3
[2026-09-20T12:17:00.102+0000] {logging_mixin.py:188} INFO - 2026-09-20 12:17:00,102 | INFO     | tts.edge_tts | Synthesized audio -> /opt/airflow/output/audio/example_3470.mp3
[2026-09-20T12:17:00.681+0000] {logging_mixin.py:188} INFO - 2026-09-20 12:17:00,681 | INFO     | media.image_downloader | Downloaded background image for scene='shopping' -> /opt/airflow/output/images/long_3470.jpg
[2026-09-20T12:17:04.177+0000] {logging_mixin.py:188} INFO - 2026-09-20 12:17:04,177 | INFO     | tts.edge_tts | Synthesized audio -> /opt/airflow/output/audio/phrase_3480.mp3
[2026-09-20T12:17:04.476+0000] {logging_mixin.py:188} INFO - 2026-09-20 12:17:04,476 | INFO     | tts.edge_tts | Synthesized audio -> /opt/airflow/output/audio/example_3480.mp3
[2026-09-20T12:17:04.902+0000] {logging_mixin.py:188} INFO - 2026-09-20 12:17:04,902 | INFO     | media.image_downloader | Downloaded background image for scene='shopping' -> /opt/airflow/output/images/long_3480.jpg
[2026-09-20T12:17:09.962+0000] {logging_mixin.py:188} INFO - 2026-09-20 12:17:09,961 | WARNING  | video.video_builder | BGM file not found at /opt/airflow/assets/bgm/long_bgm.mp3, rendering without background music
[2026-09-20T12:17:40.531+0000] {logging_mixin.py:188} INFO - 2026-09-20 12:17:40,531 | INFO     | video.video_builder | Final video rendered -> /opt/airflow/output/videos/long_3421.mp4
[2026-09-20T12:17:44.677+0000] {logging_mixin.py:188} INFO - 2026-09-20 12:17:44,676 | INFO     | media.thumbnail_builder | Built thumbnail -> /opt/airflow/output/thumbnails/long_3421.jpg
[2026-09-20T12:17:44.795+0000] {python.py:237} INFO - Done. Returned value was: {'video_id': 427, 'file_path': '/opt/airflow/output/videos/long_3421.mp4', 'thumbnail_path': '/opt/airflow/output/thumbnails/long_3421.jpg', 'title': 'Shopping in English: 20 Essential Phrases for Your Next Trip', 'description': "Master the art of shopping in English! In this video, Taky’s Language School covers 20 essential phrases you need to communicate confidently at stores, boutiques, and markets. From asking for different sizes and checking prices to requesting a receipt or navigating payment methods, these practical expressions will help you handle any shopping situation with ease. Whether you are browsing, looking for a specific item, or ready to make a purchase, these real-life examples will improve your speaking skills instantly. Perfect for travelers and English learners looking to practice natural, conversational English. Don't forget to like, subscribe, and hit the notification bell for more English-learning tips from Taky’s Language School!", 'tags': ['English learning', 'shopping English', 'English speaking practice', 'learn English', 'English phrases', 'ESL', 'business English', 'conversational English', "Taky's Language School", 'English for travelers'], 'video_type': 'long'}
[2026-09-20T12:17:44.796+0000] {taskinstance.py:441} INFO - ::group::Post task execution logs
[2026-09-20T12:17:44.813+0000] {taskinstance.py:1206} INFO - Marking task as SUCCESS. dag_id=youtube_english_video_pipeline, task_id=build_long_video_7, run_id=scheduled__2026-09-19T12:00:00+00:00, execution_date=20260919T120000, start_date=20260920T121541, end_date=20260920T121744
[2026-09-20T12:17:44.849+0000] {local_task_job_runner.py:243} INFO - Task exited with return code 0
[2026-09-20T12:17:44.984+0000] {taskinstance.py:3503} INFO - 1 downstream tasks scheduled from follow-on schedule check
[2026-09-20T12:17:44.991+0000] {local_task_job_runner.py:222} INFO - ::endgroup::
