[2026-07-24T00:16:38.311+0000] {local_task_job_runner.py:120} INFO - ::group::Pre task execution logs
[2026-07-24T00:16:38.450+0000] {taskinstance.py:2076} INFO - Dependencies all met for dep_context=non-requeueable deps ti=<TaskInstance: youtube_english_video_pipeline.build_short_video manual__2026-07-24T00:16:16.192686+00:00 [queued]>
[2026-07-24T00:16:38.481+0000] {taskinstance.py:2076} INFO - Dependencies all met for dep_context=requeueable deps ti=<TaskInstance: youtube_english_video_pipeline.build_short_video manual__2026-07-24T00:16:16.192686+00:00 [queued]>
[2026-07-24T00:16:38.516+0000] {taskinstance.py:2306} INFO - Starting attempt 1 of 3
[2026-07-24T00:16:38.635+0000] {taskinstance.py:2330} INFO - Executing <Task(PythonOperator): build_short_video> on 2026-07-24 00:16:16.192686+00:00
[2026-07-24T00:16:38.682+0000] {standard_task_runner.py:64} INFO - Started process 221 to run task
[2026-07-24T00:16:38.686+0000] {standard_task_runner.py:90} INFO - Running: ['airflow', 'tasks', 'run', 'youtube_english_video_pipeline', 'build_short_video', 'manual__2026-07-24T00:16:16.192686+00:00', '--job-id', '79', '--raw', '--subdir', 'DAGS_FOLDER/youtube_pipeline.py', '--cfg-path', '/tmp/tmpa_c5leyb']
[2026-07-24T00:16:38.770+0000] {standard_task_runner.py:91} INFO - Job 79: Subtask build_short_video
[2026-07-24T00:16:39.630+0000] {task_command.py:426} INFO - Running <TaskInstance: youtube_english_video_pipeline.build_short_video manual__2026-07-24T00:16:16.192686+00:00 [running]> on host c5a4498ba4b2
[2026-07-24T00:16:40.049+0000] {taskinstance.py:2648} INFO - Exporting env vars: AIRFLOW_CTX_DAG_OWNER='taky' AIRFLOW_CTX_DAG_ID='youtube_english_video_pipeline' AIRFLOW_CTX_TASK_ID='build_short_video' AIRFLOW_CTX_EXECUTION_DATE='2026-07-24T00:16:16.192686+00:00' AIRFLOW_CTX_TRY_NUMBER='1' AIRFLOW_CTX_DAG_RUN_ID='manual__2026-07-24T00:16:16.192686+00:00'
[2026-07-24T00:16:40.087+0000] {taskinstance.py:430} INFO - ::endgroup::
[2026-07-24T00:16:56.108+0000] {logging_mixin.py:188} INFO - 2026-07-24 00:16:56,108 | INFO     | planner.video_planner | Planned SHORT video: topic='Hotel English', phrases=1
[2026-07-24T00:17:00.502+0000] {logging_mixin.py:188} INFO - 2026-07-24 00:17:00,502 | INFO     | tts.edge_tts | Synthesized audio -> /opt/airflow/output/audio/phrase_65.mp3
[2026-07-24T00:17:02.477+0000] {logging_mixin.py:188} INFO - 2026-07-24 00:17:02,477 | INFO     | tts.edge_tts | Synthesized audio -> /opt/airflow/output/audio/example_65.mp3
[2026-07-24T00:17:04.709+0000] {logging_mixin.py:188} INFO - 2026-07-24 00:17:04,709 | INFO     | media.image_downloader | Downloaded background image for scene='hotel' -> /opt/airflow/output/images/short_65.jpg
[2026-07-24T00:17:04.842+0000] {logging_mixin.py:188} INFO - 2026-07-24 00:17:04,841 | INFO     | video.video_builder | Running ffmpeg: ffmpeg -y -i /opt/airflow/output/audio/phrase_65.mp3 -i /opt/airflow/output/audio/example_65.mp3 -filter_complex [0:a]apad=pad_dur=0.4[a0];[a0][1:a]concat=n=2:v=0:a=1[aout] -map [aout] /opt/airflow/output/videos/_tmp/short_65_raw.audio.mp3
[2026-07-24T00:17:07.214+0000] {logging_mixin.py:188} INFO - 2026-07-24 00:17:07,213 | INFO     | video.video_builder | Running ffmpeg: ffmpeg -y -loop 1 -i /opt/airflow/output/images/short_65.jpg -i /opt/airflow/output/videos/_tmp/short_65_raw.audio.mp3 -vf scale=1080:1920:force_original_aspect_ratio=increase,crop=1080:1920,drawtext=fontfile='/opt/airflow/assets/fonts/NotoSansJP-Bold.ttf':text='Is breakfast\nincluded in the room\nrate?':fontcolor=FFFFFF:fontsize=88:x=(w-text_w)/2:y=(h*0.16):line_spacing=12:box=1:boxcolor=black@0.45:boxborderw=20,drawtext=fontfile='/opt/airflow/assets/fonts/NotoSansJP-Bold.ttf':text='I would like to book a\ndouble room. Is\nbreakfast included in\nthe room rate?':fontcolor=FFD54A:fontsize=79:x=(w-text_w)/2:y=(h-text_h)/2+((h*0.15)):line_spacing=16:box=1:boxcolor=black@0.55:boxborderw=24 -c:v libx264 -preset slow -crf 18 -tune stillimage -pix_fmt yuv420p -c:a aac -b:a 192k -shortest -r 30 /opt/airflow/output/videos/_tmp/short_65_raw.mp4
[2026-07-24T00:18:34.383+0000] {logging_mixin.py:188} INFO - 2026-07-24 00:18:34,379 | WARNING  | video.video_builder | BGM file not found at /opt/airflow/assets/bgm/short_bgm.mp3, rendering without background music
[2026-07-24T00:18:34.627+0000] {logging_mixin.py:188} INFO - 2026-07-24 00:18:34,627 | INFO     | video.video_builder | Running ffmpeg: ffmpeg -y -i /opt/airflow/output/videos/_tmp/short_65_raw.mp4 -c:v libx264 -preset slow -crf 18 -pix_fmt yuv420p -c:a aac -b:a 192k /opt/airflow/output/videos/short_65.mp4
[2026-07-24T00:18:42.916+0000] {logging_mixin.py:188} INFO - 2026-07-24 00:18:42,916 | INFO     | video.video_builder | Final video rendered -> /opt/airflow/output/videos/short_65.mp4
[2026-07-24T00:18:49.368+0000] {python.py:237} INFO - Done. Returned value was: {'video_id': 15, 'file_path': '/opt/airflow/output/videos/short_65.mp4', 'title': 'How to Ask About Breakfast at a Hotel 🏨 | Hotel English #Shorts', 'description': 'Planning your next trip? Learn essential Hotel English with Taky\'s Language School! 🏨✈️\n\nWhen booking a room, use this practical English phrase to ask about breakfast:\n\n💬 "I would like to book a double room. Is breakfast included in the room rate?"\n\nMaster real-world spoken English for travel! Subscribe to Taky\'s Language School for quick, daily English phrases, travel vocabulary, and speaking practice.\n\n#HotelEnglish #TravelEnglish #LearnEnglish #EnglishPhrases #Shorts', 'tags': ['hotel english', 'travel english', 'learn english', 'spoken english', 'is breakfast included in the room rate', 'hotel vocabulary', 'english phrases for travel', "taky's language school", 'english conversation', 'english shorts'], 'video_type': 'short'}
[2026-07-24T00:18:49.372+0000] {taskinstance.py:441} INFO - ::group::Post task execution logs
[2026-07-24T00:18:49.430+0000] {taskinstance.py:1206} INFO - Marking task as SUCCESS. dag_id=youtube_english_video_pipeline, task_id=build_short_video, run_id=manual__2026-07-24T00:16:16.192686+00:00, execution_date=20260724T001616, start_date=20260724T001638, end_date=20260724T001849
[2026-07-24T00:18:49.633+0000] {local_task_job_runner.py:243} INFO - Task exited with return code 0
[2026-07-24T00:18:49.727+0000] {taskinstance.py:3503} INFO - 1 downstream tasks scheduled from follow-on schedule check
[2026-07-24T00:18:49.806+0000] {local_task_job_runner.py:222} INFO - ::endgroup::
