[2026-08-22T07:07:40.440+0000] {local_task_job_runner.py:120} INFO - ::group::Pre task execution logs
[2026-08-22T07:07:40.489+0000] {taskinstance.py:2076} INFO - Dependencies all met for dep_context=non-requeueable deps ti=<TaskInstance: youtube_english_video_pipeline.build_short_video_1 scheduled__2026-08-20T12:00:00+00:00 [queued]>
[2026-08-22T07:07:40.502+0000] {taskinstance.py:2076} INFO - Dependencies all met for dep_context=requeueable deps ti=<TaskInstance: youtube_english_video_pipeline.build_short_video_1 scheduled__2026-08-20T12:00:00+00:00 [queued]>
[2026-08-22T07:07:40.504+0000] {taskinstance.py:2306} INFO - Starting attempt 1 of 3
[2026-08-22T07:07:40.520+0000] {taskinstance.py:2330} INFO - Executing <Task(PythonOperator): build_short_video_1> on 2026-08-20 12:00:00+00:00
[2026-08-22T07:07:40.526+0000] {standard_task_runner.py:64} INFO - Started process 70979 to run task
[2026-08-22T07:07:40.531+0000] {standard_task_runner.py:90} INFO - Running: ['airflow', 'tasks', 'run', 'youtube_english_video_pipeline', 'build_short_video_1', 'scheduled__2026-08-20T12:00:00+00:00', '--job-id', '870', '--raw', '--subdir', 'DAGS_FOLDER/youtube_pipeline.py', '--cfg-path', '/tmp/tmpfoa6alrw']
[2026-08-22T07:07:40.534+0000] {standard_task_runner.py:91} INFO - Job 870: Subtask build_short_video_1
[2026-08-22T07:07:40.617+0000] {task_command.py:426} INFO - Running <TaskInstance: youtube_english_video_pipeline.build_short_video_1 scheduled__2026-08-20T12:00:00+00:00 [running]> on host cc859d74cf38
[2026-08-22T07:07:40.884+0000] {taskinstance.py:2648} INFO - Exporting env vars: AIRFLOW_CTX_DAG_OWNER='taky' AIRFLOW_CTX_DAG_ID='youtube_english_video_pipeline' AIRFLOW_CTX_TASK_ID='build_short_video_1' AIRFLOW_CTX_EXECUTION_DATE='2026-08-20T12:00:00+00:00' AIRFLOW_CTX_TRY_NUMBER='1' AIRFLOW_CTX_DAG_RUN_ID='scheduled__2026-08-20T12:00:00+00:00'
[2026-08-22T07:07:40.885+0000] {taskinstance.py:430} INFO - ::endgroup::
[2026-08-22T07:07:41.579+0000] {logging_mixin.py:188} INFO - 2026-08-22 07:07:41,578 | INFO     | planner.video_planner | Planned SHORT video: topic='Daily Conversation', phrases=1
[2026-08-22T07:07:41.880+0000] {logging_mixin.py:188} INFO - 2026-08-22 07:07:41,880 | INFO     | tts.edge_tts | Synthesized audio -> /opt/airflow/output/audio/phrase_2261.mp3
[2026-08-22T07:07:42.204+0000] {logging_mixin.py:188} INFO - 2026-08-22 07:07:42,204 | INFO     | tts.edge_tts | Synthesized audio -> /opt/airflow/output/audio/example_2261.mp3
[2026-08-22T07:07:42.946+0000] {logging_mixin.py:188} INFO - 2026-08-22 07:07:42,946 | INFO     | media.image_downloader | Downloaded background image for scene='office' -> /opt/airflow/output/images/short_2261.jpg
[2026-08-22T07:07:47.315+0000] {logging_mixin.py:188} INFO - 2026-08-22 07:07:47,315 | WARNING  | video.video_builder | BGM file not found at /opt/airflow/assets/bgm/short_bgm.mp3, rendering without background music
[2026-08-22T07:07:49.364+0000] {logging_mixin.py:188} INFO - 2026-08-22 07:07:49,364 | INFO     | video.video_builder | Final video rendered -> /opt/airflow/output/videos/short_2261.mp4
[2026-08-22T07:08:14.524+0000] {python.py:237} INFO - Done. Returned value was: {'video_id': 258, 'file_path': '/opt/airflow/output/videos/short_2261.mp4', 'title': '"Could you give me a hand?" | Daily English Conversation #Shorts', 'description': 'Want to ask for help like a native speaker? 🤝\n\nIn this quick daily conversation lesson from Taky\'s Language School, learn how to use the phrase: "Could you give me a hand?"\n\n📝 Example:\n"Could you give me a hand with carrying these heavy boxes to the car?"\n\n💡 Meaning: "Give me a hand" is a natural, polite way to say "help me" in everyday English.\n\n👉 Subscribe to Taky\'s Language School for quick, daily spoken English tips!\n\n#LearnEnglish #EnglishConversation #DailyEnglish #SpokenEnglish #EnglishShorts #EnglishPhrases', 'tags': ["Taky's Language School", 'could you give me a hand', 'learn english', 'daily english conversation', 'spoken english phrases', 'english idioms', 'ask for help in english', 'natural english conversation', 'english shorts', 'esl daily phrases', 'practical english'], 'video_type': 'short'}
[2026-08-22T07:08:14.525+0000] {taskinstance.py:441} INFO - ::group::Post task execution logs
[2026-08-22T07:08:14.550+0000] {taskinstance.py:1206} INFO - Marking task as SUCCESS. dag_id=youtube_english_video_pipeline, task_id=build_short_video_1, run_id=scheduled__2026-08-20T12:00:00+00:00, execution_date=20260820T120000, start_date=20260822T070740, end_date=20260822T070814
[2026-08-22T07:08:14.606+0000] {local_task_job_runner.py:243} INFO - Task exited with return code 0
[2026-08-22T07:08:14.787+0000] {taskinstance.py:3503} INFO - 1 downstream tasks scheduled from follow-on schedule check
[2026-08-22T07:08:14.793+0000] {local_task_job_runner.py:222} INFO - ::endgroup::
