[2026-09-20T12:07:34.774+0000] {local_task_job_runner.py:120} INFO - ::group::Pre task execution logs
[2026-09-20T12:07:34.805+0000] {taskinstance.py:2076} INFO - Dependencies all met for dep_context=non-requeueable deps ti=<TaskInstance: youtube_english_video_pipeline.upload_short_video_4 scheduled__2026-09-19T12:00:00+00:00 [queued]>
[2026-09-20T12:07:34.812+0000] {taskinstance.py:2076} INFO - Dependencies all met for dep_context=requeueable deps ti=<TaskInstance: youtube_english_video_pipeline.upload_short_video_4 scheduled__2026-09-19T12:00:00+00:00 [queued]>
[2026-09-20T12:07:34.813+0000] {taskinstance.py:2306} INFO - Starting attempt 1 of 3
[2026-09-20T12:07:34.824+0000] {taskinstance.py:2330} INFO - Executing <Task(PythonOperator): upload_short_video_4> on 2026-09-19 12:00:00+00:00
[2026-09-20T12:07:34.828+0000] {standard_task_runner.py:64} INFO - Started process 75539 to run task
[2026-09-20T12:07:34.830+0000] {standard_task_runner.py:90} INFO - Running: ['airflow', 'tasks', 'run', 'youtube_english_video_pipeline', 'upload_short_video_4', 'scheduled__2026-09-19T12:00:00+00:00', '--job-id', '1379', '--raw', '--subdir', 'DAGS_FOLDER/youtube_pipeline.py', '--cfg-path', '/tmp/tmpvoah2yc5']
[2026-09-20T12:07:34.832+0000] {standard_task_runner.py:91} INFO - Job 1379: Subtask upload_short_video_4
[2026-09-20T12:07:34.877+0000] {task_command.py:426} INFO - Running <TaskInstance: youtube_english_video_pipeline.upload_short_video_4 scheduled__2026-09-19T12:00:00+00:00 [running]> on host 73b18333cdfe
[2026-09-20T12:07:35.053+0000] {taskinstance.py:2648} INFO - Exporting env vars: AIRFLOW_CTX_DAG_OWNER='taky' AIRFLOW_CTX_DAG_ID='youtube_english_video_pipeline' AIRFLOW_CTX_TASK_ID='upload_short_video_4' AIRFLOW_CTX_EXECUTION_DATE='2026-09-19T12:00:00+00:00' AIRFLOW_CTX_TRY_NUMBER='1' AIRFLOW_CTX_DAG_RUN_ID='scheduled__2026-09-19T12:00:00+00:00'
[2026-09-20T12:07:35.064+0000] {taskinstance.py:430} INFO - ::endgroup::
[2026-09-20T12:07:35.187+0000] {__init__.py:49} INFO - file_cache is only supported with oauth2client<4.0.0
[2026-09-20T12:07:35.191+0000] {logging_mixin.py:188} INFO - 2026-09-20 12:07:35,191 | INFO     | uploader.youtube_uploader | Uploading video 'Travel English: How to ask about your flight time ✈️ | Taky's Language School' (/opt/airflow/output/videos/short_3358.mp4) to YouTube...
[2026-09-20T12:07:38.006+0000] {logging_mixin.py:188} INFO - 2026-09-20 12:07:38,006 | INFO     | uploader.youtube_uploader | Upload complete. YouTube video id = RMOInFd_HLI
[2026-09-20T12:07:38.016+0000] {python.py:237} INFO - Done. Returned value was: RMOInFd_HLI
[2026-09-20T12:07:38.023+0000] {taskinstance.py:441} INFO - ::group::Post task execution logs
[2026-09-20T12:07:38.040+0000] {taskinstance.py:1206} INFO - Marking task as SUCCESS. dag_id=youtube_english_video_pipeline, task_id=upload_short_video_4, run_id=scheduled__2026-09-19T12:00:00+00:00, execution_date=20260919T120000, start_date=20260920T120734, end_date=20260920T120738
[2026-09-20T12:07:38.097+0000] {local_task_job_runner.py:243} INFO - Task exited with return code 0
[2026-09-20T12:07:38.220+0000] {taskinstance.py:3503} INFO - 1 downstream tasks scheduled from follow-on schedule check
[2026-09-20T12:07:38.233+0000] {local_task_job_runner.py:222} INFO - ::endgroup::
