[2026-08-19T00:05:54.106+0000] {local_task_job_runner.py:120} INFO - ::group::Pre task execution logs
[2026-08-19T00:05:54.146+0000] {taskinstance.py:2076} INFO - Dependencies all met for dep_context=non-requeueable deps ti=<TaskInstance: youtube_english_video_pipeline.build_long_video_4 scheduled__2026-08-17T12:00:00+00:00 [queued]>
[2026-08-19T00:05:54.156+0000] {taskinstance.py:2076} INFO - Dependencies all met for dep_context=requeueable deps ti=<TaskInstance: youtube_english_video_pipeline.build_long_video_4 scheduled__2026-08-17T12:00:00+00:00 [queued]>
[2026-08-19T00:05:54.157+0000] {taskinstance.py:2306} INFO - Starting attempt 1 of 3
[2026-08-19T00:05:54.174+0000] {taskinstance.py:2330} INFO - Executing <Task(PythonOperator): build_long_video_4> on 2026-08-17 12:00:00+00:00
[2026-08-19T00:05:54.181+0000] {standard_task_runner.py:64} INFO - Started process 28451 to run task
[2026-08-19T00:05:54.185+0000] {standard_task_runner.py:90} INFO - Running: ['airflow', 'tasks', 'run', 'youtube_english_video_pipeline', 'build_long_video_4', 'scheduled__2026-08-17T12:00:00+00:00', '--job-id', '790', '--raw', '--subdir', 'DAGS_FOLDER/youtube_pipeline.py', '--cfg-path', '/tmp/tmp27rks8ev']
[2026-08-19T00:05:54.189+0000] {standard_task_runner.py:91} INFO - Job 790: Subtask build_long_video_4
[2026-08-19T00:05:54.275+0000] {task_command.py:426} INFO - Running <TaskInstance: youtube_english_video_pipeline.build_long_video_4 scheduled__2026-08-17T12:00:00+00:00 [running]> on host cc859d74cf38
[2026-08-19T00:05:54.504+0000] {taskinstance.py:2648} INFO - Exporting env vars: AIRFLOW_CTX_DAG_OWNER='taky' AIRFLOW_CTX_DAG_ID='youtube_english_video_pipeline' AIRFLOW_CTX_TASK_ID='build_long_video_4' AIRFLOW_CTX_EXECUTION_DATE='2026-08-17T12:00:00+00:00' AIRFLOW_CTX_TRY_NUMBER='1' AIRFLOW_CTX_DAG_RUN_ID='scheduled__2026-08-17T12:00:00+00:00'
[2026-08-19T00:05:54.505+0000] {taskinstance.py:430} INFO - ::endgroup::
[2026-08-19T00:05:55.402+0000] {logging_mixin.py:188} INFO - 2026-08-19 00:05:55,401 | INFO     | planner.video_planner | Only 9 phrases for topic='Daily Conversation', topping up without topic filter
[2026-08-19T00:05:55.410+0000] {logging_mixin.py:188} INFO - 2026-08-19 00:05:55,410 | INFO     | planner.video_planner | Planned LONG video: topic='Mixed English Expressions', phrases=20
[2026-08-19T00:05:55.884+0000] {logging_mixin.py:188} INFO - 2026-08-19 00:05:55,884 | INFO     | tts.edge_tts | Synthesized audio -> /opt/airflow/output/audio/phrase_1995.mp3
[2026-08-19T00:05:56.384+0000] {logging_mixin.py:188} INFO - 2026-08-19 00:05:56,384 | INFO     | tts.edge_tts | Synthesized audio -> /opt/airflow/output/audio/example_1995.mp3
[2026-08-19T00:05:56.744+0000] {logging_mixin.py:188} INFO - 2026-08-19 00:05:56,744 | INFO     | media.image_downloader | Downloaded background image for scene='cafe' -> /opt/airflow/output/images/long_1995.jpg
[2026-08-19T00:06:03.025+0000] {logging_mixin.py:188} INFO - 2026-08-19 00:06:03,025 | INFO     | tts.edge_tts | Synthesized audio -> /opt/airflow/output/audio/phrase_1996.mp3
[2026-08-19T00:06:03.331+0000] {logging_mixin.py:188} INFO - 2026-08-19 00:06:03,331 | INFO     | tts.edge_tts | Synthesized audio -> /opt/airflow/output/audio/example_1996.mp3
[2026-08-19T00:06:03.913+0000] {logging_mixin.py:188} INFO - 2026-08-19 00:06:03,913 | INFO     | media.image_downloader | Downloaded background image for scene='party' -> /opt/airflow/output/images/long_1996.jpg
[2026-08-19T00:06:08.435+0000] {logging_mixin.py:188} INFO - 2026-08-19 00:06:08,435 | INFO     | tts.edge_tts | Synthesized audio -> /opt/airflow/output/audio/phrase_1997.mp3
[2026-08-19T00:06:08.801+0000] {logging_mixin.py:188} INFO - 2026-08-19 00:06:08,801 | INFO     | tts.edge_tts | Synthesized audio -> /opt/airflow/output/audio/example_1997.mp3
[2026-08-19T00:06:08.970+0000] {logging_mixin.py:188} INFO - 2026-08-19 00:06:08,970 | INFO     | media.image_downloader | Downloaded background image for scene='airport' -> /opt/airflow/output/images/long_1997.jpg
[2026-08-19T00:06:13.592+0000] {logging_mixin.py:188} INFO - 2026-08-19 00:06:13,592 | INFO     | tts.edge_tts | Synthesized audio -> /opt/airflow/output/audio/phrase_1998.mp3
[2026-08-19T00:06:14.003+0000] {logging_mixin.py:188} INFO - 2026-08-19 00:06:14,003 | INFO     | tts.edge_tts | Synthesized audio -> /opt/airflow/output/audio/example_1998.mp3
[2026-08-19T00:06:14.194+0000] {logging_mixin.py:188} INFO - 2026-08-19 00:06:14,194 | INFO     | media.image_downloader | Downloaded background image for scene='boutique' -> /opt/airflow/output/images/long_1998.jpg
[2026-08-19T00:06:18.962+0000] {logging_mixin.py:188} INFO - 2026-08-19 00:06:18,961 | INFO     | tts.edge_tts | Synthesized audio -> /opt/airflow/output/audio/phrase_1999.mp3
[2026-08-19T00:06:19.307+0000] {logging_mixin.py:188} INFO - 2026-08-19 00:06:19,307 | INFO     | tts.edge_tts | Synthesized audio -> /opt/airflow/output/audio/example_1999.mp3
[2026-08-19T00:06:19.482+0000] {logging_mixin.py:188} INFO - 2026-08-19 00:06:19,482 | INFO     | media.image_downloader | Downloaded background image for scene='hotel' -> /opt/airflow/output/images/long_1999.jpg
[2026-08-19T00:06:24.288+0000] {logging_mixin.py:188} INFO - 2026-08-19 00:06:24,288 | INFO     | tts.edge_tts | Synthesized audio -> /opt/airflow/output/audio/phrase_2000.mp3
[2026-08-19T00:06:24.660+0000] {logging_mixin.py:188} INFO - 2026-08-19 00:06:24,660 | INFO     | tts.edge_tts | Synthesized audio -> /opt/airflow/output/audio/example_2000.mp3
[2026-08-19T00:06:24.873+0000] {logging_mixin.py:188} INFO - 2026-08-19 00:06:24,872 | INFO     | media.image_downloader | Downloaded background image for scene='commute' -> /opt/airflow/output/images/long_2000.jpg
[2026-08-19T00:06:29.847+0000] {logging_mixin.py:188} INFO - 2026-08-19 00:06:29,847 | INFO     | tts.edge_tts | Synthesized audio -> /opt/airflow/output/audio/phrase_2004.mp3
[2026-08-19T00:06:30.213+0000] {logging_mixin.py:188} INFO - 2026-08-19 00:06:30,212 | INFO     | tts.edge_tts | Synthesized audio -> /opt/airflow/output/audio/example_2004.mp3
[2026-08-19T00:06:31.356+0000] {logging_mixin.py:188} INFO - 2026-08-19 00:06:31,356 | INFO     | media.image_downloader | Downloaded background image for scene='terrace' -> /opt/airflow/output/images/long_2004.jpg
[2026-08-19T00:06:37.265+0000] {logging_mixin.py:188} INFO - 2026-08-19 00:06:37,265 | INFO     | tts.edge_tts | Synthesized audio -> /opt/airflow/output/audio/phrase_2006.mp3
[2026-08-19T00:06:37.640+0000] {logging_mixin.py:188} INFO - 2026-08-19 00:06:37,640 | INFO     | tts.edge_tts | Synthesized audio -> /opt/airflow/output/audio/example_2006.mp3
[2026-08-19T00:06:37.826+0000] {logging_mixin.py:188} INFO - 2026-08-19 00:06:37,826 | INFO     | media.image_downloader | Downloaded background image for scene='desk' -> /opt/airflow/output/images/long_2006.jpg
[2026-08-19T00:06:43.076+0000] {logging_mixin.py:188} INFO - 2026-08-19 00:06:43,076 | INFO     | tts.edge_tts | Synthesized audio -> /opt/airflow/output/audio/phrase_2007.mp3
[2026-08-19T00:06:43.407+0000] {logging_mixin.py:188} INFO - 2026-08-19 00:06:43,407 | INFO     | tts.edge_tts | Synthesized audio -> /opt/airflow/output/audio/example_2007.mp3
[2026-08-19T00:06:43.574+0000] {logging_mixin.py:188} INFO - 2026-08-19 00:06:43,574 | INFO     | media.image_downloader | Downloaded background image for scene='store' -> /opt/airflow/output/images/long_2007.jpg
[2026-08-19T00:06:47.956+0000] {logging_mixin.py:188} INFO - 2026-08-19 00:06:47,956 | INFO     | tts.edge_tts | Synthesized audio -> /opt/airflow/output/audio/phrase_2008.mp3
[2026-08-19T00:06:48.362+0000] {logging_mixin.py:188} INFO - 2026-08-19 00:06:48,362 | INFO     | tts.edge_tts | Synthesized audio -> /opt/airflow/output/audio/example_2008.mp3
[2026-08-19T00:06:49.068+0000] {logging_mixin.py:188} INFO - 2026-08-19 00:06:49,068 | INFO     | media.image_downloader | Downloaded background image for scene='lounge' -> /opt/airflow/output/images/long_2008.jpg
[2026-08-19T00:06:53.769+0000] {logging_mixin.py:188} INFO - 2026-08-19 00:06:53,769 | INFO     | tts.edge_tts | Synthesized audio -> /opt/airflow/output/audio/phrase_2011.mp3
[2026-08-19T00:06:54.088+0000] {logging_mixin.py:188} INFO - 2026-08-19 00:06:54,088 | INFO     | tts.edge_tts | Synthesized audio -> /opt/airflow/output/audio/example_2011.mp3
[2026-08-19T00:06:54.255+0000] {logging_mixin.py:188} INFO - 2026-08-19 00:06:54,255 | INFO     | media.image_downloader | Downloaded background image for scene='restaurant' -> /opt/airflow/output/images/long_2011.jpg
[2026-08-19T00:06:58.602+0000] {logging_mixin.py:188} INFO - 2026-08-19 00:06:58,602 | INFO     | tts.edge_tts | Synthesized audio -> /opt/airflow/output/audio/phrase_2012.mp3
[2026-08-19T00:06:58.895+0000] {logging_mixin.py:188} INFO - 2026-08-19 00:06:58,894 | INFO     | tts.edge_tts | Synthesized audio -> /opt/airflow/output/audio/example_2012.mp3
[2026-08-19T00:06:59.088+0000] {logging_mixin.py:188} INFO - 2026-08-19 00:06:59,088 | INFO     | media.image_downloader | Downloaded background image for scene='commute' -> /opt/airflow/output/images/long_2012.jpg
[2026-08-19T00:07:03.128+0000] {logging_mixin.py:188} INFO - 2026-08-19 00:07:03,128 | INFO     | tts.edge_tts | Synthesized audio -> /opt/airflow/output/audio/phrase_2013.mp3
[2026-08-19T00:07:03.480+0000] {logging_mixin.py:188} INFO - 2026-08-19 00:07:03,480 | INFO     | tts.edge_tts | Synthesized audio -> /opt/airflow/output/audio/example_2013.mp3
[2026-08-19T00:07:03.698+0000] {logging_mixin.py:188} INFO - 2026-08-19 00:07:03,698 | INFO     | media.image_downloader | Downloaded background image for scene='shopping' -> /opt/airflow/output/images/long_2013.jpg
[2026-08-19T00:07:09.081+0000] {logging_mixin.py:188} INFO - 2026-08-19 00:07:09,081 | INFO     | tts.edge_tts | Synthesized audio -> /opt/airflow/output/audio/phrase_2015.mp3
[2026-08-19T00:07:09.483+0000] {logging_mixin.py:188} INFO - 2026-08-19 00:07:09,483 | INFO     | tts.edge_tts | Synthesized audio -> /opt/airflow/output/audio/example_2015.mp3
[2026-08-19T00:07:09.680+0000] {logging_mixin.py:188} INFO - 2026-08-19 00:07:09,680 | INFO     | media.image_downloader | Downloaded background image for scene='hotel' -> /opt/airflow/output/images/long_2015.jpg
[2026-08-19T00:07:14.321+0000] {logging_mixin.py:188} INFO - 2026-08-19 00:07:14,321 | INFO     | tts.edge_tts | Synthesized audio -> /opt/airflow/output/audio/phrase_2017.mp3
[2026-08-19T00:07:14.724+0000] {logging_mixin.py:188} INFO - 2026-08-19 00:07:14,724 | INFO     | tts.edge_tts | Synthesized audio -> /opt/airflow/output/audio/example_2017.mp3
[2026-08-19T00:07:14.953+0000] {logging_mixin.py:188} INFO - 2026-08-19 00:07:14,953 | INFO     | media.image_downloader | Downloaded background image for scene='cafe' -> /opt/airflow/output/images/long_2017.jpg
[2026-08-19T00:07:20.115+0000] {logging_mixin.py:188} INFO - 2026-08-19 00:07:20,115 | INFO     | tts.edge_tts | Synthesized audio -> /opt/airflow/output/audio/phrase_2019.mp3
[2026-08-19T00:07:20.474+0000] {logging_mixin.py:188} INFO - 2026-08-19 00:07:20,474 | INFO     | tts.edge_tts | Synthesized audio -> /opt/airflow/output/audio/example_2019.mp3
[2026-08-19T00:07:20.659+0000] {logging_mixin.py:188} INFO - 2026-08-19 00:07:20,659 | INFO     | media.image_downloader | Downloaded background image for scene='restaurant' -> /opt/airflow/output/images/long_2019.jpg
[2026-08-19T00:07:24.961+0000] {logging_mixin.py:188} INFO - 2026-08-19 00:07:24,961 | INFO     | tts.edge_tts | Synthesized audio -> /opt/airflow/output/audio/phrase_2020.mp3
[2026-08-19T00:07:25.367+0000] {logging_mixin.py:188} INFO - 2026-08-19 00:07:25,367 | INFO     | tts.edge_tts | Synthesized audio -> /opt/airflow/output/audio/example_2020.mp3
[2026-08-19T00:07:25.575+0000] {logging_mixin.py:188} INFO - 2026-08-19 00:07:25,575 | INFO     | media.image_downloader | Downloaded background image for scene='boutique' -> /opt/airflow/output/images/long_2020.jpg
[2026-08-19T00:07:29.760+0000] {logging_mixin.py:188} INFO - 2026-08-19 00:07:29,760 | INFO     | tts.edge_tts | Synthesized audio -> /opt/airflow/output/audio/phrase_2022.mp3
[2026-08-19T00:07:30.090+0000] {logging_mixin.py:188} INFO - 2026-08-19 00:07:30,090 | INFO     | tts.edge_tts | Synthesized audio -> /opt/airflow/output/audio/example_2022.mp3
[2026-08-19T00:07:30.325+0000] {logging_mixin.py:188} INFO - 2026-08-19 00:07:30,325 | INFO     | media.image_downloader | Downloaded background image for scene='hotel' -> /opt/airflow/output/images/long_2022.jpg
[2026-08-19T00:07:34.842+0000] {logging_mixin.py:188} INFO - 2026-08-19 00:07:34,842 | INFO     | tts.edge_tts | Synthesized audio -> /opt/airflow/output/audio/phrase_2024.mp3
[2026-08-19T00:07:35.163+0000] {logging_mixin.py:188} INFO - 2026-08-19 00:07:35,163 | INFO     | tts.edge_tts | Synthesized audio -> /opt/airflow/output/audio/example_2024.mp3
[2026-08-19T00:07:35.337+0000] {logging_mixin.py:188} INFO - 2026-08-19 00:07:35,336 | INFO     | media.image_downloader | Downloaded background image for scene='restaurant' -> /opt/airflow/output/images/long_2024.jpg
[2026-08-19T00:07:39.949+0000] {logging_mixin.py:188} INFO - 2026-08-19 00:07:39,949 | INFO     | tts.edge_tts | Synthesized audio -> /opt/airflow/output/audio/phrase_1994.mp3
[2026-08-19T00:07:40.483+0000] {logging_mixin.py:188} INFO - 2026-08-19 00:07:40,483 | INFO     | tts.edge_tts | Synthesized audio -> /opt/airflow/output/audio/example_1994.mp3
[2026-08-19T00:07:40.738+0000] {logging_mixin.py:188} INFO - 2026-08-19 00:07:40,738 | INFO     | media.image_downloader | Downloaded background image for scene='lobby' -> /opt/airflow/output/images/long_1994.jpg
[2026-08-19T00:07:48.424+0000] {logging_mixin.py:188} INFO - 2026-08-19 00:07:48,424 | WARNING  | video.video_builder | BGM file not found at /opt/airflow/assets/bgm/long_bgm.mp3, rendering without background music
[2026-08-19T00:08:28.505+0000] {logging_mixin.py:188} INFO - 2026-08-19 00:08:28,504 | INFO     | video.video_builder | Final video rendered -> /opt/airflow/output/videos/long_1995.mp4
[2026-08-19T00:08:39.667+0000] {logging_mixin.py:188} INFO - 2026-08-19 00:08:39,667 | INFO     | media.thumbnail_builder | Built thumbnail -> /opt/airflow/output/thumbnails/long_1995.jpg
[2026-08-19T00:08:40.274+0000] {python.py:237} INFO - Done. Returned value was: {'video_id': 231, 'file_path': '/opt/airflow/output/videos/long_1995.mp4', 'thumbnail_path': '/opt/airflow/output/thumbnails/long_1995.jpg', 'title': '20 Essential English Expressions for Daily Conversation | Speak Like a Native', 'description': 'Boost your spoken English with these 20 essential everyday expressions! In this lesson from Taky\'s Language School, you\'ll learn natural phrases for daily conversations, shopping, travel, dining out, and social situations.\n\nMaster expressions like "Can I take a rain check?", "I\'m on the fence", and practical phrases for restaurants, hotels, and casual chats. Practice the example sentences out loud to improve your fluency and confidence.\n\n🔔 Subscribe to Taky\'s Language School for regular English speaking practice and vocabulary lessons!', 'tags': ['learn english', 'english expressions', 'daily english conversation', 'spoken english', 'english phrases', 'takys language school', 'speak english fluently', 'everyday english', 'english vocabulary', 'practical english', 'english listening practice', 'common english expressions'], 'video_type': 'long'}
[2026-08-19T00:08:40.277+0000] {taskinstance.py:441} INFO - ::group::Post task execution logs
[2026-08-19T00:08:40.301+0000] {taskinstance.py:1206} INFO - Marking task as SUCCESS. dag_id=youtube_english_video_pipeline, task_id=build_long_video_4, run_id=scheduled__2026-08-17T12:00:00+00:00, execution_date=20260817T120000, start_date=20260819T000554, end_date=20260819T000840
[2026-08-19T00:08:40.346+0000] {local_task_job_runner.py:243} INFO - Task exited with return code 0
[2026-08-19T00:08:40.538+0000] {taskinstance.py:3503} INFO - 1 downstream tasks scheduled from follow-on schedule check
[2026-08-19T00:08:40.548+0000] {local_task_job_runner.py:222} INFO - ::endgroup::
