[2026-09-22T00:26:38.072+0000] {local_task_job_runner.py:120} INFO - ::group::Pre task execution logs
[2026-09-22T00:26:38.141+0000] {taskinstance.py:2076} INFO - Dependencies all met for dep_context=non-requeueable deps ti=<TaskInstance: youtube_english_video_pipeline.upload_long_video_3 scheduled__2026-09-20T12:00:00+00:00 [queued]>
[2026-09-22T00:26:38.160+0000] {taskinstance.py:2076} INFO - Dependencies all met for dep_context=requeueable deps ti=<TaskInstance: youtube_english_video_pipeline.upload_long_video_3 scheduled__2026-09-20T12:00:00+00:00 [queued]>
[2026-09-22T00:26:38.161+0000] {taskinstance.py:2306} INFO - Starting attempt 1 of 3
[2026-09-22T00:26:38.186+0000] {taskinstance.py:2330} INFO - Executing <Task(PythonOperator): upload_long_video_3> on 2026-09-20 12:00:00+00:00
[2026-09-22T00:26:38.196+0000] {standard_task_runner.py:64} INFO - Started process 12230 to run task
[2026-09-22T00:26:38.202+0000] {standard_task_runner.py:90} INFO - Running: ['airflow', 'tasks', 'run', 'youtube_english_video_pipeline', 'upload_long_video_3', 'scheduled__2026-09-20T12:00:00+00:00', '--job-id', '1469', '--raw', '--subdir', 'DAGS_FOLDER/youtube_pipeline.py', '--cfg-path', '/tmp/tmpgz9b1l8j']
[2026-09-22T00:26:38.206+0000] {standard_task_runner.py:91} INFO - Job 1469: Subtask upload_long_video_3
[2026-09-22T00:26:38.317+0000] {task_command.py:426} INFO - Running <TaskInstance: youtube_english_video_pipeline.upload_long_video_3 scheduled__2026-09-20T12:00:00+00:00 [running]> on host 73b18333cdfe
[2026-09-22T00:26:38.630+0000] {taskinstance.py:2648} INFO - Exporting env vars: AIRFLOW_CTX_DAG_OWNER='taky' AIRFLOW_CTX_DAG_ID='youtube_english_video_pipeline' AIRFLOW_CTX_TASK_ID='upload_long_video_3' AIRFLOW_CTX_EXECUTION_DATE='2026-09-20T12:00:00+00:00' AIRFLOW_CTX_TRY_NUMBER='1' AIRFLOW_CTX_DAG_RUN_ID='scheduled__2026-09-20T12:00:00+00:00'
[2026-09-22T00:26:38.632+0000] {taskinstance.py:430} INFO - ::endgroup::
[2026-09-22T00:26:39.110+0000] {__init__.py:49} INFO - file_cache is only supported with oauth2client<4.0.0
[2026-09-22T00:26:39.123+0000] {logging_mixin.py:188} INFO - 2026-09-22 00:26:39,123 | INFO     | uploader.youtube_uploader | Uploading video 'Business English: 18 Natural Phrases You’ll Actually Use at Work' (/opt/airflow/output/videos/long_3643.mp4) to YouTube...
[2026-09-22T00:26:43.178+0000] {logging_mixin.py:188} INFO - 2026-09-22 00:26:43,178 | INFO     | uploader.youtube_uploader | Upload complete. YouTube video id = Tgr3kK5O6bI
[2026-09-22T00:26:46.766+0000] {logging_mixin.py:188} INFO - 2026-09-22 00:26:46,766 | INFO     | uploader.youtube_uploader | Custom thumbnail uploaded.
[2026-09-22T00:26:46.789+0000] {python.py:237} INFO - Done. Returned value was: Tgr3kK5O6bI
[2026-09-22T00:26:46.791+0000] {taskinstance.py:441} INFO - ::group::Post task execution logs
[2026-09-22T00:26:46.839+0000] {taskinstance.py:1206} INFO - Marking task as SUCCESS. dag_id=youtube_english_video_pipeline, task_id=upload_long_video_3, run_id=scheduled__2026-09-20T12:00:00+00:00, execution_date=20260920T120000, start_date=20260922T002638, end_date=20260922T002646
[2026-09-22T00:26:46.910+0000] {local_task_job_runner.py:243} INFO - Task exited with return code 0
[2026-09-22T00:26:47.109+0000] {taskinstance.py:3503} INFO - 1 downstream tasks scheduled from follow-on schedule check
[2026-09-22T00:26:47.113+0000] {local_task_job_runner.py:222} INFO - ::endgroup::
