[2026-09-15T00:17:10.215+0000] {local_task_job_runner.py:120} INFO - ::group::Pre task execution logs
[2026-09-15T00:17:10.247+0000] {taskinstance.py:2076} INFO - Dependencies all met for dep_context=non-requeueable deps ti=<TaskInstance: youtube_english_video_pipeline.upload_long_video_5 scheduled__2026-09-13T12:00:00+00:00 [queued]>
[2026-09-15T00:17:10.256+0000] {taskinstance.py:2076} INFO - Dependencies all met for dep_context=requeueable deps ti=<TaskInstance: youtube_english_video_pipeline.upload_long_video_5 scheduled__2026-09-13T12:00:00+00:00 [queued]>
[2026-09-15T00:17:10.257+0000] {taskinstance.py:2306} INFO - Starting attempt 1 of 3
[2026-09-15T00:17:10.270+0000] {taskinstance.py:2330} INFO - Executing <Task(PythonOperator): upload_long_video_5> on 2026-09-13 12:00:00+00:00
[2026-09-15T00:17:10.274+0000] {standard_task_runner.py:64} INFO - Started process 17536 to run task
[2026-09-15T00:17:10.277+0000] {standard_task_runner.py:90} INFO - Running: ['airflow', 'tasks', 'run', 'youtube_english_video_pipeline', 'upload_long_video_5', 'scheduled__2026-09-13T12:00:00+00:00', '--job-id', '1175', '--raw', '--subdir', 'DAGS_FOLDER/youtube_pipeline.py', '--cfg-path', '/tmp/tmp_3cv_wi7']
[2026-09-15T00:17:10.279+0000] {standard_task_runner.py:91} INFO - Job 1175: Subtask upload_long_video_5
[2026-09-15T00:17:10.336+0000] {task_command.py:426} INFO - Running <TaskInstance: youtube_english_video_pipeline.upload_long_video_5 scheduled__2026-09-13T12:00:00+00:00 [running]> on host cc859d74cf38
[2026-09-15T00:17:10.513+0000] {taskinstance.py:2648} INFO - Exporting env vars: AIRFLOW_CTX_DAG_OWNER='taky' AIRFLOW_CTX_DAG_ID='youtube_english_video_pipeline' AIRFLOW_CTX_TASK_ID='upload_long_video_5' AIRFLOW_CTX_EXECUTION_DATE='2026-09-13T12:00:00+00:00' AIRFLOW_CTX_TRY_NUMBER='1' AIRFLOW_CTX_DAG_RUN_ID='scheduled__2026-09-13T12:00:00+00:00'
[2026-09-15T00:17:10.516+0000] {taskinstance.py:430} INFO - ::endgroup::
[2026-09-15T00:17:10.871+0000] {__init__.py:49} INFO - file_cache is only supported with oauth2client<4.0.0
[2026-09-15T00:17:10.878+0000] {logging_mixin.py:188} INFO - 2026-09-15 00:17:10,878 | INFO     | uploader.youtube_uploader | Uploading video '20 Daily English Expressions | Mixed English Expressions' (/opt/airflow/output/videos/long_2835.mp4) to YouTube...
[2026-09-15T00:17:15.038+0000] {logging_mixin.py:188} INFO - 2026-09-15 00:17:15,038 | INFO     | uploader.youtube_uploader | Upload complete. YouTube video id = aHqizQkZwsg
[2026-09-15T00:17:19.264+0000] {logging_mixin.py:188} INFO - 2026-09-15 00:17:19,264 | INFO     | uploader.youtube_uploader | Custom thumbnail uploaded.
[2026-09-15T00:17:19.278+0000] {python.py:237} INFO - Done. Returned value was: aHqizQkZwsg
[2026-09-15T00:17:19.279+0000] {taskinstance.py:441} INFO - ::group::Post task execution logs
[2026-09-15T00:17:19.300+0000] {taskinstance.py:1206} INFO - Marking task as SUCCESS. dag_id=youtube_english_video_pipeline, task_id=upload_long_video_5, run_id=scheduled__2026-09-13T12:00:00+00:00, execution_date=20260913T120000, start_date=20260915T001710, end_date=20260915T001719
[2026-09-15T00:17:19.354+0000] {local_task_job_runner.py:243} INFO - Task exited with return code 0
[2026-09-15T00:17:19.384+0000] {taskinstance.py:3503} INFO - 1 downstream tasks scheduled from follow-on schedule check
[2026-09-15T00:17:19.388+0000] {local_task_job_runner.py:222} INFO - ::endgroup::
