[2026-07-25T08:44:11.594+0000] {local_task_job_runner.py:120} INFO - ::group::Pre task execution logs
[2026-07-25T08:44:11.622+0000] {taskinstance.py:2076} INFO - Dependencies all met for dep_context=non-requeueable deps ti=<TaskInstance: youtube_english_video_pipeline.upload_long_video_8 manual__2026-07-25T08:23:54.309173+00:00 [queued]>
[2026-07-25T08:44:11.629+0000] {taskinstance.py:2076} INFO - Dependencies all met for dep_context=requeueable deps ti=<TaskInstance: youtube_english_video_pipeline.upload_long_video_8 manual__2026-07-25T08:23:54.309173+00:00 [queued]>
[2026-07-25T08:44:11.630+0000] {taskinstance.py:2306} INFO - Starting attempt 1 of 3
[2026-07-25T08:44:11.640+0000] {taskinstance.py:2330} INFO - Executing <Task(PythonOperator): upload_long_video_8> on 2026-07-25 08:23:54.309173+00:00
[2026-07-25T08:44:11.644+0000] {standard_task_runner.py:64} INFO - Started process 34124 to run task
[2026-07-25T08:44:11.646+0000] {standard_task_runner.py:90} INFO - Running: ['airflow', 'tasks', 'run', 'youtube_english_video_pipeline', 'upload_long_video_8', 'manual__2026-07-25T08:23:54.309173+00:00', '--job-id', '274', '--raw', '--subdir', 'DAGS_FOLDER/youtube_pipeline.py', '--cfg-path', '/tmp/tmp5mbsa8xe']
[2026-07-25T08:44:11.648+0000] {standard_task_runner.py:91} INFO - Job 274: Subtask upload_long_video_8
[2026-07-25T08:44:11.714+0000] {task_command.py:426} INFO - Running <TaskInstance: youtube_english_video_pipeline.upload_long_video_8 manual__2026-07-25T08:23:54.309173+00:00 [running]> on host ce8e21912c19
[2026-07-25T08:44:11.921+0000] {taskinstance.py:2648} INFO - Exporting env vars: AIRFLOW_CTX_DAG_OWNER='taky' AIRFLOW_CTX_DAG_ID='youtube_english_video_pipeline' AIRFLOW_CTX_TASK_ID='upload_long_video_8' AIRFLOW_CTX_EXECUTION_DATE='2026-07-25T08:23:54.309173+00:00' AIRFLOW_CTX_TRY_NUMBER='1' AIRFLOW_CTX_DAG_RUN_ID='manual__2026-07-25T08:23:54.309173+00:00'
[2026-07-25T08:44:11.923+0000] {taskinstance.py:430} INFO - ::endgroup::
[2026-07-25T08:44:12.189+0000] {__init__.py:49} INFO - file_cache is only supported with oauth2client<4.0.0
[2026-07-25T08:44:12.196+0000] {logging_mixin.py:188} INFO - 2026-07-25 08:44:12,196 | INFO     | uploader.youtube_uploader | Uploading video '20 Everyday English Phrases You MUST Know! | Taky's Language School' (/opt/airflow/output/videos/long_324.mp4) to YouTube...
[2026-07-25T08:44:17.812+0000] {logging_mixin.py:188} INFO - 2026-07-25 08:44:17,812 | INFO     | uploader.youtube_uploader | Upload complete. YouTube video id = 62qos5I7qw4
[2026-07-25T08:44:21.403+0000] {logging_mixin.py:188} INFO - 2026-07-25 08:44:21,402 | INFO     | uploader.youtube_uploader | Custom thumbnail uploaded.
[2026-07-25T08:44:21.417+0000] {python.py:237} INFO - Done. Returned value was: 62qos5I7qw4
[2026-07-25T08:44:21.418+0000] {taskinstance.py:441} INFO - ::group::Post task execution logs
[2026-07-25T08:44:21.440+0000] {taskinstance.py:1206} INFO - Marking task as SUCCESS. dag_id=youtube_english_video_pipeline, task_id=upload_long_video_8, run_id=manual__2026-07-25T08:23:54.309173+00:00, execution_date=20260725T082354, start_date=20260725T084411, end_date=20260725T084421
[2026-07-25T08:44:21.499+0000] {local_task_job_runner.py:243} INFO - Task exited with return code 0
[2026-07-25T08:44:21.526+0000] {taskinstance.py:3503} INFO - 1 downstream tasks scheduled from follow-on schedule check
[2026-07-25T08:44:21.529+0000] {local_task_job_runner.py:222} INFO - ::endgroup::
