[2026-09-15T00:28:17.277+0000] {local_task_job_runner.py:120} INFO - ::group::Pre task execution logs
[2026-09-15T00:28:17.311+0000] {taskinstance.py:2076} INFO - Dependencies all met for dep_context=non-requeueable deps ti=<TaskInstance: youtube_english_video_pipeline.build_long_video_6 scheduled__2026-09-13T12:00:00+00:00 [queued]>
[2026-09-15T00:28:17.319+0000] {taskinstance.py:2076} INFO - Dependencies all met for dep_context=requeueable deps ti=<TaskInstance: youtube_english_video_pipeline.build_long_video_6 scheduled__2026-09-13T12:00:00+00:00 [queued]>
[2026-09-15T00:28:17.320+0000] {taskinstance.py:2306} INFO - Starting attempt 3 of 3
[2026-09-15T00:28:17.332+0000] {taskinstance.py:2330} INFO - Executing <Task(PythonOperator): build_long_video_6> on 2026-09-13 12:00:00+00:00
[2026-09-15T00:28:17.337+0000] {standard_task_runner.py:64} INFO - Started process 17949 to run task
[2026-09-15T00:28:17.340+0000] {standard_task_runner.py:90} INFO - Running: ['airflow', 'tasks', 'run', 'youtube_english_video_pipeline', 'build_long_video_6', 'scheduled__2026-09-13T12:00:00+00:00', '--job-id', '1181', '--raw', '--subdir', 'DAGS_FOLDER/youtube_pipeline.py', '--cfg-path', '/tmp/tmpazl1mvr2']
[2026-09-15T00:28:17.342+0000] {standard_task_runner.py:91} INFO - Job 1181: Subtask build_long_video_6
[2026-09-15T00:28:17.390+0000] {task_command.py:426} INFO - Running <TaskInstance: youtube_english_video_pipeline.build_long_video_6 scheduled__2026-09-13T12:00:00+00:00 [running]> on host cc859d74cf38
[2026-09-15T00:28:17.593+0000] {taskinstance.py:2648} INFO - Exporting env vars: AIRFLOW_CTX_DAG_OWNER='taky' AIRFLOW_CTX_DAG_ID='youtube_english_video_pipeline' AIRFLOW_CTX_TASK_ID='build_long_video_6' AIRFLOW_CTX_EXECUTION_DATE='2026-09-13T12:00:00+00:00' AIRFLOW_CTX_TRY_NUMBER='3' AIRFLOW_CTX_DAG_RUN_ID='scheduled__2026-09-13T12:00:00+00:00'
[2026-09-15T00:28:17.594+0000] {taskinstance.py:430} INFO - ::endgroup::
[2026-09-15T00:28:18.790+0000] {logging_mixin.py:188} INFO - 2026-09-15 00:28:18,790 | INFO     | planner.video_planner | Only 2 phrases for topic='Small Talk', topping up without topic filter
[2026-09-15T00:28:18.799+0000] {taskinstance.py:441} INFO - ::group::Post task execution logs
[2026-09-15T00:28:18.800+0000] {taskinstance.py:2905} ERROR - Task failed with exception
Traceback (most recent call last):
  File "/home/airflow/.local/lib/python3.11/site-packages/airflow/models/taskinstance.py", line 465, in _execute_task
    result = _execute_callable(context=context, **execute_callable_kwargs)
             ^^^^^^^^^^^^^^^^^^^^^^^^^^^^^^^^^^^^^^^^^^^^^^^^^^^^^^^^^^^^^
  File "/home/airflow/.local/lib/python3.11/site-packages/airflow/models/taskinstance.py", line 432, in _execute_callable
    return execute_callable(context=context, **execute_callable_kwargs)
           ^^^^^^^^^^^^^^^^^^^^^^^^^^^^^^^^^^^^^^^^^^^^^^^^^^^^^^^^^^^^
  File "/home/airflow/.local/lib/python3.11/site-packages/airflow/models/baseoperator.py", line 401, in wrapper
    return func(self, *args, **kwargs)
           ^^^^^^^^^^^^^^^^^^^^^^^^^^^
  File "/home/airflow/.local/lib/python3.11/site-packages/airflow/operators/python.py", line 235, in execute
    return_value = self.execute_callable()
                   ^^^^^^^^^^^^^^^^^^^^^^^
  File "/home/airflow/.local/lib/python3.11/site-packages/airflow/operators/python.py", line 252, in execute_callable
    return self.python_callable(*self.op_args, **self.op_kwargs)
           ^^^^^^^^^^^^^^^^^^^^^^^^^^^^^^^^^^^^^^^^^^^^^^^^^^^^^
  File "/opt/airflow/dags/youtube_pipeline.py", line 98, in task_build_long_video
    result = build_long_video()
             ^^^^^^^^^^^^^^^^^^
  File "/opt/airflow/src/video/long_video.py", line 125, in build_long_video
    result = LongVideoPipeline().run()
             ^^^^^^^^^^^^^^^^^^^^^^^^^
  File "/opt/airflow/src/video/long_video.py", line 46, in run
    plan = self.planner.plan("long")
           ^^^^^^^^^^^^^^^^^^^^^^^^^
  File "/opt/airflow/src/planner/video_planner.py", line 67, in plan
    return self.plan_long()
           ^^^^^^^^^^^^^^^^
  File "/opt/airflow/src/planner/video_planner.py", line 55, in plan_long
    raise RuntimeError(
RuntimeError: Not enough unused phrases for a Long video (have 5, need at least 15)
[2026-09-15T00:28:18.885+0000] {taskinstance.py:1206} INFO - Marking task as FAILED. dag_id=youtube_english_video_pipeline, task_id=build_long_video_6, run_id=scheduled__2026-09-13T12:00:00+00:00, execution_date=20260913T120000, start_date=20260915T002817, end_date=20260915T002818
[2026-09-15T00:28:18.902+0000] {standard_task_runner.py:110} ERROR - Failed to execute job 1181 for task build_long_video_6 (Not enough unused phrases for a Long video (have 5, need at least 15); 17949)
[2026-09-15T00:28:18.959+0000] {local_task_job_runner.py:243} INFO - Task exited with return code 1
[2026-09-15T00:28:19.007+0000] {taskinstance.py:3503} INFO - 0 downstream tasks scheduled from follow-on schedule check
[2026-09-15T00:28:19.015+0000] {local_task_job_runner.py:222} INFO - ::endgroup::
