[2026-09-20T11:14:56.646+0000] {local_task_job_runner.py:120} INFO - ::group::Pre task execution logs
[2026-09-20T11:14:56.687+0000] {taskinstance.py:2076} INFO - Dependencies all met for dep_context=non-requeueable deps ti=<TaskInstance: youtube_english_video_pipeline.should_build_long_video_5 manual__2026-09-20T11:03:20.949531+00:00 [queued]>
[2026-09-20T11:14:56.699+0000] {taskinstance.py:2076} INFO - Dependencies all met for dep_context=requeueable deps ti=<TaskInstance: youtube_english_video_pipeline.should_build_long_video_5 manual__2026-09-20T11:03:20.949531+00:00 [queued]>
[2026-09-20T11:14:56.702+0000] {taskinstance.py:2306} INFO - Starting attempt 1 of 3
[2026-09-20T11:14:56.717+0000] {taskinstance.py:2330} INFO - Executing <Task(ShortCircuitOperator): should_build_long_video_5> on 2026-09-20 11:03:20.949531+00:00
[2026-09-20T11:14:56.725+0000] {standard_task_runner.py:64} INFO - Started process 46832 to run task
[2026-09-20T11:14:56.728+0000] {standard_task_runner.py:90} INFO - Running: ['airflow', 'tasks', 'run', 'youtube_english_video_pipeline', 'should_build_long_video_5', 'manual__2026-09-20T11:03:20.949531+00:00', '--job-id', '1334', '--raw', '--subdir', 'DAGS_FOLDER/youtube_pipeline.py', '--cfg-path', '/tmp/tmpoupcdq87']
[2026-09-20T11:14:56.732+0000] {standard_task_runner.py:91} INFO - Job 1334: Subtask should_build_long_video_5
[2026-09-20T11:14:56.798+0000] {task_command.py:426} INFO - Running <TaskInstance: youtube_english_video_pipeline.should_build_long_video_5 manual__2026-09-20T11:03:20.949531+00:00 [running]> on host 73b18333cdfe
[2026-09-20T11:14:57.047+0000] {taskinstance.py:2648} INFO - Exporting env vars: AIRFLOW_CTX_DAG_OWNER='taky' AIRFLOW_CTX_DAG_ID='youtube_english_video_pipeline' AIRFLOW_CTX_TASK_ID='should_build_long_video_5' AIRFLOW_CTX_EXECUTION_DATE='2026-09-20T11:03:20.949531+00:00' AIRFLOW_CTX_TRY_NUMBER='1' AIRFLOW_CTX_DAG_RUN_ID='manual__2026-09-20T11:03:20.949531+00:00'
[2026-09-20T11:14:57.048+0000] {taskinstance.py:430} INFO - ::endgroup::
[2026-09-20T11:14:57.057+0000] {baseoperator.py:400} WARNING - ShortCircuitOperator.execute cannot be called outside TaskInstance!
[2026-09-20T11:14:57.057+0000] {python.py:237} INFO - Done. Returned value was: True
[2026-09-20T11:14:57.058+0000] {python.py:304} INFO - Condition result is True
[2026-09-20T11:14:57.059+0000] {python.py:307} INFO - Proceeding with downstream tasks...
[2026-09-20T11:14:57.060+0000] {taskinstance.py:441} INFO - ::group::Post task execution logs
[2026-09-20T11:14:57.082+0000] {taskinstance.py:1206} INFO - Marking task as SUCCESS. dag_id=youtube_english_video_pipeline, task_id=should_build_long_video_5, run_id=manual__2026-09-20T11:03:20.949531+00:00, execution_date=20260920T110320, start_date=20260920T111456, end_date=20260920T111457
[2026-09-20T11:14:57.105+0000] {local_task_job_runner.py:243} INFO - Task exited with return code 0
[2026-09-20T11:14:57.285+0000] {taskinstance.py:3503} INFO - 1 downstream tasks scheduled from follow-on schedule check
[2026-09-20T11:14:57.290+0000] {local_task_job_runner.py:222} INFO - ::endgroup::
