[2026-08-05T13:22:16.425+0000] {local_task_job_runner.py:120} INFO - ::group::Pre task execution logs
[2026-08-05T13:22:16.476+0000] {taskinstance.py:2076} INFO - Dependencies all met for dep_context=non-requeueable deps ti=<TaskInstance: youtube_english_video_pipeline.upload_short_video_1 scheduled__2026-08-04T12:00:00+00:00 [queued]>
[2026-08-05T13:22:16.491+0000] {taskinstance.py:2076} INFO - Dependencies all met for dep_context=requeueable deps ti=<TaskInstance: youtube_english_video_pipeline.upload_short_video_1 scheduled__2026-08-04T12:00:00+00:00 [queued]>
[2026-08-05T13:22:16.492+0000] {taskinstance.py:2306} INFO - Starting attempt 1 of 3
[2026-08-05T13:22:16.512+0000] {taskinstance.py:2330} INFO - Executing <Task(PythonOperator): upload_short_video_1> on 2026-08-04 12:00:00+00:00
[2026-08-05T13:22:16.520+0000] {standard_task_runner.py:64} INFO - Started process 80228 to run task
[2026-08-05T13:22:16.524+0000] {standard_task_runner.py:90} INFO - Running: ['airflow', 'tasks', 'run', 'youtube_english_video_pipeline', 'upload_short_video_1', 'scheduled__2026-08-04T12:00:00+00:00', '--job-id', '616', '--raw', '--subdir', 'DAGS_FOLDER/youtube_pipeline.py', '--cfg-path', '/tmp/tmppc7n0_u0']
[2026-08-05T13:22:16.527+0000] {standard_task_runner.py:91} INFO - Job 616: Subtask upload_short_video_1
[2026-08-05T13:22:16.628+0000] {task_command.py:426} INFO - Running <TaskInstance: youtube_english_video_pipeline.upload_short_video_1 scheduled__2026-08-04T12:00:00+00:00 [running]> on host cc859d74cf38
[2026-08-05T13:22:16.943+0000] {taskinstance.py:2648} INFO - Exporting env vars: AIRFLOW_CTX_DAG_OWNER='taky' AIRFLOW_CTX_DAG_ID='youtube_english_video_pipeline' AIRFLOW_CTX_TASK_ID='upload_short_video_1' AIRFLOW_CTX_EXECUTION_DATE='2026-08-04T12:00:00+00:00' AIRFLOW_CTX_TRY_NUMBER='1' AIRFLOW_CTX_DAG_RUN_ID='scheduled__2026-08-04T12:00:00+00:00'
[2026-08-05T13:22:16.944+0000] {taskinstance.py:430} INFO - ::endgroup::
[2026-08-05T13:22:17.436+0000] {taskinstance.py:441} INFO - ::group::Post task execution logs
[2026-08-05T13:22:17.437+0000] {taskinstance.py:2905} ERROR - Task failed with exception
Traceback (most recent call last):
  File "/home/airflow/.local/lib/python3.11/site-packages/airflow/models/taskinstance.py", line 465, in _execute_task
    result = _execute_callable(context=context, **execute_callable_kwargs)
             ^^^^^^^^^^^^^^^^^^^^^^^^^^^^^^^^^^^^^^^^^^^^^^^^^^^^^^^^^^^^^
  File "/home/airflow/.local/lib/python3.11/site-packages/airflow/models/taskinstance.py", line 432, in _execute_callable
    return execute_callable(context=context, **execute_callable_kwargs)
           ^^^^^^^^^^^^^^^^^^^^^^^^^^^^^^^^^^^^^^^^^^^^^^^^^^^^^^^^^^^^
  File "/home/airflow/.local/lib/python3.11/site-packages/airflow/models/baseoperator.py", line 401, in wrapper
    return func(self, *args, **kwargs)
           ^^^^^^^^^^^^^^^^^^^^^^^^^^^
  File "/home/airflow/.local/lib/python3.11/site-packages/airflow/operators/python.py", line 235, in execute
    return_value = self.execute_callable()
                   ^^^^^^^^^^^^^^^^^^^^^^^
  File "/home/airflow/.local/lib/python3.11/site-packages/airflow/operators/python.py", line 252, in execute_callable
    return self.python_callable(*self.op_args, **self.op_kwargs)
           ^^^^^^^^^^^^^^^^^^^^^^^^^^^^^^^^^^^^^^^^^^^^^^^^^^^^^
  File "/opt/airflow/dags/youtube_pipeline.py", line 78, in task_upload_short_video
    youtube_id = upload_video(result)
                 ^^^^^^^^^^^^^^^^^^^^
  File "/opt/airflow/src/uploader/youtube_uploader.py", line 150, in upload_video
    return uploader.upload(req)
           ^^^^^^^^^^^^^^^^^^^^
  File "/opt/airflow/src/uploader/youtube_uploader.py", line 90, in upload
    youtube = self._client()
              ^^^^^^^^^^^^^^
  File "/opt/airflow/src/uploader/youtube_uploader.py", line 82, in _client
    creds = self._get_credentials()
            ^^^^^^^^^^^^^^^^^^^^^^^
  File "/opt/airflow/src/uploader/youtube_uploader.py", line 63, in _get_credentials
    creds.refresh(Request())
  File "/home/airflow/.local/lib/python3.11/site-packages/google/oauth2/credentials.py", line 431, in refresh
    ) = reauth.refresh_grant(
        ^^^^^^^^^^^^^^^^^^^^^
  File "/home/airflow/.local/lib/python3.11/site-packages/google/oauth2/reauth.py", line 366, in refresh_grant
    _client._handle_error_response(response_data, retryable_error)
  File "/home/airflow/.local/lib/python3.11/site-packages/google/oauth2/_client.py", line 68, in _handle_error_response
    raise exceptions.RefreshError(
google.auth.exceptions.RefreshError: ('invalid_grant: Token has been expired or revoked.', {'error': 'invalid_grant', 'error_description': 'Token has been expired or revoked.'})
[2026-08-05T13:22:17.512+0000] {taskinstance.py:1206} INFO - Marking task as UP_FOR_RETRY. dag_id=youtube_english_video_pipeline, task_id=upload_short_video_1, run_id=scheduled__2026-08-04T12:00:00+00:00, execution_date=20260804T120000, start_date=20260805T132216, end_date=20260805T132217
[2026-08-05T13:22:17.531+0000] {standard_task_runner.py:110} ERROR - Failed to execute job 616 for task upload_short_video_1 (('invalid_grant: Token has been expired or revoked.', {'error': 'invalid_grant', 'error_description': 'Token has been expired or revoked.'}); 80228)
[2026-08-05T13:22:17.544+0000] {local_task_job_runner.py:243} INFO - Task exited with return code 1
[2026-08-05T13:22:17.710+0000] {taskinstance.py:3503} INFO - 0 downstream tasks scheduled from follow-on schedule check
[2026-08-05T13:22:17.714+0000] {local_task_job_runner.py:222} INFO - ::endgroup::
