[2026-07-23T13:42:55.643+0000] {local_task_job_runner.py:120} INFO - ::group::Pre task execution logs
[2026-07-23T13:42:55.664+0000] {taskinstance.py:2076} INFO - Dependencies all met for dep_context=non-requeueable deps ti=<TaskInstance: youtube_english_video_pipeline.build_short_video manual__2026-07-23T13:42:52.577834+00:00 [queued]>
[2026-07-23T13:42:55.669+0000] {taskinstance.py:2076} INFO - Dependencies all met for dep_context=requeueable deps ti=<TaskInstance: youtube_english_video_pipeline.build_short_video manual__2026-07-23T13:42:52.577834+00:00 [queued]>
[2026-07-23T13:42:55.670+0000] {taskinstance.py:2306} INFO - Starting attempt 1 of 3
[2026-07-23T13:42:55.680+0000] {taskinstance.py:2330} INFO - Executing <Task(PythonOperator): build_short_video> on 2026-07-23 13:42:52.577834+00:00
[2026-07-23T13:42:55.684+0000] {standard_task_runner.py:64} INFO - Started process 425 to run task
[2026-07-23T13:42:55.686+0000] {standard_task_runner.py:90} INFO - Running: ['airflow', 'tasks', 'run', 'youtube_english_video_pipeline', 'build_short_video', 'manual__2026-07-23T13:42:52.577834+00:00', '--job-id', '72', '--raw', '--subdir', 'DAGS_FOLDER/youtube_pipeline.py', '--cfg-path', '/tmp/tmpg0fyc0v4']
[2026-07-23T13:42:55.688+0000] {standard_task_runner.py:91} INFO - Job 72: Subtask build_short_video
[2026-07-23T13:42:55.754+0000] {task_command.py:426} INFO - Running <TaskInstance: youtube_english_video_pipeline.build_short_video manual__2026-07-23T13:42:52.577834+00:00 [running]> on host 5b8f65250260
[2026-07-23T13:42:55.932+0000] {taskinstance.py:2648} INFO - Exporting env vars: AIRFLOW_CTX_DAG_OWNER='taky' AIRFLOW_CTX_DAG_ID='youtube_english_video_pipeline' AIRFLOW_CTX_TASK_ID='build_short_video' AIRFLOW_CTX_EXECUTION_DATE='2026-07-23T13:42:52.577834+00:00' AIRFLOW_CTX_TRY_NUMBER='1' AIRFLOW_CTX_DAG_RUN_ID='manual__2026-07-23T13:42:52.577834+00:00'
[2026-07-23T13:42:55.932+0000] {taskinstance.py:430} INFO - ::endgroup::
[2026-07-23T13:42:56.285+0000] {logging_mixin.py:188} INFO - 2026-07-23 13:42:56,285 | INFO     | planner.video_planner | Planned SHORT video: topic='Restaurant English', phrases=1
[2026-07-23T13:42:56.693+0000] {logging_mixin.py:188} INFO - 2026-07-23 13:42:56,693 | INFO     | tts.edge_tts | Synthesized audio -> /opt/airflow/output/audio/phrase_61.mp3
[2026-07-23T13:42:57.024+0000] {logging_mixin.py:188} INFO - 2026-07-23 13:42:57,024 | INFO     | tts.edge_tts | Synthesized audio -> /opt/airflow/output/audio/example_61.mp3
[2026-07-23T13:42:57.313+0000] {logging_mixin.py:188} INFO - 2026-07-23 13:42:57,313 | INFO     | media.image_downloader | Downloaded background image for scene='restaurant' -> /opt/airflow/output/images/short_61.jpg
[2026-07-23T13:42:57.315+0000] {logging_mixin.py:188} INFO - 2026-07-23 13:42:57,315 | INFO     | video.video_builder | Running ffmpeg: ffmpeg -y -i /opt/airflow/output/audio/phrase_61.mp3 -i /opt/airflow/output/audio/example_61.mp3 -filter_complex [0:a]apad=pad_dur=0.4[a0];[a0][1:a]concat=n=2:v=0:a=1[aout] -map [aout] /opt/airflow/output/videos/_tmp/short_61_raw.audio.mp3
[2026-07-23T13:42:57.765+0000] {logging_mixin.py:188} INFO - 2026-07-23 13:42:57,765 | INFO     | video.video_builder | Running ffmpeg: ffmpeg -y -loop 1 -i /opt/airflow/output/images/short_61.jpg -i /opt/airflow/output/videos/_tmp/short_61_raw.audio.mp3 -vf scale=1080:1920:force_original_aspect_ratio=increase,crop=1080:1920,drawtext=fontfile='/opt/airflow/assets/fonts/NotoSansJP-Bold.ttf':text='Could we get the check, please?':fontcolor=FFFFFF:fontsize=72:x=(w-text_w)/2:y=(h*0.35):box=1:boxcolor=black@0.45:boxborderw=20,drawtext=fontfile='/opt/airflow/assets/fonts/NotoSansJP-Bold.ttf':text='Excuse me, we are finished eating. Could we get the check, please?':fontcolor=FFD54A:fontsize=43:x=(w-text_w)/2:y=(h*0.55):box=1:boxcolor=black@0.45:boxborderw=16 -c:v libx264 -tune stillimage -pix_fmt yuv420p -c:a aac -b:a 192k -shortest -r 30 /opt/airflow/output/videos/_tmp/short_61_raw.mp4
[2026-07-23T13:43:01.098+0000] {logging_mixin.py:188} INFO - 2026-07-23 13:43:01,098 | INFO     | media.subtitle_generator | Wrote subtitle file -> /opt/airflow/output/subtitles/short_61.srt
[2026-07-23T13:43:01.102+0000] {logging_mixin.py:188} INFO - 2026-07-23 13:43:01,102 | WARNING  | video.video_builder | BGM file not found at /opt/airflow/assets/bgm/short_bgm.mp3, rendering without background music
[2026-07-23T13:43:01.103+0000] {logging_mixin.py:188} INFO - 2026-07-23 13:43:01,102 | INFO     | video.video_builder | Running ffmpeg: ffmpeg -y -i /opt/airflow/output/videos/_tmp/short_61_raw.mp4 -vf subtitles='/opt/airflow/output/subtitles/short_61.srt' -c:v libx264 -pix_fmt yuv420p -c:a aac -b:a 192k /opt/airflow/output/videos/short_61.mp4
[2026-07-23T13:43:06.112+0000] {logging_mixin.py:188} INFO - 2026-07-23 13:43:06,111 | INFO     | video.video_builder | Final video rendered -> /opt/airflow/output/videos/short_61.mp4
[2026-07-23T13:43:12.652+0000] {python.py:237} INFO - Done. Returned value was: {'video_id': 13, 'file_path': '/opt/airflow/output/videos/short_61.mp4', 'title': 'How to Ask for the Check in English! 🍽️ Restaurant English #Shorts', 'description': 'Learn how to ask for the bill at a restaurant in English like a native speaker! 🍽️\n\nEssential Phrase:\n👉 "Could we get the check, please?"\n\nExample:\n"Excuse me, we are finished eating. Could we get the check, please?"\n\nMaster practical spoken English for dining out and travel with Taky\'s Language School!\n\nSubscribe for daily English learning shorts! 💡\n\n#LearnEnglish #RestaurantEnglish #SpokenEnglish #EnglishTips #Shorts', 'tags': ['restaurant english', 'ask for the check in english', 'english phrases for dining', 'learn english', 'takys language school', 'spoken english', 'english learning', 'english speaking practice', 'daily english phrases', 'english shorts'], 'video_type': 'short'}
[2026-07-23T13:43:12.654+0000] {taskinstance.py:441} INFO - ::group::Post task execution logs
[2026-07-23T13:43:12.686+0000] {taskinstance.py:1206} INFO - Marking task as SUCCESS. dag_id=youtube_english_video_pipeline, task_id=build_short_video, run_id=manual__2026-07-23T13:42:52.577834+00:00, execution_date=20260723T134252, start_date=20260723T134255, end_date=20260723T134312
[2026-07-23T13:43:12.772+0000] {local_task_job_runner.py:243} INFO - Task exited with return code 0
[2026-07-23T13:43:12.813+0000] {taskinstance.py:3503} INFO - 1 downstream tasks scheduled from follow-on schedule check
[2026-07-23T13:43:12.818+0000] {local_task_job_runner.py:222} INFO - ::endgroup::
