[2026-08-19T00:05:48.544+0000] {local_task_job_runner.py:120} INFO - ::group::Pre task execution logs
[2026-08-19T00:05:48.577+0000] {taskinstance.py:2076} INFO - Dependencies all met for dep_context=non-requeueable deps ti=<TaskInstance: youtube_english_video_pipeline.upload_short_video_4 scheduled__2026-08-17T12:00:00+00:00 [queued]>
[2026-08-19T00:05:48.587+0000] {taskinstance.py:2076} INFO - Dependencies all met for dep_context=requeueable deps ti=<TaskInstance: youtube_english_video_pipeline.upload_short_video_4 scheduled__2026-08-17T12:00:00+00:00 [queued]>
[2026-08-19T00:05:48.589+0000] {taskinstance.py:2306} INFO - Starting attempt 1 of 3
[2026-08-19T00:05:48.606+0000] {taskinstance.py:2330} INFO - Executing <Task(PythonOperator): upload_short_video_4> on 2026-08-17 12:00:00+00:00
[2026-08-19T00:05:48.610+0000] {standard_task_runner.py:64} INFO - Started process 28449 to run task
[2026-08-19T00:05:48.614+0000] {standard_task_runner.py:90} INFO - Running: ['airflow', 'tasks', 'run', 'youtube_english_video_pipeline', 'upload_short_video_4', 'scheduled__2026-08-17T12:00:00+00:00', '--job-id', '789', '--raw', '--subdir', 'DAGS_FOLDER/youtube_pipeline.py', '--cfg-path', '/tmp/tmpefsbp9e5']
[2026-08-19T00:05:48.616+0000] {standard_task_runner.py:91} INFO - Job 789: Subtask upload_short_video_4
[2026-08-19T00:05:48.705+0000] {task_command.py:426} INFO - Running <TaskInstance: youtube_english_video_pipeline.upload_short_video_4 scheduled__2026-08-17T12:00:00+00:00 [running]> on host cc859d74cf38
[2026-08-19T00:05:48.941+0000] {taskinstance.py:2648} INFO - Exporting env vars: AIRFLOW_CTX_DAG_OWNER='taky' AIRFLOW_CTX_DAG_ID='youtube_english_video_pipeline' AIRFLOW_CTX_TASK_ID='upload_short_video_4' AIRFLOW_CTX_EXECUTION_DATE='2026-08-17T12:00:00+00:00' AIRFLOW_CTX_TRY_NUMBER='1' AIRFLOW_CTX_DAG_RUN_ID='scheduled__2026-08-17T12:00:00+00:00'
[2026-08-19T00:05:48.942+0000] {taskinstance.py:430} INFO - ::endgroup::
[2026-08-19T00:05:49.305+0000] {__init__.py:49} INFO - file_cache is only supported with oauth2client<4.0.0
[2026-08-19T00:05:49.317+0000] {logging_mixin.py:188} INFO - 2026-08-19 00:05:49,317 | INFO     | uploader.youtube_uploader | Uploading video 'Daily English Phrase | Airport English' (/opt/airflow/output/videos/short_1993.mp4) to YouTube...
[2026-08-19T00:05:52.879+0000] {logging_mixin.py:188} INFO - 2026-08-19 00:05:52,879 | INFO     | uploader.youtube_uploader | Upload complete. YouTube video id = C5rJsiQzadQ
[2026-08-19T00:05:52.892+0000] {python.py:237} INFO - Done. Returned value was: C5rJsiQzadQ
[2026-08-19T00:05:52.895+0000] {taskinstance.py:441} INFO - ::group::Post task execution logs
[2026-08-19T00:05:52.917+0000] {taskinstance.py:1206} INFO - Marking task as SUCCESS. dag_id=youtube_english_video_pipeline, task_id=upload_short_video_4, run_id=scheduled__2026-08-17T12:00:00+00:00, execution_date=20260817T120000, start_date=20260819T000548, end_date=20260819T000552
[2026-08-19T00:05:52.971+0000] {local_task_job_runner.py:243} INFO - Task exited with return code 0
[2026-08-19T00:05:53.011+0000] {taskinstance.py:3503} INFO - 1 downstream tasks scheduled from follow-on schedule check
[2026-08-19T00:05:53.017+0000] {local_task_job_runner.py:222} INFO - ::endgroup::
