[2026-09-07T11:20:44.477+0000] {local_task_job_runner.py:120} INFO - ::group::Pre task execution logs
[2026-09-07T11:20:44.509+0000] {taskinstance.py:2076} INFO - Dependencies all met for dep_context=non-requeueable deps ti=<TaskInstance: youtube_english_video_pipeline.upload_short_video_2 manual__2026-09-07T11:05:33.821274+00:00 [queued]>
[2026-09-07T11:20:44.516+0000] {taskinstance.py:2076} INFO - Dependencies all met for dep_context=requeueable deps ti=<TaskInstance: youtube_english_video_pipeline.upload_short_video_2 manual__2026-09-07T11:05:33.821274+00:00 [queued]>
[2026-09-07T11:20:44.517+0000] {taskinstance.py:2306} INFO - Starting attempt 1 of 3
[2026-09-07T11:20:44.529+0000] {taskinstance.py:2330} INFO - Executing <Task(PythonOperator): upload_short_video_2> on 2026-09-07 11:05:33.821274+00:00
[2026-09-07T11:20:44.535+0000] {standard_task_runner.py:64} INFO - Started process 39630 to run task
[2026-09-07T11:20:44.540+0000] {standard_task_runner.py:90} INFO - Running: ['airflow', 'tasks', 'run', 'youtube_english_video_pipeline', 'upload_short_video_2', 'manual__2026-09-07T11:05:33.821274+00:00', '--job-id', '1014', '--raw', '--subdir', 'DAGS_FOLDER/youtube_pipeline.py', '--cfg-path', '/tmp/tmprua5x3b1']
[2026-09-07T11:20:44.542+0000] {standard_task_runner.py:91} INFO - Job 1014: Subtask upload_short_video_2
[2026-09-07T11:20:44.611+0000] {task_command.py:426} INFO - Running <TaskInstance: youtube_english_video_pipeline.upload_short_video_2 manual__2026-09-07T11:05:33.821274+00:00 [running]> on host cc859d74cf38
[2026-09-07T11:20:44.792+0000] {taskinstance.py:2648} INFO - Exporting env vars: AIRFLOW_CTX_DAG_OWNER='taky' AIRFLOW_CTX_DAG_ID='youtube_english_video_pipeline' AIRFLOW_CTX_TASK_ID='upload_short_video_2' AIRFLOW_CTX_EXECUTION_DATE='2026-09-07T11:05:33.821274+00:00' AIRFLOW_CTX_TRY_NUMBER='1' AIRFLOW_CTX_DAG_RUN_ID='manual__2026-09-07T11:05:33.821274+00:00'
[2026-09-07T11:20:44.798+0000] {taskinstance.py:430} INFO - ::endgroup::
[2026-09-07T11:20:45.104+0000] {__init__.py:49} INFO - file_cache is only supported with oauth2client<4.0.0
[2026-09-07T11:20:45.113+0000] {logging_mixin.py:188} INFO - 2026-09-07 11:20:45,113 | INFO     | uploader.youtube_uploader | Uploading video 'Daily English Phrase | Small Talk' (/opt/airflow/output/videos/short_2632.mp4) to YouTube...
[2026-09-07T11:20:49.267+0000] {logging_mixin.py:188} INFO - 2026-09-07 11:20:49,267 | INFO     | uploader.youtube_uploader | Upload complete. YouTube video id = d2_LYo6br-8
[2026-09-07T11:20:49.292+0000] {python.py:237} INFO - Done. Returned value was: d2_LYo6br-8
[2026-09-07T11:20:49.300+0000] {taskinstance.py:441} INFO - ::group::Post task execution logs
[2026-09-07T11:20:49.319+0000] {taskinstance.py:1206} INFO - Marking task as SUCCESS. dag_id=youtube_english_video_pipeline, task_id=upload_short_video_2, run_id=manual__2026-09-07T11:05:33.821274+00:00, execution_date=20260907T110533, start_date=20260907T112044, end_date=20260907T112049
[2026-09-07T11:20:49.336+0000] {local_task_job_runner.py:243} INFO - Task exited with return code 0
[2026-09-07T11:20:49.459+0000] {taskinstance.py:3503} INFO - 1 downstream tasks scheduled from follow-on schedule check
[2026-09-07T11:20:49.464+0000] {local_task_job_runner.py:222} INFO - ::endgroup::
