[2026-09-15T00:13:22.405+0000] {local_task_job_runner.py:120} INFO - ::group::Pre task execution logs
[2026-09-15T00:13:22.446+0000] {taskinstance.py:2076} INFO - Dependencies all met for dep_context=non-requeueable deps ti=<TaskInstance: youtube_english_video_pipeline.upload_long_video_4 scheduled__2026-09-13T12:00:00+00:00 [queued]>
[2026-09-15T00:13:22.456+0000] {taskinstance.py:2076} INFO - Dependencies all met for dep_context=requeueable deps ti=<TaskInstance: youtube_english_video_pipeline.upload_long_video_4 scheduled__2026-09-13T12:00:00+00:00 [queued]>
[2026-09-15T00:13:22.468+0000] {taskinstance.py:2306} INFO - Starting attempt 1 of 3
[2026-09-15T00:13:22.489+0000] {taskinstance.py:2330} INFO - Executing <Task(PythonOperator): upload_long_video_4> on 2026-09-13 12:00:00+00:00
[2026-09-15T00:13:22.502+0000] {standard_task_runner.py:64} INFO - Started process 14079 to run task
[2026-09-15T00:13:22.506+0000] {standard_task_runner.py:90} INFO - Running: ['airflow', 'tasks', 'run', 'youtube_english_video_pipeline', 'upload_long_video_4', 'scheduled__2026-09-13T12:00:00+00:00', '--job-id', '1170', '--raw', '--subdir', 'DAGS_FOLDER/youtube_pipeline.py', '--cfg-path', '/tmp/tmpiyfv10wf']
[2026-09-15T00:13:22.510+0000] {standard_task_runner.py:91} INFO - Job 1170: Subtask upload_long_video_4
[2026-09-15T00:13:22.593+0000] {task_command.py:426} INFO - Running <TaskInstance: youtube_english_video_pipeline.upload_long_video_4 scheduled__2026-09-13T12:00:00+00:00 [running]> on host cc859d74cf38
[2026-09-15T00:13:22.799+0000] {taskinstance.py:2648} INFO - Exporting env vars: AIRFLOW_CTX_DAG_OWNER='taky' AIRFLOW_CTX_DAG_ID='youtube_english_video_pipeline' AIRFLOW_CTX_TASK_ID='upload_long_video_4' AIRFLOW_CTX_EXECUTION_DATE='2026-09-13T12:00:00+00:00' AIRFLOW_CTX_TRY_NUMBER='1' AIRFLOW_CTX_DAG_RUN_ID='scheduled__2026-09-13T12:00:00+00:00'
[2026-09-15T00:13:22.801+0000] {taskinstance.py:430} INFO - ::endgroup::
[2026-09-15T00:13:23.133+0000] {__init__.py:49} INFO - file_cache is only supported with oauth2client<4.0.0
[2026-09-15T00:13:23.142+0000] {logging_mixin.py:188} INFO - 2026-09-15 00:13:23,141 | INFO     | uploader.youtube_uploader | Uploading video '20 Daily English Expressions | Mixed English Expressions' (/opt/airflow/output/videos/long_2814.mp4) to YouTube...
[2026-09-15T00:13:31.065+0000] {logging_mixin.py:188} INFO - 2026-09-15 00:13:31,065 | INFO     | uploader.youtube_uploader | Upload complete. YouTube video id = QSTlPURaI-A
[2026-09-15T00:13:35.310+0000] {logging_mixin.py:188} INFO - 2026-09-15 00:13:35,310 | INFO     | uploader.youtube_uploader | Custom thumbnail uploaded.
[2026-09-15T00:13:35.326+0000] {python.py:237} INFO - Done. Returned value was: QSTlPURaI-A
[2026-09-15T00:13:35.328+0000] {taskinstance.py:441} INFO - ::group::Post task execution logs
[2026-09-15T00:13:35.354+0000] {taskinstance.py:1206} INFO - Marking task as SUCCESS. dag_id=youtube_english_video_pipeline, task_id=upload_long_video_4, run_id=scheduled__2026-09-13T12:00:00+00:00, execution_date=20260913T120000, start_date=20260915T001322, end_date=20260915T001335
[2026-09-15T00:13:35.396+0000] {local_task_job_runner.py:243} INFO - Task exited with return code 0
[2026-09-15T00:13:35.568+0000] {taskinstance.py:3503} INFO - 1 downstream tasks scheduled from follow-on schedule check
[2026-09-15T00:13:35.572+0000] {local_task_job_runner.py:222} INFO - ::endgroup::
