[2026-08-27T13:37:51.248+0000] {processor.py:161} INFO - Started process (PID=4357) to work on /opt/airflow/dags/youtube_pipeline.py
[2026-08-27T13:37:51.293+0000] {processor.py:830} INFO - Processing file /opt/airflow/dags/youtube_pipeline.py for tasks to queue
[2026-08-27T13:37:51.336+0000] {logging_mixin.py:188} INFO - [2026-08-27T13:37:51.336+0000] {dagbag.py:545} INFO - Filling up the DagBag from /opt/airflow/dags/youtube_pipeline.py
[2026-08-27T13:38:23.809+0000] {processor.py:161} INFO - Started process (PID=4384) to work on /opt/airflow/dags/youtube_pipeline.py
[2026-08-27T13:38:23.818+0000] {processor.py:830} INFO - Processing file /opt/airflow/dags/youtube_pipeline.py for tasks to queue
[2026-08-27T13:38:23.826+0000] {logging_mixin.py:188} INFO - [2026-08-27T13:38:23.826+0000] {dagbag.py:545} INFO - Filling up the DagBag from /opt/airflow/dags/youtube_pipeline.py
[2026-08-27T13:38:24.650+0000] {processor.py:840} INFO - DAG(s) 'youtube_english_video_pipeline' retrieved from /opt/airflow/dags/youtube_pipeline.py
[2026-08-27T13:38:24.900+0000] {logging_mixin.py:188} INFO - [2026-08-27T13:38:24.900+0000] {dag.py:3089} INFO - Sync 1 DAGs
[2026-08-27T13:38:24.976+0000] {processor.py:183} INFO - Processing /opt/airflow/dags/youtube_pipeline.py took 1.175 seconds
[2026-08-27T13:38:56.463+0000] {processor.py:161} INFO - Started process (PID=4391) to work on /opt/airflow/dags/youtube_pipeline.py
[2026-08-27T13:38:56.465+0000] {processor.py:830} INFO - Processing file /opt/airflow/dags/youtube_pipeline.py for tasks to queue
[2026-08-27T13:38:56.467+0000] {logging_mixin.py:188} INFO - [2026-08-27T13:38:56.466+0000] {dagbag.py:545} INFO - Filling up the DagBag from /opt/airflow/dags/youtube_pipeline.py
[2026-08-27T13:38:56.802+0000] {processor.py:840} INFO - DAG(s) 'youtube_english_video_pipeline' retrieved from /opt/airflow/dags/youtube_pipeline.py
[2026-08-27T13:38:56.858+0000] {logging_mixin.py:188} INFO - [2026-08-27T13:38:56.858+0000] {dag.py:3089} INFO - Sync 1 DAGs
[2026-08-27T13:38:56.895+0000] {processor.py:183} INFO - Processing /opt/airflow/dags/youtube_pipeline.py took 0.443 seconds
[2026-08-27T13:40:36.471+0000] {processor.py:161} INFO - Started process (PID=4397) to work on /opt/airflow/dags/youtube_pipeline.py
[2026-08-27T13:40:36.500+0000] {processor.py:830} INFO - Processing file /opt/airflow/dags/youtube_pipeline.py for tasks to queue
[2026-08-27T13:40:36.537+0000] {logging_mixin.py:188} INFO - [2026-08-27T13:40:36.536+0000] {dagbag.py:545} INFO - Filling up the DagBag from /opt/airflow/dags/youtube_pipeline.py
[2026-08-27T23:58:48.393+0000] {processor.py:840} INFO - DAG(s) 'youtube_english_video_pipeline' retrieved from /opt/airflow/dags/youtube_pipeline.py
[2026-08-27T23:58:48.662+0000] {logging_mixin.py:188} INFO - [2026-08-27T23:58:48.661+0000] {dag.py:3089} INFO - Sync 1 DAGs
[2026-08-27T23:58:48.974+0000] {processor.py:183} INFO - Processing /opt/airflow/dags/youtube_pipeline.py took 2.242 seconds
