[2026-07-22T13:49:46.349+0000] {local_task_job_runner.py:120} INFO - ::group::Pre task execution logs
[2026-07-22T13:49:46.398+0000] {taskinstance.py:2076} INFO - Dependencies all met for dep_context=non-requeueable deps ti=<TaskInstance: youtube_english_video_pipeline.should_build_long_video manual__2026-07-22T13:49:42.054805+00:00 [queued]>
[2026-07-22T13:49:46.409+0000] {taskinstance.py:2076} INFO - Dependencies all met for dep_context=requeueable deps ti=<TaskInstance: youtube_english_video_pipeline.should_build_long_video manual__2026-07-22T13:49:42.054805+00:00 [queued]>
[2026-07-22T13:49:46.410+0000] {taskinstance.py:2306} INFO - Starting attempt 1 of 3
[2026-07-22T13:49:46.425+0000] {taskinstance.py:2330} INFO - Executing <Task(ShortCircuitOperator): should_build_long_video> on 2026-07-22 13:49:42.054805+00:00
[2026-07-22T13:49:46.438+0000] {standard_task_runner.py:64} INFO - Started process 216 to run task
[2026-07-22T13:49:46.444+0000] {standard_task_runner.py:90} INFO - Running: ['airflow', 'tasks', 'run', 'youtube_english_video_pipeline', 'should_build_long_video', 'manual__2026-07-22T13:49:42.054805+00:00', '--job-id', '52', '--raw', '--subdir', 'DAGS_FOLDER/youtube_pipeline.py', '--cfg-path', '/tmp/tmpto7qkyit']
[2026-07-22T13:49:46.452+0000] {standard_task_runner.py:91} INFO - Job 52: Subtask should_build_long_video
[2026-07-22T13:49:46.561+0000] {task_command.py:426} INFO - Running <TaskInstance: youtube_english_video_pipeline.should_build_long_video manual__2026-07-22T13:49:42.054805+00:00 [running]> on host 78117f1d7858
[2026-07-22T13:49:46.842+0000] {taskinstance.py:2648} INFO - Exporting env vars: AIRFLOW_CTX_DAG_OWNER='taky' AIRFLOW_CTX_DAG_ID='youtube_english_video_pipeline' AIRFLOW_CTX_TASK_ID='should_build_long_video' AIRFLOW_CTX_EXECUTION_DATE='2026-07-22T13:49:42.054805+00:00' AIRFLOW_CTX_TRY_NUMBER='1' AIRFLOW_CTX_DAG_RUN_ID='manual__2026-07-22T13:49:42.054805+00:00'
[2026-07-22T13:49:46.843+0000] {taskinstance.py:430} INFO - ::endgroup::
[2026-07-22T13:49:46.856+0000] {baseoperator.py:400} WARNING - ShortCircuitOperator.execute cannot be called outside TaskInstance!
[2026-07-22T13:49:46.857+0000] {python.py:237} INFO - Done. Returned value was: True
[2026-07-22T13:49:46.858+0000] {python.py:304} INFO - Condition result is True
[2026-07-22T13:49:46.859+0000] {python.py:307} INFO - Proceeding with downstream tasks...
[2026-07-22T13:49:46.859+0000] {taskinstance.py:441} INFO - ::group::Post task execution logs
[2026-07-22T13:49:46.886+0000] {taskinstance.py:1206} INFO - Marking task as SUCCESS. dag_id=youtube_english_video_pipeline, task_id=should_build_long_video, run_id=manual__2026-07-22T13:49:42.054805+00:00, execution_date=20260722T134942, start_date=20260722T134946, end_date=20260722T134946
[2026-07-22T13:49:46.943+0000] {local_task_job_runner.py:243} INFO - Task exited with return code 0
[2026-07-22T13:49:46.977+0000] {taskinstance.py:3503} INFO - 1 downstream tasks scheduled from follow-on schedule check
[2026-07-22T13:49:46.981+0000] {local_task_job_runner.py:222} INFO - ::endgroup::
