[2026-07-23T12:26:02.704+0000] {local_task_job_runner.py:120} INFO - ::group::Pre task execution logs
[2026-07-23T12:26:02.734+0000] {taskinstance.py:2076} INFO - Dependencies all met for dep_context=non-requeueable deps ti=<TaskInstance: youtube_english_video_pipeline.upload_long_video scheduled__2026-07-22T12:00:00+00:00 [queued]>
[2026-07-23T12:26:02.740+0000] {taskinstance.py:2076} INFO - Dependencies all met for dep_context=requeueable deps ti=<TaskInstance: youtube_english_video_pipeline.upload_long_video scheduled__2026-07-22T12:00:00+00:00 [queued]>
[2026-07-23T12:26:02.741+0000] {taskinstance.py:2306} INFO - Starting attempt 1 of 3
[2026-07-23T12:26:02.751+0000] {taskinstance.py:2330} INFO - Executing <Task(PythonOperator): upload_long_video> on 2026-07-22 12:00:00+00:00
[2026-07-23T12:26:02.755+0000] {standard_task_runner.py:64} INFO - Started process 3687 to run task
[2026-07-23T12:26:02.757+0000] {standard_task_runner.py:90} INFO - Running: ['airflow', 'tasks', 'run', 'youtube_english_video_pipeline', 'upload_long_video', 'scheduled__2026-07-22T12:00:00+00:00', '--job-id', '63', '--raw', '--subdir', 'DAGS_FOLDER/youtube_pipeline.py', '--cfg-path', '/tmp/tmpeii4f9ml']
[2026-07-23T12:26:02.759+0000] {standard_task_runner.py:91} INFO - Job 63: Subtask upload_long_video
[2026-07-23T12:26:02.836+0000] {task_command.py:426} INFO - Running <TaskInstance: youtube_english_video_pipeline.upload_long_video scheduled__2026-07-22T12:00:00+00:00 [running]> on host 78117f1d7858
[2026-07-23T12:26:03.032+0000] {taskinstance.py:2648} INFO - Exporting env vars: AIRFLOW_CTX_DAG_OWNER='taky' AIRFLOW_CTX_DAG_ID='youtube_english_video_pipeline' AIRFLOW_CTX_TASK_ID='upload_long_video' AIRFLOW_CTX_EXECUTION_DATE='2026-07-22T12:00:00+00:00' AIRFLOW_CTX_TRY_NUMBER='1' AIRFLOW_CTX_DAG_RUN_ID='scheduled__2026-07-22T12:00:00+00:00'
[2026-07-23T12:26:03.033+0000] {taskinstance.py:430} INFO - ::endgroup::
[2026-07-23T12:26:03.236+0000] {__init__.py:49} INFO - file_cache is only supported with oauth2client<4.0.0
[2026-07-23T12:26:03.242+0000] {logging_mixin.py:188} INFO - 2026-07-23 12:26:03,242 | INFO     | uploader.youtube_uploader | Uploading video 'Master Shopping English: Essential Phrases | Taky's Language School' (/opt/airflow/output/videos/long_57.mp4) to YouTube...
[2026-07-23T12:26:09.770+0000] {logging_mixin.py:188} INFO - 2026-07-23 12:26:09,770 | INFO     | uploader.youtube_uploader | Upload complete. YouTube video id = 4myWH49wzA4
[2026-07-23T12:26:14.402+0000] {logging_mixin.py:188} INFO - 2026-07-23 12:26:14,402 | INFO     | uploader.youtube_uploader | Custom thumbnail uploaded.
[2026-07-23T12:26:14.416+0000] {python.py:237} INFO - Done. Returned value was: 4myWH49wzA4
[2026-07-23T12:26:14.416+0000] {taskinstance.py:441} INFO - ::group::Post task execution logs
[2026-07-23T12:26:14.448+0000] {taskinstance.py:1206} INFO - Marking task as SUCCESS. dag_id=youtube_english_video_pipeline, task_id=upload_long_video, run_id=scheduled__2026-07-22T12:00:00+00:00, execution_date=20260722T120000, start_date=20260723T122602, end_date=20260723T122614
[2026-07-23T12:26:14.492+0000] {local_task_job_runner.py:243} INFO - Task exited with return code 0
[2026-07-23T12:26:14.508+0000] {taskinstance.py:3503} INFO - 0 downstream tasks scheduled from follow-on schedule check
[2026-07-23T12:26:14.511+0000] {local_task_job_runner.py:222} INFO - ::endgroup::
