[2026-08-20T00:06:52.499+0000] {local_task_job_runner.py:120} INFO - ::group::Pre task execution logs
[2026-08-20T00:06:52.609+0000] {taskinstance.py:2076} INFO - Dependencies all met for dep_context=non-requeueable deps ti=<TaskInstance: youtube_english_video_pipeline.build_short_video_1 scheduled__2026-08-18T12:00:00+00:00 [queued]>
[2026-08-20T00:06:52.627+0000] {taskinstance.py:2076} INFO - Dependencies all met for dep_context=requeueable deps ti=<TaskInstance: youtube_english_video_pipeline.build_short_video_1 scheduled__2026-08-18T12:00:00+00:00 [queued]>
[2026-08-20T00:06:52.641+0000] {taskinstance.py:2306} INFO - Starting attempt 1 of 3
[2026-08-20T00:06:52.676+0000] {taskinstance.py:2330} INFO - Executing <Task(PythonOperator): build_short_video_1> on 2026-08-18 12:00:00+00:00
[2026-08-20T00:06:52.700+0000] {standard_task_runner.py:64} INFO - Started process 35675 to run task
[2026-08-20T00:06:52.706+0000] {standard_task_runner.py:90} INFO - Running: ['airflow', 'tasks', 'run', 'youtube_english_video_pipeline', 'build_short_video_1', 'scheduled__2026-08-18T12:00:00+00:00', '--job-id', '805', '--raw', '--subdir', 'DAGS_FOLDER/youtube_pipeline.py', '--cfg-path', '/tmp/tmpudjqdam5']
[2026-08-20T00:06:52.725+0000] {standard_task_runner.py:91} INFO - Job 805: Subtask build_short_video_1
[2026-08-20T00:06:52.872+0000] {task_command.py:426} INFO - Running <TaskInstance: youtube_english_video_pipeline.build_short_video_1 scheduled__2026-08-18T12:00:00+00:00 [running]> on host cc859d74cf38
[2026-08-20T00:06:53.229+0000] {taskinstance.py:2648} INFO - Exporting env vars: AIRFLOW_CTX_DAG_OWNER='taky' AIRFLOW_CTX_DAG_ID='youtube_english_video_pipeline' AIRFLOW_CTX_TASK_ID='build_short_video_1' AIRFLOW_CTX_EXECUTION_DATE='2026-08-18T12:00:00+00:00' AIRFLOW_CTX_TRY_NUMBER='1' AIRFLOW_CTX_DAG_RUN_ID='scheduled__2026-08-18T12:00:00+00:00'
[2026-08-20T00:06:53.233+0000] {taskinstance.py:430} INFO - ::endgroup::
[2026-08-20T00:07:01.522+0000] {logging_mixin.py:188} INFO - 2026-08-20 00:07:01,521 | INFO     | planner.video_planner | Planned SHORT video: topic='Restaurant English', phrases=1
[2026-08-20T00:07:02.306+0000] {logging_mixin.py:188} INFO - 2026-08-20 00:07:02,306 | INFO     | tts.edge_tts | Synthesized audio -> /opt/airflow/output/audio/phrase_2055.mp3
[2026-08-20T00:07:03.115+0000] {logging_mixin.py:188} INFO - 2026-08-20 00:07:03,115 | INFO     | tts.edge_tts | Synthesized audio -> /opt/airflow/output/audio/example_2055.mp3
[2026-08-20T00:07:03.940+0000] {logging_mixin.py:188} INFO - 2026-08-20 00:07:03,940 | INFO     | media.image_downloader | Downloaded background image for scene='restaurant' -> /opt/airflow/output/images/short_2055.jpg
[2026-08-20T00:07:20.489+0000] {logging_mixin.py:188} INFO - 2026-08-20 00:07:20,489 | WARNING  | video.video_builder | BGM file not found at /opt/airflow/assets/bgm/short_bgm.mp3, rendering without background music
[2026-08-20T00:07:23.044+0000] {logging_mixin.py:188} INFO - 2026-08-20 00:07:23,043 | INFO     | video.video_builder | Final video rendered -> /opt/airflow/output/videos/short_2055.mp4
[2026-08-20T00:07:25.971+0000] {python.py:237} INFO - Done. Returned value was: {'video_id': 235, 'file_path': '/opt/airflow/output/videos/short_2055.mp4', 'title': 'How to Ask for Vegetarian Food in English 🥗 Restaurant English #Shorts', 'description': 'Learn how to ask for vegetarian dishes at a restaurant with natural, polite English! \n\nKey Phrase:\n👉 "I looked over the menu, but do you have any vegetarian options?"\n\nImprove your spoken English for dining out, travel, and everyday conversations. Subscribe to Taky\'s Language School for practical daily English lessons and short tips!\n\n#LearnEnglish #RestaurantEnglish #EnglishSpeaking #SpokenEnglish #EnglishPhrases #TakysLanguageSchool #EnglishShorts #ESL', 'tags': ['restaurant english', 'learn english', 'english speaking practice', 'how to order food in english', 'vegetarian english phrases', 'spoken english', 'english for beginners', 'travel english', 'useful english phrases', "taky's language school", 'english conversation', 'esl lessons', 'english shorts'], 'video_type': 'short'}
[2026-08-20T00:07:25.974+0000] {taskinstance.py:441} INFO - ::group::Post task execution logs
[2026-08-20T00:07:26.008+0000] {taskinstance.py:1206} INFO - Marking task as SUCCESS. dag_id=youtube_english_video_pipeline, task_id=build_short_video_1, run_id=scheduled__2026-08-18T12:00:00+00:00, execution_date=20260818T120000, start_date=20260820T000652, end_date=20260820T000726
[2026-08-20T00:07:26.095+0000] {local_task_job_runner.py:243} INFO - Task exited with return code 0
[2026-08-20T00:07:26.332+0000] {taskinstance.py:3503} INFO - 0 downstream tasks scheduled from follow-on schedule check
[2026-08-20T00:07:26.338+0000] {local_task_job_runner.py:222} INFO - ::endgroup::
