[2026-08-11T02:45:10.309+0000] {local_task_job_runner.py:120} INFO - ::group::Pre task execution logs
[2026-08-11T02:45:10.345+0000] {taskinstance.py:2076} INFO - Dependencies all met for dep_context=non-requeueable deps ti=<TaskInstance: youtube_english_video_pipeline.upload_long_video_6 manual__2026-08-11T02:25:49.703167+00:00 [queued]>
[2026-08-11T02:45:10.353+0000] {taskinstance.py:2076} INFO - Dependencies all met for dep_context=requeueable deps ti=<TaskInstance: youtube_english_video_pipeline.upload_long_video_6 manual__2026-08-11T02:25:49.703167+00:00 [queued]>
[2026-08-11T02:45:10.354+0000] {taskinstance.py:2306} INFO - Starting attempt 1 of 3
[2026-08-11T02:45:10.367+0000] {taskinstance.py:2330} INFO - Executing <Task(PythonOperator): upload_long_video_6> on 2026-08-11 02:25:49.703167+00:00
[2026-08-11T02:45:10.372+0000] {standard_task_runner.py:64} INFO - Started process 2290 to run task
[2026-08-11T02:45:10.375+0000] {standard_task_runner.py:90} INFO - Running: ['airflow', 'tasks', 'run', 'youtube_english_video_pipeline', 'upload_long_video_6', 'manual__2026-08-11T02:25:49.703167+00:00', '--job-id', '663', '--raw', '--subdir', 'DAGS_FOLDER/youtube_pipeline.py', '--cfg-path', '/tmp/tmpjnfd_ya_']
[2026-08-11T02:45:10.378+0000] {standard_task_runner.py:91} INFO - Job 663: Subtask upload_long_video_6
[2026-08-11T02:45:10.450+0000] {task_command.py:426} INFO - Running <TaskInstance: youtube_english_video_pipeline.upload_long_video_6 manual__2026-08-11T02:25:49.703167+00:00 [running]> on host cc859d74cf38
[2026-08-11T02:45:10.677+0000] {taskinstance.py:2648} INFO - Exporting env vars: AIRFLOW_CTX_DAG_OWNER='taky' AIRFLOW_CTX_DAG_ID='youtube_english_video_pipeline' AIRFLOW_CTX_TASK_ID='upload_long_video_6' AIRFLOW_CTX_EXECUTION_DATE='2026-08-11T02:25:49.703167+00:00' AIRFLOW_CTX_TRY_NUMBER='1' AIRFLOW_CTX_DAG_RUN_ID='manual__2026-08-11T02:25:49.703167+00:00'
[2026-08-11T02:45:10.680+0000] {taskinstance.py:430} INFO - ::endgroup::
[2026-08-11T02:45:11.295+0000] {__init__.py:49} INFO - file_cache is only supported with oauth2client<4.0.0
[2026-08-11T02:45:11.317+0000] {logging_mixin.py:188} INFO - 2026-08-11 02:45:11,317 | INFO     | uploader.youtube_uploader | Uploading video '20 Essential Everyday English Expressions | Speak Like a Native!' (/opt/airflow/output/videos/long_1537.mp4) to YouTube...
[2026-08-11T02:45:19.190+0000] {logging_mixin.py:188} INFO - 2026-08-11 02:45:19,190 | INFO     | uploader.youtube_uploader | Upload complete. YouTube video id = a24IJUPMfck
[2026-08-11T02:45:23.465+0000] {logging_mixin.py:188} INFO - 2026-08-11 02:45:23,465 | INFO     | uploader.youtube_uploader | Custom thumbnail uploaded.
[2026-08-11T02:45:23.480+0000] {python.py:237} INFO - Done. Returned value was: a24IJUPMfck
[2026-08-11T02:45:23.481+0000] {taskinstance.py:441} INFO - ::group::Post task execution logs
[2026-08-11T02:45:23.506+0000] {taskinstance.py:1206} INFO - Marking task as SUCCESS. dag_id=youtube_english_video_pipeline, task_id=upload_long_video_6, run_id=manual__2026-08-11T02:25:49.703167+00:00, execution_date=20260811T022549, start_date=20260811T024510, end_date=20260811T024523
[2026-08-11T02:45:23.566+0000] {local_task_job_runner.py:243} INFO - Task exited with return code 0
[2026-08-11T02:45:23.717+0000] {taskinstance.py:3503} INFO - 1 downstream tasks scheduled from follow-on schedule check
[2026-08-11T02:45:23.722+0000] {local_task_job_runner.py:222} INFO - ::endgroup::
