[2026-07-27T01:33:28.561+0000] {local_task_job_runner.py:120} INFO - ::group::Pre task execution logs
[2026-07-27T01:33:28.676+0000] {taskinstance.py:2076} INFO - Dependencies all met for dep_context=non-requeueable deps ti=<TaskInstance: youtube_english_video_pipeline.build_long_video_3 scheduled__2026-07-25T12:00:00+00:00 [queued]>
[2026-07-27T01:33:28.705+0000] {taskinstance.py:2076} INFO - Dependencies all met for dep_context=requeueable deps ti=<TaskInstance: youtube_english_video_pipeline.build_long_video_3 scheduled__2026-07-25T12:00:00+00:00 [queued]>
[2026-07-27T01:33:28.708+0000] {taskinstance.py:2306} INFO - Starting attempt 1 of 3
[2026-07-27T01:33:28.741+0000] {taskinstance.py:2330} INFO - Executing <Task(PythonOperator): build_long_video_3> on 2026-07-25 12:00:00+00:00
[2026-07-27T01:33:28.756+0000] {standard_task_runner.py:64} INFO - Started process 34753 to run task
[2026-07-27T01:33:28.765+0000] {standard_task_runner.py:90} INFO - Running: ['airflow', 'tasks', 'run', 'youtube_english_video_pipeline', 'build_long_video_3', 'scheduled__2026-07-25T12:00:00+00:00', '--job-id', '377', '--raw', '--subdir', 'DAGS_FOLDER/youtube_pipeline.py', '--cfg-path', '/tmp/tmpanpnlule']
[2026-07-27T01:33:28.771+0000] {standard_task_runner.py:91} INFO - Job 377: Subtask build_long_video_3
[2026-07-27T01:33:28.940+0000] {task_command.py:426} INFO - Running <TaskInstance: youtube_english_video_pipeline.build_long_video_3 scheduled__2026-07-25T12:00:00+00:00 [running]> on host cc859d74cf38
[2026-07-27T01:33:29.497+0000] {taskinstance.py:2648} INFO - Exporting env vars: AIRFLOW_CTX_DAG_OWNER='taky' AIRFLOW_CTX_DAG_ID='youtube_english_video_pipeline' AIRFLOW_CTX_TASK_ID='build_long_video_3' AIRFLOW_CTX_EXECUTION_DATE='2026-07-25T12:00:00+00:00' AIRFLOW_CTX_TRY_NUMBER='1' AIRFLOW_CTX_DAG_RUN_ID='scheduled__2026-07-25T12:00:00+00:00'
[2026-07-27T01:33:29.500+0000] {taskinstance.py:430} INFO - ::endgroup::
[2026-07-27T01:33:31.050+0000] {logging_mixin.py:188} INFO - 2026-07-27 01:33:31,050 | INFO     | planner.video_planner | Planned LONG video: topic='Travel English', phrases=16
[2026-07-27T01:33:31.375+0000] {logging_mixin.py:188} INFO - 2026-07-27 01:33:31,375 | INFO     | tts.edge_tts | Synthesized audio -> /opt/airflow/output/audio/phrase_600.mp3
[2026-07-27T01:33:31.776+0000] {logging_mixin.py:188} INFO - 2026-07-27 01:33:31,775 | INFO     | tts.edge_tts | Synthesized audio -> /opt/airflow/output/audio/example_600.mp3
[2026-07-27T01:33:32.485+0000] {logging_mixin.py:188} INFO - 2026-07-27 01:33:32,484 | INFO     | media.image_downloader | Downloaded background image for scene='landmark' -> /opt/airflow/output/images/long_600.jpg
[2026-07-27T01:33:38.103+0000] {logging_mixin.py:188} INFO - 2026-07-27 01:33:38,103 | INFO     | tts.edge_tts | Synthesized audio -> /opt/airflow/output/audio/phrase_604.mp3
[2026-07-27T01:33:38.558+0000] {logging_mixin.py:188} INFO - 2026-07-27 01:33:38,557 | INFO     | tts.edge_tts | Synthesized audio -> /opt/airflow/output/audio/example_604.mp3
[2026-07-27T01:33:38.930+0000] {logging_mixin.py:188} INFO - 2026-07-27 01:33:38,930 | INFO     | media.image_downloader | Downloaded background image for scene='street' -> /opt/airflow/output/images/long_604.jpg
[2026-07-27T01:33:45.202+0000] {logging_mixin.py:188} INFO - 2026-07-27 01:33:45,202 | INFO     | tts.edge_tts | Synthesized audio -> /opt/airflow/output/audio/phrase_632.mp3
[2026-07-27T01:33:45.453+0000] {logging_mixin.py:188} INFO - 2026-07-27 01:33:45,453 | INFO     | tts.edge_tts | Synthesized audio -> /opt/airflow/output/audio/example_632.mp3
[2026-07-27T01:33:45.791+0000] {logging_mixin.py:188} INFO - 2026-07-27 01:33:45,791 | INFO     | media.image_downloader | Downloaded background image for scene='train' -> /opt/airflow/output/images/long_632.jpg
[2026-07-27T01:33:51.079+0000] {logging_mixin.py:188} INFO - 2026-07-27 01:33:51,079 | INFO     | tts.edge_tts | Synthesized audio -> /opt/airflow/output/audio/phrase_617.mp3
[2026-07-27T01:33:51.506+0000] {logging_mixin.py:188} INFO - 2026-07-27 01:33:51,506 | INFO     | tts.edge_tts | Synthesized audio -> /opt/airflow/output/audio/example_617.mp3
[2026-07-27T01:33:51.840+0000] {logging_mixin.py:188} INFO - 2026-07-27 01:33:51,840 | INFO     | media.image_downloader | Downloaded background image for scene='street' -> /opt/airflow/output/images/long_617.jpg
[2026-07-27T01:33:56.897+0000] {logging_mixin.py:188} INFO - 2026-07-27 01:33:56,896 | INFO     | tts.edge_tts | Synthesized audio -> /opt/airflow/output/audio/phrase_618.mp3
[2026-07-27T01:33:57.332+0000] {logging_mixin.py:188} INFO - 2026-07-27 01:33:57,332 | INFO     | tts.edge_tts | Synthesized audio -> /opt/airflow/output/audio/example_618.mp3
[2026-07-27T01:33:57.539+0000] {logging_mixin.py:188} INFO - 2026-07-27 01:33:57,538 | INFO     | media.image_downloader | Downloaded background image for scene='taxi' -> /opt/airflow/output/images/long_618.jpg
[2026-07-27T01:34:02.748+0000] {logging_mixin.py:188} INFO - 2026-07-27 01:34:02,748 | INFO     | tts.edge_tts | Synthesized audio -> /opt/airflow/output/audio/phrase_649.mp3
[2026-07-27T01:34:03.062+0000] {logging_mixin.py:188} INFO - 2026-07-27 01:34:03,062 | INFO     | tts.edge_tts | Synthesized audio -> /opt/airflow/output/audio/example_649.mp3
[2026-07-27T01:34:03.322+0000] {logging_mixin.py:188} INFO - 2026-07-27 01:34:03,322 | INFO     | media.image_downloader | Downloaded background image for scene='city' -> /opt/airflow/output/images/long_649.jpg
[2026-07-27T01:34:09.208+0000] {logging_mixin.py:188} INFO - 2026-07-27 01:34:09,208 | INFO     | tts.edge_tts | Synthesized audio -> /opt/airflow/output/audio/phrase_650.mp3
[2026-07-27T01:34:09.622+0000] {logging_mixin.py:188} INFO - 2026-07-27 01:34:09,622 | INFO     | tts.edge_tts | Synthesized audio -> /opt/airflow/output/audio/example_650.mp3
[2026-07-27T01:34:10.309+0000] {logging_mixin.py:188} INFO - 2026-07-27 01:34:10,308 | INFO     | media.image_downloader | Downloaded background image for scene='travel' -> /opt/airflow/output/images/long_650.jpg
[2026-07-27T01:34:15.857+0000] {logging_mixin.py:188} INFO - 2026-07-27 01:34:15,857 | INFO     | tts.edge_tts | Synthesized audio -> /opt/airflow/output/audio/phrase_654.mp3
[2026-07-27T01:34:16.391+0000] {logging_mixin.py:188} INFO - 2026-07-27 01:34:16,391 | INFO     | tts.edge_tts | Synthesized audio -> /opt/airflow/output/audio/example_654.mp3
[2026-07-27T01:34:16.881+0000] {logging_mixin.py:188} INFO - 2026-07-27 01:34:16,881 | INFO     | media.image_downloader | Downloaded background image for scene='taxi' -> /opt/airflow/output/images/long_654.jpg
[2026-07-27T01:34:22.236+0000] {logging_mixin.py:188} INFO - 2026-07-27 01:34:22,236 | INFO     | tts.edge_tts | Synthesized audio -> /opt/airflow/output/audio/phrase_667.mp3
[2026-07-27T01:34:22.625+0000] {logging_mixin.py:188} INFO - 2026-07-27 01:34:22,625 | INFO     | tts.edge_tts | Synthesized audio -> /opt/airflow/output/audio/example_667.mp3
[2026-07-27T01:34:22.845+0000] {logging_mixin.py:188} INFO - 2026-07-27 01:34:22,845 | INFO     | media.image_downloader | Downloaded background image for scene='street' -> /opt/airflow/output/images/long_667.jpg
[2026-07-27T01:34:28.038+0000] {logging_mixin.py:188} INFO - 2026-07-27 01:34:28,037 | INFO     | tts.edge_tts | Synthesized audio -> /opt/airflow/output/audio/phrase_674.mp3
[2026-07-27T01:34:28.396+0000] {logging_mixin.py:188} INFO - 2026-07-27 01:34:28,395 | INFO     | tts.edge_tts | Synthesized audio -> /opt/airflow/output/audio/example_674.mp3
[2026-07-27T01:34:28.639+0000] {logging_mixin.py:188} INFO - 2026-07-27 01:34:28,639 | INFO     | media.image_downloader | Downloaded background image for scene='train' -> /opt/airflow/output/images/long_674.jpg
[2026-07-27T01:34:33.237+0000] {logging_mixin.py:188} INFO - 2026-07-27 01:34:33,237 | INFO     | tts.edge_tts | Synthesized audio -> /opt/airflow/output/audio/phrase_685.mp3
[2026-07-27T01:34:33.504+0000] {logging_mixin.py:188} INFO - 2026-07-27 01:34:33,504 | INFO     | tts.edge_tts | Synthesized audio -> /opt/airflow/output/audio/example_685.mp3
[2026-07-27T01:34:33.746+0000] {logging_mixin.py:188} INFO - 2026-07-27 01:34:33,746 | INFO     | media.image_downloader | Downloaded background image for scene='street' -> /opt/airflow/output/images/long_685.jpg
[2026-07-27T01:34:38.719+0000] {logging_mixin.py:188} INFO - 2026-07-27 01:34:38,719 | INFO     | tts.edge_tts | Synthesized audio -> /opt/airflow/output/audio/phrase_688.mp3
[2026-07-27T01:34:38.994+0000] {logging_mixin.py:188} INFO - 2026-07-27 01:34:38,994 | INFO     | tts.edge_tts | Synthesized audio -> /opt/airflow/output/audio/example_688.mp3
[2026-07-27T01:34:39.245+0000] {logging_mixin.py:188} INFO - 2026-07-27 01:34:39,245 | INFO     | media.image_downloader | Downloaded background image for scene='street' -> /opt/airflow/output/images/long_688.jpg
[2026-07-27T01:34:44.627+0000] {logging_mixin.py:188} INFO - 2026-07-27 01:34:44,626 | INFO     | tts.edge_tts | Synthesized audio -> /opt/airflow/output/audio/phrase_698.mp3
[2026-07-27T01:34:45.204+0000] {logging_mixin.py:188} INFO - 2026-07-27 01:34:45,204 | INFO     | tts.edge_tts | Synthesized audio -> /opt/airflow/output/audio/example_698.mp3
[2026-07-27T01:34:45.475+0000] {logging_mixin.py:188} INFO - 2026-07-27 01:34:45,475 | INFO     | media.image_downloader | Downloaded background image for scene='airport' -> /opt/airflow/output/images/long_698.jpg
[2026-07-27T01:34:50.418+0000] {logging_mixin.py:188} INFO - 2026-07-27 01:34:50,417 | INFO     | tts.edge_tts | Synthesized audio -> /opt/airflow/output/audio/phrase_701.mp3
[2026-07-27T01:34:50.851+0000] {logging_mixin.py:188} INFO - 2026-07-27 01:34:50,851 | INFO     | tts.edge_tts | Synthesized audio -> /opt/airflow/output/audio/example_701.mp3
[2026-07-27T01:34:51.051+0000] {logging_mixin.py:188} INFO - 2026-07-27 01:34:51,050 | INFO     | media.image_downloader | Downloaded background image for scene='hotel' -> /opt/airflow/output/images/long_701.jpg
[2026-07-27T01:34:55.848+0000] {logging_mixin.py:188} INFO - 2026-07-27 01:34:55,848 | INFO     | tts.edge_tts | Synthesized audio -> /opt/airflow/output/audio/phrase_704.mp3
[2026-07-27T01:34:56.315+0000] {logging_mixin.py:188} INFO - 2026-07-27 01:34:56,315 | INFO     | tts.edge_tts | Synthesized audio -> /opt/airflow/output/audio/example_704.mp3
[2026-07-27T01:34:56.588+0000] {logging_mixin.py:188} INFO - 2026-07-27 01:34:56,588 | INFO     | media.image_downloader | Downloaded background image for scene='station' -> /opt/airflow/output/images/long_704.jpg
[2026-07-27T01:35:02.704+0000] {logging_mixin.py:188} INFO - 2026-07-27 01:35:02,703 | INFO     | tts.edge_tts | Synthesized audio -> /opt/airflow/output/audio/phrase_708.mp3
[2026-07-27T01:35:03.109+0000] {logging_mixin.py:188} INFO - 2026-07-27 01:35:03,109 | INFO     | tts.edge_tts | Synthesized audio -> /opt/airflow/output/audio/example_708.mp3
[2026-07-27T01:35:03.388+0000] {logging_mixin.py:188} INFO - 2026-07-27 01:35:03,387 | INFO     | media.image_downloader | Downloaded background image for scene='park' -> /opt/airflow/output/images/long_708.jpg
[2026-07-27T01:35:12.344+0000] {logging_mixin.py:188} INFO - 2026-07-27 01:35:12,344 | WARNING  | video.video_builder | BGM file not found at /opt/airflow/assets/bgm/long_bgm.mp3, rendering without background music
[2026-07-27T01:35:38.259+0000] {logging_mixin.py:188} INFO - 2026-07-27 01:35:38,259 | INFO     | video.video_builder | Final video rendered -> /opt/airflow/output/videos/long_600.mp4
[2026-07-27T01:35:45.287+0000] {logging_mixin.py:188} INFO - 2026-07-27 01:35:45,287 | INFO     | media.thumbnail_builder | Built thumbnail -> /opt/airflow/output/thumbnails/long_600.jpg
[2026-07-27T01:35:45.555+0000] {python.py:237} INFO - Done. Returned value was: {'video_id': 80, 'file_path': '/opt/airflow/output/videos/long_600.mp4', 'thumbnail_path': '/opt/airflow/output/thumbnails/long_600.jpg', 'title': "16 Essential Travel English Phrases You Must Know! | Taky's Language School", 'description': "Planning a trip abroad? Master these essential Travel English phrases with Taky's Language School!\n\nIn this video, you'll learn key spoken English expressions for asking directions, taking photos, riding taxis, making reservations, and getting around with confidence.\n\nKey phrases included:\n- Could you take a picture of us?\n- How do I get to the nearest station?\n- Is this seat taken?\n- Keep the change.\n- Could you speak a little slower?\n- I'd like to make a reservation.\n- Is there a transfer required?\n\nSubscribe to Taky's Language School to boost your English fluency!", 'tags': ['travel english', 'learn english', 'spoken english', 'travel english phrases', 'english for travel', 'english speaking practice', 'useful english phrases', "taky's language school", 'english conversation', 'travel vocabulary'], 'video_type': 'long'}
[2026-07-27T01:35:45.557+0000] {taskinstance.py:441} INFO - ::group::Post task execution logs
[2026-07-27T01:35:45.605+0000] {taskinstance.py:1206} INFO - Marking task as SUCCESS. dag_id=youtube_english_video_pipeline, task_id=build_long_video_3, run_id=scheduled__2026-07-25T12:00:00+00:00, execution_date=20260725T120000, start_date=20260727T013328, end_date=20260727T013545
[2026-07-27T01:35:45.667+0000] {local_task_job_runner.py:243} INFO - Task exited with return code 0
[2026-07-27T01:35:45.936+0000] {taskinstance.py:3503} INFO - 1 downstream tasks scheduled from follow-on schedule check
[2026-07-27T01:35:45.942+0000] {local_task_job_runner.py:222} INFO - ::endgroup::
