[2026-07-31T00:22:15.977+0000] {processor.py:161} INFO - Started process (PID=73930) to work on /opt/airflow/dags/youtube_pipeline.py
[2026-07-31T00:22:15.989+0000] {processor.py:830} INFO - Processing file /opt/airflow/dags/youtube_pipeline.py for tasks to queue
[2026-07-31T00:22:15.999+0000] {logging_mixin.py:188} INFO - [2026-07-31T00:22:15.998+0000] {dagbag.py:545} INFO - Filling up the DagBag from /opt/airflow/dags/youtube_pipeline.py
[2026-07-31T00:22:16.468+0000] {processor.py:840} INFO - DAG(s) 'youtube_english_video_pipeline' retrieved from /opt/airflow/dags/youtube_pipeline.py
[2026-07-31T00:22:16.544+0000] {logging_mixin.py:188} INFO - [2026-07-31T00:22:16.543+0000] {dag.py:3089} INFO - Sync 1 DAGs
[2026-07-31T00:22:16.619+0000] {processor.py:183} INFO - Processing /opt/airflow/dags/youtube_pipeline.py took 0.655 seconds
[2026-07-31T00:22:47.489+0000] {processor.py:161} INFO - Started process (PID=74087) to work on /opt/airflow/dags/youtube_pipeline.py
[2026-07-31T00:22:47.494+0000] {processor.py:830} INFO - Processing file /opt/airflow/dags/youtube_pipeline.py for tasks to queue
[2026-07-31T00:22:47.502+0000] {logging_mixin.py:188} INFO - [2026-07-31T00:22:47.499+0000] {dagbag.py:545} INFO - Filling up the DagBag from /opt/airflow/dags/youtube_pipeline.py
[2026-07-31T00:22:47.933+0000] {processor.py:840} INFO - DAG(s) 'youtube_english_video_pipeline' retrieved from /opt/airflow/dags/youtube_pipeline.py
[2026-07-31T00:22:48.327+0000] {logging_mixin.py:188} INFO - [2026-07-31T00:22:48.325+0000] {taskinstance.py:2907} ERROR - {'DAG Id': 'youtube_english_video_pipeline', 'Task Id': 'ensure_phrase_inventory_1', 'Run Id': 'scheduled__2026-07-29T12:00:00+00:00', 'Hostname': 'cc859d74cf38'}
[2026-07-31T00:22:48.594+0000] {logging_mixin.py:188} INFO - [2026-07-31T00:22:48.593+0000] {taskinstance.py:1206} INFO - Marking task as UP_FOR_RETRY. dag_id=youtube_english_video_pipeline, task_id=ensure_phrase_inventory_1, run_id=scheduled__2026-07-29T12:00:00+00:00, execution_date=20260729T120000, start_date=20260730T124412, end_date=20260731T002248
[2026-07-31T00:22:48.775+0000] {processor.py:791} INFO - Executed failure callback for <TaskInstance: youtube_english_video_pipeline.ensure_phrase_inventory_1 scheduled__2026-07-29T12:00:00+00:00 [up_for_retry]> in state up_for_retry
[2026-07-31T00:22:49.043+0000] {logging_mixin.py:188} INFO - [2026-07-31T00:22:49.042+0000] {dag.py:3089} INFO - Sync 1 DAGs
[2026-07-31T00:22:49.216+0000] {processor.py:183} INFO - Processing /opt/airflow/dags/youtube_pipeline.py took 1.758 seconds
[2026-07-31T00:23:19.628+0000] {processor.py:161} INFO - Started process (PID=74194) to work on /opt/airflow/dags/youtube_pipeline.py
[2026-07-31T00:23:19.629+0000] {processor.py:830} INFO - Processing file /opt/airflow/dags/youtube_pipeline.py for tasks to queue
[2026-07-31T00:23:19.633+0000] {logging_mixin.py:188} INFO - [2026-07-31T00:23:19.632+0000] {dagbag.py:545} INFO - Filling up the DagBag from /opt/airflow/dags/youtube_pipeline.py
[2026-07-31T00:23:19.684+0000] {processor.py:840} INFO - DAG(s) 'youtube_english_video_pipeline' retrieved from /opt/airflow/dags/youtube_pipeline.py
[2026-07-31T00:23:19.755+0000] {logging_mixin.py:188} INFO - [2026-07-31T00:23:19.754+0000] {dag.py:3089} INFO - Sync 1 DAGs
[2026-07-31T00:23:19.808+0000] {processor.py:183} INFO - Processing /opt/airflow/dags/youtube_pipeline.py took 0.189 seconds
[2026-07-31T00:23:50.013+0000] {processor.py:161} INFO - Started process (PID=74199) to work on /opt/airflow/dags/youtube_pipeline.py
[2026-07-31T00:23:50.016+0000] {processor.py:830} INFO - Processing file /opt/airflow/dags/youtube_pipeline.py for tasks to queue
[2026-07-31T00:23:50.020+0000] {logging_mixin.py:188} INFO - [2026-07-31T00:23:50.019+0000] {dagbag.py:545} INFO - Filling up the DagBag from /opt/airflow/dags/youtube_pipeline.py
[2026-07-31T00:23:50.146+0000] {processor.py:840} INFO - DAG(s) 'youtube_english_video_pipeline' retrieved from /opt/airflow/dags/youtube_pipeline.py
[2026-07-31T00:23:50.209+0000] {logging_mixin.py:188} INFO - [2026-07-31T00:23:50.209+0000] {dag.py:3089} INFO - Sync 1 DAGs
[2026-07-31T00:23:50.258+0000] {processor.py:183} INFO - Processing /opt/airflow/dags/youtube_pipeline.py took 0.260 seconds
[2026-07-31T00:24:20.462+0000] {processor.py:161} INFO - Started process (PID=74204) to work on /opt/airflow/dags/youtube_pipeline.py
[2026-07-31T00:24:20.464+0000] {processor.py:830} INFO - Processing file /opt/airflow/dags/youtube_pipeline.py for tasks to queue
[2026-07-31T00:24:20.466+0000] {logging_mixin.py:188} INFO - [2026-07-31T00:24:20.465+0000] {dagbag.py:545} INFO - Filling up the DagBag from /opt/airflow/dags/youtube_pipeline.py
[2026-07-31T00:24:20.566+0000] {processor.py:840} INFO - DAG(s) 'youtube_english_video_pipeline' retrieved from /opt/airflow/dags/youtube_pipeline.py
[2026-07-31T00:24:20.622+0000] {logging_mixin.py:188} INFO - [2026-07-31T00:24:20.622+0000] {dag.py:3089} INFO - Sync 1 DAGs
[2026-07-31T00:24:20.675+0000] {processor.py:183} INFO - Processing /opt/airflow/dags/youtube_pipeline.py took 0.222 seconds
[2026-07-31T00:24:50.766+0000] {processor.py:161} INFO - Started process (PID=74209) to work on /opt/airflow/dags/youtube_pipeline.py
[2026-07-31T00:24:50.769+0000] {processor.py:830} INFO - Processing file /opt/airflow/dags/youtube_pipeline.py for tasks to queue
[2026-07-31T00:24:50.770+0000] {logging_mixin.py:188} INFO - [2026-07-31T00:24:50.770+0000] {dagbag.py:545} INFO - Filling up the DagBag from /opt/airflow/dags/youtube_pipeline.py
[2026-07-31T00:24:50.823+0000] {processor.py:840} INFO - DAG(s) 'youtube_english_video_pipeline' retrieved from /opt/airflow/dags/youtube_pipeline.py
[2026-07-31T00:24:50.886+0000] {logging_mixin.py:188} INFO - [2026-07-31T00:24:50.886+0000] {dag.py:3089} INFO - Sync 1 DAGs
[2026-07-31T00:24:50.936+0000] {processor.py:183} INFO - Processing /opt/airflow/dags/youtube_pipeline.py took 0.182 seconds
[2026-07-31T00:25:21.134+0000] {processor.py:161} INFO - Started process (PID=74214) to work on /opt/airflow/dags/youtube_pipeline.py
[2026-07-31T00:25:21.137+0000] {processor.py:830} INFO - Processing file /opt/airflow/dags/youtube_pipeline.py for tasks to queue
[2026-07-31T00:25:21.139+0000] {logging_mixin.py:188} INFO - [2026-07-31T00:25:21.139+0000] {dagbag.py:545} INFO - Filling up the DagBag from /opt/airflow/dags/youtube_pipeline.py
[2026-07-31T00:25:21.236+0000] {processor.py:840} INFO - DAG(s) 'youtube_english_video_pipeline' retrieved from /opt/airflow/dags/youtube_pipeline.py
[2026-07-31T00:25:21.307+0000] {logging_mixin.py:188} INFO - [2026-07-31T00:25:21.307+0000] {dag.py:3089} INFO - Sync 1 DAGs
[2026-07-31T00:25:21.373+0000] {processor.py:183} INFO - Processing /opt/airflow/dags/youtube_pipeline.py took 0.255 seconds
[2026-07-31T00:25:51.641+0000] {processor.py:161} INFO - Started process (PID=74219) to work on /opt/airflow/dags/youtube_pipeline.py
[2026-07-31T00:25:51.644+0000] {processor.py:830} INFO - Processing file /opt/airflow/dags/youtube_pipeline.py for tasks to queue
[2026-07-31T00:25:51.646+0000] {logging_mixin.py:188} INFO - [2026-07-31T00:25:51.645+0000] {dagbag.py:545} INFO - Filling up the DagBag from /opt/airflow/dags/youtube_pipeline.py
[2026-07-31T00:25:51.723+0000] {processor.py:840} INFO - DAG(s) 'youtube_english_video_pipeline' retrieved from /opt/airflow/dags/youtube_pipeline.py
[2026-07-31T00:25:51.781+0000] {logging_mixin.py:188} INFO - [2026-07-31T00:25:51.781+0000] {dag.py:3089} INFO - Sync 1 DAGs
[2026-07-31T00:25:51.834+0000] {processor.py:183} INFO - Processing /opt/airflow/dags/youtube_pipeline.py took 0.212 seconds
[2026-07-31T00:26:22.668+0000] {processor.py:161} INFO - Started process (PID=74224) to work on /opt/airflow/dags/youtube_pipeline.py
[2026-07-31T00:26:22.678+0000] {processor.py:830} INFO - Processing file /opt/airflow/dags/youtube_pipeline.py for tasks to queue
[2026-07-31T00:26:22.691+0000] {logging_mixin.py:188} INFO - [2026-07-31T00:26:22.690+0000] {dagbag.py:545} INFO - Filling up the DagBag from /opt/airflow/dags/youtube_pipeline.py
[2026-07-31T00:26:23.203+0000] {processor.py:840} INFO - DAG(s) 'youtube_english_video_pipeline' retrieved from /opt/airflow/dags/youtube_pipeline.py
[2026-07-31T00:26:23.437+0000] {logging_mixin.py:188} INFO - [2026-07-31T00:26:23.437+0000] {dag.py:3089} INFO - Sync 1 DAGs
[2026-07-31T00:26:23.532+0000] {processor.py:183} INFO - Processing /opt/airflow/dags/youtube_pipeline.py took 0.886 seconds
[2026-07-31T00:26:53.864+0000] {processor.py:161} INFO - Started process (PID=74229) to work on /opt/airflow/dags/youtube_pipeline.py
[2026-07-31T00:26:53.867+0000] {processor.py:830} INFO - Processing file /opt/airflow/dags/youtube_pipeline.py for tasks to queue
[2026-07-31T00:26:53.868+0000] {logging_mixin.py:188} INFO - [2026-07-31T00:26:53.868+0000] {dagbag.py:545} INFO - Filling up the DagBag from /opt/airflow/dags/youtube_pipeline.py
[2026-07-31T00:26:53.944+0000] {processor.py:840} INFO - DAG(s) 'youtube_english_video_pipeline' retrieved from /opt/airflow/dags/youtube_pipeline.py
[2026-07-31T00:26:53.999+0000] {logging_mixin.py:188} INFO - [2026-07-31T00:26:53.999+0000] {dag.py:3089} INFO - Sync 1 DAGs
[2026-07-31T00:26:54.048+0000] {processor.py:183} INFO - Processing /opt/airflow/dags/youtube_pipeline.py took 0.197 seconds
[2026-07-31T00:27:24.607+0000] {processor.py:161} INFO - Started process (PID=74234) to work on /opt/airflow/dags/youtube_pipeline.py
[2026-07-31T00:27:24.611+0000] {processor.py:830} INFO - Processing file /opt/airflow/dags/youtube_pipeline.py for tasks to queue
[2026-07-31T00:27:24.614+0000] {logging_mixin.py:188} INFO - [2026-07-31T00:27:24.613+0000] {dagbag.py:545} INFO - Filling up the DagBag from /opt/airflow/dags/youtube_pipeline.py
[2026-07-31T00:27:24.728+0000] {processor.py:840} INFO - DAG(s) 'youtube_english_video_pipeline' retrieved from /opt/airflow/dags/youtube_pipeline.py
[2026-07-31T00:27:24.782+0000] {logging_mixin.py:188} INFO - [2026-07-31T00:27:24.782+0000] {dag.py:3089} INFO - Sync 1 DAGs
[2026-07-31T00:27:24.835+0000] {processor.py:183} INFO - Processing /opt/airflow/dags/youtube_pipeline.py took 0.239 seconds
[2026-07-31T00:27:54.977+0000] {processor.py:161} INFO - Started process (PID=74241) to work on /opt/airflow/dags/youtube_pipeline.py
[2026-07-31T00:27:54.979+0000] {processor.py:830} INFO - Processing file /opt/airflow/dags/youtube_pipeline.py for tasks to queue
[2026-07-31T00:27:54.981+0000] {logging_mixin.py:188} INFO - [2026-07-31T00:27:54.980+0000] {dagbag.py:545} INFO - Filling up the DagBag from /opt/airflow/dags/youtube_pipeline.py
[2026-07-31T00:27:55.059+0000] {processor.py:840} INFO - DAG(s) 'youtube_english_video_pipeline' retrieved from /opt/airflow/dags/youtube_pipeline.py
[2026-07-31T00:27:55.115+0000] {logging_mixin.py:188} INFO - [2026-07-31T00:27:55.115+0000] {dag.py:3089} INFO - Sync 1 DAGs
[2026-07-31T00:27:55.169+0000] {processor.py:183} INFO - Processing /opt/airflow/dags/youtube_pipeline.py took 0.203 seconds
[2026-07-31T00:28:25.510+0000] {processor.py:161} INFO - Started process (PID=74248) to work on /opt/airflow/dags/youtube_pipeline.py
[2026-07-31T00:28:25.512+0000] {processor.py:830} INFO - Processing file /opt/airflow/dags/youtube_pipeline.py for tasks to queue
[2026-07-31T00:28:25.514+0000] {logging_mixin.py:188} INFO - [2026-07-31T00:28:25.514+0000] {dagbag.py:545} INFO - Filling up the DagBag from /opt/airflow/dags/youtube_pipeline.py
[2026-07-31T00:28:25.607+0000] {processor.py:840} INFO - DAG(s) 'youtube_english_video_pipeline' retrieved from /opt/airflow/dags/youtube_pipeline.py
[2026-07-31T00:28:25.661+0000] {logging_mixin.py:188} INFO - [2026-07-31T00:28:25.661+0000] {dag.py:3089} INFO - Sync 1 DAGs
[2026-07-31T00:28:25.714+0000] {processor.py:183} INFO - Processing /opt/airflow/dags/youtube_pipeline.py took 0.213 seconds
[2026-07-31T00:28:56.176+0000] {processor.py:161} INFO - Started process (PID=74253) to work on /opt/airflow/dags/youtube_pipeline.py
[2026-07-31T00:28:56.178+0000] {processor.py:830} INFO - Processing file /opt/airflow/dags/youtube_pipeline.py for tasks to queue
[2026-07-31T00:28:56.180+0000] {logging_mixin.py:188} INFO - [2026-07-31T00:28:56.179+0000] {dagbag.py:545} INFO - Filling up the DagBag from /opt/airflow/dags/youtube_pipeline.py
[2026-07-31T00:28:56.330+0000] {processor.py:840} INFO - DAG(s) 'youtube_english_video_pipeline' retrieved from /opt/airflow/dags/youtube_pipeline.py
[2026-07-31T00:28:56.384+0000] {logging_mixin.py:188} INFO - [2026-07-31T00:28:56.383+0000] {dag.py:3089} INFO - Sync 1 DAGs
[2026-07-31T00:28:56.437+0000] {processor.py:183} INFO - Processing /opt/airflow/dags/youtube_pipeline.py took 0.273 seconds
[2026-07-31T00:29:26.853+0000] {processor.py:161} INFO - Started process (PID=74258) to work on /opt/airflow/dags/youtube_pipeline.py
[2026-07-31T00:29:26.855+0000] {processor.py:830} INFO - Processing file /opt/airflow/dags/youtube_pipeline.py for tasks to queue
[2026-07-31T00:29:26.858+0000] {logging_mixin.py:188} INFO - [2026-07-31T00:29:26.857+0000] {dagbag.py:545} INFO - Filling up the DagBag from /opt/airflow/dags/youtube_pipeline.py
[2026-07-31T00:29:26.944+0000] {processor.py:840} INFO - DAG(s) 'youtube_english_video_pipeline' retrieved from /opt/airflow/dags/youtube_pipeline.py
[2026-07-31T00:29:27.001+0000] {logging_mixin.py:188} INFO - [2026-07-31T00:29:27.001+0000] {dag.py:3089} INFO - Sync 1 DAGs
[2026-07-31T00:29:27.057+0000] {processor.py:183} INFO - Processing /opt/airflow/dags/youtube_pipeline.py took 0.215 seconds
[2026-07-31T00:29:57.324+0000] {processor.py:161} INFO - Started process (PID=74263) to work on /opt/airflow/dags/youtube_pipeline.py
[2026-07-31T00:29:57.326+0000] {processor.py:830} INFO - Processing file /opt/airflow/dags/youtube_pipeline.py for tasks to queue
[2026-07-31T00:29:57.332+0000] {logging_mixin.py:188} INFO - [2026-07-31T00:29:57.331+0000] {dagbag.py:545} INFO - Filling up the DagBag from /opt/airflow/dags/youtube_pipeline.py
[2026-07-31T00:29:57.411+0000] {processor.py:840} INFO - DAG(s) 'youtube_english_video_pipeline' retrieved from /opt/airflow/dags/youtube_pipeline.py
[2026-07-31T00:29:57.459+0000] {logging_mixin.py:188} INFO - [2026-07-31T00:29:57.459+0000] {dag.py:3089} INFO - Sync 1 DAGs
[2026-07-31T00:29:57.504+0000] {processor.py:183} INFO - Processing /opt/airflow/dags/youtube_pipeline.py took 0.191 seconds
[2026-07-31T00:30:27.795+0000] {processor.py:161} INFO - Started process (PID=74268) to work on /opt/airflow/dags/youtube_pipeline.py
[2026-07-31T00:30:27.796+0000] {processor.py:830} INFO - Processing file /opt/airflow/dags/youtube_pipeline.py for tasks to queue
[2026-07-31T00:30:27.799+0000] {logging_mixin.py:188} INFO - [2026-07-31T00:30:27.798+0000] {dagbag.py:545} INFO - Filling up the DagBag from /opt/airflow/dags/youtube_pipeline.py
[2026-07-31T00:30:27.858+0000] {processor.py:840} INFO - DAG(s) 'youtube_english_video_pipeline' retrieved from /opt/airflow/dags/youtube_pipeline.py
[2026-07-31T00:30:27.909+0000] {logging_mixin.py:188} INFO - [2026-07-31T00:30:27.909+0000] {dag.py:3089} INFO - Sync 1 DAGs
[2026-07-31T00:30:27.954+0000] {processor.py:183} INFO - Processing /opt/airflow/dags/youtube_pipeline.py took 0.169 seconds
[2026-07-31T00:30:58.032+0000] {processor.py:161} INFO - Started process (PID=74273) to work on /opt/airflow/dags/youtube_pipeline.py
[2026-07-31T00:30:58.033+0000] {processor.py:830} INFO - Processing file /opt/airflow/dags/youtube_pipeline.py for tasks to queue
[2026-07-31T00:30:58.035+0000] {logging_mixin.py:188} INFO - [2026-07-31T00:30:58.035+0000] {dagbag.py:545} INFO - Filling up the DagBag from /opt/airflow/dags/youtube_pipeline.py
[2026-07-31T00:30:58.079+0000] {processor.py:840} INFO - DAG(s) 'youtube_english_video_pipeline' retrieved from /opt/airflow/dags/youtube_pipeline.py
[2026-07-31T00:30:58.128+0000] {logging_mixin.py:188} INFO - [2026-07-31T00:30:58.128+0000] {dag.py:3089} INFO - Sync 1 DAGs
[2026-07-31T00:30:58.171+0000] {processor.py:183} INFO - Processing /opt/airflow/dags/youtube_pipeline.py took 0.147 seconds
[2026-07-31T00:31:28.520+0000] {processor.py:161} INFO - Started process (PID=74278) to work on /opt/airflow/dags/youtube_pipeline.py
[2026-07-31T00:31:28.522+0000] {processor.py:830} INFO - Processing file /opt/airflow/dags/youtube_pipeline.py for tasks to queue
[2026-07-31T00:31:28.523+0000] {logging_mixin.py:188} INFO - [2026-07-31T00:31:28.523+0000] {dagbag.py:545} INFO - Filling up the DagBag from /opt/airflow/dags/youtube_pipeline.py
[2026-07-31T00:31:28.593+0000] {processor.py:840} INFO - DAG(s) 'youtube_english_video_pipeline' retrieved from /opt/airflow/dags/youtube_pipeline.py
[2026-07-31T00:31:28.649+0000] {logging_mixin.py:188} INFO - [2026-07-31T00:31:28.649+0000] {dag.py:3089} INFO - Sync 1 DAGs
[2026-07-31T00:31:28.702+0000] {processor.py:183} INFO - Processing /opt/airflow/dags/youtube_pipeline.py took 0.190 seconds
[2026-07-31T00:31:58.976+0000] {processor.py:161} INFO - Started process (PID=74283) to work on /opt/airflow/dags/youtube_pipeline.py
[2026-07-31T00:31:58.978+0000] {processor.py:830} INFO - Processing file /opt/airflow/dags/youtube_pipeline.py for tasks to queue
[2026-07-31T00:31:58.980+0000] {logging_mixin.py:188} INFO - [2026-07-31T00:31:58.979+0000] {dagbag.py:545} INFO - Filling up the DagBag from /opt/airflow/dags/youtube_pipeline.py
[2026-07-31T00:31:59.080+0000] {processor.py:840} INFO - DAG(s) 'youtube_english_video_pipeline' retrieved from /opt/airflow/dags/youtube_pipeline.py
[2026-07-31T00:31:59.162+0000] {logging_mixin.py:188} INFO - [2026-07-31T00:31:59.162+0000] {dag.py:3089} INFO - Sync 1 DAGs
[2026-07-31T00:31:59.242+0000] {processor.py:183} INFO - Processing /opt/airflow/dags/youtube_pipeline.py took 0.285 seconds
[2026-07-31T00:32:29.611+0000] {processor.py:161} INFO - Started process (PID=74288) to work on /opt/airflow/dags/youtube_pipeline.py
[2026-07-31T00:32:29.614+0000] {processor.py:830} INFO - Processing file /opt/airflow/dags/youtube_pipeline.py for tasks to queue
[2026-07-31T00:32:29.617+0000] {logging_mixin.py:188} INFO - [2026-07-31T00:32:29.616+0000] {dagbag.py:545} INFO - Filling up the DagBag from /opt/airflow/dags/youtube_pipeline.py
[2026-07-31T00:32:29.723+0000] {processor.py:840} INFO - DAG(s) 'youtube_english_video_pipeline' retrieved from /opt/airflow/dags/youtube_pipeline.py
[2026-07-31T00:32:29.800+0000] {logging_mixin.py:188} INFO - [2026-07-31T00:32:29.800+0000] {dag.py:3089} INFO - Sync 1 DAGs
[2026-07-31T00:32:29.885+0000] {processor.py:183} INFO - Processing /opt/airflow/dags/youtube_pipeline.py took 0.288 seconds
[2026-07-31T00:33:00.264+0000] {processor.py:161} INFO - Started process (PID=74293) to work on /opt/airflow/dags/youtube_pipeline.py
[2026-07-31T00:33:00.267+0000] {processor.py:830} INFO - Processing file /opt/airflow/dags/youtube_pipeline.py for tasks to queue
[2026-07-31T00:33:00.271+0000] {logging_mixin.py:188} INFO - [2026-07-31T00:33:00.269+0000] {dagbag.py:545} INFO - Filling up the DagBag from /opt/airflow/dags/youtube_pipeline.py
[2026-07-31T00:33:00.390+0000] {processor.py:840} INFO - DAG(s) 'youtube_english_video_pipeline' retrieved from /opt/airflow/dags/youtube_pipeline.py
[2026-07-31T00:33:00.470+0000] {logging_mixin.py:188} INFO - [2026-07-31T00:33:00.469+0000] {dag.py:3089} INFO - Sync 1 DAGs
[2026-07-31T00:33:00.556+0000] {processor.py:183} INFO - Processing /opt/airflow/dags/youtube_pipeline.py took 0.311 seconds
[2026-07-31T00:33:30.826+0000] {processor.py:161} INFO - Started process (PID=74300) to work on /opt/airflow/dags/youtube_pipeline.py
[2026-07-31T00:33:30.829+0000] {processor.py:830} INFO - Processing file /opt/airflow/dags/youtube_pipeline.py for tasks to queue
[2026-07-31T00:33:30.832+0000] {logging_mixin.py:188} INFO - [2026-07-31T00:33:30.831+0000] {dagbag.py:545} INFO - Filling up the DagBag from /opt/airflow/dags/youtube_pipeline.py
[2026-07-31T00:33:30.941+0000] {processor.py:840} INFO - DAG(s) 'youtube_english_video_pipeline' retrieved from /opt/airflow/dags/youtube_pipeline.py
[2026-07-31T00:33:31.010+0000] {logging_mixin.py:188} INFO - [2026-07-31T00:33:31.010+0000] {dag.py:3089} INFO - Sync 1 DAGs
[2026-07-31T00:33:31.100+0000] {processor.py:183} INFO - Processing /opt/airflow/dags/youtube_pipeline.py took 0.292 seconds
[2026-07-31T00:34:01.887+0000] {processor.py:161} INFO - Started process (PID=74305) to work on /opt/airflow/dags/youtube_pipeline.py
[2026-07-31T00:34:01.889+0000] {processor.py:830} INFO - Processing file /opt/airflow/dags/youtube_pipeline.py for tasks to queue
[2026-07-31T00:34:01.890+0000] {logging_mixin.py:188} INFO - [2026-07-31T00:34:01.890+0000] {dagbag.py:545} INFO - Filling up the DagBag from /opt/airflow/dags/youtube_pipeline.py
[2026-07-31T00:34:02.009+0000] {processor.py:840} INFO - DAG(s) 'youtube_english_video_pipeline' retrieved from /opt/airflow/dags/youtube_pipeline.py
[2026-07-31T00:34:02.063+0000] {logging_mixin.py:188} INFO - [2026-07-31T00:34:02.063+0000] {dag.py:3089} INFO - Sync 1 DAGs
[2026-07-31T00:34:02.101+0000] {logging_mixin.py:188} INFO - [2026-07-31T00:34:02.101+0000] {dag.py:3947} INFO - Setting next_dagrun for youtube_english_video_pipeline to 2026-07-30 12:00:00+00:00, run_after=2026-07-31 12:00:00+00:00
[2026-07-31T00:34:02.130+0000] {processor.py:183} INFO - Processing /opt/airflow/dags/youtube_pipeline.py took 0.257 seconds
[2026-07-31T00:34:32.543+0000] {processor.py:161} INFO - Started process (PID=74310) to work on /opt/airflow/dags/youtube_pipeline.py
[2026-07-31T00:34:32.545+0000] {processor.py:830} INFO - Processing file /opt/airflow/dags/youtube_pipeline.py for tasks to queue
[2026-07-31T00:34:32.548+0000] {logging_mixin.py:188} INFO - [2026-07-31T00:34:32.547+0000] {dagbag.py:545} INFO - Filling up the DagBag from /opt/airflow/dags/youtube_pipeline.py
[2026-07-31T00:34:32.628+0000] {processor.py:840} INFO - DAG(s) 'youtube_english_video_pipeline' retrieved from /opt/airflow/dags/youtube_pipeline.py
[2026-07-31T00:34:32.683+0000] {logging_mixin.py:188} INFO - [2026-07-31T00:34:32.683+0000] {dag.py:3089} INFO - Sync 1 DAGs
[2026-07-31T00:34:32.706+0000] {logging_mixin.py:188} INFO - [2026-07-31T00:34:32.706+0000] {dag.py:3947} INFO - Setting next_dagrun for youtube_english_video_pipeline to 2026-07-30 12:00:00+00:00, run_after=2026-07-31 12:00:00+00:00
[2026-07-31T00:34:32.731+0000] {processor.py:183} INFO - Processing /opt/airflow/dags/youtube_pipeline.py took 0.198 seconds
[2026-07-31T00:35:02.930+0000] {processor.py:161} INFO - Started process (PID=74315) to work on /opt/airflow/dags/youtube_pipeline.py
[2026-07-31T00:35:02.932+0000] {processor.py:830} INFO - Processing file /opt/airflow/dags/youtube_pipeline.py for tasks to queue
[2026-07-31T00:35:02.934+0000] {logging_mixin.py:188} INFO - [2026-07-31T00:35:02.934+0000] {dagbag.py:545} INFO - Filling up the DagBag from /opt/airflow/dags/youtube_pipeline.py
[2026-07-31T00:35:02.994+0000] {processor.py:840} INFO - DAG(s) 'youtube_english_video_pipeline' retrieved from /opt/airflow/dags/youtube_pipeline.py
[2026-07-31T00:35:03.055+0000] {logging_mixin.py:188} INFO - [2026-07-31T00:35:03.054+0000] {dag.py:3089} INFO - Sync 1 DAGs
[2026-07-31T00:35:03.080+0000] {logging_mixin.py:188} INFO - [2026-07-31T00:35:03.079+0000] {dag.py:3947} INFO - Setting next_dagrun for youtube_english_video_pipeline to 2026-07-30 12:00:00+00:00, run_after=2026-07-31 12:00:00+00:00
[2026-07-31T00:35:03.105+0000] {processor.py:183} INFO - Processing /opt/airflow/dags/youtube_pipeline.py took 0.190 seconds
[2026-07-31T00:35:33.398+0000] {processor.py:161} INFO - Started process (PID=74320) to work on /opt/airflow/dags/youtube_pipeline.py
[2026-07-31T00:35:33.400+0000] {processor.py:830} INFO - Processing file /opt/airflow/dags/youtube_pipeline.py for tasks to queue
[2026-07-31T00:35:33.402+0000] {logging_mixin.py:188} INFO - [2026-07-31T00:35:33.402+0000] {dagbag.py:545} INFO - Filling up the DagBag from /opt/airflow/dags/youtube_pipeline.py
[2026-07-31T00:35:33.491+0000] {processor.py:840} INFO - DAG(s) 'youtube_english_video_pipeline' retrieved from /opt/airflow/dags/youtube_pipeline.py
[2026-07-31T00:35:33.560+0000] {logging_mixin.py:188} INFO - [2026-07-31T00:35:33.559+0000] {dag.py:3089} INFO - Sync 1 DAGs
[2026-07-31T00:35:33.593+0000] {logging_mixin.py:188} INFO - [2026-07-31T00:35:33.592+0000] {dag.py:3947} INFO - Setting next_dagrun for youtube_english_video_pipeline to 2026-07-30 12:00:00+00:00, run_after=2026-07-31 12:00:00+00:00
[2026-07-31T00:35:33.628+0000] {processor.py:183} INFO - Processing /opt/airflow/dags/youtube_pipeline.py took 0.243 seconds
[2026-07-31T00:36:03.998+0000] {processor.py:161} INFO - Started process (PID=74325) to work on /opt/airflow/dags/youtube_pipeline.py
[2026-07-31T00:36:04.001+0000] {processor.py:830} INFO - Processing file /opt/airflow/dags/youtube_pipeline.py for tasks to queue
[2026-07-31T00:36:04.002+0000] {logging_mixin.py:188} INFO - [2026-07-31T00:36:04.002+0000] {dagbag.py:545} INFO - Filling up the DagBag from /opt/airflow/dags/youtube_pipeline.py
[2026-07-31T00:36:04.115+0000] {processor.py:840} INFO - DAG(s) 'youtube_english_video_pipeline' retrieved from /opt/airflow/dags/youtube_pipeline.py
[2026-07-31T00:36:04.180+0000] {logging_mixin.py:188} INFO - [2026-07-31T00:36:04.180+0000] {dag.py:3089} INFO - Sync 1 DAGs
[2026-07-31T00:36:04.220+0000] {logging_mixin.py:188} INFO - [2026-07-31T00:36:04.220+0000] {dag.py:3947} INFO - Setting next_dagrun for youtube_english_video_pipeline to 2026-07-30 12:00:00+00:00, run_after=2026-07-31 12:00:00+00:00
[2026-07-31T00:36:04.270+0000] {processor.py:183} INFO - Processing /opt/airflow/dags/youtube_pipeline.py took 0.286 seconds
[2026-07-31T00:36:34.663+0000] {processor.py:161} INFO - Started process (PID=74330) to work on /opt/airflow/dags/youtube_pipeline.py
[2026-07-31T00:36:34.665+0000] {processor.py:830} INFO - Processing file /opt/airflow/dags/youtube_pipeline.py for tasks to queue
[2026-07-31T00:36:34.667+0000] {logging_mixin.py:188} INFO - [2026-07-31T00:36:34.666+0000] {dagbag.py:545} INFO - Filling up the DagBag from /opt/airflow/dags/youtube_pipeline.py
[2026-07-31T00:36:34.756+0000] {processor.py:840} INFO - DAG(s) 'youtube_english_video_pipeline' retrieved from /opt/airflow/dags/youtube_pipeline.py
[2026-07-31T00:36:34.848+0000] {logging_mixin.py:188} INFO - [2026-07-31T00:36:34.848+0000] {dag.py:3089} INFO - Sync 1 DAGs
[2026-07-31T00:36:34.888+0000] {logging_mixin.py:188} INFO - [2026-07-31T00:36:34.888+0000] {dag.py:3947} INFO - Setting next_dagrun for youtube_english_video_pipeline to 2026-07-30 12:00:00+00:00, run_after=2026-07-31 12:00:00+00:00
[2026-07-31T00:36:34.925+0000] {processor.py:183} INFO - Processing /opt/airflow/dags/youtube_pipeline.py took 0.277 seconds
[2026-07-31T00:37:05.340+0000] {processor.py:161} INFO - Started process (PID=74335) to work on /opt/airflow/dags/youtube_pipeline.py
[2026-07-31T00:37:05.344+0000] {processor.py:830} INFO - Processing file /opt/airflow/dags/youtube_pipeline.py for tasks to queue
[2026-07-31T00:37:05.347+0000] {logging_mixin.py:188} INFO - [2026-07-31T00:37:05.346+0000] {dagbag.py:545} INFO - Filling up the DagBag from /opt/airflow/dags/youtube_pipeline.py
[2026-07-31T00:37:05.425+0000] {processor.py:840} INFO - DAG(s) 'youtube_english_video_pipeline' retrieved from /opt/airflow/dags/youtube_pipeline.py
[2026-07-31T00:37:05.482+0000] {logging_mixin.py:188} INFO - [2026-07-31T00:37:05.482+0000] {dag.py:3089} INFO - Sync 1 DAGs
[2026-07-31T00:37:05.505+0000] {logging_mixin.py:188} INFO - [2026-07-31T00:37:05.505+0000] {dag.py:3947} INFO - Setting next_dagrun for youtube_english_video_pipeline to 2026-07-30 12:00:00+00:00, run_after=2026-07-31 12:00:00+00:00
[2026-07-31T00:37:05.529+0000] {processor.py:183} INFO - Processing /opt/airflow/dags/youtube_pipeline.py took 0.208 seconds
[2026-07-31T00:37:36.043+0000] {processor.py:161} INFO - Started process (PID=74340) to work on /opt/airflow/dags/youtube_pipeline.py
[2026-07-31T00:37:36.051+0000] {processor.py:830} INFO - Processing file /opt/airflow/dags/youtube_pipeline.py for tasks to queue
[2026-07-31T00:37:36.055+0000] {logging_mixin.py:188} INFO - [2026-07-31T00:37:36.055+0000] {dagbag.py:545} INFO - Filling up the DagBag from /opt/airflow/dags/youtube_pipeline.py
[2026-07-31T00:37:36.269+0000] {processor.py:840} INFO - DAG(s) 'youtube_english_video_pipeline' retrieved from /opt/airflow/dags/youtube_pipeline.py
[2026-07-31T00:37:36.346+0000] {logging_mixin.py:188} INFO - [2026-07-31T00:37:36.346+0000] {dag.py:3089} INFO - Sync 1 DAGs
[2026-07-31T00:37:36.376+0000] {logging_mixin.py:188} INFO - [2026-07-31T00:37:36.376+0000] {dag.py:3947} INFO - Setting next_dagrun for youtube_english_video_pipeline to 2026-07-30 12:00:00+00:00, run_after=2026-07-31 12:00:00+00:00
[2026-07-31T00:37:36.423+0000] {processor.py:183} INFO - Processing /opt/airflow/dags/youtube_pipeline.py took 0.398 seconds
[2026-07-31T00:38:07.074+0000] {processor.py:161} INFO - Started process (PID=74345) to work on /opt/airflow/dags/youtube_pipeline.py
[2026-07-31T00:38:07.095+0000] {processor.py:830} INFO - Processing file /opt/airflow/dags/youtube_pipeline.py for tasks to queue
[2026-07-31T00:38:07.106+0000] {logging_mixin.py:188} INFO - [2026-07-31T00:38:07.102+0000] {dagbag.py:545} INFO - Filling up the DagBag from /opt/airflow/dags/youtube_pipeline.py
[2026-07-31T00:38:07.294+0000] {processor.py:840} INFO - DAG(s) 'youtube_english_video_pipeline' retrieved from /opt/airflow/dags/youtube_pipeline.py
[2026-07-31T00:38:07.364+0000] {logging_mixin.py:188} INFO - [2026-07-31T00:38:07.364+0000] {dag.py:3089} INFO - Sync 1 DAGs
[2026-07-31T00:38:07.390+0000] {logging_mixin.py:188} INFO - [2026-07-31T00:38:07.390+0000] {dag.py:3947} INFO - Setting next_dagrun for youtube_english_video_pipeline to 2026-07-30 12:00:00+00:00, run_after=2026-07-31 12:00:00+00:00
[2026-07-31T00:38:07.439+0000] {processor.py:183} INFO - Processing /opt/airflow/dags/youtube_pipeline.py took 0.481 seconds
[2026-07-31T00:38:37.722+0000] {processor.py:161} INFO - Started process (PID=74350) to work on /opt/airflow/dags/youtube_pipeline.py
[2026-07-31T00:38:37.726+0000] {processor.py:830} INFO - Processing file /opt/airflow/dags/youtube_pipeline.py for tasks to queue
[2026-07-31T00:38:37.727+0000] {logging_mixin.py:188} INFO - [2026-07-31T00:38:37.726+0000] {dagbag.py:545} INFO - Filling up the DagBag from /opt/airflow/dags/youtube_pipeline.py
[2026-07-31T00:38:37.820+0000] {processor.py:840} INFO - DAG(s) 'youtube_english_video_pipeline' retrieved from /opt/airflow/dags/youtube_pipeline.py
[2026-07-31T00:38:37.943+0000] {logging_mixin.py:188} INFO - [2026-07-31T00:38:37.943+0000] {dag.py:3089} INFO - Sync 1 DAGs
[2026-07-31T00:38:37.967+0000] {logging_mixin.py:188} INFO - [2026-07-31T00:38:37.967+0000] {dag.py:3947} INFO - Setting next_dagrun for youtube_english_video_pipeline to 2026-07-30 12:00:00+00:00, run_after=2026-07-31 12:00:00+00:00
[2026-07-31T00:38:38.002+0000] {processor.py:183} INFO - Processing /opt/airflow/dags/youtube_pipeline.py took 0.291 seconds
[2026-07-31T00:39:08.216+0000] {processor.py:161} INFO - Started process (PID=74355) to work on /opt/airflow/dags/youtube_pipeline.py
[2026-07-31T00:39:08.219+0000] {processor.py:830} INFO - Processing file /opt/airflow/dags/youtube_pipeline.py for tasks to queue
[2026-07-31T00:39:08.222+0000] {logging_mixin.py:188} INFO - [2026-07-31T00:39:08.221+0000] {dagbag.py:545} INFO - Filling up the DagBag from /opt/airflow/dags/youtube_pipeline.py
[2026-07-31T00:39:08.311+0000] {processor.py:840} INFO - DAG(s) 'youtube_english_video_pipeline' retrieved from /opt/airflow/dags/youtube_pipeline.py
[2026-07-31T00:39:08.388+0000] {logging_mixin.py:188} INFO - [2026-07-31T00:39:08.387+0000] {dag.py:3089} INFO - Sync 1 DAGs
[2026-07-31T00:39:08.428+0000] {logging_mixin.py:188} INFO - [2026-07-31T00:39:08.427+0000] {dag.py:3947} INFO - Setting next_dagrun for youtube_english_video_pipeline to 2026-07-30 12:00:00+00:00, run_after=2026-07-31 12:00:00+00:00
[2026-07-31T00:39:08.471+0000] {processor.py:183} INFO - Processing /opt/airflow/dags/youtube_pipeline.py took 0.268 seconds
[2026-07-31T00:39:38.959+0000] {processor.py:161} INFO - Started process (PID=74360) to work on /opt/airflow/dags/youtube_pipeline.py
[2026-07-31T00:39:38.961+0000] {processor.py:830} INFO - Processing file /opt/airflow/dags/youtube_pipeline.py for tasks to queue
[2026-07-31T00:39:38.964+0000] {logging_mixin.py:188} INFO - [2026-07-31T00:39:38.964+0000] {dagbag.py:545} INFO - Filling up the DagBag from /opt/airflow/dags/youtube_pipeline.py
[2026-07-31T00:39:39.072+0000] {processor.py:840} INFO - DAG(s) 'youtube_english_video_pipeline' retrieved from /opt/airflow/dags/youtube_pipeline.py
[2026-07-31T00:39:39.138+0000] {logging_mixin.py:188} INFO - [2026-07-31T00:39:39.138+0000] {dag.py:3089} INFO - Sync 1 DAGs
[2026-07-31T00:39:39.166+0000] {logging_mixin.py:188} INFO - [2026-07-31T00:39:39.166+0000] {dag.py:3947} INFO - Setting next_dagrun for youtube_english_video_pipeline to 2026-07-30 12:00:00+00:00, run_after=2026-07-31 12:00:00+00:00
[2026-07-31T00:39:39.215+0000] {processor.py:183} INFO - Processing /opt/airflow/dags/youtube_pipeline.py took 0.269 seconds
[2026-07-31T00:40:09.826+0000] {processor.py:161} INFO - Started process (PID=74365) to work on /opt/airflow/dags/youtube_pipeline.py
[2026-07-31T00:40:09.835+0000] {processor.py:830} INFO - Processing file /opt/airflow/dags/youtube_pipeline.py for tasks to queue
[2026-07-31T00:40:09.841+0000] {logging_mixin.py:188} INFO - [2026-07-31T00:40:09.840+0000] {dagbag.py:545} INFO - Filling up the DagBag from /opt/airflow/dags/youtube_pipeline.py
[2026-07-31T00:40:10.003+0000] {processor.py:840} INFO - DAG(s) 'youtube_english_video_pipeline' retrieved from /opt/airflow/dags/youtube_pipeline.py
[2026-07-31T00:40:10.082+0000] {logging_mixin.py:188} INFO - [2026-07-31T00:40:10.081+0000] {dag.py:3089} INFO - Sync 1 DAGs
[2026-07-31T00:40:10.117+0000] {logging_mixin.py:188} INFO - [2026-07-31T00:40:10.116+0000] {dag.py:3947} INFO - Setting next_dagrun for youtube_english_video_pipeline to 2026-07-30 12:00:00+00:00, run_after=2026-07-31 12:00:00+00:00
[2026-07-31T00:40:10.162+0000] {processor.py:183} INFO - Processing /opt/airflow/dags/youtube_pipeline.py took 0.352 seconds
[2026-07-31T00:40:40.724+0000] {processor.py:161} INFO - Started process (PID=74370) to work on /opt/airflow/dags/youtube_pipeline.py
[2026-07-31T00:40:40.726+0000] {processor.py:830} INFO - Processing file /opt/airflow/dags/youtube_pipeline.py for tasks to queue
[2026-07-31T00:40:40.728+0000] {logging_mixin.py:188} INFO - [2026-07-31T00:40:40.728+0000] {dagbag.py:545} INFO - Filling up the DagBag from /opt/airflow/dags/youtube_pipeline.py
[2026-07-31T00:40:40.818+0000] {processor.py:840} INFO - DAG(s) 'youtube_english_video_pipeline' retrieved from /opt/airflow/dags/youtube_pipeline.py
[2026-07-31T00:40:40.873+0000] {logging_mixin.py:188} INFO - [2026-07-31T00:40:40.873+0000] {dag.py:3089} INFO - Sync 1 DAGs
[2026-07-31T00:40:40.896+0000] {logging_mixin.py:188} INFO - [2026-07-31T00:40:40.896+0000] {dag.py:3947} INFO - Setting next_dagrun for youtube_english_video_pipeline to 2026-07-30 12:00:00+00:00, run_after=2026-07-31 12:00:00+00:00
[2026-07-31T00:40:40.929+0000] {processor.py:183} INFO - Processing /opt/airflow/dags/youtube_pipeline.py took 0.216 seconds
[2026-07-31T11:24:25.206+0000] {processor.py:161} INFO - Started process (PID=74375) to work on /opt/airflow/dags/youtube_pipeline.py
[2026-07-31T11:24:25.268+0000] {processor.py:830} INFO - Processing file /opt/airflow/dags/youtube_pipeline.py for tasks to queue
[2026-07-31T11:24:25.299+0000] {logging_mixin.py:188} INFO - [2026-07-31T11:24:25.298+0000] {dagbag.py:545} INFO - Filling up the DagBag from /opt/airflow/dags/youtube_pipeline.py
[2026-07-31T11:24:26.794+0000] {processor.py:840} INFO - DAG(s) 'youtube_english_video_pipeline' retrieved from /opt/airflow/dags/youtube_pipeline.py
[2026-07-31T11:24:26.935+0000] {logging_mixin.py:188} INFO - [2026-07-31T11:24:26.935+0000] {dag.py:3089} INFO - Sync 1 DAGs
[2026-07-31T11:24:26.988+0000] {logging_mixin.py:188} INFO - [2026-07-31T11:24:26.988+0000] {dag.py:3947} INFO - Setting next_dagrun for youtube_english_video_pipeline to 2026-07-30 12:00:00+00:00, run_after=2026-07-31 12:00:00+00:00
[2026-07-31T11:24:27.152+0000] {processor.py:183} INFO - Processing /opt/airflow/dags/youtube_pipeline.py took 2.002 seconds
