[2026-09-07T11:20:13.300+0000] {local_task_job_runner.py:120} INFO - ::group::Pre task execution logs
[2026-09-07T11:20:13.334+0000] {taskinstance.py:2076} INFO - Dependencies all met for dep_context=non-requeueable deps ti=<TaskInstance: youtube_english_video_pipeline.upload_long_video_1 manual__2026-09-07T11:05:33.821274+00:00 [queued]>
[2026-09-07T11:20:13.340+0000] {taskinstance.py:2076} INFO - Dependencies all met for dep_context=requeueable deps ti=<TaskInstance: youtube_english_video_pipeline.upload_long_video_1 manual__2026-09-07T11:05:33.821274+00:00 [queued]>
[2026-09-07T11:20:13.341+0000] {taskinstance.py:2306} INFO - Starting attempt 1 of 3
[2026-09-07T11:20:13.351+0000] {taskinstance.py:2330} INFO - Executing <Task(PythonOperator): upload_long_video_1> on 2026-09-07 11:05:33.821274+00:00
[2026-09-07T11:20:13.355+0000] {standard_task_runner.py:64} INFO - Started process 39366 to run task
[2026-09-07T11:20:13.357+0000] {standard_task_runner.py:90} INFO - Running: ['airflow', 'tasks', 'run', 'youtube_english_video_pipeline', 'upload_long_video_1', 'manual__2026-09-07T11:05:33.821274+00:00', '--job-id', '1011', '--raw', '--subdir', 'DAGS_FOLDER/youtube_pipeline.py', '--cfg-path', '/tmp/tmppe08_poc']
[2026-09-07T11:20:13.359+0000] {standard_task_runner.py:91} INFO - Job 1011: Subtask upload_long_video_1
[2026-09-07T11:20:13.418+0000] {task_command.py:426} INFO - Running <TaskInstance: youtube_english_video_pipeline.upload_long_video_1 manual__2026-09-07T11:05:33.821274+00:00 [running]> on host cc859d74cf38
[2026-09-07T11:20:13.588+0000] {taskinstance.py:2648} INFO - Exporting env vars: AIRFLOW_CTX_DAG_OWNER='taky' AIRFLOW_CTX_DAG_ID='youtube_english_video_pipeline' AIRFLOW_CTX_TASK_ID='upload_long_video_1' AIRFLOW_CTX_EXECUTION_DATE='2026-09-07T11:05:33.821274+00:00' AIRFLOW_CTX_TRY_NUMBER='1' AIRFLOW_CTX_DAG_RUN_ID='manual__2026-09-07T11:05:33.821274+00:00'
[2026-09-07T11:20:13.589+0000] {taskinstance.py:430} INFO - ::endgroup::
[2026-09-07T11:20:13.801+0000] {__init__.py:49} INFO - file_cache is only supported with oauth2client<4.0.0
[2026-09-07T11:20:13.808+0000] {logging_mixin.py:188} INFO - 2026-09-07 11:20:13,808 | INFO     | uploader.youtube_uploader | Uploading video '20 Daily English Expressions | Mixed English Expressions' (/opt/airflow/output/videos/long_2604.mp4) to YouTube...
[2026-09-07T11:20:18.294+0000] {logging_mixin.py:188} INFO - 2026-09-07 11:20:18,294 | INFO     | uploader.youtube_uploader | Upload complete. YouTube video id = 4RTd3m08qQQ
[2026-09-07T11:20:25.283+0000] {logging_mixin.py:188} INFO - 2026-09-07 11:20:25,283 | INFO     | uploader.youtube_uploader | Custom thumbnail uploaded.
[2026-09-07T11:20:25.296+0000] {python.py:237} INFO - Done. Returned value was: 4RTd3m08qQQ
[2026-09-07T11:20:25.298+0000] {taskinstance.py:441} INFO - ::group::Post task execution logs
[2026-09-07T11:20:25.320+0000] {taskinstance.py:1206} INFO - Marking task as SUCCESS. dag_id=youtube_english_video_pipeline, task_id=upload_long_video_1, run_id=manual__2026-09-07T11:05:33.821274+00:00, execution_date=20260907T110533, start_date=20260907T112013, end_date=20260907T112025
[2026-09-07T11:20:25.360+0000] {local_task_job_runner.py:243} INFO - Task exited with return code 0
[2026-09-07T11:20:25.520+0000] {taskinstance.py:3503} INFO - 1 downstream tasks scheduled from follow-on schedule check
[2026-09-07T11:20:25.525+0000] {local_task_job_runner.py:222} INFO - ::endgroup::
