[2026-09-07T11:23:17.079+0000] {local_task_job_runner.py:120} INFO - ::group::Pre task execution logs
[2026-09-07T11:23:17.105+0000] {taskinstance.py:2076} INFO - Dependencies all met for dep_context=non-requeueable deps ti=<TaskInstance: youtube_english_video_pipeline.upload_long_video_2 manual__2026-09-07T11:05:33.821274+00:00 [queued]>
[2026-09-07T11:23:17.111+0000] {taskinstance.py:2076} INFO - Dependencies all met for dep_context=requeueable deps ti=<TaskInstance: youtube_english_video_pipeline.upload_long_video_2 manual__2026-09-07T11:05:33.821274+00:00 [queued]>
[2026-09-07T11:23:17.112+0000] {taskinstance.py:2306} INFO - Starting attempt 1 of 3
[2026-09-07T11:23:17.122+0000] {taskinstance.py:2330} INFO - Executing <Task(PythonOperator): upload_long_video_2> on 2026-09-07 11:05:33.821274+00:00
[2026-09-07T11:23:17.126+0000] {standard_task_runner.py:64} INFO - Started process 42782 to run task
[2026-09-07T11:23:17.128+0000] {standard_task_runner.py:90} INFO - Running: ['airflow', 'tasks', 'run', 'youtube_english_video_pipeline', 'upload_long_video_2', 'manual__2026-09-07T11:05:33.821274+00:00', '--job-id', '1016', '--raw', '--subdir', 'DAGS_FOLDER/youtube_pipeline.py', '--cfg-path', '/tmp/tmp6ru0nyzp']
[2026-09-07T11:23:17.130+0000] {standard_task_runner.py:91} INFO - Job 1016: Subtask upload_long_video_2
[2026-09-07T11:23:17.184+0000] {task_command.py:426} INFO - Running <TaskInstance: youtube_english_video_pipeline.upload_long_video_2 manual__2026-09-07T11:05:33.821274+00:00 [running]> on host cc859d74cf38
[2026-09-07T11:23:17.352+0000] {taskinstance.py:2648} INFO - Exporting env vars: AIRFLOW_CTX_DAG_OWNER='taky' AIRFLOW_CTX_DAG_ID='youtube_english_video_pipeline' AIRFLOW_CTX_TASK_ID='upload_long_video_2' AIRFLOW_CTX_EXECUTION_DATE='2026-09-07T11:05:33.821274+00:00' AIRFLOW_CTX_TRY_NUMBER='1' AIRFLOW_CTX_DAG_RUN_ID='manual__2026-09-07T11:05:33.821274+00:00'
[2026-09-07T11:23:17.353+0000] {taskinstance.py:430} INFO - ::endgroup::
[2026-09-07T11:23:17.487+0000] {__init__.py:49} INFO - file_cache is only supported with oauth2client<4.0.0
[2026-09-07T11:23:17.491+0000] {logging_mixin.py:188} INFO - 2026-09-07 11:23:17,491 | INFO     | uploader.youtube_uploader | Uploading video '20 Daily English Expressions | Mixed English Expressions' (/opt/airflow/output/videos/long_2611.mp4) to YouTube...
[2026-09-07T11:23:25.773+0000] {logging_mixin.py:188} INFO - 2026-09-07 11:23:25,773 | INFO     | uploader.youtube_uploader | Upload complete. YouTube video id = KGADQloC8hk
[2026-09-07T11:23:29.930+0000] {logging_mixin.py:188} INFO - 2026-09-07 11:23:29,930 | INFO     | uploader.youtube_uploader | Custom thumbnail uploaded.
[2026-09-07T11:23:29.948+0000] {python.py:237} INFO - Done. Returned value was: KGADQloC8hk
[2026-09-07T11:23:29.949+0000] {taskinstance.py:441} INFO - ::group::Post task execution logs
[2026-09-07T11:23:29.977+0000] {taskinstance.py:1206} INFO - Marking task as SUCCESS. dag_id=youtube_english_video_pipeline, task_id=upload_long_video_2, run_id=manual__2026-09-07T11:05:33.821274+00:00, execution_date=20260907T110533, start_date=20260907T112317, end_date=20260907T112329
[2026-09-07T11:23:30.026+0000] {local_task_job_runner.py:243} INFO - Task exited with return code 0
[2026-09-07T11:23:30.170+0000] {taskinstance.py:3503} INFO - 1 downstream tasks scheduled from follow-on schedule check
[2026-09-07T11:23:30.175+0000] {local_task_job_runner.py:222} INFO - ::endgroup::
