[2026-07-27T01:39:20.474+0000] {local_task_job_runner.py:120} INFO - ::group::Pre task execution logs
[2026-07-27T01:39:20.537+0000] {taskinstance.py:2076} INFO - Dependencies all met for dep_context=non-requeueable deps ti=<TaskInstance: youtube_english_video_pipeline.build_short_video_5 scheduled__2026-07-25T12:00:00+00:00 [queued]>
[2026-07-27T01:39:20.555+0000] {taskinstance.py:2076} INFO - Dependencies all met for dep_context=requeueable deps ti=<TaskInstance: youtube_english_video_pipeline.build_short_video_5 scheduled__2026-07-25T12:00:00+00:00 [queued]>
[2026-07-27T01:39:20.558+0000] {taskinstance.py:2306} INFO - Starting attempt 1 of 3
[2026-07-27T01:39:20.584+0000] {taskinstance.py:2330} INFO - Executing <Task(PythonOperator): build_short_video_5> on 2026-07-25 12:00:00+00:00
[2026-07-27T01:39:20.592+0000] {standard_task_runner.py:64} INFO - Started process 40718 to run task
[2026-07-27T01:39:20.598+0000] {standard_task_runner.py:90} INFO - Running: ['airflow', 'tasks', 'run', 'youtube_english_video_pipeline', 'build_short_video_5', 'scheduled__2026-07-25T12:00:00+00:00', '--job-id', '385', '--raw', '--subdir', 'DAGS_FOLDER/youtube_pipeline.py', '--cfg-path', '/tmp/tmp1jm00i50']
[2026-07-27T01:39:20.604+0000] {standard_task_runner.py:91} INFO - Job 385: Subtask build_short_video_5
[2026-07-27T01:39:20.753+0000] {task_command.py:426} INFO - Running <TaskInstance: youtube_english_video_pipeline.build_short_video_5 scheduled__2026-07-25T12:00:00+00:00 [running]> on host cc859d74cf38
[2026-07-27T01:39:21.022+0000] {taskinstance.py:2648} INFO - Exporting env vars: AIRFLOW_CTX_DAG_OWNER='taky' AIRFLOW_CTX_DAG_ID='youtube_english_video_pipeline' AIRFLOW_CTX_TASK_ID='build_short_video_5' AIRFLOW_CTX_EXECUTION_DATE='2026-07-25T12:00:00+00:00' AIRFLOW_CTX_TRY_NUMBER='1' AIRFLOW_CTX_DAG_RUN_ID='scheduled__2026-07-25T12:00:00+00:00'
[2026-07-27T01:39:21.024+0000] {taskinstance.py:430} INFO - ::endgroup::
[2026-07-27T01:39:22.406+0000] {logging_mixin.py:188} INFO - 2026-07-27 01:39:22,405 | INFO     | planner.video_planner | Planned SHORT video: topic='Restaurant English', phrases=1
[2026-07-27T01:39:22.832+0000] {logging_mixin.py:188} INFO - 2026-07-27 01:39:22,832 | INFO     | tts.edge_tts | Synthesized audio -> /opt/airflow/output/audio/phrase_638.mp3
[2026-07-27T01:39:23.293+0000] {logging_mixin.py:188} INFO - 2026-07-27 01:39:23,293 | INFO     | tts.edge_tts | Synthesized audio -> /opt/airflow/output/audio/example_638.mp3
[2026-07-27T01:39:23.498+0000] {logging_mixin.py:188} INFO - 2026-07-27 01:39:23,498 | INFO     | media.image_downloader | Downloaded background image for scene='restaurant' -> /opt/airflow/output/images/short_638.jpg
[2026-07-27T01:39:27.107+0000] {logging_mixin.py:188} INFO - 2026-07-27 01:39:27,107 | WARNING  | video.video_builder | BGM file not found at /opt/airflow/assets/bgm/short_bgm.mp3, rendering without background music
[2026-07-27T01:39:29.056+0000] {logging_mixin.py:188} INFO - 2026-07-27 01:39:29,055 | INFO     | video.video_builder | Final video rendered -> /opt/airflow/output/videos/short_638.mp4
[2026-07-27T01:39:36.300+0000] {python.py:237} INFO - Done. Returned value was: {'video_id': 83, 'file_path': '/opt/airflow/output/videos/short_638.mp4', 'title': 'How to Ask for a Table in English 🍽️ Restaurant English #shorts', 'description': 'Are you eating out at an English-speaking restaurant? Learn how to ask for a table naturally with Taky\'s Language School!\n\n💬 Key Phrase:\n"Do you have a table for two?"\n\n✨ Natural Example:\n"Good evening, do you have a table for two near the window?"\n\nMaster real-world spoken English one phrase at a time. Subscribe to Taky\'s Language School for daily quick lessons!\n\n#LearnEnglish #RestaurantEnglish #EnglishPhrases #SpeakEnglish #Shorts', 'tags': ['learn english', 'restaurant english', 'table for two', 'english phrases', 'spoken english', "taky's language school", 'english for beginners', 'practical english', 'how to ask for a table in english', 'english conversation'], 'video_type': 'short'}
[2026-07-27T01:39:36.307+0000] {taskinstance.py:441} INFO - ::group::Post task execution logs
[2026-07-27T01:39:36.359+0000] {taskinstance.py:1206} INFO - Marking task as SUCCESS. dag_id=youtube_english_video_pipeline, task_id=build_short_video_5, run_id=scheduled__2026-07-25T12:00:00+00:00, execution_date=20260725T120000, start_date=20260727T013920, end_date=20260727T013936
[2026-07-27T01:39:36.458+0000] {local_task_job_runner.py:243} INFO - Task exited with return code 0
[2026-07-27T01:39:36.739+0000] {taskinstance.py:3503} INFO - 1 downstream tasks scheduled from follow-on schedule check
[2026-07-27T01:39:36.751+0000] {local_task_job_runner.py:222} INFO - ::endgroup::
