[2026-07-29T23:45:03.830+0000] {local_task_job_runner.py:120} INFO - ::group::Pre task execution logs
[2026-07-29T23:45:03.906+0000] {taskinstance.py:2076} INFO - Dependencies all met for dep_context=non-requeueable deps ti=<TaskInstance: youtube_english_video_pipeline.upload_long_video_7 scheduled__2026-07-28T12:00:00+00:00 [queued]>
[2026-07-29T23:45:03.920+0000] {taskinstance.py:2076} INFO - Dependencies all met for dep_context=requeueable deps ti=<TaskInstance: youtube_english_video_pipeline.upload_long_video_7 scheduled__2026-07-28T12:00:00+00:00 [queued]>
[2026-07-29T23:45:03.923+0000] {taskinstance.py:2306} INFO - Starting attempt 1 of 3
[2026-07-29T23:45:03.954+0000] {taskinstance.py:2330} INFO - Executing <Task(PythonOperator): upload_long_video_7> on 2026-07-28 12:00:00+00:00
[2026-07-29T23:45:03.962+0000] {standard_task_runner.py:64} INFO - Started process 64464 to run task
[2026-07-29T23:45:03.967+0000] {standard_task_runner.py:90} INFO - Running: ['airflow', 'tasks', 'run', 'youtube_english_video_pipeline', 'upload_long_video_7', 'scheduled__2026-07-28T12:00:00+00:00', '--job-id', '572', '--raw', '--subdir', 'DAGS_FOLDER/youtube_pipeline.py', '--cfg-path', '/tmp/tmpgk2_xlwf']
[2026-07-29T23:45:03.973+0000] {standard_task_runner.py:91} INFO - Job 572: Subtask upload_long_video_7
[2026-07-29T23:45:04.136+0000] {task_command.py:426} INFO - Running <TaskInstance: youtube_english_video_pipeline.upload_long_video_7 scheduled__2026-07-28T12:00:00+00:00 [running]> on host cc859d74cf38
[2026-07-29T23:45:04.546+0000] {taskinstance.py:2648} INFO - Exporting env vars: AIRFLOW_CTX_DAG_OWNER='taky' AIRFLOW_CTX_DAG_ID='youtube_english_video_pipeline' AIRFLOW_CTX_TASK_ID='upload_long_video_7' AIRFLOW_CTX_EXECUTION_DATE='2026-07-28T12:00:00+00:00' AIRFLOW_CTX_TRY_NUMBER='1' AIRFLOW_CTX_DAG_RUN_ID='scheduled__2026-07-28T12:00:00+00:00'
[2026-07-29T23:45:04.553+0000] {taskinstance.py:430} INFO - ::endgroup::
[2026-07-29T23:45:05.690+0000] {__init__.py:49} INFO - file_cache is only supported with oauth2client<4.0.0
[2026-07-29T23:45:05.720+0000] {logging_mixin.py:188} INFO - 2026-07-29 23:45:05,720 | INFO     | uploader.youtube_uploader | Uploading video '15+ Essential Everyday English Phrases You Need to Know | Spoken English Practice' (/opt/airflow/output/videos/long_1354.mp4) to YouTube...
[2026-07-29T23:45:20.521+0000] {logging_mixin.py:188} INFO - 2026-07-29 23:45:20,521 | INFO     | uploader.youtube_uploader | Upload complete. YouTube video id = -741V1OyZWc
[2026-07-29T23:45:24.702+0000] {logging_mixin.py:188} INFO - 2026-07-29 23:45:24,702 | INFO     | uploader.youtube_uploader | Custom thumbnail uploaded.
[2026-07-29T23:45:24.730+0000] {python.py:237} INFO - Done. Returned value was: -741V1OyZWc
[2026-07-29T23:45:24.734+0000] {taskinstance.py:441} INFO - ::group::Post task execution logs
[2026-07-29T23:45:24.792+0000] {taskinstance.py:1206} INFO - Marking task as SUCCESS. dag_id=youtube_english_video_pipeline, task_id=upload_long_video_7, run_id=scheduled__2026-07-28T12:00:00+00:00, execution_date=20260728T120000, start_date=20260729T234503, end_date=20260729T234524
[2026-07-29T23:45:24.867+0000] {local_task_job_runner.py:243} INFO - Task exited with return code 0
[2026-07-29T23:45:25.130+0000] {taskinstance.py:3503} INFO - 1 downstream tasks scheduled from follow-on schedule check
[2026-07-29T23:45:25.143+0000] {local_task_job_runner.py:222} INFO - ::endgroup::
