[2026-07-25T01:32:17.238+0000] {local_task_job_runner.py:120} INFO - ::group::Pre task execution logs
[2026-07-25T01:32:17.610+0000] {taskinstance.py:2076} INFO - Dependencies all met for dep_context=non-requeueable deps ti=<TaskInstance: youtube_english_video_pipeline.should_build_long_video manual__2026-07-25T01:15:55.579264+00:00 [queued]>
[2026-07-25T01:32:17.622+0000] {taskinstance.py:2076} INFO - Dependencies all met for dep_context=requeueable deps ti=<TaskInstance: youtube_english_video_pipeline.should_build_long_video manual__2026-07-25T01:15:55.579264+00:00 [queued]>
[2026-07-25T01:32:17.624+0000] {taskinstance.py:2306} INFO - Starting attempt 2 of 4
[2026-07-25T01:32:17.651+0000] {taskinstance.py:2330} INFO - Executing <Task(ShortCircuitOperator): should_build_long_video> on 2026-07-25 01:15:55.579264+00:00
[2026-07-25T01:32:17.658+0000] {standard_task_runner.py:64} INFO - Started process 797 to run task
[2026-07-25T01:32:17.662+0000] {standard_task_runner.py:90} INFO - Running: ['airflow', 'tasks', 'run', 'youtube_english_video_pipeline', 'should_build_long_video', 'manual__2026-07-25T01:15:55.579264+00:00', '--job-id', '107', '--raw', '--subdir', 'DAGS_FOLDER/youtube_pipeline.py', '--cfg-path', '/tmp/tmpxtlk1w9v']
[2026-07-25T01:32:17.666+0000] {standard_task_runner.py:91} INFO - Job 107: Subtask should_build_long_video
[2026-07-25T01:32:18.040+0000] {task_command.py:426} INFO - Running <TaskInstance: youtube_english_video_pipeline.should_build_long_video manual__2026-07-25T01:15:55.579264+00:00 [running]> on host 654b8331d764
[2026-07-25T01:32:18.660+0000] {taskinstance.py:2648} INFO - Exporting env vars: AIRFLOW_CTX_DAG_OWNER='taky' AIRFLOW_CTX_DAG_ID='youtube_english_video_pipeline' AIRFLOW_CTX_TASK_ID='should_build_long_video' AIRFLOW_CTX_EXECUTION_DATE='2026-07-25T01:15:55.579264+00:00' AIRFLOW_CTX_TRY_NUMBER='2' AIRFLOW_CTX_DAG_RUN_ID='manual__2026-07-25T01:15:55.579264+00:00'
[2026-07-25T01:32:18.686+0000] {taskinstance.py:430} INFO - ::endgroup::
[2026-07-25T01:32:18.875+0000] {baseoperator.py:400} WARNING - ShortCircuitOperator.execute cannot be called outside TaskInstance!
[2026-07-25T01:32:18.982+0000] {python.py:237} INFO - Done. Returned value was: True
[2026-07-25T01:32:19.065+0000] {python.py:304} INFO - Condition result is True
[2026-07-25T01:32:19.087+0000] {python.py:307} INFO - Proceeding with downstream tasks...
[2026-07-25T01:32:19.112+0000] {taskinstance.py:441} INFO - ::group::Post task execution logs
[2026-07-25T01:32:19.234+0000] {taskinstance.py:1206} INFO - Marking task as SUCCESS. dag_id=youtube_english_video_pipeline, task_id=should_build_long_video, run_id=manual__2026-07-25T01:15:55.579264+00:00, execution_date=20260725T011555, start_date=20260725T013217, end_date=20260725T013219
[2026-07-25T01:32:19.326+0000] {local_task_job_runner.py:243} INFO - Task exited with return code 0
[2026-07-25T01:32:19.415+0000] {taskinstance.py:3503} INFO - 0 downstream tasks scheduled from follow-on schedule check
[2026-07-25T01:32:19.560+0000] {local_task_job_runner.py:222} INFO - ::endgroup::
