[2026-07-27T11:03:49.500+0000] {local_task_job_runner.py:120} INFO - ::group::Pre task execution logs
[2026-07-27T11:03:49.529+0000] {taskinstance.py:2076} INFO - Dependencies all met for dep_context=non-requeueable deps ti=<TaskInstance: youtube_english_video_pipeline.build_short_video_3 manual__2026-07-27T10:57:47.140907+00:00 [queued]>
[2026-07-27T11:03:49.535+0000] {taskinstance.py:2076} INFO - Dependencies all met for dep_context=requeueable deps ti=<TaskInstance: youtube_english_video_pipeline.build_short_video_3 manual__2026-07-27T10:57:47.140907+00:00 [queued]>
[2026-07-27T11:03:49.537+0000] {taskinstance.py:2306} INFO - Starting attempt 1 of 3
[2026-07-27T11:03:49.548+0000] {taskinstance.py:2330} INFO - Executing <Task(PythonOperator): build_short_video_3> on 2026-07-27 10:57:47.140907+00:00
[2026-07-27T11:03:49.555+0000] {standard_task_runner.py:64} INFO - Started process 67177 to run task
[2026-07-27T11:03:49.559+0000] {standard_task_runner.py:90} INFO - Running: ['airflow', 'tasks', 'run', 'youtube_english_video_pipeline', 'build_short_video_3', 'manual__2026-07-27T10:57:47.140907+00:00', '--job-id', '425', '--raw', '--subdir', 'DAGS_FOLDER/youtube_pipeline.py', '--cfg-path', '/tmp/tmp9mxgfb7n']
[2026-07-27T11:03:49.566+0000] {standard_task_runner.py:91} INFO - Job 425: Subtask build_short_video_3
[2026-07-27T11:03:49.658+0000] {task_command.py:426} INFO - Running <TaskInstance: youtube_english_video_pipeline.build_short_video_3 manual__2026-07-27T10:57:47.140907+00:00 [running]> on host cc859d74cf38
[2026-07-27T11:03:49.879+0000] {taskinstance.py:2648} INFO - Exporting env vars: AIRFLOW_CTX_DAG_OWNER='taky' AIRFLOW_CTX_DAG_ID='youtube_english_video_pipeline' AIRFLOW_CTX_TASK_ID='build_short_video_3' AIRFLOW_CTX_EXECUTION_DATE='2026-07-27T10:57:47.140907+00:00' AIRFLOW_CTX_TRY_NUMBER='1' AIRFLOW_CTX_DAG_RUN_ID='manual__2026-07-27T10:57:47.140907+00:00'
[2026-07-27T11:03:49.882+0000] {taskinstance.py:430} INFO - ::endgroup::
[2026-07-27T11:03:50.656+0000] {logging_mixin.py:188} INFO - 2026-07-27 11:03:50,656 | INFO     | planner.video_planner | Planned SHORT video: topic='Hotel English', phrases=1
[2026-07-27T11:03:51.188+0000] {logging_mixin.py:188} INFO - 2026-07-27 11:03:51,188 | INFO     | tts.edge_tts | Synthesized audio -> /opt/airflow/output/audio/phrase_794.mp3
[2026-07-27T11:03:51.559+0000] {logging_mixin.py:188} INFO - 2026-07-27 11:03:51,559 | INFO     | tts.edge_tts | Synthesized audio -> /opt/airflow/output/audio/example_794.mp3
[2026-07-27T11:03:51.857+0000] {logging_mixin.py:188} INFO - 2026-07-27 11:03:51,857 | INFO     | media.image_downloader | Downloaded background image for scene='hotel' -> /opt/airflow/output/images/short_794.jpg
[2026-07-27T11:03:54.625+0000] {logging_mixin.py:188} INFO - 2026-07-27 11:03:54,624 | WARNING  | video.video_builder | BGM file not found at /opt/airflow/assets/bgm/short_bgm.mp3, rendering without background music
[2026-07-27T11:03:56.121+0000] {logging_mixin.py:188} INFO - 2026-07-27 11:03:56,121 | INFO     | video.video_builder | Final video rendered -> /opt/airflow/output/videos/short_794.mp4
[2026-07-27T11:04:02.193+0000] {python.py:237} INFO - Done. Returned value was: {'video_id': 99, 'file_path': '/opt/airflow/output/videos/short_794.mp4', 'title': 'How to Ask for a Late Check-Out in English! 🏨 #Shorts', 'description': "Need extra time before leaving your hotel? Learn how to ask for a late check-out naturally!\n\nUseful Phrases Covered:\n• Could I get a late check-out?\n• Is it possible to get a late check-out tomorrow morning?\n\nMaster essential travel English phrases with Taky's Language School! Subscribe for quick, practical spoken English shorts.\n\n#HotelEnglish #LearnEnglish #TravelEnglish #TakysLanguageSchool", 'tags': ['Hotel English', 'How to ask for late check out', 'English for travel', "Taky's Language School", 'Learn English Shorts', 'English phrases for hotel', 'Travel English', 'Spoken English lesson', 'Useful English phrases', 'ESL Shorts'], 'video_type': 'short'}
[2026-07-27T11:04:02.194+0000] {taskinstance.py:441} INFO - ::group::Post task execution logs
[2026-07-27T11:04:02.224+0000] {taskinstance.py:1206} INFO - Marking task as SUCCESS. dag_id=youtube_english_video_pipeline, task_id=build_short_video_3, run_id=manual__2026-07-27T10:57:47.140907+00:00, execution_date=20260727T105747, start_date=20260727T110349, end_date=20260727T110402
[2026-07-27T11:04:02.291+0000] {local_task_job_runner.py:243} INFO - Task exited with return code 0
[2026-07-27T11:04:02.515+0000] {taskinstance.py:3503} INFO - 1 downstream tasks scheduled from follow-on schedule check
[2026-07-27T11:04:02.520+0000] {local_task_job_runner.py:222} INFO - ::endgroup::
