[2026-07-28T12:42:32.615+0000] {local_task_job_runner.py:120} INFO - ::group::Pre task execution logs
[2026-07-28T12:42:32.661+0000] {taskinstance.py:2076} INFO - Dependencies all met for dep_context=non-requeueable deps ti=<TaskInstance: youtube_english_video_pipeline.upload_long_video_3 scheduled__2026-07-27T12:00:00+00:00 [queued]>
[2026-07-28T12:42:32.673+0000] {taskinstance.py:2076} INFO - Dependencies all met for dep_context=requeueable deps ti=<TaskInstance: youtube_english_video_pipeline.upload_long_video_3 scheduled__2026-07-27T12:00:00+00:00 [queued]>
[2026-07-28T12:42:32.675+0000] {taskinstance.py:2306} INFO - Starting attempt 1 of 3
[2026-07-28T12:42:32.687+0000] {taskinstance.py:2330} INFO - Executing <Task(PythonOperator): upload_long_video_3> on 2026-07-27 12:00:00+00:00
[2026-07-28T12:42:32.692+0000] {standard_task_runner.py:64} INFO - Started process 17431 to run task
[2026-07-28T12:42:32.696+0000] {standard_task_runner.py:90} INFO - Running: ['airflow', 'tasks', 'run', 'youtube_english_video_pipeline', 'upload_long_video_3', 'scheduled__2026-07-27T12:00:00+00:00', '--job-id', '501', '--raw', '--subdir', 'DAGS_FOLDER/youtube_pipeline.py', '--cfg-path', '/tmp/tmpnsqa5qkd']
[2026-07-28T12:42:32.701+0000] {standard_task_runner.py:91} INFO - Job 501: Subtask upload_long_video_3
[2026-07-28T12:42:32.786+0000] {task_command.py:426} INFO - Running <TaskInstance: youtube_english_video_pipeline.upload_long_video_3 scheduled__2026-07-27T12:00:00+00:00 [running]> on host cc859d74cf38
[2026-07-28T12:42:33.056+0000] {taskinstance.py:2648} INFO - Exporting env vars: AIRFLOW_CTX_DAG_OWNER='taky' AIRFLOW_CTX_DAG_ID='youtube_english_video_pipeline' AIRFLOW_CTX_TASK_ID='upload_long_video_3' AIRFLOW_CTX_EXECUTION_DATE='2026-07-27T12:00:00+00:00' AIRFLOW_CTX_TRY_NUMBER='1' AIRFLOW_CTX_DAG_RUN_ID='scheduled__2026-07-27T12:00:00+00:00'
[2026-07-28T12:42:33.058+0000] {taskinstance.py:430} INFO - ::endgroup::
[2026-07-28T12:42:33.376+0000] {__init__.py:49} INFO - file_cache is only supported with oauth2client<4.0.0
[2026-07-28T12:42:33.391+0000] {logging_mixin.py:188} INFO - 2026-07-28 12:42:33,391 | INFO     | uploader.youtube_uploader | Uploading video '20 Everyday Spoken English Phrases You Must Know! | Taky's Language School' (/opt/airflow/output/videos/long_1084.mp4) to YouTube...
[2026-07-28T12:42:40.902+0000] {logging_mixin.py:188} INFO - 2026-07-28 12:42:40,902 | INFO     | uploader.youtube_uploader | Upload complete. YouTube video id = dQ8byQqBCFg
[2026-07-28T12:42:45.042+0000] {logging_mixin.py:188} INFO - 2026-07-28 12:42:45,042 | INFO     | uploader.youtube_uploader | Custom thumbnail uploaded.
[2026-07-28T12:42:45.061+0000] {python.py:237} INFO - Done. Returned value was: dQ8byQqBCFg
[2026-07-28T12:42:45.063+0000] {taskinstance.py:441} INFO - ::group::Post task execution logs
[2026-07-28T12:42:45.098+0000] {taskinstance.py:1206} INFO - Marking task as SUCCESS. dag_id=youtube_english_video_pipeline, task_id=upload_long_video_3, run_id=scheduled__2026-07-27T12:00:00+00:00, execution_date=20260727T120000, start_date=20260728T124232, end_date=20260728T124245
[2026-07-28T12:42:45.137+0000] {local_task_job_runner.py:243} INFO - Task exited with return code 0
[2026-07-28T12:42:45.330+0000] {taskinstance.py:3503} INFO - 0 downstream tasks scheduled from follow-on schedule check
[2026-07-28T12:42:45.335+0000] {local_task_job_runner.py:222} INFO - ::endgroup::
