[2026-09-20T11:17:35.143+0000] {local_task_job_runner.py:120} INFO - ::group::Pre task execution logs
[2026-09-20T11:17:35.181+0000] {taskinstance.py:2076} INFO - Dependencies all met for dep_context=non-requeueable deps ti=<TaskInstance: youtube_english_video_pipeline.build_short_video_6 manual__2026-09-20T11:03:20.949531+00:00 [queued]>
[2026-09-20T11:17:35.190+0000] {taskinstance.py:2076} INFO - Dependencies all met for dep_context=requeueable deps ti=<TaskInstance: youtube_english_video_pipeline.build_short_video_6 manual__2026-09-20T11:03:20.949531+00:00 [queued]>
[2026-09-20T11:17:35.192+0000] {taskinstance.py:2306} INFO - Starting attempt 1 of 3
[2026-09-20T11:17:35.204+0000] {taskinstance.py:2330} INFO - Executing <Task(PythonOperator): build_short_video_6> on 2026-09-20 11:03:20.949531+00:00
[2026-09-20T11:17:35.209+0000] {standard_task_runner.py:64} INFO - Started process 49991 to run task
[2026-09-20T11:17:35.212+0000] {standard_task_runner.py:90} INFO - Running: ['airflow', 'tasks', 'run', 'youtube_english_video_pipeline', 'build_short_video_6', 'manual__2026-09-20T11:03:20.949531+00:00', '--job-id', '1338', '--raw', '--subdir', 'DAGS_FOLDER/youtube_pipeline.py', '--cfg-path', '/tmp/tmpg196kbbk']
[2026-09-20T11:17:35.214+0000] {standard_task_runner.py:91} INFO - Job 1338: Subtask build_short_video_6
[2026-09-20T11:17:35.270+0000] {task_command.py:426} INFO - Running <TaskInstance: youtube_english_video_pipeline.build_short_video_6 manual__2026-09-20T11:03:20.949531+00:00 [running]> on host 73b18333cdfe
[2026-09-20T11:17:35.521+0000] {taskinstance.py:2648} INFO - Exporting env vars: AIRFLOW_CTX_DAG_OWNER='taky' AIRFLOW_CTX_DAG_ID='youtube_english_video_pipeline' AIRFLOW_CTX_TASK_ID='build_short_video_6' AIRFLOW_CTX_EXECUTION_DATE='2026-09-20T11:03:20.949531+00:00' AIRFLOW_CTX_TRY_NUMBER='1' AIRFLOW_CTX_DAG_RUN_ID='manual__2026-09-20T11:03:20.949531+00:00'
[2026-09-20T11:17:35.521+0000] {taskinstance.py:430} INFO - ::endgroup::
[2026-09-20T11:17:36.121+0000] {logging_mixin.py:188} INFO - 2026-09-20 11:17:36,121 | INFO     | planner.video_planner | Planned SHORT video: topic='Hotel English', phrases=1
[2026-09-20T11:17:36.339+0000] {logging_mixin.py:188} INFO - 2026-09-20 11:17:36,339 | INFO     | tts.edge_tts | Synthesized audio -> /opt/airflow/output/audio/phrase_2983.mp3
[2026-09-20T11:17:36.746+0000] {logging_mixin.py:188} INFO - 2026-09-20 11:17:36,746 | INFO     | tts.edge_tts | Synthesized audio -> /opt/airflow/output/audio/example_2983.mp3
[2026-09-20T11:17:37.195+0000] {logging_mixin.py:188} INFO - 2026-09-20 11:17:37,195 | INFO     | media.image_downloader | Downloaded background image for scene='hotel' -> /opt/airflow/output/images/short_2983.jpg
[2026-09-20T11:17:40.408+0000] {logging_mixin.py:188} INFO - 2026-09-20 11:17:40,408 | WARNING  | video.video_builder | BGM file not found at /opt/airflow/assets/bgm/short_bgm.mp3, rendering without background music
[2026-09-20T11:17:42.296+0000] {logging_mixin.py:188} INFO - 2026-09-20 11:17:42,296 | INFO     | video.video_builder | Final video rendered -> /opt/airflow/output/videos/short_2983.mp4
[2026-09-20T11:17:47.406+0000] {python.py:237} INFO - Done. Returned value was: {'video_id': 404, 'file_path': '/opt/airflow/output/videos/short_2983.mp4', 'title': "Hotel English: How to ask for checkout time | Taky's Language School", 'description': "Planning a trip? Don't get stuck at the front desk! Learn how to ask 'What time is checkout?' like a pro in this quick English lesson. Perfect for travelers and English learners practicing real-life hotel conversations. \n\nIn this short, we cover:\n- The essential phrase: 'What time is checkout?'\n- How to use it in a full sentence: 'We're leaving tomorrow morning; what time is checkout here?'\n\nSubscribe to Taky's Language School for more practical travel English tips and everyday conversation practice! \n\n#EnglishLearning #HotelEnglish #TravelEnglish #LearnEnglish #Shorts #EnglishSpeaking", 'tags': ['English learning', 'Hotel English', 'Travel English', 'English conversation', 'Speak English', "Taky's Language School", 'Learn English online', 'English for travelers', 'Checkout time'], 'video_type': 'short'}
[2026-09-20T11:17:47.407+0000] {taskinstance.py:441} INFO - ::group::Post task execution logs
[2026-09-20T11:17:47.435+0000] {taskinstance.py:1206} INFO - Marking task as SUCCESS. dag_id=youtube_english_video_pipeline, task_id=build_short_video_6, run_id=manual__2026-09-20T11:03:20.949531+00:00, execution_date=20260920T110320, start_date=20260920T111735, end_date=20260920T111747
[2026-09-20T11:17:47.482+0000] {local_task_job_runner.py:243} INFO - Task exited with return code 0
[2026-09-20T11:17:47.672+0000] {taskinstance.py:3503} INFO - 1 downstream tasks scheduled from follow-on schedule check
[2026-09-20T11:17:47.687+0000] {local_task_job_runner.py:222} INFO - ::endgroup::
