[2026-07-25T12:20:42.381+0000] {local_task_job_runner.py:120} INFO - ::group::Pre task execution logs
[2026-07-25T12:20:42.416+0000] {taskinstance.py:2076} INFO - Dependencies all met for dep_context=non-requeueable deps ti=<TaskInstance: youtube_english_video_pipeline.build_short_video_2 manual__2026-07-25T09:49:38.187523+00:00 [queued]>
[2026-07-25T12:20:42.426+0000] {taskinstance.py:2076} INFO - Dependencies all met for dep_context=requeueable deps ti=<TaskInstance: youtube_english_video_pipeline.build_short_video_2 manual__2026-07-25T09:49:38.187523+00:00 [queued]>
[2026-07-25T12:20:42.427+0000] {taskinstance.py:2306} INFO - Starting attempt 1 of 3
[2026-07-25T12:20:42.443+0000] {taskinstance.py:2330} INFO - Executing <Task(PythonOperator): build_short_video_2> on 2026-07-25 09:49:38.187523+00:00
[2026-07-25T12:20:42.448+0000] {standard_task_runner.py:64} INFO - Started process 2916 to run task
[2026-07-25T12:20:42.451+0000] {standard_task_runner.py:90} INFO - Running: ['airflow', 'tasks', 'run', 'youtube_english_video_pipeline', 'build_short_video_2', 'manual__2026-07-25T09:49:38.187523+00:00', '--job-id', '318', '--raw', '--subdir', 'DAGS_FOLDER/youtube_pipeline.py', '--cfg-path', '/tmp/tmpriww32xe']
[2026-07-25T12:20:42.454+0000] {standard_task_runner.py:91} INFO - Job 318: Subtask build_short_video_2
[2026-07-25T12:20:42.528+0000] {task_command.py:426} INFO - Running <TaskInstance: youtube_english_video_pipeline.build_short_video_2 manual__2026-07-25T09:49:38.187523+00:00 [running]> on host cc859d74cf38
[2026-07-25T12:20:42.771+0000] {taskinstance.py:2648} INFO - Exporting env vars: AIRFLOW_CTX_DAG_OWNER='taky' AIRFLOW_CTX_DAG_ID='youtube_english_video_pipeline' AIRFLOW_CTX_TASK_ID='build_short_video_2' AIRFLOW_CTX_EXECUTION_DATE='2026-07-25T09:49:38.187523+00:00' AIRFLOW_CTX_TRY_NUMBER='1' AIRFLOW_CTX_DAG_RUN_ID='manual__2026-07-25T09:49:38.187523+00:00'
[2026-07-25T12:20:42.772+0000] {taskinstance.py:430} INFO - ::endgroup::
[2026-07-25T12:20:43.351+0000] {logging_mixin.py:188} INFO - 2026-07-25 12:20:43,351 | INFO     | planner.video_planner | Planned SHORT video: topic='Shopping English', phrases=1
[2026-07-25T12:20:43.796+0000] {logging_mixin.py:188} INFO - 2026-07-25 12:20:43,795 | INFO     | tts.edge_tts | Synthesized audio -> /opt/airflow/output/audio/phrase_462.mp3
[2026-07-25T12:20:44.266+0000] {logging_mixin.py:188} INFO - 2026-07-25 12:20:44,266 | INFO     | tts.edge_tts | Synthesized audio -> /opt/airflow/output/audio/example_462.mp3
[2026-07-25T12:20:44.967+0000] {logging_mixin.py:188} INFO - 2026-07-25 12:20:44,967 | INFO     | media.image_downloader | Downloaded background image for scene='shopping' -> /opt/airflow/output/images/short_462.jpg
[2026-07-25T12:20:48.982+0000] {logging_mixin.py:188} INFO - 2026-07-25 12:20:48,982 | WARNING  | video.video_builder | BGM file not found at /opt/airflow/assets/bgm/short_bgm.mp3, rendering without background music
[2026-07-25T12:20:51.247+0000] {logging_mixin.py:188} INFO - 2026-07-25 12:20:51,247 | INFO     | video.video_builder | Final video rendered -> /opt/airflow/output/videos/short_462.mp4
[2026-07-25T12:20:59.867+0000] {python.py:237} INFO - Done. Returned value was: {'video_id': 61, 'file_path': '/opt/airflow/output/videos/short_462.mp4', 'title': 'Do You Have This in a Smaller Size? 🛍️ Shopping English #Shorts', 'description': 'Learn essential Shopping English with Taky\'s Language School! 🛍️✨\n\nIs your jacket too big? Here is the perfect phrase to use when shopping:\n\n👉 "This jacket is a bit loose on me. Do you have this in a smaller size?"\n\nMaster practical spoken English for your next shopping trip! Practice by leaving a comment below. 👇\n\nSubscribe to Taky\'s Language School for daily English learning tips and real-life phrases!\n\n#ShoppingEnglish #LearnEnglish #EnglishPhrases #SpeakEnglish #ESL #TakysLanguageSchool #Shorts', 'tags': ['shopping english', 'learn english', 'english phrases', 'spoken english', 'english for shopping', "taky's language school", 'practical english', 'english shorts', 'esl tips', 'ask for smaller size english', 'english conversation practice'], 'video_type': 'short'}
[2026-07-25T12:20:59.869+0000] {taskinstance.py:441} INFO - ::group::Post task execution logs
[2026-07-25T12:20:59.906+0000] {taskinstance.py:1206} INFO - Marking task as SUCCESS. dag_id=youtube_english_video_pipeline, task_id=build_short_video_2, run_id=manual__2026-07-25T09:49:38.187523+00:00, execution_date=20260725T094938, start_date=20260725T122042, end_date=20260725T122059
[2026-07-25T12:20:59.956+0000] {local_task_job_runner.py:243} INFO - Task exited with return code 0
[2026-07-25T12:21:00.173+0000] {taskinstance.py:3503} INFO - 1 downstream tasks scheduled from follow-on schedule check
[2026-07-25T12:21:00.177+0000] {local_task_job_runner.py:222} INFO - ::endgroup::
