[2026-07-28T12:36:41.469+0000] {local_task_job_runner.py:120} INFO - ::group::Pre task execution logs
[2026-07-28T12:36:41.506+0000] {taskinstance.py:2076} INFO - Dependencies all met for dep_context=non-requeueable deps ti=<TaskInstance: youtube_english_video_pipeline.build_short_video_2 scheduled__2026-07-27T12:00:00+00:00 [queued]>
[2026-07-28T12:36:41.515+0000] {taskinstance.py:2076} INFO - Dependencies all met for dep_context=requeueable deps ti=<TaskInstance: youtube_english_video_pipeline.build_short_video_2 scheduled__2026-07-27T12:00:00+00:00 [queued]>
[2026-07-28T12:36:41.517+0000] {taskinstance.py:2306} INFO - Starting attempt 1 of 3
[2026-07-28T12:36:41.534+0000] {taskinstance.py:2330} INFO - Executing <Task(PythonOperator): build_short_video_2> on 2026-07-27 12:00:00+00:00
[2026-07-28T12:36:41.542+0000] {standard_task_runner.py:64} INFO - Started process 10616 to run task
[2026-07-28T12:36:41.549+0000] {standard_task_runner.py:90} INFO - Running: ['airflow', 'tasks', 'run', 'youtube_english_video_pipeline', 'build_short_video_2', 'scheduled__2026-07-27T12:00:00+00:00', '--job-id', '493', '--raw', '--subdir', 'DAGS_FOLDER/youtube_pipeline.py', '--cfg-path', '/tmp/tmpw95v1tuk']
[2026-07-28T12:36:41.556+0000] {standard_task_runner.py:91} INFO - Job 493: Subtask build_short_video_2
[2026-07-28T12:36:41.650+0000] {task_command.py:426} INFO - Running <TaskInstance: youtube_english_video_pipeline.build_short_video_2 scheduled__2026-07-27T12:00:00+00:00 [running]> on host cc859d74cf38
[2026-07-28T12:36:41.904+0000] {taskinstance.py:2648} INFO - Exporting env vars: AIRFLOW_CTX_DAG_OWNER='taky' AIRFLOW_CTX_DAG_ID='youtube_english_video_pipeline' AIRFLOW_CTX_TASK_ID='build_short_video_2' AIRFLOW_CTX_EXECUTION_DATE='2026-07-27T12:00:00+00:00' AIRFLOW_CTX_TRY_NUMBER='1' AIRFLOW_CTX_DAG_RUN_ID='scheduled__2026-07-27T12:00:00+00:00'
[2026-07-28T12:36:41.905+0000] {taskinstance.py:430} INFO - ::endgroup::
[2026-07-28T12:36:42.649+0000] {logging_mixin.py:188} INFO - 2026-07-28 12:36:42,648 | INFO     | planner.video_planner | Planned SHORT video: topic='Shopping English', phrases=1
[2026-07-28T12:36:42.958+0000] {logging_mixin.py:188} INFO - 2026-07-28 12:36:42,958 | INFO     | tts.edge_tts | Synthesized audio -> /opt/airflow/output/audio/phrase_1152.mp3
[2026-07-28T12:36:43.299+0000] {logging_mixin.py:188} INFO - 2026-07-28 12:36:43,299 | INFO     | tts.edge_tts | Synthesized audio -> /opt/airflow/output/audio/example_1152.mp3
[2026-07-28T12:36:43.517+0000] {logging_mixin.py:188} INFO - 2026-07-28 12:36:43,517 | INFO     | media.image_downloader | Downloaded background image for scene='store' -> /opt/airflow/output/images/short_1152.jpg
[2026-07-28T12:36:46.647+0000] {logging_mixin.py:188} INFO - 2026-07-28 12:36:46,646 | WARNING  | video.video_builder | BGM file not found at /opt/airflow/assets/bgm/short_bgm.mp3, rendering without background music
[2026-07-28T12:36:48.448+0000] {logging_mixin.py:188} INFO - 2026-07-28 12:36:48,448 | INFO     | video.video_builder | Final video rendered -> /opt/airflow/output/videos/short_1152.mp4
[2026-07-28T12:36:56.343+0000] {python.py:237} INFO - Done. Returned value was: {'video_id': 125, 'file_path': '/opt/airflow/output/videos/short_1152.mp4', 'title': 'How to Pay by Card in English 💳 Useful Shopping English Phrase! #Shorts', 'description': 'Learn practical Shopping English with Taky\'s Language School! 🛍️\n\nOut of cash while shopping abroad? Don\'t worry! Here is a super useful English phrase you can use at any store:\n\n👉 "I don\'t have enough cash on me, do you accept credit cards?"\n\nMaster real-life spoken English phrases to shop with confidence!\n\n🔔 Subscribe to Taky\'s Language School for daily quick English tips and real-world conversation skills!\n\n#English #LearnEnglish #ShoppingEnglish #EnglishPhrases #Shorts', 'tags': ['Shopping English', 'Learn English', 'English phrases', "Taky's Language School", 'Spoken English', 'Do you accept credit cards', 'English for shopping', 'ESL', 'English shorts', 'Everyday English'], 'video_type': 'short'}
[2026-07-28T12:36:56.344+0000] {taskinstance.py:441} INFO - ::group::Post task execution logs
[2026-07-28T12:36:56.363+0000] {taskinstance.py:1206} INFO - Marking task as SUCCESS. dag_id=youtube_english_video_pipeline, task_id=build_short_video_2, run_id=scheduled__2026-07-27T12:00:00+00:00, execution_date=20260727T120000, start_date=20260728T123641, end_date=20260728T123656
[2026-07-28T12:36:56.423+0000] {local_task_job_runner.py:243} INFO - Task exited with return code 0
[2026-07-28T12:36:56.599+0000] {taskinstance.py:3503} INFO - 1 downstream tasks scheduled from follow-on schedule check
[2026-07-28T12:36:56.604+0000] {local_task_job_runner.py:222} INFO - ::endgroup::
