[2026-08-20T00:28:39.960+0000] {local_task_job_runner.py:120} INFO - ::group::Pre task execution logs
[2026-08-20T00:28:39.998+0000] {taskinstance.py:2076} INFO - Dependencies all met for dep_context=non-requeueable deps ti=<TaskInstance: youtube_english_video_pipeline.build_long_video_6 scheduled__2026-08-18T12:00:00+00:00 [queued]>
[2026-08-20T00:28:40.007+0000] {taskinstance.py:2076} INFO - Dependencies all met for dep_context=requeueable deps ti=<TaskInstance: youtube_english_video_pipeline.build_long_video_6 scheduled__2026-08-18T12:00:00+00:00 [queued]>
[2026-08-20T00:28:40.008+0000] {taskinstance.py:2306} INFO - Starting attempt 2 of 3
[2026-08-20T00:28:40.029+0000] {taskinstance.py:2330} INFO - Executing <Task(PythonOperator): build_long_video_6> on 2026-08-18 12:00:00+00:00
[2026-08-20T00:28:40.036+0000] {standard_task_runner.py:64} INFO - Started process 51300 to run task
[2026-08-20T00:28:40.039+0000] {standard_task_runner.py:90} INFO - Running: ['airflow', 'tasks', 'run', 'youtube_english_video_pipeline', 'build_long_video_6', 'scheduled__2026-08-18T12:00:00+00:00', '--job-id', '833', '--raw', '--subdir', 'DAGS_FOLDER/youtube_pipeline.py', '--cfg-path', '/tmp/tmp125s0cyq']
[2026-08-20T00:28:40.042+0000] {standard_task_runner.py:91} INFO - Job 833: Subtask build_long_video_6
[2026-08-20T00:28:40.140+0000] {task_command.py:426} INFO - Running <TaskInstance: youtube_english_video_pipeline.build_long_video_6 scheduled__2026-08-18T12:00:00+00:00 [running]> on host cc859d74cf38
[2026-08-20T00:28:40.392+0000] {taskinstance.py:2648} INFO - Exporting env vars: AIRFLOW_CTX_DAG_OWNER='taky' AIRFLOW_CTX_DAG_ID='youtube_english_video_pipeline' AIRFLOW_CTX_TASK_ID='build_long_video_6' AIRFLOW_CTX_EXECUTION_DATE='2026-08-18T12:00:00+00:00' AIRFLOW_CTX_TRY_NUMBER='2' AIRFLOW_CTX_DAG_RUN_ID='scheduled__2026-08-18T12:00:00+00:00'
[2026-08-20T00:28:40.393+0000] {taskinstance.py:430} INFO - ::endgroup::
[2026-08-20T00:28:41.433+0000] {logging_mixin.py:188} INFO - 2026-08-20 00:28:41,433 | INFO     | planner.video_planner | Only 3 phrases for topic='Daily Conversation', topping up without topic filter
[2026-08-20T00:28:41.442+0000] {taskinstance.py:441} INFO - ::group::Post task execution logs
[2026-08-20T00:28:41.444+0000] {taskinstance.py:2905} ERROR - Task failed with exception
Traceback (most recent call last):
  File "/home/airflow/.local/lib/python3.11/site-packages/airflow/models/taskinstance.py", line 465, in _execute_task
    result = _execute_callable(context=context, **execute_callable_kwargs)
             ^^^^^^^^^^^^^^^^^^^^^^^^^^^^^^^^^^^^^^^^^^^^^^^^^^^^^^^^^^^^^
  File "/home/airflow/.local/lib/python3.11/site-packages/airflow/models/taskinstance.py", line 432, in _execute_callable
    return execute_callable(context=context, **execute_callable_kwargs)
           ^^^^^^^^^^^^^^^^^^^^^^^^^^^^^^^^^^^^^^^^^^^^^^^^^^^^^^^^^^^^
  File "/home/airflow/.local/lib/python3.11/site-packages/airflow/models/baseoperator.py", line 401, in wrapper
    return func(self, *args, **kwargs)
           ^^^^^^^^^^^^^^^^^^^^^^^^^^^
  File "/home/airflow/.local/lib/python3.11/site-packages/airflow/operators/python.py", line 235, in execute
    return_value = self.execute_callable()
                   ^^^^^^^^^^^^^^^^^^^^^^^
  File "/home/airflow/.local/lib/python3.11/site-packages/airflow/operators/python.py", line 252, in execute_callable
    return self.python_callable(*self.op_args, **self.op_kwargs)
           ^^^^^^^^^^^^^^^^^^^^^^^^^^^^^^^^^^^^^^^^^^^^^^^^^^^^^
  File "/opt/airflow/dags/youtube_pipeline.py", line 98, in task_build_long_video
    result = build_long_video()
             ^^^^^^^^^^^^^^^^^^
  File "/opt/airflow/src/video/long_video.py", line 121, in build_long_video
    result = LongVideoPipeline().run()
             ^^^^^^^^^^^^^^^^^^^^^^^^^
  File "/opt/airflow/src/video/long_video.py", line 46, in run
    plan = self.planner.plan("long")
           ^^^^^^^^^^^^^^^^^^^^^^^^^
  File "/opt/airflow/src/planner/video_planner.py", line 67, in plan
    return self.plan_long()
           ^^^^^^^^^^^^^^^^
  File "/opt/airflow/src/planner/video_planner.py", line 55, in plan_long
    raise RuntimeError(
RuntimeError: Not enough unused phrases for a Long video (have 8, need at least 15)
[2026-08-20T00:28:41.475+0000] {taskinstance.py:1206} INFO - Marking task as UP_FOR_RETRY. dag_id=youtube_english_video_pipeline, task_id=build_long_video_6, run_id=scheduled__2026-08-18T12:00:00+00:00, execution_date=20260818T120000, start_date=20260820T002839, end_date=20260820T002841
[2026-08-20T00:28:41.493+0000] {standard_task_runner.py:110} ERROR - Failed to execute job 833 for task build_long_video_6 (Not enough unused phrases for a Long video (have 8, need at least 15); 51300)
[2026-08-20T00:28:41.539+0000] {local_task_job_runner.py:243} INFO - Task exited with return code 1
[2026-08-20T00:28:41.568+0000] {taskinstance.py:3503} INFO - 0 downstream tasks scheduled from follow-on schedule check
[2026-08-20T00:28:41.575+0000] {local_task_job_runner.py:222} INFO - ::endgroup::
