[2026-09-07T11:24:16.005+0000] {local_task_job_runner.py:120} INFO - ::group::Pre task execution logs
[2026-09-07T11:24:16.028+0000] {taskinstance.py:2076} INFO - Dependencies all met for dep_context=non-requeueable deps ti=<TaskInstance: youtube_english_video_pipeline.upload_short_video_3 manual__2026-09-07T11:05:33.821274+00:00 [queued]>
[2026-09-07T11:24:16.034+0000] {taskinstance.py:2076} INFO - Dependencies all met for dep_context=requeueable deps ti=<TaskInstance: youtube_english_video_pipeline.upload_short_video_3 manual__2026-09-07T11:05:33.821274+00:00 [queued]>
[2026-09-07T11:24:16.035+0000] {taskinstance.py:2306} INFO - Starting attempt 1 of 3
[2026-09-07T11:24:16.044+0000] {taskinstance.py:2330} INFO - Executing <Task(PythonOperator): upload_short_video_3> on 2026-09-07 11:05:33.821274+00:00
[2026-09-07T11:24:16.048+0000] {standard_task_runner.py:64} INFO - Started process 43088 to run task
[2026-09-07T11:24:16.050+0000] {standard_task_runner.py:90} INFO - Running: ['airflow', 'tasks', 'run', 'youtube_english_video_pipeline', 'upload_short_video_3', 'manual__2026-09-07T11:05:33.821274+00:00', '--job-id', '1019', '--raw', '--subdir', 'DAGS_FOLDER/youtube_pipeline.py', '--cfg-path', '/tmp/tmpw_xv5b_8']
[2026-09-07T11:24:16.054+0000] {standard_task_runner.py:91} INFO - Job 1019: Subtask upload_short_video_3
[2026-09-07T11:24:16.127+0000] {task_command.py:426} INFO - Running <TaskInstance: youtube_english_video_pipeline.upload_short_video_3 manual__2026-09-07T11:05:33.821274+00:00 [running]> on host cc859d74cf38
[2026-09-07T11:24:16.278+0000] {taskinstance.py:2648} INFO - Exporting env vars: AIRFLOW_CTX_DAG_OWNER='taky' AIRFLOW_CTX_DAG_ID='youtube_english_video_pipeline' AIRFLOW_CTX_TASK_ID='upload_short_video_3' AIRFLOW_CTX_EXECUTION_DATE='2026-09-07T11:05:33.821274+00:00' AIRFLOW_CTX_TRY_NUMBER='1' AIRFLOW_CTX_DAG_RUN_ID='manual__2026-09-07T11:05:33.821274+00:00'
[2026-09-07T11:24:16.279+0000] {taskinstance.py:430} INFO - ::endgroup::
[2026-09-07T11:24:16.415+0000] {__init__.py:49} INFO - file_cache is only supported with oauth2client<4.0.0
[2026-09-07T11:24:16.418+0000] {logging_mixin.py:188} INFO - 2026-09-07 11:24:16,418 | INFO     | uploader.youtube_uploader | Uploading video 'Daily English Phrase | Restaurant English' (/opt/airflow/output/videos/short_2631.mp4) to YouTube...
[2026-09-07T11:24:19.549+0000] {logging_mixin.py:188} INFO - 2026-09-07 11:24:19,549 | INFO     | uploader.youtube_uploader | Upload complete. YouTube video id = TCGXe_0gbHY
[2026-09-07T11:24:19.558+0000] {python.py:237} INFO - Done. Returned value was: TCGXe_0gbHY
[2026-09-07T11:24:19.558+0000] {taskinstance.py:441} INFO - ::group::Post task execution logs
[2026-09-07T11:24:19.577+0000] {taskinstance.py:1206} INFO - Marking task as SUCCESS. dag_id=youtube_english_video_pipeline, task_id=upload_short_video_3, run_id=manual__2026-09-07T11:05:33.821274+00:00, execution_date=20260907T110533, start_date=20260907T112416, end_date=20260907T112419
[2026-09-07T11:24:19.600+0000] {local_task_job_runner.py:243} INFO - Task exited with return code 0
[2026-09-07T11:24:19.625+0000] {taskinstance.py:3503} INFO - 1 downstream tasks scheduled from follow-on schedule check
[2026-09-07T11:24:19.628+0000] {local_task_job_runner.py:222} INFO - ::endgroup::
