[2026-09-22T00:44:18.746+0000] {local_task_job_runner.py:120} INFO - ::group::Pre task execution logs
[2026-09-22T00:44:18.792+0000] {taskinstance.py:2076} INFO - Dependencies all met for dep_context=non-requeueable deps ti=<TaskInstance: youtube_english_video_pipeline.should_build_long_video_10 scheduled__2026-09-20T12:00:00+00:00 [queued]>
[2026-09-22T00:44:18.806+0000] {taskinstance.py:2076} INFO - Dependencies all met for dep_context=requeueable deps ti=<TaskInstance: youtube_english_video_pipeline.should_build_long_video_10 scheduled__2026-09-20T12:00:00+00:00 [queued]>
[2026-09-22T00:44:18.809+0000] {taskinstance.py:2306} INFO - Starting attempt 1 of 3
[2026-09-22T00:44:18.828+0000] {taskinstance.py:2330} INFO - Executing <Task(ShortCircuitOperator): should_build_long_video_10> on 2026-09-20 12:00:00+00:00
[2026-09-22T00:44:18.835+0000] {standard_task_runner.py:64} INFO - Started process 31188 to run task
[2026-09-22T00:44:18.840+0000] {standard_task_runner.py:90} INFO - Running: ['airflow', 'tasks', 'run', 'youtube_english_video_pipeline', 'should_build_long_video_10', 'scheduled__2026-09-20T12:00:00+00:00', '--job-id', '1509', '--raw', '--subdir', 'DAGS_FOLDER/youtube_pipeline.py', '--cfg-path', '/tmp/tmp4iwn0h2d']
[2026-09-22T00:44:18.843+0000] {standard_task_runner.py:91} INFO - Job 1509: Subtask should_build_long_video_10
[2026-09-22T00:44:18.897+0000] {task_command.py:426} INFO - Running <TaskInstance: youtube_english_video_pipeline.should_build_long_video_10 scheduled__2026-09-20T12:00:00+00:00 [running]> on host 73b18333cdfe
[2026-09-22T00:44:19.145+0000] {taskinstance.py:2648} INFO - Exporting env vars: AIRFLOW_CTX_DAG_OWNER='taky' AIRFLOW_CTX_DAG_ID='youtube_english_video_pipeline' AIRFLOW_CTX_TASK_ID='should_build_long_video_10' AIRFLOW_CTX_EXECUTION_DATE='2026-09-20T12:00:00+00:00' AIRFLOW_CTX_TRY_NUMBER='1' AIRFLOW_CTX_DAG_RUN_ID='scheduled__2026-09-20T12:00:00+00:00'
[2026-09-22T00:44:19.147+0000] {taskinstance.py:430} INFO - ::endgroup::
[2026-09-22T00:44:19.160+0000] {baseoperator.py:400} WARNING - ShortCircuitOperator.execute cannot be called outside TaskInstance!
[2026-09-22T00:44:19.161+0000] {python.py:237} INFO - Done. Returned value was: True
[2026-09-22T00:44:19.162+0000] {python.py:304} INFO - Condition result is True
[2026-09-22T00:44:19.163+0000] {python.py:307} INFO - Proceeding with downstream tasks...
[2026-09-22T00:44:19.163+0000] {taskinstance.py:441} INFO - ::group::Post task execution logs
[2026-09-22T00:44:19.193+0000] {taskinstance.py:1206} INFO - Marking task as SUCCESS. dag_id=youtube_english_video_pipeline, task_id=should_build_long_video_10, run_id=scheduled__2026-09-20T12:00:00+00:00, execution_date=20260920T120000, start_date=20260922T004418, end_date=20260922T004419
[2026-09-22T00:44:19.214+0000] {local_task_job_runner.py:243} INFO - Task exited with return code 0
[2026-09-22T00:44:19.241+0000] {taskinstance.py:3503} INFO - 1 downstream tasks scheduled from follow-on schedule check
[2026-09-22T00:44:19.246+0000] {local_task_job_runner.py:222} INFO - ::endgroup::
