[2026-09-22T00:38:39.617+0000] {local_task_job_runner.py:120} INFO - ::group::Pre task execution logs
[2026-09-22T00:38:39.660+0000] {taskinstance.py:2076} INFO - Dependencies all met for dep_context=non-requeueable deps ti=<TaskInstance: youtube_english_video_pipeline.build_short_video_8 scheduled__2026-09-20T12:00:00+00:00 [queued]>
[2026-09-22T00:38:39.670+0000] {taskinstance.py:2076} INFO - Dependencies all met for dep_context=requeueable deps ti=<TaskInstance: youtube_english_video_pipeline.build_short_video_8 scheduled__2026-09-20T12:00:00+00:00 [queued]>
[2026-09-22T00:38:39.671+0000] {taskinstance.py:2306} INFO - Starting attempt 1 of 3
[2026-09-22T00:38:39.683+0000] {taskinstance.py:2330} INFO - Executing <Task(PythonOperator): build_short_video_8> on 2026-09-20 12:00:00+00:00
[2026-09-22T00:38:39.688+0000] {standard_task_runner.py:64} INFO - Started process 24719 to run task
[2026-09-22T00:38:39.691+0000] {standard_task_runner.py:90} INFO - Running: ['airflow', 'tasks', 'run', 'youtube_english_video_pipeline', 'build_short_video_8', 'scheduled__2026-09-20T12:00:00+00:00', '--job-id', '1495', '--raw', '--subdir', 'DAGS_FOLDER/youtube_pipeline.py', '--cfg-path', '/tmp/tmp88zal83g']
[2026-09-22T00:38:39.694+0000] {standard_task_runner.py:91} INFO - Job 1495: Subtask build_short_video_8
[2026-09-22T00:38:39.750+0000] {task_command.py:426} INFO - Running <TaskInstance: youtube_english_video_pipeline.build_short_video_8 scheduled__2026-09-20T12:00:00+00:00 [running]> on host 73b18333cdfe
[2026-09-22T00:38:39.990+0000] {taskinstance.py:2648} INFO - Exporting env vars: AIRFLOW_CTX_DAG_OWNER='taky' AIRFLOW_CTX_DAG_ID='youtube_english_video_pipeline' AIRFLOW_CTX_TASK_ID='build_short_video_8' AIRFLOW_CTX_EXECUTION_DATE='2026-09-20T12:00:00+00:00' AIRFLOW_CTX_TRY_NUMBER='1' AIRFLOW_CTX_DAG_RUN_ID='scheduled__2026-09-20T12:00:00+00:00'
[2026-09-22T00:38:39.992+0000] {taskinstance.py:430} INFO - ::endgroup::
[2026-09-22T00:38:40.998+0000] {logging_mixin.py:188} INFO - 2026-09-22 00:38:40,998 | INFO     | planner.video_planner | Planned SHORT video: topic='Hotel English', phrases=1
[2026-09-22T00:38:41.260+0000] {logging_mixin.py:188} INFO - 2026-09-22 00:38:41,260 | INFO     | tts.edge_tts | Synthesized audio -> /opt/airflow/output/audio/phrase_3539.mp3
[2026-09-22T00:38:41.556+0000] {logging_mixin.py:188} INFO - 2026-09-22 00:38:41,556 | INFO     | tts.edge_tts | Synthesized audio -> /opt/airflow/output/audio/example_3539.mp3
[2026-09-22T00:38:42.176+0000] {logging_mixin.py:188} INFO - 2026-09-22 00:38:42,175 | INFO     | media.image_downloader | Downloaded background image for scene='hotel' -> /opt/airflow/output/images/short_3539.jpg
[2026-09-22T00:38:45.865+0000] {logging_mixin.py:188} INFO - 2026-09-22 00:38:45,864 | WARNING  | video.video_builder | BGM file not found at /opt/airflow/assets/bgm/short_bgm.mp3, rendering without background music
[2026-09-22T00:38:48.404+0000] {logging_mixin.py:188} INFO - 2026-09-22 00:38:48,404 | INFO     | video.video_builder | Final video rendered -> /opt/airflow/output/videos/short_3539.mp4
[2026-09-22T00:38:50.371+0000] {python.py:237} INFO - Done. Returned value was: {'video_id': 458, 'file_path': '/opt/airflow/output/videos/short_3539.mp4', 'title': 'Hotel English: The Only Phrase You Need to Check In', 'description': "Hotel English: Learn how to check in like a native speaker. Many Japanese learners struggle to sound natural when arriving at a hotel, often relying on overly formal or textbook-style language. In this short video, I will teach you the most natural way to say 'I'd like to check in, please' so you can feel confident and prepared for your next trip abroad. If you want to stop sounding like a robot at the front desk, this quick lesson is for you. Subscribe to Taky's Language School for more practical spoken English tips designed specifically for Japanese speakers.", 'tags': ['Hotel English', 'English for travel', 'English for Japanese speakers', 'check in at hotel', 'spoken English', 'English conversation', "Taky's Language School", 'practical English'], 'video_type': 'short'}
[2026-09-22T00:38:50.373+0000] {taskinstance.py:441} INFO - ::group::Post task execution logs
[2026-09-22T00:38:50.412+0000] {taskinstance.py:1206} INFO - Marking task as SUCCESS. dag_id=youtube_english_video_pipeline, task_id=build_short_video_8, run_id=scheduled__2026-09-20T12:00:00+00:00, execution_date=20260920T120000, start_date=20260922T003839, end_date=20260922T003850
[2026-09-22T00:38:50.468+0000] {local_task_job_runner.py:243} INFO - Task exited with return code 0
[2026-09-22T00:38:50.729+0000] {taskinstance.py:3503} INFO - 1 downstream tasks scheduled from follow-on schedule check
[2026-09-22T00:38:50.736+0000] {local_task_job_runner.py:222} INFO - ::endgroup::
