[2026-07-28T12:36:57.706+0000] {local_task_job_runner.py:120} INFO - ::group::Pre task execution logs
[2026-07-28T12:36:57.741+0000] {taskinstance.py:2076} INFO - Dependencies all met for dep_context=non-requeueable deps ti=<TaskInstance: youtube_english_video_pipeline.upload_short_video_2 scheduled__2026-07-27T12:00:00+00:00 [queued]>
[2026-07-28T12:36:57.750+0000] {taskinstance.py:2076} INFO - Dependencies all met for dep_context=requeueable deps ti=<TaskInstance: youtube_english_video_pipeline.upload_short_video_2 scheduled__2026-07-27T12:00:00+00:00 [queued]>
[2026-07-28T12:36:57.751+0000] {taskinstance.py:2306} INFO - Starting attempt 1 of 3
[2026-07-28T12:36:57.764+0000] {taskinstance.py:2330} INFO - Executing <Task(PythonOperator): upload_short_video_2> on 2026-07-27 12:00:00+00:00
[2026-07-28T12:36:57.768+0000] {standard_task_runner.py:64} INFO - Started process 10869 to run task
[2026-07-28T12:36:57.771+0000] {standard_task_runner.py:90} INFO - Running: ['airflow', 'tasks', 'run', 'youtube_english_video_pipeline', 'upload_short_video_2', 'scheduled__2026-07-27T12:00:00+00:00', '--job-id', '494', '--raw', '--subdir', 'DAGS_FOLDER/youtube_pipeline.py', '--cfg-path', '/tmp/tmpzcqsaq1b']
[2026-07-28T12:36:57.773+0000] {standard_task_runner.py:91} INFO - Job 494: Subtask upload_short_video_2
[2026-07-28T12:36:57.854+0000] {task_command.py:426} INFO - Running <TaskInstance: youtube_english_video_pipeline.upload_short_video_2 scheduled__2026-07-27T12:00:00+00:00 [running]> on host cc859d74cf38
[2026-07-28T12:36:58.108+0000] {taskinstance.py:2648} INFO - Exporting env vars: AIRFLOW_CTX_DAG_OWNER='taky' AIRFLOW_CTX_DAG_ID='youtube_english_video_pipeline' AIRFLOW_CTX_TASK_ID='upload_short_video_2' AIRFLOW_CTX_EXECUTION_DATE='2026-07-27T12:00:00+00:00' AIRFLOW_CTX_TRY_NUMBER='1' AIRFLOW_CTX_DAG_RUN_ID='scheduled__2026-07-27T12:00:00+00:00'
[2026-07-28T12:36:58.109+0000] {taskinstance.py:430} INFO - ::endgroup::
[2026-07-28T12:36:58.408+0000] {__init__.py:49} INFO - file_cache is only supported with oauth2client<4.0.0
[2026-07-28T12:36:58.418+0000] {logging_mixin.py:188} INFO - 2026-07-28 12:36:58,418 | INFO     | uploader.youtube_uploader | Uploading video 'How to Pay by Card in English 💳 Useful Shopping English Phrase! #Shorts' (/opt/airflow/output/videos/short_1152.mp4) to YouTube...
[2026-07-28T12:37:02.598+0000] {logging_mixin.py:188} INFO - 2026-07-28 12:37:02,597 | INFO     | uploader.youtube_uploader | Upload complete. YouTube video id = 6NE9kY1u7UY
[2026-07-28T12:37:02.611+0000] {python.py:237} INFO - Done. Returned value was: 6NE9kY1u7UY
[2026-07-28T12:37:02.614+0000] {taskinstance.py:441} INFO - ::group::Post task execution logs
[2026-07-28T12:37:02.639+0000] {taskinstance.py:1206} INFO - Marking task as SUCCESS. dag_id=youtube_english_video_pipeline, task_id=upload_short_video_2, run_id=scheduled__2026-07-27T12:00:00+00:00, execution_date=20260727T120000, start_date=20260728T123657, end_date=20260728T123702
[2026-07-28T12:37:02.696+0000] {local_task_job_runner.py:243} INFO - Task exited with return code 0
[2026-07-28T12:37:02.902+0000] {taskinstance.py:3503} INFO - 1 downstream tasks scheduled from follow-on schedule check
[2026-07-28T12:37:02.907+0000] {local_task_job_runner.py:222} INFO - ::endgroup::
