[2026-09-22T00:38:06.253+0000] {local_task_job_runner.py:120} INFO - ::group::Pre task execution logs
[2026-09-22T00:38:06.315+0000] {taskinstance.py:2076} INFO - Dependencies all met for dep_context=non-requeueable deps ti=<TaskInstance: youtube_english_video_pipeline.upload_long_video_7 scheduled__2026-09-20T12:00:00+00:00 [queued]>
[2026-09-22T00:38:06.331+0000] {taskinstance.py:2076} INFO - Dependencies all met for dep_context=requeueable deps ti=<TaskInstance: youtube_english_video_pipeline.upload_long_video_7 scheduled__2026-09-20T12:00:00+00:00 [queued]>
[2026-09-22T00:38:06.334+0000] {taskinstance.py:2306} INFO - Starting attempt 1 of 3
[2026-09-22T00:38:06.352+0000] {taskinstance.py:2330} INFO - Executing <Task(PythonOperator): upload_long_video_7> on 2026-09-20 12:00:00+00:00
[2026-09-22T00:38:06.358+0000] {standard_task_runner.py:64} INFO - Started process 24685 to run task
[2026-09-22T00:38:06.361+0000] {standard_task_runner.py:90} INFO - Running: ['airflow', 'tasks', 'run', 'youtube_english_video_pipeline', 'upload_long_video_7', 'scheduled__2026-09-20T12:00:00+00:00', '--job-id', '1493', '--raw', '--subdir', 'DAGS_FOLDER/youtube_pipeline.py', '--cfg-path', '/tmp/tmpjpjdmtlz']
[2026-09-22T00:38:06.364+0000] {standard_task_runner.py:91} INFO - Job 1493: Subtask upload_long_video_7
[2026-09-22T00:38:06.430+0000] {task_command.py:426} INFO - Running <TaskInstance: youtube_english_video_pipeline.upload_long_video_7 scheduled__2026-09-20T12:00:00+00:00 [running]> on host 73b18333cdfe
[2026-09-22T00:38:06.686+0000] {taskinstance.py:2648} INFO - Exporting env vars: AIRFLOW_CTX_DAG_OWNER='taky' AIRFLOW_CTX_DAG_ID='youtube_english_video_pipeline' AIRFLOW_CTX_TASK_ID='upload_long_video_7' AIRFLOW_CTX_EXECUTION_DATE='2026-09-20T12:00:00+00:00' AIRFLOW_CTX_TRY_NUMBER='1' AIRFLOW_CTX_DAG_RUN_ID='scheduled__2026-09-20T12:00:00+00:00'
[2026-09-22T00:38:06.687+0000] {taskinstance.py:430} INFO - ::endgroup::
[2026-09-22T00:38:07.205+0000] {__init__.py:49} INFO - file_cache is only supported with oauth2client<4.0.0
[2026-09-22T00:38:07.219+0000] {logging_mixin.py:188} INFO - 2026-09-22 00:38:07,219 | INFO     | uploader.youtube_uploader | Uploading video 'Travel English: 20 Essential Phrases for Your Next Trip' (/opt/airflow/output/videos/long_3701.mp4) to YouTube...
[2026-09-22T00:38:12.059+0000] {logging_mixin.py:188} INFO - 2026-09-22 00:38:12,059 | INFO     | uploader.youtube_uploader | Upload complete. YouTube video id = Ulsk_JldYh0
[2026-09-22T00:38:16.971+0000] {logging_mixin.py:188} INFO - 2026-09-22 00:38:16,971 | INFO     | uploader.youtube_uploader | Custom thumbnail uploaded.
[2026-09-22T00:38:16.991+0000] {python.py:237} INFO - Done. Returned value was: Ulsk_JldYh0
[2026-09-22T00:38:16.992+0000] {taskinstance.py:441} INFO - ::group::Post task execution logs
[2026-09-22T00:38:17.029+0000] {taskinstance.py:1206} INFO - Marking task as SUCCESS. dag_id=youtube_english_video_pipeline, task_id=upload_long_video_7, run_id=scheduled__2026-09-20T12:00:00+00:00, execution_date=20260920T120000, start_date=20260922T003806, end_date=20260922T003817
[2026-09-22T00:38:17.066+0000] {local_task_job_runner.py:243} INFO - Task exited with return code 0
[2026-09-22T00:38:17.234+0000] {taskinstance.py:3503} INFO - 1 downstream tasks scheduled from follow-on schedule check
[2026-09-22T00:38:17.239+0000] {local_task_job_runner.py:222} INFO - ::endgroup::
