[2026-09-22T00:41:40.533+0000] {local_task_job_runner.py:120} INFO - ::group::Pre task execution logs
[2026-09-22T00:41:40.571+0000] {taskinstance.py:2076} INFO - Dependencies all met for dep_context=non-requeueable deps ti=<TaskInstance: youtube_english_video_pipeline.upload_short_video_9 scheduled__2026-09-20T12:00:00+00:00 [queued]>
[2026-09-22T00:41:40.584+0000] {taskinstance.py:2076} INFO - Dependencies all met for dep_context=requeueable deps ti=<TaskInstance: youtube_english_video_pipeline.upload_short_video_9 scheduled__2026-09-20T12:00:00+00:00 [queued]>
[2026-09-22T00:41:40.585+0000] {taskinstance.py:2306} INFO - Starting attempt 1 of 3
[2026-09-22T00:41:40.598+0000] {taskinstance.py:2330} INFO - Executing <Task(PythonOperator): upload_short_video_9> on 2026-09-20 12:00:00+00:00
[2026-09-22T00:41:40.605+0000] {standard_task_runner.py:64} INFO - Started process 28232 to run task
[2026-09-22T00:41:40.609+0000] {standard_task_runner.py:90} INFO - Running: ['airflow', 'tasks', 'run', 'youtube_english_video_pipeline', 'upload_short_video_9', 'scheduled__2026-09-20T12:00:00+00:00', '--job-id', '1502', '--raw', '--subdir', 'DAGS_FOLDER/youtube_pipeline.py', '--cfg-path', '/tmp/tmp8oz2kbop']
[2026-09-22T00:41:40.611+0000] {standard_task_runner.py:91} INFO - Job 1502: Subtask upload_short_video_9
[2026-09-22T00:41:40.670+0000] {task_command.py:426} INFO - Running <TaskInstance: youtube_english_video_pipeline.upload_short_video_9 scheduled__2026-09-20T12:00:00+00:00 [running]> on host 73b18333cdfe
[2026-09-22T00:41:40.886+0000] {taskinstance.py:2648} INFO - Exporting env vars: AIRFLOW_CTX_DAG_OWNER='taky' AIRFLOW_CTX_DAG_ID='youtube_english_video_pipeline' AIRFLOW_CTX_TASK_ID='upload_short_video_9' AIRFLOW_CTX_EXECUTION_DATE='2026-09-20T12:00:00+00:00' AIRFLOW_CTX_TRY_NUMBER='1' AIRFLOW_CTX_DAG_RUN_ID='scheduled__2026-09-20T12:00:00+00:00'
[2026-09-22T00:41:40.887+0000] {taskinstance.py:430} INFO - ::endgroup::
[2026-09-22T00:41:41.287+0000] {__init__.py:49} INFO - file_cache is only supported with oauth2client<4.0.0
[2026-09-22T00:41:41.298+0000] {logging_mixin.py:188} INFO - 2026-09-22 00:41:41,298 | INFO     | uploader.youtube_uploader | Uploading video 'General English: How to Ask Someone to Speak Slower' (/opt/airflow/output/videos/short_3558.mp4) to YouTube...
[2026-09-22T00:41:44.171+0000] {logging_mixin.py:188} INFO - 2026-09-22 00:41:44,170 | INFO     | uploader.youtube_uploader | Upload complete. YouTube video id = VUyHnFnMLkA
[2026-09-22T00:41:44.193+0000] {python.py:237} INFO - Done. Returned value was: VUyHnFnMLkA
[2026-09-22T00:41:44.194+0000] {taskinstance.py:441} INFO - ::group::Post task execution logs
[2026-09-22T00:41:44.236+0000] {taskinstance.py:1206} INFO - Marking task as SUCCESS. dag_id=youtube_english_video_pipeline, task_id=upload_short_video_9, run_id=scheduled__2026-09-20T12:00:00+00:00, execution_date=20260920T120000, start_date=20260922T004140, end_date=20260922T004144
[2026-09-22T00:41:44.286+0000] {local_task_job_runner.py:243} INFO - Task exited with return code 0
[2026-09-22T00:41:44.330+0000] {taskinstance.py:3503} INFO - 1 downstream tasks scheduled from follow-on schedule check
[2026-09-22T00:41:44.337+0000] {local_task_job_runner.py:222} INFO - ::endgroup::
