[2026-08-11T02:54:58.076+0000] {local_task_job_runner.py:120} INFO - ::group::Pre task execution logs
[2026-08-11T02:54:58.127+0000] {taskinstance.py:2076} INFO - Dependencies all met for dep_context=non-requeueable deps ti=<TaskInstance: youtube_english_video_pipeline.build_short_video_10 manual__2026-08-11T02:25:49.703167+00:00 [queued]>
[2026-08-11T02:54:58.140+0000] {taskinstance.py:2076} INFO - Dependencies all met for dep_context=requeueable deps ti=<TaskInstance: youtube_english_video_pipeline.build_short_video_10 manual__2026-08-11T02:25:49.703167+00:00 [queued]>
[2026-08-11T02:54:58.142+0000] {taskinstance.py:2306} INFO - Starting attempt 1 of 3
[2026-08-11T02:54:58.161+0000] {taskinstance.py:2330} INFO - Executing <Task(PythonOperator): build_short_video_10> on 2026-08-11 02:25:49.703167+00:00
[2026-08-11T02:54:58.169+0000] {standard_task_runner.py:64} INFO - Started process 11970 to run task
[2026-08-11T02:54:58.173+0000] {standard_task_runner.py:90} INFO - Running: ['airflow', 'tasks', 'run', 'youtube_english_video_pipeline', 'build_short_video_10', 'manual__2026-08-11T02:25:49.703167+00:00', '--job-id', '680', '--raw', '--subdir', 'DAGS_FOLDER/youtube_pipeline.py', '--cfg-path', '/tmp/tmpu7t6mba2']
[2026-08-11T02:54:58.177+0000] {standard_task_runner.py:91} INFO - Job 680: Subtask build_short_video_10
[2026-08-11T02:54:58.251+0000] {task_command.py:426} INFO - Running <TaskInstance: youtube_english_video_pipeline.build_short_video_10 manual__2026-08-11T02:25:49.703167+00:00 [running]> on host cc859d74cf38
[2026-08-11T02:54:58.458+0000] {taskinstance.py:2648} INFO - Exporting env vars: AIRFLOW_CTX_DAG_OWNER='taky' AIRFLOW_CTX_DAG_ID='youtube_english_video_pipeline' AIRFLOW_CTX_TASK_ID='build_short_video_10' AIRFLOW_CTX_EXECUTION_DATE='2026-08-11T02:25:49.703167+00:00' AIRFLOW_CTX_TRY_NUMBER='1' AIRFLOW_CTX_DAG_RUN_ID='manual__2026-08-11T02:25:49.703167+00:00'
[2026-08-11T02:54:58.458+0000] {taskinstance.py:430} INFO - ::endgroup::
[2026-08-11T02:54:59.835+0000] {logging_mixin.py:188} INFO - 2026-08-11 02:54:59,835 | INFO     | planner.video_planner | Planned SHORT video: topic='Small Talk', phrases=1
[2026-08-11T02:55:00.149+0000] {logging_mixin.py:188} INFO - 2026-08-11 02:55:00,149 | INFO     | tts.edge_tts | Synthesized audio -> /opt/airflow/output/audio/phrase_1602.mp3
[2026-08-11T02:55:00.487+0000] {logging_mixin.py:188} INFO - 2026-08-11 02:55:00,487 | INFO     | tts.edge_tts | Synthesized audio -> /opt/airflow/output/audio/example_1602.mp3
[2026-08-11T02:55:01.499+0000] {logging_mixin.py:188} INFO - 2026-08-11 02:55:01,499 | INFO     | media.image_downloader | Downloaded background image for scene='cafeteria' -> /opt/airflow/output/images/short_1602.jpg
[2026-08-11T02:55:04.492+0000] {logging_mixin.py:188} INFO - 2026-08-11 02:55:04,492 | WARNING  | video.video_builder | BGM file not found at /opt/airflow/assets/bgm/short_bgm.mp3, rendering without background music
[2026-08-11T02:55:05.912+0000] {logging_mixin.py:188} INFO - 2026-08-11 02:55:05,912 | INFO     | video.video_builder | Final video rendered -> /opt/airflow/output/videos/short_1602.mp4
[2026-08-11T02:55:14.436+0000] {python.py:237} INFO - Done. Returned value was: {'video_id': 190, 'file_path': '/opt/airflow/output/videos/short_1602.mp4', 'title': "Natural English Small Talk: 'Mind if I join you?' #Shorts", 'description': 'Want to start a conversation naturally in English? Learn how to use the common phrase: "Mind if I join you?"\n\nExample:\n"I saw you sitting alone, mind if I join you?"\n\nThis polite and friendly expression is perfect for making new friends, social events, or sitting with someone at a cafe. Practice speaking natural English every day!\n\nSubscribe to Taky\'s Language School for quick, practical spoken-English lessons!\n\n#LearnEnglish #EnglishTips #SmallTalk #SpokenEnglish #EnglishPhrases', 'tags': ['learn english', 'spoken english', 'english small talk', 'mind if i join you', 'english phrases', "taky's language school", 'english conversation', 'how to start a conversation', 'daily english tips', 'english shorts'], 'video_type': 'short'}
[2026-08-11T02:55:14.438+0000] {taskinstance.py:441} INFO - ::group::Post task execution logs
[2026-08-11T02:55:14.466+0000] {taskinstance.py:1206} INFO - Marking task as SUCCESS. dag_id=youtube_english_video_pipeline, task_id=build_short_video_10, run_id=manual__2026-08-11T02:25:49.703167+00:00, execution_date=20260811T022549, start_date=20260811T025458, end_date=20260811T025514
[2026-08-11T02:55:14.546+0000] {local_task_job_runner.py:243} INFO - Task exited with return code 0
[2026-08-11T02:55:14.714+0000] {taskinstance.py:3503} INFO - 1 downstream tasks scheduled from follow-on schedule check
[2026-08-11T02:55:14.721+0000] {local_task_job_runner.py:222} INFO - ::endgroup::
