[2026-07-26T06:17:21.969+0000] {local_task_job_runner.py:120} INFO - ::group::Pre task execution logs
[2026-07-26T06:17:22.048+0000] {taskinstance.py:2076} INFO - Dependencies all met for dep_context=non-requeueable deps ti=<TaskInstance: youtube_english_video_pipeline.build_short_video_1 manual__2026-07-26T06:16:19.799239+00:00 [queued]>
[2026-07-26T06:17:22.068+0000] {taskinstance.py:2076} INFO - Dependencies all met for dep_context=requeueable deps ti=<TaskInstance: youtube_english_video_pipeline.build_short_video_1 manual__2026-07-26T06:16:19.799239+00:00 [queued]>
[2026-07-26T06:17:22.073+0000] {taskinstance.py:2306} INFO - Starting attempt 1 of 3
[2026-07-26T06:17:22.098+0000] {taskinstance.py:2330} INFO - Executing <Task(PythonOperator): build_short_video_1> on 2026-07-26 06:16:19.799239+00:00
[2026-07-26T06:17:22.127+0000] {standard_task_runner.py:64} INFO - Started process 16614 to run task
[2026-07-26T06:17:22.133+0000] {standard_task_runner.py:90} INFO - Running: ['airflow', 'tasks', 'run', 'youtube_english_video_pipeline', 'build_short_video_1', 'manual__2026-07-26T06:16:19.799239+00:00', '--job-id', '343', '--raw', '--subdir', 'DAGS_FOLDER/youtube_pipeline.py', '--cfg-path', '/tmp/tmpeymmr9k2']
[2026-07-26T06:17:22.143+0000] {standard_task_runner.py:91} INFO - Job 343: Subtask build_short_video_1
[2026-07-26T06:17:22.337+0000] {task_command.py:426} INFO - Running <TaskInstance: youtube_english_video_pipeline.build_short_video_1 manual__2026-07-26T06:16:19.799239+00:00 [running]> on host cc859d74cf38
[2026-07-26T06:17:22.743+0000] {taskinstance.py:2648} INFO - Exporting env vars: AIRFLOW_CTX_DAG_OWNER='taky' AIRFLOW_CTX_DAG_ID='youtube_english_video_pipeline' AIRFLOW_CTX_TASK_ID='build_short_video_1' AIRFLOW_CTX_EXECUTION_DATE='2026-07-26T06:16:19.799239+00:00' AIRFLOW_CTX_TRY_NUMBER='1' AIRFLOW_CTX_DAG_RUN_ID='manual__2026-07-26T06:16:19.799239+00:00'
[2026-07-26T06:17:22.750+0000] {taskinstance.py:430} INFO - ::endgroup::
[2026-07-26T06:17:25.370+0000] {logging_mixin.py:188} INFO - 2026-07-26 06:17:25,370 | INFO     | planner.video_planner | Planned SHORT video: topic='Restaurant English', phrases=1
[2026-07-26T06:17:25.833+0000] {logging_mixin.py:188} INFO - 2026-07-26 06:17:25,833 | INFO     | tts.edge_tts | Synthesized audio -> /opt/airflow/output/audio/phrase_536.mp3
[2026-07-26T06:17:26.261+0000] {logging_mixin.py:188} INFO - 2026-07-26 06:17:26,261 | INFO     | tts.edge_tts | Synthesized audio -> /opt/airflow/output/audio/example_536.mp3
[2026-07-26T06:17:26.624+0000] {logging_mixin.py:188} INFO - 2026-07-26 06:17:26,623 | INFO     | media.image_downloader | Downloaded background image for scene='cafe' -> /opt/airflow/output/images/short_536.jpg
[2026-07-26T06:17:31.639+0000] {logging_mixin.py:188} INFO - 2026-07-26 06:17:31,637 | WARNING  | video.video_builder | BGM file not found at /opt/airflow/assets/bgm/short_bgm.mp3, rendering without background music
[2026-07-26T06:17:33.817+0000] {logging_mixin.py:188} INFO - 2026-07-26 06:17:33,817 | INFO     | video.video_builder | Final video rendered -> /opt/airflow/output/videos/short_536.mp4
[2026-07-26T06:17:58.460+0000] {python.py:237} INFO - Done. Returned value was: {'video_id': 68, 'file_path': '/opt/airflow/output/videos/short_536.mp4', 'title': 'How to Order Food "To Go" in English! 🍔 #Shorts', 'description': 'Learn useful restaurant English with Taky\'s Language School!\n\nWhen you need your food packed up quickly, say:\n"I\'m in a bit of a hurry, so could I get this to go?"\n\nSubscribe for daily practical spoken English tips!\n\n#LearnEnglish #RestaurantEnglish #EnglishPhrases #Shorts #SpeakEnglish', 'tags': ['restaurant english', 'learn english', 'takys language school', 'could i get this to go', 'english phrases', 'spoken english', 'english vocabulary', 'english tips', 'english learning', 'english shorts'], 'video_type': 'short'}
[2026-07-26T06:17:58.469+0000] {taskinstance.py:441} INFO - ::group::Post task execution logs
[2026-07-26T06:17:58.527+0000] {taskinstance.py:1206} INFO - Marking task as SUCCESS. dag_id=youtube_english_video_pipeline, task_id=build_short_video_1, run_id=manual__2026-07-26T06:16:19.799239+00:00, execution_date=20260726T061619, start_date=20260726T061722, end_date=20260726T061758
[2026-07-26T06:17:58.620+0000] {local_task_job_runner.py:243} INFO - Task exited with return code 0
[2026-07-26T06:17:59.145+0000] {taskinstance.py:3503} INFO - 1 downstream tasks scheduled from follow-on schedule check
[2026-07-26T06:17:59.152+0000] {local_task_job_runner.py:222} INFO - ::endgroup::
