[2026-07-21T11:20:59.756+0000] {local_task_job_runner.py:120} INFO - ::group::Pre task execution logs
[2026-07-21T11:20:59.788+0000] {taskinstance.py:2076} INFO - Dependencies all met for dep_context=non-requeueable deps ti=<TaskInstance: youtube_english_video_pipeline.ensure_phrase_inventory scheduled__2026-07-19T12:00:00+00:00 [queued]>
[2026-07-21T11:20:59.796+0000] {taskinstance.py:2076} INFO - Dependencies all met for dep_context=requeueable deps ti=<TaskInstance: youtube_english_video_pipeline.ensure_phrase_inventory scheduled__2026-07-19T12:00:00+00:00 [queued]>
[2026-07-21T11:20:59.796+0000] {taskinstance.py:2306} INFO - Starting attempt 3 of 3
[2026-07-21T11:20:59.806+0000] {taskinstance.py:2330} INFO - Executing <Task(PythonOperator): ensure_phrase_inventory> on 2026-07-19 12:00:00+00:00
[2026-07-21T11:20:59.811+0000] {standard_task_runner.py:64} INFO - Started process 337 to run task
[2026-07-21T11:20:59.814+0000] {standard_task_runner.py:90} INFO - Running: ['airflow', 'tasks', 'run', 'youtube_english_video_pipeline', 'ensure_phrase_inventory', 'scheduled__2026-07-19T12:00:00+00:00', '--job-id', '4', '--raw', '--subdir', 'DAGS_FOLDER/youtube_pipeline.py', '--cfg-path', '/tmp/tmpi7x7jpkw']
[2026-07-21T11:20:59.817+0000] {standard_task_runner.py:91} INFO - Job 4: Subtask ensure_phrase_inventory
[2026-07-21T11:20:59.884+0000] {task_command.py:426} INFO - Running <TaskInstance: youtube_english_video_pipeline.ensure_phrase_inventory scheduled__2026-07-19T12:00:00+00:00 [running]> on host e46155b69f20
[2026-07-21T11:21:00.088+0000] {taskinstance.py:2648} INFO - Exporting env vars: AIRFLOW_CTX_DAG_OWNER='taky' AIRFLOW_CTX_DAG_ID='youtube_english_video_pipeline' AIRFLOW_CTX_TASK_ID='ensure_phrase_inventory' AIRFLOW_CTX_EXECUTION_DATE='2026-07-19T12:00:00+00:00' AIRFLOW_CTX_TRY_NUMBER='3' AIRFLOW_CTX_DAG_RUN_ID='scheduled__2026-07-19T12:00:00+00:00'
[2026-07-21T11:21:00.088+0000] {taskinstance.py:430} INFO - ::endgroup::
[2026-07-21T11:21:00.309+0000] {taskinstance.py:441} INFO - ::group::Post task execution logs
[2026-07-21T11:21:00.310+0000] {taskinstance.py:2905} ERROR - Task failed with exception
Traceback (most recent call last):
  File "/home/airflow/.local/lib/python3.11/site-packages/airflow/models/taskinstance.py", line 465, in _execute_task
    result = _execute_callable(context=context, **execute_callable_kwargs)
             ^^^^^^^^^^^^^^^^^^^^^^^^^^^^^^^^^^^^^^^^^^^^^^^^^^^^^^^^^^^^^
  File "/home/airflow/.local/lib/python3.11/site-packages/airflow/models/taskinstance.py", line 432, in _execute_callable
    return execute_callable(context=context, **execute_callable_kwargs)
           ^^^^^^^^^^^^^^^^^^^^^^^^^^^^^^^^^^^^^^^^^^^^^^^^^^^^^^^^^^^^
  File "/home/airflow/.local/lib/python3.11/site-packages/airflow/models/baseoperator.py", line 401, in wrapper
    return func(self, *args, **kwargs)
           ^^^^^^^^^^^^^^^^^^^^^^^^^^^
  File "/home/airflow/.local/lib/python3.11/site-packages/airflow/operators/python.py", line 235, in execute
    return_value = self.execute_callable()
                   ^^^^^^^^^^^^^^^^^^^^^^^
  File "/home/airflow/.local/lib/python3.11/site-packages/airflow/operators/python.py", line 252, in execute_callable
    return self.python_callable(*self.op_args, **self.op_kwargs)
           ^^^^^^^^^^^^^^^^^^^^^^^^^^^^^^^^^^^^^^^^^^^^^^^^^^^^^
  File "/opt/airflow/dags/youtube_pipeline.py", line 49, in task_ensure_phrase_inventory
    from generators.phrase_generator import ensure_phrase_inventory
  File "/opt/airflow/src/generators/phrase_generator.py", line 15, in <module>
    from config.prompts import PHRASE_GENERATION_PROMPT
ModuleNotFoundError: No module named 'config'
[2026-07-21T11:21:00.328+0000] {taskinstance.py:1206} INFO - Marking task as FAILED. dag_id=youtube_english_video_pipeline, task_id=ensure_phrase_inventory, run_id=scheduled__2026-07-19T12:00:00+00:00, execution_date=20260719T120000, start_date=20260721T112059, end_date=20260721T112100
[2026-07-21T11:21:00.337+0000] {standard_task_runner.py:110} ERROR - Failed to execute job 4 for task ensure_phrase_inventory (No module named 'config'; 337)
[2026-07-21T11:21:00.348+0000] {local_task_job_runner.py:243} INFO - Task exited with return code 1
[2026-07-21T11:21:00.368+0000] {taskinstance.py:3503} INFO - 0 downstream tasks scheduled from follow-on schedule check
[2026-07-21T11:21:00.373+0000] {local_task_job_runner.py:222} INFO - ::endgroup::
