[2026-08-18T23:55:16.940+0000] {local_task_job_runner.py:120} INFO - ::group::Pre task execution logs
[2026-08-18T23:55:16.976+0000] {taskinstance.py:2076} INFO - Dependencies all met for dep_context=non-requeueable deps ti=<TaskInstance: youtube_english_video_pipeline.build_short_video_1 scheduled__2026-08-17T12:00:00+00:00 [queued]>
[2026-08-18T23:55:16.984+0000] {taskinstance.py:2076} INFO - Dependencies all met for dep_context=requeueable deps ti=<TaskInstance: youtube_english_video_pipeline.build_short_video_1 scheduled__2026-08-17T12:00:00+00:00 [queued]>
[2026-08-18T23:55:16.986+0000] {taskinstance.py:2306} INFO - Starting attempt 1 of 3
[2026-08-18T23:55:16.998+0000] {taskinstance.py:2330} INFO - Executing <Task(PythonOperator): build_short_video_1> on 2026-08-17 12:00:00+00:00
[2026-08-18T23:55:17.006+0000] {standard_task_runner.py:64} INFO - Started process 18688 to run task
[2026-08-18T23:55:17.010+0000] {standard_task_runner.py:90} INFO - Running: ['airflow', 'tasks', 'run', 'youtube_english_video_pipeline', 'build_short_video_1', 'scheduled__2026-08-17T12:00:00+00:00', '--job-id', '773', '--raw', '--subdir', 'DAGS_FOLDER/youtube_pipeline.py', '--cfg-path', '/tmp/tmp263e3fhb']
[2026-08-18T23:55:17.013+0000] {standard_task_runner.py:91} INFO - Job 773: Subtask build_short_video_1
[2026-08-18T23:55:17.104+0000] {task_command.py:426} INFO - Running <TaskInstance: youtube_english_video_pipeline.build_short_video_1 scheduled__2026-08-17T12:00:00+00:00 [running]> on host cc859d74cf38
[2026-08-18T23:55:17.291+0000] {taskinstance.py:2648} INFO - Exporting env vars: AIRFLOW_CTX_DAG_OWNER='taky' AIRFLOW_CTX_DAG_ID='youtube_english_video_pipeline' AIRFLOW_CTX_TASK_ID='build_short_video_1' AIRFLOW_CTX_EXECUTION_DATE='2026-08-17T12:00:00+00:00' AIRFLOW_CTX_TRY_NUMBER='1' AIRFLOW_CTX_DAG_RUN_ID='scheduled__2026-08-17T12:00:00+00:00'
[2026-08-18T23:55:17.293+0000] {taskinstance.py:430} INFO - ::endgroup::
[2026-08-18T23:55:18.840+0000] {logging_mixin.py:188} INFO - 2026-08-18 23:55:18,839 | INFO     | planner.video_planner | Planned SHORT video: topic='Business English', phrases=1
[2026-08-18T23:55:19.202+0000] {logging_mixin.py:188} INFO - 2026-08-18 23:55:19,202 | INFO     | tts.edge_tts | Synthesized audio -> /opt/airflow/output/audio/phrase_1958.mp3
[2026-08-18T23:55:19.583+0000] {logging_mixin.py:188} INFO - 2026-08-18 23:55:19,583 | INFO     | tts.edge_tts | Synthesized audio -> /opt/airflow/output/audio/example_1958.mp3
[2026-08-18T23:55:20.397+0000] {logging_mixin.py:188} INFO - 2026-08-18 23:55:20,396 | INFO     | media.image_downloader | Downloaded background image for scene='call' -> /opt/airflow/output/images/short_1958.jpg
[2026-08-18T23:55:24.291+0000] {logging_mixin.py:188} INFO - 2026-08-18 23:55:24,291 | WARNING  | video.video_builder | BGM file not found at /opt/airflow/assets/bgm/short_bgm.mp3, rendering without background music
[2026-08-18T23:55:26.086+0000] {logging_mixin.py:188} INFO - 2026-08-18 23:55:26,086 | INFO     | video.video_builder | Final video rendered -> /opt/airflow/output/videos/short_1958.mp4
[2026-08-18T23:55:43.872+0000] {python.py:237} INFO - Done. Returned value was: {'video_id': 224, 'file_path': '/opt/airflow/output/videos/short_1958.mp4', 'title': 'Stop Saying "WHAT?" in Business Meetings! Say This Instead 💼 #Shorts', 'description': 'Stop saying \'What?\' during your online meetings! 🎧 In this quick Business English lesson, learn a professional and natural phrase to ask someone to repeat themselves: "I didn\'t quite catch that."\n\nExample in a meeting:\n"The audio cut out for a second, so I didn\'t quite catch that last point."\n\nUse this in your next work call or presentation to sound polished and fluent.\n\n🔔 Subscribe to Taky\'s Language School for daily spoken English phrases, workplace communication, and fluency tips!\n\n#BusinessEnglish #LearnEnglish #EnglishPhrases #SpokenEnglish #EnglishTips #EnglishForWork #Shorts', 'tags': ['business english', 'spoken english', 'english phrases', 'learn english', 'english for meetings', 'takys language school', 'professional english', 'polite english', 'english speaking practice', 'business english vocabulary', 'english shorts'], 'video_type': 'short'}
[2026-08-18T23:55:43.873+0000] {taskinstance.py:441} INFO - ::group::Post task execution logs
[2026-08-18T23:55:43.900+0000] {taskinstance.py:1206} INFO - Marking task as SUCCESS. dag_id=youtube_english_video_pipeline, task_id=build_short_video_1, run_id=scheduled__2026-08-17T12:00:00+00:00, execution_date=20260817T120000, start_date=20260818T235516, end_date=20260818T235543
[2026-08-18T23:55:43.952+0000] {local_task_job_runner.py:243} INFO - Task exited with return code 0
[2026-08-18T23:55:44.121+0000] {taskinstance.py:3503} INFO - 1 downstream tasks scheduled from follow-on schedule check
[2026-08-18T23:55:44.132+0000] {local_task_job_runner.py:222} INFO - ::endgroup::
