[2026-07-25T08:34:07.235+0000] {local_task_job_runner.py:120} INFO - ::group::Pre task execution logs
[2026-07-25T08:34:07.260+0000] {taskinstance.py:2076} INFO - Dependencies all met for dep_context=non-requeueable deps ti=<TaskInstance: youtube_english_video_pipeline.build_long_video_5 manual__2026-07-25T08:23:54.309173+00:00 [queued]>
[2026-07-25T08:34:07.267+0000] {taskinstance.py:2076} INFO - Dependencies all met for dep_context=requeueable deps ti=<TaskInstance: youtube_english_video_pipeline.build_long_video_5 manual__2026-07-25T08:23:54.309173+00:00 [queued]>
[2026-07-25T08:34:07.268+0000] {taskinstance.py:2306} INFO - Starting attempt 1 of 3
[2026-07-25T08:34:07.277+0000] {taskinstance.py:2330} INFO - Executing <Task(PythonOperator): build_long_video_5> on 2026-07-25 08:23:54.309173+00:00
[2026-07-25T08:34:07.281+0000] {standard_task_runner.py:64} INFO - Started process 21343 to run task
[2026-07-25T08:34:07.283+0000] {standard_task_runner.py:90} INFO - Running: ['airflow', 'tasks', 'run', 'youtube_english_video_pipeline', 'build_long_video_5', 'manual__2026-07-25T08:23:54.309173+00:00', '--job-id', '258', '--raw', '--subdir', 'DAGS_FOLDER/youtube_pipeline.py', '--cfg-path', '/tmp/tmpqvzw3dqp']
[2026-07-25T08:34:07.285+0000] {standard_task_runner.py:91} INFO - Job 258: Subtask build_long_video_5
[2026-07-25T08:34:07.349+0000] {task_command.py:426} INFO - Running <TaskInstance: youtube_english_video_pipeline.build_long_video_5 manual__2026-07-25T08:23:54.309173+00:00 [running]> on host ce8e21912c19
[2026-07-25T08:34:07.526+0000] {taskinstance.py:2648} INFO - Exporting env vars: AIRFLOW_CTX_DAG_OWNER='taky' AIRFLOW_CTX_DAG_ID='youtube_english_video_pipeline' AIRFLOW_CTX_TASK_ID='build_long_video_5' AIRFLOW_CTX_EXECUTION_DATE='2026-07-25T08:23:54.309173+00:00' AIRFLOW_CTX_TRY_NUMBER='1' AIRFLOW_CTX_DAG_RUN_ID='manual__2026-07-25T08:23:54.309173+00:00'
[2026-07-25T08:34:07.528+0000] {taskinstance.py:430} INFO - ::endgroup::
[2026-07-25T08:34:08.213+0000] {logging_mixin.py:188} INFO - 2026-07-25 08:34:08,213 | INFO     | planner.video_planner | Planned LONG video: topic='Shopping English', phrases=16
[2026-07-25T08:34:08.463+0000] {logging_mixin.py:188} INFO - 2026-07-25 08:34:08,463 | INFO     | tts.edge_tts | Synthesized audio -> /opt/airflow/output/audio/phrase_291.mp3
[2026-07-25T08:34:08.832+0000] {logging_mixin.py:188} INFO - 2026-07-25 08:34:08,832 | INFO     | tts.edge_tts | Synthesized audio -> /opt/airflow/output/audio/example_291.mp3
[2026-07-25T08:34:09.165+0000] {logging_mixin.py:188} INFO - 2026-07-25 08:34:09,165 | INFO     | media.image_downloader | Downloaded background image for scene='shopping' -> /opt/airflow/output/images/long_291.jpg
[2026-07-25T08:34:12.717+0000] {logging_mixin.py:188} INFO - 2026-07-25 08:34:12,717 | INFO     | tts.edge_tts | Synthesized audio -> /opt/airflow/output/audio/phrase_297.mp3
[2026-07-25T08:34:13.145+0000] {logging_mixin.py:188} INFO - 2026-07-25 08:34:13,144 | INFO     | tts.edge_tts | Synthesized audio -> /opt/airflow/output/audio/example_297.mp3
[2026-07-25T08:34:13.346+0000] {logging_mixin.py:188} INFO - 2026-07-25 08:34:13,346 | INFO     | media.image_downloader | Downloaded background image for scene='store' -> /opt/airflow/output/images/long_297.jpg
[2026-07-25T08:34:16.586+0000] {logging_mixin.py:188} INFO - 2026-07-25 08:34:16,586 | INFO     | tts.edge_tts | Synthesized audio -> /opt/airflow/output/audio/phrase_301.mp3
[2026-07-25T08:34:17.067+0000] {logging_mixin.py:188} INFO - 2026-07-25 08:34:17,067 | INFO     | tts.edge_tts | Synthesized audio -> /opt/airflow/output/audio/example_301.mp3
[2026-07-25T08:34:17.294+0000] {logging_mixin.py:188} INFO - 2026-07-25 08:34:17,294 | INFO     | media.image_downloader | Downloaded background image for scene='boutique' -> /opt/airflow/output/images/long_301.jpg
[2026-07-25T08:34:20.966+0000] {logging_mixin.py:188} INFO - 2026-07-25 08:34:20,966 | INFO     | tts.edge_tts | Synthesized audio -> /opt/airflow/output/audio/phrase_315.mp3
[2026-07-25T08:34:21.257+0000] {logging_mixin.py:188} INFO - 2026-07-25 08:34:21,256 | INFO     | tts.edge_tts | Synthesized audio -> /opt/airflow/output/audio/example_315.mp3
[2026-07-25T08:34:21.462+0000] {logging_mixin.py:188} INFO - 2026-07-25 08:34:21,462 | INFO     | media.image_downloader | Downloaded background image for scene='shopping' -> /opt/airflow/output/images/long_315.jpg
[2026-07-25T08:34:25.030+0000] {logging_mixin.py:188} INFO - 2026-07-25 08:34:25,030 | INFO     | tts.edge_tts | Synthesized audio -> /opt/airflow/output/audio/phrase_316.mp3
[2026-07-25T08:34:25.397+0000] {logging_mixin.py:188} INFO - 2026-07-25 08:34:25,397 | INFO     | tts.edge_tts | Synthesized audio -> /opt/airflow/output/audio/example_316.mp3
[2026-07-25T08:34:25.604+0000] {logging_mixin.py:188} INFO - 2026-07-25 08:34:25,604 | INFO     | media.image_downloader | Downloaded background image for scene='shopping' -> /opt/airflow/output/images/long_316.jpg
[2026-07-25T08:34:29.204+0000] {logging_mixin.py:188} INFO - 2026-07-25 08:34:29,204 | INFO     | tts.edge_tts | Synthesized audio -> /opt/airflow/output/audio/phrase_325.mp3
[2026-07-25T08:34:29.548+0000] {logging_mixin.py:188} INFO - 2026-07-25 08:34:29,548 | INFO     | tts.edge_tts | Synthesized audio -> /opt/airflow/output/audio/example_325.mp3
[2026-07-25T08:34:29.727+0000] {logging_mixin.py:188} INFO - 2026-07-25 08:34:29,727 | INFO     | media.image_downloader | Downloaded background image for scene='store' -> /opt/airflow/output/images/long_325.jpg
[2026-07-25T08:34:33.065+0000] {logging_mixin.py:188} INFO - 2026-07-25 08:34:33,065 | INFO     | tts.edge_tts | Synthesized audio -> /opt/airflow/output/audio/phrase_327.mp3
[2026-07-25T08:34:33.427+0000] {logging_mixin.py:188} INFO - 2026-07-25 08:34:33,426 | INFO     | tts.edge_tts | Synthesized audio -> /opt/airflow/output/audio/example_327.mp3
[2026-07-25T08:34:33.579+0000] {logging_mixin.py:188} INFO - 2026-07-25 08:34:33,579 | INFO     | media.image_downloader | Downloaded background image for scene='boutique' -> /opt/airflow/output/images/long_327.jpg
[2026-07-25T08:34:36.885+0000] {logging_mixin.py:188} INFO - 2026-07-25 08:34:36,885 | INFO     | tts.edge_tts | Synthesized audio -> /opt/airflow/output/audio/phrase_337.mp3
[2026-07-25T08:34:37.247+0000] {logging_mixin.py:188} INFO - 2026-07-25 08:34:37,247 | INFO     | tts.edge_tts | Synthesized audio -> /opt/airflow/output/audio/example_337.mp3
[2026-07-25T08:34:37.507+0000] {logging_mixin.py:188} INFO - 2026-07-25 08:34:37,507 | INFO     | media.image_downloader | Downloaded background image for scene='shopping' -> /opt/airflow/output/images/long_337.jpg
[2026-07-25T08:34:41.664+0000] {logging_mixin.py:188} INFO - 2026-07-25 08:34:41,664 | INFO     | tts.edge_tts | Synthesized audio -> /opt/airflow/output/audio/phrase_346.mp3
[2026-07-25T08:34:42.210+0000] {logging_mixin.py:188} INFO - 2026-07-25 08:34:42,210 | INFO     | tts.edge_tts | Synthesized audio -> /opt/airflow/output/audio/example_346.mp3
[2026-07-25T08:34:42.587+0000] {logging_mixin.py:188} INFO - 2026-07-25 08:34:42,587 | INFO     | media.image_downloader | Downloaded background image for scene='checkout' -> /opt/airflow/output/images/long_346.jpg
[2026-07-25T08:34:45.751+0000] {logging_mixin.py:188} INFO - 2026-07-25 08:34:45,751 | INFO     | tts.edge_tts | Synthesized audio -> /opt/airflow/output/audio/phrase_349.mp3
[2026-07-25T08:34:46.097+0000] {logging_mixin.py:188} INFO - 2026-07-25 08:34:46,097 | INFO     | tts.edge_tts | Synthesized audio -> /opt/airflow/output/audio/example_349.mp3
[2026-07-25T08:34:46.281+0000] {logging_mixin.py:188} INFO - 2026-07-25 08:34:46,281 | INFO     | media.image_downloader | Downloaded background image for scene='boutique' -> /opt/airflow/output/images/long_349.jpg
[2026-07-25T08:34:49.923+0000] {logging_mixin.py:188} INFO - 2026-07-25 08:34:49,923 | INFO     | tts.edge_tts | Synthesized audio -> /opt/airflow/output/audio/phrase_355.mp3
[2026-07-25T08:34:50.263+0000] {logging_mixin.py:188} INFO - 2026-07-25 08:34:50,263 | INFO     | tts.edge_tts | Synthesized audio -> /opt/airflow/output/audio/example_355.mp3
[2026-07-25T08:34:50.936+0000] {logging_mixin.py:188} INFO - 2026-07-25 08:34:50,936 | INFO     | media.image_downloader | Downloaded background image for scene='register' -> /opt/airflow/output/images/long_355.jpg
[2026-07-25T08:34:54.850+0000] {logging_mixin.py:188} INFO - 2026-07-25 08:34:54,849 | INFO     | tts.edge_tts | Synthesized audio -> /opt/airflow/output/audio/phrase_360.mp3
[2026-07-25T08:34:55.210+0000] {logging_mixin.py:188} INFO - 2026-07-25 08:34:55,210 | INFO     | tts.edge_tts | Synthesized audio -> /opt/airflow/output/audio/example_360.mp3
[2026-07-25T08:34:55.939+0000] {logging_mixin.py:188} INFO - 2026-07-25 08:34:55,939 | INFO     | media.image_downloader | Downloaded background image for scene='storefront' -> /opt/airflow/output/images/long_360.jpg
[2026-07-25T08:34:59.721+0000] {logging_mixin.py:188} INFO - 2026-07-25 08:34:59,721 | INFO     | tts.edge_tts | Synthesized audio -> /opt/airflow/output/audio/phrase_363.mp3
[2026-07-25T08:35:00.098+0000] {logging_mixin.py:188} INFO - 2026-07-25 08:35:00,098 | INFO     | tts.edge_tts | Synthesized audio -> /opt/airflow/output/audio/example_363.mp3
[2026-07-25T08:35:00.301+0000] {logging_mixin.py:188} INFO - 2026-07-25 08:35:00,301 | INFO     | media.image_downloader | Downloaded background image for scene='shopping' -> /opt/airflow/output/images/long_363.jpg
[2026-07-25T08:35:05.493+0000] {logging_mixin.py:188} INFO - 2026-07-25 08:35:05,493 | INFO     | tts.edge_tts | Synthesized audio -> /opt/airflow/output/audio/phrase_370.mp3
[2026-07-25T08:35:06.147+0000] {logging_mixin.py:188} INFO - 2026-07-25 08:35:06,147 | INFO     | tts.edge_tts | Synthesized audio -> /opt/airflow/output/audio/example_370.mp3
[2026-07-25T08:35:06.569+0000] {logging_mixin.py:188} INFO - 2026-07-25 08:35:06,569 | INFO     | media.image_downloader | Downloaded background image for scene='shopping' -> /opt/airflow/output/images/long_370.jpg
[2026-07-25T08:35:10.850+0000] {logging_mixin.py:188} INFO - 2026-07-25 08:35:10,850 | INFO     | tts.edge_tts | Synthesized audio -> /opt/airflow/output/audio/phrase_376.mp3
[2026-07-25T08:35:11.309+0000] {logging_mixin.py:188} INFO - 2026-07-25 08:35:11,309 | INFO     | tts.edge_tts | Synthesized audio -> /opt/airflow/output/audio/example_376.mp3
[2026-07-25T08:35:11.844+0000] {logging_mixin.py:188} INFO - 2026-07-25 08:35:11,843 | INFO     | media.image_downloader | Downloaded background image for scene='supermarket' -> /opt/airflow/output/images/long_376.jpg
[2026-07-25T08:35:15.416+0000] {logging_mixin.py:188} INFO - 2026-07-25 08:35:15,416 | INFO     | tts.edge_tts | Synthesized audio -> /opt/airflow/output/audio/phrase_379.mp3
[2026-07-25T08:35:15.740+0000] {logging_mixin.py:188} INFO - 2026-07-25 08:35:15,740 | INFO     | tts.edge_tts | Synthesized audio -> /opt/airflow/output/audio/example_379.mp3
[2026-07-25T08:35:15.913+0000] {logging_mixin.py:188} INFO - 2026-07-25 08:35:15,913 | INFO     | media.image_downloader | Downloaded background image for scene='shopping' -> /opt/airflow/output/images/long_379.jpg
[2026-07-25T08:35:21.503+0000] {logging_mixin.py:188} INFO - 2026-07-25 08:35:21,503 | WARNING  | video.video_builder | BGM file not found at /opt/airflow/assets/bgm/long_bgm.mp3, rendering without background music
[2026-07-25T08:35:42.805+0000] {logging_mixin.py:188} INFO - 2026-07-25 08:35:42,805 | INFO     | video.video_builder | Final video rendered -> /opt/airflow/output/videos/long_291.mp4
[2026-07-25T08:36:00.361+0000] {logging_mixin.py:188} INFO - 2026-07-25 08:36:00,361 | INFO     | media.thumbnail_builder | Built thumbnail -> /opt/airflow/output/thumbnails/long_291.jpg
[2026-07-25T08:36:00.431+0000] {python.py:237} INFO - Done. Returned value was: {'video_id': 42, 'file_path': '/opt/airflow/output/videos/long_291.mp4', 'thumbnail_path': '/opt/airflow/output/thumbnails/long_291.jpg', 'title': "Speak English While Shopping: Essential Phrases | Taky's Language School", 'description': "Master practical Shopping English with Taky's Language School! In this lesson, you'll learn real-life phrases to shop confidently, ask about sizes, handle checkout, and talk politely with store assistants.\n\nKey phrases covered:\n• Is this on sale?\n• Do you have this in a smaller size?\n• I'm just browsing, thanks.\n• Can I pay with contactless?\n• Is there a tax-free option?\n\nImprove your daily spoken English and sound like a native speaker while traveling or shopping abroad. Subscribe for more useful English lessons!", 'tags': ['shopping english', 'english for shopping', 'learn english', 'takys language school', 'spoken english', 'practical english phrases', 'english conversation', 'travel english', 'daily english phrases', 'english vocabulary'], 'video_type': 'long'}
[2026-07-25T08:36:00.432+0000] {taskinstance.py:441} INFO - ::group::Post task execution logs
[2026-07-25T08:36:00.449+0000] {taskinstance.py:1206} INFO - Marking task as SUCCESS. dag_id=youtube_english_video_pipeline, task_id=build_long_video_5, run_id=manual__2026-07-25T08:23:54.309173+00:00, execution_date=20260725T082354, start_date=20260725T083407, end_date=20260725T083600
[2026-07-25T08:36:00.518+0000] {local_task_job_runner.py:243} INFO - Task exited with return code 0
[2026-07-25T08:36:00.643+0000] {taskinstance.py:3503} INFO - 1 downstream tasks scheduled from follow-on schedule check
[2026-07-25T08:36:00.647+0000] {local_task_job_runner.py:222} INFO - ::endgroup::
