[2026-09-22T00:17:45.531+0000] {local_task_job_runner.py:120} INFO - ::group::Pre task execution logs
[2026-09-22T00:17:45.594+0000] {taskinstance.py:2076} INFO - Dependencies all met for dep_context=non-requeueable deps ti=<TaskInstance: youtube_english_video_pipeline.upload_long_video_2 scheduled__2026-09-20T12:00:00+00:00 [queued]>
[2026-09-22T00:17:45.604+0000] {taskinstance.py:2076} INFO - Dependencies all met for dep_context=requeueable deps ti=<TaskInstance: youtube_english_video_pipeline.upload_long_video_2 scheduled__2026-09-20T12:00:00+00:00 [queued]>
[2026-09-22T00:17:45.605+0000] {taskinstance.py:2306} INFO - Starting attempt 1 of 3
[2026-09-22T00:17:45.619+0000] {taskinstance.py:2330} INFO - Executing <Task(PythonOperator): upload_long_video_2> on 2026-09-20 12:00:00+00:00
[2026-09-22T00:17:45.623+0000] {standard_task_runner.py:64} INFO - Started process 7700 to run task
[2026-09-22T00:17:45.627+0000] {standard_task_runner.py:90} INFO - Running: ['airflow', 'tasks', 'run', 'youtube_english_video_pipeline', 'upload_long_video_2', 'scheduled__2026-09-20T12:00:00+00:00', '--job-id', '1462', '--raw', '--subdir', 'DAGS_FOLDER/youtube_pipeline.py', '--cfg-path', '/tmp/tmpd2hc3c_v']
[2026-09-22T00:17:45.631+0000] {standard_task_runner.py:91} INFO - Job 1462: Subtask upload_long_video_2
[2026-09-22T00:17:45.696+0000] {task_command.py:426} INFO - Running <TaskInstance: youtube_english_video_pipeline.upload_long_video_2 scheduled__2026-09-20T12:00:00+00:00 [running]> on host 73b18333cdfe
[2026-09-22T00:17:45.994+0000] {taskinstance.py:2648} INFO - Exporting env vars: AIRFLOW_CTX_DAG_OWNER='taky' AIRFLOW_CTX_DAG_ID='youtube_english_video_pipeline' AIRFLOW_CTX_TASK_ID='upload_long_video_2' AIRFLOW_CTX_EXECUTION_DATE='2026-09-20T12:00:00+00:00' AIRFLOW_CTX_TRY_NUMBER='1' AIRFLOW_CTX_DAG_RUN_ID='scheduled__2026-09-20T12:00:00+00:00'
[2026-09-22T00:17:45.995+0000] {taskinstance.py:430} INFO - ::endgroup::
[2026-09-22T00:17:46.502+0000] {__init__.py:49} INFO - file_cache is only supported with oauth2client<4.0.0
[2026-09-22T00:17:46.516+0000] {logging_mixin.py:188} INFO - 2026-09-22 00:17:46,516 | INFO     | uploader.youtube_uploader | Uploading video 'Travel English: 20 Phrases You’ll Actually Use Abroad' (/opt/airflow/output/videos/long_3614.mp4) to YouTube...
[2026-09-22T00:17:52.843+0000] {logging_mixin.py:188} INFO - 2026-09-22 00:17:52,843 | INFO     | uploader.youtube_uploader | Upload complete. YouTube video id = MoLRLKJKo2g
[2026-09-22T00:18:00.217+0000] {logging_mixin.py:188} INFO - 2026-09-22 00:18:00,217 | INFO     | uploader.youtube_uploader | Custom thumbnail uploaded.
[2026-09-22T00:18:00.243+0000] {python.py:237} INFO - Done. Returned value was: MoLRLKJKo2g
[2026-09-22T00:18:00.244+0000] {taskinstance.py:441} INFO - ::group::Post task execution logs
[2026-09-22T00:18:00.305+0000] {taskinstance.py:1206} INFO - Marking task as SUCCESS. dag_id=youtube_english_video_pipeline, task_id=upload_long_video_2, run_id=scheduled__2026-09-20T12:00:00+00:00, execution_date=20260920T120000, start_date=20260922T001745, end_date=20260922T001800
[2026-09-22T00:18:00.371+0000] {local_task_job_runner.py:243} INFO - Task exited with return code 0
[2026-09-22T00:18:00.642+0000] {taskinstance.py:3503} INFO - 0 downstream tasks scheduled from follow-on schedule check
[2026-09-22T00:18:00.649+0000] {local_task_job_runner.py:222} INFO - ::endgroup::
