[2026-07-27T11:06:17.185+0000] {local_task_job_runner.py:120} INFO - ::group::Pre task execution logs
[2026-07-27T11:06:17.210+0000] {taskinstance.py:2076} INFO - Dependencies all met for dep_context=non-requeueable deps ti=<TaskInstance: youtube_english_video_pipeline.upload_short_video_4 manual__2026-07-27T10:57:47.140907+00:00 [queued]>
[2026-07-27T11:06:17.220+0000] {taskinstance.py:2076} INFO - Dependencies all met for dep_context=requeueable deps ti=<TaskInstance: youtube_english_video_pipeline.upload_short_video_4 manual__2026-07-27T10:57:47.140907+00:00 [queued]>
[2026-07-27T11:06:17.221+0000] {taskinstance.py:2306} INFO - Starting attempt 1 of 3
[2026-07-27T11:06:17.234+0000] {taskinstance.py:2330} INFO - Executing <Task(PythonOperator): upload_short_video_4> on 2026-07-27 10:57:47.140907+00:00
[2026-07-27T11:06:17.240+0000] {standard_task_runner.py:64} INFO - Started process 70233 to run task
[2026-07-27T11:06:17.245+0000] {standard_task_runner.py:90} INFO - Running: ['airflow', 'tasks', 'run', 'youtube_english_video_pipeline', 'upload_short_video_4', 'manual__2026-07-27T10:57:47.140907+00:00', '--job-id', '431', '--raw', '--subdir', 'DAGS_FOLDER/youtube_pipeline.py', '--cfg-path', '/tmp/tmpcsnhk70o']
[2026-07-27T11:06:17.249+0000] {standard_task_runner.py:91} INFO - Job 431: Subtask upload_short_video_4
[2026-07-27T11:06:17.328+0000] {task_command.py:426} INFO - Running <TaskInstance: youtube_english_video_pipeline.upload_short_video_4 manual__2026-07-27T10:57:47.140907+00:00 [running]> on host cc859d74cf38
[2026-07-27T11:06:17.570+0000] {taskinstance.py:2648} INFO - Exporting env vars: AIRFLOW_CTX_DAG_OWNER='taky' AIRFLOW_CTX_DAG_ID='youtube_english_video_pipeline' AIRFLOW_CTX_TASK_ID='upload_short_video_4' AIRFLOW_CTX_EXECUTION_DATE='2026-07-27T10:57:47.140907+00:00' AIRFLOW_CTX_TRY_NUMBER='1' AIRFLOW_CTX_DAG_RUN_ID='manual__2026-07-27T10:57:47.140907+00:00'
[2026-07-27T11:06:17.571+0000] {taskinstance.py:430} INFO - ::endgroup::
[2026-07-27T11:06:17.831+0000] {__init__.py:49} INFO - file_cache is only supported with oauth2client<4.0.0
[2026-07-27T11:06:17.838+0000] {logging_mixin.py:188} INFO - 2026-07-27 11:06:17,838 | INFO     | uploader.youtube_uploader | Uploading video 'Stop Saying "I Am Late"! Say THIS Instead 🚗 #Shorts' (/opt/airflow/output/videos/short_802.mp4) to YouTube...
[2026-07-27T11:06:20.916+0000] {logging_mixin.py:188} INFO - 2026-07-27 11:06:20,916 | INFO     | uploader.youtube_uploader | Upload complete. YouTube video id = moP_CacQRsU
[2026-07-27T11:06:20.930+0000] {python.py:237} INFO - Done. Returned value was: moP_CacQRsU
[2026-07-27T11:06:20.931+0000] {taskinstance.py:441} INFO - ::group::Post task execution logs
[2026-07-27T11:06:20.965+0000] {taskinstance.py:1206} INFO - Marking task as SUCCESS. dag_id=youtube_english_video_pipeline, task_id=upload_short_video_4, run_id=manual__2026-07-27T10:57:47.140907+00:00, execution_date=20260727T105747, start_date=20260727T110617, end_date=20260727T110620
[2026-07-27T11:06:21.004+0000] {local_task_job_runner.py:243} INFO - Task exited with return code 0
[2026-07-27T11:06:21.187+0000] {taskinstance.py:3503} INFO - 1 downstream tasks scheduled from follow-on schedule check
[2026-07-27T11:06:21.191+0000] {local_task_job_runner.py:222} INFO - ::endgroup::
