[2026-08-22T07:35:20.573+0000] {local_task_job_runner.py:120} INFO - ::group::Pre task execution logs
[2026-08-22T07:35:20.605+0000] {taskinstance.py:2076} INFO - Dependencies all met for dep_context=non-requeueable deps ti=<TaskInstance: youtube_english_video_pipeline.build_long_video_6 scheduled__2026-08-20T12:00:00+00:00 [queued]>
[2026-08-22T07:35:20.616+0000] {taskinstance.py:2076} INFO - Dependencies all met for dep_context=requeueable deps ti=<TaskInstance: youtube_english_video_pipeline.build_long_video_6 scheduled__2026-08-20T12:00:00+00:00 [queued]>
[2026-08-22T07:35:20.617+0000] {taskinstance.py:2306} INFO - Starting attempt 3 of 3
[2026-08-22T07:35:20.630+0000] {taskinstance.py:2330} INFO - Executing <Task(PythonOperator): build_long_video_6> on 2026-08-20 12:00:00+00:00
[2026-08-22T07:35:20.637+0000] {standard_task_runner.py:64} INFO - Started process 87008 to run task
[2026-08-22T07:35:20.640+0000] {standard_task_runner.py:90} INFO - Running: ['airflow', 'tasks', 'run', 'youtube_english_video_pipeline', 'build_long_video_6', 'scheduled__2026-08-20T12:00:00+00:00', '--job-id', '899', '--raw', '--subdir', 'DAGS_FOLDER/youtube_pipeline.py', '--cfg-path', '/tmp/tmpmfe9bv6l']
[2026-08-22T07:35:20.643+0000] {standard_task_runner.py:91} INFO - Job 899: Subtask build_long_video_6
[2026-08-22T07:35:20.729+0000] {task_command.py:426} INFO - Running <TaskInstance: youtube_english_video_pipeline.build_long_video_6 scheduled__2026-08-20T12:00:00+00:00 [running]> on host cc859d74cf38
[2026-08-22T07:35:20.946+0000] {taskinstance.py:2648} INFO - Exporting env vars: AIRFLOW_CTX_DAG_OWNER='taky' AIRFLOW_CTX_DAG_ID='youtube_english_video_pipeline' AIRFLOW_CTX_TASK_ID='build_long_video_6' AIRFLOW_CTX_EXECUTION_DATE='2026-08-20T12:00:00+00:00' AIRFLOW_CTX_TRY_NUMBER='3' AIRFLOW_CTX_DAG_RUN_ID='scheduled__2026-08-20T12:00:00+00:00'
[2026-08-22T07:35:20.947+0000] {taskinstance.py:430} INFO - ::endgroup::
[2026-08-22T07:35:21.778+0000] {logging_mixin.py:188} INFO - 2026-08-22 07:35:21,778 | INFO     | planner.video_planner | Only 2 phrases for topic='Daily Life', topping up without topic filter
[2026-08-22T07:35:21.784+0000] {taskinstance.py:441} INFO - ::group::Post task execution logs
[2026-08-22T07:35:21.786+0000] {taskinstance.py:2905} ERROR - Task failed with exception
Traceback (most recent call last):
  File "/home/airflow/.local/lib/python3.11/site-packages/airflow/models/taskinstance.py", line 465, in _execute_task
    result = _execute_callable(context=context, **execute_callable_kwargs)
             ^^^^^^^^^^^^^^^^^^^^^^^^^^^^^^^^^^^^^^^^^^^^^^^^^^^^^^^^^^^^^
  File "/home/airflow/.local/lib/python3.11/site-packages/airflow/models/taskinstance.py", line 432, in _execute_callable
    return execute_callable(context=context, **execute_callable_kwargs)
           ^^^^^^^^^^^^^^^^^^^^^^^^^^^^^^^^^^^^^^^^^^^^^^^^^^^^^^^^^^^^
  File "/home/airflow/.local/lib/python3.11/site-packages/airflow/models/baseoperator.py", line 401, in wrapper
    return func(self, *args, **kwargs)
           ^^^^^^^^^^^^^^^^^^^^^^^^^^^
  File "/home/airflow/.local/lib/python3.11/site-packages/airflow/operators/python.py", line 235, in execute
    return_value = self.execute_callable()
                   ^^^^^^^^^^^^^^^^^^^^^^^
  File "/home/airflow/.local/lib/python3.11/site-packages/airflow/operators/python.py", line 252, in execute_callable
    return self.python_callable(*self.op_args, **self.op_kwargs)
           ^^^^^^^^^^^^^^^^^^^^^^^^^^^^^^^^^^^^^^^^^^^^^^^^^^^^^
  File "/opt/airflow/dags/youtube_pipeline.py", line 98, in task_build_long_video
    result = build_long_video()
             ^^^^^^^^^^^^^^^^^^
  File "/opt/airflow/src/video/long_video.py", line 121, in build_long_video
    result = LongVideoPipeline().run()
             ^^^^^^^^^^^^^^^^^^^^^^^^^
  File "/opt/airflow/src/video/long_video.py", line 46, in run
    plan = self.planner.plan("long")
           ^^^^^^^^^^^^^^^^^^^^^^^^^
  File "/opt/airflow/src/planner/video_planner.py", line 67, in plan
    return self.plan_long()
           ^^^^^^^^^^^^^^^^
  File "/opt/airflow/src/planner/video_planner.py", line 55, in plan_long
    raise RuntimeError(
RuntimeError: Not enough unused phrases for a Long video (have 4, need at least 15)
[2026-08-22T07:35:21.822+0000] {taskinstance.py:1206} INFO - Marking task as FAILED. dag_id=youtube_english_video_pipeline, task_id=build_long_video_6, run_id=scheduled__2026-08-20T12:00:00+00:00, execution_date=20260820T120000, start_date=20260822T073520, end_date=20260822T073521
[2026-08-22T07:35:21.832+0000] {standard_task_runner.py:110} ERROR - Failed to execute job 899 for task build_long_video_6 (Not enough unused phrases for a Long video (have 4, need at least 15); 87008)
[2026-08-22T07:35:21.857+0000] {local_task_job_runner.py:243} INFO - Task exited with return code 1
[2026-08-22T07:35:21.882+0000] {taskinstance.py:3503} INFO - 0 downstream tasks scheduled from follow-on schedule check
[2026-08-22T07:35:21.890+0000] {local_task_job_runner.py:222} INFO - ::endgroup::
