[2026-09-05T18:25:35.698+0000] {local_task_job_runner.py:120} INFO - ::group::Pre task execution logs
[2026-09-05T18:25:35.722+0000] {taskinstance.py:2076} INFO - Dependencies all met for dep_context=non-requeueable deps ti=<TaskInstance: youtube_english_video_pipeline.upload_long_video_1 scheduled__2026-09-04T12:00:00+00:00 [queued]>
[2026-09-05T18:25:35.728+0000] {taskinstance.py:2076} INFO - Dependencies all met for dep_context=requeueable deps ti=<TaskInstance: youtube_english_video_pipeline.upload_long_video_1 scheduled__2026-09-04T12:00:00+00:00 [queued]>
[2026-09-05T18:25:35.728+0000] {taskinstance.py:2306} INFO - Starting attempt 1 of 3
[2026-09-05T18:25:35.736+0000] {taskinstance.py:2330} INFO - Executing <Task(PythonOperator): upload_long_video_1> on 2026-09-04 12:00:00+00:00
[2026-09-05T18:25:35.739+0000] {standard_task_runner.py:64} INFO - Started process 32386 to run task
[2026-09-05T18:25:35.741+0000] {standard_task_runner.py:90} INFO - Running: ['airflow', 'tasks', 'run', 'youtube_english_video_pipeline', 'upload_long_video_1', 'scheduled__2026-09-04T12:00:00+00:00', '--job-id', '993', '--raw', '--subdir', 'DAGS_FOLDER/youtube_pipeline.py', '--cfg-path', '/tmp/tmp4stn49zv']
[2026-09-05T18:25:35.743+0000] {standard_task_runner.py:91} INFO - Job 993: Subtask upload_long_video_1
[2026-09-05T18:25:35.788+0000] {task_command.py:426} INFO - Running <TaskInstance: youtube_english_video_pipeline.upload_long_video_1 scheduled__2026-09-04T12:00:00+00:00 [running]> on host cc859d74cf38
[2026-09-05T18:25:35.935+0000] {taskinstance.py:2648} INFO - Exporting env vars: AIRFLOW_CTX_DAG_OWNER='taky' AIRFLOW_CTX_DAG_ID='youtube_english_video_pipeline' AIRFLOW_CTX_TASK_ID='upload_long_video_1' AIRFLOW_CTX_EXECUTION_DATE='2026-09-04T12:00:00+00:00' AIRFLOW_CTX_TRY_NUMBER='1' AIRFLOW_CTX_DAG_RUN_ID='scheduled__2026-09-04T12:00:00+00:00'
[2026-09-05T18:25:35.936+0000] {taskinstance.py:430} INFO - ::endgroup::
[2026-09-05T18:25:36.166+0000] {__init__.py:49} INFO - file_cache is only supported with oauth2client<4.0.0
[2026-09-05T18:25:36.171+0000] {logging_mixin.py:188} INFO - 2026-09-05 18:25:36,170 | INFO     | uploader.youtube_uploader | Uploading video '20 Must-Know English Expressions for Daily Conversations & Travel' (/opt/airflow/output/videos/long_2580.mp4) to YouTube...
[2026-09-05T18:25:40.099+0000] {logging_mixin.py:188} INFO - 2026-09-05 18:25:40,099 | INFO     | uploader.youtube_uploader | Upload complete. YouTube video id = 4s0COS3L2x4
[2026-09-05T18:25:43.950+0000] {logging_mixin.py:188} INFO - 2026-09-05 18:25:43,950 | INFO     | uploader.youtube_uploader | Custom thumbnail uploaded.
[2026-09-05T18:25:43.961+0000] {python.py:237} INFO - Done. Returned value was: 4s0COS3L2x4
[2026-09-05T18:25:43.962+0000] {taskinstance.py:441} INFO - ::group::Post task execution logs
[2026-09-05T18:25:43.981+0000] {taskinstance.py:1206} INFO - Marking task as SUCCESS. dag_id=youtube_english_video_pipeline, task_id=upload_long_video_1, run_id=scheduled__2026-09-04T12:00:00+00:00, execution_date=20260904T120000, start_date=20260905T182535, end_date=20260905T182543
[2026-09-05T18:25:44.033+0000] {local_task_job_runner.py:243} INFO - Task exited with return code 0
[2026-09-05T18:25:44.157+0000] {taskinstance.py:3503} INFO - 1 downstream tasks scheduled from follow-on schedule check
[2026-09-05T18:25:44.164+0000] {local_task_job_runner.py:222} INFO - ::endgroup::
