[2026-08-17T12:38:56.311+0000] {local_task_job_runner.py:120} INFO - ::group::Pre task execution logs
[2026-08-17T12:38:56.406+0000] {taskinstance.py:2076} INFO - Dependencies all met for dep_context=non-requeueable deps ti=<TaskInstance: youtube_english_video_pipeline.build_short_video_1 scheduled__2026-08-11T12:00:00+00:00 [queued]>
[2026-08-17T12:38:56.432+0000] {taskinstance.py:2076} INFO - Dependencies all met for dep_context=requeueable deps ti=<TaskInstance: youtube_english_video_pipeline.build_short_video_1 scheduled__2026-08-11T12:00:00+00:00 [queued]>
[2026-08-17T12:38:56.439+0000] {taskinstance.py:2306} INFO - Starting attempt 1 of 3
[2026-08-17T12:38:56.473+0000] {taskinstance.py:2330} INFO - Executing <Task(PythonOperator): build_short_video_1> on 2026-08-11 12:00:00+00:00
[2026-08-17T12:38:56.486+0000] {standard_task_runner.py:64} INFO - Started process 599 to run task
[2026-08-17T12:38:56.492+0000] {standard_task_runner.py:90} INFO - Running: ['airflow', 'tasks', 'run', 'youtube_english_video_pipeline', 'build_short_video_1', 'scheduled__2026-08-11T12:00:00+00:00', '--job-id', '736', '--raw', '--subdir', 'DAGS_FOLDER/youtube_pipeline.py', '--cfg-path', '/tmp/tmpwcce3ogi']
[2026-08-17T12:38:56.504+0000] {standard_task_runner.py:91} INFO - Job 736: Subtask build_short_video_1
[2026-08-17T12:38:56.684+0000] {task_command.py:426} INFO - Running <TaskInstance: youtube_english_video_pipeline.build_short_video_1 scheduled__2026-08-11T12:00:00+00:00 [running]> on host cc859d74cf38
[2026-08-17T12:38:57.084+0000] {taskinstance.py:2648} INFO - Exporting env vars: AIRFLOW_CTX_DAG_OWNER='taky' AIRFLOW_CTX_DAG_ID='youtube_english_video_pipeline' AIRFLOW_CTX_TASK_ID='build_short_video_1' AIRFLOW_CTX_EXECUTION_DATE='2026-08-11T12:00:00+00:00' AIRFLOW_CTX_TRY_NUMBER='1' AIRFLOW_CTX_DAG_RUN_ID='scheduled__2026-08-11T12:00:00+00:00'
[2026-08-17T12:38:57.098+0000] {taskinstance.py:430} INFO - ::endgroup::
[2026-08-17T12:38:59.180+0000] {logging_mixin.py:188} INFO - 2026-08-17 12:38:59,180 | INFO     | planner.video_planner | Planned SHORT video: topic='Business English', phrases=1
[2026-08-17T12:38:59.896+0000] {logging_mixin.py:188} INFO - 2026-08-17 12:38:59,896 | INFO     | tts.edge_tts | Synthesized audio -> /opt/airflow/output/audio/phrase_1849.mp3
[2026-08-17T12:39:00.396+0000] {logging_mixin.py:188} INFO - 2026-08-17 12:39:00,396 | INFO     | tts.edge_tts | Synthesized audio -> /opt/airflow/output/audio/example_1849.mp3
[2026-08-17T12:39:01.305+0000] {logging_mixin.py:188} INFO - 2026-08-17 12:39:01,305 | INFO     | media.image_downloader | Downloaded background image for scene='office' -> /opt/airflow/output/images/short_1849.jpg
[2026-08-17T12:39:07.787+0000] {logging_mixin.py:188} INFO - 2026-08-17 12:39:07,787 | WARNING  | video.video_builder | BGM file not found at /opt/airflow/assets/bgm/short_bgm.mp3, rendering without background music
[2026-08-17T12:39:10.684+0000] {logging_mixin.py:188} INFO - 2026-08-17 12:39:10,684 | INFO     | video.video_builder | Final video rendered -> /opt/airflow/output/videos/short_1849.mp4
[2026-08-17T12:39:26.276+0000] {python.py:237} INFO - Done. Returned value was: {'video_id': 212, 'file_path': '/opt/airflow/output/videos/short_1849.mp4', 'title': "Say This When You're Busy at Work! 📞 Business English #Shorts", 'description': 'Need to answer a phone call right before a meeting? Learn practical business English phrases with Taky\'s Language School!\n\nFeatured phrase:\n"I am stepping into a meeting right now, so I\'ll call you back later."\n\nSound polite, professional, and natural in workplace conversations. Subscribe for more daily English tips! 🚀\n\n#BusinessEnglish #LearnEnglish #EnglishPhrases #SpeakEnglish #EnglishShorts #TakysLanguageSchool', 'tags': ['Business English', 'Learn English', 'English Shorts', 'English phrases', 'Spoken English', "Taky's Language School", 'Workplace English', 'English conversation', 'Speak English fluently', 'Professional English'], 'video_type': 'short'}
[2026-08-17T12:39:26.279+0000] {taskinstance.py:441} INFO - ::group::Post task execution logs
[2026-08-17T12:39:26.322+0000] {taskinstance.py:1206} INFO - Marking task as SUCCESS. dag_id=youtube_english_video_pipeline, task_id=build_short_video_1, run_id=scheduled__2026-08-11T12:00:00+00:00, execution_date=20260811T120000, start_date=20260817T123856, end_date=20260817T123926
[2026-08-17T12:39:26.426+0000] {local_task_job_runner.py:243} INFO - Task exited with return code 0
[2026-08-17T12:39:26.662+0000] {taskinstance.py:3503} INFO - 1 downstream tasks scheduled from follow-on schedule check
[2026-08-17T12:39:26.672+0000] {local_task_job_runner.py:222} INFO - ::endgroup::
