[2026-09-10T12:35:55.186+0000] {local_task_job_runner.py:120} INFO - ::group::Pre task execution logs
[2026-09-10T12:35:55.215+0000] {taskinstance.py:2076} INFO - Dependencies all met for dep_context=non-requeueable deps ti=<TaskInstance: youtube_english_video_pipeline.upload_short_video_1 manual__2026-09-10T12:29:05.229650+00:00 [queued]>
[2026-09-10T12:35:55.221+0000] {taskinstance.py:2076} INFO - Dependencies all met for dep_context=requeueable deps ti=<TaskInstance: youtube_english_video_pipeline.upload_short_video_1 manual__2026-09-10T12:29:05.229650+00:00 [queued]>
[2026-09-10T12:35:55.222+0000] {taskinstance.py:2306} INFO - Starting attempt 1 of 3
[2026-09-10T12:35:55.231+0000] {taskinstance.py:2330} INFO - Executing <Task(PythonOperator): upload_short_video_1> on 2026-09-10 12:29:05.229650+00:00
[2026-09-10T12:35:55.235+0000] {standard_task_runner.py:64} INFO - Started process 4457 to run task
[2026-09-10T12:35:55.237+0000] {standard_task_runner.py:90} INFO - Running: ['airflow', 'tasks', 'run', 'youtube_english_video_pipeline', 'upload_short_video_1', 'manual__2026-09-10T12:29:05.229650+00:00', '--job-id', '1092', '--raw', '--subdir', 'DAGS_FOLDER/youtube_pipeline.py', '--cfg-path', '/tmp/tmpyaamt_sj']
[2026-09-10T12:35:55.239+0000] {standard_task_runner.py:91} INFO - Job 1092: Subtask upload_short_video_1
[2026-09-10T12:35:55.296+0000] {task_command.py:426} INFO - Running <TaskInstance: youtube_english_video_pipeline.upload_short_video_1 manual__2026-09-10T12:29:05.229650+00:00 [running]> on host cc859d74cf38
[2026-09-10T12:35:55.458+0000] {taskinstance.py:2648} INFO - Exporting env vars: AIRFLOW_CTX_DAG_OWNER='taky' AIRFLOW_CTX_DAG_ID='youtube_english_video_pipeline' AIRFLOW_CTX_TASK_ID='upload_short_video_1' AIRFLOW_CTX_EXECUTION_DATE='2026-09-10T12:29:05.229650+00:00' AIRFLOW_CTX_TRY_NUMBER='1' AIRFLOW_CTX_DAG_RUN_ID='manual__2026-09-10T12:29:05.229650+00:00'
[2026-09-10T12:35:55.459+0000] {taskinstance.py:430} INFO - ::endgroup::
[2026-09-10T12:35:56.029+0000] {__init__.py:49} INFO - file_cache is only supported with oauth2client<4.0.0
[2026-09-10T12:35:56.042+0000] {logging_mixin.py:188} INFO - 2026-09-10 12:35:56,041 | INFO     | uploader.youtube_uploader | Uploading video 'Daily English Phrase | Business English' (/opt/airflow/output/videos/short_2705.mp4) to YouTube...
[2026-09-10T12:35:59.530+0000] {logging_mixin.py:188} INFO - 2026-09-10 12:35:59,529 | INFO     | uploader.youtube_uploader | Upload complete. YouTube video id = 1bgpBHgn54I
[2026-09-10T12:35:59.550+0000] {python.py:237} INFO - Done. Returned value was: 1bgpBHgn54I
[2026-09-10T12:35:59.551+0000] {taskinstance.py:441} INFO - ::group::Post task execution logs
[2026-09-10T12:35:59.572+0000] {taskinstance.py:1206} INFO - Marking task as SUCCESS. dag_id=youtube_english_video_pipeline, task_id=upload_short_video_1, run_id=manual__2026-09-10T12:29:05.229650+00:00, execution_date=20260910T122905, start_date=20260910T123555, end_date=20260910T123559
[2026-09-10T12:35:59.634+0000] {local_task_job_runner.py:243} INFO - Task exited with return code 0
[2026-09-10T12:35:59.797+0000] {taskinstance.py:3503} INFO - 1 downstream tasks scheduled from follow-on schedule check
[2026-09-10T12:35:59.800+0000] {local_task_job_runner.py:222} INFO - ::endgroup::
