[2026-07-25T12:21:00.759+0000] {local_task_job_runner.py:120} INFO - ::group::Pre task execution logs
[2026-07-25T12:21:00.793+0000] {taskinstance.py:2076} INFO - Dependencies all met for dep_context=non-requeueable deps ti=<TaskInstance: youtube_english_video_pipeline.upload_short_video_2 manual__2026-07-25T09:49:38.187523+00:00 [queued]>
[2026-07-25T12:21:00.801+0000] {taskinstance.py:2076} INFO - Dependencies all met for dep_context=requeueable deps ti=<TaskInstance: youtube_english_video_pipeline.upload_short_video_2 manual__2026-07-25T09:49:38.187523+00:00 [queued]>
[2026-07-25T12:21:00.802+0000] {taskinstance.py:2306} INFO - Starting attempt 1 of 3
[2026-07-25T12:21:00.815+0000] {taskinstance.py:2330} INFO - Executing <Task(PythonOperator): upload_short_video_2> on 2026-07-25 09:49:38.187523+00:00
[2026-07-25T12:21:00.820+0000] {standard_task_runner.py:64} INFO - Started process 3170 to run task
[2026-07-25T12:21:00.824+0000] {standard_task_runner.py:90} INFO - Running: ['airflow', 'tasks', 'run', 'youtube_english_video_pipeline', 'upload_short_video_2', 'manual__2026-07-25T09:49:38.187523+00:00', '--job-id', '319', '--raw', '--subdir', 'DAGS_FOLDER/youtube_pipeline.py', '--cfg-path', '/tmp/tmpgx7mnynt']
[2026-07-25T12:21:00.826+0000] {standard_task_runner.py:91} INFO - Job 319: Subtask upload_short_video_2
[2026-07-25T12:21:00.897+0000] {task_command.py:426} INFO - Running <TaskInstance: youtube_english_video_pipeline.upload_short_video_2 manual__2026-07-25T09:49:38.187523+00:00 [running]> on host cc859d74cf38
[2026-07-25T12:21:01.149+0000] {taskinstance.py:2648} INFO - Exporting env vars: AIRFLOW_CTX_DAG_OWNER='taky' AIRFLOW_CTX_DAG_ID='youtube_english_video_pipeline' AIRFLOW_CTX_TASK_ID='upload_short_video_2' AIRFLOW_CTX_EXECUTION_DATE='2026-07-25T09:49:38.187523+00:00' AIRFLOW_CTX_TRY_NUMBER='1' AIRFLOW_CTX_DAG_RUN_ID='manual__2026-07-25T09:49:38.187523+00:00'
[2026-07-25T12:21:01.151+0000] {taskinstance.py:430} INFO - ::endgroup::
[2026-07-25T12:21:01.421+0000] {__init__.py:49} INFO - file_cache is only supported with oauth2client<4.0.0
[2026-07-25T12:21:01.432+0000] {logging_mixin.py:188} INFO - 2026-07-25 12:21:01,431 | INFO     | uploader.youtube_uploader | Uploading video 'Do You Have This in a Smaller Size? 🛍️ Shopping English #Shorts' (/opt/airflow/output/videos/short_462.mp4) to YouTube...
[2026-07-25T12:21:03.933+0000] {logging_mixin.py:188} INFO - 2026-07-25 12:21:03,933 | INFO     | uploader.youtube_uploader | Upload complete. YouTube video id = pnuSqX4gq7w
[2026-07-25T12:21:03.961+0000] {python.py:237} INFO - Done. Returned value was: pnuSqX4gq7w
[2026-07-25T12:21:03.969+0000] {taskinstance.py:441} INFO - ::group::Post task execution logs
[2026-07-25T12:21:04.005+0000] {taskinstance.py:1206} INFO - Marking task as SUCCESS. dag_id=youtube_english_video_pipeline, task_id=upload_short_video_2, run_id=manual__2026-07-25T09:49:38.187523+00:00, execution_date=20260725T094938, start_date=20260725T122100, end_date=20260725T122104
[2026-07-25T12:21:04.060+0000] {local_task_job_runner.py:243} INFO - Task exited with return code 0
[2026-07-25T12:21:04.267+0000] {taskinstance.py:3503} INFO - 1 downstream tasks scheduled from follow-on schedule check
[2026-07-25T12:21:04.271+0000] {local_task_job_runner.py:222} INFO - ::endgroup::
