[2026-09-10T12:53:41.941+0000] {local_task_job_runner.py:120} INFO - ::group::Pre task execution logs
[2026-09-10T12:53:41.967+0000] {taskinstance.py:2076} INFO - Dependencies all met for dep_context=non-requeueable deps ti=<TaskInstance: youtube_english_video_pipeline.upload_short_video_1 scheduled__2026-09-09T12:00:00+00:00 [queued]>
[2026-09-10T12:53:41.972+0000] {taskinstance.py:2076} INFO - Dependencies all met for dep_context=requeueable deps ti=<TaskInstance: youtube_english_video_pipeline.upload_short_video_1 scheduled__2026-09-09T12:00:00+00:00 [queued]>
[2026-09-10T12:53:41.974+0000] {taskinstance.py:2306} INFO - Starting attempt 1 of 3
[2026-09-10T12:53:41.984+0000] {taskinstance.py:2330} INFO - Executing <Task(PythonOperator): upload_short_video_1> on 2026-09-09 12:00:00+00:00
[2026-09-10T12:53:41.987+0000] {standard_task_runner.py:64} INFO - Started process 11744 to run task
[2026-09-10T12:53:41.990+0000] {standard_task_runner.py:90} INFO - Running: ['airflow', 'tasks', 'run', 'youtube_english_video_pipeline', 'upload_short_video_1', 'scheduled__2026-09-09T12:00:00+00:00', '--job-id', '1108', '--raw', '--subdir', 'DAGS_FOLDER/youtube_pipeline.py', '--cfg-path', '/tmp/tmpvycvca9h']
[2026-09-10T12:53:41.992+0000] {standard_task_runner.py:91} INFO - Job 1108: Subtask upload_short_video_1
[2026-09-10T12:53:42.048+0000] {task_command.py:426} INFO - Running <TaskInstance: youtube_english_video_pipeline.upload_short_video_1 scheduled__2026-09-09T12:00:00+00:00 [running]> on host cc859d74cf38
[2026-09-10T12:53:42.226+0000] {taskinstance.py:2648} INFO - Exporting env vars: AIRFLOW_CTX_DAG_OWNER='taky' AIRFLOW_CTX_DAG_ID='youtube_english_video_pipeline' AIRFLOW_CTX_TASK_ID='upload_short_video_1' AIRFLOW_CTX_EXECUTION_DATE='2026-09-09T12:00:00+00:00' AIRFLOW_CTX_TRY_NUMBER='1' AIRFLOW_CTX_DAG_RUN_ID='scheduled__2026-09-09T12:00:00+00:00'
[2026-09-10T12:53:42.227+0000] {taskinstance.py:430} INFO - ::endgroup::
[2026-09-10T12:53:42.421+0000] {__init__.py:49} INFO - file_cache is only supported with oauth2client<4.0.0
[2026-09-10T12:53:42.427+0000] {logging_mixin.py:188} INFO - 2026-09-10 12:53:42,427 | INFO     | uploader.youtube_uploader | Uploading video 'Daily English Phrase | Airport English' (/opt/airflow/output/videos/short_2748.mp4) to YouTube...
[2026-09-10T12:53:45.314+0000] {logging_mixin.py:188} INFO - 2026-09-10 12:53:45,314 | INFO     | uploader.youtube_uploader | Upload complete. YouTube video id = VrKV4gOzwxA
[2026-09-10T12:53:45.338+0000] {python.py:237} INFO - Done. Returned value was: VrKV4gOzwxA
[2026-09-10T12:53:45.340+0000] {taskinstance.py:441} INFO - ::group::Post task execution logs
[2026-09-10T12:53:45.359+0000] {taskinstance.py:1206} INFO - Marking task as SUCCESS. dag_id=youtube_english_video_pipeline, task_id=upload_short_video_1, run_id=scheduled__2026-09-09T12:00:00+00:00, execution_date=20260909T120000, start_date=20260910T125341, end_date=20260910T125345
[2026-09-10T12:53:45.377+0000] {local_task_job_runner.py:243} INFO - Task exited with return code 0
[2026-09-10T12:53:45.492+0000] {taskinstance.py:3503} INFO - 1 downstream tasks scheduled from follow-on schedule check
[2026-09-10T12:53:45.496+0000] {local_task_job_runner.py:222} INFO - ::endgroup::
