[2026-07-27T01:42:34.773+0000] {local_task_job_runner.py:120} INFO - ::group::Pre task execution logs
[2026-07-27T01:42:34.838+0000] {taskinstance.py:2076} INFO - Dependencies all met for dep_context=non-requeueable deps ti=<TaskInstance: youtube_english_video_pipeline.upload_long_video_5 scheduled__2026-07-25T12:00:00+00:00 [queued]>
[2026-07-27T01:42:34.854+0000] {taskinstance.py:2076} INFO - Dependencies all met for dep_context=requeueable deps ti=<TaskInstance: youtube_english_video_pipeline.upload_long_video_5 scheduled__2026-07-25T12:00:00+00:00 [queued]>
[2026-07-27T01:42:34.858+0000] {taskinstance.py:2306} INFO - Starting attempt 1 of 3
[2026-07-27T01:42:34.885+0000] {taskinstance.py:2330} INFO - Executing <Task(PythonOperator): upload_long_video_5> on 2026-07-25 12:00:00+00:00
[2026-07-27T01:42:34.897+0000] {standard_task_runner.py:64} INFO - Started process 44126 to run task
[2026-07-27T01:42:34.901+0000] {standard_task_runner.py:90} INFO - Running: ['airflow', 'tasks', 'run', 'youtube_english_video_pipeline', 'upload_long_video_5', 'scheduled__2026-07-25T12:00:00+00:00', '--job-id', '388', '--raw', '--subdir', 'DAGS_FOLDER/youtube_pipeline.py', '--cfg-path', '/tmp/tmpt037shap']
[2026-07-27T01:42:34.906+0000] {standard_task_runner.py:91} INFO - Job 388: Subtask upload_long_video_5
[2026-07-27T01:42:35.045+0000] {task_command.py:426} INFO - Running <TaskInstance: youtube_english_video_pipeline.upload_long_video_5 scheduled__2026-07-25T12:00:00+00:00 [running]> on host cc859d74cf38
[2026-07-27T01:42:35.382+0000] {taskinstance.py:2648} INFO - Exporting env vars: AIRFLOW_CTX_DAG_OWNER='taky' AIRFLOW_CTX_DAG_ID='youtube_english_video_pipeline' AIRFLOW_CTX_TASK_ID='upload_long_video_5' AIRFLOW_CTX_EXECUTION_DATE='2026-07-25T12:00:00+00:00' AIRFLOW_CTX_TRY_NUMBER='1' AIRFLOW_CTX_DAG_RUN_ID='scheduled__2026-07-25T12:00:00+00:00'
[2026-07-27T01:42:35.389+0000] {taskinstance.py:430} INFO - ::endgroup::
[2026-07-27T01:42:36.019+0000] {__init__.py:49} INFO - file_cache is only supported with oauth2client<4.0.0
[2026-07-27T01:42:36.041+0000] {logging_mixin.py:188} INFO - 2026-07-27 01:42:36,040 | INFO     | uploader.youtube_uploader | Uploading video '20 Essential English Phrases for Daily Life & Travel | Spoken English' (/opt/airflow/output/videos/long_639.mp4) to YouTube...
[2026-07-27T01:42:41.850+0000] {logging_mixin.py:188} INFO - 2026-07-27 01:42:41,850 | INFO     | uploader.youtube_uploader | Upload complete. YouTube video id = NzHnKddCMHw
[2026-07-27T01:42:45.947+0000] {logging_mixin.py:188} INFO - 2026-07-27 01:42:45,947 | INFO     | uploader.youtube_uploader | Custom thumbnail uploaded.
[2026-07-27T01:42:45.971+0000] {python.py:237} INFO - Done. Returned value was: NzHnKddCMHw
[2026-07-27T01:42:45.972+0000] {taskinstance.py:441} INFO - ::group::Post task execution logs
[2026-07-27T01:42:46.022+0000] {taskinstance.py:1206} INFO - Marking task as SUCCESS. dag_id=youtube_english_video_pipeline, task_id=upload_long_video_5, run_id=scheduled__2026-07-25T12:00:00+00:00, execution_date=20260725T120000, start_date=20260727T014234, end_date=20260727T014246
[2026-07-27T01:42:46.094+0000] {local_task_job_runner.py:243} INFO - Task exited with return code 0
[2026-07-27T01:42:46.323+0000] {taskinstance.py:3503} INFO - 1 downstream tasks scheduled from follow-on schedule check
[2026-07-27T01:42:46.328+0000] {local_task_job_runner.py:222} INFO - ::endgroup::
