[2026-09-20T12:15:11.715+0000] {local_task_job_runner.py:120} INFO - ::group::Pre task execution logs
[2026-09-20T12:15:11.747+0000] {taskinstance.py:2076} INFO - Dependencies all met for dep_context=non-requeueable deps ti=<TaskInstance: youtube_english_video_pipeline.upload_long_video_6 scheduled__2026-09-19T12:00:00+00:00 [queued]>
[2026-09-20T12:15:11.753+0000] {taskinstance.py:2076} INFO - Dependencies all met for dep_context=requeueable deps ti=<TaskInstance: youtube_english_video_pipeline.upload_long_video_6 scheduled__2026-09-19T12:00:00+00:00 [queued]>
[2026-09-20T12:15:11.754+0000] {taskinstance.py:2306} INFO - Starting attempt 1 of 3
[2026-09-20T12:15:11.762+0000] {taskinstance.py:2330} INFO - Executing <Task(PythonOperator): upload_long_video_6> on 2026-09-19 12:00:00+00:00
[2026-09-20T12:15:11.766+0000] {standard_task_runner.py:64} INFO - Started process 85526 to run task
[2026-09-20T12:15:11.768+0000] {standard_task_runner.py:90} INFO - Running: ['airflow', 'tasks', 'run', 'youtube_english_video_pipeline', 'upload_long_video_6', 'scheduled__2026-09-19T12:00:00+00:00', '--job-id', '1391', '--raw', '--subdir', 'DAGS_FOLDER/youtube_pipeline.py', '--cfg-path', '/tmp/tmpzlbj_w0n']
[2026-09-20T12:15:11.770+0000] {standard_task_runner.py:91} INFO - Job 1391: Subtask upload_long_video_6
[2026-09-20T12:15:11.809+0000] {task_command.py:426} INFO - Running <TaskInstance: youtube_english_video_pipeline.upload_long_video_6 scheduled__2026-09-19T12:00:00+00:00 [running]> on host 73b18333cdfe
[2026-09-20T12:15:11.966+0000] {taskinstance.py:2648} INFO - Exporting env vars: AIRFLOW_CTX_DAG_OWNER='taky' AIRFLOW_CTX_DAG_ID='youtube_english_video_pipeline' AIRFLOW_CTX_TASK_ID='upload_long_video_6' AIRFLOW_CTX_EXECUTION_DATE='2026-09-19T12:00:00+00:00' AIRFLOW_CTX_TRY_NUMBER='1' AIRFLOW_CTX_DAG_RUN_ID='scheduled__2026-09-19T12:00:00+00:00'
[2026-09-20T12:15:11.967+0000] {taskinstance.py:430} INFO - ::endgroup::
[2026-09-20T12:15:12.075+0000] {__init__.py:49} INFO - file_cache is only supported with oauth2client<4.0.0
[2026-09-20T12:15:12.078+0000] {logging_mixin.py:188} INFO - 2026-09-20 12:15:12,078 | INFO     | uploader.youtube_uploader | Uploading video 'Travel English: 20 Essential Phrases for Your Next Trip | Taky's Language School' (/opt/airflow/output/videos/long_3357.mp4) to YouTube...
[2026-09-20T12:15:16.498+0000] {logging_mixin.py:188} INFO - 2026-09-20 12:15:16,498 | INFO     | uploader.youtube_uploader | Upload complete. YouTube video id = -IOW_oF0bHs
[2026-09-20T12:15:23.382+0000] {logging_mixin.py:188} INFO - 2026-09-20 12:15:23,382 | INFO     | uploader.youtube_uploader | Custom thumbnail uploaded.
[2026-09-20T12:15:23.390+0000] {python.py:237} INFO - Done. Returned value was: -IOW_oF0bHs
[2026-09-20T12:15:23.390+0000] {taskinstance.py:441} INFO - ::group::Post task execution logs
[2026-09-20T12:15:23.408+0000] {taskinstance.py:1206} INFO - Marking task as SUCCESS. dag_id=youtube_english_video_pipeline, task_id=upload_long_video_6, run_id=scheduled__2026-09-19T12:00:00+00:00, execution_date=20260919T120000, start_date=20260920T121511, end_date=20260920T121523
[2026-09-20T12:15:23.447+0000] {local_task_job_runner.py:243} INFO - Task exited with return code 0
[2026-09-20T12:15:23.568+0000] {taskinstance.py:3503} INFO - 1 downstream tasks scheduled from follow-on schedule check
[2026-09-20T12:15:23.573+0000] {local_task_job_runner.py:222} INFO - ::endgroup::
