[2026-09-20T12:07:21.048+0000] {local_task_job_runner.py:120} INFO - ::group::Pre task execution logs
[2026-09-20T12:07:21.073+0000] {taskinstance.py:2076} INFO - Dependencies all met for dep_context=non-requeueable deps ti=<TaskInstance: youtube_english_video_pipeline.build_short_video_4 scheduled__2026-09-19T12:00:00+00:00 [queued]>
[2026-09-20T12:07:21.079+0000] {taskinstance.py:2076} INFO - Dependencies all met for dep_context=requeueable deps ti=<TaskInstance: youtube_english_video_pipeline.build_short_video_4 scheduled__2026-09-19T12:00:00+00:00 [queued]>
[2026-09-20T12:07:21.080+0000] {taskinstance.py:2306} INFO - Starting attempt 1 of 3
[2026-09-20T12:07:21.089+0000] {taskinstance.py:2330} INFO - Executing <Task(PythonOperator): build_short_video_4> on 2026-09-19 12:00:00+00:00
[2026-09-20T12:07:21.092+0000] {standard_task_runner.py:64} INFO - Started process 75286 to run task
[2026-09-20T12:07:21.094+0000] {standard_task_runner.py:90} INFO - Running: ['airflow', 'tasks', 'run', 'youtube_english_video_pipeline', 'build_short_video_4', 'scheduled__2026-09-19T12:00:00+00:00', '--job-id', '1378', '--raw', '--subdir', 'DAGS_FOLDER/youtube_pipeline.py', '--cfg-path', '/tmp/tmp4dwusbey']
[2026-09-20T12:07:21.096+0000] {standard_task_runner.py:91} INFO - Job 1378: Subtask build_short_video_4
[2026-09-20T12:07:21.133+0000] {task_command.py:426} INFO - Running <TaskInstance: youtube_english_video_pipeline.build_short_video_4 scheduled__2026-09-19T12:00:00+00:00 [running]> on host 73b18333cdfe
[2026-09-20T12:07:21.284+0000] {taskinstance.py:2648} INFO - Exporting env vars: AIRFLOW_CTX_DAG_OWNER='taky' AIRFLOW_CTX_DAG_ID='youtube_english_video_pipeline' AIRFLOW_CTX_TASK_ID='build_short_video_4' AIRFLOW_CTX_EXECUTION_DATE='2026-09-19T12:00:00+00:00' AIRFLOW_CTX_TRY_NUMBER='1' AIRFLOW_CTX_DAG_RUN_ID='scheduled__2026-09-19T12:00:00+00:00'
[2026-09-20T12:07:21.286+0000] {taskinstance.py:430} INFO - ::endgroup::
[2026-09-20T12:07:21.595+0000] {logging_mixin.py:188} INFO - 2026-09-20 12:07:21,595 | INFO     | planner.video_planner | Planned SHORT video: topic='Travel English', phrases=1
[2026-09-20T12:07:21.938+0000] {logging_mixin.py:188} INFO - 2026-09-20 12:07:21,938 | INFO     | tts.edge_tts | Synthesized audio -> /opt/airflow/output/audio/phrase_3358.mp3
[2026-09-20T12:07:22.308+0000] {logging_mixin.py:188} INFO - 2026-09-20 12:07:22,308 | INFO     | tts.edge_tts | Synthesized audio -> /opt/airflow/output/audio/example_3358.mp3
[2026-09-20T12:07:22.775+0000] {logging_mixin.py:188} INFO - 2026-09-20 12:07:22,775 | INFO     | media.image_downloader | Downloaded background image for scene='airport' -> /opt/airflow/output/images/short_3358.jpg
[2026-09-20T12:07:25.730+0000] {logging_mixin.py:188} INFO - 2026-09-20 12:07:25,729 | WARNING  | video.video_builder | BGM file not found at /opt/airflow/assets/bgm/short_bgm.mp3, rendering without background music
[2026-09-20T12:07:27.687+0000] {logging_mixin.py:188} INFO - 2026-09-20 12:07:27,687 | INFO     | video.video_builder | Final video rendered -> /opt/airflow/output/videos/short_3358.mp4
[2026-09-20T12:07:33.819+0000] {python.py:237} INFO - Done. Returned value was: {'video_id': 420, 'file_path': '/opt/airflow/output/videos/short_3358.mp4', 'title': "Travel English: How to ask about your flight time ✈️ | Taky's Language School", 'description': "Stuck at the airport? Learn how to confidently ask about your flight status in English! In this quick lesson from Taky's Language School, we cover the essential phrase: 'What time is the flight?' and how to use it when your travel plans change. Perfect for travelers and English learners looking to improve their spoken communication skills for their next trip abroad. Don't let a flight delay stress you out—master this travel English phrase today! Subscribe for more practical English tips and travel vocabulary. #TravelEnglish #LearnEnglish #EnglishSpeaking #AirportEnglish #TakysLanguageSchool", 'tags': ['Travel English', 'Learn English', 'English Speaking Practice', 'Airport English', 'English for Travelers', 'Speak English', 'English Short', 'Takys Language School', 'English Phrases', 'Flight Delay English'], 'video_type': 'short'}
[2026-09-20T12:07:33.820+0000] {taskinstance.py:441} INFO - ::group::Post task execution logs
[2026-09-20T12:07:33.836+0000] {taskinstance.py:1206} INFO - Marking task as SUCCESS. dag_id=youtube_english_video_pipeline, task_id=build_short_video_4, run_id=scheduled__2026-09-19T12:00:00+00:00, execution_date=20260919T120000, start_date=20260920T120721, end_date=20260920T120733
[2026-09-20T12:07:33.882+0000] {local_task_job_runner.py:243} INFO - Task exited with return code 0
[2026-09-20T12:07:34.018+0000] {taskinstance.py:3503} INFO - 1 downstream tasks scheduled from follow-on schedule check
[2026-09-20T12:07:34.024+0000] {local_task_job_runner.py:222} INFO - ::endgroup::
