[2026-08-11T02:30:03.885+0000] {local_task_job_runner.py:120} INFO - ::group::Pre task execution logs
[2026-08-11T02:30:03.951+0000] {taskinstance.py:2076} INFO - Dependencies all met for dep_context=non-requeueable deps ti=<TaskInstance: youtube_english_video_pipeline.upload_short_video_2 manual__2026-08-11T02:25:49.703167+00:00 [queued]>
[2026-08-11T02:30:03.965+0000] {taskinstance.py:2076} INFO - Dependencies all met for dep_context=requeueable deps ti=<TaskInstance: youtube_english_video_pipeline.upload_short_video_2 manual__2026-08-11T02:25:49.703167+00:00 [queued]>
[2026-08-11T02:30:03.968+0000] {taskinstance.py:2306} INFO - Starting attempt 1 of 3
[2026-08-11T02:30:03.991+0000] {taskinstance.py:2330} INFO - Executing <Task(PythonOperator): upload_short_video_2> on 2026-08-11 02:25:49.703167+00:00
[2026-08-11T02:30:03.997+0000] {standard_task_runner.py:64} INFO - Started process 86067 to run task
[2026-08-11T02:30:04.001+0000] {standard_task_runner.py:90} INFO - Running: ['airflow', 'tasks', 'run', 'youtube_english_video_pipeline', 'upload_short_video_2', 'manual__2026-08-11T02:25:49.703167+00:00', '--job-id', '641', '--raw', '--subdir', 'DAGS_FOLDER/youtube_pipeline.py', '--cfg-path', '/tmp/tmpuceej13t']
[2026-08-11T02:30:04.007+0000] {standard_task_runner.py:91} INFO - Job 641: Subtask upload_short_video_2
[2026-08-11T02:30:04.110+0000] {task_command.py:426} INFO - Running <TaskInstance: youtube_english_video_pipeline.upload_short_video_2 manual__2026-08-11T02:25:49.703167+00:00 [running]> on host cc859d74cf38
[2026-08-11T02:30:04.377+0000] {taskinstance.py:2648} INFO - Exporting env vars: AIRFLOW_CTX_DAG_OWNER='taky' AIRFLOW_CTX_DAG_ID='youtube_english_video_pipeline' AIRFLOW_CTX_TASK_ID='upload_short_video_2' AIRFLOW_CTX_EXECUTION_DATE='2026-08-11T02:25:49.703167+00:00' AIRFLOW_CTX_TRY_NUMBER='1' AIRFLOW_CTX_DAG_RUN_ID='manual__2026-08-11T02:25:49.703167+00:00'
[2026-08-11T02:30:04.380+0000] {taskinstance.py:430} INFO - ::endgroup::
[2026-08-11T02:30:04.900+0000] {__init__.py:49} INFO - file_cache is only supported with oauth2client<4.0.0
[2026-08-11T02:30:04.920+0000] {logging_mixin.py:188} INFO - 2026-08-11 02:30:04,919 | INFO     | uploader.youtube_uploader | Uploading video 'How to Ask "Is This Seat Taken?" in English 🪑 #Shorts' (/opt/airflow/output/videos/short_1452.mp4) to YouTube...
[2026-08-11T02:30:07.164+0000] {logging_mixin.py:188} INFO - 2026-08-11 02:30:07,164 | INFO     | uploader.youtube_uploader | Upload complete. YouTube video id = 7wVutNOeBHc
[2026-08-11T02:30:07.179+0000] {python.py:237} INFO - Done. Returned value was: 7wVutNOeBHc
[2026-08-11T02:30:07.181+0000] {taskinstance.py:441} INFO - ::group::Post task execution logs
[2026-08-11T02:30:07.210+0000] {taskinstance.py:1206} INFO - Marking task as SUCCESS. dag_id=youtube_english_video_pipeline, task_id=upload_short_video_2, run_id=manual__2026-08-11T02:25:49.703167+00:00, execution_date=20260811T022549, start_date=20260811T023003, end_date=20260811T023007
[2026-08-11T02:30:07.272+0000] {local_task_job_runner.py:243} INFO - Task exited with return code 0
[2026-08-11T02:30:07.433+0000] {taskinstance.py:3503} INFO - 1 downstream tasks scheduled from follow-on schedule check
[2026-08-11T02:30:07.438+0000] {local_task_job_runner.py:222} INFO - ::endgroup::
