[2026-07-27T01:43:36.261+0000] {local_task_job_runner.py:120} INFO - ::group::Pre task execution logs
[2026-07-27T01:43:36.321+0000] {taskinstance.py:2076} INFO - Dependencies all met for dep_context=non-requeueable deps ti=<TaskInstance: youtube_english_video_pipeline.build_short_video_6 scheduled__2026-07-25T12:00:00+00:00 [queued]>
[2026-07-27T01:43:36.340+0000] {taskinstance.py:2076} INFO - Dependencies all met for dep_context=requeueable deps ti=<TaskInstance: youtube_english_video_pipeline.build_short_video_6 scheduled__2026-07-25T12:00:00+00:00 [queued]>
[2026-07-27T01:43:36.342+0000] {taskinstance.py:2306} INFO - Starting attempt 1 of 3
[2026-07-27T01:43:36.365+0000] {taskinstance.py:2330} INFO - Executing <Task(PythonOperator): build_short_video_6> on 2026-07-25 12:00:00+00:00
[2026-07-27T01:43:36.373+0000] {standard_task_runner.py:64} INFO - Started process 44165 to run task
[2026-07-27T01:43:36.379+0000] {standard_task_runner.py:90} INFO - Running: ['airflow', 'tasks', 'run', 'youtube_english_video_pipeline', 'build_short_video_6', 'scheduled__2026-07-25T12:00:00+00:00', '--job-id', '390', '--raw', '--subdir', 'DAGS_FOLDER/youtube_pipeline.py', '--cfg-path', '/tmp/tmpul8wy7in']
[2026-07-27T01:43:36.383+0000] {standard_task_runner.py:91} INFO - Job 390: Subtask build_short_video_6
[2026-07-27T01:43:36.488+0000] {task_command.py:426} INFO - Running <TaskInstance: youtube_english_video_pipeline.build_short_video_6 scheduled__2026-07-25T12:00:00+00:00 [running]> on host cc859d74cf38
[2026-07-27T01:43:36.827+0000] {taskinstance.py:2648} INFO - Exporting env vars: AIRFLOW_CTX_DAG_OWNER='taky' AIRFLOW_CTX_DAG_ID='youtube_english_video_pipeline' AIRFLOW_CTX_TASK_ID='build_short_video_6' AIRFLOW_CTX_EXECUTION_DATE='2026-07-25T12:00:00+00:00' AIRFLOW_CTX_TRY_NUMBER='1' AIRFLOW_CTX_DAG_RUN_ID='scheduled__2026-07-25T12:00:00+00:00'
[2026-07-27T01:43:36.830+0000] {taskinstance.py:430} INFO - ::endgroup::
[2026-07-27T01:43:38.340+0000] {logging_mixin.py:188} INFO - 2026-07-27 01:43:38,340 | INFO     | planner.video_planner | Planned SHORT video: topic='Restaurant English', phrases=1
[2026-07-27T01:43:38.795+0000] {logging_mixin.py:188} INFO - 2026-07-27 01:43:38,795 | INFO     | tts.edge_tts | Synthesized audio -> /opt/airflow/output/audio/phrase_676.mp3
[2026-07-27T01:43:39.172+0000] {logging_mixin.py:188} INFO - 2026-07-27 01:43:39,172 | INFO     | tts.edge_tts | Synthesized audio -> /opt/airflow/output/audio/example_676.mp3
[2026-07-27T01:43:39.404+0000] {logging_mixin.py:188} INFO - 2026-07-27 01:43:39,404 | INFO     | media.image_downloader | Downloaded background image for scene='restaurant' -> /opt/airflow/output/images/short_676.jpg
[2026-07-27T01:43:43.149+0000] {logging_mixin.py:188} INFO - 2026-07-27 01:43:43,148 | WARNING  | video.video_builder | BGM file not found at /opt/airflow/assets/bgm/short_bgm.mp3, rendering without background music
[2026-07-27T01:43:45.350+0000] {logging_mixin.py:188} INFO - 2026-07-27 01:43:45,350 | INFO     | video.video_builder | Final video rendered -> /opt/airflow/output/videos/short_676.mp4
[2026-07-27T01:43:50.638+0000] {python.py:237} INFO - Done. Returned value was: {'video_id': 85, 'file_path': '/opt/airflow/output/videos/short_676.mp4', 'title': 'How to Ask to SPLIT THE BILL in English! 💳 #shorts', 'description': 'Want to pay separately at a restaurant? Here is an essential phrase for real-life English conversation! 🍽️✨\n\nFeatured Phrase:\n👉 "We\'d like to split the bill."\n\nExample Sentence:\n"When the waiter brought the check, we asked if we could split the bill."\n\nMaster practical spoken English with Taky\'s Language School! Subscribe for daily short lessons on useful vocabulary, idioms, and natural expressions.\n\n#LearnEnglish #RestaurantEnglish #EnglishPhrases #SpokenEnglish #TakysLanguageSchool #ESL', 'tags': ['restaurant english', 'split the bill', 'learn english', 'english phrases', 'spoken english', 'takys language school', 'english tips', 'esl', 'english for beginners', 'useful english phrases', 'daily english'], 'video_type': 'short'}
[2026-07-27T01:43:50.639+0000] {taskinstance.py:441} INFO - ::group::Post task execution logs
[2026-07-27T01:43:50.665+0000] {taskinstance.py:1206} INFO - Marking task as SUCCESS. dag_id=youtube_english_video_pipeline, task_id=build_short_video_6, run_id=scheduled__2026-07-25T12:00:00+00:00, execution_date=20260725T120000, start_date=20260727T014336, end_date=20260727T014350
[2026-07-27T01:43:50.720+0000] {local_task_job_runner.py:243} INFO - Task exited with return code 0
[2026-07-27T01:43:50.939+0000] {taskinstance.py:3503} INFO - 1 downstream tasks scheduled from follow-on schedule check
[2026-07-27T01:43:50.946+0000] {local_task_job_runner.py:222} INFO - ::endgroup::
