[2026-07-25T08:41:52.795+0000] {local_task_job_runner.py:120} INFO - ::group::Pre task execution logs
[2026-07-25T08:41:52.822+0000] {taskinstance.py:2076} INFO - Dependencies all met for dep_context=non-requeueable deps ti=<TaskInstance: youtube_english_video_pipeline.build_short_video_8 manual__2026-07-25T08:23:54.309173+00:00 [queued]>
[2026-07-25T08:41:52.830+0000] {taskinstance.py:2076} INFO - Dependencies all met for dep_context=requeueable deps ti=<TaskInstance: youtube_english_video_pipeline.build_short_video_8 manual__2026-07-25T08:23:54.309173+00:00 [queued]>
[2026-07-25T08:41:52.833+0000] {taskinstance.py:2306} INFO - Starting attempt 1 of 3
[2026-07-25T08:41:52.844+0000] {taskinstance.py:2330} INFO - Executing <Task(PythonOperator): build_short_video_8> on 2026-07-25 08:23:54.309173+00:00
[2026-07-25T08:41:52.851+0000] {standard_task_runner.py:64} INFO - Started process 30726 to run task
[2026-07-25T08:41:52.853+0000] {standard_task_runner.py:90} INFO - Running: ['airflow', 'tasks', 'run', 'youtube_english_video_pipeline', 'build_short_video_8', 'manual__2026-07-25T08:23:54.309173+00:00', '--job-id', '271', '--raw', '--subdir', 'DAGS_FOLDER/youtube_pipeline.py', '--cfg-path', '/tmp/tmpkuviuyle']
[2026-07-25T08:41:52.855+0000] {standard_task_runner.py:91} INFO - Job 271: Subtask build_short_video_8
[2026-07-25T08:41:52.935+0000] {task_command.py:426} INFO - Running <TaskInstance: youtube_english_video_pipeline.build_short_video_8 manual__2026-07-25T08:23:54.309173+00:00 [running]> on host ce8e21912c19
[2026-07-25T08:41:53.133+0000] {taskinstance.py:2648} INFO - Exporting env vars: AIRFLOW_CTX_DAG_OWNER='taky' AIRFLOW_CTX_DAG_ID='youtube_english_video_pipeline' AIRFLOW_CTX_TASK_ID='build_short_video_8' AIRFLOW_CTX_EXECUTION_DATE='2026-07-25T08:23:54.309173+00:00' AIRFLOW_CTX_TRY_NUMBER='1' AIRFLOW_CTX_DAG_RUN_ID='manual__2026-07-25T08:23:54.309173+00:00'
[2026-07-25T08:41:53.135+0000] {taskinstance.py:430} INFO - ::endgroup::
[2026-07-25T08:41:54.303+0000] {logging_mixin.py:188} INFO - 2026-07-25 08:41:54,303 | INFO     | planner.video_planner | Planned SHORT video: topic='Business English', phrases=1
[2026-07-25T08:41:54.692+0000] {logging_mixin.py:188} INFO - 2026-07-25 08:41:54,692 | INFO     | tts.edge_tts | Synthesized audio -> /opt/airflow/output/audio/phrase_322.mp3
[2026-07-25T08:41:55.183+0000] {logging_mixin.py:188} INFO - 2026-07-25 08:41:55,183 | INFO     | tts.edge_tts | Synthesized audio -> /opt/airflow/output/audio/example_322.mp3
[2026-07-25T08:41:55.847+0000] {logging_mixin.py:188} INFO - 2026-07-25 08:41:55,847 | INFO     | media.image_downloader | Downloaded background image for scene='office' -> /opt/airflow/output/images/short_322.jpg
[2026-07-25T08:41:59.460+0000] {logging_mixin.py:188} INFO - 2026-07-25 08:41:59,459 | WARNING  | video.video_builder | BGM file not found at /opt/airflow/assets/bgm/short_bgm.mp3, rendering without background music
[2026-07-25T08:42:01.088+0000] {logging_mixin.py:188} INFO - 2026-07-25 08:42:01,088 | INFO     | video.video_builder | Final video rendered -> /opt/airflow/output/videos/short_322.mp4
[2026-07-25T08:42:06.957+0000] {python.py:237} INFO - Done. Returned value was: {'video_id': 47, 'file_path': '/opt/airflow/output/videos/short_322.mp4', 'title': "Stop Saying 'I Don't Know' at Work! Try THIS Business English Phrase 💼", 'description': 'Want to sound professional in meetings when you don\'t have the answer? Don\'t say "I don\'t know!" Instead, use this natural Business English phrase: "I\'ll get back to you on that."\n\nExample:\n"I don\'t have those figures right now, but I\'ll get back to you on that."\n\nSubscribe to Taky\'s Language School for daily Business English tips, spoken English hacks, and workplace phrases to boost your career confidence!\n\n#BusinessEnglish #EnglishShorts #LearnEnglish #TakysLanguageSchool #WorkplaceEnglish', 'tags': ['Business English', 'Learn English', 'Takys Language School', 'Workplace English', 'English Shorts', 'Business English phrases', 'Speak English', 'English for work', 'Professional English', 'Spoken English'], 'video_type': 'short'}
[2026-07-25T08:42:06.958+0000] {taskinstance.py:441} INFO - ::group::Post task execution logs
[2026-07-25T08:42:06.976+0000] {taskinstance.py:1206} INFO - Marking task as SUCCESS. dag_id=youtube_english_video_pipeline, task_id=build_short_video_8, run_id=manual__2026-07-25T08:23:54.309173+00:00, execution_date=20260725T082354, start_date=20260725T084152, end_date=20260725T084206
[2026-07-25T08:42:07.023+0000] {local_task_job_runner.py:243} INFO - Task exited with return code 0
[2026-07-25T08:42:07.149+0000] {taskinstance.py:3503} INFO - 1 downstream tasks scheduled from follow-on schedule check
[2026-07-25T08:42:07.153+0000] {local_task_job_runner.py:222} INFO - ::endgroup::
