[2026-08-04T13:02:20.625+0000] {local_task_job_runner.py:120} INFO - ::group::Pre task execution logs
[2026-08-04T13:02:20.675+0000] {taskinstance.py:2076} INFO - Dependencies all met for dep_context=non-requeueable deps ti=<TaskInstance: youtube_english_video_pipeline.build_short_video_1 scheduled__2026-08-03T12:00:00+00:00 [queued]>
[2026-08-04T13:02:20.687+0000] {taskinstance.py:2076} INFO - Dependencies all met for dep_context=requeueable deps ti=<TaskInstance: youtube_english_video_pipeline.build_short_video_1 scheduled__2026-08-03T12:00:00+00:00 [queued]>
[2026-08-04T13:02:20.690+0000] {taskinstance.py:2306} INFO - Starting attempt 1 of 3
[2026-08-04T13:02:20.708+0000] {taskinstance.py:2330} INFO - Executing <Task(PythonOperator): build_short_video_1> on 2026-08-03 12:00:00+00:00
[2026-08-04T13:02:20.718+0000] {standard_task_runner.py:64} INFO - Started process 78449 to run task
[2026-08-04T13:02:20.722+0000] {standard_task_runner.py:90} INFO - Running: ['airflow', 'tasks', 'run', 'youtube_english_video_pipeline', 'build_short_video_1', 'scheduled__2026-08-03T12:00:00+00:00', '--job-id', '610', '--raw', '--subdir', 'DAGS_FOLDER/youtube_pipeline.py', '--cfg-path', '/tmp/tmp85py6u3h']
[2026-08-04T13:02:20.725+0000] {standard_task_runner.py:91} INFO - Job 610: Subtask build_short_video_1
[2026-08-04T13:02:20.961+0000] {task_command.py:426} INFO - Running <TaskInstance: youtube_english_video_pipeline.build_short_video_1 scheduled__2026-08-03T12:00:00+00:00 [running]> on host cc859d74cf38
[2026-08-04T13:02:21.323+0000] {taskinstance.py:2648} INFO - Exporting env vars: AIRFLOW_CTX_DAG_OWNER='taky' AIRFLOW_CTX_DAG_ID='youtube_english_video_pipeline' AIRFLOW_CTX_TASK_ID='build_short_video_1' AIRFLOW_CTX_EXECUTION_DATE='2026-08-03T12:00:00+00:00' AIRFLOW_CTX_TRY_NUMBER='1' AIRFLOW_CTX_DAG_RUN_ID='scheduled__2026-08-03T12:00:00+00:00'
[2026-08-04T13:02:21.325+0000] {taskinstance.py:430} INFO - ::endgroup::
[2026-08-04T13:02:22.458+0000] {logging_mixin.py:188} INFO - 2026-08-04 13:02:22,458 | INFO     | planner.video_planner | Planned SHORT video: topic='Daily Conversation', phrases=1
[2026-08-04T13:02:23.281+0000] {logging_mixin.py:188} INFO - 2026-08-04 13:02:23,281 | INFO     | tts.edge_tts | Synthesized audio -> /opt/airflow/output/audio/phrase_1406.mp3
[2026-08-04T13:02:23.876+0000] {logging_mixin.py:188} INFO - 2026-08-04 13:02:23,876 | INFO     | tts.edge_tts | Synthesized audio -> /opt/airflow/output/audio/example_1406.mp3
[2026-08-04T13:02:24.758+0000] {logging_mixin.py:188} INFO - 2026-08-04 13:02:24,757 | INFO     | media.image_downloader | Downloaded background image for scene='coffee' -> /opt/airflow/output/images/short_1406.jpg
[2026-08-04T13:02:34.236+0000] {logging_mixin.py:188} INFO - 2026-08-04 13:02:34,232 | WARNING  | video.video_builder | BGM file not found at /opt/airflow/assets/bgm/short_bgm.mp3, rendering without background music
[2026-08-04T13:02:37.793+0000] {logging_mixin.py:188} INFO - 2026-08-04 13:02:37,793 | INFO     | video.video_builder | Final video rendered -> /opt/airflow/output/videos/short_1406.mp4
[2026-08-04T13:02:48.089+0000] {python.py:237} INFO - Done. Returned value was: {'video_id': 167, 'file_path': '/opt/airflow/output/videos/short_1406.mp4', 'title': 'Stop Forgetting Words! "It\'s on the tip of my tongue" Explained #Shorts', 'description': 'Ever know a word but can\'t quite remember it? 😅 Learn how to use the common English idiom: "It\'s on the tip of my tongue!"\n\nExample:\n"I know the actor\'s name, but it\'s on the tip of my tongue right now."\n\nBoost your daily English conversation skills with quick, practical lessons from Taky\'s Language School.\n\nSubscribe for daily English phrases, idioms, and vocabulary tips!\n\n#EnglishLearning #LearnEnglish #DailyEnglish #Idioms #TakysLanguageSchool #Shorts', 'tags': ['learn english', 'english idioms', 'daily english conversation', "it's on the tip of my tongue", 'english phrases', "taky's language school", 'spoken english', 'english vocabulary', 'esl', 'english shorts', 'speak english fluently', 'daily conversation phrases'], 'video_type': 'short'}
[2026-08-04T13:02:48.105+0000] {taskinstance.py:441} INFO - ::group::Post task execution logs
[2026-08-04T13:02:48.353+0000] {taskinstance.py:1206} INFO - Marking task as SUCCESS. dag_id=youtube_english_video_pipeline, task_id=build_short_video_1, run_id=scheduled__2026-08-03T12:00:00+00:00, execution_date=20260803T120000, start_date=20260804T130220, end_date=20260804T130248
[2026-08-04T13:02:48.572+0000] {local_task_job_runner.py:243} INFO - Task exited with return code 0
[2026-08-04T13:02:51.358+0000] {taskinstance.py:3503} INFO - 1 downstream tasks scheduled from follow-on schedule check
[2026-08-04T13:02:51.365+0000] {local_task_job_runner.py:222} INFO - ::endgroup::
