[2026-08-11T02:26:19.016+0000] {local_task_job_runner.py:120} INFO - ::group::Pre task execution logs
[2026-08-11T02:26:19.060+0000] {taskinstance.py:2076} INFO - Dependencies all met for dep_context=non-requeueable deps ti=<TaskInstance: youtube_english_video_pipeline.upload_short_video_1 manual__2026-08-11T02:25:49.703167+00:00 [queued]>
[2026-08-11T02:26:19.074+0000] {taskinstance.py:2076} INFO - Dependencies all met for dep_context=requeueable deps ti=<TaskInstance: youtube_english_video_pipeline.upload_short_video_1 manual__2026-08-11T02:25:49.703167+00:00 [queued]>
[2026-08-11T02:26:19.078+0000] {taskinstance.py:2306} INFO - Starting attempt 1 of 3
[2026-08-11T02:26:19.099+0000] {taskinstance.py:2330} INFO - Executing <Task(PythonOperator): upload_short_video_1> on 2026-08-11 02:25:49.703167+00:00
[2026-08-11T02:26:19.109+0000] {standard_task_runner.py:64} INFO - Started process 82650 to run task
[2026-08-11T02:26:19.115+0000] {standard_task_runner.py:90} INFO - Running: ['airflow', 'tasks', 'run', 'youtube_english_video_pipeline', 'upload_short_video_1', 'manual__2026-08-11T02:25:49.703167+00:00', '--job-id', '636', '--raw', '--subdir', 'DAGS_FOLDER/youtube_pipeline.py', '--cfg-path', '/tmp/tmpxkn80ue9']
[2026-08-11T02:26:19.120+0000] {standard_task_runner.py:91} INFO - Job 636: Subtask upload_short_video_1
[2026-08-11T02:26:19.202+0000] {task_command.py:426} INFO - Running <TaskInstance: youtube_english_video_pipeline.upload_short_video_1 manual__2026-08-11T02:25:49.703167+00:00 [running]> on host cc859d74cf38
[2026-08-11T02:26:19.401+0000] {taskinstance.py:2648} INFO - Exporting env vars: AIRFLOW_CTX_DAG_OWNER='taky' AIRFLOW_CTX_DAG_ID='youtube_english_video_pipeline' AIRFLOW_CTX_TASK_ID='upload_short_video_1' AIRFLOW_CTX_EXECUTION_DATE='2026-08-11T02:25:49.703167+00:00' AIRFLOW_CTX_TRY_NUMBER='1' AIRFLOW_CTX_DAG_RUN_ID='manual__2026-08-11T02:25:49.703167+00:00'
[2026-08-11T02:26:19.402+0000] {taskinstance.py:430} INFO - ::endgroup::
[2026-08-11T02:26:19.963+0000] {__init__.py:49} INFO - file_cache is only supported with oauth2client<4.0.0
[2026-08-11T02:26:19.976+0000] {logging_mixin.py:188} INFO - 2026-08-11 02:26:19,975 | INFO     | uploader.youtube_uploader | Uploading video 'How to Check In at a Hotel in English 🏨 | Hotel English Phrases #Shorts' (/opt/airflow/output/videos/short_1415.mp4) to YouTube...
[2026-08-11T02:26:22.401+0000] {logging_mixin.py:188} INFO - 2026-08-11 02:26:22,401 | INFO     | uploader.youtube_uploader | Upload complete. YouTube video id = rZdraPL_u-4
[2026-08-11T02:26:22.423+0000] {python.py:237} INFO - Done. Returned value was: rZdraPL_u-4
[2026-08-11T02:26:22.429+0000] {taskinstance.py:441} INFO - ::group::Post task execution logs
[2026-08-11T02:26:22.462+0000] {taskinstance.py:1206} INFO - Marking task as SUCCESS. dag_id=youtube_english_video_pipeline, task_id=upload_short_video_1, run_id=manual__2026-08-11T02:25:49.703167+00:00, execution_date=20260811T022549, start_date=20260811T022619, end_date=20260811T022622
[2026-08-11T02:26:22.512+0000] {local_task_job_runner.py:243} INFO - Task exited with return code 0
[2026-08-11T02:26:22.740+0000] {taskinstance.py:3503} INFO - 1 downstream tasks scheduled from follow-on schedule check
[2026-08-11T02:26:22.748+0000] {local_task_job_runner.py:222} INFO - ::endgroup::
