[2026-07-25T08:45:12.308+0000] {local_task_job_runner.py:120} INFO - ::group::Pre task execution logs
[2026-07-25T08:45:12.340+0000] {taskinstance.py:2076} INFO - Dependencies all met for dep_context=non-requeueable deps ti=<TaskInstance: youtube_english_video_pipeline.build_short_video_9 manual__2026-07-25T08:23:54.309173+00:00 [queued]>
[2026-07-25T08:45:12.348+0000] {taskinstance.py:2076} INFO - Dependencies all met for dep_context=requeueable deps ti=<TaskInstance: youtube_english_video_pipeline.build_short_video_9 manual__2026-07-25T08:23:54.309173+00:00 [queued]>
[2026-07-25T08:45:12.350+0000] {taskinstance.py:2306} INFO - Starting attempt 1 of 3
[2026-07-25T08:45:12.360+0000] {taskinstance.py:2330} INFO - Executing <Task(PythonOperator): build_short_video_9> on 2026-07-25 08:23:54.309173+00:00
[2026-07-25T08:45:12.364+0000] {standard_task_runner.py:64} INFO - Started process 34169 to run task
[2026-07-25T08:45:12.366+0000] {standard_task_runner.py:90} INFO - Running: ['airflow', 'tasks', 'run', 'youtube_english_video_pipeline', 'build_short_video_9', 'manual__2026-07-25T08:23:54.309173+00:00', '--job-id', '276', '--raw', '--subdir', 'DAGS_FOLDER/youtube_pipeline.py', '--cfg-path', '/tmp/tmpiyz2huk7']
[2026-07-25T08:45:12.368+0000] {standard_task_runner.py:91} INFO - Job 276: Subtask build_short_video_9
[2026-07-25T08:45:12.453+0000] {task_command.py:426} INFO - Running <TaskInstance: youtube_english_video_pipeline.build_short_video_9 manual__2026-07-25T08:23:54.309173+00:00 [running]> on host ce8e21912c19
[2026-07-25T08:45:12.671+0000] {taskinstance.py:2648} INFO - Exporting env vars: AIRFLOW_CTX_DAG_OWNER='taky' AIRFLOW_CTX_DAG_ID='youtube_english_video_pipeline' AIRFLOW_CTX_TASK_ID='build_short_video_9' AIRFLOW_CTX_EXECUTION_DATE='2026-07-25T08:23:54.309173+00:00' AIRFLOW_CTX_TRY_NUMBER='1' AIRFLOW_CTX_DAG_RUN_ID='manual__2026-07-25T08:23:54.309173+00:00'
[2026-07-25T08:45:12.676+0000] {taskinstance.py:430} INFO - ::endgroup::
[2026-07-25T08:45:13.992+0000] {logging_mixin.py:188} INFO - 2026-07-25 08:45:13,991 | INFO     | planner.video_planner | Planned SHORT video: topic='Business English', phrases=1
[2026-07-25T08:45:14.454+0000] {logging_mixin.py:188} INFO - 2026-07-25 08:45:14,454 | INFO     | tts.edge_tts | Synthesized audio -> /opt/airflow/output/audio/phrase_350.mp3
[2026-07-25T08:45:14.848+0000] {logging_mixin.py:188} INFO - 2026-07-25 08:45:14,848 | INFO     | tts.edge_tts | Synthesized audio -> /opt/airflow/output/audio/example_350.mp3
[2026-07-25T08:45:15.271+0000] {logging_mixin.py:188} INFO - 2026-07-25 08:45:15,270 | INFO     | media.image_downloader | Downloaded background image for scene='meeting' -> /opt/airflow/output/images/short_350.jpg
[2026-07-25T08:45:18.815+0000] {logging_mixin.py:188} INFO - 2026-07-25 08:45:18,814 | WARNING  | video.video_builder | BGM file not found at /opt/airflow/assets/bgm/short_bgm.mp3, rendering without background music
[2026-07-25T08:45:20.351+0000] {logging_mixin.py:188} INFO - 2026-07-25 08:45:20,351 | INFO     | video.video_builder | Final video rendered -> /opt/airflow/output/videos/short_350.mp4
[2026-07-25T08:45:28.423+0000] {python.py:237} INFO - Done. Returned value was: {'video_id': 49, 'file_path': '/opt/airflow/output/videos/short_350.mp4', 'title': 'Professional Business English: "Let me double-check that for you" #Shorts', 'description': 'Want to sound more professional at work? Stop saying "I don\'t know"! Instead, try using: "Let me double-check that for you."\n\nExample:\n"I\'m not completely sure about the schedule, so let me double-check that for you."\n\nThis polite Business English phrase shows that you are helpful, thorough, and professional in any office setting.\n\nSubscribe to Taky\'s Language School for daily Business English tips, spoken English lessons, and workplace conversation practice!\n\n#BusinessEnglish #LearnEnglish #SpokenEnglish #EnglishShorts #TakysLanguageSchool', 'tags': ['Business English', 'Learn English', 'Spoken English', 'English for work', 'Business English phrases', "Taky's Language School", 'English vocabulary', 'Professional English', 'English Shorts', 'ESL'], 'video_type': 'short'}
[2026-07-25T08:45:28.426+0000] {taskinstance.py:441} INFO - ::group::Post task execution logs
[2026-07-25T08:45:28.461+0000] {taskinstance.py:1206} INFO - Marking task as SUCCESS. dag_id=youtube_english_video_pipeline, task_id=build_short_video_9, run_id=manual__2026-07-25T08:23:54.309173+00:00, execution_date=20260725T082354, start_date=20260725T084512, end_date=20260725T084528
[2026-07-25T08:45:28.521+0000] {local_task_job_runner.py:243} INFO - Task exited with return code 0
[2026-07-25T08:45:28.576+0000] {taskinstance.py:3503} INFO - 1 downstream tasks scheduled from follow-on schedule check
[2026-07-25T08:45:28.582+0000] {local_task_job_runner.py:222} INFO - ::endgroup::
