[2026-08-19T00:17:22.494+0000] {local_task_job_runner.py:120} INFO - ::group::Pre task execution logs
[2026-08-19T00:17:22.531+0000] {taskinstance.py:2076} INFO - Dependencies all met for dep_context=non-requeueable deps ti=<TaskInstance: youtube_english_video_pipeline.upload_long_video_5 scheduled__2026-08-17T12:00:00+00:00 [queued]>
[2026-08-19T00:17:22.543+0000] {taskinstance.py:2076} INFO - Dependencies all met for dep_context=requeueable deps ti=<TaskInstance: youtube_english_video_pipeline.upload_long_video_5 scheduled__2026-08-17T12:00:00+00:00 [queued]>
[2026-08-19T00:17:22.544+0000] {taskinstance.py:2306} INFO - Starting attempt 1 of 3
[2026-08-19T00:17:22.563+0000] {taskinstance.py:2330} INFO - Executing <Task(PythonOperator): upload_long_video_5> on 2026-08-17 12:00:00+00:00
[2026-08-19T00:17:22.569+0000] {standard_task_runner.py:64} INFO - Started process 35114 to run task
[2026-08-19T00:17:22.572+0000] {standard_task_runner.py:90} INFO - Running: ['airflow', 'tasks', 'run', 'youtube_english_video_pipeline', 'upload_long_video_5', 'scheduled__2026-08-17T12:00:00+00:00', '--job-id', '797', '--raw', '--subdir', 'DAGS_FOLDER/youtube_pipeline.py', '--cfg-path', '/tmp/tmplxaq_5_k']
[2026-08-19T00:17:22.575+0000] {standard_task_runner.py:91} INFO - Job 797: Subtask upload_long_video_5
[2026-08-19T00:17:22.661+0000] {task_command.py:426} INFO - Running <TaskInstance: youtube_english_video_pipeline.upload_long_video_5 scheduled__2026-08-17T12:00:00+00:00 [running]> on host cc859d74cf38
[2026-08-19T00:17:22.893+0000] {taskinstance.py:2648} INFO - Exporting env vars: AIRFLOW_CTX_DAG_OWNER='taky' AIRFLOW_CTX_DAG_ID='youtube_english_video_pipeline' AIRFLOW_CTX_TASK_ID='upload_long_video_5' AIRFLOW_CTX_EXECUTION_DATE='2026-08-17T12:00:00+00:00' AIRFLOW_CTX_TRY_NUMBER='1' AIRFLOW_CTX_DAG_RUN_ID='scheduled__2026-08-17T12:00:00+00:00'
[2026-08-19T00:17:22.895+0000] {taskinstance.py:430} INFO - ::endgroup::
[2026-08-19T00:17:23.310+0000] {__init__.py:49} INFO - file_cache is only supported with oauth2client<4.0.0
[2026-08-19T00:17:23.320+0000] {logging_mixin.py:188} INFO - 2026-08-19 00:17:23,320 | INFO     | uploader.youtube_uploader | Uploading video '20 Daily English Expressions | Mixed English Expressions' (/opt/airflow/output/videos/long_2026.mp4) to YouTube...
[2026-08-19T00:17:27.486+0000] {logging_mixin.py:188} INFO - 2026-08-19 00:17:27,486 | INFO     | uploader.youtube_uploader | Upload complete. YouTube video id = OsUASWa6CHY
[2026-08-19T00:17:33.843+0000] {logging_mixin.py:188} INFO - 2026-08-19 00:17:33,843 | INFO     | uploader.youtube_uploader | Custom thumbnail uploaded.
[2026-08-19T00:17:33.857+0000] {python.py:237} INFO - Done. Returned value was: OsUASWa6CHY
[2026-08-19T00:17:33.858+0000] {taskinstance.py:441} INFO - ::group::Post task execution logs
[2026-08-19T00:17:33.886+0000] {taskinstance.py:1206} INFO - Marking task as SUCCESS. dag_id=youtube_english_video_pipeline, task_id=upload_long_video_5, run_id=scheduled__2026-08-17T12:00:00+00:00, execution_date=20260817T120000, start_date=20260819T001722, end_date=20260819T001733
[2026-08-19T00:17:33.930+0000] {local_task_job_runner.py:243} INFO - Task exited with return code 0
[2026-08-19T00:17:34.073+0000] {taskinstance.py:3503} INFO - 1 downstream tasks scheduled from follow-on schedule check
[2026-08-19T00:17:34.082+0000] {local_task_job_runner.py:222} INFO - ::endgroup::
