[2026-07-25T05:07:17.925+0000] {local_task_job_runner.py:120} INFO - ::group::Pre task execution logs
[2026-07-25T05:07:17.970+0000] {taskinstance.py:2076} INFO - Dependencies all met for dep_context=non-requeueable deps ti=<TaskInstance: youtube_english_video_pipeline.build_long_video manual__2026-07-25T05:07:14.003569+00:00 [queued]>
[2026-07-25T05:07:17.980+0000] {taskinstance.py:2076} INFO - Dependencies all met for dep_context=requeueable deps ti=<TaskInstance: youtube_english_video_pipeline.build_long_video manual__2026-07-25T05:07:14.003569+00:00 [queued]>
[2026-07-25T05:07:17.982+0000] {taskinstance.py:2306} INFO - Starting attempt 1 of 3
[2026-07-25T05:07:17.996+0000] {taskinstance.py:2330} INFO - Executing <Task(PythonOperator): build_long_video> on 2026-07-25 05:07:14.003569+00:00
[2026-07-25T05:07:18.002+0000] {standard_task_runner.py:64} INFO - Started process 215 to run task
[2026-07-25T05:07:18.005+0000] {standard_task_runner.py:90} INFO - Running: ['airflow', 'tasks', 'run', 'youtube_english_video_pipeline', 'build_long_video', 'manual__2026-07-25T05:07:14.003569+00:00', '--job-id', '225', '--raw', '--subdir', 'DAGS_FOLDER/youtube_pipeline.py', '--cfg-path', '/tmp/tmp7r071_4n']
[2026-07-25T05:07:18.008+0000] {standard_task_runner.py:91} INFO - Job 225: Subtask build_long_video
[2026-07-25T05:07:18.081+0000] {task_command.py:426} INFO - Running <TaskInstance: youtube_english_video_pipeline.build_long_video manual__2026-07-25T05:07:14.003569+00:00 [running]> on host ce8e21912c19
[2026-07-25T05:07:18.318+0000] {taskinstance.py:2648} INFO - Exporting env vars: AIRFLOW_CTX_DAG_OWNER='taky' AIRFLOW_CTX_DAG_ID='youtube_english_video_pipeline' AIRFLOW_CTX_TASK_ID='build_long_video' AIRFLOW_CTX_EXECUTION_DATE='2026-07-25T05:07:14.003569+00:00' AIRFLOW_CTX_TRY_NUMBER='1' AIRFLOW_CTX_DAG_RUN_ID='manual__2026-07-25T05:07:14.003569+00:00'
[2026-07-25T05:07:18.319+0000] {taskinstance.py:430} INFO - ::endgroup::
[2026-07-25T05:07:18.900+0000] {logging_mixin.py:188} INFO - 2026-07-25 05:07:18,899 | INFO     | planner.video_planner | Planned LONG video: topic='Business English', phrases=17
[2026-07-25T05:07:19.255+0000] {logging_mixin.py:188} INFO - 2026-07-25 05:07:19,255 | INFO     | tts.edge_tts | Synthesized audio -> /opt/airflow/output/audio/phrase_184.mp3
[2026-07-25T05:07:19.504+0000] {logging_mixin.py:188} INFO - 2026-07-25 05:07:19,504 | INFO     | tts.edge_tts | Synthesized audio -> /opt/airflow/output/audio/example_184.mp3
[2026-07-25T05:07:19.798+0000] {logging_mixin.py:188} INFO - 2026-07-25 05:07:19,798 | INFO     | media.image_downloader | Downloaded background image for scene='phone' -> /opt/airflow/output/images/long_184.jpg
[2026-07-25T05:07:26.638+0000] {logging_mixin.py:188} INFO - 2026-07-25 05:07:26,636 | INFO     | tts.edge_tts | Synthesized audio -> /opt/airflow/output/audio/phrase_228.mp3
[2026-07-25T05:07:27.022+0000] {logging_mixin.py:188} INFO - 2026-07-25 05:07:27,022 | INFO     | tts.edge_tts | Synthesized audio -> /opt/airflow/output/audio/example_228.mp3
[2026-07-25T05:07:27.410+0000] {logging_mixin.py:188} INFO - 2026-07-25 05:07:27,410 | INFO     | media.image_downloader | Downloaded background image for scene='phone' -> /opt/airflow/output/images/long_228.jpg
[2026-07-25T05:07:31.450+0000] {logging_mixin.py:188} INFO - 2026-07-25 05:07:31,450 | INFO     | tts.edge_tts | Synthesized audio -> /opt/airflow/output/audio/phrase_231.mp3
[2026-07-25T05:07:32.088+0000] {logging_mixin.py:188} INFO - 2026-07-25 05:07:32,088 | INFO     | tts.edge_tts | Synthesized audio -> /opt/airflow/output/audio/example_231.mp3
[2026-07-25T05:07:32.638+0000] {logging_mixin.py:188} INFO - 2026-07-25 05:07:32,638 | INFO     | media.image_downloader | Downloaded background image for scene='meeting' -> /opt/airflow/output/images/long_231.jpg
[2026-07-25T05:07:37.086+0000] {logging_mixin.py:188} INFO - 2026-07-25 05:07:37,086 | INFO     | tts.edge_tts | Synthesized audio -> /opt/airflow/output/audio/phrase_190.mp3
[2026-07-25T05:07:37.529+0000] {logging_mixin.py:188} INFO - 2026-07-25 05:07:37,529 | INFO     | tts.edge_tts | Synthesized audio -> /opt/airflow/output/audio/example_190.mp3
[2026-07-25T05:07:37.840+0000] {logging_mixin.py:188} INFO - 2026-07-25 05:07:37,839 | INFO     | media.image_downloader | Downloaded background image for scene='office' -> /opt/airflow/output/images/long_190.jpg
[2026-07-25T05:07:42.736+0000] {logging_mixin.py:188} INFO - 2026-07-25 05:07:42,736 | INFO     | tts.edge_tts | Synthesized audio -> /opt/airflow/output/audio/phrase_198.mp3
[2026-07-25T05:07:43.238+0000] {logging_mixin.py:188} INFO - 2026-07-25 05:07:43,238 | INFO     | tts.edge_tts | Synthesized audio -> /opt/airflow/output/audio/example_198.mp3
[2026-07-25T05:07:43.720+0000] {logging_mixin.py:188} INFO - 2026-07-25 05:07:43,720 | INFO     | media.image_downloader | Downloaded background image for scene='office' -> /opt/airflow/output/images/long_198.jpg
[2026-07-25T05:07:48.005+0000] {logging_mixin.py:188} INFO - 2026-07-25 05:07:48,005 | INFO     | tts.edge_tts | Synthesized audio -> /opt/airflow/output/audio/phrase_205.mp3
[2026-07-25T05:07:48.606+0000] {logging_mixin.py:188} INFO - 2026-07-25 05:07:48,606 | INFO     | tts.edge_tts | Synthesized audio -> /opt/airflow/output/audio/example_205.mp3
[2026-07-25T05:07:49.083+0000] {logging_mixin.py:188} INFO - 2026-07-25 05:07:49,083 | INFO     | media.image_downloader | Downloaded background image for scene='office' -> /opt/airflow/output/images/long_205.jpg
[2026-07-25T05:07:53.439+0000] {logging_mixin.py:188} INFO - 2026-07-25 05:07:53,438 | INFO     | tts.edge_tts | Synthesized audio -> /opt/airflow/output/audio/phrase_209.mp3
[2026-07-25T05:07:54.079+0000] {logging_mixin.py:188} INFO - 2026-07-25 05:07:54,079 | INFO     | tts.edge_tts | Synthesized audio -> /opt/airflow/output/audio/example_209.mp3
[2026-07-25T05:07:54.409+0000] {logging_mixin.py:188} INFO - 2026-07-25 05:07:54,408 | INFO     | media.image_downloader | Downloaded background image for scene='office' -> /opt/airflow/output/images/long_209.jpg
[2026-07-25T05:07:58.496+0000] {logging_mixin.py:188} INFO - 2026-07-25 05:07:58,495 | INFO     | tts.edge_tts | Synthesized audio -> /opt/airflow/output/audio/phrase_213.mp3
[2026-07-25T05:07:59.010+0000] {logging_mixin.py:188} INFO - 2026-07-25 05:07:59,010 | INFO     | tts.edge_tts | Synthesized audio -> /opt/airflow/output/audio/example_213.mp3
[2026-07-25T05:07:59.430+0000] {logging_mixin.py:188} INFO - 2026-07-25 05:07:59,430 | INFO     | media.image_downloader | Downloaded background image for scene='office' -> /opt/airflow/output/images/long_213.jpg
[2026-07-25T05:08:04.440+0000] {logging_mixin.py:188} INFO - 2026-07-25 05:08:04,439 | INFO     | tts.edge_tts | Synthesized audio -> /opt/airflow/output/audio/phrase_217.mp3
[2026-07-25T05:08:05.013+0000] {logging_mixin.py:188} INFO - 2026-07-25 05:08:05,012 | INFO     | tts.edge_tts | Synthesized audio -> /opt/airflow/output/audio/example_217.mp3
[2026-07-25T05:08:05.302+0000] {logging_mixin.py:188} INFO - 2026-07-25 05:08:05,302 | INFO     | media.image_downloader | Downloaded background image for scene='office' -> /opt/airflow/output/images/long_217.jpg
[2026-07-25T05:08:09.818+0000] {logging_mixin.py:188} INFO - 2026-07-25 05:08:09,818 | INFO     | tts.edge_tts | Synthesized audio -> /opt/airflow/output/audio/phrase_242.mp3
[2026-07-25T05:08:10.314+0000] {logging_mixin.py:188} INFO - 2026-07-25 05:08:10,313 | INFO     | tts.edge_tts | Synthesized audio -> /opt/airflow/output/audio/example_242.mp3
[2026-07-25T05:08:10.672+0000] {logging_mixin.py:188} INFO - 2026-07-25 05:08:10,672 | INFO     | media.image_downloader | Downloaded background image for scene='office' -> /opt/airflow/output/images/long_242.jpg
[2026-07-25T05:08:15.049+0000] {logging_mixin.py:188} INFO - 2026-07-25 05:08:15,049 | INFO     | tts.edge_tts | Synthesized audio -> /opt/airflow/output/audio/phrase_251.mp3
[2026-07-25T05:08:15.507+0000] {logging_mixin.py:188} INFO - 2026-07-25 05:08:15,507 | INFO     | tts.edge_tts | Synthesized audio -> /opt/airflow/output/audio/example_251.mp3
[2026-07-25T05:08:16.117+0000] {logging_mixin.py:188} INFO - 2026-07-25 05:08:16,117 | INFO     | media.image_downloader | Downloaded background image for scene='office' -> /opt/airflow/output/images/long_251.jpg
[2026-07-25T05:08:19.962+0000] {logging_mixin.py:188} INFO - 2026-07-25 05:08:19,962 | INFO     | tts.edge_tts | Synthesized audio -> /opt/airflow/output/audio/phrase_256.mp3
[2026-07-25T05:08:20.249+0000] {logging_mixin.py:188} INFO - 2026-07-25 05:08:20,249 | INFO     | tts.edge_tts | Synthesized audio -> /opt/airflow/output/audio/example_256.mp3
[2026-07-25T05:08:20.438+0000] {logging_mixin.py:188} INFO - 2026-07-25 05:08:20,438 | INFO     | media.image_downloader | Downloaded background image for scene='office' -> /opt/airflow/output/images/long_256.jpg
[2026-07-25T05:08:24.623+0000] {logging_mixin.py:188} INFO - 2026-07-25 05:08:24,623 | INFO     | tts.edge_tts | Synthesized audio -> /opt/airflow/output/audio/phrase_273.mp3
[2026-07-25T05:08:25.126+0000] {logging_mixin.py:188} INFO - 2026-07-25 05:08:25,125 | INFO     | tts.edge_tts | Synthesized audio -> /opt/airflow/output/audio/example_273.mp3
[2026-07-25T05:08:25.521+0000] {logging_mixin.py:188} INFO - 2026-07-25 05:08:25,521 | INFO     | media.image_downloader | Downloaded background image for scene='office' -> /opt/airflow/output/images/long_273.jpg
[2026-07-25T05:08:30.338+0000] {logging_mixin.py:188} INFO - 2026-07-25 05:08:30,338 | INFO     | tts.edge_tts | Synthesized audio -> /opt/airflow/output/audio/phrase_274.mp3
[2026-07-25T05:08:30.734+0000] {logging_mixin.py:188} INFO - 2026-07-25 05:08:30,734 | INFO     | tts.edge_tts | Synthesized audio -> /opt/airflow/output/audio/example_274.mp3
[2026-07-25T05:08:30.955+0000] {logging_mixin.py:188} INFO - 2026-07-25 05:08:30,955 | INFO     | media.image_downloader | Downloaded background image for scene='meeting' -> /opt/airflow/output/images/long_274.jpg
[2026-07-25T05:08:35.386+0000] {logging_mixin.py:188} INFO - 2026-07-25 05:08:35,386 | INFO     | tts.edge_tts | Synthesized audio -> /opt/airflow/output/audio/phrase_275.mp3
[2026-07-25T05:08:35.883+0000] {logging_mixin.py:188} INFO - 2026-07-25 05:08:35,883 | INFO     | tts.edge_tts | Synthesized audio -> /opt/airflow/output/audio/example_275.mp3
[2026-07-25T05:08:36.770+0000] {logging_mixin.py:188} INFO - 2026-07-25 05:08:36,770 | INFO     | media.image_downloader | Downloaded background image for scene='laptop' -> /opt/airflow/output/images/long_275.jpg
[2026-07-25T05:08:40.543+0000] {logging_mixin.py:188} INFO - 2026-07-25 05:08:40,543 | INFO     | tts.edge_tts | Synthesized audio -> /opt/airflow/output/audio/phrase_222.mp3
[2026-07-25T05:08:41.019+0000] {logging_mixin.py:188} INFO - 2026-07-25 05:08:41,019 | INFO     | tts.edge_tts | Synthesized audio -> /opt/airflow/output/audio/example_222.mp3
[2026-07-25T05:08:41.461+0000] {logging_mixin.py:188} INFO - 2026-07-25 05:08:41,457 | INFO     | media.image_downloader | Downloaded background image for scene='office' -> /opt/airflow/output/images/long_222.jpg
[2026-07-25T05:08:45.849+0000] {logging_mixin.py:188} INFO - 2026-07-25 05:08:45,848 | INFO     | tts.edge_tts | Synthesized audio -> /opt/airflow/output/audio/phrase_285.mp3
[2026-07-25T05:08:46.394+0000] {logging_mixin.py:188} INFO - 2026-07-25 05:08:46,394 | INFO     | tts.edge_tts | Synthesized audio -> /opt/airflow/output/audio/example_285.mp3
[2026-07-25T05:08:47.438+0000] {logging_mixin.py:188} INFO - 2026-07-25 05:08:47,438 | INFO     | media.image_downloader | Downloaded background image for scene='presentation' -> /opt/airflow/output/images/long_285.jpg
[2026-07-25T05:08:52.400+0000] {logging_mixin.py:188} INFO - 2026-07-25 05:08:52,399 | WARNING  | video.video_builder | BGM file not found at /opt/airflow/assets/bgm/long_bgm.mp3, rendering without background music
[2026-07-25T05:09:17.983+0000] {logging_mixin.py:188} INFO - 2026-07-25 05:09:17,983 | INFO     | video.video_builder | Final video rendered -> /opt/airflow/output/videos/long_184.mp4
[2026-07-25T05:09:25.739+0000] {logging_mixin.py:188} INFO - 2026-07-25 05:09:25,738 | INFO     | media.thumbnail_builder | Built thumbnail -> /opt/airflow/output/thumbnails/long_184.jpg
[2026-07-25T05:09:25.936+0000] {python.py:237} INFO - Done. Returned value was: {'video_id': 30, 'file_path': '/opt/airflow/output/videos/long_184.mp4', 'thumbnail_path': '/opt/airflow/output/thumbnails/long_184.jpg', 'title': "15 Essential Business English Phrases for Work & Meetings | Taky's Language School", 'description': "Want to speak confident Business English at work? In this lesson from Taky's Language School, you will learn practical spoken English phrases for everyday office communication, phone calls, and meetings.\n\nPhrases covered include:\n• Could I leave a message?\n• That makes sense.\n• Let's touch base next week.\n• Sorry to cut in, but...\n• I'll keep you in the loop.\n• Let's call it a day.\n...and many more with clear example sentences!\n\nMastering these natural workplace expressions will help you sound professional, clear, and fluent in any career setting.\n\nSubscribe to Taky's Language School for weekly Business English lessons and practical spoken English tips!", 'tags': ['Business English', 'Learn English', 'English for Work', 'Business English Phrases', 'Office English', 'Spoken English', "Taky's Language School", 'Professional English', 'English Conversation', 'English for Meetings'], 'video_type': 'long'}
[2026-07-25T05:09:25.938+0000] {taskinstance.py:441} INFO - ::group::Post task execution logs
[2026-07-25T05:09:25.988+0000] {taskinstance.py:1206} INFO - Marking task as SUCCESS. dag_id=youtube_english_video_pipeline, task_id=build_long_video, run_id=manual__2026-07-25T05:07:14.003569+00:00, execution_date=20260725T050714, start_date=20260725T050717, end_date=20260725T050925
[2026-07-25T05:09:26.068+0000] {local_task_job_runner.py:243} INFO - Task exited with return code 0
[2026-07-25T05:09:26.094+0000] {taskinstance.py:3503} INFO - 0 downstream tasks scheduled from follow-on schedule check
[2026-07-25T05:09:26.098+0000] {local_task_job_runner.py:222} INFO - ::endgroup::
