[2026-09-20T12:17:59.769+0000] {local_task_job_runner.py:120} INFO - ::group::Pre task execution logs
[2026-09-20T12:17:59.802+0000] {taskinstance.py:2076} INFO - Dependencies all met for dep_context=non-requeueable deps ti=<TaskInstance: youtube_english_video_pipeline.build_short_video_8 scheduled__2026-09-19T12:00:00+00:00 [queued]>
[2026-09-20T12:17:59.810+0000] {taskinstance.py:2076} INFO - Dependencies all met for dep_context=requeueable deps ti=<TaskInstance: youtube_english_video_pipeline.build_short_video_8 scheduled__2026-09-19T12:00:00+00:00 [queued]>
[2026-09-20T12:17:59.811+0000] {taskinstance.py:2306} INFO - Starting attempt 1 of 3
[2026-09-20T12:17:59.821+0000] {taskinstance.py:2330} INFO - Executing <Task(PythonOperator): build_short_video_8> on 2026-09-19 12:00:00+00:00
[2026-09-20T12:17:59.824+0000] {standard_task_runner.py:64} INFO - Started process 88941 to run task
[2026-09-20T12:17:59.827+0000] {standard_task_runner.py:90} INFO - Running: ['airflow', 'tasks', 'run', 'youtube_english_video_pipeline', 'build_short_video_8', 'scheduled__2026-09-19T12:00:00+00:00', '--job-id', '1398', '--raw', '--subdir', 'DAGS_FOLDER/youtube_pipeline.py', '--cfg-path', '/tmp/tmp0alepr5f']
[2026-09-20T12:17:59.829+0000] {standard_task_runner.py:91} INFO - Job 1398: Subtask build_short_video_8
[2026-09-20T12:17:59.879+0000] {task_command.py:426} INFO - Running <TaskInstance: youtube_english_video_pipeline.build_short_video_8 scheduled__2026-09-19T12:00:00+00:00 [running]> on host 73b18333cdfe
[2026-09-20T12:18:00.077+0000] {taskinstance.py:2648} INFO - Exporting env vars: AIRFLOW_CTX_DAG_OWNER='taky' AIRFLOW_CTX_DAG_ID='youtube_english_video_pipeline' AIRFLOW_CTX_TASK_ID='build_short_video_8' AIRFLOW_CTX_EXECUTION_DATE='2026-09-19T12:00:00+00:00' AIRFLOW_CTX_TRY_NUMBER='1' AIRFLOW_CTX_DAG_RUN_ID='scheduled__2026-09-19T12:00:00+00:00'
[2026-09-20T12:18:00.078+0000] {taskinstance.py:430} INFO - ::endgroup::
[2026-09-20T12:18:00.547+0000] {logging_mixin.py:188} INFO - 2026-09-20 12:18:00,547 | INFO     | planner.video_planner | Planned SHORT video: topic='Daily English', phrases=1
[2026-09-20T12:18:00.779+0000] {logging_mixin.py:188} INFO - 2026-09-20 12:18:00,779 | INFO     | tts.edge_tts | Synthesized audio -> /opt/airflow/output/audio/phrase_3436.mp3
[2026-09-20T12:18:01.200+0000] {logging_mixin.py:188} INFO - 2026-09-20 12:18:01,200 | INFO     | tts.edge_tts | Synthesized audio -> /opt/airflow/output/audio/example_3436.mp3
[2026-09-20T12:18:01.730+0000] {logging_mixin.py:188} INFO - 2026-09-20 12:18:01,730 | INFO     | media.image_downloader | Downloaded background image for scene='service' -> /opt/airflow/output/images/short_3436.jpg
[2026-09-20T12:18:04.446+0000] {logging_mixin.py:188} INFO - 2026-09-20 12:18:04,446 | WARNING  | video.video_builder | BGM file not found at /opt/airflow/assets/bgm/short_bgm.mp3, rendering without background music
[2026-09-20T12:18:06.036+0000] {logging_mixin.py:188} INFO - 2026-09-20 12:18:06,036 | INFO     | video.video_builder | Final video rendered -> /opt/airflow/output/videos/short_3436.mp4
[2026-09-20T12:18:10.554+0000] {python.py:237} INFO - Done. Returned value was: {'video_id': 428, 'file_path': '/opt/airflow/output/videos/short_3436.mp4', 'title': "How long will it take? | Daily English Phrases with Taky's Language School", 'description': "Ever wonder how to ask about timeframes in English? In this quick lesson, we're breaking down the phrase 'How long will it take?'—a must-know for daily conversations. Whether you're at the repair shop, a restaurant, or planning a project, this phrase is essential for clear communication. \n\nSubscribe to Taky's Language School for more bite-sized English lessons that help you speak like a native! \n\n#EnglishLearning #DailyEnglish #LearnEnglish #SpeakEnglish #TakyLanguageSchool #Shorts #EnglishPhrases", 'tags': ['English learning', 'Daily English', 'English phrases', 'How long will it take', 'English speaking practice', 'Learn English fast', "Taky's Language School", 'ESL', 'English conversation', 'English for beginners'], 'video_type': 'short'}
[2026-09-20T12:18:10.554+0000] {taskinstance.py:441} INFO - ::group::Post task execution logs
[2026-09-20T12:18:10.569+0000] {taskinstance.py:1206} INFO - Marking task as SUCCESS. dag_id=youtube_english_video_pipeline, task_id=build_short_video_8, run_id=scheduled__2026-09-19T12:00:00+00:00, execution_date=20260919T120000, start_date=20260920T121759, end_date=20260920T121810
[2026-09-20T12:18:10.628+0000] {local_task_job_runner.py:243} INFO - Task exited with return code 0
[2026-09-20T12:18:10.749+0000] {taskinstance.py:3503} INFO - 1 downstream tasks scheduled from follow-on schedule check
[2026-09-20T12:18:10.754+0000] {local_task_job_runner.py:222} INFO - ::endgroup::
