[2026-08-11T14:09:49.098+0000] {local_task_job_runner.py:120} INFO - ::group::Pre task execution logs
[2026-08-11T14:09:49.144+0000] {taskinstance.py:2076} INFO - Dependencies all met for dep_context=non-requeueable deps ti=<TaskInstance: youtube_english_video_pipeline.upload_short_video_10 scheduled__2026-08-10T12:00:00+00:00 [queued]>
[2026-08-11T14:09:49.159+0000] {taskinstance.py:2076} INFO - Dependencies all met for dep_context=requeueable deps ti=<TaskInstance: youtube_english_video_pipeline.upload_short_video_10 scheduled__2026-08-10T12:00:00+00:00 [queued]>
[2026-08-11T14:09:49.162+0000] {taskinstance.py:2306} INFO - Starting attempt 1 of 3
[2026-08-11T14:09:49.176+0000] {taskinstance.py:2330} INFO - Executing <Task(PythonOperator): upload_short_video_10> on 2026-08-10 12:00:00+00:00
[2026-08-11T14:09:49.184+0000] {standard_task_runner.py:64} INFO - Started process 44304 to run task
[2026-08-11T14:09:49.190+0000] {standard_task_runner.py:90} INFO - Running: ['airflow', 'tasks', 'run', 'youtube_english_video_pipeline', 'upload_short_video_10', 'scheduled__2026-08-10T12:00:00+00:00', '--job-id', '731', '--raw', '--subdir', 'DAGS_FOLDER/youtube_pipeline.py', '--cfg-path', '/tmp/tmp11qfwq80']
[2026-08-11T14:09:49.195+0000] {standard_task_runner.py:91} INFO - Job 731: Subtask upload_short_video_10
[2026-08-11T14:09:49.280+0000] {task_command.py:426} INFO - Running <TaskInstance: youtube_english_video_pipeline.upload_short_video_10 scheduled__2026-08-10T12:00:00+00:00 [running]> on host cc859d74cf38
[2026-08-11T14:09:49.524+0000] {taskinstance.py:2648} INFO - Exporting env vars: AIRFLOW_CTX_DAG_OWNER='taky' AIRFLOW_CTX_DAG_ID='youtube_english_video_pipeline' AIRFLOW_CTX_TASK_ID='upload_short_video_10' AIRFLOW_CTX_EXECUTION_DATE='2026-08-10T12:00:00+00:00' AIRFLOW_CTX_TRY_NUMBER='1' AIRFLOW_CTX_DAG_RUN_ID='scheduled__2026-08-10T12:00:00+00:00'
[2026-08-11T14:09:49.527+0000] {taskinstance.py:430} INFO - ::endgroup::
[2026-08-11T14:09:50.183+0000] {__init__.py:49} INFO - file_cache is only supported with oauth2client<4.0.0
[2026-08-11T14:09:50.193+0000] {logging_mixin.py:188} INFO - 2026-08-11 14:09:50,193 | INFO     | uploader.youtube_uploader | Uploading video 'Speak Like a Pro: "Let's touch base next week" 💼 #Shorts' (/opt/airflow/output/videos/short_1820.mp4) to YouTube...
[2026-08-11T14:09:53.369+0000] {logging_mixin.py:188} INFO - 2026-08-11 14:09:53,369 | INFO     | uploader.youtube_uploader | Upload complete. YouTube video id = 954i619HTGY
[2026-08-11T14:09:53.384+0000] {python.py:237} INFO - Done. Returned value was: 954i619HTGY
[2026-08-11T14:09:53.385+0000] {taskinstance.py:441} INFO - ::group::Post task execution logs
[2026-08-11T14:09:53.417+0000] {taskinstance.py:1206} INFO - Marking task as SUCCESS. dag_id=youtube_english_video_pipeline, task_id=upload_short_video_10, run_id=scheduled__2026-08-10T12:00:00+00:00, execution_date=20260810T120000, start_date=20260811T140949, end_date=20260811T140953
[2026-08-11T14:09:53.468+0000] {local_task_job_runner.py:243} INFO - Task exited with return code 0
[2026-08-11T14:09:53.670+0000] {taskinstance.py:3503} INFO - 1 downstream tasks scheduled from follow-on schedule check
[2026-08-11T14:09:53.673+0000] {local_task_job_runner.py:222} INFO - ::endgroup::
