[2026-07-25T03:20:26.344+0000] {local_task_job_runner.py:120} INFO - ::group::Pre task execution logs
[2026-07-25T03:20:26.373+0000] {taskinstance.py:2076} INFO - Dependencies all met for dep_context=non-requeueable deps ti=<TaskInstance: youtube_english_video_pipeline.should_build_long_video manual__2026-07-25T03:19:33.053262+00:00 [queued]>
[2026-07-25T03:20:26.378+0000] {taskinstance.py:2076} INFO - Dependencies all met for dep_context=requeueable deps ti=<TaskInstance: youtube_english_video_pipeline.should_build_long_video manual__2026-07-25T03:19:33.053262+00:00 [queued]>
[2026-07-25T03:20:26.378+0000] {taskinstance.py:2306} INFO - Starting attempt 1 of 3
[2026-07-25T03:20:26.387+0000] {taskinstance.py:2330} INFO - Executing <Task(ShortCircuitOperator): should_build_long_video> on 2026-07-25 03:19:33.053262+00:00
[2026-07-25T03:20:26.393+0000] {standard_task_runner.py:64} INFO - Started process 5333 to run task
[2026-07-25T03:20:26.394+0000] {standard_task_runner.py:90} INFO - Running: ['airflow', 'tasks', 'run', 'youtube_english_video_pipeline', 'should_build_long_video', 'manual__2026-07-25T03:19:33.053262+00:00', '--job-id', '121', '--raw', '--subdir', 'DAGS_FOLDER/youtube_pipeline.py', '--cfg-path', '/tmp/tmpi92pnykp']
[2026-07-25T03:20:26.396+0000] {standard_task_runner.py:91} INFO - Job 121: Subtask should_build_long_video
[2026-07-25T03:20:26.463+0000] {task_command.py:426} INFO - Running <TaskInstance: youtube_english_video_pipeline.should_build_long_video manual__2026-07-25T03:19:33.053262+00:00 [running]> on host 654b8331d764
[2026-07-25T03:20:26.764+0000] {taskinstance.py:2648} INFO - Exporting env vars: AIRFLOW_CTX_DAG_OWNER='taky' AIRFLOW_CTX_DAG_ID='youtube_english_video_pipeline' AIRFLOW_CTX_TASK_ID='should_build_long_video' AIRFLOW_CTX_EXECUTION_DATE='2026-07-25T03:19:33.053262+00:00' AIRFLOW_CTX_TRY_NUMBER='1' AIRFLOW_CTX_DAG_RUN_ID='manual__2026-07-25T03:19:33.053262+00:00'
[2026-07-25T03:20:26.765+0000] {taskinstance.py:430} INFO - ::endgroup::
[2026-07-25T03:20:26.771+0000] {baseoperator.py:400} WARNING - ShortCircuitOperator.execute cannot be called outside TaskInstance!
[2026-07-25T03:20:26.771+0000] {python.py:237} INFO - Done. Returned value was: True
[2026-07-25T03:20:26.772+0000] {python.py:304} INFO - Condition result is True
[2026-07-25T03:20:26.772+0000] {python.py:307} INFO - Proceeding with downstream tasks...
[2026-07-25T03:20:26.773+0000] {taskinstance.py:441} INFO - ::group::Post task execution logs
[2026-07-25T03:20:26.790+0000] {taskinstance.py:1206} INFO - Marking task as SUCCESS. dag_id=youtube_english_video_pipeline, task_id=should_build_long_video, run_id=manual__2026-07-25T03:19:33.053262+00:00, execution_date=20260725T031933, start_date=20260725T032026, end_date=20260725T032026
[2026-07-25T03:20:26.809+0000] {local_task_job_runner.py:243} INFO - Task exited with return code 0
[2026-07-25T03:20:26.830+0000] {taskinstance.py:3503} INFO - 1 downstream tasks scheduled from follow-on schedule check
[2026-07-25T03:20:26.833+0000] {local_task_job_runner.py:222} INFO - ::endgroup::
