[2026-09-20T11:14:58.163+0000] {local_task_job_runner.py:120} INFO - ::group::Pre task execution logs
[2026-09-20T11:14:58.208+0000] {taskinstance.py:2076} INFO - Dependencies all met for dep_context=non-requeueable deps ti=<TaskInstance: youtube_english_video_pipeline.build_long_video_5 manual__2026-09-20T11:03:20.949531+00:00 [queued]>
[2026-09-20T11:14:58.220+0000] {taskinstance.py:2076} INFO - Dependencies all met for dep_context=requeueable deps ti=<TaskInstance: youtube_english_video_pipeline.build_long_video_5 manual__2026-09-20T11:03:20.949531+00:00 [queued]>
[2026-09-20T11:14:58.222+0000] {taskinstance.py:2306} INFO - Starting attempt 1 of 3
[2026-09-20T11:14:58.235+0000] {taskinstance.py:2330} INFO - Executing <Task(PythonOperator): build_long_video_5> on 2026-09-20 11:03:20.949531+00:00
[2026-09-20T11:14:58.242+0000] {standard_task_runner.py:64} INFO - Started process 46834 to run task
[2026-09-20T11:14:58.245+0000] {standard_task_runner.py:90} INFO - Running: ['airflow', 'tasks', 'run', 'youtube_english_video_pipeline', 'build_long_video_5', 'manual__2026-09-20T11:03:20.949531+00:00', '--job-id', '1335', '--raw', '--subdir', 'DAGS_FOLDER/youtube_pipeline.py', '--cfg-path', '/tmp/tmpwbo6o4b1']
[2026-09-20T11:14:58.248+0000] {standard_task_runner.py:91} INFO - Job 1335: Subtask build_long_video_5
[2026-09-20T11:14:58.306+0000] {task_command.py:426} INFO - Running <TaskInstance: youtube_english_video_pipeline.build_long_video_5 manual__2026-09-20T11:03:20.949531+00:00 [running]> on host 73b18333cdfe
[2026-09-20T11:14:58.545+0000] {taskinstance.py:2648} INFO - Exporting env vars: AIRFLOW_CTX_DAG_OWNER='taky' AIRFLOW_CTX_DAG_ID='youtube_english_video_pipeline' AIRFLOW_CTX_TASK_ID='build_long_video_5' AIRFLOW_CTX_EXECUTION_DATE='2026-09-20T11:03:20.949531+00:00' AIRFLOW_CTX_TRY_NUMBER='1' AIRFLOW_CTX_DAG_RUN_ID='manual__2026-09-20T11:03:20.949531+00:00'
[2026-09-20T11:14:58.547+0000] {taskinstance.py:430} INFO - ::endgroup::
[2026-09-20T11:14:59.163+0000] {logging_mixin.py:188} INFO - 2026-09-20 11:14:59,163 | INFO     | planner.video_planner | Planned LONG video: topic='Travel English', phrases=20
[2026-09-20T11:14:59.379+0000] {logging_mixin.py:188} INFO - 2026-09-20 11:14:59,378 | INFO     | tts.edge_tts | Synthesized audio -> /opt/airflow/output/audio/phrase_3188.mp3
[2026-09-20T11:14:59.681+0000] {logging_mixin.py:188} INFO - 2026-09-20 11:14:59,681 | INFO     | tts.edge_tts | Synthesized audio -> /opt/airflow/output/audio/example_3188.mp3
[2026-09-20T11:15:00.145+0000] {logging_mixin.py:188} INFO - 2026-09-20 11:15:00,145 | INFO     | media.image_downloader | Downloaded background image for scene='hotel' -> /opt/airflow/output/images/long_3188.jpg
[2026-09-20T11:15:03.949+0000] {logging_mixin.py:188} INFO - 2026-09-20 11:15:03,949 | INFO     | tts.edge_tts | Synthesized audio -> /opt/airflow/output/audio/phrase_3230.mp3
[2026-09-20T11:15:04.436+0000] {logging_mixin.py:188} INFO - 2026-09-20 11:15:04,436 | INFO     | tts.edge_tts | Synthesized audio -> /opt/airflow/output/audio/example_3230.mp3
[2026-09-20T11:15:05.079+0000] {logging_mixin.py:188} INFO - 2026-09-20 11:15:05,079 | INFO     | media.image_downloader | Downloaded background image for scene='taxi' -> /opt/airflow/output/images/long_3230.jpg
[2026-09-20T11:15:10.020+0000] {logging_mixin.py:188} INFO - 2026-09-20 11:15:10,020 | INFO     | tts.edge_tts | Synthesized audio -> /opt/airflow/output/audio/phrase_3250.mp3
[2026-09-20T11:15:10.360+0000] {logging_mixin.py:188} INFO - 2026-09-20 11:15:10,360 | INFO     | tts.edge_tts | Synthesized audio -> /opt/airflow/output/audio/example_3250.mp3
[2026-09-20T11:15:10.795+0000] {logging_mixin.py:188} INFO - 2026-09-20 11:15:10,795 | INFO     | media.image_downloader | Downloaded background image for scene='city' -> /opt/airflow/output/images/long_3250.jpg
[2026-09-20T11:15:16.787+0000] {logging_mixin.py:188} INFO - 2026-09-20 11:15:16,787 | INFO     | tts.edge_tts | Synthesized audio -> /opt/airflow/output/audio/phrase_3255.mp3
[2026-09-20T11:15:17.225+0000] {logging_mixin.py:188} INFO - 2026-09-20 11:15:17,224 | INFO     | tts.edge_tts | Synthesized audio -> /opt/airflow/output/audio/example_3255.mp3
[2026-09-20T11:15:18.063+0000] {logging_mixin.py:188} INFO - 2026-09-20 11:15:18,063 | INFO     | media.image_downloader | Downloaded background image for scene='cafe' -> /opt/airflow/output/images/long_3255.jpg
[2026-09-20T11:15:23.168+0000] {logging_mixin.py:188} INFO - 2026-09-20 11:15:23,167 | INFO     | tts.edge_tts | Synthesized audio -> /opt/airflow/output/audio/phrase_3257.mp3
[2026-09-20T11:15:23.617+0000] {logging_mixin.py:188} INFO - 2026-09-20 11:15:23,617 | INFO     | tts.edge_tts | Synthesized audio -> /opt/airflow/output/audio/example_3257.mp3
[2026-09-20T11:15:24.121+0000] {logging_mixin.py:188} INFO - 2026-09-20 11:15:24,120 | INFO     | media.image_downloader | Downloaded background image for scene='hotel' -> /opt/airflow/output/images/long_3257.jpg
[2026-09-20T11:15:28.083+0000] {logging_mixin.py:188} INFO - 2026-09-20 11:15:28,082 | INFO     | tts.edge_tts | Synthesized audio -> /opt/airflow/output/audio/phrase_3259.mp3
[2026-09-20T11:15:28.473+0000] {logging_mixin.py:188} INFO - 2026-09-20 11:15:28,473 | INFO     | tts.edge_tts | Synthesized audio -> /opt/airflow/output/audio/example_3259.mp3
[2026-09-20T11:15:29.164+0000] {logging_mixin.py:188} INFO - 2026-09-20 11:15:29,164 | INFO     | media.image_downloader | Downloaded background image for scene='bus' -> /opt/airflow/output/images/long_3259.jpg
[2026-09-20T11:15:33.657+0000] {logging_mixin.py:188} INFO - 2026-09-20 11:15:33,657 | INFO     | tts.edge_tts | Synthesized audio -> /opt/airflow/output/audio/phrase_3266.mp3
[2026-09-20T11:15:33.968+0000] {logging_mixin.py:188} INFO - 2026-09-20 11:15:33,968 | INFO     | tts.edge_tts | Synthesized audio -> /opt/airflow/output/audio/example_3266.mp3
[2026-09-20T11:15:34.600+0000] {logging_mixin.py:188} INFO - 2026-09-20 11:15:34,600 | INFO     | media.image_downloader | Downloaded background image for scene='street' -> /opt/airflow/output/images/long_3266.jpg
[2026-09-20T11:15:39.183+0000] {logging_mixin.py:188} INFO - 2026-09-20 11:15:39,182 | INFO     | tts.edge_tts | Synthesized audio -> /opt/airflow/output/audio/phrase_3268.mp3
[2026-09-20T11:15:39.570+0000] {logging_mixin.py:188} INFO - 2026-09-20 11:15:39,570 | INFO     | tts.edge_tts | Synthesized audio -> /opt/airflow/output/audio/example_3268.mp3
[2026-09-20T11:15:40.247+0000] {logging_mixin.py:188} INFO - 2026-09-20 11:15:40,247 | INFO     | media.image_downloader | Downloaded background image for scene='street' -> /opt/airflow/output/images/long_3268.jpg
[2026-09-20T11:15:44.894+0000] {logging_mixin.py:188} INFO - 2026-09-20 11:15:44,894 | INFO     | tts.edge_tts | Synthesized audio -> /opt/airflow/output/audio/phrase_3277.mp3
[2026-09-20T11:15:45.496+0000] {logging_mixin.py:188} INFO - 2026-09-20 11:15:45,495 | INFO     | tts.edge_tts | Synthesized audio -> /opt/airflow/output/audio/example_3277.mp3
[2026-09-20T11:15:46.193+0000] {logging_mixin.py:188} INFO - 2026-09-20 11:15:46,192 | INFO     | media.image_downloader | Downloaded background image for scene='street' -> /opt/airflow/output/images/long_3277.jpg
[2026-09-20T11:15:50.491+0000] {logging_mixin.py:188} INFO - 2026-09-20 11:15:50,491 | INFO     | tts.edge_tts | Synthesized audio -> /opt/airflow/output/audio/phrase_3289.mp3
[2026-09-20T11:15:50.870+0000] {logging_mixin.py:188} INFO - 2026-09-20 11:15:50,870 | INFO     | tts.edge_tts | Synthesized audio -> /opt/airflow/output/audio/example_3289.mp3
[2026-09-20T11:15:51.545+0000] {logging_mixin.py:188} INFO - 2026-09-20 11:15:51,544 | INFO     | media.image_downloader | Downloaded background image for scene='street' -> /opt/airflow/output/images/long_3289.jpg
[2026-09-20T11:15:55.951+0000] {logging_mixin.py:188} INFO - 2026-09-20 11:15:55,951 | INFO     | tts.edge_tts | Synthesized audio -> /opt/airflow/output/audio/phrase_3293.mp3
[2026-09-20T11:15:56.341+0000] {logging_mixin.py:188} INFO - 2026-09-20 11:15:56,341 | INFO     | tts.edge_tts | Synthesized audio -> /opt/airflow/output/audio/example_3293.mp3
[2026-09-20T11:15:56.857+0000] {logging_mixin.py:188} INFO - 2026-09-20 11:15:56,857 | INFO     | media.image_downloader | Downloaded background image for scene='airport' -> /opt/airflow/output/images/long_3293.jpg
[2026-09-20T11:16:00.587+0000] {logging_mixin.py:188} INFO - 2026-09-20 11:16:00,587 | INFO     | tts.edge_tts | Synthesized audio -> /opt/airflow/output/audio/phrase_3294.mp3
[2026-09-20T11:16:00.914+0000] {logging_mixin.py:188} INFO - 2026-09-20 11:16:00,913 | INFO     | tts.edge_tts | Synthesized audio -> /opt/airflow/output/audio/example_3294.mp3
[2026-09-20T11:16:01.345+0000] {logging_mixin.py:188} INFO - 2026-09-20 11:16:01,345 | INFO     | media.image_downloader | Downloaded background image for scene='hotel' -> /opt/airflow/output/images/long_3294.jpg
[2026-09-20T11:16:05.452+0000] {logging_mixin.py:188} INFO - 2026-09-20 11:16:05,452 | INFO     | tts.edge_tts | Synthesized audio -> /opt/airflow/output/audio/phrase_3297.mp3
[2026-09-20T11:16:05.813+0000] {logging_mixin.py:188} INFO - 2026-09-20 11:16:05,812 | INFO     | tts.edge_tts | Synthesized audio -> /opt/airflow/output/audio/example_3297.mp3
[2026-09-20T11:16:06.660+0000] {logging_mixin.py:188} INFO - 2026-09-20 11:16:06,660 | INFO     | media.image_downloader | Downloaded background image for scene='street' -> /opt/airflow/output/images/long_3297.jpg
[2026-09-20T11:16:11.271+0000] {logging_mixin.py:188} INFO - 2026-09-20 11:16:11,270 | INFO     | tts.edge_tts | Synthesized audio -> /opt/airflow/output/audio/phrase_3303.mp3
[2026-09-20T11:16:11.551+0000] {logging_mixin.py:188} INFO - 2026-09-20 11:16:11,551 | INFO     | tts.edge_tts | Synthesized audio -> /opt/airflow/output/audio/example_3303.mp3
[2026-09-20T11:16:12.151+0000] {logging_mixin.py:188} INFO - 2026-09-20 11:16:12,151 | INFO     | media.image_downloader | Downloaded background image for scene='city' -> /opt/airflow/output/images/long_3303.jpg
[2026-09-20T11:16:17.098+0000] {logging_mixin.py:188} INFO - 2026-09-20 11:16:17,098 | INFO     | tts.edge_tts | Synthesized audio -> /opt/airflow/output/audio/phrase_3306.mp3
[2026-09-20T11:16:17.536+0000] {logging_mixin.py:188} INFO - 2026-09-20 11:16:17,536 | INFO     | tts.edge_tts | Synthesized audio -> /opt/airflow/output/audio/example_3306.mp3
[2026-09-20T11:16:18.010+0000] {logging_mixin.py:188} INFO - 2026-09-20 11:16:18,009 | INFO     | media.image_downloader | Downloaded background image for scene='hotel' -> /opt/airflow/output/images/long_3306.jpg
[2026-09-20T11:16:21.367+0000] {logging_mixin.py:188} INFO - 2026-09-20 11:16:21,366 | INFO     | tts.edge_tts | Synthesized audio -> /opt/airflow/output/audio/phrase_3310.mp3
[2026-09-20T11:16:21.745+0000] {logging_mixin.py:188} INFO - 2026-09-20 11:16:21,745 | INFO     | tts.edge_tts | Synthesized audio -> /opt/airflow/output/audio/example_3310.mp3
[2026-09-20T11:16:22.565+0000] {logging_mixin.py:188} INFO - 2026-09-20 11:16:22,565 | INFO     | media.image_downloader | Downloaded background image for scene='street' -> /opt/airflow/output/images/long_3310.jpg
[2026-09-20T11:16:26.773+0000] {logging_mixin.py:188} INFO - 2026-09-20 11:16:26,773 | INFO     | tts.edge_tts | Synthesized audio -> /opt/airflow/output/audio/phrase_3314.mp3
[2026-09-20T11:16:27.116+0000] {logging_mixin.py:188} INFO - 2026-09-20 11:16:27,115 | INFO     | tts.edge_tts | Synthesized audio -> /opt/airflow/output/audio/example_3314.mp3
[2026-09-20T11:16:27.646+0000] {logging_mixin.py:188} INFO - 2026-09-20 11:16:27,646 | INFO     | media.image_downloader | Downloaded background image for scene='airport' -> /opt/airflow/output/images/long_3314.jpg
[2026-09-20T11:16:31.851+0000] {logging_mixin.py:188} INFO - 2026-09-20 11:16:31,851 | INFO     | tts.edge_tts | Synthesized audio -> /opt/airflow/output/audio/phrase_3316.mp3
[2026-09-20T11:16:32.186+0000] {logging_mixin.py:188} INFO - 2026-09-20 11:16:32,186 | INFO     | tts.edge_tts | Synthesized audio -> /opt/airflow/output/audio/example_3316.mp3
[2026-09-20T11:16:32.678+0000] {logging_mixin.py:188} INFO - 2026-09-20 11:16:32,677 | INFO     | media.image_downloader | Downloaded background image for scene='map' -> /opt/airflow/output/images/long_3316.jpg
[2026-09-20T11:16:36.282+0000] {logging_mixin.py:188} INFO - 2026-09-20 11:16:36,282 | INFO     | tts.edge_tts | Synthesized audio -> /opt/airflow/output/audio/phrase_3321.mp3
[2026-09-20T11:16:36.538+0000] {logging_mixin.py:188} INFO - 2026-09-20 11:16:36,538 | INFO     | tts.edge_tts | Synthesized audio -> /opt/airflow/output/audio/example_3321.mp3
[2026-09-20T11:16:37.205+0000] {logging_mixin.py:188} INFO - 2026-09-20 11:16:37,205 | INFO     | media.image_downloader | Downloaded background image for scene='travel' -> /opt/airflow/output/images/long_3321.jpg
[2026-09-20T11:16:41.143+0000] {logging_mixin.py:188} INFO - 2026-09-20 11:16:41,143 | INFO     | tts.edge_tts | Synthesized audio -> /opt/airflow/output/audio/phrase_3332.mp3
[2026-09-20T11:16:41.583+0000] {logging_mixin.py:188} INFO - 2026-09-20 11:16:41,582 | INFO     | tts.edge_tts | Synthesized audio -> /opt/airflow/output/audio/example_3332.mp3
[2026-09-20T11:16:42.413+0000] {logging_mixin.py:188} INFO - 2026-09-20 11:16:42,413 | INFO     | media.image_downloader | Downloaded background image for scene='street' -> /opt/airflow/output/images/long_3332.jpg
[2026-09-20T11:16:48.087+0000] {logging_mixin.py:188} INFO - 2026-09-20 11:16:48,087 | WARNING  | video.video_builder | BGM file not found at /opt/airflow/assets/bgm/long_bgm.mp3, rendering without background music
[2026-09-20T11:17:16.658+0000] {logging_mixin.py:188} INFO - 2026-09-20 11:17:16,658 | INFO     | video.video_builder | Final video rendered -> /opt/airflow/output/videos/long_3188.mp4
[2026-09-20T11:17:23.077+0000] {logging_mixin.py:188} INFO - 2026-09-20 11:17:23,077 | INFO     | media.thumbnail_builder | Built thumbnail -> /opt/airflow/output/thumbnails/long_3188.jpg
[2026-09-20T11:17:23.436+0000] {python.py:237} INFO - Done. Returned value was: {'video_id': 403, 'file_path': '/opt/airflow/output/videos/long_3188.mp4', 'thumbnail_path': '/opt/airflow/output/thumbnails/long_3188.jpg', 'title': "Travel English: 20 Phrases You'll Actually Use on Your Next Trip", 'description': "Travel English is essential for your next overseas trip. In this lesson, Taky's Language School covers 20 natural English phrases that help you navigate airports, hotels, and city centers with confidence. Stop relying on textbook translations that sound robotic—learn how native speakers actually ask for directions, check into hotels, and handle common travel situations. Whether you are looking for the nearest subway station, asking for a Wi-Fi password, or need to find an ATM, these practical expressions will ensure you are understood clearly while traveling abroad. Master these essential phrases to make your next trip smooth and stress-free.", 'tags': ['Travel English', 'English for travel', 'learn English', 'spoken English', 'English for Japanese speakers', "Taky's Language School", 'English phrases', 'English conversation', 'travel vocabulary'], 'video_type': 'long'}
[2026-09-20T11:17:23.437+0000] {taskinstance.py:441} INFO - ::group::Post task execution logs
[2026-09-20T11:17:23.470+0000] {taskinstance.py:1206} INFO - Marking task as SUCCESS. dag_id=youtube_english_video_pipeline, task_id=build_long_video_5, run_id=manual__2026-09-20T11:03:20.949531+00:00, execution_date=20260920T110320, start_date=20260920T111458, end_date=20260920T111723
[2026-09-20T11:17:23.519+0000] {local_task_job_runner.py:243} INFO - Task exited with return code 0
[2026-09-20T11:17:23.557+0000] {taskinstance.py:3503} INFO - 1 downstream tasks scheduled from follow-on schedule check
[2026-09-20T11:17:23.564+0000] {local_task_job_runner.py:222} INFO - ::endgroup::
