[2026-07-25T03:53:22.580+0000] {local_task_job_runner.py:120} INFO - ::group::Pre task execution logs
[2026-07-25T03:53:22.626+0000] {taskinstance.py:2076} INFO - Dependencies all met for dep_context=non-requeueable deps ti=<TaskInstance: youtube_english_video_pipeline.upload_short_video scheduled__2026-07-23T12:00:00+00:00 [queued]>
[2026-07-25T03:53:22.633+0000] {taskinstance.py:2076} INFO - Dependencies all met for dep_context=requeueable deps ti=<TaskInstance: youtube_english_video_pipeline.upload_short_video scheduled__2026-07-23T12:00:00+00:00 [queued]>
[2026-07-25T03:53:22.633+0000] {taskinstance.py:2306} INFO - Starting attempt 1 of 3
[2026-07-25T03:53:22.643+0000] {taskinstance.py:2330} INFO - Executing <Task(PythonOperator): upload_short_video> on 2026-07-23 12:00:00+00:00
[2026-07-25T03:53:22.647+0000] {standard_task_runner.py:64} INFO - Started process 926 to run task
[2026-07-25T03:53:22.650+0000] {standard_task_runner.py:90} INFO - Running: ['airflow', 'tasks', 'run', 'youtube_english_video_pipeline', 'upload_short_video', 'scheduled__2026-07-23T12:00:00+00:00', '--job-id', '138', '--raw', '--subdir', 'DAGS_FOLDER/youtube_pipeline.py', '--cfg-path', '/tmp/tmpsbrv142y']
[2026-07-25T03:53:22.651+0000] {standard_task_runner.py:91} INFO - Job 138: Subtask upload_short_video
[2026-07-25T03:53:22.724+0000] {task_command.py:426} INFO - Running <TaskInstance: youtube_english_video_pipeline.upload_short_video scheduled__2026-07-23T12:00:00+00:00 [running]> on host ce8e21912c19
[2026-07-25T03:53:22.934+0000] {taskinstance.py:2648} INFO - Exporting env vars: AIRFLOW_CTX_DAG_OWNER='taky' AIRFLOW_CTX_DAG_ID='youtube_english_video_pipeline' AIRFLOW_CTX_TASK_ID='upload_short_video' AIRFLOW_CTX_EXECUTION_DATE='2026-07-23T12:00:00+00:00' AIRFLOW_CTX_TRY_NUMBER='1' AIRFLOW_CTX_DAG_RUN_ID='scheduled__2026-07-23T12:00:00+00:00'
[2026-07-25T03:53:22.935+0000] {taskinstance.py:430} INFO - ::endgroup::
[2026-07-25T03:53:23.228+0000] {__init__.py:49} INFO - file_cache is only supported with oauth2client<4.0.0
[2026-07-25T03:53:23.233+0000] {logging_mixin.py:188} INFO - 2026-07-25 03:53:23,233 | INFO     | uploader.youtube_uploader | Uploading video 'Say Goodbye Like a Native! 👋 'Take care & keep in touch!' #shorts' (/opt/airflow/output/videos/short_85.mp4) to YouTube...
[2026-07-25T03:53:26.021+0000] {logging_mixin.py:188} INFO - 2026-07-25 03:53:26,021 | INFO     | uploader.youtube_uploader | Upload complete. YouTube video id = hS6yCifWcHI
[2026-07-25T03:53:26.039+0000] {python.py:237} INFO - Done. Returned value was: hS6yCifWcHI
[2026-07-25T03:53:26.040+0000] {taskinstance.py:441} INFO - ::group::Post task execution logs
[2026-07-25T03:53:26.086+0000] {taskinstance.py:1206} INFO - Marking task as SUCCESS. dag_id=youtube_english_video_pipeline, task_id=upload_short_video, run_id=scheduled__2026-07-23T12:00:00+00:00, execution_date=20260723T120000, start_date=20260725T035322, end_date=20260725T035326
[2026-07-25T03:53:26.120+0000] {local_task_job_runner.py:243} INFO - Task exited with return code 0
[2026-07-25T03:53:26.142+0000] {taskinstance.py:3503} INFO - 0 downstream tasks scheduled from follow-on schedule check
[2026-07-25T03:53:26.148+0000] {local_task_job_runner.py:222} INFO - ::endgroup::
[2026-07-25T04:05:12.077+0000] {local_task_job_runner.py:120} INFO - ::group::Pre task execution logs
[2026-07-25T04:05:12.124+0000] {taskinstance.py:2076} INFO - Dependencies all met for dep_context=non-requeueable deps ti=<TaskInstance: youtube_english_video_pipeline.upload_short_video scheduled__2026-07-23T12:00:00+00:00 [queued]>
[2026-07-25T04:05:12.134+0000] {taskinstance.py:2076} INFO - Dependencies all met for dep_context=requeueable deps ti=<TaskInstance: youtube_english_video_pipeline.upload_short_video scheduled__2026-07-23T12:00:00+00:00 [queued]>
[2026-07-25T04:05:12.135+0000] {taskinstance.py:2306} INFO - Starting attempt 1 of 3
[2026-07-25T04:05:12.154+0000] {taskinstance.py:2330} INFO - Executing <Task(PythonOperator): upload_short_video> on 2026-07-23 12:00:00+00:00
[2026-07-25T04:05:12.160+0000] {standard_task_runner.py:64} INFO - Started process 920 to run task
[2026-07-25T04:05:12.165+0000] {standard_task_runner.py:90} INFO - Running: ['airflow', 'tasks', 'run', 'youtube_english_video_pipeline', 'upload_short_video', 'scheduled__2026-07-23T12:00:00+00:00', '--job-id', '151', '--raw', '--subdir', 'DAGS_FOLDER/youtube_pipeline.py', '--cfg-path', '/tmp/tmp8ujme1wv']
[2026-07-25T04:05:12.169+0000] {standard_task_runner.py:91} INFO - Job 151: Subtask upload_short_video
[2026-07-25T04:05:12.263+0000] {task_command.py:426} INFO - Running <TaskInstance: youtube_english_video_pipeline.upload_short_video scheduled__2026-07-23T12:00:00+00:00 [running]> on host ce8e21912c19
[2026-07-25T04:05:12.571+0000] {taskinstance.py:2648} INFO - Exporting env vars: AIRFLOW_CTX_DAG_OWNER='taky' AIRFLOW_CTX_DAG_ID='youtube_english_video_pipeline' AIRFLOW_CTX_TASK_ID='upload_short_video' AIRFLOW_CTX_EXECUTION_DATE='2026-07-23T12:00:00+00:00' AIRFLOW_CTX_TRY_NUMBER='1' AIRFLOW_CTX_DAG_RUN_ID='scheduled__2026-07-23T12:00:00+00:00'
[2026-07-25T04:05:12.571+0000] {taskinstance.py:430} INFO - ::endgroup::
[2026-07-25T04:05:12.874+0000] {__init__.py:49} INFO - file_cache is only supported with oauth2client<4.0.0
[2026-07-25T04:05:12.880+0000] {logging_mixin.py:188} INFO - 2026-07-25 04:05:12,880 | INFO     | uploader.youtube_uploader | Uploading video 'Airport English: Gate Change Notification! ✈️ #Shorts' (/opt/airflow/output/videos/short_128.mp4) to YouTube...
[2026-07-25T04:05:15.690+0000] {logging_mixin.py:188} INFO - 2026-07-25 04:05:15,690 | INFO     | uploader.youtube_uploader | Upload complete. YouTube video id = AHxGZ5qoegs
[2026-07-25T04:05:15.705+0000] {python.py:237} INFO - Done. Returned value was: AHxGZ5qoegs
[2026-07-25T04:05:15.706+0000] {taskinstance.py:441} INFO - ::group::Post task execution logs
[2026-07-25T04:05:15.742+0000] {taskinstance.py:1206} INFO - Marking task as SUCCESS. dag_id=youtube_english_video_pipeline, task_id=upload_short_video, run_id=scheduled__2026-07-23T12:00:00+00:00, execution_date=20260723T120000, start_date=20260725T040512, end_date=20260725T040515
[2026-07-25T04:05:15.793+0000] {local_task_job_runner.py:243} INFO - Task exited with return code 0
[2026-07-25T04:05:15.830+0000] {taskinstance.py:3503} INFO - 0 downstream tasks scheduled from follow-on schedule check
[2026-07-25T04:05:15.835+0000] {local_task_job_runner.py:222} INFO - ::endgroup::
[2026-07-25T05:10:12.040+0000] {local_task_job_runner.py:120} INFO - ::group::Pre task execution logs
[2026-07-25T05:10:12.081+0000] {taskinstance.py:2076} INFO - Dependencies all met for dep_context=non-requeueable deps ti=<TaskInstance: youtube_english_video_pipeline.upload_short_video scheduled__2026-07-23T12:00:00+00:00 [queued]>
[2026-07-25T05:10:12.090+0000] {taskinstance.py:2076} INFO - Dependencies all met for dep_context=requeueable deps ti=<TaskInstance: youtube_english_video_pipeline.upload_short_video scheduled__2026-07-23T12:00:00+00:00 [queued]>
[2026-07-25T05:10:12.091+0000] {taskinstance.py:2306} INFO - Starting attempt 1 of 3
[2026-07-25T05:10:12.104+0000] {taskinstance.py:2330} INFO - Executing <Task(PythonOperator): upload_short_video> on 2026-07-23 12:00:00+00:00
[2026-07-25T05:10:12.113+0000] {standard_task_runner.py:64} INFO - Started process 3881 to run task
[2026-07-25T05:10:12.117+0000] {standard_task_runner.py:90} INFO - Running: ['airflow', 'tasks', 'run', 'youtube_english_video_pipeline', 'upload_short_video', 'scheduled__2026-07-23T12:00:00+00:00', '--job-id', '232', '--raw', '--subdir', 'DAGS_FOLDER/youtube_pipeline.py', '--cfg-path', '/tmp/tmpcc17l9_a']
[2026-07-25T05:10:12.120+0000] {standard_task_runner.py:91} INFO - Job 232: Subtask upload_short_video
[2026-07-25T05:10:12.224+0000] {task_command.py:426} INFO - Running <TaskInstance: youtube_english_video_pipeline.upload_short_video scheduled__2026-07-23T12:00:00+00:00 [running]> on host ce8e21912c19
[2026-07-25T05:10:12.537+0000] {taskinstance.py:2648} INFO - Exporting env vars: AIRFLOW_CTX_DAG_OWNER='taky' AIRFLOW_CTX_DAG_ID='youtube_english_video_pipeline' AIRFLOW_CTX_TASK_ID='upload_short_video' AIRFLOW_CTX_EXECUTION_DATE='2026-07-23T12:00:00+00:00' AIRFLOW_CTX_TRY_NUMBER='1' AIRFLOW_CTX_DAG_RUN_ID='scheduled__2026-07-23T12:00:00+00:00'
[2026-07-25T05:10:12.538+0000] {taskinstance.py:430} INFO - ::endgroup::
[2026-07-25T05:10:12.889+0000] {__init__.py:49} INFO - file_cache is only supported with oauth2client<4.0.0
[2026-07-25T05:10:12.898+0000] {logging_mixin.py:188} INFO - 2026-07-25 05:10:12,897 | INFO     | uploader.youtube_uploader | Uploading video 'How to say "Mind if I join you?" in English ☕ | Social English' (/opt/airflow/output/videos/short_95.mp4) to YouTube...
[2026-07-25T05:10:15.408+0000] {logging_mixin.py:188} INFO - 2026-07-25 05:10:15,408 | INFO     | uploader.youtube_uploader | Upload complete. YouTube video id = VFyAodE4_T8
[2026-07-25T05:10:15.427+0000] {python.py:237} INFO - Done. Returned value was: VFyAodE4_T8
[2026-07-25T05:10:15.428+0000] {taskinstance.py:441} INFO - ::group::Post task execution logs
[2026-07-25T05:10:15.456+0000] {taskinstance.py:1206} INFO - Marking task as SUCCESS. dag_id=youtube_english_video_pipeline, task_id=upload_short_video, run_id=scheduled__2026-07-23T12:00:00+00:00, execution_date=20260723T120000, start_date=20260725T051012, end_date=20260725T051015
[2026-07-25T05:10:15.509+0000] {local_task_job_runner.py:243} INFO - Task exited with return code 0
[2026-07-25T05:10:15.526+0000] {taskinstance.py:3503} INFO - 0 downstream tasks scheduled from follow-on schedule check
[2026-07-25T05:10:15.529+0000] {local_task_job_runner.py:222} INFO - ::endgroup::
