[2026-08-17T12:43:35.352+0000] {local_task_job_runner.py:120} INFO - ::group::Pre task execution logs
[2026-08-17T12:43:35.405+0000] {taskinstance.py:2076} INFO - Dependencies all met for dep_context=non-requeueable deps ti=<TaskInstance: youtube_english_video_pipeline.build_long_video_2 scheduled__2026-08-11T12:00:00+00:00 [queued]>
[2026-08-17T12:43:35.418+0000] {taskinstance.py:2076} INFO - Dependencies all met for dep_context=requeueable deps ti=<TaskInstance: youtube_english_video_pipeline.build_long_video_2 scheduled__2026-08-11T12:00:00+00:00 [queued]>
[2026-08-17T12:43:35.420+0000] {taskinstance.py:2306} INFO - Starting attempt 1 of 3
[2026-08-17T12:43:35.439+0000] {taskinstance.py:2330} INFO - Executing <Task(PythonOperator): build_long_video_2> on 2026-08-11 12:00:00+00:00
[2026-08-17T12:43:35.446+0000] {standard_task_runner.py:64} INFO - Started process 4285 to run task
[2026-08-17T12:43:35.451+0000] {standard_task_runner.py:90} INFO - Running: ['airflow', 'tasks', 'run', 'youtube_english_video_pipeline', 'build_long_video_2', 'scheduled__2026-08-11T12:00:00+00:00', '--job-id', '743', '--raw', '--subdir', 'DAGS_FOLDER/youtube_pipeline.py', '--cfg-path', '/tmp/tmpd4v_w18a']
[2026-08-17T12:43:35.454+0000] {standard_task_runner.py:91} INFO - Job 743: Subtask build_long_video_2
[2026-08-17T12:43:35.582+0000] {task_command.py:426} INFO - Running <TaskInstance: youtube_english_video_pipeline.build_long_video_2 scheduled__2026-08-11T12:00:00+00:00 [running]> on host cc859d74cf38
[2026-08-17T12:43:35.957+0000] {taskinstance.py:2648} INFO - Exporting env vars: AIRFLOW_CTX_DAG_OWNER='taky' AIRFLOW_CTX_DAG_ID='youtube_english_video_pipeline' AIRFLOW_CTX_TASK_ID='build_long_video_2' AIRFLOW_CTX_EXECUTION_DATE='2026-08-11T12:00:00+00:00' AIRFLOW_CTX_TRY_NUMBER='1' AIRFLOW_CTX_DAG_RUN_ID='scheduled__2026-08-11T12:00:00+00:00'
[2026-08-17T12:43:35.960+0000] {taskinstance.py:430} INFO - ::endgroup::
[2026-08-17T12:43:37.912+0000] {logging_mixin.py:188} INFO - 2026-08-17 12:43:37,912 | INFO     | planner.video_planner | Only 8 phrases for topic='Business English', topping up without topic filter
[2026-08-17T12:43:37.926+0000] {logging_mixin.py:188} INFO - 2026-08-17 12:43:37,926 | INFO     | planner.video_planner | Planned LONG video: topic='Mixed English Expressions', phrases=20
[2026-08-17T12:43:38.368+0000] {logging_mixin.py:188} INFO - 2026-08-17 12:43:38,368 | INFO     | tts.edge_tts | Synthesized audio -> /opt/airflow/output/audio/phrase_1873.mp3
[2026-08-17T12:43:38.745+0000] {logging_mixin.py:188} INFO - 2026-08-17 12:43:38,745 | INFO     | tts.edge_tts | Synthesized audio -> /opt/airflow/output/audio/example_1873.mp3
[2026-08-17T12:43:39.534+0000] {logging_mixin.py:188} INFO - 2026-08-17 12:43:39,534 | INFO     | media.image_downloader | Downloaded background image for scene='lobby' -> /opt/airflow/output/images/long_1873.jpg
[2026-08-17T12:43:45.749+0000] {logging_mixin.py:188} INFO - 2026-08-17 12:43:45,749 | INFO     | tts.edge_tts | Synthesized audio -> /opt/airflow/output/audio/phrase_1874.mp3
[2026-08-17T12:43:46.283+0000] {logging_mixin.py:188} INFO - 2026-08-17 12:43:46,283 | INFO     | tts.edge_tts | Synthesized audio -> /opt/airflow/output/audio/example_1874.mp3
[2026-08-17T12:43:46.941+0000] {logging_mixin.py:188} INFO - 2026-08-17 12:43:46,941 | INFO     | media.image_downloader | Downloaded background image for scene='classroom' -> /opt/airflow/output/images/long_1874.jpg
[2026-08-17T12:43:52.246+0000] {logging_mixin.py:188} INFO - 2026-08-17 12:43:52,246 | INFO     | tts.edge_tts | Synthesized audio -> /opt/airflow/output/audio/phrase_1875.mp3
[2026-08-17T12:43:52.714+0000] {logging_mixin.py:188} INFO - 2026-08-17 12:43:52,714 | INFO     | tts.edge_tts | Synthesized audio -> /opt/airflow/output/audio/example_1875.mp3
[2026-08-17T12:43:52.982+0000] {logging_mixin.py:188} INFO - 2026-08-17 12:43:52,982 | INFO     | media.image_downloader | Downloaded background image for scene='office' -> /opt/airflow/output/images/long_1875.jpg
[2026-08-17T12:43:57.972+0000] {logging_mixin.py:188} INFO - 2026-08-17 12:43:57,971 | INFO     | tts.edge_tts | Synthesized audio -> /opt/airflow/output/audio/phrase_1876.mp3
[2026-08-17T12:43:58.531+0000] {logging_mixin.py:188} INFO - 2026-08-17 12:43:58,531 | INFO     | tts.edge_tts | Synthesized audio -> /opt/airflow/output/audio/example_1876.mp3
[2026-08-17T12:43:59.350+0000] {logging_mixin.py:188} INFO - 2026-08-17 12:43:59,349 | INFO     | media.image_downloader | Downloaded background image for scene='checkout' -> /opt/airflow/output/images/long_1876.jpg
[2026-08-17T12:44:04.846+0000] {logging_mixin.py:188} INFO - 2026-08-17 12:44:04,846 | INFO     | tts.edge_tts | Synthesized audio -> /opt/airflow/output/audio/phrase_1877.mp3
[2026-08-17T12:44:05.311+0000] {logging_mixin.py:188} INFO - 2026-08-17 12:44:05,311 | INFO     | tts.edge_tts | Synthesized audio -> /opt/airflow/output/audio/example_1877.mp3
[2026-08-17T12:44:06.264+0000] {logging_mixin.py:188} INFO - 2026-08-17 12:44:06,263 | INFO     | media.image_downloader | Downloaded background image for scene='coffeeshop' -> /opt/airflow/output/images/long_1877.jpg
[2026-08-17T12:44:12.805+0000] {logging_mixin.py:188} INFO - 2026-08-17 12:44:12,805 | INFO     | tts.edge_tts | Synthesized audio -> /opt/airflow/output/audio/phrase_1878.mp3
[2026-08-17T12:44:13.450+0000] {logging_mixin.py:188} INFO - 2026-08-17 12:44:13,450 | INFO     | tts.edge_tts | Synthesized audio -> /opt/airflow/output/audio/example_1878.mp3
[2026-08-17T12:44:14.500+0000] {logging_mixin.py:188} INFO - 2026-08-17 12:44:14,499 | INFO     | media.image_downloader | Downloaded background image for scene='reception' -> /opt/airflow/output/images/long_1878.jpg
[2026-08-17T12:44:20.188+0000] {logging_mixin.py:188} INFO - 2026-08-17 12:44:20,188 | INFO     | tts.edge_tts | Synthesized audio -> /opt/airflow/output/audio/phrase_1879.mp3
[2026-08-17T12:44:20.684+0000] {logging_mixin.py:188} INFO - 2026-08-17 12:44:20,684 | INFO     | tts.edge_tts | Synthesized audio -> /opt/airflow/output/audio/example_1879.mp3
[2026-08-17T12:44:21.475+0000] {logging_mixin.py:188} INFO - 2026-08-17 12:44:21,475 | INFO     | media.image_downloader | Downloaded background image for scene='park' -> /opt/airflow/output/images/long_1879.jpg
[2026-08-17T12:44:31.708+0000] {logging_mixin.py:188} INFO - 2026-08-17 12:44:31,708 | INFO     | tts.edge_tts | Synthesized audio -> /opt/airflow/output/audio/phrase_1880.mp3
[2026-08-17T12:44:32.358+0000] {logging_mixin.py:188} INFO - 2026-08-17 12:44:32,358 | INFO     | tts.edge_tts | Synthesized audio -> /opt/airflow/output/audio/example_1880.mp3
[2026-08-17T12:44:33.355+0000] {logging_mixin.py:188} INFO - 2026-08-17 12:44:33,355 | INFO     | media.image_downloader | Downloaded background image for scene='diner' -> /opt/airflow/output/images/long_1880.jpg
[2026-08-17T12:44:40.308+0000] {logging_mixin.py:188} INFO - 2026-08-17 12:44:40,307 | INFO     | tts.edge_tts | Synthesized audio -> /opt/airflow/output/audio/phrase_1881.mp3
[2026-08-17T12:44:41.002+0000] {logging_mixin.py:188} INFO - 2026-08-17 12:44:41,002 | INFO     | tts.edge_tts | Synthesized audio -> /opt/airflow/output/audio/example_1881.mp3
[2026-08-17T12:44:42.145+0000] {logging_mixin.py:188} INFO - 2026-08-17 12:44:42,144 | INFO     | media.image_downloader | Downloaded background image for scene='boardroom' -> /opt/airflow/output/images/long_1881.jpg
[2026-08-17T12:44:48.131+0000] {logging_mixin.py:188} INFO - 2026-08-17 12:44:48,131 | INFO     | tts.edge_tts | Synthesized audio -> /opt/airflow/output/audio/phrase_1882.mp3
[2026-08-17T12:44:48.784+0000] {logging_mixin.py:188} INFO - 2026-08-17 12:44:48,784 | INFO     | tts.edge_tts | Synthesized audio -> /opt/airflow/output/audio/example_1882.mp3
[2026-08-17T12:44:49.755+0000] {logging_mixin.py:188} INFO - 2026-08-17 12:44:49,754 | INFO     | media.image_downloader | Downloaded background image for scene='street' -> /opt/airflow/output/images/long_1882.jpg
[2026-08-17T12:44:55.317+0000] {logging_mixin.py:188} INFO - 2026-08-17 12:44:55,316 | INFO     | tts.edge_tts | Synthesized audio -> /opt/airflow/output/audio/phrase_1883.mp3
[2026-08-17T12:44:55.957+0000] {logging_mixin.py:188} INFO - 2026-08-17 12:44:55,957 | INFO     | tts.edge_tts | Synthesized audio -> /opt/airflow/output/audio/example_1883.mp3
[2026-08-17T12:44:56.811+0000] {logging_mixin.py:188} INFO - 2026-08-17 12:44:56,811 | INFO     | media.image_downloader | Downloaded background image for scene='workspace' -> /opt/airflow/output/images/long_1883.jpg
[2026-08-17T12:45:02.420+0000] {logging_mixin.py:188} INFO - 2026-08-17 12:45:02,420 | INFO     | tts.edge_tts | Synthesized audio -> /opt/airflow/output/audio/phrase_1884.mp3
[2026-08-17T12:45:02.936+0000] {logging_mixin.py:188} INFO - 2026-08-17 12:45:02,936 | INFO     | tts.edge_tts | Synthesized audio -> /opt/airflow/output/audio/example_1884.mp3
[2026-08-17T12:45:03.888+0000] {logging_mixin.py:188} INFO - 2026-08-17 12:45:03,887 | INFO     | media.image_downloader | Downloaded background image for scene='taxi' -> /opt/airflow/output/images/long_1884.jpg
[2026-08-17T12:45:09.596+0000] {logging_mixin.py:188} INFO - 2026-08-17 12:45:09,595 | INFO     | tts.edge_tts | Synthesized audio -> /opt/airflow/output/audio/phrase_1885.mp3
[2026-08-17T12:45:10.083+0000] {logging_mixin.py:188} INFO - 2026-08-17 12:45:10,082 | INFO     | tts.edge_tts | Synthesized audio -> /opt/airflow/output/audio/example_1885.mp3
[2026-08-17T12:45:11.086+0000] {logging_mixin.py:188} INFO - 2026-08-17 12:45:11,086 | INFO     | media.image_downloader | Downloaded background image for scene='conversation' -> /opt/airflow/output/images/long_1885.jpg
[2026-08-17T12:45:20.451+0000] {logging_mixin.py:188} INFO - 2026-08-17 12:45:20,451 | INFO     | tts.edge_tts | Synthesized audio -> /opt/airflow/output/audio/phrase_1886.mp3
[2026-08-17T12:45:21.314+0000] {logging_mixin.py:188} INFO - 2026-08-17 12:45:21,314 | INFO     | tts.edge_tts | Synthesized audio -> /opt/airflow/output/audio/example_1886.mp3
[2026-08-17T12:45:21.768+0000] {logging_mixin.py:188} INFO - 2026-08-17 12:45:21,767 | INFO     | media.image_downloader | Downloaded background image for scene='restaurant' -> /opt/airflow/output/images/long_1886.jpg
[2026-08-17T12:45:27.734+0000] {logging_mixin.py:188} INFO - 2026-08-17 12:45:27,734 | INFO     | tts.edge_tts | Synthesized audio -> /opt/airflow/output/audio/phrase_1887.mp3
[2026-08-17T12:45:28.270+0000] {logging_mixin.py:188} INFO - 2026-08-17 12:45:28,270 | INFO     | tts.edge_tts | Synthesized audio -> /opt/airflow/output/audio/example_1887.mp3
[2026-08-17T12:45:28.594+0000] {logging_mixin.py:188} INFO - 2026-08-17 12:45:28,594 | INFO     | media.image_downloader | Downloaded background image for scene='shopping' -> /opt/airflow/output/images/long_1887.jpg
[2026-08-17T12:45:34.325+0000] {logging_mixin.py:188} INFO - 2026-08-17 12:45:34,325 | INFO     | tts.edge_tts | Synthesized audio -> /opt/airflow/output/audio/phrase_1888.mp3
[2026-08-17T12:45:34.830+0000] {logging_mixin.py:188} INFO - 2026-08-17 12:45:34,830 | INFO     | tts.edge_tts | Synthesized audio -> /opt/airflow/output/audio/example_1888.mp3
[2026-08-17T12:45:35.142+0000] {logging_mixin.py:188} INFO - 2026-08-17 12:45:35,141 | INFO     | media.image_downloader | Downloaded background image for scene='cafe' -> /opt/airflow/output/images/long_1888.jpg
[2026-08-17T12:45:41.140+0000] {logging_mixin.py:188} INFO - 2026-08-17 12:45:41,140 | INFO     | tts.edge_tts | Synthesized audio -> /opt/airflow/output/audio/phrase_1889.mp3
[2026-08-17T12:45:41.604+0000] {logging_mixin.py:188} INFO - 2026-08-17 12:45:41,604 | INFO     | tts.edge_tts | Synthesized audio -> /opt/airflow/output/audio/example_1889.mp3
[2026-08-17T12:45:41.896+0000] {logging_mixin.py:188} INFO - 2026-08-17 12:45:41,896 | INFO     | media.image_downloader | Downloaded background image for scene='street' -> /opt/airflow/output/images/long_1889.jpg
[2026-08-17T12:45:47.447+0000] {logging_mixin.py:188} INFO - 2026-08-17 12:45:47,447 | INFO     | tts.edge_tts | Synthesized audio -> /opt/airflow/output/audio/phrase_1890.mp3
[2026-08-17T12:45:47.844+0000] {logging_mixin.py:188} INFO - 2026-08-17 12:45:47,844 | INFO     | tts.edge_tts | Synthesized audio -> /opt/airflow/output/audio/example_1890.mp3
[2026-08-17T12:45:48.127+0000] {logging_mixin.py:188} INFO - 2026-08-17 12:45:48,127 | INFO     | media.image_downloader | Downloaded background image for scene='hotel' -> /opt/airflow/output/images/long_1890.jpg
[2026-08-17T12:45:53.174+0000] {logging_mixin.py:188} INFO - 2026-08-17 12:45:53,174 | INFO     | tts.edge_tts | Synthesized audio -> /opt/airflow/output/audio/phrase_1891.mp3
[2026-08-17T12:45:53.490+0000] {logging_mixin.py:188} INFO - 2026-08-17 12:45:53,490 | INFO     | tts.edge_tts | Synthesized audio -> /opt/airflow/output/audio/example_1891.mp3
[2026-08-17T12:45:53.706+0000] {logging_mixin.py:188} INFO - 2026-08-17 12:45:53,706 | INFO     | media.image_downloader | Downloaded background image for scene='subway' -> /opt/airflow/output/images/long_1891.jpg
[2026-08-17T12:45:57.917+0000] {logging_mixin.py:188} INFO - 2026-08-17 12:45:57,916 | INFO     | tts.edge_tts | Synthesized audio -> /opt/airflow/output/audio/phrase_1892.mp3
[2026-08-17T12:45:58.368+0000] {logging_mixin.py:188} INFO - 2026-08-17 12:45:58,368 | INFO     | tts.edge_tts | Synthesized audio -> /opt/airflow/output/audio/example_1892.mp3
[2026-08-17T12:45:58.627+0000] {logging_mixin.py:188} INFO - 2026-08-17 12:45:58,627 | INFO     | media.image_downloader | Downloaded background image for scene='office' -> /opt/airflow/output/images/long_1892.jpg
[2026-08-17T12:46:08.425+0000] {logging_mixin.py:188} INFO - 2026-08-17 12:46:08,424 | WARNING  | video.video_builder | BGM file not found at /opt/airflow/assets/bgm/long_bgm.mp3, rendering without background music
[2026-08-17T12:46:40.092+0000] {logging_mixin.py:188} INFO - 2026-08-17 12:46:40,092 | INFO     | video.video_builder | Final video rendered -> /opt/airflow/output/videos/long_1873.mp4
[2026-08-17T12:46:44.272+0000] {logging_mixin.py:188} INFO - 2026-08-17 12:46:44,272 | INFO     | media.thumbnail_builder | Built thumbnail -> /opt/airflow/output/thumbnails/long_1873.jpg
[2026-08-17T12:46:44.814+0000] {python.py:237} INFO - Done. Returned value was: {'video_id': 215, 'file_path': '/opt/airflow/output/videos/long_1873.mp4', 'thumbnail_path': '/opt/airflow/output/thumbnails/long_1873.jpg', 'title': '20 Must-Know English Expressions for Daily Life & Work | Speak Fluently', 'description': "Master 20 essential English expressions you need for daily conversations, travel, shopping, and work! In this lesson from Taky's Language School, you'll learn practical, natural phrases native speakers use every day—with real-life example sentences.\n\nFrom ordering food and checking into hotels to everyday work meetings, these spoken English phrases will help you communicate clearly and sound confident in any situation.\n\n✨ What you'll learn:\n• Essential travel & hotel phrases\n• Work & business communication\n• Casual daily conversations\n• Polite requests & social etiquette\n\nSubscribe to Taky's Language School for more lessons to boost your English fluency!", 'tags': ['learn english', 'english expressions', 'daily english phrases', 'spoken english', 'speak english fluently', 'english conversation', 'practical english', 'useful english phrases', 'travel english phrases', 'business english', 'english speaking practice', "taky's language school"], 'video_type': 'long'}
[2026-08-17T12:46:44.817+0000] {taskinstance.py:441} INFO - ::group::Post task execution logs
[2026-08-17T12:46:44.858+0000] {taskinstance.py:1206} INFO - Marking task as SUCCESS. dag_id=youtube_english_video_pipeline, task_id=build_long_video_2, run_id=scheduled__2026-08-11T12:00:00+00:00, execution_date=20260811T120000, start_date=20260817T124335, end_date=20260817T124644
[2026-08-17T12:46:44.914+0000] {local_task_job_runner.py:243} INFO - Task exited with return code 0
[2026-08-17T12:46:45.150+0000] {taskinstance.py:3503} INFO - 0 downstream tasks scheduled from follow-on schedule check
[2026-08-17T12:46:45.156+0000] {local_task_job_runner.py:222} INFO - ::endgroup::
