[2026-08-11T02:52:25.197+0000] {local_task_job_runner.py:120} INFO - ::group::Pre task execution logs
[2026-08-11T02:52:25.251+0000] {taskinstance.py:2076} INFO - Dependencies all met for dep_context=non-requeueable deps ti=<TaskInstance: youtube_english_video_pipeline.upload_short_video_9 manual__2026-08-11T02:25:49.703167+00:00 [queued]>
[2026-08-11T02:52:25.272+0000] {taskinstance.py:2076} INFO - Dependencies all met for dep_context=requeueable deps ti=<TaskInstance: youtube_english_video_pipeline.upload_short_video_9 manual__2026-08-11T02:25:49.703167+00:00 [queued]>
[2026-08-11T02:52:25.277+0000] {taskinstance.py:2306} INFO - Starting attempt 1 of 3
[2026-08-11T02:52:25.295+0000] {taskinstance.py:2330} INFO - Executing <Task(PythonOperator): upload_short_video_9> on 2026-08-11 02:25:49.703167+00:00
[2026-08-11T02:52:25.302+0000] {standard_task_runner.py:64} INFO - Started process 9267 to run task
[2026-08-11T02:52:25.305+0000] {standard_task_runner.py:90} INFO - Running: ['airflow', 'tasks', 'run', 'youtube_english_video_pipeline', 'upload_short_video_9', 'manual__2026-08-11T02:25:49.703167+00:00', '--job-id', '676', '--raw', '--subdir', 'DAGS_FOLDER/youtube_pipeline.py', '--cfg-path', '/tmp/tmpxmxjfv19']
[2026-08-11T02:52:25.312+0000] {standard_task_runner.py:91} INFO - Job 676: Subtask upload_short_video_9
[2026-08-11T02:52:25.393+0000] {task_command.py:426} INFO - Running <TaskInstance: youtube_english_video_pipeline.upload_short_video_9 manual__2026-08-11T02:25:49.703167+00:00 [running]> on host cc859d74cf38
[2026-08-11T02:52:25.689+0000] {taskinstance.py:2648} INFO - Exporting env vars: AIRFLOW_CTX_DAG_OWNER='taky' AIRFLOW_CTX_DAG_ID='youtube_english_video_pipeline' AIRFLOW_CTX_TASK_ID='upload_short_video_9' AIRFLOW_CTX_EXECUTION_DATE='2026-08-11T02:25:49.703167+00:00' AIRFLOW_CTX_TRY_NUMBER='1' AIRFLOW_CTX_DAG_RUN_ID='manual__2026-08-11T02:25:49.703167+00:00'
[2026-08-11T02:52:25.690+0000] {taskinstance.py:430} INFO - ::endgroup::
[2026-08-11T02:52:26.394+0000] {__init__.py:49} INFO - file_cache is only supported with oauth2client<4.0.0
[2026-08-11T02:52:26.412+0000] {logging_mixin.py:188} INFO - 2026-08-11 02:52:26,412 | INFO     | uploader.youtube_uploader | Uploading video 'Daily English Phrase | Shopping English' (/opt/airflow/output/videos/short_1600.mp4) to YouTube...
[2026-08-11T02:52:28.751+0000] {logging_mixin.py:188} INFO - 2026-08-11 02:52:28,751 | INFO     | uploader.youtube_uploader | Upload complete. YouTube video id = jAEZqUPmSd0
[2026-08-11T02:52:28.763+0000] {python.py:237} INFO - Done. Returned value was: jAEZqUPmSd0
[2026-08-11T02:52:28.765+0000] {taskinstance.py:441} INFO - ::group::Post task execution logs
[2026-08-11T02:52:28.804+0000] {taskinstance.py:1206} INFO - Marking task as SUCCESS. dag_id=youtube_english_video_pipeline, task_id=upload_short_video_9, run_id=manual__2026-08-11T02:25:49.703167+00:00, execution_date=20260811T022549, start_date=20260811T025225, end_date=20260811T025228
[2026-08-11T02:52:28.863+0000] {local_task_job_runner.py:243} INFO - Task exited with return code 0
[2026-08-11T02:52:28.907+0000] {taskinstance.py:3503} INFO - 1 downstream tasks scheduled from follow-on schedule check
[2026-08-11T02:52:28.911+0000] {local_task_job_runner.py:222} INFO - ::endgroup::
