[2026-08-11T02:42:26.459+0000] {local_task_job_runner.py:120} INFO - ::group::Pre task execution logs
[2026-08-11T02:42:26.483+0000] {taskinstance.py:2076} INFO - Dependencies all met for dep_context=non-requeueable deps ti=<TaskInstance: youtube_english_video_pipeline.build_short_video_6 manual__2026-08-11T02:25:49.703167+00:00 [queued]>
[2026-08-11T02:42:26.490+0000] {taskinstance.py:2076} INFO - Dependencies all met for dep_context=requeueable deps ti=<TaskInstance: youtube_english_video_pipeline.build_short_video_6 manual__2026-08-11T02:25:49.703167+00:00 [queued]>
[2026-08-11T02:42:26.491+0000] {taskinstance.py:2306} INFO - Starting attempt 1 of 3
[2026-08-11T02:42:26.501+0000] {taskinstance.py:2330} INFO - Executing <Task(PythonOperator): build_short_video_6> on 2026-08-11 02:25:49.703167+00:00
[2026-08-11T02:42:26.505+0000] {standard_task_runner.py:64} INFO - Started process 98581 to run task
[2026-08-11T02:42:26.508+0000] {standard_task_runner.py:90} INFO - Running: ['airflow', 'tasks', 'run', 'youtube_english_video_pipeline', 'build_short_video_6', 'manual__2026-08-11T02:25:49.703167+00:00', '--job-id', '660', '--raw', '--subdir', 'DAGS_FOLDER/youtube_pipeline.py', '--cfg-path', '/tmp/tmp7u9hb0fb']
[2026-08-11T02:42:26.511+0000] {standard_task_runner.py:91} INFO - Job 660: Subtask build_short_video_6
[2026-08-11T02:42:26.572+0000] {task_command.py:426} INFO - Running <TaskInstance: youtube_english_video_pipeline.build_short_video_6 manual__2026-08-11T02:25:49.703167+00:00 [running]> on host cc859d74cf38
[2026-08-11T02:42:26.763+0000] {taskinstance.py:2648} INFO - Exporting env vars: AIRFLOW_CTX_DAG_OWNER='taky' AIRFLOW_CTX_DAG_ID='youtube_english_video_pipeline' AIRFLOW_CTX_TASK_ID='build_short_video_6' AIRFLOW_CTX_EXECUTION_DATE='2026-08-11T02:25:49.703167+00:00' AIRFLOW_CTX_TRY_NUMBER='1' AIRFLOW_CTX_DAG_RUN_ID='manual__2026-08-11T02:25:49.703167+00:00'
[2026-08-11T02:42:26.764+0000] {taskinstance.py:430} INFO - ::endgroup::
[2026-08-11T02:42:27.805+0000] {logging_mixin.py:188} INFO - 2026-08-11 02:42:27,805 | INFO     | planner.video_planner | Planned SHORT video: topic='Shopping English', phrases=1
[2026-08-11T02:42:28.181+0000] {logging_mixin.py:188} INFO - 2026-08-11 02:42:28,180 | INFO     | tts.edge_tts | Synthesized audio -> /opt/airflow/output/audio/phrase_1532.mp3
[2026-08-11T02:42:28.579+0000] {logging_mixin.py:188} INFO - 2026-08-11 02:42:28,578 | INFO     | tts.edge_tts | Synthesized audio -> /opt/airflow/output/audio/example_1532.mp3
[2026-08-11T02:42:29.265+0000] {logging_mixin.py:188} INFO - 2026-08-11 02:42:29,265 | INFO     | media.image_downloader | Downloaded background image for scene='boutique' -> /opt/airflow/output/images/short_1532.jpg
[2026-08-11T02:42:32.427+0000] {logging_mixin.py:188} INFO - 2026-08-11 02:42:32,427 | WARNING  | video.video_builder | BGM file not found at /opt/airflow/assets/bgm/short_bgm.mp3, rendering without background music
[2026-08-11T02:42:33.982+0000] {logging_mixin.py:188} INFO - 2026-08-11 02:42:33,982 | INFO     | video.video_builder | Final video rendered -> /opt/airflow/output/videos/short_1532.mp4
[2026-08-11T02:42:39.676+0000] {python.py:237} INFO - Done. Returned value was: {'video_id': 182, 'file_path': '/opt/airflow/output/videos/short_1532.mp4', 'title': 'How to Ask to Try On Clothes in English! 🛍️ #Shorts', 'description': 'Learn essential Shopping English with Taky\'s Language School! 🛍️✨\n\nIn this short lesson, you\'ll learn how to use a super common shopping phrase: "Can I try this on?"\n\nExample:\n"This jacket looks nice, can I try this on?"\n\nUse this practical spoken English phrase next time you go clothes shopping!\n\nSubscribe to Taky\'s Language School for daily quick English tips, vocabulary, and everyday conversation skills!\n\n#LearnEnglish #ShoppingEnglish #EnglishPhrases #SpeakEnglish #ESL #Shorts', 'tags': ['learn english', 'shopping english', 'can i try this on', 'english phrases', 'spoken english', 'english vocabulary', "taky's language school", 'english for beginners', 'esl', 'english conversation'], 'video_type': 'short'}
[2026-08-11T02:42:39.678+0000] {taskinstance.py:441} INFO - ::group::Post task execution logs
[2026-08-11T02:42:39.703+0000] {taskinstance.py:1206} INFO - Marking task as SUCCESS. dag_id=youtube_english_video_pipeline, task_id=build_short_video_6, run_id=manual__2026-08-11T02:25:49.703167+00:00, execution_date=20260811T022549, start_date=20260811T024226, end_date=20260811T024239
[2026-08-11T02:42:39.768+0000] {local_task_job_runner.py:243} INFO - Task exited with return code 0
[2026-08-11T02:42:39.972+0000] {taskinstance.py:3503} INFO - 1 downstream tasks scheduled from follow-on schedule check
[2026-08-11T02:42:39.977+0000] {local_task_job_runner.py:222} INFO - ::endgroup::
