[2026-09-21T11:28:03.529+0000] {local_task_job_runner.py:120} INFO - ::group::Pre task execution logs
[2026-09-21T11:28:03.580+0000] {taskinstance.py:2076} INFO - Dependencies all met for dep_context=non-requeueable deps ti=<TaskInstance: youtube_english_video_pipeline.upload_short_video_1 manual__2026-09-21T11:27:44.663296+00:00 [queued]>
[2026-09-21T11:28:03.591+0000] {taskinstance.py:2076} INFO - Dependencies all met for dep_context=requeueable deps ti=<TaskInstance: youtube_english_video_pipeline.upload_short_video_1 manual__2026-09-21T11:27:44.663296+00:00 [queued]>
[2026-09-21T11:28:03.593+0000] {taskinstance.py:2306} INFO - Starting attempt 1 of 3
[2026-09-21T11:28:03.613+0000] {taskinstance.py:2330} INFO - Executing <Task(PythonOperator): upload_short_video_1> on 2026-09-21 11:27:44.663296+00:00
[2026-09-21T11:28:03.620+0000] {standard_task_runner.py:64} INFO - Started process 500 to run task
[2026-09-21T11:28:03.625+0000] {standard_task_runner.py:90} INFO - Running: ['airflow', 'tasks', 'run', 'youtube_english_video_pipeline', 'upload_short_video_1', 'manual__2026-09-21T11:27:44.663296+00:00', '--job-id', '1439', '--raw', '--subdir', 'DAGS_FOLDER/youtube_pipeline.py', '--cfg-path', '/tmp/tmp1pt3euke']
[2026-09-21T11:28:03.630+0000] {standard_task_runner.py:91} INFO - Job 1439: Subtask upload_short_video_1
[2026-09-21T11:28:03.716+0000] {task_command.py:426} INFO - Running <TaskInstance: youtube_english_video_pipeline.upload_short_video_1 manual__2026-09-21T11:27:44.663296+00:00 [running]> on host 73b18333cdfe
[2026-09-21T11:28:04.067+0000] {taskinstance.py:2648} INFO - Exporting env vars: AIRFLOW_CTX_DAG_OWNER='taky' AIRFLOW_CTX_DAG_ID='youtube_english_video_pipeline' AIRFLOW_CTX_TASK_ID='upload_short_video_1' AIRFLOW_CTX_EXECUTION_DATE='2026-09-21T11:27:44.663296+00:00' AIRFLOW_CTX_TRY_NUMBER='1' AIRFLOW_CTX_DAG_RUN_ID='manual__2026-09-21T11:27:44.663296+00:00'
[2026-09-21T11:28:04.069+0000] {taskinstance.py:430} INFO - ::endgroup::
[2026-09-21T11:28:04.741+0000] {__init__.py:49} INFO - file_cache is only supported with oauth2client<4.0.0
[2026-09-21T11:28:04.766+0000] {logging_mixin.py:188} INFO - 2026-09-21 11:28:04,765 | INFO     | uploader.youtube_uploader | Uploading video 'General English: How to ask for the start time like a pro' (/opt/airflow/output/videos/short_3508.mp4) to YouTube...
[2026-09-21T11:28:07.516+0000] {logging_mixin.py:188} INFO - 2026-09-21 11:28:07,516 | INFO     | uploader.youtube_uploader | Upload complete. YouTube video id = YSdQZmGamOw
[2026-09-21T11:28:07.545+0000] {python.py:237} INFO - Done. Returned value was: YSdQZmGamOw
[2026-09-21T11:28:07.545+0000] {taskinstance.py:441} INFO - ::group::Post task execution logs
[2026-09-21T11:28:07.584+0000] {taskinstance.py:1206} INFO - Marking task as SUCCESS. dag_id=youtube_english_video_pipeline, task_id=upload_short_video_1, run_id=manual__2026-09-21T11:27:44.663296+00:00, execution_date=20260921T112744, start_date=20260921T112803, end_date=20260921T112807
[2026-09-21T11:28:07.622+0000] {local_task_job_runner.py:243} INFO - Task exited with return code 0
[2026-09-21T11:28:07.858+0000] {taskinstance.py:3503} INFO - 1 downstream tasks scheduled from follow-on schedule check
[2026-09-21T11:28:07.873+0000] {local_task_job_runner.py:222} INFO - ::endgroup::
