[2026-07-29T12:32:48.133+0000] {local_task_job_runner.py:120} INFO - ::group::Pre task execution logs
[2026-07-29T12:32:48.176+0000] {taskinstance.py:2076} INFO - Dependencies all met for dep_context=non-requeueable deps ti=<TaskInstance: youtube_english_video_pipeline.upload_short_video_2 scheduled__2026-07-28T12:00:00+00:00 [queued]>
[2026-07-29T12:32:48.187+0000] {taskinstance.py:2076} INFO - Dependencies all met for dep_context=requeueable deps ti=<TaskInstance: youtube_english_video_pipeline.upload_short_video_2 scheduled__2026-07-28T12:00:00+00:00 [queued]>
[2026-07-29T12:32:48.190+0000] {taskinstance.py:2306} INFO - Starting attempt 1 of 3
[2026-07-29T12:32:48.209+0000] {taskinstance.py:2330} INFO - Executing <Task(PythonOperator): upload_short_video_2> on 2026-07-28 12:00:00+00:00
[2026-07-29T12:32:48.217+0000] {standard_task_runner.py:64} INFO - Started process 43639 to run task
[2026-07-29T12:32:48.221+0000] {standard_task_runner.py:90} INFO - Running: ['airflow', 'tasks', 'run', 'youtube_english_video_pipeline', 'upload_short_video_2', 'scheduled__2026-07-28T12:00:00+00:00', '--job-id', '544', '--raw', '--subdir', 'DAGS_FOLDER/youtube_pipeline.py', '--cfg-path', '/tmp/tmpqhix48b4']
[2026-07-29T12:32:48.226+0000] {standard_task_runner.py:91} INFO - Job 544: Subtask upload_short_video_2
[2026-07-29T12:32:48.321+0000] {task_command.py:426} INFO - Running <TaskInstance: youtube_english_video_pipeline.upload_short_video_2 scheduled__2026-07-28T12:00:00+00:00 [running]> on host cc859d74cf38
[2026-07-29T12:32:48.568+0000] {taskinstance.py:2648} INFO - Exporting env vars: AIRFLOW_CTX_DAG_OWNER='taky' AIRFLOW_CTX_DAG_ID='youtube_english_video_pipeline' AIRFLOW_CTX_TASK_ID='upload_short_video_2' AIRFLOW_CTX_EXECUTION_DATE='2026-07-28T12:00:00+00:00' AIRFLOW_CTX_TRY_NUMBER='1' AIRFLOW_CTX_DAG_RUN_ID='scheduled__2026-07-28T12:00:00+00:00'
[2026-07-29T12:32:48.569+0000] {taskinstance.py:430} INFO - ::endgroup::
[2026-07-29T12:32:49.118+0000] {__init__.py:49} INFO - file_cache is only supported with oauth2client<4.0.0
[2026-07-29T12:32:49.137+0000] {logging_mixin.py:188} INFO - 2026-07-29 12:32:49,136 | INFO     | uploader.youtube_uploader | Uploading video 'Shopping English: Ask for a Different Size! 🛍️ #Shorts' (/opt/airflow/output/videos/short_1266.mp4) to YouTube...
[2026-07-29T12:32:52.107+0000] {logging_mixin.py:188} INFO - 2026-07-29 12:32:52,107 | INFO     | uploader.youtube_uploader | Upload complete. YouTube video id = B2D-q43EMZA
[2026-07-29T12:32:52.125+0000] {python.py:237} INFO - Done. Returned value was: B2D-q43EMZA
[2026-07-29T12:32:52.131+0000] {taskinstance.py:441} INFO - ::group::Post task execution logs
[2026-07-29T12:32:52.173+0000] {taskinstance.py:1206} INFO - Marking task as SUCCESS. dag_id=youtube_english_video_pipeline, task_id=upload_short_video_2, run_id=scheduled__2026-07-28T12:00:00+00:00, execution_date=20260728T120000, start_date=20260729T123248, end_date=20260729T123252
[2026-07-29T12:32:52.212+0000] {local_task_job_runner.py:243} INFO - Task exited with return code 0
[2026-07-29T12:32:52.405+0000] {taskinstance.py:3503} INFO - 1 downstream tasks scheduled from follow-on schedule check
[2026-07-29T12:32:52.411+0000] {local_task_job_runner.py:222} INFO - ::endgroup::
