[2026-08-18T23:59:42.964+0000] {local_task_job_runner.py:120} INFO - ::group::Pre task execution logs
[2026-08-18T23:59:42.998+0000] {taskinstance.py:2076} INFO - Dependencies all met for dep_context=non-requeueable deps ti=<TaskInstance: youtube_english_video_pipeline.build_long_video_2 scheduled__2026-08-17T12:00:00+00:00 [queued]>
[2026-08-18T23:59:43.007+0000] {taskinstance.py:2076} INFO - Dependencies all met for dep_context=requeueable deps ti=<TaskInstance: youtube_english_video_pipeline.build_long_video_2 scheduled__2026-08-17T12:00:00+00:00 [queued]>
[2026-08-18T23:59:43.009+0000] {taskinstance.py:2306} INFO - Starting attempt 1 of 3
[2026-08-18T23:59:43.023+0000] {taskinstance.py:2330} INFO - Executing <Task(PythonOperator): build_long_video_2> on 2026-08-17 12:00:00+00:00
[2026-08-18T23:59:43.029+0000] {standard_task_runner.py:64} INFO - Started process 22371 to run task
[2026-08-18T23:59:43.033+0000] {standard_task_runner.py:90} INFO - Running: ['airflow', 'tasks', 'run', 'youtube_english_video_pipeline', 'build_long_video_2', 'scheduled__2026-08-17T12:00:00+00:00', '--job-id', '780', '--raw', '--subdir', 'DAGS_FOLDER/youtube_pipeline.py', '--cfg-path', '/tmp/tmpp68eca76']
[2026-08-18T23:59:43.036+0000] {standard_task_runner.py:91} INFO - Job 780: Subtask build_long_video_2
[2026-08-18T23:59:43.136+0000] {task_command.py:426} INFO - Running <TaskInstance: youtube_english_video_pipeline.build_long_video_2 scheduled__2026-08-17T12:00:00+00:00 [running]> on host cc859d74cf38
[2026-08-18T23:59:43.366+0000] {taskinstance.py:2648} INFO - Exporting env vars: AIRFLOW_CTX_DAG_OWNER='taky' AIRFLOW_CTX_DAG_ID='youtube_english_video_pipeline' AIRFLOW_CTX_TASK_ID='build_long_video_2' AIRFLOW_CTX_EXECUTION_DATE='2026-08-17T12:00:00+00:00' AIRFLOW_CTX_TRY_NUMBER='1' AIRFLOW_CTX_DAG_RUN_ID='scheduled__2026-08-17T12:00:00+00:00'
[2026-08-18T23:59:43.367+0000] {taskinstance.py:430} INFO - ::endgroup::
[2026-08-18T23:59:44.431+0000] {logging_mixin.py:188} INFO - 2026-08-18 23:59:44,431 | INFO     | planner.video_planner | Planned LONG video: topic='Business English', phrases=15
[2026-08-18T23:59:44.733+0000] {logging_mixin.py:188} INFO - 2026-08-18 23:59:44,732 | INFO     | tts.edge_tts | Synthesized audio -> /opt/airflow/output/audio/phrase_1968.mp3
[2026-08-18T23:59:45.078+0000] {logging_mixin.py:188} INFO - 2026-08-18 23:59:45,078 | INFO     | tts.edge_tts | Synthesized audio -> /opt/airflow/output/audio/example_1968.mp3
[2026-08-18T23:59:45.303+0000] {logging_mixin.py:188} INFO - 2026-08-18 23:59:45,303 | INFO     | media.image_downloader | Downloaded background image for scene='office' -> /opt/airflow/output/images/long_1968.jpg
[2026-08-18T23:59:49.688+0000] {logging_mixin.py:188} INFO - 2026-08-18 23:59:49,688 | INFO     | tts.edge_tts | Synthesized audio -> /opt/airflow/output/audio/phrase_1974.mp3
[2026-08-18T23:59:50.063+0000] {logging_mixin.py:188} INFO - 2026-08-18 23:59:50,063 | INFO     | tts.edge_tts | Synthesized audio -> /opt/airflow/output/audio/example_1974.mp3
[2026-08-18T23:59:50.238+0000] {logging_mixin.py:188} INFO - 2026-08-18 23:59:50,237 | INFO     | media.image_downloader | Downloaded background image for scene='meeting' -> /opt/airflow/output/images/long_1974.jpg
[2026-08-18T23:59:54.564+0000] {logging_mixin.py:188} INFO - 2026-08-18 23:59:54,564 | INFO     | tts.edge_tts | Synthesized audio -> /opt/airflow/output/audio/phrase_1980.mp3
[2026-08-18T23:59:55.007+0000] {logging_mixin.py:188} INFO - 2026-08-18 23:59:55,007 | INFO     | tts.edge_tts | Synthesized audio -> /opt/airflow/output/audio/example_1980.mp3
[2026-08-18T23:59:55.294+0000] {logging_mixin.py:188} INFO - 2026-08-18 23:59:55,294 | INFO     | media.image_downloader | Downloaded background image for scene='boardroom' -> /opt/airflow/output/images/long_1980.jpg
[2026-08-18T23:59:59.245+0000] {logging_mixin.py:188} INFO - 2026-08-18 23:59:59,245 | INFO     | tts.edge_tts | Synthesized audio -> /opt/airflow/output/audio/phrase_1984.mp3
[2026-08-18T23:59:59.719+0000] {logging_mixin.py:188} INFO - 2026-08-18 23:59:59,719 | INFO     | tts.edge_tts | Synthesized audio -> /opt/airflow/output/audio/example_1984.mp3
[2026-08-19T00:00:00.423+0000] {logging_mixin.py:188} INFO - 2026-08-19 00:00:00,423 | INFO     | media.image_downloader | Downloaded background image for scene='laptop' -> /opt/airflow/output/images/long_1984.jpg
[2026-08-19T00:00:04.465+0000] {logging_mixin.py:188} INFO - 2026-08-19 00:00:04,465 | INFO     | tts.edge_tts | Synthesized audio -> /opt/airflow/output/audio/phrase_1988.mp3
[2026-08-19T00:00:04.952+0000] {logging_mixin.py:188} INFO - 2026-08-19 00:00:04,952 | INFO     | tts.edge_tts | Synthesized audio -> /opt/airflow/output/audio/example_1988.mp3
[2026-08-19T00:00:05.136+0000] {logging_mixin.py:188} INFO - 2026-08-19 00:00:05,136 | INFO     | media.image_downloader | Downloaded background image for scene='office' -> /opt/airflow/output/images/long_1988.jpg
[2026-08-19T00:00:09.778+0000] {logging_mixin.py:188} INFO - 2026-08-19 00:00:09,778 | INFO     | tts.edge_tts | Synthesized audio -> /opt/airflow/output/audio/phrase_2001.mp3
[2026-08-19T00:00:10.298+0000] {logging_mixin.py:188} INFO - 2026-08-19 00:00:10,298 | INFO     | tts.edge_tts | Synthesized audio -> /opt/airflow/output/audio/example_2001.mp3
[2026-08-19T00:00:10.479+0000] {logging_mixin.py:188} INFO - 2026-08-19 00:00:10,479 | INFO     | media.image_downloader | Downloaded background image for scene='office' -> /opt/airflow/output/images/long_2001.jpg
[2026-08-19T00:00:14.959+0000] {logging_mixin.py:188} INFO - 2026-08-19 00:00:14,959 | INFO     | tts.edge_tts | Synthesized audio -> /opt/airflow/output/audio/phrase_2005.mp3
[2026-08-19T00:00:15.389+0000] {logging_mixin.py:188} INFO - 2026-08-19 00:00:15,389 | INFO     | tts.edge_tts | Synthesized audio -> /opt/airflow/output/audio/example_2005.mp3
[2026-08-19T00:00:16.320+0000] {logging_mixin.py:188} INFO - 2026-08-19 00:00:16,320 | INFO     | media.image_downloader | Downloaded background image for scene='call' -> /opt/airflow/output/images/long_2005.jpg
[2026-08-19T00:00:20.209+0000] {logging_mixin.py:188} INFO - 2026-08-19 00:00:20,209 | INFO     | tts.edge_tts | Synthesized audio -> /opt/airflow/output/audio/phrase_2010.mp3
[2026-08-19T00:00:20.648+0000] {logging_mixin.py:188} INFO - 2026-08-19 00:00:20,648 | INFO     | tts.edge_tts | Synthesized audio -> /opt/airflow/output/audio/example_2010.mp3
[2026-08-19T00:00:20.819+0000] {logging_mixin.py:188} INFO - 2026-08-19 00:00:20,819 | INFO     | media.image_downloader | Downloaded background image for scene='office' -> /opt/airflow/output/images/long_2010.jpg
[2026-08-19T00:00:25.279+0000] {logging_mixin.py:188} INFO - 2026-08-19 00:00:25,279 | INFO     | tts.edge_tts | Synthesized audio -> /opt/airflow/output/audio/phrase_2016.mp3
[2026-08-19T00:00:25.655+0000] {logging_mixin.py:188} INFO - 2026-08-19 00:00:25,655 | INFO     | tts.edge_tts | Synthesized audio -> /opt/airflow/output/audio/example_2016.mp3
[2026-08-19T00:00:25.888+0000] {logging_mixin.py:188} INFO - 2026-08-19 00:00:25,888 | INFO     | media.image_downloader | Downloaded background image for scene='office' -> /opt/airflow/output/images/long_2016.jpg
[2026-08-19T00:00:30.154+0000] {logging_mixin.py:188} INFO - 2026-08-19 00:00:30,154 | INFO     | tts.edge_tts | Synthesized audio -> /opt/airflow/output/audio/phrase_2023.mp3
[2026-08-19T00:00:30.508+0000] {logging_mixin.py:188} INFO - 2026-08-19 00:00:30,508 | INFO     | tts.edge_tts | Synthesized audio -> /opt/airflow/output/audio/example_2023.mp3
[2026-08-19T00:00:30.962+0000] {logging_mixin.py:188} INFO - 2026-08-19 00:00:30,962 | INFO     | media.image_downloader | Downloaded background image for scene='meeting' -> /opt/airflow/output/images/long_2023.jpg
[2026-08-19T00:00:35.093+0000] {logging_mixin.py:188} INFO - 2026-08-19 00:00:35,092 | INFO     | tts.edge_tts | Synthesized audio -> /opt/airflow/output/audio/phrase_2027.mp3
[2026-08-19T00:00:35.480+0000] {logging_mixin.py:188} INFO - 2026-08-19 00:00:35,480 | INFO     | tts.edge_tts | Synthesized audio -> /opt/airflow/output/audio/example_2027.mp3
[2026-08-19T00:00:35.817+0000] {logging_mixin.py:188} INFO - 2026-08-19 00:00:35,817 | INFO     | media.image_downloader | Downloaded background image for scene='reception' -> /opt/airflow/output/images/long_2027.jpg
[2026-08-19T00:00:40.023+0000] {logging_mixin.py:188} INFO - 2026-08-19 00:00:40,023 | INFO     | tts.edge_tts | Synthesized audio -> /opt/airflow/output/audio/phrase_2042.mp3
[2026-08-19T00:00:40.363+0000] {logging_mixin.py:188} INFO - 2026-08-19 00:00:40,363 | INFO     | tts.edge_tts | Synthesized audio -> /opt/airflow/output/audio/example_2042.mp3
[2026-08-19T00:00:40.549+0000] {logging_mixin.py:188} INFO - 2026-08-19 00:00:40,549 | INFO     | media.image_downloader | Downloaded background image for scene='office' -> /opt/airflow/output/images/long_2042.jpg
[2026-08-19T00:00:44.971+0000] {logging_mixin.py:188} INFO - 2026-08-19 00:00:44,970 | INFO     | tts.edge_tts | Synthesized audio -> /opt/airflow/output/audio/phrase_2052.mp3
[2026-08-19T00:00:45.325+0000] {logging_mixin.py:188} INFO - 2026-08-19 00:00:45,325 | INFO     | tts.edge_tts | Synthesized audio -> /opt/airflow/output/audio/example_2052.mp3
[2026-08-19T00:00:45.548+0000] {logging_mixin.py:188} INFO - 2026-08-19 00:00:45,548 | INFO     | media.image_downloader | Downloaded background image for scene='office' -> /opt/airflow/output/images/long_2052.jpg
[2026-08-19T00:00:49.698+0000] {logging_mixin.py:188} INFO - 2026-08-19 00:00:49,698 | INFO     | tts.edge_tts | Synthesized audio -> /opt/airflow/output/audio/phrase_2057.mp3
[2026-08-19T00:00:50.242+0000] {logging_mixin.py:188} INFO - 2026-08-19 00:00:50,242 | INFO     | tts.edge_tts | Synthesized audio -> /opt/airflow/output/audio/example_2057.mp3
[2026-08-19T00:00:50.706+0000] {logging_mixin.py:188} INFO - 2026-08-19 00:00:50,705 | INFO     | media.image_downloader | Downloaded background image for scene='office' -> /opt/airflow/output/images/long_2057.jpg
[2026-08-19T00:00:55.357+0000] {logging_mixin.py:188} INFO - 2026-08-19 00:00:55,357 | INFO     | tts.edge_tts | Synthesized audio -> /opt/airflow/output/audio/phrase_2059.mp3
[2026-08-19T00:00:55.745+0000] {logging_mixin.py:188} INFO - 2026-08-19 00:00:55,745 | INFO     | tts.edge_tts | Synthesized audio -> /opt/airflow/output/audio/example_2059.mp3
[2026-08-19T00:00:56.440+0000] {logging_mixin.py:188} INFO - 2026-08-19 00:00:56,439 | INFO     | media.image_downloader | Downloaded background image for scene='workplace' -> /opt/airflow/output/images/long_2059.jpg
[2026-08-19T00:01:01.402+0000] {logging_mixin.py:188} INFO - 2026-08-19 00:01:01,402 | WARNING  | video.video_builder | BGM file not found at /opt/airflow/assets/bgm/long_bgm.mp3, rendering without background music
[2026-08-19T00:01:26.786+0000] {logging_mixin.py:188} INFO - 2026-08-19 00:01:26,786 | INFO     | video.video_builder | Final video rendered -> /opt/airflow/output/videos/long_1968.mp4
[2026-08-19T00:01:36.276+0000] {logging_mixin.py:188} INFO - 2026-08-19 00:01:36,276 | INFO     | media.thumbnail_builder | Built thumbnail -> /opt/airflow/output/thumbnails/long_1968.jpg
[2026-08-19T00:01:36.415+0000] {python.py:237} INFO - Done. Returned value was: {'video_id': 227, 'file_path': '/opt/airflow/output/videos/long_1968.mp4', 'thumbnail_path': '/opt/airflow/output/thumbnails/long_1968.jpg', 'title': 'Master Everyday Business English: Key Phrases for Meetings & Office Talk', 'description': "Level up your professional communication with essential Business English phrases! In this lesson from Taky's Language School, you will learn natural phrases used in meetings, calls, and daily office conversations.\n\nMaster practical expressions like:\n- Let's touch base\n- Could you elaborate on that?\n- Let's wrap things up / Call it a day\n- I'll take care of it\n- Can we reschedule our meeting?\n\nPractice these real-world workplace examples to speak confidently and fluently at work. Subscribe to Taky's Language School for more practical English lessons!\n\n#BusinessEnglish #LearnEnglish #EnglishForWork #SpokenEnglish", 'tags': ['business english', 'learn business english', 'english for work', 'business english phrases', 'english speaking practice', 'office english', 'takys language school', 'professional english', 'meeting phrases in english', 'workplace english', 'english conversation practice', 'speak english fluently'], 'video_type': 'long'}
[2026-08-19T00:01:36.416+0000] {taskinstance.py:441} INFO - ::group::Post task execution logs
[2026-08-19T00:01:36.437+0000] {taskinstance.py:1206} INFO - Marking task as SUCCESS. dag_id=youtube_english_video_pipeline, task_id=build_long_video_2, run_id=scheduled__2026-08-17T12:00:00+00:00, execution_date=20260817T120000, start_date=20260818T235942, end_date=20260819T000136
[2026-08-19T00:01:36.472+0000] {local_task_job_runner.py:243} INFO - Task exited with return code 0
[2026-08-19T00:01:36.650+0000] {taskinstance.py:3503} INFO - 1 downstream tasks scheduled from follow-on schedule check
[2026-08-19T00:01:36.656+0000] {local_task_job_runner.py:222} INFO - ::endgroup::
