[2026-07-23T12:38:07.739+0000] {local_task_job_runner.py:120} INFO - ::group::Pre task execution logs
[2026-07-23T12:38:07.763+0000] {taskinstance.py:2076} INFO - Dependencies all met for dep_context=non-requeueable deps ti=<TaskInstance: youtube_english_video_pipeline.upload_short_video manual__2026-07-23T12:37:48.903095+00:00 [queued]>
[2026-07-23T12:38:07.769+0000] {taskinstance.py:2076} INFO - Dependencies all met for dep_context=requeueable deps ti=<TaskInstance: youtube_english_video_pipeline.upload_short_video manual__2026-07-23T12:37:48.903095+00:00 [queued]>
[2026-07-23T12:38:07.770+0000] {taskinstance.py:2306} INFO - Starting attempt 1 of 3
[2026-07-23T12:38:07.778+0000] {taskinstance.py:2330} INFO - Executing <Task(PythonOperator): upload_short_video> on 2026-07-23 12:37:48.903095+00:00
[2026-07-23T12:38:07.781+0000] {standard_task_runner.py:64} INFO - Started process 4380 to run task
[2026-07-23T12:38:07.784+0000] {standard_task_runner.py:90} INFO - Running: ['airflow', 'tasks', 'run', 'youtube_english_video_pipeline', 'upload_short_video', 'manual__2026-07-23T12:37:48.903095+00:00', '--job-id', '68', '--raw', '--subdir', 'DAGS_FOLDER/youtube_pipeline.py', '--cfg-path', '/tmp/tmp_qiglb83']
[2026-07-23T12:38:07.785+0000] {standard_task_runner.py:91} INFO - Job 68: Subtask upload_short_video
[2026-07-23T12:38:07.840+0000] {task_command.py:426} INFO - Running <TaskInstance: youtube_english_video_pipeline.upload_short_video manual__2026-07-23T12:37:48.903095+00:00 [running]> on host 78117f1d7858
[2026-07-23T12:38:08.022+0000] {taskinstance.py:2648} INFO - Exporting env vars: AIRFLOW_CTX_DAG_OWNER='taky' AIRFLOW_CTX_DAG_ID='youtube_english_video_pipeline' AIRFLOW_CTX_TASK_ID='upload_short_video' AIRFLOW_CTX_EXECUTION_DATE='2026-07-23T12:37:48.903095+00:00' AIRFLOW_CTX_TRY_NUMBER='1' AIRFLOW_CTX_DAG_RUN_ID='manual__2026-07-23T12:37:48.903095+00:00'
[2026-07-23T12:38:08.023+0000] {taskinstance.py:430} INFO - ::endgroup::
[2026-07-23T12:38:08.399+0000] {__init__.py:49} INFO - file_cache is only supported with oauth2client<4.0.0
[2026-07-23T12:38:08.405+0000] {logging_mixin.py:188} INFO - 2026-07-23 12:38:08,405 | INFO     | uploader.youtube_uploader | Uploading video 'Ask for Free Wi-Fi Like a Native Speaker! 📶 #Shorts' (/opt/airflow/output/videos/short_59.mp4) to YouTube...
[2026-07-23T12:38:11.213+0000] {logging_mixin.py:188} INFO - 2026-07-23 12:38:11,212 | INFO     | uploader.youtube_uploader | Upload complete. YouTube video id = Ez3QSjRBGiQ
[2026-07-23T12:38:11.235+0000] {python.py:237} INFO - Done. Returned value was: Ez3QSjRBGiQ
[2026-07-23T12:38:11.238+0000] {taskinstance.py:441} INFO - ::group::Post task execution logs
[2026-07-23T12:38:11.284+0000] {taskinstance.py:1206} INFO - Marking task as SUCCESS. dag_id=youtube_english_video_pipeline, task_id=upload_short_video, run_id=manual__2026-07-23T12:37:48.903095+00:00, execution_date=20260723T123748, start_date=20260723T123807, end_date=20260723T123811
[2026-07-23T12:38:11.329+0000] {local_task_job_runner.py:243} INFO - Task exited with return code 0
[2026-07-23T12:38:11.346+0000] {taskinstance.py:3503} INFO - 0 downstream tasks scheduled from follow-on schedule check
[2026-07-23T12:38:11.349+0000] {local_task_job_runner.py:222} INFO - ::endgroup::
