[2026-07-21T13:00:26.072+0000] {local_task_job_runner.py:120} INFO - ::group::Pre task execution logs
[2026-07-21T13:00:26.106+0000] {taskinstance.py:2076} INFO - Dependencies all met for dep_context=non-requeueable deps ti=<TaskInstance: youtube_english_video_pipeline.should_build_long_video manual__2026-07-21T13:00:21.173940+00:00 [queued]>
[2026-07-21T13:00:26.112+0000] {taskinstance.py:2076} INFO - Dependencies all met for dep_context=requeueable deps ti=<TaskInstance: youtube_english_video_pipeline.should_build_long_video manual__2026-07-21T13:00:21.173940+00:00 [queued]>
[2026-07-21T13:00:26.114+0000] {taskinstance.py:2306} INFO - Starting attempt 1 of 3
[2026-07-21T13:00:26.131+0000] {taskinstance.py:2330} INFO - Executing <Task(ShortCircuitOperator): should_build_long_video> on 2026-07-21 13:00:21.173940+00:00
[2026-07-21T13:00:26.136+0000] {standard_task_runner.py:64} INFO - Started process 246 to run task
[2026-07-21T13:00:26.140+0000] {standard_task_runner.py:90} INFO - Running: ['airflow', 'tasks', 'run', 'youtube_english_video_pipeline', 'should_build_long_video', 'manual__2026-07-21T13:00:21.173940+00:00', '--job-id', '24', '--raw', '--subdir', 'DAGS_FOLDER/youtube_pipeline.py', '--cfg-path', '/tmp/tmpwyk6_sqw']
[2026-07-21T13:00:26.143+0000] {standard_task_runner.py:91} INFO - Job 24: Subtask should_build_long_video
[2026-07-21T13:00:26.220+0000] {task_command.py:426} INFO - Running <TaskInstance: youtube_english_video_pipeline.should_build_long_video manual__2026-07-21T13:00:21.173940+00:00 [running]> on host 38df6585cc26
[2026-07-21T13:00:26.865+0000] {taskinstance.py:2648} INFO - Exporting env vars: AIRFLOW_CTX_DAG_OWNER='taky' AIRFLOW_CTX_DAG_ID='youtube_english_video_pipeline' AIRFLOW_CTX_TASK_ID='should_build_long_video' AIRFLOW_CTX_EXECUTION_DATE='2026-07-21T13:00:21.173940+00:00' AIRFLOW_CTX_TRY_NUMBER='1' AIRFLOW_CTX_DAG_RUN_ID='manual__2026-07-21T13:00:21.173940+00:00'
[2026-07-21T13:00:26.866+0000] {taskinstance.py:430} INFO - ::endgroup::
[2026-07-21T13:00:26.878+0000] {baseoperator.py:400} WARNING - ShortCircuitOperator.execute cannot be called outside TaskInstance!
[2026-07-21T13:00:26.878+0000] {python.py:237} INFO - Done. Returned value was: True
[2026-07-21T13:00:26.879+0000] {python.py:304} INFO - Condition result is True
[2026-07-21T13:00:26.880+0000] {python.py:307} INFO - Proceeding with downstream tasks...
[2026-07-21T13:00:26.880+0000] {taskinstance.py:441} INFO - ::group::Post task execution logs
[2026-07-21T13:00:26.929+0000] {taskinstance.py:1206} INFO - Marking task as SUCCESS. dag_id=youtube_english_video_pipeline, task_id=should_build_long_video, run_id=manual__2026-07-21T13:00:21.173940+00:00, execution_date=20260721T130021, start_date=20260721T130026, end_date=20260721T130026
[2026-07-21T13:00:26.955+0000] {local_task_job_runner.py:243} INFO - Task exited with return code 0
[2026-07-21T13:00:26.982+0000] {taskinstance.py:3503} INFO - 1 downstream tasks scheduled from follow-on schedule check
[2026-07-21T13:00:26.985+0000] {local_task_job_runner.py:222} INFO - ::endgroup::
