[2026-08-20T00:10:08.727+0000] {local_task_job_runner.py:120} INFO - ::group::Pre task execution logs
[2026-08-20T00:10:08.808+0000] {taskinstance.py:2076} INFO - Dependencies all met for dep_context=non-requeueable deps ti=<TaskInstance: youtube_english_video_pipeline.build_short_video_2 scheduled__2026-08-18T12:00:00+00:00 [queued]>
[2026-08-20T00:10:08.829+0000] {taskinstance.py:2076} INFO - Dependencies all met for dep_context=requeueable deps ti=<TaskInstance: youtube_english_video_pipeline.build_short_video_2 scheduled__2026-08-18T12:00:00+00:00 [queued]>
[2026-08-20T00:10:08.833+0000] {taskinstance.py:2306} INFO - Starting attempt 1 of 3
[2026-08-20T00:10:08.859+0000] {taskinstance.py:2330} INFO - Executing <Task(PythonOperator): build_short_video_2> on 2026-08-18 12:00:00+00:00
[2026-08-20T00:10:08.868+0000] {standard_task_runner.py:64} INFO - Started process 38634 to run task
[2026-08-20T00:10:08.876+0000] {standard_task_runner.py:90} INFO - Running: ['airflow', 'tasks', 'run', 'youtube_english_video_pipeline', 'build_short_video_2', 'scheduled__2026-08-18T12:00:00+00:00', '--job-id', '810', '--raw', '--subdir', 'DAGS_FOLDER/youtube_pipeline.py', '--cfg-path', '/tmp/tmp58uww4my']
[2026-08-20T00:10:08.880+0000] {standard_task_runner.py:91} INFO - Job 810: Subtask build_short_video_2
[2026-08-20T00:10:08.995+0000] {task_command.py:426} INFO - Running <TaskInstance: youtube_english_video_pipeline.build_short_video_2 scheduled__2026-08-18T12:00:00+00:00 [running]> on host cc859d74cf38
[2026-08-20T00:10:09.340+0000] {taskinstance.py:2648} INFO - Exporting env vars: AIRFLOW_CTX_DAG_OWNER='taky' AIRFLOW_CTX_DAG_ID='youtube_english_video_pipeline' AIRFLOW_CTX_TASK_ID='build_short_video_2' AIRFLOW_CTX_EXECUTION_DATE='2026-08-18T12:00:00+00:00' AIRFLOW_CTX_TRY_NUMBER='1' AIRFLOW_CTX_DAG_RUN_ID='scheduled__2026-08-18T12:00:00+00:00'
[2026-08-20T00:10:09.342+0000] {taskinstance.py:430} INFO - ::endgroup::
[2026-08-20T00:10:10.716+0000] {logging_mixin.py:188} INFO - 2026-08-20 00:10:10,716 | INFO     | planner.video_planner | Planned SHORT video: topic='Daily Conversation', phrases=1
[2026-08-20T00:10:11.064+0000] {logging_mixin.py:188} INFO - 2026-08-20 00:10:11,063 | INFO     | tts.edge_tts | Synthesized audio -> /opt/airflow/output/audio/phrase_2060.mp3
[2026-08-20T00:10:11.577+0000] {logging_mixin.py:188} INFO - 2026-08-20 00:10:11,576 | INFO     | tts.edge_tts | Synthesized audio -> /opt/airflow/output/audio/example_2060.mp3
[2026-08-20T00:10:12.285+0000] {logging_mixin.py:188} INFO - 2026-08-20 00:10:12,285 | INFO     | media.image_downloader | Downloaded background image for scene='taxi' -> /opt/airflow/output/images/short_2060.jpg
[2026-08-20T00:10:15.831+0000] {logging_mixin.py:188} INFO - 2026-08-20 00:10:15,831 | WARNING  | video.video_builder | BGM file not found at /opt/airflow/assets/bgm/short_bgm.mp3, rendering without background music
[2026-08-20T00:10:17.699+0000] {logging_mixin.py:188} INFO - 2026-08-20 00:10:17,699 | INFO     | video.video_builder | Final video rendered -> /opt/airflow/output/videos/short_2060.mp4
[2026-08-20T00:10:24.019+0000] {python.py:237} INFO - Done. Returned value was: {'video_id': 237, 'file_path': '/opt/airflow/output/videos/short_2060.mp4', 'title': 'Master Daily English: How to Use "Keep the Change" 🚕 #Shorts', 'description': 'Learn natural daily English conversation with Taky\'s Language School! 🚕\n\nIn this English Short, master the common spoken phrase: "Keep the change."\n\nExample sentence:\n"Here is twenty dollars for the fare, keep the change."\n\nUse this handy expression in taxis, restaurants, or coffee shops when you want to tip the driver or server and don\'t need small change back.\n\nSubscribe to Taky\'s Language School for quick, practical English speaking tips every day!\n\n#DailyEnglish #LearnEnglish #SpokenEnglish #EnglishPhrases #EnglishShorts #DailyConversation', 'tags': ['keep the change', 'daily english conversation', 'spoken english phrases', 'learn english', 'english for beginners', "taky's language school", 'english speaking practice', 'common english expressions', 'english shorts', 'practical english'], 'video_type': 'short'}
[2026-08-20T00:10:24.041+0000] {taskinstance.py:441} INFO - ::group::Post task execution logs
[2026-08-20T00:10:24.071+0000] {taskinstance.py:1206} INFO - Marking task as SUCCESS. dag_id=youtube_english_video_pipeline, task_id=build_short_video_2, run_id=scheduled__2026-08-18T12:00:00+00:00, execution_date=20260818T120000, start_date=20260820T001008, end_date=20260820T001024
[2026-08-20T00:10:24.149+0000] {local_task_job_runner.py:243} INFO - Task exited with return code 0
[2026-08-20T00:10:24.403+0000] {taskinstance.py:3503} INFO - 1 downstream tasks scheduled from follow-on schedule check
[2026-08-20T00:10:24.410+0000] {local_task_job_runner.py:222} INFO - ::endgroup::
