[2026-07-25T08:33:51.012+0000] {local_task_job_runner.py:120} INFO - ::group::Pre task execution logs
[2026-07-25T08:33:51.035+0000] {taskinstance.py:2076} INFO - Dependencies all met for dep_context=non-requeueable deps ti=<TaskInstance: youtube_english_video_pipeline.build_short_video_5 manual__2026-07-25T08:23:54.309173+00:00 [queued]>
[2026-07-25T08:33:51.041+0000] {taskinstance.py:2076} INFO - Dependencies all met for dep_context=requeueable deps ti=<TaskInstance: youtube_english_video_pipeline.build_short_video_5 manual__2026-07-25T08:23:54.309173+00:00 [queued]>
[2026-07-25T08:33:51.042+0000] {taskinstance.py:2306} INFO - Starting attempt 1 of 3
[2026-07-25T08:33:51.051+0000] {taskinstance.py:2330} INFO - Executing <Task(PythonOperator): build_short_video_5> on 2026-07-25 08:23:54.309173+00:00
[2026-07-25T08:33:51.054+0000] {standard_task_runner.py:64} INFO - Started process 21088 to run task
[2026-07-25T08:33:51.056+0000] {standard_task_runner.py:90} INFO - Running: ['airflow', 'tasks', 'run', 'youtube_english_video_pipeline', 'build_short_video_5', 'manual__2026-07-25T08:23:54.309173+00:00', '--job-id', '256', '--raw', '--subdir', 'DAGS_FOLDER/youtube_pipeline.py', '--cfg-path', '/tmp/tmpgkytn8lc']
[2026-07-25T08:33:51.058+0000] {standard_task_runner.py:91} INFO - Job 256: Subtask build_short_video_5
[2026-07-25T08:33:51.116+0000] {task_command.py:426} INFO - Running <TaskInstance: youtube_english_video_pipeline.build_short_video_5 manual__2026-07-25T08:23:54.309173+00:00 [running]> on host ce8e21912c19
[2026-07-25T08:33:51.282+0000] {taskinstance.py:2648} INFO - Exporting env vars: AIRFLOW_CTX_DAG_OWNER='taky' AIRFLOW_CTX_DAG_ID='youtube_english_video_pipeline' AIRFLOW_CTX_TASK_ID='build_short_video_5' AIRFLOW_CTX_EXECUTION_DATE='2026-07-25T08:23:54.309173+00:00' AIRFLOW_CTX_TRY_NUMBER='1' AIRFLOW_CTX_DAG_RUN_ID='manual__2026-07-25T08:23:54.309173+00:00'
[2026-07-25T08:33:51.282+0000] {taskinstance.py:430} INFO - ::endgroup::
[2026-07-25T08:33:51.794+0000] {logging_mixin.py:188} INFO - 2026-07-25 08:33:51,794 | INFO     | planner.video_planner | Planned SHORT video: topic='Hotel English', phrases=1
[2026-07-25T08:33:51.985+0000] {logging_mixin.py:188} INFO - 2026-07-25 08:33:51,985 | INFO     | tts.edge_tts | Synthesized audio -> /opt/airflow/output/audio/phrase_239.mp3
[2026-07-25T08:33:52.331+0000] {logging_mixin.py:188} INFO - 2026-07-25 08:33:52,330 | INFO     | tts.edge_tts | Synthesized audio -> /opt/airflow/output/audio/example_239.mp3
[2026-07-25T08:33:52.511+0000] {logging_mixin.py:188} INFO - 2026-07-25 08:33:52,511 | INFO     | media.image_downloader | Downloaded background image for scene='hotel' -> /opt/airflow/output/images/short_239.jpg
[2026-07-25T08:33:55.254+0000] {logging_mixin.py:188} INFO - 2026-07-25 08:33:55,254 | WARNING  | video.video_builder | BGM file not found at /opt/airflow/assets/bgm/short_bgm.mp3, rendering without background music
[2026-07-25T08:33:56.899+0000] {logging_mixin.py:188} INFO - 2026-07-25 08:33:56,898 | INFO     | video.video_builder | Final video rendered -> /opt/airflow/output/videos/short_239.mp4
[2026-07-25T08:34:02.495+0000] {python.py:237} INFO - Done. Returned value was: {'video_id': 41, 'file_path': '/opt/airflow/output/videos/short_239.mp4', 'title': 'Essential Hotel English: How to Check In! 🏨 #Shorts', 'description': 'Checking into a hotel in English? Master this essential phrase with Taky\'s Language School!\n\nKey Phrase:\n"Hello, I\'d like to check in, please. My name is John Smith."\n\nLearn practical spoken English for travel and everyday conversations. Subscribe to Taky\'s Language School for quick daily English tips!\n\n#HotelEnglish #LearnEnglish #EnglishPhrases #SpeakEnglish #Shorts #TravelEnglish', 'tags': ['hotel english', 'how to check in hotel english', 'learn english', 'english phrases', 'spoken english', 'travel english', 'takys language school', 'english for beginners', 'english speaking practice', 'shorts'], 'video_type': 'short'}
[2026-07-25T08:34:02.496+0000] {taskinstance.py:441} INFO - ::group::Post task execution logs
[2026-07-25T08:34:02.514+0000] {taskinstance.py:1206} INFO - Marking task as SUCCESS. dag_id=youtube_english_video_pipeline, task_id=build_short_video_5, run_id=manual__2026-07-25T08:23:54.309173+00:00, execution_date=20260725T082354, start_date=20260725T083351, end_date=20260725T083402
[2026-07-25T08:34:02.557+0000] {local_task_job_runner.py:243} INFO - Task exited with return code 0
[2026-07-25T08:34:02.731+0000] {taskinstance.py:3503} INFO - 1 downstream tasks scheduled from follow-on schedule check
[2026-07-25T08:34:02.743+0000] {local_task_job_runner.py:222} INFO - ::endgroup::
