[2026-08-17T13:12:14.086+0000] {local_task_job_runner.py:120} INFO - ::group::Pre task execution logs
[2026-08-17T13:12:14.149+0000] {taskinstance.py:2076} INFO - Dependencies all met for dep_context=non-requeueable deps ti=<TaskInstance: youtube_english_video_pipeline.upload_short_video_1 scheduled__2026-08-16T12:00:00+00:00 [queued]>
[2026-08-17T13:12:14.163+0000] {taskinstance.py:2076} INFO - Dependencies all met for dep_context=requeueable deps ti=<TaskInstance: youtube_english_video_pipeline.upload_short_video_1 scheduled__2026-08-16T12:00:00+00:00 [queued]>
[2026-08-17T13:12:14.165+0000] {taskinstance.py:2306} INFO - Starting attempt 1 of 3
[2026-08-17T13:12:14.185+0000] {taskinstance.py:2330} INFO - Executing <Task(PythonOperator): upload_short_video_1> on 2026-08-16 12:00:00+00:00
[2026-08-17T13:12:14.193+0000] {standard_task_runner.py:64} INFO - Started process 18516 to run task
[2026-08-17T13:12:14.199+0000] {standard_task_runner.py:90} INFO - Running: ['airflow', 'tasks', 'run', 'youtube_english_video_pipeline', 'upload_short_video_1', 'scheduled__2026-08-16T12:00:00+00:00', '--job-id', '768', '--raw', '--subdir', 'DAGS_FOLDER/youtube_pipeline.py', '--cfg-path', '/tmp/tmpwl2kh3f0']
[2026-08-17T13:12:14.204+0000] {standard_task_runner.py:91} INFO - Job 768: Subtask upload_short_video_1
[2026-08-17T13:12:14.351+0000] {task_command.py:426} INFO - Running <TaskInstance: youtube_english_video_pipeline.upload_short_video_1 scheduled__2026-08-16T12:00:00+00:00 [running]> on host cc859d74cf38
[2026-08-17T13:12:14.673+0000] {taskinstance.py:2648} INFO - Exporting env vars: AIRFLOW_CTX_DAG_OWNER='taky' AIRFLOW_CTX_DAG_ID='youtube_english_video_pipeline' AIRFLOW_CTX_TASK_ID='upload_short_video_1' AIRFLOW_CTX_EXECUTION_DATE='2026-08-16T12:00:00+00:00' AIRFLOW_CTX_TRY_NUMBER='1' AIRFLOW_CTX_DAG_RUN_ID='scheduled__2026-08-16T12:00:00+00:00'
[2026-08-17T13:12:14.675+0000] {taskinstance.py:430} INFO - ::endgroup::
[2026-08-17T13:12:15.236+0000] {__init__.py:49} INFO - file_cache is only supported with oauth2client<4.0.0
[2026-08-17T13:12:15.251+0000] {logging_mixin.py:188} INFO - 2026-08-17 13:12:15,250 | INFO     | uploader.youtube_uploader | Uploading video 'Daily English Phrase | Daily Conversation' (/opt/airflow/output/videos/short_1957.mp4) to YouTube...
[2026-08-17T13:12:18.746+0000] {logging_mixin.py:188} INFO - 2026-08-17 13:12:18,746 | INFO     | uploader.youtube_uploader | Upload complete. YouTube video id = 2GJ-SlXqNok
[2026-08-17T13:12:18.768+0000] {python.py:237} INFO - Done. Returned value was: 2GJ-SlXqNok
[2026-08-17T13:12:18.770+0000] {taskinstance.py:441} INFO - ::group::Post task execution logs
[2026-08-17T13:12:18.821+0000] {taskinstance.py:1206} INFO - Marking task as SUCCESS. dag_id=youtube_english_video_pipeline, task_id=upload_short_video_1, run_id=scheduled__2026-08-16T12:00:00+00:00, execution_date=20260816T120000, start_date=20260817T131214, end_date=20260817T131218
[2026-08-17T13:12:18.883+0000] {local_task_job_runner.py:243} INFO - Task exited with return code 0
[2026-08-17T13:12:19.167+0000] {taskinstance.py:3503} INFO - 1 downstream tasks scheduled from follow-on schedule check
[2026-08-17T13:12:19.174+0000] {local_task_job_runner.py:222} INFO - ::endgroup::
