[2026-07-25T12:25:58.801+0000] {local_task_job_runner.py:120} INFO - ::group::Pre task execution logs
[2026-07-25T12:25:58.834+0000] {taskinstance.py:2076} INFO - Dependencies all met for dep_context=non-requeueable deps ti=<TaskInstance: youtube_english_video_pipeline.upload_short_video_2 manual__2026-07-25T12:21:18.111929+00:00 [queued]>
[2026-07-25T12:25:58.842+0000] {taskinstance.py:2076} INFO - Dependencies all met for dep_context=requeueable deps ti=<TaskInstance: youtube_english_video_pipeline.upload_short_video_2 manual__2026-07-25T12:21:18.111929+00:00 [queued]>
[2026-07-25T12:25:58.844+0000] {taskinstance.py:2306} INFO - Starting attempt 1 of 3
[2026-07-25T12:25:58.860+0000] {taskinstance.py:2330} INFO - Executing <Task(PythonOperator): upload_short_video_2> on 2026-07-25 12:21:18.111929+00:00
[2026-07-25T12:25:58.865+0000] {standard_task_runner.py:64} INFO - Started process 9740 to run task
[2026-07-25T12:25:58.868+0000] {standard_task_runner.py:90} INFO - Running: ['airflow', 'tasks', 'run', 'youtube_english_video_pipeline', 'upload_short_video_2', 'manual__2026-07-25T12:21:18.111929+00:00', '--job-id', '328', '--raw', '--subdir', 'DAGS_FOLDER/youtube_pipeline.py', '--cfg-path', '/tmp/tmp8qwe51dy']
[2026-07-25T12:25:58.871+0000] {standard_task_runner.py:91} INFO - Job 328: Subtask upload_short_video_2
[2026-07-25T12:25:58.943+0000] {task_command.py:426} INFO - Running <TaskInstance: youtube_english_video_pipeline.upload_short_video_2 manual__2026-07-25T12:21:18.111929+00:00 [running]> on host cc859d74cf38
[2026-07-25T12:25:59.168+0000] {taskinstance.py:2648} INFO - Exporting env vars: AIRFLOW_CTX_DAG_OWNER='taky' AIRFLOW_CTX_DAG_ID='youtube_english_video_pipeline' AIRFLOW_CTX_TASK_ID='upload_short_video_2' AIRFLOW_CTX_EXECUTION_DATE='2026-07-25T12:21:18.111929+00:00' AIRFLOW_CTX_TRY_NUMBER='1' AIRFLOW_CTX_DAG_RUN_ID='manual__2026-07-25T12:21:18.111929+00:00'
[2026-07-25T12:25:59.169+0000] {taskinstance.py:430} INFO - ::endgroup::
[2026-07-25T12:25:59.362+0000] {__init__.py:49} INFO - file_cache is only supported with oauth2client<4.0.0
[2026-07-25T12:25:59.370+0000] {logging_mixin.py:188} INFO - 2026-07-25 12:25:59,370 | INFO     | uploader.youtube_uploader | Uploading video 'Daily English Phrase | Restaurant English' (/opt/airflow/output/videos/short_489.mp4) to YouTube...
[2026-07-25T12:26:02.121+0000] {logging_mixin.py:188} INFO - 2026-07-25 12:26:02,120 | INFO     | uploader.youtube_uploader | Upload complete. YouTube video id = upkja5tIrpE
[2026-07-25T12:26:02.144+0000] {python.py:237} INFO - Done. Returned value was: upkja5tIrpE
[2026-07-25T12:26:02.148+0000] {taskinstance.py:441} INFO - ::group::Post task execution logs
[2026-07-25T12:26:02.177+0000] {taskinstance.py:1206} INFO - Marking task as SUCCESS. dag_id=youtube_english_video_pipeline, task_id=upload_short_video_2, run_id=manual__2026-07-25T12:21:18.111929+00:00, execution_date=20260725T122118, start_date=20260725T122558, end_date=20260725T122602
[2026-07-25T12:26:02.226+0000] {local_task_job_runner.py:243} INFO - Task exited with return code 0
[2026-07-25T12:26:02.416+0000] {taskinstance.py:3503} INFO - 1 downstream tasks scheduled from follow-on schedule check
[2026-07-25T12:26:02.431+0000] {local_task_job_runner.py:222} INFO - ::endgroup::
