[2026-07-27T01:49:58.508+0000] {local_task_job_runner.py:120} INFO - ::group::Pre task execution logs
[2026-07-27T01:49:58.551+0000] {taskinstance.py:2076} INFO - Dependencies all met for dep_context=non-requeueable deps ti=<TaskInstance: youtube_english_video_pipeline.upload_long_video_7 scheduled__2026-07-25T12:00:00+00:00 [queued]>
[2026-07-27T01:49:58.563+0000] {taskinstance.py:2076} INFO - Dependencies all met for dep_context=requeueable deps ti=<TaskInstance: youtube_english_video_pipeline.upload_long_video_7 scheduled__2026-07-25T12:00:00+00:00 [queued]>
[2026-07-27T01:49:58.564+0000] {taskinstance.py:2306} INFO - Starting attempt 1 of 3
[2026-07-27T01:49:58.579+0000] {taskinstance.py:2330} INFO - Executing <Task(PythonOperator): upload_long_video_7> on 2026-07-25 12:00:00+00:00
[2026-07-27T01:49:58.584+0000] {standard_task_runner.py:64} INFO - Started process 50687 to run task
[2026-07-27T01:49:58.588+0000] {standard_task_runner.py:90} INFO - Running: ['airflow', 'tasks', 'run', 'youtube_english_video_pipeline', 'upload_long_video_7', 'scheduled__2026-07-25T12:00:00+00:00', '--job-id', '398', '--raw', '--subdir', 'DAGS_FOLDER/youtube_pipeline.py', '--cfg-path', '/tmp/tmp38t2h7t7']
[2026-07-27T01:49:58.590+0000] {standard_task_runner.py:91} INFO - Job 398: Subtask upload_long_video_7
[2026-07-27T01:49:58.681+0000] {task_command.py:426} INFO - Running <TaskInstance: youtube_english_video_pipeline.upload_long_video_7 scheduled__2026-07-25T12:00:00+00:00 [running]> on host cc859d74cf38
[2026-07-27T01:49:59.050+0000] {taskinstance.py:2648} INFO - Exporting env vars: AIRFLOW_CTX_DAG_OWNER='taky' AIRFLOW_CTX_DAG_ID='youtube_english_video_pipeline' AIRFLOW_CTX_TASK_ID='upload_long_video_7' AIRFLOW_CTX_EXECUTION_DATE='2026-07-25T12:00:00+00:00' AIRFLOW_CTX_TRY_NUMBER='1' AIRFLOW_CTX_DAG_RUN_ID='scheduled__2026-07-25T12:00:00+00:00'
[2026-07-27T01:49:59.052+0000] {taskinstance.py:430} INFO - ::endgroup::
[2026-07-27T01:49:59.885+0000] {__init__.py:49} INFO - file_cache is only supported with oauth2client<4.0.0
[2026-07-27T01:49:59.910+0000] {logging_mixin.py:188} INFO - 2026-07-27 01:49:59,910 | INFO     | uploader.youtube_uploader | Uploading video '18 Daily English Expressions | Restaurant English' (/opt/airflow/output/videos/long_687.mp4) to YouTube...
[2026-07-27T01:50:04.931+0000] {logging_mixin.py:188} INFO - 2026-07-27 01:50:04,931 | INFO     | uploader.youtube_uploader | Upload complete. YouTube video id = DqJJblx81ZE
[2026-07-27T01:50:08.537+0000] {logging_mixin.py:188} INFO - 2026-07-27 01:50:08,537 | INFO     | uploader.youtube_uploader | Custom thumbnail uploaded.
[2026-07-27T01:50:08.571+0000] {python.py:237} INFO - Done. Returned value was: DqJJblx81ZE
[2026-07-27T01:50:08.573+0000] {taskinstance.py:441} INFO - ::group::Post task execution logs
[2026-07-27T01:50:08.627+0000] {taskinstance.py:1206} INFO - Marking task as SUCCESS. dag_id=youtube_english_video_pipeline, task_id=upload_long_video_7, run_id=scheduled__2026-07-25T12:00:00+00:00, execution_date=20260725T120000, start_date=20260727T014958, end_date=20260727T015008
[2026-07-27T01:50:08.691+0000] {local_task_job_runner.py:243} INFO - Task exited with return code 0
[2026-07-27T01:50:08.914+0000] {taskinstance.py:3503} INFO - 0 downstream tasks scheduled from follow-on schedule check
[2026-07-27T01:50:08.922+0000] {local_task_job_runner.py:222} INFO - ::endgroup::
