[2026-08-10T11:53:34.107+0000] {local_task_job_runner.py:120} INFO - ::group::Pre task execution logs
[2026-08-10T11:53:34.147+0000] {taskinstance.py:2076} INFO - Dependencies all met for dep_context=non-requeueable deps ti=<TaskInstance: youtube_english_video_pipeline.build_short_video_1 manual__2026-08-10T11:49:17.004582+00:00 [queued]>
[2026-08-10T11:53:34.158+0000] {taskinstance.py:2076} INFO - Dependencies all met for dep_context=requeueable deps ti=<TaskInstance: youtube_english_video_pipeline.build_short_video_1 manual__2026-08-10T11:49:17.004582+00:00 [queued]>
[2026-08-10T11:53:34.162+0000] {taskinstance.py:2306} INFO - Starting attempt 1 of 3
[2026-08-10T11:53:34.181+0000] {taskinstance.py:2330} INFO - Executing <Task(PythonOperator): build_short_video_1> on 2026-08-10 11:49:17.004582+00:00
[2026-08-10T11:53:34.190+0000] {standard_task_runner.py:64} INFO - Started process 81230 to run task
[2026-08-10T11:53:34.193+0000] {standard_task_runner.py:90} INFO - Running: ['airflow', 'tasks', 'run', 'youtube_english_video_pipeline', 'build_short_video_1', 'manual__2026-08-10T11:49:17.004582+00:00', '--job-id', '625', '--raw', '--subdir', 'DAGS_FOLDER/youtube_pipeline.py', '--cfg-path', '/tmp/tmpyc9c_6d9']
[2026-08-10T11:53:34.201+0000] {standard_task_runner.py:91} INFO - Job 625: Subtask build_short_video_1
[2026-08-10T11:53:34.303+0000] {task_command.py:426} INFO - Running <TaskInstance: youtube_english_video_pipeline.build_short_video_1 manual__2026-08-10T11:49:17.004582+00:00 [running]> on host cc859d74cf38
[2026-08-10T11:53:34.660+0000] {taskinstance.py:2648} INFO - Exporting env vars: AIRFLOW_CTX_DAG_OWNER='taky' AIRFLOW_CTX_DAG_ID='youtube_english_video_pipeline' AIRFLOW_CTX_TASK_ID='build_short_video_1' AIRFLOW_CTX_EXECUTION_DATE='2026-08-10T11:49:17.004582+00:00' AIRFLOW_CTX_TRY_NUMBER='1' AIRFLOW_CTX_DAG_RUN_ID='manual__2026-08-10T11:49:17.004582+00:00'
[2026-08-10T11:53:34.667+0000] {taskinstance.py:430} INFO - ::endgroup::
[2026-08-10T11:53:38.145+0000] {logging_mixin.py:188} INFO - 2026-08-10 11:53:38,145 | INFO     | planner.video_planner | Planned SHORT video: topic='Travel English', phrases=1
[2026-08-10T11:53:38.887+0000] {logging_mixin.py:188} INFO - 2026-08-10 11:53:38,887 | INFO     | tts.edge_tts | Synthesized audio -> /opt/airflow/output/audio/phrase_1412.mp3
[2026-08-10T11:53:39.595+0000] {logging_mixin.py:188} INFO - 2026-08-10 11:53:39,595 | INFO     | tts.edge_tts | Synthesized audio -> /opt/airflow/output/audio/example_1412.mp3
[2026-08-10T11:53:39.965+0000] {logging_mixin.py:188} INFO - 2026-08-10 11:53:39,965 | INFO     | media.image_downloader | Downloaded background image for scene='street' -> /opt/airflow/output/images/short_1412.jpg
[2026-08-10T11:53:51.929+0000] {logging_mixin.py:188} INFO - 2026-08-10 11:53:51,928 | WARNING  | video.video_builder | BGM file not found at /opt/airflow/assets/bgm/short_bgm.mp3, rendering without background music
[2026-08-10T11:53:54.619+0000] {logging_mixin.py:188} INFO - 2026-08-10 11:53:54,619 | INFO     | video.video_builder | Final video rendered -> /opt/airflow/output/videos/short_1412.mp4
[2026-08-10T11:54:01.552+0000] {python.py:237} INFO - Done. Returned value was: {'video_id': 170, 'file_path': '/opt/airflow/output/videos/short_1412.mp4', 'title': 'Speak English While Traveling! "I\'m looking for..." ✈️ #Shorts', 'description': 'Learn useful Travel English with Taky\'s Language School! ✈️\n\nIn this short lesson, learn how to ask for help or directions using the phrase "I\'m looking for..."\n\nExample:\n"Excuse me, I\'m looking for the nearest subway station."\n\nUse this key English phrase next time you travel abroad to easily find hotels, landmarks, or transportation!\n\nSubscribe to Taky\'s Language School for daily English tips, practical spoken English, and essential vocabulary!\n\n#TravelEnglish #LearnEnglish #EnglishShorts #SpokenEnglish #TakysLanguageSchool', 'tags': ['travel english', 'learn english', 'takys language school', 'english for beginners', 'spoken english', 'ask for directions in english', 'english phrases for travel', 'english conversation', 'english shorts', 'travel english phrases'], 'video_type': 'short'}
[2026-08-10T11:54:01.555+0000] {taskinstance.py:441} INFO - ::group::Post task execution logs
[2026-08-10T11:54:01.599+0000] {taskinstance.py:1206} INFO - Marking task as SUCCESS. dag_id=youtube_english_video_pipeline, task_id=build_short_video_1, run_id=manual__2026-08-10T11:49:17.004582+00:00, execution_date=20260810T114917, start_date=20260810T115334, end_date=20260810T115401
[2026-08-10T11:54:01.700+0000] {local_task_job_runner.py:243} INFO - Task exited with return code 0
[2026-08-10T11:54:01.969+0000] {taskinstance.py:3503} INFO - 1 downstream tasks scheduled from follow-on schedule check
[2026-08-10T11:54:01.975+0000] {local_task_job_runner.py:222} INFO - ::endgroup::
