[2026-08-11T13:59:27.550+0000] {local_task_job_runner.py:120} INFO - ::group::Pre task execution logs
[2026-08-11T13:59:27.580+0000] {taskinstance.py:2076} INFO - Dependencies all met for dep_context=non-requeueable deps ti=<TaskInstance: youtube_english_video_pipeline.upload_short_video_7 scheduled__2026-08-10T12:00:00+00:00 [queued]>
[2026-08-11T13:59:27.591+0000] {taskinstance.py:2076} INFO - Dependencies all met for dep_context=requeueable deps ti=<TaskInstance: youtube_english_video_pipeline.upload_short_video_7 scheduled__2026-08-10T12:00:00+00:00 [queued]>
[2026-08-11T13:59:27.594+0000] {taskinstance.py:2306} INFO - Starting attempt 1 of 3
[2026-08-11T13:59:27.610+0000] {taskinstance.py:2330} INFO - Executing <Task(PythonOperator): upload_short_video_7> on 2026-08-10 12:00:00+00:00
[2026-08-11T13:59:27.618+0000] {standard_task_runner.py:64} INFO - Started process 34021 to run task
[2026-08-11T13:59:27.621+0000] {standard_task_runner.py:90} INFO - Running: ['airflow', 'tasks', 'run', 'youtube_english_video_pipeline', 'upload_short_video_7', 'scheduled__2026-08-10T12:00:00+00:00', '--job-id', '716', '--raw', '--subdir', 'DAGS_FOLDER/youtube_pipeline.py', '--cfg-path', '/tmp/tmp_40kjpy6']
[2026-08-11T13:59:27.623+0000] {standard_task_runner.py:91} INFO - Job 716: Subtask upload_short_video_7
[2026-08-11T13:59:27.687+0000] {task_command.py:426} INFO - Running <TaskInstance: youtube_english_video_pipeline.upload_short_video_7 scheduled__2026-08-10T12:00:00+00:00 [running]> on host cc859d74cf38
[2026-08-11T13:59:27.905+0000] {taskinstance.py:2648} INFO - Exporting env vars: AIRFLOW_CTX_DAG_OWNER='taky' AIRFLOW_CTX_DAG_ID='youtube_english_video_pipeline' AIRFLOW_CTX_TASK_ID='upload_short_video_7' AIRFLOW_CTX_EXECUTION_DATE='2026-08-10T12:00:00+00:00' AIRFLOW_CTX_TRY_NUMBER='1' AIRFLOW_CTX_DAG_RUN_ID='scheduled__2026-08-10T12:00:00+00:00'
[2026-08-11T13:59:27.910+0000] {taskinstance.py:430} INFO - ::endgroup::
[2026-08-11T13:59:28.463+0000] {__init__.py:49} INFO - file_cache is only supported with oauth2client<4.0.0
[2026-08-11T13:59:28.484+0000] {logging_mixin.py:188} INFO - 2026-08-11 13:59:28,483 | INFO     | uploader.youtube_uploader | Uploading video 'How to Use 'Mind If I Join You?' in English | Small Talk Phrase #Shorts' (/opt/airflow/output/videos/short_1687.mp4) to YouTube...
[2026-08-11T13:59:31.497+0000] {logging_mixin.py:188} INFO - 2026-08-11 13:59:31,497 | INFO     | uploader.youtube_uploader | Upload complete. YouTube video id = kfHrxOuEbHs
[2026-08-11T13:59:31.518+0000] {python.py:237} INFO - Done. Returned value was: kfHrxOuEbHs
[2026-08-11T13:59:31.520+0000] {taskinstance.py:441} INFO - ::group::Post task execution logs
[2026-08-11T13:59:31.557+0000] {taskinstance.py:1206} INFO - Marking task as SUCCESS. dag_id=youtube_english_video_pipeline, task_id=upload_short_video_7, run_id=scheduled__2026-08-10T12:00:00+00:00, execution_date=20260810T120000, start_date=20260811T135927, end_date=20260811T135931
[2026-08-11T13:59:31.615+0000] {local_task_job_runner.py:243} INFO - Task exited with return code 0
[2026-08-11T13:59:31.789+0000] {taskinstance.py:3503} INFO - 1 downstream tasks scheduled from follow-on schedule check
[2026-08-11T13:59:31.796+0000] {local_task_job_runner.py:222} INFO - ::endgroup::
