[2026-09-20T12:19:48.405+0000] {local_task_job_runner.py:120} INFO - ::group::Pre task execution logs
[2026-09-20T12:19:48.429+0000] {taskinstance.py:2076} INFO - Dependencies all met for dep_context=non-requeueable deps ti=<TaskInstance: youtube_english_video_pipeline.build_short_video_9 scheduled__2026-09-19T12:00:00+00:00 [queued]>
[2026-09-20T12:19:48.435+0000] {taskinstance.py:2076} INFO - Dependencies all met for dep_context=requeueable deps ti=<TaskInstance: youtube_english_video_pipeline.build_short_video_9 scheduled__2026-09-19T12:00:00+00:00 [queued]>
[2026-09-20T12:19:48.436+0000] {taskinstance.py:2306} INFO - Starting attempt 1 of 3
[2026-09-20T12:19:48.444+0000] {taskinstance.py:2330} INFO - Executing <Task(PythonOperator): build_short_video_9> on 2026-09-19 12:00:00+00:00
[2026-09-20T12:19:48.448+0000] {standard_task_runner.py:64} INFO - Started process 91586 to run task
[2026-09-20T12:19:48.450+0000] {standard_task_runner.py:90} INFO - Running: ['airflow', 'tasks', 'run', 'youtube_english_video_pipeline', 'build_short_video_9', 'scheduled__2026-09-19T12:00:00+00:00', '--job-id', '1403', '--raw', '--subdir', 'DAGS_FOLDER/youtube_pipeline.py', '--cfg-path', '/tmp/tmptnqcullr']
[2026-09-20T12:19:48.452+0000] {standard_task_runner.py:91} INFO - Job 1403: Subtask build_short_video_9
[2026-09-20T12:19:48.487+0000] {task_command.py:426} INFO - Running <TaskInstance: youtube_english_video_pipeline.build_short_video_9 scheduled__2026-09-19T12:00:00+00:00 [running]> on host 73b18333cdfe
[2026-09-20T12:19:48.636+0000] {taskinstance.py:2648} INFO - Exporting env vars: AIRFLOW_CTX_DAG_OWNER='taky' AIRFLOW_CTX_DAG_ID='youtube_english_video_pipeline' AIRFLOW_CTX_TASK_ID='build_short_video_9' AIRFLOW_CTX_EXECUTION_DATE='2026-09-19T12:00:00+00:00' AIRFLOW_CTX_TRY_NUMBER='1' AIRFLOW_CTX_DAG_RUN_ID='scheduled__2026-09-19T12:00:00+00:00'
[2026-09-20T12:19:48.637+0000] {taskinstance.py:430} INFO - ::endgroup::
[2026-09-20T12:19:48.985+0000] {logging_mixin.py:188} INFO - 2026-09-20 12:19:48,985 | INFO     | planner.video_planner | Planned SHORT video: topic='Daily English', phrases=1
[2026-09-20T12:19:49.194+0000] {logging_mixin.py:188} INFO - 2026-09-20 12:19:49,193 | INFO     | tts.edge_tts | Synthesized audio -> /opt/airflow/output/audio/phrase_3441.mp3
[2026-09-20T12:19:49.562+0000] {logging_mixin.py:188} INFO - 2026-09-20 12:19:49,562 | INFO     | tts.edge_tts | Synthesized audio -> /opt/airflow/output/audio/example_3441.mp3
[2026-09-20T12:19:50.139+0000] {logging_mixin.py:188} INFO - 2026-09-20 12:19:50,139 | INFO     | media.image_downloader | Downloaded background image for scene='home' -> /opt/airflow/output/images/short_3441.jpg
[2026-09-20T12:19:52.764+0000] {logging_mixin.py:188} INFO - 2026-09-20 12:19:52,764 | WARNING  | video.video_builder | BGM file not found at /opt/airflow/assets/bgm/short_bgm.mp3, rendering without background music
[2026-09-20T12:19:54.311+0000] {logging_mixin.py:188} INFO - 2026-09-20 12:19:54,311 | INFO     | video.video_builder | Final video rendered -> /opt/airflow/output/videos/short_3441.mp4
[2026-09-20T12:19:59.416+0000] {python.py:237} INFO - Done. Returned value was: {'video_id': 430, 'file_path': '/opt/airflow/output/videos/short_3441.mp4', 'title': "How to Ask for Help in English | Could You Give Me a Hand? | Taky's Language School", 'description': "Struggling to ask for help in English? In this quick lesson from Taky's Language School, you'll learn how to use the common and polite phrase, 'Could you give me a hand?' \n\nWe break down the meaning and show you a real-life example so you can start using it in your daily conversations today. Perfect for English learners who want to sound more natural and fluent!\n\nDon't forget to like, subscribe, and hit the bell icon for more daily English tips to improve your speaking skills.\n\n#EnglishTips #LearnEnglish #DailyEnglish #SpeakEnglish #TakyLanguageSchool #EnglishPhrases #ESL", 'tags': ['English learning', 'daily English', 'speak English', 'English phrases', "Taky's Language School", 'learn English fast', 'English for beginners', 'polite English', 'English conversation', 'ESL'], 'video_type': 'short'}
[2026-09-20T12:19:59.417+0000] {taskinstance.py:441} INFO - ::group::Post task execution logs
[2026-09-20T12:19:59.438+0000] {taskinstance.py:1206} INFO - Marking task as SUCCESS. dag_id=youtube_english_video_pipeline, task_id=build_short_video_9, run_id=scheduled__2026-09-19T12:00:00+00:00, execution_date=20260919T120000, start_date=20260920T121948, end_date=20260920T121959
[2026-09-20T12:19:59.480+0000] {local_task_job_runner.py:243} INFO - Task exited with return code 0
[2026-09-20T12:19:59.599+0000] {taskinstance.py:3503} INFO - 1 downstream tasks scheduled from follow-on schedule check
[2026-09-20T12:19:59.604+0000] {local_task_job_runner.py:222} INFO - ::endgroup::
