[2026-08-23T00:41:46.751+0000] {local_task_job_runner.py:120} INFO - ::group::Pre task execution logs
[2026-08-23T00:41:46.789+0000] {taskinstance.py:2076} INFO - Dependencies all met for dep_context=non-requeueable deps ti=<TaskInstance: youtube_english_video_pipeline.upload_short_video_1 scheduled__2026-08-21T12:00:00+00:00 [queued]>
[2026-08-23T00:41:46.799+0000] {taskinstance.py:2076} INFO - Dependencies all met for dep_context=requeueable deps ti=<TaskInstance: youtube_english_video_pipeline.upload_short_video_1 scheduled__2026-08-21T12:00:00+00:00 [queued]>
[2026-08-23T00:41:46.803+0000] {taskinstance.py:2306} INFO - Starting attempt 1 of 3
[2026-08-23T00:41:46.816+0000] {taskinstance.py:2330} INFO - Executing <Task(PythonOperator): upload_short_video_1> on 2026-08-21 12:00:00+00:00
[2026-08-23T00:41:46.825+0000] {standard_task_runner.py:64} INFO - Started process 88721 to run task
[2026-08-23T00:41:46.829+0000] {standard_task_runner.py:90} INFO - Running: ['airflow', 'tasks', 'run', 'youtube_english_video_pipeline', 'upload_short_video_1', 'scheduled__2026-08-21T12:00:00+00:00', '--job-id', '902', '--raw', '--subdir', 'DAGS_FOLDER/youtube_pipeline.py', '--cfg-path', '/tmp/tmp3bhh518g']
[2026-08-23T00:41:46.837+0000] {standard_task_runner.py:91} INFO - Job 902: Subtask upload_short_video_1
[2026-08-23T00:41:46.914+0000] {task_command.py:426} INFO - Running <TaskInstance: youtube_english_video_pipeline.upload_short_video_1 scheduled__2026-08-21T12:00:00+00:00 [running]> on host cc859d74cf38
[2026-08-23T00:41:47.144+0000] {taskinstance.py:2648} INFO - Exporting env vars: AIRFLOW_CTX_DAG_OWNER='taky' AIRFLOW_CTX_DAG_ID='youtube_english_video_pipeline' AIRFLOW_CTX_TASK_ID='upload_short_video_1' AIRFLOW_CTX_EXECUTION_DATE='2026-08-21T12:00:00+00:00' AIRFLOW_CTX_TRY_NUMBER='1' AIRFLOW_CTX_DAG_RUN_ID='scheduled__2026-08-21T12:00:00+00:00'
[2026-08-23T00:41:47.146+0000] {taskinstance.py:430} INFO - ::endgroup::
[2026-08-23T00:41:47.881+0000] {__init__.py:49} INFO - file_cache is only supported with oauth2client<4.0.0
[2026-08-23T00:41:47.906+0000] {logging_mixin.py:188} INFO - 2026-08-23 00:41:47,906 | INFO     | uploader.youtube_uploader | Uploading video 'Daily English Phrase | Daily Life' (/opt/airflow/output/videos/short_2355.mp4) to YouTube...
[2026-08-23T00:41:51.361+0000] {logging_mixin.py:188} INFO - 2026-08-23 00:41:51,361 | INFO     | uploader.youtube_uploader | Upload complete. YouTube video id = RMEhQ9RlDgw
[2026-08-23T00:41:51.374+0000] {python.py:237} INFO - Done. Returned value was: RMEhQ9RlDgw
[2026-08-23T00:41:51.375+0000] {taskinstance.py:441} INFO - ::group::Post task execution logs
[2026-08-23T00:41:51.400+0000] {taskinstance.py:1206} INFO - Marking task as SUCCESS. dag_id=youtube_english_video_pipeline, task_id=upload_short_video_1, run_id=scheduled__2026-08-21T12:00:00+00:00, execution_date=20260821T120000, start_date=20260823T004146, end_date=20260823T004151
[2026-08-23T00:41:51.465+0000] {local_task_job_runner.py:243} INFO - Task exited with return code 0
[2026-08-23T00:41:51.639+0000] {taskinstance.py:3503} INFO - 1 downstream tasks scheduled from follow-on schedule check
[2026-08-23T00:41:51.643+0000] {local_task_job_runner.py:222} INFO - ::endgroup::
