[2026-07-25T04:10:59.284+0000] {local_task_job_runner.py:120} INFO - ::group::Pre task execution logs
[2026-07-25T04:10:59.314+0000] {taskinstance.py:2076} INFO - Dependencies all met for dep_context=non-requeueable deps ti=<TaskInstance: youtube_english_video_pipeline.build_short_video manual__2026-07-25T04:10:57.627931+00:00 [queued]>
[2026-07-25T04:10:59.320+0000] {taskinstance.py:2076} INFO - Dependencies all met for dep_context=requeueable deps ti=<TaskInstance: youtube_english_video_pipeline.build_short_video manual__2026-07-25T04:10:57.627931+00:00 [queued]>
[2026-07-25T04:10:59.321+0000] {taskinstance.py:2306} INFO - Starting attempt 1 of 3
[2026-07-25T04:10:59.330+0000] {taskinstance.py:2330} INFO - Executing <Task(PythonOperator): build_short_video> on 2026-07-25 04:10:57.627931+00:00
[2026-07-25T04:10:59.335+0000] {standard_task_runner.py:64} INFO - Started process 211 to run task
[2026-07-25T04:10:59.337+0000] {standard_task_runner.py:90} INFO - Running: ['airflow', 'tasks', 'run', 'youtube_english_video_pipeline', 'build_short_video', 'manual__2026-07-25T04:10:57.627931+00:00', '--job-id', '155', '--raw', '--subdir', 'DAGS_FOLDER/youtube_pipeline.py', '--cfg-path', '/tmp/tmpm7uqw55q']
[2026-07-25T04:10:59.339+0000] {standard_task_runner.py:91} INFO - Job 155: Subtask build_short_video
[2026-07-25T04:10:59.408+0000] {task_command.py:426} INFO - Running <TaskInstance: youtube_english_video_pipeline.build_short_video manual__2026-07-25T04:10:57.627931+00:00 [running]> on host ce8e21912c19
[2026-07-25T04:10:59.596+0000] {taskinstance.py:2648} INFO - Exporting env vars: AIRFLOW_CTX_DAG_OWNER='taky' AIRFLOW_CTX_DAG_ID='youtube_english_video_pipeline' AIRFLOW_CTX_TASK_ID='build_short_video' AIRFLOW_CTX_EXECUTION_DATE='2026-07-25T04:10:57.627931+00:00' AIRFLOW_CTX_TRY_NUMBER='1' AIRFLOW_CTX_DAG_RUN_ID='manual__2026-07-25T04:10:57.627931+00:00'
[2026-07-25T04:10:59.598+0000] {taskinstance.py:430} INFO - ::endgroup::
[2026-07-25T04:11:00.097+0000] {taskinstance.py:441} INFO - ::group::Post task execution logs
[2026-07-25T04:11:00.099+0000] {taskinstance.py:2905} ERROR - Task failed with exception
Traceback (most recent call last):
  File "/home/airflow/.local/lib/python3.11/site-packages/airflow/models/taskinstance.py", line 465, in _execute_task
    result = _execute_callable(context=context, **execute_callable_kwargs)
             ^^^^^^^^^^^^^^^^^^^^^^^^^^^^^^^^^^^^^^^^^^^^^^^^^^^^^^^^^^^^^
  File "/home/airflow/.local/lib/python3.11/site-packages/airflow/models/taskinstance.py", line 432, in _execute_callable
    return execute_callable(context=context, **execute_callable_kwargs)
           ^^^^^^^^^^^^^^^^^^^^^^^^^^^^^^^^^^^^^^^^^^^^^^^^^^^^^^^^^^^^
  File "/home/airflow/.local/lib/python3.11/site-packages/airflow/models/baseoperator.py", line 401, in wrapper
    return func(self, *args, **kwargs)
           ^^^^^^^^^^^^^^^^^^^^^^^^^^^
  File "/home/airflow/.local/lib/python3.11/site-packages/airflow/operators/python.py", line 235, in execute
    return_value = self.execute_callable()
                   ^^^^^^^^^^^^^^^^^^^^^^^
  File "/home/airflow/.local/lib/python3.11/site-packages/airflow/operators/python.py", line 252, in execute_callable
    return self.python_callable(*self.op_args, **self.op_kwargs)
           ^^^^^^^^^^^^^^^^^^^^^^^^^^^^^^^^^^^^^^^^^^^^^^^^^^^^^
  File "/opt/airflow/dags/youtube_pipeline.py", line 62, in task_build_short_video
    from video.short_video import build_short_video
  File "/opt/airflow/src/video/short_video.py", line 17, in <module>
    from video.video_builder import Segment, VideoBuilder
  File "/opt/airflow/src/video/video_builder.py", line 84
    drawtext=fontfile='...':text='...':
            ^
SyntaxError: invalid syntax
[2026-07-25T04:11:00.118+0000] {taskinstance.py:1206} INFO - Marking task as UP_FOR_RETRY. dag_id=youtube_english_video_pipeline, task_id=build_short_video, run_id=manual__2026-07-25T04:10:57.627931+00:00, execution_date=20260725T041057, start_date=20260725T041059, end_date=20260725T041100
[2026-07-25T04:11:00.127+0000] {standard_task_runner.py:110} ERROR - Failed to execute job 155 for task build_short_video (invalid syntax (video_builder.py, line 84); 211)
[2026-07-25T04:11:00.152+0000] {local_task_job_runner.py:243} INFO - Task exited with return code 1
[2026-07-25T04:11:00.168+0000] {taskinstance.py:3503} INFO - 0 downstream tasks scheduled from follow-on schedule check
[2026-07-25T04:11:00.171+0000] {local_task_job_runner.py:222} INFO - ::endgroup::
