[2026-07-25T08:36:25.060+0000] {local_task_job_runner.py:120} INFO - ::group::Pre task execution logs
[2026-07-25T08:36:25.093+0000] {taskinstance.py:2076} INFO - Dependencies all met for dep_context=non-requeueable deps ti=<TaskInstance: youtube_english_video_pipeline.upload_short_video_6 manual__2026-07-25T08:23:54.309173+00:00 [queued]>
[2026-07-25T08:36:25.100+0000] {taskinstance.py:2076} INFO - Dependencies all met for dep_context=requeueable deps ti=<TaskInstance: youtube_english_video_pipeline.upload_short_video_6 manual__2026-07-25T08:23:54.309173+00:00 [queued]>
[2026-07-25T08:36:25.101+0000] {taskinstance.py:2306} INFO - Starting attempt 1 of 3
[2026-07-25T08:36:25.111+0000] {taskinstance.py:2330} INFO - Executing <Task(PythonOperator): upload_short_video_6> on 2026-07-25 08:23:54.309173+00:00
[2026-07-25T08:36:25.117+0000] {standard_task_runner.py:64} INFO - Started process 24144 to run task
[2026-07-25T08:36:25.119+0000] {standard_task_runner.py:90} INFO - Running: ['airflow', 'tasks', 'run', 'youtube_english_video_pipeline', 'upload_short_video_6', 'manual__2026-07-25T08:23:54.309173+00:00', '--job-id', '262', '--raw', '--subdir', 'DAGS_FOLDER/youtube_pipeline.py', '--cfg-path', '/tmp/tmpm6o3j8ut']
[2026-07-25T08:36:25.124+0000] {standard_task_runner.py:91} INFO - Job 262: Subtask upload_short_video_6
[2026-07-25T08:36:25.200+0000] {task_command.py:426} INFO - Running <TaskInstance: youtube_english_video_pipeline.upload_short_video_6 manual__2026-07-25T08:23:54.309173+00:00 [running]> on host ce8e21912c19
[2026-07-25T08:36:25.393+0000] {taskinstance.py:2648} INFO - Exporting env vars: AIRFLOW_CTX_DAG_OWNER='taky' AIRFLOW_CTX_DAG_ID='youtube_english_video_pipeline' AIRFLOW_CTX_TASK_ID='upload_short_video_6' AIRFLOW_CTX_EXECUTION_DATE='2026-07-25T08:23:54.309173+00:00' AIRFLOW_CTX_TRY_NUMBER='1' AIRFLOW_CTX_DAG_RUN_ID='manual__2026-07-25T08:23:54.309173+00:00'
[2026-07-25T08:36:25.394+0000] {taskinstance.py:430} INFO - ::endgroup::
[2026-07-25T08:36:25.725+0000] {__init__.py:49} INFO - file_cache is only supported with oauth2client<4.0.0
[2026-07-25T08:36:25.731+0000] {logging_mixin.py:188} INFO - 2026-07-25 08:36:25,731 | INFO     | uploader.youtube_uploader | Uploading video 'How to Ask for Your Boarding Gate in English! ✈️ Airport English #Shorts' (/opt/airflow/output/videos/short_241.mp4) to YouTube...
[2026-07-25T08:36:29.295+0000] {logging_mixin.py:188} INFO - 2026-07-25 08:36:29,295 | INFO     | uploader.youtube_uploader | Upload complete. YouTube video id = pj-_JD9XiXU
[2026-07-25T08:36:29.320+0000] {python.py:237} INFO - Done. Returned value was: pj-_JD9XiXU
[2026-07-25T08:36:29.322+0000] {taskinstance.py:441} INFO - ::group::Post task execution logs
[2026-07-25T08:36:29.340+0000] {taskinstance.py:1206} INFO - Marking task as SUCCESS. dag_id=youtube_english_video_pipeline, task_id=upload_short_video_6, run_id=manual__2026-07-25T08:23:54.309173+00:00, execution_date=20260725T082354, start_date=20260725T083625, end_date=20260725T083629
[2026-07-25T08:36:29.354+0000] {local_task_job_runner.py:243} INFO - Task exited with return code 0
[2026-07-25T08:36:29.375+0000] {taskinstance.py:3503} INFO - 1 downstream tasks scheduled from follow-on schedule check
[2026-07-25T08:36:29.377+0000] {local_task_job_runner.py:222} INFO - ::endgroup::
