[2026-08-22T06:49:53.094+0000] {local_task_job_runner.py:120} INFO - ::group::Pre task execution logs
[2026-08-22T06:49:53.145+0000] {taskinstance.py:2076} INFO - Dependencies all met for dep_context=non-requeueable deps ti=<TaskInstance: youtube_english_video_pipeline.upload_long_video_5 manual__2026-08-20T23:20:20.409177+00:00 [queued]>
[2026-08-22T06:49:53.155+0000] {taskinstance.py:2076} INFO - Dependencies all met for dep_context=requeueable deps ti=<TaskInstance: youtube_english_video_pipeline.upload_long_video_5 manual__2026-08-20T23:20:20.409177+00:00 [queued]>
[2026-08-22T06:49:53.157+0000] {taskinstance.py:2306} INFO - Starting attempt 1 of 3
[2026-08-22T06:49:53.172+0000] {taskinstance.py:2330} INFO - Executing <Task(PythonOperator): upload_long_video_5> on 2026-08-20 23:20:20.409177+00:00
[2026-08-22T06:49:53.179+0000] {standard_task_runner.py:64} INFO - Started process 67417 to run task
[2026-08-22T06:49:53.184+0000] {standard_task_runner.py:90} INFO - Running: ['airflow', 'tasks', 'run', 'youtube_english_video_pipeline', 'upload_long_video_5', 'manual__2026-08-20T23:20:20.409177+00:00', '--job-id', '861', '--raw', '--subdir', 'DAGS_FOLDER/youtube_pipeline.py', '--cfg-path', '/tmp/tmpg7wpbcsj']
[2026-08-22T06:49:53.188+0000] {standard_task_runner.py:91} INFO - Job 861: Subtask upload_long_video_5
[2026-08-22T06:49:53.297+0000] {task_command.py:426} INFO - Running <TaskInstance: youtube_english_video_pipeline.upload_long_video_5 manual__2026-08-20T23:20:20.409177+00:00 [running]> on host cc859d74cf38
[2026-08-22T06:49:53.606+0000] {taskinstance.py:2648} INFO - Exporting env vars: AIRFLOW_CTX_DAG_OWNER='taky' AIRFLOW_CTX_DAG_ID='youtube_english_video_pipeline' AIRFLOW_CTX_TASK_ID='upload_long_video_5' AIRFLOW_CTX_EXECUTION_DATE='2026-08-20T23:20:20.409177+00:00' AIRFLOW_CTX_TRY_NUMBER='1' AIRFLOW_CTX_DAG_RUN_ID='manual__2026-08-20T23:20:20.409177+00:00'
[2026-08-22T06:49:53.608+0000] {taskinstance.py:430} INFO - ::endgroup::
[2026-08-22T06:49:54.170+0000] {__init__.py:49} INFO - file_cache is only supported with oauth2client<4.0.0
[2026-08-22T06:49:54.186+0000] {logging_mixin.py:188} INFO - 2026-08-22 06:49:54,186 | INFO     | uploader.youtube_uploader | Uploading video '20 Daily English Expressions | Mixed English Expressions' (/opt/airflow/output/videos/long_2165.mp4) to YouTube...
[2026-08-22T06:50:00.880+0000] {logging_mixin.py:188} INFO - 2026-08-22 06:50:00,880 | INFO     | uploader.youtube_uploader | Upload complete. YouTube video id = V8FQ1iOVX4A
[2026-08-22T06:50:05.591+0000] {logging_mixin.py:188} INFO - 2026-08-22 06:50:05,591 | INFO     | uploader.youtube_uploader | Custom thumbnail uploaded.
[2026-08-22T06:50:05.616+0000] {python.py:237} INFO - Done. Returned value was: V8FQ1iOVX4A
[2026-08-22T06:50:05.618+0000] {taskinstance.py:441} INFO - ::group::Post task execution logs
[2026-08-22T06:50:05.651+0000] {taskinstance.py:1206} INFO - Marking task as SUCCESS. dag_id=youtube_english_video_pipeline, task_id=upload_long_video_5, run_id=manual__2026-08-20T23:20:20.409177+00:00, execution_date=20260820T232020, start_date=20260822T064953, end_date=20260822T065005
[2026-08-22T06:50:05.714+0000] {local_task_job_runner.py:243} INFO - Task exited with return code 0
[2026-08-22T06:50:05.887+0000] {taskinstance.py:3503} INFO - 1 downstream tasks scheduled from follow-on schedule check
[2026-08-22T06:50:05.902+0000] {local_task_job_runner.py:222} INFO - ::endgroup::
