[2026-09-22T00:32:08.013+0000] {local_task_job_runner.py:120} INFO - ::group::Pre task execution logs
[2026-09-22T00:32:08.087+0000] {taskinstance.py:2076} INFO - Dependencies all met for dep_context=non-requeueable deps ti=<TaskInstance: youtube_english_video_pipeline.upload_short_video_6 scheduled__2026-09-20T12:00:00+00:00 [queued]>
[2026-09-22T00:32:08.105+0000] {taskinstance.py:2076} INFO - Dependencies all met for dep_context=requeueable deps ti=<TaskInstance: youtube_english_video_pipeline.upload_short_video_6 scheduled__2026-09-20T12:00:00+00:00 [queued]>
[2026-09-22T00:32:08.107+0000] {taskinstance.py:2306} INFO - Starting attempt 1 of 3
[2026-09-22T00:32:08.136+0000] {taskinstance.py:2330} INFO - Executing <Task(PythonOperator): upload_short_video_6> on 2026-09-20 12:00:00+00:00
[2026-09-22T00:32:08.145+0000] {standard_task_runner.py:64} INFO - Started process 18097 to run task
[2026-09-22T00:32:08.154+0000] {standard_task_runner.py:90} INFO - Running: ['airflow', 'tasks', 'run', 'youtube_english_video_pipeline', 'upload_short_video_6', 'scheduled__2026-09-20T12:00:00+00:00', '--job-id', '1484', '--raw', '--subdir', 'DAGS_FOLDER/youtube_pipeline.py', '--cfg-path', '/tmp/tmpcyxugd27']
[2026-09-22T00:32:08.160+0000] {standard_task_runner.py:91} INFO - Job 1484: Subtask upload_short_video_6
[2026-09-22T00:32:08.290+0000] {task_command.py:426} INFO - Running <TaskInstance: youtube_english_video_pipeline.upload_short_video_6 scheduled__2026-09-20T12:00:00+00:00 [running]> on host 73b18333cdfe
[2026-09-22T00:32:08.636+0000] {taskinstance.py:2648} INFO - Exporting env vars: AIRFLOW_CTX_DAG_OWNER='taky' AIRFLOW_CTX_DAG_ID='youtube_english_video_pipeline' AIRFLOW_CTX_TASK_ID='upload_short_video_6' AIRFLOW_CTX_EXECUTION_DATE='2026-09-20T12:00:00+00:00' AIRFLOW_CTX_TRY_NUMBER='1' AIRFLOW_CTX_DAG_RUN_ID='scheduled__2026-09-20T12:00:00+00:00'
[2026-09-22T00:32:08.638+0000] {taskinstance.py:430} INFO - ::endgroup::
[2026-09-22T00:32:09.207+0000] {__init__.py:49} INFO - file_cache is only supported with oauth2client<4.0.0
[2026-09-22T00:32:09.223+0000] {logging_mixin.py:188} INFO - 2026-09-22 00:32:09,223 | INFO     | uploader.youtube_uploader | Uploading video 'Hotel English: How to Ask About Breakfast Correctly' (/opt/airflow/output/videos/short_3535.mp4) to YouTube...
[2026-09-22T00:32:12.119+0000] {logging_mixin.py:188} INFO - 2026-09-22 00:32:12,119 | INFO     | uploader.youtube_uploader | Upload complete. YouTube video id = gh9JezsiSDA
[2026-09-22T00:32:12.142+0000] {python.py:237} INFO - Done. Returned value was: gh9JezsiSDA
[2026-09-22T00:32:12.147+0000] {taskinstance.py:441} INFO - ::group::Post task execution logs
[2026-09-22T00:32:12.203+0000] {taskinstance.py:1206} INFO - Marking task as SUCCESS. dag_id=youtube_english_video_pipeline, task_id=upload_short_video_6, run_id=scheduled__2026-09-20T12:00:00+00:00, execution_date=20260920T120000, start_date=20260922T003208, end_date=20260922T003212
[2026-09-22T00:32:12.238+0000] {local_task_job_runner.py:243} INFO - Task exited with return code 0
[2026-09-22T00:32:12.294+0000] {taskinstance.py:3503} INFO - 1 downstream tasks scheduled from follow-on schedule check
[2026-09-22T00:32:12.304+0000] {local_task_job_runner.py:222} INFO - ::endgroup::
