[2026-07-28T12:58:32.773+0000] {local_task_job_runner.py:120} INFO - ::group::Pre task execution logs
[2026-07-28T12:58:32.812+0000] {taskinstance.py:2076} INFO - Dependencies all met for dep_context=non-requeueable deps ti=<TaskInstance: youtube_english_video_pipeline.upload_long_video_8 scheduled__2026-07-27T12:00:00+00:00 [queued]>
[2026-07-28T12:58:32.822+0000] {taskinstance.py:2076} INFO - Dependencies all met for dep_context=requeueable deps ti=<TaskInstance: youtube_english_video_pipeline.upload_long_video_8 scheduled__2026-07-27T12:00:00+00:00 [queued]>
[2026-07-28T12:58:32.825+0000] {taskinstance.py:2306} INFO - Starting attempt 1 of 3
[2026-07-28T12:58:32.836+0000] {taskinstance.py:2330} INFO - Executing <Task(PythonOperator): upload_long_video_8> on 2026-07-27 12:00:00+00:00
[2026-07-28T12:58:32.840+0000] {standard_task_runner.py:64} INFO - Started process 33039 to run task
[2026-07-28T12:58:32.845+0000] {standard_task_runner.py:90} INFO - Running: ['airflow', 'tasks', 'run', 'youtube_english_video_pipeline', 'upload_long_video_8', 'scheduled__2026-07-27T12:00:00+00:00', '--job-id', '526', '--raw', '--subdir', 'DAGS_FOLDER/youtube_pipeline.py', '--cfg-path', '/tmp/tmpk9pcuxxi']
[2026-07-28T12:58:32.849+0000] {standard_task_runner.py:91} INFO - Job 526: Subtask upload_long_video_8
[2026-07-28T12:58:32.934+0000] {task_command.py:426} INFO - Running <TaskInstance: youtube_english_video_pipeline.upload_long_video_8 scheduled__2026-07-27T12:00:00+00:00 [running]> on host cc859d74cf38
[2026-07-28T12:58:33.181+0000] {taskinstance.py:2648} INFO - Exporting env vars: AIRFLOW_CTX_DAG_OWNER='taky' AIRFLOW_CTX_DAG_ID='youtube_english_video_pipeline' AIRFLOW_CTX_TASK_ID='upload_long_video_8' AIRFLOW_CTX_EXECUTION_DATE='2026-07-27T12:00:00+00:00' AIRFLOW_CTX_TRY_NUMBER='1' AIRFLOW_CTX_DAG_RUN_ID='scheduled__2026-07-27T12:00:00+00:00'
[2026-07-28T12:58:33.182+0000] {taskinstance.py:430} INFO - ::endgroup::
[2026-07-28T12:58:33.611+0000] {__init__.py:49} INFO - file_cache is only supported with oauth2client<4.0.0
[2026-07-28T12:58:33.627+0000] {logging_mixin.py:188} INFO - 2026-07-28 12:58:33,626 | INFO     | uploader.youtube_uploader | Uploading video '15 Daily English Expressions | Restaurant English' (/opt/airflow/output/videos/long_1164.mp4) to YouTube...
[2026-07-28T12:58:40.103+0000] {logging_mixin.py:188} INFO - 2026-07-28 12:58:40,103 | INFO     | uploader.youtube_uploader | Upload complete. YouTube video id = 48XJbZBMvjY
[2026-07-28T12:58:44.201+0000] {logging_mixin.py:188} INFO - 2026-07-28 12:58:44,201 | INFO     | uploader.youtube_uploader | Custom thumbnail uploaded.
[2026-07-28T12:58:44.220+0000] {python.py:237} INFO - Done. Returned value was: 48XJbZBMvjY
[2026-07-28T12:58:44.223+0000] {taskinstance.py:441} INFO - ::group::Post task execution logs
[2026-07-28T12:58:44.263+0000] {taskinstance.py:1206} INFO - Marking task as SUCCESS. dag_id=youtube_english_video_pipeline, task_id=upload_long_video_8, run_id=scheduled__2026-07-27T12:00:00+00:00, execution_date=20260727T120000, start_date=20260728T125832, end_date=20260728T125844
[2026-07-28T12:58:44.325+0000] {local_task_job_runner.py:243} INFO - Task exited with return code 0
[2026-07-28T12:58:44.487+0000] {taskinstance.py:3503} INFO - 1 downstream tasks scheduled from follow-on schedule check
[2026-07-28T12:58:44.495+0000] {local_task_job_runner.py:222} INFO - ::endgroup::
