[2026-07-27T11:17:37.965+0000] {local_task_job_runner.py:120} INFO - ::group::Pre task execution logs
[2026-07-27T11:17:37.997+0000] {taskinstance.py:2076} INFO - Dependencies all met for dep_context=non-requeueable deps ti=<TaskInstance: youtube_english_video_pipeline.upload_long_video_7 manual__2026-07-27T10:57:47.140907+00:00 [queued]>
[2026-07-27T11:17:38.006+0000] {taskinstance.py:2076} INFO - Dependencies all met for dep_context=requeueable deps ti=<TaskInstance: youtube_english_video_pipeline.upload_long_video_7 manual__2026-07-27T10:57:47.140907+00:00 [queued]>
[2026-07-27T11:17:38.007+0000] {taskinstance.py:2306} INFO - Starting attempt 1 of 3
[2026-07-27T11:17:38.020+0000] {taskinstance.py:2330} INFO - Executing <Task(PythonOperator): upload_long_video_7> on 2026-07-27 10:57:47.140907+00:00
[2026-07-27T11:17:38.025+0000] {standard_task_runner.py:64} INFO - Started process 82587 to run task
[2026-07-27T11:17:38.028+0000] {standard_task_runner.py:90} INFO - Running: ['airflow', 'tasks', 'run', 'youtube_english_video_pipeline', 'upload_long_video_7', 'manual__2026-07-27T10:57:47.140907+00:00', '--job-id', '448', '--raw', '--subdir', 'DAGS_FOLDER/youtube_pipeline.py', '--cfg-path', '/tmp/tmpzady163d']
[2026-07-27T11:17:38.030+0000] {standard_task_runner.py:91} INFO - Job 448: Subtask upload_long_video_7
[2026-07-27T11:17:38.124+0000] {task_command.py:426} INFO - Running <TaskInstance: youtube_english_video_pipeline.upload_long_video_7 manual__2026-07-27T10:57:47.140907+00:00 [running]> on host cc859d74cf38
[2026-07-27T11:17:38.348+0000] {taskinstance.py:2648} INFO - Exporting env vars: AIRFLOW_CTX_DAG_OWNER='taky' AIRFLOW_CTX_DAG_ID='youtube_english_video_pipeline' AIRFLOW_CTX_TASK_ID='upload_long_video_7' AIRFLOW_CTX_EXECUTION_DATE='2026-07-27T10:57:47.140907+00:00' AIRFLOW_CTX_TRY_NUMBER='1' AIRFLOW_CTX_DAG_RUN_ID='manual__2026-07-27T10:57:47.140907+00:00'
[2026-07-27T11:17:38.350+0000] {taskinstance.py:430} INFO - ::endgroup::
[2026-07-27T11:17:38.700+0000] {__init__.py:49} INFO - file_cache is only supported with oauth2client<4.0.0
[2026-07-27T11:17:38.709+0000] {logging_mixin.py:188} INFO - 2026-07-27 11:17:38,709 | INFO     | uploader.youtube_uploader | Uploading video '17 Daily English Expressions | Restaurant English' (/opt/airflow/output/videos/long_911.mp4) to YouTube...
[2026-07-27T11:17:44.216+0000] {logging_mixin.py:188} INFO - 2026-07-27 11:17:44,216 | INFO     | uploader.youtube_uploader | Upload complete. YouTube video id = oRrKMRQj45U
[2026-07-27T11:17:47.486+0000] {logging_mixin.py:188} INFO - 2026-07-27 11:17:47,485 | INFO     | uploader.youtube_uploader | Custom thumbnail uploaded.
[2026-07-27T11:17:47.499+0000] {python.py:237} INFO - Done. Returned value was: oRrKMRQj45U
[2026-07-27T11:17:47.500+0000] {taskinstance.py:441} INFO - ::group::Post task execution logs
[2026-07-27T11:17:47.528+0000] {taskinstance.py:1206} INFO - Marking task as SUCCESS. dag_id=youtube_english_video_pipeline, task_id=upload_long_video_7, run_id=manual__2026-07-27T10:57:47.140907+00:00, execution_date=20260727T105747, start_date=20260727T111737, end_date=20260727T111747
[2026-07-27T11:17:47.585+0000] {local_task_job_runner.py:243} INFO - Task exited with return code 0
[2026-07-27T11:17:47.735+0000] {taskinstance.py:3503} INFO - 1 downstream tasks scheduled from follow-on schedule check
[2026-07-27T11:17:47.739+0000] {local_task_job_runner.py:222} INFO - ::endgroup::
