[2026-09-22T00:31:56.247+0000] {local_task_job_runner.py:120} INFO - ::group::Pre task execution logs
[2026-09-22T00:31:56.287+0000] {taskinstance.py:2076} INFO - Dependencies all met for dep_context=non-requeueable deps ti=<TaskInstance: youtube_english_video_pipeline.build_short_video_6 scheduled__2026-09-20T12:00:00+00:00 [queued]>
[2026-09-22T00:31:56.296+0000] {taskinstance.py:2076} INFO - Dependencies all met for dep_context=requeueable deps ti=<TaskInstance: youtube_english_video_pipeline.build_short_video_6 scheduled__2026-09-20T12:00:00+00:00 [queued]>
[2026-09-22T00:31:56.298+0000] {taskinstance.py:2306} INFO - Starting attempt 1 of 3
[2026-09-22T00:31:56.313+0000] {taskinstance.py:2330} INFO - Executing <Task(PythonOperator): build_short_video_6> on 2026-09-20 12:00:00+00:00
[2026-09-22T00:31:56.319+0000] {standard_task_runner.py:64} INFO - Started process 17845 to run task
[2026-09-22T00:31:56.326+0000] {standard_task_runner.py:90} INFO - Running: ['airflow', 'tasks', 'run', 'youtube_english_video_pipeline', 'build_short_video_6', 'scheduled__2026-09-20T12:00:00+00:00', '--job-id', '1483', '--raw', '--subdir', 'DAGS_FOLDER/youtube_pipeline.py', '--cfg-path', '/tmp/tmp5e6m53mm']
[2026-09-22T00:31:56.331+0000] {standard_task_runner.py:91} INFO - Job 1483: Subtask build_short_video_6
[2026-09-22T00:31:56.440+0000] {task_command.py:426} INFO - Running <TaskInstance: youtube_english_video_pipeline.build_short_video_6 scheduled__2026-09-20T12:00:00+00:00 [running]> on host 73b18333cdfe
[2026-09-22T00:31:56.733+0000] {taskinstance.py:2648} INFO - Exporting env vars: AIRFLOW_CTX_DAG_OWNER='taky' AIRFLOW_CTX_DAG_ID='youtube_english_video_pipeline' AIRFLOW_CTX_TASK_ID='build_short_video_6' AIRFLOW_CTX_EXECUTION_DATE='2026-09-20T12:00:00+00:00' AIRFLOW_CTX_TRY_NUMBER='1' AIRFLOW_CTX_DAG_RUN_ID='scheduled__2026-09-20T12:00:00+00:00'
[2026-09-22T00:31:56.735+0000] {taskinstance.py:430} INFO - ::endgroup::
[2026-09-22T00:31:58.044+0000] {logging_mixin.py:188} INFO - 2026-09-22 00:31:58,044 | INFO     | planner.video_planner | Planned SHORT video: topic='Hotel English', phrases=1
[2026-09-22T00:31:58.361+0000] {logging_mixin.py:188} INFO - 2026-09-22 00:31:58,361 | INFO     | tts.edge_tts | Synthesized audio -> /opt/airflow/output/audio/phrase_3535.mp3
[2026-09-22T00:31:58.641+0000] {logging_mixin.py:188} INFO - 2026-09-22 00:31:58,641 | INFO     | tts.edge_tts | Synthesized audio -> /opt/airflow/output/audio/example_3535.mp3
[2026-09-22T00:31:59.091+0000] {logging_mixin.py:188} INFO - 2026-09-22 00:31:59,091 | INFO     | media.image_downloader | Downloaded background image for scene='hotel' -> /opt/airflow/output/images/short_3535.jpg
[2026-09-22T00:32:02.444+0000] {logging_mixin.py:188} INFO - 2026-09-22 00:32:02,443 | WARNING  | video.video_builder | BGM file not found at /opt/airflow/assets/bgm/short_bgm.mp3, rendering without background music
[2026-09-22T00:32:04.346+0000] {logging_mixin.py:188} INFO - 2026-09-22 00:32:04,346 | INFO     | video.video_builder | Final video rendered -> /opt/airflow/output/videos/short_3535.mp4
[2026-09-22T00:32:06.163+0000] {python.py:237} INFO - Done. Returned value was: {'video_id': 454, 'file_path': '/opt/airflow/output/videos/short_3535.mp4', 'title': 'Hotel English: How to Ask About Breakfast Correctly', 'description': "Master essential Hotel English for your next trip! In this lesson, we look at the most natural way to ask if your breakfast is included with your room reservation. Avoid sounding like a textbook and learn the phrases native speakers actually use when checking in. Perfect for Japanese speakers looking to improve their practical English conversation skills for travel. Don't let language barriers ruin your vacation—speak with confidence at the front desk!", 'tags': ['Hotel English', 'English for travel', 'English conversation', 'Learn English', 'English for Japanese speakers', 'Check-in English', "Taky's Language School"], 'video_type': 'short'}
[2026-09-22T00:32:06.164+0000] {taskinstance.py:441} INFO - ::group::Post task execution logs
[2026-09-22T00:32:06.206+0000] {taskinstance.py:1206} INFO - Marking task as SUCCESS. dag_id=youtube_english_video_pipeline, task_id=build_short_video_6, run_id=scheduled__2026-09-20T12:00:00+00:00, execution_date=20260920T120000, start_date=20260922T003156, end_date=20260922T003206
[2026-09-22T00:32:06.255+0000] {local_task_job_runner.py:243} INFO - Task exited with return code 0
[2026-09-22T00:32:06.506+0000] {taskinstance.py:3503} INFO - 1 downstream tasks scheduled from follow-on schedule check
[2026-09-22T00:32:06.516+0000] {local_task_job_runner.py:222} INFO - ::endgroup::
