[2026-07-25T08:24:15.065+0000] {local_task_job_runner.py:120} INFO - ::group::Pre task execution logs
[2026-07-25T08:24:15.089+0000] {taskinstance.py:2076} INFO - Dependencies all met for dep_context=non-requeueable deps ti=<TaskInstance: youtube_english_video_pipeline.build_long_video_1 manual__2026-07-25T08:23:54.309173+00:00 [queued]>
[2026-07-25T08:24:15.094+0000] {taskinstance.py:2076} INFO - Dependencies all met for dep_context=requeueable deps ti=<TaskInstance: youtube_english_video_pipeline.build_long_video_1 manual__2026-07-25T08:23:54.309173+00:00 [queued]>
[2026-07-25T08:24:15.094+0000] {taskinstance.py:2306} INFO - Starting attempt 1 of 3
[2026-07-25T08:24:15.103+0000] {taskinstance.py:2330} INFO - Executing <Task(PythonOperator): build_long_video_1> on 2026-07-25 08:23:54.309173+00:00
[2026-07-25T08:24:15.107+0000] {standard_task_runner.py:64} INFO - Started process 9205 to run task
[2026-07-25T08:24:15.109+0000] {standard_task_runner.py:90} INFO - Running: ['airflow', 'tasks', 'run', 'youtube_english_video_pipeline', 'build_long_video_1', 'manual__2026-07-25T08:23:54.309173+00:00', '--job-id', '238', '--raw', '--subdir', 'DAGS_FOLDER/youtube_pipeline.py', '--cfg-path', '/tmp/tmplofitmx9']
[2026-07-25T08:24:15.110+0000] {standard_task_runner.py:91} INFO - Job 238: Subtask build_long_video_1
[2026-07-25T08:24:15.168+0000] {task_command.py:426} INFO - Running <TaskInstance: youtube_english_video_pipeline.build_long_video_1 manual__2026-07-25T08:23:54.309173+00:00 [running]> on host ce8e21912c19
[2026-07-25T08:24:15.320+0000] {taskinstance.py:2648} INFO - Exporting env vars: AIRFLOW_CTX_DAG_OWNER='taky' AIRFLOW_CTX_DAG_ID='youtube_english_video_pipeline' AIRFLOW_CTX_TASK_ID='build_long_video_1' AIRFLOW_CTX_EXECUTION_DATE='2026-07-25T08:23:54.309173+00:00' AIRFLOW_CTX_TRY_NUMBER='1' AIRFLOW_CTX_DAG_RUN_ID='manual__2026-07-25T08:23:54.309173+00:00'
[2026-07-25T08:24:15.321+0000] {taskinstance.py:430} INFO - ::endgroup::
[2026-07-25T08:24:15.651+0000] {logging_mixin.py:188} INFO - 2026-07-25 08:24:15,651 | INFO     | planner.video_planner | Planned LONG video: topic='Daily Conversation', phrases=16
[2026-07-25T08:24:15.925+0000] {logging_mixin.py:188} INFO - 2026-07-25 08:24:15,925 | INFO     | tts.edge_tts | Synthesized audio -> /opt/airflow/output/audio/phrase_223.mp3
[2026-07-25T08:24:16.298+0000] {logging_mixin.py:188} INFO - 2026-07-25 08:24:16,298 | INFO     | tts.edge_tts | Synthesized audio -> /opt/airflow/output/audio/example_223.mp3
[2026-07-25T08:24:16.524+0000] {logging_mixin.py:188} INFO - 2026-07-25 08:24:16,524 | INFO     | media.image_downloader | Downloaded background image for scene='cafe' -> /opt/airflow/output/images/long_223.jpg
[2026-07-25T08:24:20.447+0000] {logging_mixin.py:188} INFO - 2026-07-25 08:24:20,446 | INFO     | tts.edge_tts | Synthesized audio -> /opt/airflow/output/audio/phrase_227.mp3
[2026-07-25T08:24:20.848+0000] {logging_mixin.py:188} INFO - 2026-07-25 08:24:20,848 | INFO     | tts.edge_tts | Synthesized audio -> /opt/airflow/output/audio/example_227.mp3
[2026-07-25T08:24:21.052+0000] {logging_mixin.py:188} INFO - 2026-07-25 08:24:21,051 | INFO     | media.image_downloader | Downloaded background image for scene='street' -> /opt/airflow/output/images/long_227.jpg
[2026-07-25T08:24:24.575+0000] {logging_mixin.py:188} INFO - 2026-07-25 08:24:24,575 | INFO     | tts.edge_tts | Synthesized audio -> /opt/airflow/output/audio/phrase_232.mp3
[2026-07-25T08:24:24.963+0000] {logging_mixin.py:188} INFO - 2026-07-25 08:24:24,963 | INFO     | tts.edge_tts | Synthesized audio -> /opt/airflow/output/audio/example_232.mp3
[2026-07-25T08:24:25.173+0000] {logging_mixin.py:188} INFO - 2026-07-25 08:24:25,172 | INFO     | media.image_downloader | Downloaded background image for scene='office' -> /opt/airflow/output/images/long_232.jpg
[2026-07-25T08:24:28.812+0000] {logging_mixin.py:188} INFO - 2026-07-25 08:24:28,812 | INFO     | tts.edge_tts | Synthesized audio -> /opt/airflow/output/audio/phrase_233.mp3
[2026-07-25T08:24:29.150+0000] {logging_mixin.py:188} INFO - 2026-07-25 08:24:29,150 | INFO     | tts.edge_tts | Synthesized audio -> /opt/airflow/output/audio/example_233.mp3
[2026-07-25T08:24:29.706+0000] {logging_mixin.py:188} INFO - 2026-07-25 08:24:29,706 | INFO     | media.image_downloader | Downloaded background image for scene='house' -> /opt/airflow/output/images/long_233.jpg
[2026-07-25T08:24:33.543+0000] {logging_mixin.py:188} INFO - 2026-07-25 08:24:33,542 | INFO     | tts.edge_tts | Synthesized audio -> /opt/airflow/output/audio/phrase_186.mp3
[2026-07-25T08:24:34.120+0000] {logging_mixin.py:188} INFO - 2026-07-25 08:24:34,120 | INFO     | tts.edge_tts | Synthesized audio -> /opt/airflow/output/audio/example_186.mp3
[2026-07-25T08:24:34.303+0000] {logging_mixin.py:188} INFO - 2026-07-25 08:24:34,303 | INFO     | media.image_downloader | Downloaded background image for scene='office' -> /opt/airflow/output/images/long_186.jpg
[2026-07-25T08:24:37.665+0000] {logging_mixin.py:188} INFO - 2026-07-25 08:24:37,664 | INFO     | tts.edge_tts | Synthesized audio -> /opt/airflow/output/audio/phrase_187.mp3
[2026-07-25T08:24:38.031+0000] {logging_mixin.py:188} INFO - 2026-07-25 08:24:38,031 | INFO     | tts.edge_tts | Synthesized audio -> /opt/airflow/output/audio/example_187.mp3
[2026-07-25T08:24:38.215+0000] {logging_mixin.py:188} INFO - 2026-07-25 08:24:38,215 | INFO     | media.image_downloader | Downloaded background image for scene='street' -> /opt/airflow/output/images/long_187.jpg
[2026-07-25T08:24:41.744+0000] {logging_mixin.py:188} INFO - 2026-07-25 08:24:41,744 | INFO     | tts.edge_tts | Synthesized audio -> /opt/airflow/output/audio/phrase_199.mp3
[2026-07-25T08:24:42.171+0000] {logging_mixin.py:188} INFO - 2026-07-25 08:24:42,171 | INFO     | tts.edge_tts | Synthesized audio -> /opt/airflow/output/audio/example_199.mp3
[2026-07-25T08:24:42.480+0000] {logging_mixin.py:188} INFO - 2026-07-25 08:24:42,480 | INFO     | media.image_downloader | Downloaded background image for scene='phone' -> /opt/airflow/output/images/long_199.jpg
[2026-07-25T08:24:45.879+0000] {logging_mixin.py:188} INFO - 2026-07-25 08:24:45,878 | INFO     | tts.edge_tts | Synthesized audio -> /opt/airflow/output/audio/phrase_200.mp3
[2026-07-25T08:24:46.313+0000] {logging_mixin.py:188} INFO - 2026-07-25 08:24:46,313 | INFO     | tts.edge_tts | Synthesized audio -> /opt/airflow/output/audio/example_200.mp3
[2026-07-25T08:24:46.733+0000] {logging_mixin.py:188} INFO - 2026-07-25 08:24:46,732 | INFO     | media.image_downloader | Downloaded background image for scene='home' -> /opt/airflow/output/images/long_200.jpg
[2026-07-25T08:24:50.394+0000] {logging_mixin.py:188} INFO - 2026-07-25 08:24:50,394 | INFO     | tts.edge_tts | Synthesized audio -> /opt/airflow/output/audio/phrase_204.mp3
[2026-07-25T08:24:50.721+0000] {logging_mixin.py:188} INFO - 2026-07-25 08:24:50,721 | INFO     | tts.edge_tts | Synthesized audio -> /opt/airflow/output/audio/example_204.mp3
[2026-07-25T08:24:50.917+0000] {logging_mixin.py:188} INFO - 2026-07-25 08:24:50,916 | INFO     | media.image_downloader | Downloaded background image for scene='cafe' -> /opt/airflow/output/images/long_204.jpg
[2026-07-25T08:24:54.900+0000] {logging_mixin.py:188} INFO - 2026-07-25 08:24:54,900 | INFO     | tts.edge_tts | Synthesized audio -> /opt/airflow/output/audio/phrase_207.mp3
[2026-07-25T08:24:55.543+0000] {logging_mixin.py:188} INFO - 2026-07-25 08:24:55,543 | INFO     | tts.edge_tts | Synthesized audio -> /opt/airflow/output/audio/example_207.mp3
[2026-07-25T08:24:55.729+0000] {logging_mixin.py:188} INFO - 2026-07-25 08:24:55,729 | INFO     | media.image_downloader | Downloaded background image for scene='street' -> /opt/airflow/output/images/long_207.jpg
[2026-07-25T08:24:59.870+0000] {logging_mixin.py:188} INFO - 2026-07-25 08:24:59,870 | INFO     | tts.edge_tts | Synthesized audio -> /opt/airflow/output/audio/phrase_214.mp3
[2026-07-25T08:25:00.199+0000] {logging_mixin.py:188} INFO - 2026-07-25 08:25:00,199 | INFO     | tts.edge_tts | Synthesized audio -> /opt/airflow/output/audio/example_214.mp3
[2026-07-25T08:25:00.424+0000] {logging_mixin.py:188} INFO - 2026-07-25 08:25:00,424 | INFO     | media.image_downloader | Downloaded background image for scene='street' -> /opt/airflow/output/images/long_214.jpg
[2026-07-25T08:25:04.445+0000] {logging_mixin.py:188} INFO - 2026-07-25 08:25:04,445 | INFO     | tts.edge_tts | Synthesized audio -> /opt/airflow/output/audio/phrase_218.mp3
[2026-07-25T08:25:04.829+0000] {logging_mixin.py:188} INFO - 2026-07-25 08:25:04,829 | INFO     | tts.edge_tts | Synthesized audio -> /opt/airflow/output/audio/example_218.mp3
[2026-07-25T08:25:05.432+0000] {logging_mixin.py:188} INFO - 2026-07-25 08:25:05,432 | INFO     | media.image_downloader | Downloaded background image for scene='car' -> /opt/airflow/output/images/long_218.jpg
[2026-07-25T08:25:08.231+0000] {logging_mixin.py:188} INFO - 2026-07-25 08:25:08,231 | INFO     | tts.edge_tts | Synthesized audio -> /opt/airflow/output/audio/phrase_236.mp3
[2026-07-25T08:25:08.549+0000] {logging_mixin.py:188} INFO - 2026-07-25 08:25:08,549 | INFO     | tts.edge_tts | Synthesized audio -> /opt/airflow/output/audio/example_236.mp3
[2026-07-25T08:25:08.732+0000] {logging_mixin.py:188} INFO - 2026-07-25 08:25:08,732 | INFO     | media.image_downloader | Downloaded background image for scene='office' -> /opt/airflow/output/images/long_236.jpg
[2026-07-25T08:25:11.466+0000] {logging_mixin.py:188} INFO - 2026-07-25 08:25:11,466 | INFO     | tts.edge_tts | Synthesized audio -> /opt/airflow/output/audio/phrase_245.mp3
[2026-07-25T08:25:11.775+0000] {logging_mixin.py:188} INFO - 2026-07-25 08:25:11,775 | INFO     | tts.edge_tts | Synthesized audio -> /opt/airflow/output/audio/example_245.mp3
[2026-07-25T08:25:11.991+0000] {logging_mixin.py:188} INFO - 2026-07-25 08:25:11,991 | INFO     | media.image_downloader | Downloaded background image for scene='taxi' -> /opt/airflow/output/images/long_245.jpg
[2026-07-25T08:25:15.026+0000] {logging_mixin.py:188} INFO - 2026-07-25 08:25:15,026 | INFO     | tts.edge_tts | Synthesized audio -> /opt/airflow/output/audio/phrase_250.mp3
[2026-07-25T08:25:15.403+0000] {logging_mixin.py:188} INFO - 2026-07-25 08:25:15,403 | INFO     | tts.edge_tts | Synthesized audio -> /opt/airflow/output/audio/example_250.mp3
[2026-07-25T08:25:15.586+0000] {logging_mixin.py:188} INFO - 2026-07-25 08:25:15,586 | INFO     | media.image_downloader | Downloaded background image for scene='restaurant' -> /opt/airflow/output/images/long_250.jpg
[2026-07-25T08:25:18.734+0000] {logging_mixin.py:188} INFO - 2026-07-25 08:25:18,734 | INFO     | tts.edge_tts | Synthesized audio -> /opt/airflow/output/audio/phrase_260.mp3
[2026-07-25T08:25:19.044+0000] {logging_mixin.py:188} INFO - 2026-07-25 08:25:19,044 | INFO     | tts.edge_tts | Synthesized audio -> /opt/airflow/output/audio/example_260.mp3
[2026-07-25T08:25:19.217+0000] {logging_mixin.py:188} INFO - 2026-07-25 08:25:19,217 | INFO     | media.image_downloader | Downloaded background image for scene='home' -> /opt/airflow/output/images/long_260.jpg
[2026-07-25T08:25:23.352+0000] {logging_mixin.py:188} INFO - 2026-07-25 08:25:23,351 | WARNING  | video.video_builder | BGM file not found at /opt/airflow/assets/bgm/long_bgm.mp3, rendering without background music
[2026-07-25T08:25:42.761+0000] {logging_mixin.py:188} INFO - 2026-07-25 08:25:42,761 | INFO     | video.video_builder | Final video rendered -> /opt/airflow/output/videos/long_223.mp4
[2026-07-25T08:25:48.581+0000] {logging_mixin.py:188} INFO - 2026-07-25 08:25:48,581 | INFO     | media.thumbnail_builder | Built thumbnail -> /opt/airflow/output/thumbnails/long_223.jpg
[2026-07-25T08:25:48.713+0000] {python.py:237} INFO - Done. Returned value was: {'video_id': 34, 'file_path': '/opt/airflow/output/videos/long_223.mp4', 'thumbnail_path': '/opt/airflow/output/thumbnails/long_223.jpg', 'title': "15 Essential English Phrases for Daily Conversation | Taky's Language School", 'description': "Welcome to Taky's Language School! In this lesson, you will learn essential phrases used in real, natural English conversations. Master common everyday expressions to sound more fluent and confident when speaking.\n\nKey phrases in this video:\n- I didn't quite catch that.\n- I'm on my way.\n- That works for me.\n- Could you give me a hand?\n- I'm running a bit late.\n- How come?\n- Could you speak up a little?\n- I'll keep that in mind.\n- Do you happen to know...?\n- To be honest...\n- Hold on a second.\n\nSubscribe to Taky's Language School for weekly lessons on spoken English, vocabulary, and practical conversation skills!", 'tags': ['English conversation', 'learn English', 'spoken English', 'English phrases', 'daily English conversation', "Taky's Language School", 'practical English', 'everyday English', 'speak English fluently', 'English speaking practice'], 'video_type': 'long'}
[2026-07-25T08:25:48.713+0000] {taskinstance.py:441} INFO - ::group::Post task execution logs
[2026-07-25T08:25:48.730+0000] {taskinstance.py:1206} INFO - Marking task as SUCCESS. dag_id=youtube_english_video_pipeline, task_id=build_long_video_1, run_id=manual__2026-07-25T08:23:54.309173+00:00, execution_date=20260725T082354, start_date=20260725T082415, end_date=20260725T082548
[2026-07-25T08:25:48.784+0000] {local_task_job_runner.py:243} INFO - Task exited with return code 0
[2026-07-25T08:25:48.973+0000] {taskinstance.py:3503} INFO - 1 downstream tasks scheduled from follow-on schedule check
[2026-07-25T08:25:48.976+0000] {local_task_job_runner.py:222} INFO - ::endgroup::
