[2026-08-11T13:59:32.389+0000] {local_task_job_runner.py:120} INFO - ::group::Pre task execution logs
[2026-08-11T13:59:32.414+0000] {taskinstance.py:2076} INFO - Dependencies all met for dep_context=non-requeueable deps ti=<TaskInstance: youtube_english_video_pipeline.build_long_video_7 scheduled__2026-08-10T12:00:00+00:00 [queued]>
[2026-08-11T13:59:32.420+0000] {taskinstance.py:2076} INFO - Dependencies all met for dep_context=requeueable deps ti=<TaskInstance: youtube_english_video_pipeline.build_long_video_7 scheduled__2026-08-10T12:00:00+00:00 [queued]>
[2026-08-11T13:59:32.421+0000] {taskinstance.py:2306} INFO - Starting attempt 1 of 3
[2026-08-11T13:59:32.432+0000] {taskinstance.py:2330} INFO - Executing <Task(PythonOperator): build_long_video_7> on 2026-08-10 12:00:00+00:00
[2026-08-11T13:59:32.437+0000] {standard_task_runner.py:64} INFO - Started process 34023 to run task
[2026-08-11T13:59:32.439+0000] {standard_task_runner.py:90} INFO - Running: ['airflow', 'tasks', 'run', 'youtube_english_video_pipeline', 'build_long_video_7', 'scheduled__2026-08-10T12:00:00+00:00', '--job-id', '717', '--raw', '--subdir', 'DAGS_FOLDER/youtube_pipeline.py', '--cfg-path', '/tmp/tmp5tc73lwn']
[2026-08-11T13:59:32.441+0000] {standard_task_runner.py:91} INFO - Job 717: Subtask build_long_video_7
[2026-08-11T13:59:32.542+0000] {task_command.py:426} INFO - Running <TaskInstance: youtube_english_video_pipeline.build_long_video_7 scheduled__2026-08-10T12:00:00+00:00 [running]> on host cc859d74cf38
[2026-08-11T13:59:32.810+0000] {taskinstance.py:2648} INFO - Exporting env vars: AIRFLOW_CTX_DAG_OWNER='taky' AIRFLOW_CTX_DAG_ID='youtube_english_video_pipeline' AIRFLOW_CTX_TASK_ID='build_long_video_7' AIRFLOW_CTX_EXECUTION_DATE='2026-08-10T12:00:00+00:00' AIRFLOW_CTX_TRY_NUMBER='1' AIRFLOW_CTX_DAG_RUN_ID='scheduled__2026-08-10T12:00:00+00:00'
[2026-08-11T13:59:32.812+0000] {taskinstance.py:430} INFO - ::endgroup::
[2026-08-11T13:59:34.165+0000] {logging_mixin.py:188} INFO - 2026-08-11 13:59:34,165 | INFO     | planner.video_planner | Only 14 phrases for topic='Daily Conversation', topping up without topic filter
[2026-08-11T13:59:34.178+0000] {logging_mixin.py:188} INFO - 2026-08-11 13:59:34,178 | INFO     | planner.video_planner | Planned LONG video: topic='Mixed English Expressions', phrases=20
[2026-08-11T13:59:34.639+0000] {logging_mixin.py:188} INFO - 2026-08-11 13:59:34,639 | INFO     | tts.edge_tts | Synthesized audio -> /opt/airflow/output/audio/phrase_1696.mp3
[2026-08-11T13:59:35.138+0000] {logging_mixin.py:188} INFO - 2026-08-11 13:59:35,138 | INFO     | tts.edge_tts | Synthesized audio -> /opt/airflow/output/audio/example_1696.mp3
[2026-08-11T13:59:35.443+0000] {logging_mixin.py:188} INFO - 2026-08-11 13:59:35,442 | INFO     | media.image_downloader | Downloaded background image for scene='airport' -> /opt/airflow/output/images/long_1696.jpg
[2026-08-11T13:59:39.798+0000] {logging_mixin.py:188} INFO - 2026-08-11 13:59:39,798 | INFO     | tts.edge_tts | Synthesized audio -> /opt/airflow/output/audio/phrase_1699.mp3
[2026-08-11T13:59:40.252+0000] {logging_mixin.py:188} INFO - 2026-08-11 13:59:40,252 | INFO     | tts.edge_tts | Synthesized audio -> /opt/airflow/output/audio/example_1699.mp3
[2026-08-11T13:59:40.525+0000] {logging_mixin.py:188} INFO - 2026-08-11 13:59:40,525 | INFO     | media.image_downloader | Downloaded background image for scene='hotel' -> /opt/airflow/output/images/long_1699.jpg
[2026-08-11T13:59:44.774+0000] {logging_mixin.py:188} INFO - 2026-08-11 13:59:44,774 | INFO     | tts.edge_tts | Synthesized audio -> /opt/airflow/output/audio/phrase_1701.mp3
[2026-08-11T13:59:45.338+0000] {logging_mixin.py:188} INFO - 2026-08-11 13:59:45,338 | INFO     | tts.edge_tts | Synthesized audio -> /opt/airflow/output/audio/example_1701.mp3
[2026-08-11T13:59:45.729+0000] {logging_mixin.py:188} INFO - 2026-08-11 13:59:45,729 | INFO     | media.image_downloader | Downloaded background image for scene='park' -> /opt/airflow/output/images/long_1701.jpg
[2026-08-11T13:59:51.289+0000] {logging_mixin.py:188} INFO - 2026-08-11 13:59:51,289 | INFO     | tts.edge_tts | Synthesized audio -> /opt/airflow/output/audio/phrase_1691.mp3
[2026-08-11T13:59:51.724+0000] {logging_mixin.py:188} INFO - 2026-08-11 13:59:51,724 | INFO     | tts.edge_tts | Synthesized audio -> /opt/airflow/output/audio/example_1691.mp3
[2026-08-11T13:59:51.911+0000] {logging_mixin.py:188} INFO - 2026-08-11 13:59:51,911 | INFO     | media.image_downloader | Downloaded background image for scene='hotel' -> /opt/airflow/output/images/long_1691.jpg
[2026-08-11T13:59:56.063+0000] {logging_mixin.py:188} INFO - 2026-08-11 13:59:56,063 | INFO     | tts.edge_tts | Synthesized audio -> /opt/airflow/output/audio/phrase_1702.mp3
[2026-08-11T13:59:56.473+0000] {logging_mixin.py:188} INFO - 2026-08-11 13:59:56,473 | INFO     | tts.edge_tts | Synthesized audio -> /opt/airflow/output/audio/example_1702.mp3
[2026-08-11T13:59:56.761+0000] {logging_mixin.py:188} INFO - 2026-08-11 13:59:56,760 | INFO     | media.image_downloader | Downloaded background image for scene='airport' -> /opt/airflow/output/images/long_1702.jpg
[2026-08-11T14:00:01.778+0000] {logging_mixin.py:188} INFO - 2026-08-11 14:00:01,778 | INFO     | tts.edge_tts | Synthesized audio -> /opt/airflow/output/audio/phrase_1727.mp3
[2026-08-11T14:00:03.114+0000] {logging_mixin.py:188} INFO - 2026-08-11 14:00:03,114 | INFO     | tts.edge_tts | Synthesized audio -> /opt/airflow/output/audio/example_1727.mp3
[2026-08-11T14:00:03.812+0000] {logging_mixin.py:188} INFO - 2026-08-11 14:00:03,811 | INFO     | media.image_downloader | Downloaded background image for scene='office' -> /opt/airflow/output/images/long_1727.jpg
[2026-08-11T14:00:10.270+0000] {logging_mixin.py:188} INFO - 2026-08-11 14:00:10,270 | INFO     | tts.edge_tts | Synthesized audio -> /opt/airflow/output/audio/phrase_1726.mp3
[2026-08-11T14:00:11.676+0000] {logging_mixin.py:188} INFO - 2026-08-11 14:00:11,675 | INFO     | tts.edge_tts | Synthesized audio -> /opt/airflow/output/audio/example_1726.mp3
[2026-08-11T14:00:12.387+0000] {logging_mixin.py:188} INFO - 2026-08-11 14:00:12,387 | INFO     | media.image_downloader | Downloaded background image for scene='car' -> /opt/airflow/output/images/long_1726.jpg
[2026-08-11T14:00:17.102+0000] {logging_mixin.py:188} INFO - 2026-08-11 14:00:17,101 | INFO     | tts.edge_tts | Synthesized audio -> /opt/airflow/output/audio/phrase_1719.mp3
[2026-08-11T14:00:17.636+0000] {logging_mixin.py:188} INFO - 2026-08-11 14:00:17,636 | INFO     | tts.edge_tts | Synthesized audio -> /opt/airflow/output/audio/example_1719.mp3
[2026-08-11T14:00:18.821+0000] {logging_mixin.py:188} INFO - 2026-08-11 14:00:18,821 | INFO     | media.image_downloader | Downloaded background image for scene='office' -> /opt/airflow/output/images/long_1719.jpg
[2026-08-11T14:00:22.968+0000] {logging_mixin.py:188} INFO - 2026-08-11 14:00:22,968 | INFO     | tts.edge_tts | Synthesized audio -> /opt/airflow/output/audio/phrase_1733.mp3
[2026-08-11T14:00:23.551+0000] {logging_mixin.py:188} INFO - 2026-08-11 14:00:23,551 | INFO     | tts.edge_tts | Synthesized audio -> /opt/airflow/output/audio/example_1733.mp3
[2026-08-11T14:00:23.999+0000] {logging_mixin.py:188} INFO - 2026-08-11 14:00:23,999 | INFO     | media.image_downloader | Downloaded background image for scene='office' -> /opt/airflow/output/images/long_1733.jpg
[2026-08-11T14:00:28.349+0000] {logging_mixin.py:188} INFO - 2026-08-11 14:00:28,349 | INFO     | tts.edge_tts | Synthesized audio -> /opt/airflow/output/audio/phrase_1732.mp3
[2026-08-11T14:00:28.845+0000] {logging_mixin.py:188} INFO - 2026-08-11 14:00:28,845 | INFO     | tts.edge_tts | Synthesized audio -> /opt/airflow/output/audio/example_1732.mp3
[2026-08-11T14:00:29.128+0000] {logging_mixin.py:188} INFO - 2026-08-11 14:00:29,127 | INFO     | media.image_downloader | Downloaded background image for scene='classroom' -> /opt/airflow/output/images/long_1732.jpg
[2026-08-11T14:00:33.042+0000] {logging_mixin.py:188} INFO - 2026-08-11 14:00:33,042 | INFO     | tts.edge_tts | Synthesized audio -> /opt/airflow/output/audio/phrase_1736.mp3
[2026-08-11T14:00:33.518+0000] {logging_mixin.py:188} INFO - 2026-08-11 14:00:33,517 | INFO     | tts.edge_tts | Synthesized audio -> /opt/airflow/output/audio/example_1736.mp3
[2026-08-11T14:00:33.851+0000] {logging_mixin.py:188} INFO - 2026-08-11 14:00:33,850 | INFO     | media.image_downloader | Downloaded background image for scene='office' -> /opt/airflow/output/images/long_1736.jpg
[2026-08-11T14:00:38.036+0000] {logging_mixin.py:188} INFO - 2026-08-11 14:00:38,036 | INFO     | tts.edge_tts | Synthesized audio -> /opt/airflow/output/audio/phrase_1742.mp3
[2026-08-11T14:00:38.433+0000] {logging_mixin.py:188} INFO - 2026-08-11 14:00:38,433 | INFO     | tts.edge_tts | Synthesized audio -> /opt/airflow/output/audio/example_1742.mp3
[2026-08-11T14:00:38.724+0000] {logging_mixin.py:188} INFO - 2026-08-11 14:00:38,724 | INFO     | media.image_downloader | Downloaded background image for scene='street' -> /opt/airflow/output/images/long_1742.jpg
[2026-08-11T14:00:43.707+0000] {logging_mixin.py:188} INFO - 2026-08-11 14:00:43,707 | INFO     | tts.edge_tts | Synthesized audio -> /opt/airflow/output/audio/phrase_1746.mp3
[2026-08-11T14:00:44.175+0000] {logging_mixin.py:188} INFO - 2026-08-11 14:00:44,175 | INFO     | tts.edge_tts | Synthesized audio -> /opt/airflow/output/audio/example_1746.mp3
[2026-08-11T14:00:44.428+0000] {logging_mixin.py:188} INFO - 2026-08-11 14:00:44,427 | INFO     | media.image_downloader | Downloaded background image for scene='office' -> /opt/airflow/output/images/long_1746.jpg
[2026-08-11T14:00:48.614+0000] {logging_mixin.py:188} INFO - 2026-08-11 14:00:48,614 | INFO     | tts.edge_tts | Synthesized audio -> /opt/airflow/output/audio/phrase_1751.mp3
[2026-08-11T14:00:49.037+0000] {logging_mixin.py:188} INFO - 2026-08-11 14:00:49,037 | INFO     | tts.edge_tts | Synthesized audio -> /opt/airflow/output/audio/example_1751.mp3
[2026-08-11T14:00:49.259+0000] {logging_mixin.py:188} INFO - 2026-08-11 14:00:49,259 | INFO     | media.image_downloader | Downloaded background image for scene='office' -> /opt/airflow/output/images/long_1751.jpg
[2026-08-11T14:00:53.232+0000] {logging_mixin.py:188} INFO - 2026-08-11 14:00:53,232 | INFO     | tts.edge_tts | Synthesized audio -> /opt/airflow/output/audio/phrase_1725.mp3
[2026-08-11T14:00:53.709+0000] {logging_mixin.py:188} INFO - 2026-08-11 14:00:53,709 | INFO     | tts.edge_tts | Synthesized audio -> /opt/airflow/output/audio/example_1725.mp3
[2026-08-11T14:00:53.952+0000] {logging_mixin.py:188} INFO - 2026-08-11 14:00:53,952 | INFO     | media.image_downloader | Downloaded background image for scene='airport' -> /opt/airflow/output/images/long_1725.jpg
[2026-08-11T14:00:57.991+0000] {logging_mixin.py:188} INFO - 2026-08-11 14:00:57,991 | INFO     | tts.edge_tts | Synthesized audio -> /opt/airflow/output/audio/phrase_1765.mp3
[2026-08-11T14:00:58.554+0000] {logging_mixin.py:188} INFO - 2026-08-11 14:00:58,554 | INFO     | tts.edge_tts | Synthesized audio -> /opt/airflow/output/audio/example_1765.mp3
[2026-08-11T14:00:58.908+0000] {logging_mixin.py:188} INFO - 2026-08-11 14:00:58,907 | INFO     | media.image_downloader | Downloaded background image for scene='office' -> /opt/airflow/output/images/long_1765.jpg
[2026-08-11T14:01:03.412+0000] {logging_mixin.py:188} INFO - 2026-08-11 14:01:03,412 | INFO     | tts.edge_tts | Synthesized audio -> /opt/airflow/output/audio/phrase_1757.mp3
[2026-08-11T14:01:03.835+0000] {logging_mixin.py:188} INFO - 2026-08-11 14:01:03,835 | INFO     | tts.edge_tts | Synthesized audio -> /opt/airflow/output/audio/example_1757.mp3
[2026-08-11T14:01:04.072+0000] {logging_mixin.py:188} INFO - 2026-08-11 14:01:04,072 | INFO     | media.image_downloader | Downloaded background image for scene='cafeteria' -> /opt/airflow/output/images/long_1757.jpg
[2026-08-11T14:01:07.737+0000] {logging_mixin.py:188} INFO - 2026-08-11 14:01:07,737 | INFO     | tts.edge_tts | Synthesized audio -> /opt/airflow/output/audio/phrase_1731.mp3
[2026-08-11T14:01:08.129+0000] {logging_mixin.py:188} INFO - 2026-08-11 14:01:08,129 | INFO     | tts.edge_tts | Synthesized audio -> /opt/airflow/output/audio/example_1731.mp3
[2026-08-11T14:01:08.372+0000] {logging_mixin.py:188} INFO - 2026-08-11 14:01:08,372 | INFO     | media.image_downloader | Downloaded background image for scene='park' -> /opt/airflow/output/images/long_1731.jpg
[2026-08-11T14:01:14.738+0000] {logging_mixin.py:188} INFO - 2026-08-11 14:01:14,738 | INFO     | tts.edge_tts | Synthesized audio -> /opt/airflow/output/audio/phrase_1767.mp3
[2026-08-11T14:01:15.362+0000] {logging_mixin.py:188} INFO - 2026-08-11 14:01:15,362 | INFO     | tts.edge_tts | Synthesized audio -> /opt/airflow/output/audio/example_1767.mp3
[2026-08-11T14:01:15.719+0000] {logging_mixin.py:188} INFO - 2026-08-11 14:01:15,719 | INFO     | media.image_downloader | Downloaded background image for scene='hotel' -> /opt/airflow/output/images/long_1767.jpg
[2026-08-11T14:01:21.659+0000] {logging_mixin.py:188} INFO - 2026-08-11 14:01:21,659 | INFO     | tts.edge_tts | Synthesized audio -> /opt/airflow/output/audio/phrase_1753.mp3
[2026-08-11T14:01:22.062+0000] {logging_mixin.py:188} INFO - 2026-08-11 14:01:22,062 | INFO     | tts.edge_tts | Synthesized audio -> /opt/airflow/output/audio/example_1753.mp3
[2026-08-11T14:01:22.290+0000] {logging_mixin.py:188} INFO - 2026-08-11 14:01:22,290 | INFO     | media.image_downloader | Downloaded background image for scene='office' -> /opt/airflow/output/images/long_1753.jpg
[2026-08-11T14:01:29.180+0000] {logging_mixin.py:188} INFO - 2026-08-11 14:01:29,180 | WARNING  | video.video_builder | BGM file not found at /opt/airflow/assets/bgm/long_bgm.mp3, rendering without background music
[2026-08-11T14:01:56.539+0000] {logging_mixin.py:188} INFO - 2026-08-11 14:01:56,539 | INFO     | video.video_builder | Final video rendered -> /opt/airflow/output/videos/long_1696.mp4
[2026-08-11T14:02:04.077+0000] {logging_mixin.py:188} INFO - 2026-08-11 14:02:04,077 | INFO     | media.thumbnail_builder | Built thumbnail -> /opt/airflow/output/thumbnails/long_1696.jpg
[2026-08-11T14:02:04.333+0000] {python.py:237} INFO - Done. Returned value was: {'video_id': 205, 'file_path': '/opt/airflow/output/videos/long_1696.mp4', 'thumbnail_path': '/opt/airflow/output/thumbnails/long_1696.jpg', 'title': 'Speak English Naturally: 20 Essential Everyday & Travel Expressions', 'description': "Master 20 essential English expressions for daily conversation, travel, and work! In this lesson from Taky's Language School, you will learn practical spoken English phrases used by native speakers every day.\n\nPhrases covered include:\n- Travel & Airport: Baggage claim, checking in, late check-out, gate changes\n- Daily Conversations: Catching up, making plans, asking for help\n- Workplace & Business: Rescheduling meetings, double-checking info, following up\n\nBoost your English confidence with real-life example sentences and native pronunciation tips!\n\nSubscribe to Taky's Language School for weekly English lessons.\n\n#LearnEnglish #SpokenEnglish #EverydayEnglish #TravelEnglish #TakysLanguageSchool", 'tags': ['learn english', 'spoken english', 'everyday english phrases', 'english conversation', 'takys language school', 'travel english phrases', 'business english', 'english expressions', 'speak english naturally', 'english learning video', 'practical english', 'english lesson'], 'video_type': 'long'}
[2026-08-11T14:02:04.335+0000] {taskinstance.py:441} INFO - ::group::Post task execution logs
[2026-08-11T14:02:04.365+0000] {taskinstance.py:1206} INFO - Marking task as SUCCESS. dag_id=youtube_english_video_pipeline, task_id=build_long_video_7, run_id=scheduled__2026-08-10T12:00:00+00:00, execution_date=20260810T120000, start_date=20260811T135932, end_date=20260811T140204
[2026-08-11T14:02:04.414+0000] {local_task_job_runner.py:243} INFO - Task exited with return code 0
[2026-08-11T14:02:04.551+0000] {taskinstance.py:3503} INFO - 1 downstream tasks scheduled from follow-on schedule check
[2026-08-11T14:02:04.555+0000] {local_task_job_runner.py:222} INFO - ::endgroup::
