[2026-09-20T04:54:35.943+0000] {local_task_job_runner.py:120} INFO - ::group::Pre task execution logs
[2026-09-20T04:54:35.966+0000] {taskinstance.py:2076} INFO - Dependencies all met for dep_context=non-requeueable deps ti=<TaskInstance: youtube_english_video_pipeline.should_build_long_video_1 scheduled__2026-09-18T12:00:00+00:00 [queued]>
[2026-09-20T04:54:35.972+0000] {taskinstance.py:2076} INFO - Dependencies all met for dep_context=requeueable deps ti=<TaskInstance: youtube_english_video_pipeline.should_build_long_video_1 scheduled__2026-09-18T12:00:00+00:00 [queued]>
[2026-09-20T04:54:35.972+0000] {taskinstance.py:2306} INFO - Starting attempt 1 of 3
[2026-09-20T04:54:35.981+0000] {taskinstance.py:2330} INFO - Executing <Task(ShortCircuitOperator): should_build_long_video_1> on 2026-09-18 12:00:00+00:00
[2026-09-20T04:54:35.986+0000] {standard_task_runner.py:64} INFO - Started process 13143 to run task
[2026-09-20T04:54:35.988+0000] {standard_task_runner.py:90} INFO - Running: ['airflow', 'tasks', 'run', 'youtube_english_video_pipeline', 'should_build_long_video_1', 'scheduled__2026-09-18T12:00:00+00:00', '--job-id', '1233', '--raw', '--subdir', 'DAGS_FOLDER/youtube_pipeline.py', '--cfg-path', '/tmp/tmp3y5zktqu']
[2026-09-20T04:54:35.989+0000] {standard_task_runner.py:91} INFO - Job 1233: Subtask should_build_long_video_1
[2026-09-20T04:54:36.035+0000] {task_command.py:426} INFO - Running <TaskInstance: youtube_english_video_pipeline.should_build_long_video_1 scheduled__2026-09-18T12:00:00+00:00 [running]> on host cc859d74cf38
[2026-09-20T04:54:36.194+0000] {taskinstance.py:2648} INFO - Exporting env vars: AIRFLOW_CTX_DAG_OWNER='taky' AIRFLOW_CTX_DAG_ID='youtube_english_video_pipeline' AIRFLOW_CTX_TASK_ID='should_build_long_video_1' AIRFLOW_CTX_EXECUTION_DATE='2026-09-18T12:00:00+00:00' AIRFLOW_CTX_TRY_NUMBER='1' AIRFLOW_CTX_DAG_RUN_ID='scheduled__2026-09-18T12:00:00+00:00'
[2026-09-20T04:54:36.195+0000] {taskinstance.py:430} INFO - ::endgroup::
[2026-09-20T04:54:36.201+0000] {baseoperator.py:400} WARNING - ShortCircuitOperator.execute cannot be called outside TaskInstance!
[2026-09-20T04:54:36.202+0000] {python.py:237} INFO - Done. Returned value was: True
[2026-09-20T04:54:36.203+0000] {python.py:304} INFO - Condition result is True
[2026-09-20T04:54:36.204+0000] {python.py:307} INFO - Proceeding with downstream tasks...
[2026-09-20T04:54:36.204+0000] {taskinstance.py:441} INFO - ::group::Post task execution logs
[2026-09-20T04:54:36.220+0000] {taskinstance.py:1206} INFO - Marking task as SUCCESS. dag_id=youtube_english_video_pipeline, task_id=should_build_long_video_1, run_id=scheduled__2026-09-18T12:00:00+00:00, execution_date=20260918T120000, start_date=20260920T045435, end_date=20260920T045436
[2026-09-20T04:54:36.241+0000] {local_task_job_runner.py:243} INFO - Task exited with return code 0
[2026-09-20T04:54:36.376+0000] {taskinstance.py:3503} INFO - 1 downstream tasks scheduled from follow-on schedule check
[2026-09-20T04:54:36.379+0000] {local_task_job_runner.py:222} INFO - ::endgroup::
