[2026-09-20T11:20:12.392+0000] {local_task_job_runner.py:120} INFO - ::group::Pre task execution logs
[2026-09-20T11:20:12.440+0000] {taskinstance.py:2076} INFO - Dependencies all met for dep_context=non-requeueable deps ti=<TaskInstance: youtube_english_video_pipeline.build_short_video_7 manual__2026-09-20T11:03:20.949531+00:00 [queued]>
[2026-09-20T11:20:12.454+0000] {taskinstance.py:2076} INFO - Dependencies all met for dep_context=requeueable deps ti=<TaskInstance: youtube_english_video_pipeline.build_short_video_7 manual__2026-09-20T11:03:20.949531+00:00 [queued]>
[2026-09-20T11:20:12.455+0000] {taskinstance.py:2306} INFO - Starting attempt 1 of 3
[2026-09-20T11:20:12.470+0000] {taskinstance.py:2330} INFO - Executing <Task(PythonOperator): build_short_video_7> on 2026-09-20 11:03:20.949531+00:00
[2026-09-20T11:20:12.475+0000] {standard_task_runner.py:64} INFO - Started process 53095 to run task
[2026-09-20T11:20:12.479+0000] {standard_task_runner.py:90} INFO - Running: ['airflow', 'tasks', 'run', 'youtube_english_video_pipeline', 'build_short_video_7', 'manual__2026-09-20T11:03:20.949531+00:00', '--job-id', '1343', '--raw', '--subdir', 'DAGS_FOLDER/youtube_pipeline.py', '--cfg-path', '/tmp/tmp_98gwdbr']
[2026-09-20T11:20:12.481+0000] {standard_task_runner.py:91} INFO - Job 1343: Subtask build_short_video_7
[2026-09-20T11:20:12.534+0000] {task_command.py:426} INFO - Running <TaskInstance: youtube_english_video_pipeline.build_short_video_7 manual__2026-09-20T11:03:20.949531+00:00 [running]> on host 73b18333cdfe
[2026-09-20T11:20:12.800+0000] {taskinstance.py:2648} INFO - Exporting env vars: AIRFLOW_CTX_DAG_OWNER='taky' AIRFLOW_CTX_DAG_ID='youtube_english_video_pipeline' AIRFLOW_CTX_TASK_ID='build_short_video_7' AIRFLOW_CTX_EXECUTION_DATE='2026-09-20T11:03:20.949531+00:00' AIRFLOW_CTX_TRY_NUMBER='1' AIRFLOW_CTX_DAG_RUN_ID='manual__2026-09-20T11:03:20.949531+00:00'
[2026-09-20T11:20:12.801+0000] {taskinstance.py:430} INFO - ::endgroup::
[2026-09-20T11:20:13.397+0000] {logging_mixin.py:188} INFO - 2026-09-20 11:20:13,396 | INFO     | planner.video_planner | Planned SHORT video: topic='Daily Communication', phrases=1
[2026-09-20T11:20:13.694+0000] {logging_mixin.py:188} INFO - 2026-09-20 11:20:13,693 | INFO     | tts.edge_tts | Synthesized audio -> /opt/airflow/output/audio/phrase_2985.mp3
[2026-09-20T11:20:13.997+0000] {logging_mixin.py:188} INFO - 2026-09-20 11:20:13,997 | INFO     | tts.edge_tts | Synthesized audio -> /opt/airflow/output/audio/example_2985.mp3
[2026-09-20T11:20:14.724+0000] {logging_mixin.py:188} INFO - 2026-09-20 11:20:14,724 | INFO     | media.image_downloader | Downloaded background image for scene='subway' -> /opt/airflow/output/images/short_2985.jpg
[2026-09-20T11:20:17.884+0000] {logging_mixin.py:188} INFO - 2026-09-20 11:20:17,884 | WARNING  | video.video_builder | BGM file not found at /opt/airflow/assets/bgm/short_bgm.mp3, rendering without background music
[2026-09-20T11:20:19.793+0000] {logging_mixin.py:188} INFO - 2026-09-20 11:20:19,793 | INFO     | video.video_builder | Final video rendered -> /opt/airflow/output/videos/short_2985.mp4
[2026-09-20T11:20:21.825+0000] {python.py:237} INFO - Done. Returned value was: {'video_id': 406, 'file_path': '/opt/airflow/output/videos/short_2985.mp4', 'title': 'How to ask someone to repeat themselves in English | Daily English Phrases', 'description': "Struggling to catch what someone said in English? In this quick lesson from Taky's Language School, learn how to politely ask someone to repeat themselves. We cover the natural phrase 'Could you say that again?' with a practical example involving a noisy train announcement. Perfect for improving your daily communication skills and building confidence in real-world conversations. Don't forget to like, subscribe, and hit the bell icon for more bite-sized English tips!", 'tags': ['English phrases', 'learn English', 'daily English', 'spoken English', 'English conversation', "Taky's Language School", 'English for beginners', 'improve English', 'how to ask for repetition', 'English shorts'], 'video_type': 'short'}
[2026-09-20T11:20:21.827+0000] {taskinstance.py:441} INFO - ::group::Post task execution logs
[2026-09-20T11:20:21.860+0000] {taskinstance.py:1206} INFO - Marking task as SUCCESS. dag_id=youtube_english_video_pipeline, task_id=build_short_video_7, run_id=manual__2026-09-20T11:03:20.949531+00:00, execution_date=20260920T110320, start_date=20260920T112012, end_date=20260920T112021
[2026-09-20T11:20:21.970+0000] {local_task_job_runner.py:243} INFO - Task exited with return code 0
[2026-09-20T11:20:22.175+0000] {taskinstance.py:3503} INFO - 1 downstream tasks scheduled from follow-on schedule check
[2026-09-20T11:20:22.196+0000] {local_task_job_runner.py:222} INFO - ::endgroup::
