[2026-07-25T12:20:31.133+0000] {local_task_job_runner.py:120} INFO - ::group::Pre task execution logs
[2026-07-25T12:20:31.168+0000] {taskinstance.py:2076} INFO - Dependencies all met for dep_context=non-requeueable deps ti=<TaskInstance: youtube_english_video_pipeline.upload_long_video_1 manual__2026-07-25T09:49:38.187523+00:00 [queued]>
[2026-07-25T12:20:31.177+0000] {taskinstance.py:2076} INFO - Dependencies all met for dep_context=requeueable deps ti=<TaskInstance: youtube_english_video_pipeline.upload_long_video_1 manual__2026-07-25T09:49:38.187523+00:00 [queued]>
[2026-07-25T12:20:31.178+0000] {taskinstance.py:2306} INFO - Starting attempt 1 of 3
[2026-07-25T12:20:31.191+0000] {taskinstance.py:2330} INFO - Executing <Task(PythonOperator): upload_long_video_1> on 2026-07-25 09:49:38.187523+00:00
[2026-07-25T12:20:31.196+0000] {standard_task_runner.py:64} INFO - Started process 2907 to run task
[2026-07-25T12:20:31.202+0000] {standard_task_runner.py:90} INFO - Running: ['airflow', 'tasks', 'run', 'youtube_english_video_pipeline', 'upload_long_video_1', 'manual__2026-07-25T09:49:38.187523+00:00', '--job-id', '316', '--raw', '--subdir', 'DAGS_FOLDER/youtube_pipeline.py', '--cfg-path', '/tmp/tmpyxmedxzv']
[2026-07-25T12:20:31.205+0000] {standard_task_runner.py:91} INFO - Job 316: Subtask upload_long_video_1
[2026-07-25T12:20:31.285+0000] {task_command.py:426} INFO - Running <TaskInstance: youtube_english_video_pipeline.upload_long_video_1 manual__2026-07-25T09:49:38.187523+00:00 [running]> on host cc859d74cf38
[2026-07-25T12:20:31.565+0000] {taskinstance.py:2648} INFO - Exporting env vars: AIRFLOW_CTX_DAG_OWNER='taky' AIRFLOW_CTX_DAG_ID='youtube_english_video_pipeline' AIRFLOW_CTX_TASK_ID='upload_long_video_1' AIRFLOW_CTX_EXECUTION_DATE='2026-07-25T09:49:38.187523+00:00' AIRFLOW_CTX_TRY_NUMBER='1' AIRFLOW_CTX_DAG_RUN_ID='manual__2026-07-25T09:49:38.187523+00:00'
[2026-07-25T12:20:31.571+0000] {taskinstance.py:430} INFO - ::endgroup::
[2026-07-25T12:20:31.933+0000] {__init__.py:49} INFO - file_cache is only supported with oauth2client<4.0.0
[2026-07-25T12:20:31.941+0000] {logging_mixin.py:188} INFO - 2026-07-25 12:20:31,941 | INFO     | uploader.youtube_uploader | Uploading video '15 Daily English Expressions | Daily Conversation' (/opt/airflow/output/videos/long_465.mp4) to YouTube...
[2026-07-25T12:20:37.002+0000] {logging_mixin.py:188} INFO - 2026-07-25 12:20:37,002 | INFO     | uploader.youtube_uploader | Upload complete. YouTube video id = mmKshEnupCs
[2026-07-25T12:20:40.232+0000] {logging_mixin.py:188} INFO - 2026-07-25 12:20:40,231 | INFO     | uploader.youtube_uploader | Custom thumbnail uploaded.
[2026-07-25T12:20:40.252+0000] {python.py:237} INFO - Done. Returned value was: mmKshEnupCs
[2026-07-25T12:20:40.254+0000] {taskinstance.py:441} INFO - ::group::Post task execution logs
[2026-07-25T12:20:40.282+0000] {taskinstance.py:1206} INFO - Marking task as SUCCESS. dag_id=youtube_english_video_pipeline, task_id=upload_long_video_1, run_id=manual__2026-07-25T09:49:38.187523+00:00, execution_date=20260725T094938, start_date=20260725T122031, end_date=20260725T122040
[2026-07-25T12:20:40.343+0000] {local_task_job_runner.py:243} INFO - Task exited with return code 0
[2026-07-25T12:20:40.542+0000] {taskinstance.py:3503} INFO - 1 downstream tasks scheduled from follow-on schedule check
[2026-07-25T12:20:40.548+0000] {local_task_job_runner.py:222} INFO - ::endgroup::
