[2026-09-22T00:44:00.628+0000] {local_task_job_runner.py:120} INFO - ::group::Pre task execution logs
[2026-09-22T00:44:00.669+0000] {taskinstance.py:2076} INFO - Dependencies all met for dep_context=non-requeueable deps ti=<TaskInstance: youtube_english_video_pipeline.build_short_video_10 scheduled__2026-09-20T12:00:00+00:00 [queued]>
[2026-09-22T00:44:00.680+0000] {taskinstance.py:2076} INFO - Dependencies all met for dep_context=requeueable deps ti=<TaskInstance: youtube_english_video_pipeline.build_short_video_10 scheduled__2026-09-20T12:00:00+00:00 [queued]>
[2026-09-22T00:44:00.683+0000] {taskinstance.py:2306} INFO - Starting attempt 1 of 3
[2026-09-22T00:44:00.695+0000] {taskinstance.py:2330} INFO - Executing <Task(PythonOperator): build_short_video_10> on 2026-09-20 12:00:00+00:00
[2026-09-22T00:44:00.701+0000] {standard_task_runner.py:64} INFO - Started process 30929 to run task
[2026-09-22T00:44:00.704+0000] {standard_task_runner.py:90} INFO - Running: ['airflow', 'tasks', 'run', 'youtube_english_video_pipeline', 'build_short_video_10', 'scheduled__2026-09-20T12:00:00+00:00', '--job-id', '1507', '--raw', '--subdir', 'DAGS_FOLDER/youtube_pipeline.py', '--cfg-path', '/tmp/tmp6crr23po']
[2026-09-22T00:44:00.706+0000] {standard_task_runner.py:91} INFO - Job 1507: Subtask build_short_video_10
[2026-09-22T00:44:00.765+0000] {task_command.py:426} INFO - Running <TaskInstance: youtube_english_video_pipeline.build_short_video_10 scheduled__2026-09-20T12:00:00+00:00 [running]> on host 73b18333cdfe
[2026-09-22T00:44:00.993+0000] {taskinstance.py:2648} INFO - Exporting env vars: AIRFLOW_CTX_DAG_OWNER='taky' AIRFLOW_CTX_DAG_ID='youtube_english_video_pipeline' AIRFLOW_CTX_TASK_ID='build_short_video_10' AIRFLOW_CTX_EXECUTION_DATE='2026-09-20T12:00:00+00:00' AIRFLOW_CTX_TRY_NUMBER='1' AIRFLOW_CTX_DAG_RUN_ID='scheduled__2026-09-20T12:00:00+00:00'
[2026-09-22T00:44:00.994+0000] {taskinstance.py:430} INFO - ::endgroup::
[2026-09-22T00:44:02.062+0000] {logging_mixin.py:188} INFO - 2026-09-22 00:44:02,062 | INFO     | planner.video_planner | Planned SHORT video: topic='General English', phrases=1
[2026-09-22T00:44:02.546+0000] {logging_mixin.py:188} INFO - 2026-09-22 00:44:02,546 | INFO     | tts.edge_tts | Synthesized audio -> /opt/airflow/output/audio/phrase_3565.mp3
[2026-09-22T00:44:02.838+0000] {logging_mixin.py:188} INFO - 2026-09-22 00:44:02,838 | INFO     | tts.edge_tts | Synthesized audio -> /opt/airflow/output/audio/example_3565.mp3
[2026-09-22T00:44:03.576+0000] {logging_mixin.py:188} INFO - 2026-09-22 00:44:03,576 | INFO     | media.image_downloader | Downloaded background image for scene='billing' -> /opt/airflow/output/images/short_3565.jpg
[2026-09-22T00:44:06.969+0000] {logging_mixin.py:188} INFO - 2026-09-22 00:44:06,968 | WARNING  | video.video_builder | BGM file not found at /opt/airflow/assets/bgm/short_bgm.mp3, rendering without background music
[2026-09-22T00:44:08.555+0000] {logging_mixin.py:188} INFO - 2026-09-22 00:44:08,555 | INFO     | video.video_builder | Final video rendered -> /opt/airflow/output/videos/short_3565.mp4
[2026-09-22T00:44:12.125+0000] {python.py:237} INFO - Done. Returned value was: {'video_id': 462, 'file_path': '/opt/airflow/output/videos/short_3565.mp4', 'title': 'General English: How to Politely Question Your Bill', 'description': "General English: Learn how to professionally and politely ask someone to double-check a mistake on your bill. If you are worried about sounding rude or unnatural when pointing out errors in a restaurant or shop, this phrase is exactly what you need. Master this essential, natural expression to navigate daily life in English-speaking countries with total confidence. Subscribe to Taky's Language School for more practical spoken English tips for Japanese speakers.", 'tags': ['General English', 'English conversation', 'English for Japanese speakers', 'practical English', 'polite English', 'speak English naturally', "Taky's Language School"], 'video_type': 'short'}
[2026-09-22T00:44:12.127+0000] {taskinstance.py:441} INFO - ::group::Post task execution logs
[2026-09-22T00:44:12.171+0000] {taskinstance.py:1206} INFO - Marking task as SUCCESS. dag_id=youtube_english_video_pipeline, task_id=build_short_video_10, run_id=scheduled__2026-09-20T12:00:00+00:00, execution_date=20260920T120000, start_date=20260922T004400, end_date=20260922T004412
[2026-09-22T00:44:12.230+0000] {local_task_job_runner.py:243} INFO - Task exited with return code 0
[2026-09-22T00:44:12.279+0000] {taskinstance.py:3503} INFO - 1 downstream tasks scheduled from follow-on schedule check
[2026-09-22T00:44:12.286+0000] {local_task_job_runner.py:222} INFO - ::endgroup::
