[2026-07-29T12:45:36.020+0000] {local_task_job_runner.py:120} INFO - ::group::Pre task execution logs
[2026-07-29T12:45:36.067+0000] {taskinstance.py:2076} INFO - Dependencies all met for dep_context=non-requeueable deps ti=<TaskInstance: youtube_english_video_pipeline.build_long_video_5 scheduled__2026-07-28T12:00:00+00:00 [queued]>
[2026-07-29T12:45:36.084+0000] {taskinstance.py:2076} INFO - Dependencies all met for dep_context=requeueable deps ti=<TaskInstance: youtube_english_video_pipeline.build_long_video_5 scheduled__2026-07-28T12:00:00+00:00 [queued]>
[2026-07-29T12:45:36.085+0000] {taskinstance.py:2306} INFO - Starting attempt 1 of 3
[2026-07-29T12:45:36.105+0000] {taskinstance.py:2330} INFO - Executing <Task(PythonOperator): build_long_video_5> on 2026-07-28 12:00:00+00:00
[2026-07-29T12:45:36.110+0000] {standard_task_runner.py:64} INFO - Started process 53786 to run task
[2026-07-29T12:45:36.115+0000] {standard_task_runner.py:90} INFO - Running: ['airflow', 'tasks', 'run', 'youtube_english_video_pipeline', 'build_long_video_5', 'scheduled__2026-07-28T12:00:00+00:00', '--job-id', '560', '--raw', '--subdir', 'DAGS_FOLDER/youtube_pipeline.py', '--cfg-path', '/tmp/tmpdweqmevu']
[2026-07-29T12:45:36.120+0000] {standard_task_runner.py:91} INFO - Job 560: Subtask build_long_video_5
[2026-07-29T12:45:36.232+0000] {task_command.py:426} INFO - Running <TaskInstance: youtube_english_video_pipeline.build_long_video_5 scheduled__2026-07-28T12:00:00+00:00 [running]> on host cc859d74cf38
[2026-07-29T12:45:36.506+0000] {taskinstance.py:2648} INFO - Exporting env vars: AIRFLOW_CTX_DAG_OWNER='taky' AIRFLOW_CTX_DAG_ID='youtube_english_video_pipeline' AIRFLOW_CTX_TASK_ID='build_long_video_5' AIRFLOW_CTX_EXECUTION_DATE='2026-07-28T12:00:00+00:00' AIRFLOW_CTX_TRY_NUMBER='1' AIRFLOW_CTX_DAG_RUN_ID='scheduled__2026-07-28T12:00:00+00:00'
[2026-07-29T12:45:36.507+0000] {taskinstance.py:430} INFO - ::endgroup::
[2026-07-29T12:45:37.740+0000] {logging_mixin.py:188} INFO - 2026-07-29 12:45:37,740 | INFO     | planner.video_planner | Planned LONG video: topic='Travel English', phrases=15
[2026-07-29T12:45:38.310+0000] {logging_mixin.py:188} INFO - 2026-07-29 12:45:38,310 | INFO     | tts.edge_tts | Synthesized audio -> /opt/airflow/output/audio/phrase_1304.mp3
[2026-07-29T12:45:38.818+0000] {logging_mixin.py:188} INFO - 2026-07-29 12:45:38,818 | INFO     | tts.edge_tts | Synthesized audio -> /opt/airflow/output/audio/example_1304.mp3
[2026-07-29T12:45:39.285+0000] {logging_mixin.py:188} INFO - 2026-07-29 12:45:39,284 | INFO     | media.image_downloader | Downloaded background image for scene='airport' -> /opt/airflow/output/images/long_1304.jpg
[2026-07-29T12:45:44.350+0000] {logging_mixin.py:188} INFO - 2026-07-29 12:45:44,350 | INFO     | tts.edge_tts | Synthesized audio -> /opt/airflow/output/audio/phrase_1309.mp3
[2026-07-29T12:45:45.019+0000] {logging_mixin.py:188} INFO - 2026-07-29 12:45:45,019 | INFO     | tts.edge_tts | Synthesized audio -> /opt/airflow/output/audio/example_1309.mp3
[2026-07-29T12:45:45.399+0000] {logging_mixin.py:188} INFO - 2026-07-29 12:45:45,399 | INFO     | media.image_downloader | Downloaded background image for scene='airport' -> /opt/airflow/output/images/long_1309.jpg
[2026-07-29T12:45:52.220+0000] {logging_mixin.py:188} INFO - 2026-07-29 12:45:52,220 | INFO     | tts.edge_tts | Synthesized audio -> /opt/airflow/output/audio/phrase_1324.mp3
[2026-07-29T12:45:52.939+0000] {logging_mixin.py:188} INFO - 2026-07-29 12:45:52,939 | INFO     | tts.edge_tts | Synthesized audio -> /opt/airflow/output/audio/example_1324.mp3
[2026-07-29T12:45:53.441+0000] {logging_mixin.py:188} INFO - 2026-07-29 12:45:53,441 | INFO     | media.image_downloader | Downloaded background image for scene='bus' -> /opt/airflow/output/images/long_1324.jpg
[2026-07-29T12:46:01.605+0000] {logging_mixin.py:188} INFO - 2026-07-29 12:46:01,605 | INFO     | tts.edge_tts | Synthesized audio -> /opt/airflow/output/audio/phrase_1328.mp3
[2026-07-29T12:46:02.266+0000] {logging_mixin.py:188} INFO - 2026-07-29 12:46:02,266 | INFO     | tts.edge_tts | Synthesized audio -> /opt/airflow/output/audio/example_1328.mp3
[2026-07-29T12:46:02.787+0000] {logging_mixin.py:188} INFO - 2026-07-29 12:46:02,787 | INFO     | media.image_downloader | Downloaded background image for scene='taxi' -> /opt/airflow/output/images/long_1328.jpg
[2026-07-29T12:46:11.540+0000] {logging_mixin.py:188} INFO - 2026-07-29 12:46:11,540 | INFO     | tts.edge_tts | Synthesized audio -> /opt/airflow/output/audio/phrase_1339.mp3
[2026-07-29T12:46:12.827+0000] {logging_mixin.py:188} INFO - 2026-07-29 12:46:12,826 | INFO     | tts.edge_tts | Synthesized audio -> /opt/airflow/output/audio/example_1339.mp3
[2026-07-29T12:46:13.924+0000] {logging_mixin.py:188} INFO - 2026-07-29 12:46:13,924 | INFO     | media.image_downloader | Downloaded background image for scene='street' -> /opt/airflow/output/images/long_1339.jpg
[2026-07-29T12:46:23.934+0000] {logging_mixin.py:188} INFO - 2026-07-29 12:46:23,934 | INFO     | tts.edge_tts | Synthesized audio -> /opt/airflow/output/audio/phrase_1344.mp3
[2026-07-29T12:46:24.741+0000] {logging_mixin.py:188} INFO - 2026-07-29 12:46:24,741 | INFO     | tts.edge_tts | Synthesized audio -> /opt/airflow/output/audio/example_1344.mp3
[2026-07-29T12:46:25.216+0000] {logging_mixin.py:188} INFO - 2026-07-29 12:46:25,216 | INFO     | media.image_downloader | Downloaded background image for scene='airport' -> /opt/airflow/output/images/long_1344.jpg
[2026-07-29T12:46:31.891+0000] {logging_mixin.py:188} INFO - 2026-07-29 12:46:31,891 | INFO     | tts.edge_tts | Synthesized audio -> /opt/airflow/output/audio/phrase_1348.mp3
[2026-07-29T12:46:32.598+0000] {logging_mixin.py:188} INFO - 2026-07-29 12:46:32,598 | INFO     | tts.edge_tts | Synthesized audio -> /opt/airflow/output/audio/example_1348.mp3
[2026-07-29T12:46:33.321+0000] {logging_mixin.py:188} INFO - 2026-07-29 12:46:33,321 | INFO     | media.image_downloader | Downloaded background image for scene='taxi' -> /opt/airflow/output/images/long_1348.jpg
[2026-07-29T12:46:41.203+0000] {logging_mixin.py:188} INFO - 2026-07-29 12:46:41,203 | INFO     | tts.edge_tts | Synthesized audio -> /opt/airflow/output/audio/phrase_1350.mp3
[2026-07-29T12:46:41.826+0000] {logging_mixin.py:188} INFO - 2026-07-29 12:46:41,825 | INFO     | tts.edge_tts | Synthesized audio -> /opt/airflow/output/audio/example_1350.mp3
[2026-07-29T12:46:42.714+0000] {logging_mixin.py:188} INFO - 2026-07-29 12:46:42,713 | INFO     | media.image_downloader | Downloaded background image for scene='baggage' -> /opt/airflow/output/images/long_1350.jpg
[2026-07-29T12:46:48.357+0000] {logging_mixin.py:188} INFO - 2026-07-29 12:46:48,357 | INFO     | tts.edge_tts | Synthesized audio -> /opt/airflow/output/audio/phrase_1355.mp3
[2026-07-29T12:46:49.024+0000] {logging_mixin.py:188} INFO - 2026-07-29 12:46:49,024 | INFO     | tts.edge_tts | Synthesized audio -> /opt/airflow/output/audio/example_1355.mp3
[2026-07-29T12:46:49.640+0000] {logging_mixin.py:188} INFO - 2026-07-29 12:46:49,639 | INFO     | media.image_downloader | Downloaded background image for scene='airport' -> /opt/airflow/output/images/long_1355.jpg
[2026-07-29T12:46:56.504+0000] {logging_mixin.py:188} INFO - 2026-07-29 12:46:56,504 | INFO     | tts.edge_tts | Synthesized audio -> /opt/airflow/output/audio/phrase_1364.mp3
[2026-07-29T12:46:57.150+0000] {logging_mixin.py:188} INFO - 2026-07-29 12:46:57,150 | INFO     | tts.edge_tts | Synthesized audio -> /opt/airflow/output/audio/example_1364.mp3
[2026-07-29T12:46:57.681+0000] {logging_mixin.py:188} INFO - 2026-07-29 12:46:57,681 | INFO     | media.image_downloader | Downloaded background image for scene='street' -> /opt/airflow/output/images/long_1364.jpg
[2026-07-29T12:47:10.534+0000] {logging_mixin.py:188} INFO - 2026-07-29 12:47:10,534 | INFO     | tts.edge_tts | Synthesized audio -> /opt/airflow/output/audio/phrase_1370.mp3
[2026-07-29T12:47:11.156+0000] {logging_mixin.py:188} INFO - 2026-07-29 12:47:11,156 | INFO     | tts.edge_tts | Synthesized audio -> /opt/airflow/output/audio/example_1370.mp3
[2026-07-29T12:47:12.065+0000] {logging_mixin.py:188} INFO - 2026-07-29 12:47:12,065 | INFO     | media.image_downloader | Downloaded background image for scene='train' -> /opt/airflow/output/images/long_1370.jpg
[2026-07-29T12:47:20.038+0000] {logging_mixin.py:188} INFO - 2026-07-29 12:47:20,038 | INFO     | tts.edge_tts | Synthesized audio -> /opt/airflow/output/audio/phrase_1380.mp3
[2026-07-29T12:47:20.649+0000] {logging_mixin.py:188} INFO - 2026-07-29 12:47:20,648 | INFO     | tts.edge_tts | Synthesized audio -> /opt/airflow/output/audio/example_1380.mp3
[2026-07-29T12:47:21.374+0000] {logging_mixin.py:188} INFO - 2026-07-29 12:47:21,374 | INFO     | media.image_downloader | Downloaded background image for scene='taxi' -> /opt/airflow/output/images/long_1380.jpg
[2026-07-29T12:47:28.686+0000] {logging_mixin.py:188} INFO - 2026-07-29 12:47:28,686 | INFO     | tts.edge_tts | Synthesized audio -> /opt/airflow/output/audio/phrase_1392.mp3
[2026-07-29T12:47:29.779+0000] {logging_mixin.py:188} INFO - 2026-07-29 12:47:29,778 | INFO     | tts.edge_tts | Synthesized audio -> /opt/airflow/output/audio/example_1392.mp3
[2026-07-29T12:47:30.488+0000] {logging_mixin.py:188} INFO - 2026-07-29 12:47:30,487 | INFO     | media.image_downloader | Downloaded background image for scene='bus' -> /opt/airflow/output/images/long_1392.jpg
[2026-07-29T12:47:37.717+0000] {logging_mixin.py:188} INFO - 2026-07-29 12:47:37,717 | INFO     | tts.edge_tts | Synthesized audio -> /opt/airflow/output/audio/phrase_1399.mp3
[2026-07-29T12:47:38.236+0000] {logging_mixin.py:188} INFO - 2026-07-29 12:47:38,236 | INFO     | tts.edge_tts | Synthesized audio -> /opt/airflow/output/audio/example_1399.mp3
[2026-07-29T12:47:38.893+0000] {logging_mixin.py:188} INFO - 2026-07-29 12:47:38,893 | INFO     | media.image_downloader | Downloaded background image for scene='taxi' -> /opt/airflow/output/images/long_1399.jpg
[2026-07-29T12:47:46.921+0000] {logging_mixin.py:188} INFO - 2026-07-29 12:47:46,921 | INFO     | tts.edge_tts | Synthesized audio -> /opt/airflow/output/audio/phrase_1323.mp3
[2026-07-29T12:47:47.497+0000] {logging_mixin.py:188} INFO - 2026-07-29 12:47:47,497 | INFO     | tts.edge_tts | Synthesized audio -> /opt/airflow/output/audio/example_1323.mp3
[2026-07-29T12:47:48.068+0000] {logging_mixin.py:188} INFO - 2026-07-29 12:47:48,068 | INFO     | media.image_downloader | Downloaded background image for scene='hotel' -> /opt/airflow/output/images/long_1323.jpg
[2026-07-29T12:47:58.991+0000] {logging_mixin.py:188} INFO - 2026-07-29 12:47:58,991 | WARNING  | video.video_builder | BGM file not found at /opt/airflow/assets/bgm/long_bgm.mp3, rendering without background music
[2026-07-29T12:48:22.559+0000] {logging_mixin.py:188} INFO - 2026-07-29 12:48:22,559 | INFO     | video.video_builder | Final video rendered -> /opt/airflow/output/videos/long_1304.mp4
[2026-07-29T12:48:30.492+0000] {logging_mixin.py:188} INFO - 2026-07-29 12:48:30,491 | INFO     | media.thumbnail_builder | Built thumbnail -> /opt/airflow/output/thumbnails/long_1304.jpg
[2026-07-29T12:48:31.079+0000] {python.py:237} INFO - Done. Returned value was: {'video_id': 152, 'file_path': '/opt/airflow/output/videos/long_1304.mp4', 'thumbnail_path': '/opt/airflow/output/thumbnails/long_1304.jpg', 'title': '10 Must-Know Travel English Phrases | Airport, Taxi, & Hotel English', 'description': "Welcome to Taky's Language School! In this video, you'll learn essential Travel English phrases to help you travel with confidence. Whether you're navigating the airport, taking a taxi, or asking for Wi-Fi, these practical spoken English expressions will make your next trip smooth and stress-free.\n\nPhrases covered in this lesson:\n- I'm looking for...\n- Which gate does the flight leave from?\n- Is this seat taken?\n- Keep the change.\n- Where is the nearest restroom / ATM?\n- What time is boarding?\n- My luggage is missing.\n- What's the Wi-Fi password?\n\nSubscribe to Taky's Language School for more practical English lessons!", 'tags': ['travel english', 'learn english for travel', 'spoken english lesson', 'airport english phrases', 'english conversation practice', 'takys language school', 'english vocabulary travel', 'practical travel english', 'english for beginners', 'travel vocabulary'], 'video_type': 'long'}
[2026-07-29T12:48:31.089+0000] {taskinstance.py:441} INFO - ::group::Post task execution logs
[2026-07-29T12:48:31.141+0000] {taskinstance.py:1206} INFO - Marking task as SUCCESS. dag_id=youtube_english_video_pipeline, task_id=build_long_video_5, run_id=scheduled__2026-07-28T12:00:00+00:00, execution_date=20260728T120000, start_date=20260729T124536, end_date=20260729T124831
[2026-07-29T12:48:31.229+0000] {local_task_job_runner.py:243} INFO - Task exited with return code 0
[2026-07-29T12:48:31.550+0000] {taskinstance.py:3503} INFO - 1 downstream tasks scheduled from follow-on schedule check
[2026-07-29T12:48:31.563+0000] {local_task_job_runner.py:222} INFO - ::endgroup::
