[2026-07-27T01:47:15.331+0000] {local_task_job_runner.py:120} INFO - ::group::Pre task execution logs
[2026-07-27T01:47:15.399+0000] {taskinstance.py:2076} INFO - Dependencies all met for dep_context=non-requeueable deps ti=<TaskInstance: youtube_english_video_pipeline.build_short_video_7 scheduled__2026-07-25T12:00:00+00:00 [queued]>
[2026-07-27T01:47:15.418+0000] {taskinstance.py:2076} INFO - Dependencies all met for dep_context=requeueable deps ti=<TaskInstance: youtube_english_video_pipeline.build_short_video_7 scheduled__2026-07-25T12:00:00+00:00 [queued]>
[2026-07-27T01:47:15.423+0000] {taskinstance.py:2306} INFO - Starting attempt 1 of 3
[2026-07-27T01:47:15.447+0000] {taskinstance.py:2330} INFO - Executing <Task(PythonOperator): build_short_video_7> on 2026-07-25 12:00:00+00:00
[2026-07-27T01:47:15.453+0000] {standard_task_runner.py:64} INFO - Started process 47584 to run task
[2026-07-27T01:47:15.457+0000] {standard_task_runner.py:90} INFO - Running: ['airflow', 'tasks', 'run', 'youtube_english_video_pipeline', 'build_short_video_7', 'scheduled__2026-07-25T12:00:00+00:00', '--job-id', '395', '--raw', '--subdir', 'DAGS_FOLDER/youtube_pipeline.py', '--cfg-path', '/tmp/tmpksokh8yi']
[2026-07-27T01:47:15.461+0000] {standard_task_runner.py:91} INFO - Job 395: Subtask build_short_video_7
[2026-07-27T01:47:15.561+0000] {task_command.py:426} INFO - Running <TaskInstance: youtube_english_video_pipeline.build_short_video_7 scheduled__2026-07-25T12:00:00+00:00 [running]> on host cc859d74cf38
[2026-07-27T01:47:15.846+0000] {taskinstance.py:2648} INFO - Exporting env vars: AIRFLOW_CTX_DAG_OWNER='taky' AIRFLOW_CTX_DAG_ID='youtube_english_video_pipeline' AIRFLOW_CTX_TASK_ID='build_short_video_7' AIRFLOW_CTX_EXECUTION_DATE='2026-07-25T12:00:00+00:00' AIRFLOW_CTX_TRY_NUMBER='1' AIRFLOW_CTX_DAG_RUN_ID='scheduled__2026-07-25T12:00:00+00:00'
[2026-07-27T01:47:15.847+0000] {taskinstance.py:430} INFO - ::endgroup::
[2026-07-27T01:47:17.758+0000] {logging_mixin.py:188} INFO - 2026-07-27 01:47:17,758 | INFO     | planner.video_planner | Planned SHORT video: topic='Airport English', phrases=1
[2026-07-27T01:47:18.260+0000] {logging_mixin.py:188} INFO - 2026-07-27 01:47:18,260 | INFO     | tts.edge_tts | Synthesized audio -> /opt/airflow/output/audio/phrase_677.mp3
[2026-07-27T01:47:18.781+0000] {logging_mixin.py:188} INFO - 2026-07-27 01:47:18,781 | INFO     | tts.edge_tts | Synthesized audio -> /opt/airflow/output/audio/example_677.mp3
[2026-07-27T01:47:19.213+0000] {logging_mixin.py:188} INFO - 2026-07-27 01:47:19,213 | INFO     | media.image_downloader | Downloaded background image for scene='airport' -> /opt/airflow/output/images/short_677.jpg
[2026-07-27T01:47:23.219+0000] {logging_mixin.py:188} INFO - 2026-07-27 01:47:23,218 | WARNING  | video.video_builder | BGM file not found at /opt/airflow/assets/bgm/short_bgm.mp3, rendering without background music
[2026-07-27T01:47:25.531+0000] {logging_mixin.py:188} INFO - 2026-07-27 01:47:25,531 | INFO     | video.video_builder | Final video rendered -> /opt/airflow/output/videos/short_677.mp4
[2026-07-27T01:47:30.811+0000] {python.py:237} INFO - Done. Returned value was: {'video_id': 87, 'file_path': '/opt/airflow/output/videos/short_677.mp4', 'title': "Don't Get Lost at the Airport! ✈️ Essential Airport English #Shorts", 'description': 'Lost at the airport? Here is an essential Airport English phrase you need to know! ✈️\n\nInstead of just asking "Where is Gate 15?", try saying:\n👉 "Excuse me, my boarding pass says Gate 15, but I cannot find it."\n\nSubscribe to Taky\'s Language School for daily spoken English tips, travel vocabulary, and real-life English phrases!\n\n#AirportEnglish #LearnEnglish #EnglishPhrases #SpeakEnglish #TravelEnglish #TakysLanguageSchool #Shorts', 'tags': ['airport english', 'travel english', 'learn english', 'english phrases', 'spoken english', 'takys language school', 'english for travel', 'airport vocabulary', 'english conversation practice', 'english shorts'], 'video_type': 'short'}
[2026-07-27T01:47:30.813+0000] {taskinstance.py:441} INFO - ::group::Post task execution logs
[2026-07-27T01:47:30.865+0000] {taskinstance.py:1206} INFO - Marking task as SUCCESS. dag_id=youtube_english_video_pipeline, task_id=build_short_video_7, run_id=scheduled__2026-07-25T12:00:00+00:00, execution_date=20260725T120000, start_date=20260727T014715, end_date=20260727T014730
[2026-07-27T01:47:30.939+0000] {local_task_job_runner.py:243} INFO - Task exited with return code 0
[2026-07-27T01:47:31.170+0000] {taskinstance.py:3503} INFO - 1 downstream tasks scheduled from follow-on schedule check
[2026-07-27T01:47:31.176+0000] {local_task_job_runner.py:222} INFO - ::endgroup::
