[2026-08-11T02:51:54.950+0000] {local_task_job_runner.py:120} INFO - ::group::Pre task execution logs
[2026-08-11T02:51:54.983+0000] {taskinstance.py:2076} INFO - Dependencies all met for dep_context=non-requeueable deps ti=<TaskInstance: youtube_english_video_pipeline.upload_long_video_8 manual__2026-08-11T02:25:49.703167+00:00 [queued]>
[2026-08-11T02:51:54.989+0000] {taskinstance.py:2076} INFO - Dependencies all met for dep_context=requeueable deps ti=<TaskInstance: youtube_english_video_pipeline.upload_long_video_8 manual__2026-08-11T02:25:49.703167+00:00 [queued]>
[2026-08-11T02:51:54.991+0000] {taskinstance.py:2306} INFO - Starting attempt 1 of 3
[2026-08-11T02:51:55.000+0000] {taskinstance.py:2330} INFO - Executing <Task(PythonOperator): upload_long_video_8> on 2026-08-11 02:25:49.703167+00:00
[2026-08-11T02:51:55.004+0000] {standard_task_runner.py:64} INFO - Started process 9003 to run task
[2026-08-11T02:51:55.007+0000] {standard_task_runner.py:90} INFO - Running: ['airflow', 'tasks', 'run', 'youtube_english_video_pipeline', 'upload_long_video_8', 'manual__2026-08-11T02:25:49.703167+00:00', '--job-id', '673', '--raw', '--subdir', 'DAGS_FOLDER/youtube_pipeline.py', '--cfg-path', '/tmp/tmpckl8qsg0']
[2026-08-11T02:51:55.008+0000] {standard_task_runner.py:91} INFO - Job 673: Subtask upload_long_video_8
[2026-08-11T02:51:55.064+0000] {task_command.py:426} INFO - Running <TaskInstance: youtube_english_video_pipeline.upload_long_video_8 manual__2026-08-11T02:25:49.703167+00:00 [running]> on host cc859d74cf38
[2026-08-11T02:51:55.278+0000] {taskinstance.py:2648} INFO - Exporting env vars: AIRFLOW_CTX_DAG_OWNER='taky' AIRFLOW_CTX_DAG_ID='youtube_english_video_pipeline' AIRFLOW_CTX_TASK_ID='upload_long_video_8' AIRFLOW_CTX_EXECUTION_DATE='2026-08-11T02:25:49.703167+00:00' AIRFLOW_CTX_TRY_NUMBER='1' AIRFLOW_CTX_DAG_RUN_ID='manual__2026-08-11T02:25:49.703167+00:00'
[2026-08-11T02:51:55.279+0000] {taskinstance.py:430} INFO - ::endgroup::
[2026-08-11T02:51:56.030+0000] {__init__.py:49} INFO - file_cache is only supported with oauth2client<4.0.0
[2026-08-11T02:51:56.054+0000] {logging_mixin.py:188} INFO - 2026-08-11 02:51:56,054 | INFO     | uploader.youtube_uploader | Uploading video '19 Daily English Expressions | Travel English' (/opt/airflow/output/videos/long_1598.mp4) to YouTube...
[2026-08-11T02:52:01.787+0000] {logging_mixin.py:188} INFO - 2026-08-11 02:52:01,787 | INFO     | uploader.youtube_uploader | Upload complete. YouTube video id = g5zdukD8gAw
[2026-08-11T02:52:06.016+0000] {logging_mixin.py:188} INFO - 2026-08-11 02:52:06,016 | INFO     | uploader.youtube_uploader | Custom thumbnail uploaded.
[2026-08-11T02:52:06.070+0000] {python.py:237} INFO - Done. Returned value was: g5zdukD8gAw
[2026-08-11T02:52:06.077+0000] {taskinstance.py:441} INFO - ::group::Post task execution logs
[2026-08-11T02:52:06.125+0000] {taskinstance.py:1206} INFO - Marking task as SUCCESS. dag_id=youtube_english_video_pipeline, task_id=upload_long_video_8, run_id=manual__2026-08-11T02:25:49.703167+00:00, execution_date=20260811T022549, start_date=20260811T025154, end_date=20260811T025206
[2026-08-11T02:52:06.214+0000] {local_task_job_runner.py:243} INFO - Task exited with return code 0
[2026-08-11T02:52:06.369+0000] {taskinstance.py:3503} INFO - 1 downstream tasks scheduled from follow-on schedule check
[2026-08-11T02:52:06.382+0000] {local_task_job_runner.py:222} INFO - ::endgroup::
