[2026-07-27T02:00:09.232+0000] {local_task_job_runner.py:120} INFO - ::group::Pre task execution logs
[2026-07-27T02:00:09.300+0000] {taskinstance.py:2076} INFO - Dependencies all met for dep_context=non-requeueable deps ti=<TaskInstance: youtube_english_video_pipeline.upload_long_video_10 scheduled__2026-07-25T12:00:00+00:00 [queued]>
[2026-07-27T02:00:09.318+0000] {taskinstance.py:2076} INFO - Dependencies all met for dep_context=requeueable deps ti=<TaskInstance: youtube_english_video_pipeline.upload_long_video_10 scheduled__2026-07-25T12:00:00+00:00 [queued]>
[2026-07-27T02:00:09.320+0000] {taskinstance.py:2306} INFO - Starting attempt 1 of 3
[2026-07-27T02:00:09.338+0000] {taskinstance.py:2330} INFO - Executing <Task(PythonOperator): upload_long_video_10> on 2026-07-25 12:00:00+00:00
[2026-07-27T02:00:09.346+0000] {standard_task_runner.py:64} INFO - Started process 60506 to run task
[2026-07-27T02:00:09.353+0000] {standard_task_runner.py:90} INFO - Running: ['airflow', 'tasks', 'run', 'youtube_english_video_pipeline', 'upload_long_video_10', 'scheduled__2026-07-25T12:00:00+00:00', '--job-id', '413', '--raw', '--subdir', 'DAGS_FOLDER/youtube_pipeline.py', '--cfg-path', '/tmp/tmpa_1go84x']
[2026-07-27T02:00:09.358+0000] {standard_task_runner.py:91} INFO - Job 413: Subtask upload_long_video_10
[2026-07-27T02:00:09.506+0000] {task_command.py:426} INFO - Running <TaskInstance: youtube_english_video_pipeline.upload_long_video_10 scheduled__2026-07-25T12:00:00+00:00 [running]> on host cc859d74cf38
[2026-07-27T02:00:09.834+0000] {taskinstance.py:2648} INFO - Exporting env vars: AIRFLOW_CTX_DAG_OWNER='taky' AIRFLOW_CTX_DAG_ID='youtube_english_video_pipeline' AIRFLOW_CTX_TASK_ID='upload_long_video_10' AIRFLOW_CTX_EXECUTION_DATE='2026-07-25T12:00:00+00:00' AIRFLOW_CTX_TRY_NUMBER='1' AIRFLOW_CTX_DAG_RUN_ID='scheduled__2026-07-25T12:00:00+00:00'
[2026-07-27T02:00:09.847+0000] {taskinstance.py:430} INFO - ::endgroup::
[2026-07-27T02:00:10.573+0000] {__init__.py:49} INFO - file_cache is only supported with oauth2client<4.0.0
[2026-07-27T02:00:10.598+0000] {logging_mixin.py:188} INFO - 2026-07-27 02:00:10,597 | INFO     | uploader.youtube_uploader | Uploading video '20 Daily English Expressions | Mixed English Expressions' (/opt/airflow/output/videos/long_746.mp4) to YouTube...
[2026-07-27T02:00:19.540+0000] {logging_mixin.py:188} INFO - 2026-07-27 02:00:19,539 | INFO     | uploader.youtube_uploader | Upload complete. YouTube video id = U4DwNzRzXUw
[2026-07-27T02:00:23.737+0000] {logging_mixin.py:188} INFO - 2026-07-27 02:00:23,737 | INFO     | uploader.youtube_uploader | Custom thumbnail uploaded.
[2026-07-27T02:00:23.759+0000] {python.py:237} INFO - Done. Returned value was: U4DwNzRzXUw
[2026-07-27T02:00:23.761+0000] {taskinstance.py:441} INFO - ::group::Post task execution logs
[2026-07-27T02:00:23.811+0000] {taskinstance.py:1206} INFO - Marking task as SUCCESS. dag_id=youtube_english_video_pipeline, task_id=upload_long_video_10, run_id=scheduled__2026-07-25T12:00:00+00:00, execution_date=20260725T120000, start_date=20260727T020009, end_date=20260727T020023
[2026-07-27T02:00:23.868+0000] {local_task_job_runner.py:243} INFO - Task exited with return code 0
[2026-07-27T02:00:24.040+0000] {taskinstance.py:3503} INFO - 0 downstream tasks scheduled from follow-on schedule check
[2026-07-27T02:00:24.046+0000] {local_task_job_runner.py:222} INFO - ::endgroup::
