[2026-09-22T00:46:53.194+0000] {local_task_job_runner.py:120} INFO - ::group::Pre task execution logs
[2026-09-22T00:46:53.235+0000] {taskinstance.py:2076} INFO - Dependencies all met for dep_context=non-requeueable deps ti=<TaskInstance: youtube_english_video_pipeline.should_build_long_video_1 manual__2026-09-22T00:11:03.570129+00:00 [queued]>
[2026-09-22T00:46:53.244+0000] {taskinstance.py:2076} INFO - Dependencies all met for dep_context=requeueable deps ti=<TaskInstance: youtube_english_video_pipeline.should_build_long_video_1 manual__2026-09-22T00:11:03.570129+00:00 [queued]>
[2026-09-22T00:46:53.245+0000] {taskinstance.py:2306} INFO - Starting attempt 1 of 3
[2026-09-22T00:46:53.259+0000] {taskinstance.py:2330} INFO - Executing <Task(ShortCircuitOperator): should_build_long_video_1> on 2026-09-22 00:11:03.570129+00:00
[2026-09-22T00:46:53.263+0000] {standard_task_runner.py:64} INFO - Started process 34142 to run task
[2026-09-22T00:46:53.267+0000] {standard_task_runner.py:90} INFO - Running: ['airflow', 'tasks', 'run', 'youtube_english_video_pipeline', 'should_build_long_video_1', 'manual__2026-09-22T00:11:03.570129+00:00', '--job-id', '1515', '--raw', '--subdir', 'DAGS_FOLDER/youtube_pipeline.py', '--cfg-path', '/tmp/tmplo9uuxjs']
[2026-09-22T00:46:53.269+0000] {standard_task_runner.py:91} INFO - Job 1515: Subtask should_build_long_video_1
[2026-09-22T00:46:53.331+0000] {task_command.py:426} INFO - Running <TaskInstance: youtube_english_video_pipeline.should_build_long_video_1 manual__2026-09-22T00:11:03.570129+00:00 [running]> on host 73b18333cdfe
[2026-09-22T00:46:53.579+0000] {taskinstance.py:2648} INFO - Exporting env vars: AIRFLOW_CTX_DAG_OWNER='taky' AIRFLOW_CTX_DAG_ID='youtube_english_video_pipeline' AIRFLOW_CTX_TASK_ID='should_build_long_video_1' AIRFLOW_CTX_EXECUTION_DATE='2026-09-22T00:11:03.570129+00:00' AIRFLOW_CTX_TRY_NUMBER='1' AIRFLOW_CTX_DAG_RUN_ID='manual__2026-09-22T00:11:03.570129+00:00'
[2026-09-22T00:46:53.580+0000] {taskinstance.py:430} INFO - ::endgroup::
[2026-09-22T00:46:53.588+0000] {baseoperator.py:400} WARNING - ShortCircuitOperator.execute cannot be called outside TaskInstance!
[2026-09-22T00:46:53.590+0000] {python.py:237} INFO - Done. Returned value was: True
[2026-09-22T00:46:53.591+0000] {python.py:304} INFO - Condition result is True
[2026-09-22T00:46:53.591+0000] {python.py:307} INFO - Proceeding with downstream tasks...
[2026-09-22T00:46:53.592+0000] {taskinstance.py:441} INFO - ::group::Post task execution logs
[2026-09-22T00:46:53.616+0000] {taskinstance.py:1206} INFO - Marking task as SUCCESS. dag_id=youtube_english_video_pipeline, task_id=should_build_long_video_1, run_id=manual__2026-09-22T00:11:03.570129+00:00, execution_date=20260922T001103, start_date=20260922T004653, end_date=20260922T004653
[2026-09-22T00:46:53.641+0000] {local_task_job_runner.py:243} INFO - Task exited with return code 0
[2026-09-22T00:46:53.840+0000] {taskinstance.py:3503} INFO - 1 downstream tasks scheduled from follow-on schedule check
[2026-09-22T00:46:53.855+0000] {local_task_job_runner.py:222} INFO - ::endgroup::
