[2026-09-22T00:14:59.717+0000] {local_task_job_runner.py:120} INFO - ::group::Pre task execution logs
[2026-09-22T00:14:59.782+0000] {taskinstance.py:2076} INFO - Dependencies all met for dep_context=non-requeueable deps ti=<TaskInstance: youtube_english_video_pipeline.upload_short_video_2 scheduled__2026-09-20T12:00:00+00:00 [queued]>
[2026-09-22T00:14:59.798+0000] {taskinstance.py:2076} INFO - Dependencies all met for dep_context=requeueable deps ti=<TaskInstance: youtube_english_video_pipeline.upload_short_video_2 scheduled__2026-09-20T12:00:00+00:00 [queued]>
[2026-09-22T00:14:59.800+0000] {taskinstance.py:2306} INFO - Starting attempt 1 of 3
[2026-09-22T00:14:59.821+0000] {taskinstance.py:2330} INFO - Executing <Task(PythonOperator): upload_short_video_2> on 2026-09-20 12:00:00+00:00
[2026-09-22T00:14:59.829+0000] {standard_task_runner.py:64} INFO - Started process 4544 to run task
[2026-09-22T00:14:59.835+0000] {standard_task_runner.py:90} INFO - Running: ['airflow', 'tasks', 'run', 'youtube_english_video_pipeline', 'upload_short_video_2', 'scheduled__2026-09-20T12:00:00+00:00', '--job-id', '1459', '--raw', '--subdir', 'DAGS_FOLDER/youtube_pipeline.py', '--cfg-path', '/tmp/tmpobrdg0pr']
[2026-09-22T00:14:59.841+0000] {standard_task_runner.py:91} INFO - Job 1459: Subtask upload_short_video_2
[2026-09-22T00:14:59.971+0000] {task_command.py:426} INFO - Running <TaskInstance: youtube_english_video_pipeline.upload_short_video_2 scheduled__2026-09-20T12:00:00+00:00 [running]> on host 73b18333cdfe
[2026-09-22T00:15:00.452+0000] {taskinstance.py:2648} INFO - Exporting env vars: AIRFLOW_CTX_DAG_OWNER='taky' AIRFLOW_CTX_DAG_ID='youtube_english_video_pipeline' AIRFLOW_CTX_TASK_ID='upload_short_video_2' AIRFLOW_CTX_EXECUTION_DATE='2026-09-20T12:00:00+00:00' AIRFLOW_CTX_TRY_NUMBER='1' AIRFLOW_CTX_DAG_RUN_ID='scheduled__2026-09-20T12:00:00+00:00'
[2026-09-22T00:15:00.457+0000] {taskinstance.py:430} INFO - ::endgroup::
[2026-09-22T00:15:01.441+0000] {__init__.py:49} INFO - file_cache is only supported with oauth2client<4.0.0
[2026-09-22T00:15:01.458+0000] {logging_mixin.py:188} INFO - 2026-09-22 00:15:01,458 | INFO     | uploader.youtube_uploader | Uploading video 'General English: How to ask about repair times naturally' (/opt/airflow/output/videos/short_3522.mp4) to YouTube...
[2026-09-22T00:15:04.600+0000] {logging_mixin.py:188} INFO - 2026-09-22 00:15:04,600 | INFO     | uploader.youtube_uploader | Upload complete. YouTube video id = kHW292bH7DU
[2026-09-22T00:15:04.624+0000] {python.py:237} INFO - Done. Returned value was: kHW292bH7DU
[2026-09-22T00:15:04.628+0000] {taskinstance.py:441} INFO - ::group::Post task execution logs
[2026-09-22T00:15:04.678+0000] {taskinstance.py:1206} INFO - Marking task as SUCCESS. dag_id=youtube_english_video_pipeline, task_id=upload_short_video_2, run_id=scheduled__2026-09-20T12:00:00+00:00, execution_date=20260920T120000, start_date=20260922T001459, end_date=20260922T001504
[2026-09-22T00:15:04.763+0000] {local_task_job_runner.py:243} INFO - Task exited with return code 0
[2026-09-22T00:15:05.012+0000] {taskinstance.py:3503} INFO - 1 downstream tasks scheduled from follow-on schedule check
[2026-09-22T00:15:05.021+0000] {local_task_job_runner.py:222} INFO - ::endgroup::
