[2026-08-11T13:52:03.474+0000] {local_task_job_runner.py:120} INFO - ::group::Pre task execution logs
[2026-08-11T13:52:03.504+0000] {taskinstance.py:2076} INFO - Dependencies all met for dep_context=non-requeueable deps ti=<TaskInstance: youtube_english_video_pipeline.upload_long_video_4 scheduled__2026-08-10T12:00:00+00:00 [queued]>
[2026-08-11T13:52:03.515+0000] {taskinstance.py:2076} INFO - Dependencies all met for dep_context=requeueable deps ti=<TaskInstance: youtube_english_video_pipeline.upload_long_video_4 scheduled__2026-08-10T12:00:00+00:00 [queued]>
[2026-08-11T13:52:03.518+0000] {taskinstance.py:2306} INFO - Starting attempt 1 of 3
[2026-08-11T13:52:03.535+0000] {taskinstance.py:2330} INFO - Executing <Task(PythonOperator): upload_long_video_4> on 2026-08-10 12:00:00+00:00
[2026-08-11T13:52:03.540+0000] {standard_task_runner.py:64} INFO - Started process 27982 to run task
[2026-08-11T13:52:03.543+0000] {standard_task_runner.py:90} INFO - Running: ['airflow', 'tasks', 'run', 'youtube_english_video_pipeline', 'upload_long_video_4', 'scheduled__2026-08-10T12:00:00+00:00', '--job-id', '703', '--raw', '--subdir', 'DAGS_FOLDER/youtube_pipeline.py', '--cfg-path', '/tmp/tmp7t8q0182']
[2026-08-11T13:52:03.545+0000] {standard_task_runner.py:91} INFO - Job 703: Subtask upload_long_video_4
[2026-08-11T13:52:03.701+0000] {task_command.py:426} INFO - Running <TaskInstance: youtube_english_video_pipeline.upload_long_video_4 scheduled__2026-08-10T12:00:00+00:00 [running]> on host cc859d74cf38
[2026-08-11T13:52:03.957+0000] {taskinstance.py:2648} INFO - Exporting env vars: AIRFLOW_CTX_DAG_OWNER='taky' AIRFLOW_CTX_DAG_ID='youtube_english_video_pipeline' AIRFLOW_CTX_TASK_ID='upload_long_video_4' AIRFLOW_CTX_EXECUTION_DATE='2026-08-10T12:00:00+00:00' AIRFLOW_CTX_TRY_NUMBER='1' AIRFLOW_CTX_DAG_RUN_ID='scheduled__2026-08-10T12:00:00+00:00'
[2026-08-11T13:52:03.959+0000] {taskinstance.py:430} INFO - ::endgroup::
[2026-08-11T13:52:04.540+0000] {__init__.py:49} INFO - file_cache is only supported with oauth2client<4.0.0
[2026-08-11T13:52:04.557+0000] {logging_mixin.py:188} INFO - 2026-08-11 13:52:04,557 | INFO     | uploader.youtube_uploader | Uploading video '17 Practical Shopping English Phrases You Must Know! | Taky's Language School' (/opt/airflow/output/videos/long_1712.mp4) to YouTube...
[2026-08-11T13:52:14.642+0000] {logging_mixin.py:188} INFO - 2026-08-11 13:52:14,642 | INFO     | uploader.youtube_uploader | Upload complete. YouTube video id = vzWiqVAgluo
[2026-08-11T13:52:22.425+0000] {logging_mixin.py:188} INFO - 2026-08-11 13:52:22,425 | INFO     | uploader.youtube_uploader | Custom thumbnail uploaded.
[2026-08-11T13:52:22.449+0000] {python.py:237} INFO - Done. Returned value was: vzWiqVAgluo
[2026-08-11T13:52:22.453+0000] {taskinstance.py:441} INFO - ::group::Post task execution logs
[2026-08-11T13:52:22.484+0000] {taskinstance.py:1206} INFO - Marking task as SUCCESS. dag_id=youtube_english_video_pipeline, task_id=upload_long_video_4, run_id=scheduled__2026-08-10T12:00:00+00:00, execution_date=20260810T120000, start_date=20260811T135203, end_date=20260811T135222
[2026-08-11T13:52:22.525+0000] {local_task_job_runner.py:243} INFO - Task exited with return code 0
[2026-08-11T13:52:22.680+0000] {taskinstance.py:3503} INFO - 0 downstream tasks scheduled from follow-on schedule check
[2026-08-11T13:52:22.689+0000] {local_task_job_runner.py:222} INFO - ::endgroup::
