[2026-09-20T04:51:16.513+0000] {processor.py:161} INFO - Started process (PID=12805) to work on /opt/airflow/dags/youtube_pipeline.py
[2026-09-20T04:51:16.558+0000] {processor.py:830} INFO - Processing file /opt/airflow/dags/youtube_pipeline.py for tasks to queue
[2026-09-20T04:51:16.620+0000] {logging_mixin.py:188} INFO - [2026-09-20T04:51:16.619+0000] {dagbag.py:545} INFO - Filling up the DagBag from /opt/airflow/dags/youtube_pipeline.py
[2026-09-20T04:51:19.913+0000] {processor.py:840} INFO - DAG(s) 'youtube_english_video_pipeline' retrieved from /opt/airflow/dags/youtube_pipeline.py
[2026-09-20T04:51:20.147+0000] {logging_mixin.py:188} INFO - [2026-09-20T04:51:20.147+0000] {dag.py:3089} INFO - Sync 1 DAGs
[2026-09-20T04:51:20.282+0000] {processor.py:183} INFO - Processing /opt/airflow/dags/youtube_pipeline.py took 3.859 seconds
[2026-09-20T04:51:50.901+0000] {processor.py:161} INFO - Started process (PID=12836) to work on /opt/airflow/dags/youtube_pipeline.py
[2026-09-20T04:51:50.904+0000] {processor.py:830} INFO - Processing file /opt/airflow/dags/youtube_pipeline.py for tasks to queue
[2026-09-20T04:51:50.917+0000] {logging_mixin.py:188} INFO - [2026-09-20T04:51:50.916+0000] {dagbag.py:545} INFO - Filling up the DagBag from /opt/airflow/dags/youtube_pipeline.py
[2026-09-20T04:51:50.981+0000] {processor.py:840} INFO - DAG(s) 'youtube_english_video_pipeline' retrieved from /opt/airflow/dags/youtube_pipeline.py
[2026-09-20T04:51:51.060+0000] {logging_mixin.py:188} INFO - [2026-09-20T04:51:51.060+0000] {dag.py:3089} INFO - Sync 1 DAGs
[2026-09-20T04:51:51.114+0000] {processor.py:183} INFO - Processing /opt/airflow/dags/youtube_pipeline.py took 0.242 seconds
[2026-09-20T04:52:21.466+0000] {processor.py:161} INFO - Started process (PID=12842) to work on /opt/airflow/dags/youtube_pipeline.py
[2026-09-20T04:52:21.468+0000] {processor.py:830} INFO - Processing file /opt/airflow/dags/youtube_pipeline.py for tasks to queue
[2026-09-20T04:52:21.471+0000] {logging_mixin.py:188} INFO - [2026-09-20T04:52:21.471+0000] {dagbag.py:545} INFO - Filling up the DagBag from /opt/airflow/dags/youtube_pipeline.py
[2026-09-20T04:52:21.499+0000] {processor.py:840} INFO - DAG(s) 'youtube_english_video_pipeline' retrieved from /opt/airflow/dags/youtube_pipeline.py
[2026-09-20T04:52:21.535+0000] {logging_mixin.py:188} INFO - [2026-09-20T04:52:21.535+0000] {dag.py:3089} INFO - Sync 1 DAGs
[2026-09-20T04:52:21.939+0000] {processor.py:183} INFO - Processing /opt/airflow/dags/youtube_pipeline.py took 0.480 seconds
[2026-09-20T04:52:52.193+0000] {processor.py:161} INFO - Started process (PID=12852) to work on /opt/airflow/dags/youtube_pipeline.py
[2026-09-20T04:52:52.194+0000] {processor.py:830} INFO - Processing file /opt/airflow/dags/youtube_pipeline.py for tasks to queue
[2026-09-20T04:52:52.197+0000] {logging_mixin.py:188} INFO - [2026-09-20T04:52:52.197+0000] {dagbag.py:545} INFO - Filling up the DagBag from /opt/airflow/dags/youtube_pipeline.py
[2026-09-20T04:52:52.237+0000] {processor.py:840} INFO - DAG(s) 'youtube_english_video_pipeline' retrieved from /opt/airflow/dags/youtube_pipeline.py
[2026-09-20T04:52:52.273+0000] {logging_mixin.py:188} INFO - [2026-09-20T04:52:52.273+0000] {dag.py:3089} INFO - Sync 1 DAGs
[2026-09-20T04:52:52.451+0000] {processor.py:183} INFO - Processing /opt/airflow/dags/youtube_pipeline.py took 0.268 seconds
[2026-09-20T04:53:22.700+0000] {processor.py:161} INFO - Started process (PID=12872) to work on /opt/airflow/dags/youtube_pipeline.py
[2026-09-20T04:53:22.702+0000] {processor.py:830} INFO - Processing file /opt/airflow/dags/youtube_pipeline.py for tasks to queue
[2026-09-20T04:53:22.705+0000] {logging_mixin.py:188} INFO - [2026-09-20T04:53:22.704+0000] {dagbag.py:545} INFO - Filling up the DagBag from /opt/airflow/dags/youtube_pipeline.py
[2026-09-20T04:53:22.736+0000] {processor.py:840} INFO - DAG(s) 'youtube_english_video_pipeline' retrieved from /opt/airflow/dags/youtube_pipeline.py
[2026-09-20T04:53:22.896+0000] {logging_mixin.py:188} INFO - [2026-09-20T04:53:22.896+0000] {dag.py:3089} INFO - Sync 1 DAGs
[2026-09-20T04:53:22.933+0000] {processor.py:183} INFO - Processing /opt/airflow/dags/youtube_pipeline.py took 0.239 seconds
[2026-09-20T04:53:53.309+0000] {processor.py:161} INFO - Started process (PID=13128) to work on /opt/airflow/dags/youtube_pipeline.py
[2026-09-20T04:53:53.311+0000] {processor.py:830} INFO - Processing file /opt/airflow/dags/youtube_pipeline.py for tasks to queue
[2026-09-20T04:53:53.313+0000] {logging_mixin.py:188} INFO - [2026-09-20T04:53:53.313+0000] {dagbag.py:545} INFO - Filling up the DagBag from /opt/airflow/dags/youtube_pipeline.py
[2026-09-20T04:53:53.335+0000] {processor.py:840} INFO - DAG(s) 'youtube_english_video_pipeline' retrieved from /opt/airflow/dags/youtube_pipeline.py
[2026-09-20T04:53:53.367+0000] {logging_mixin.py:188} INFO - [2026-09-20T04:53:53.367+0000] {dag.py:3089} INFO - Sync 1 DAGs
[2026-09-20T04:53:53.396+0000] {processor.py:183} INFO - Processing /opt/airflow/dags/youtube_pipeline.py took 0.093 seconds
[2026-09-20T04:54:23.565+0000] {processor.py:161} INFO - Started process (PID=13135) to work on /opt/airflow/dags/youtube_pipeline.py
[2026-09-20T04:54:23.566+0000] {processor.py:830} INFO - Processing file /opt/airflow/dags/youtube_pipeline.py for tasks to queue
[2026-09-20T04:54:23.567+0000] {logging_mixin.py:188} INFO - [2026-09-20T04:54:23.567+0000] {dagbag.py:545} INFO - Filling up the DagBag from /opt/airflow/dags/youtube_pipeline.py
[2026-09-20T04:54:23.589+0000] {processor.py:840} INFO - DAG(s) 'youtube_english_video_pipeline' retrieved from /opt/airflow/dags/youtube_pipeline.py
[2026-09-20T04:54:23.624+0000] {logging_mixin.py:188} INFO - [2026-09-20T04:54:23.624+0000] {dag.py:3089} INFO - Sync 1 DAGs
[2026-09-20T04:54:23.765+0000] {processor.py:183} INFO - Processing /opt/airflow/dags/youtube_pipeline.py took 0.206 seconds
[2026-09-20T04:54:54.138+0000] {processor.py:161} INFO - Started process (PID=13146) to work on /opt/airflow/dags/youtube_pipeline.py
[2026-09-20T04:54:54.139+0000] {processor.py:830} INFO - Processing file /opt/airflow/dags/youtube_pipeline.py for tasks to queue
[2026-09-20T04:54:54.143+0000] {logging_mixin.py:188} INFO - [2026-09-20T04:54:54.142+0000] {dagbag.py:545} INFO - Filling up the DagBag from /opt/airflow/dags/youtube_pipeline.py
[2026-09-20T04:54:54.182+0000] {processor.py:840} INFO - DAG(s) 'youtube_english_video_pipeline' retrieved from /opt/airflow/dags/youtube_pipeline.py
[2026-09-20T04:54:54.217+0000] {logging_mixin.py:188} INFO - [2026-09-20T04:54:54.217+0000] {dag.py:3089} INFO - Sync 1 DAGs
[2026-09-20T04:54:54.351+0000] {processor.py:183} INFO - Processing /opt/airflow/dags/youtube_pipeline.py took 0.224 seconds
[2026-09-20T04:55:24.572+0000] {processor.py:161} INFO - Started process (PID=13151) to work on /opt/airflow/dags/youtube_pipeline.py
[2026-09-20T04:55:24.574+0000] {processor.py:830} INFO - Processing file /opt/airflow/dags/youtube_pipeline.py for tasks to queue
[2026-09-20T04:55:24.576+0000] {logging_mixin.py:188} INFO - [2026-09-20T04:55:24.575+0000] {dagbag.py:545} INFO - Filling up the DagBag from /opt/airflow/dags/youtube_pipeline.py
[2026-09-20T04:55:24.596+0000] {processor.py:840} INFO - DAG(s) 'youtube_english_video_pipeline' retrieved from /opt/airflow/dags/youtube_pipeline.py
[2026-09-20T04:55:24.720+0000] {logging_mixin.py:188} INFO - [2026-09-20T04:55:24.720+0000] {dag.py:3089} INFO - Sync 1 DAGs
[2026-09-20T04:55:24.744+0000] {processor.py:183} INFO - Processing /opt/airflow/dags/youtube_pipeline.py took 0.177 seconds
[2026-09-20T04:55:54.976+0000] {processor.py:161} INFO - Started process (PID=13156) to work on /opt/airflow/dags/youtube_pipeline.py
[2026-09-20T04:55:54.977+0000] {processor.py:830} INFO - Processing file /opt/airflow/dags/youtube_pipeline.py for tasks to queue
[2026-09-20T04:55:54.979+0000] {logging_mixin.py:188} INFO - [2026-09-20T04:55:54.979+0000] {dagbag.py:545} INFO - Filling up the DagBag from /opt/airflow/dags/youtube_pipeline.py
[2026-09-20T04:55:55.012+0000] {processor.py:840} INFO - DAG(s) 'youtube_english_video_pipeline' retrieved from /opt/airflow/dags/youtube_pipeline.py
[2026-09-20T04:55:55.052+0000] {logging_mixin.py:188} INFO - [2026-09-20T04:55:55.051+0000] {dag.py:3089} INFO - Sync 1 DAGs
[2026-09-20T04:55:55.085+0000] {processor.py:183} INFO - Processing /opt/airflow/dags/youtube_pipeline.py took 0.116 seconds
[2026-09-20T04:56:25.460+0000] {processor.py:161} INFO - Started process (PID=13161) to work on /opt/airflow/dags/youtube_pipeline.py
[2026-09-20T04:56:25.461+0000] {processor.py:830} INFO - Processing file /opt/airflow/dags/youtube_pipeline.py for tasks to queue
[2026-09-20T04:56:25.463+0000] {logging_mixin.py:188} INFO - [2026-09-20T04:56:25.462+0000] {dagbag.py:545} INFO - Filling up the DagBag from /opt/airflow/dags/youtube_pipeline.py
[2026-09-20T04:56:25.484+0000] {processor.py:840} INFO - DAG(s) 'youtube_english_video_pipeline' retrieved from /opt/airflow/dags/youtube_pipeline.py
[2026-09-20T04:56:25.521+0000] {logging_mixin.py:188} INFO - [2026-09-20T04:56:25.521+0000] {dag.py:3089} INFO - Sync 1 DAGs
[2026-09-20T04:56:25.693+0000] {processor.py:183} INFO - Processing /opt/airflow/dags/youtube_pipeline.py took 0.238 seconds
[2026-09-20T04:56:56.428+0000] {processor.py:161} INFO - Started process (PID=13166) to work on /opt/airflow/dags/youtube_pipeline.py
[2026-09-20T04:56:56.430+0000] {processor.py:830} INFO - Processing file /opt/airflow/dags/youtube_pipeline.py for tasks to queue
[2026-09-20T04:56:56.434+0000] {logging_mixin.py:188} INFO - [2026-09-20T04:56:56.433+0000] {dagbag.py:545} INFO - Filling up the DagBag from /opt/airflow/dags/youtube_pipeline.py
[2026-09-20T04:56:56.482+0000] {processor.py:840} INFO - DAG(s) 'youtube_english_video_pipeline' retrieved from /opt/airflow/dags/youtube_pipeline.py
[2026-09-20T04:56:56.524+0000] {logging_mixin.py:188} INFO - [2026-09-20T04:56:56.524+0000] {dag.py:3089} INFO - Sync 1 DAGs
[2026-09-20T04:56:56.680+0000] {processor.py:183} INFO - Processing /opt/airflow/dags/youtube_pipeline.py took 0.261 seconds
[2026-09-20T04:57:27.013+0000] {processor.py:161} INFO - Started process (PID=13171) to work on /opt/airflow/dags/youtube_pipeline.py
[2026-09-20T04:57:27.015+0000] {processor.py:830} INFO - Processing file /opt/airflow/dags/youtube_pipeline.py for tasks to queue
[2026-09-20T04:57:27.017+0000] {logging_mixin.py:188} INFO - [2026-09-20T04:57:27.017+0000] {dagbag.py:545} INFO - Filling up the DagBag from /opt/airflow/dags/youtube_pipeline.py
[2026-09-20T04:57:27.082+0000] {processor.py:840} INFO - DAG(s) 'youtube_english_video_pipeline' retrieved from /opt/airflow/dags/youtube_pipeline.py
[2026-09-20T04:57:27.250+0000] {logging_mixin.py:188} INFO - [2026-09-20T04:57:27.249+0000] {dag.py:3089} INFO - Sync 1 DAGs
[2026-09-20T04:57:27.286+0000] {processor.py:183} INFO - Processing /opt/airflow/dags/youtube_pipeline.py took 0.284 seconds
[2026-09-20T04:57:57.543+0000] {processor.py:161} INFO - Started process (PID=13176) to work on /opt/airflow/dags/youtube_pipeline.py
[2026-09-20T04:57:57.544+0000] {processor.py:830} INFO - Processing file /opt/airflow/dags/youtube_pipeline.py for tasks to queue
[2026-09-20T04:57:57.546+0000] {logging_mixin.py:188} INFO - [2026-09-20T04:57:57.546+0000] {dagbag.py:545} INFO - Filling up the DagBag from /opt/airflow/dags/youtube_pipeline.py
[2026-09-20T04:57:57.583+0000] {processor.py:840} INFO - DAG(s) 'youtube_english_video_pipeline' retrieved from /opt/airflow/dags/youtube_pipeline.py
[2026-09-20T04:57:57.616+0000] {logging_mixin.py:188} INFO - [2026-09-20T04:57:57.616+0000] {dag.py:3089} INFO - Sync 1 DAGs
[2026-09-20T04:57:57.644+0000] {processor.py:183} INFO - Processing /opt/airflow/dags/youtube_pipeline.py took 0.108 seconds
