[2026-09-20T11:17:48.180+0000] {local_task_job_runner.py:120} INFO - ::group::Pre task execution logs
[2026-09-20T11:17:48.223+0000] {taskinstance.py:2076} INFO - Dependencies all met for dep_context=non-requeueable deps ti=<TaskInstance: youtube_english_video_pipeline.upload_short_video_6 manual__2026-09-20T11:03:20.949531+00:00 [queued]>
[2026-09-20T11:17:48.234+0000] {taskinstance.py:2076} INFO - Dependencies all met for dep_context=requeueable deps ti=<TaskInstance: youtube_english_video_pipeline.upload_short_video_6 manual__2026-09-20T11:03:20.949531+00:00 [queued]>
[2026-09-20T11:17:48.236+0000] {taskinstance.py:2306} INFO - Starting attempt 1 of 3
[2026-09-20T11:17:48.251+0000] {taskinstance.py:2330} INFO - Executing <Task(PythonOperator): upload_short_video_6> on 2026-09-20 11:03:20.949531+00:00
[2026-09-20T11:17:48.256+0000] {standard_task_runner.py:64} INFO - Started process 50244 to run task
[2026-09-20T11:17:48.260+0000] {standard_task_runner.py:90} INFO - Running: ['airflow', 'tasks', 'run', 'youtube_english_video_pipeline', 'upload_short_video_6', 'manual__2026-09-20T11:03:20.949531+00:00', '--job-id', '1339', '--raw', '--subdir', 'DAGS_FOLDER/youtube_pipeline.py', '--cfg-path', '/tmp/tmpvj89ezyb']
[2026-09-20T11:17:48.263+0000] {standard_task_runner.py:91} INFO - Job 1339: Subtask upload_short_video_6
[2026-09-20T11:17:48.323+0000] {task_command.py:426} INFO - Running <TaskInstance: youtube_english_video_pipeline.upload_short_video_6 manual__2026-09-20T11:03:20.949531+00:00 [running]> on host 73b18333cdfe
[2026-09-20T11:17:48.573+0000] {taskinstance.py:2648} INFO - Exporting env vars: AIRFLOW_CTX_DAG_OWNER='taky' AIRFLOW_CTX_DAG_ID='youtube_english_video_pipeline' AIRFLOW_CTX_TASK_ID='upload_short_video_6' AIRFLOW_CTX_EXECUTION_DATE='2026-09-20T11:03:20.949531+00:00' AIRFLOW_CTX_TRY_NUMBER='1' AIRFLOW_CTX_DAG_RUN_ID='manual__2026-09-20T11:03:20.949531+00:00'
[2026-09-20T11:17:48.574+0000] {taskinstance.py:430} INFO - ::endgroup::
[2026-09-20T11:17:48.819+0000] {__init__.py:49} INFO - file_cache is only supported with oauth2client<4.0.0
[2026-09-20T11:17:48.828+0000] {logging_mixin.py:188} INFO - 2026-09-20 11:17:48,828 | INFO     | uploader.youtube_uploader | Uploading video 'Hotel English: How to ask for checkout time | Taky's Language School' (/opt/airflow/output/videos/short_2983.mp4) to YouTube...
[2026-09-20T11:17:51.278+0000] {logging_mixin.py:188} INFO - 2026-09-20 11:17:51,278 | INFO     | uploader.youtube_uploader | Upload complete. YouTube video id = ndiULzG6Geo
[2026-09-20T11:17:51.297+0000] {python.py:237} INFO - Done. Returned value was: ndiULzG6Geo
[2026-09-20T11:17:51.298+0000] {taskinstance.py:441} INFO - ::group::Post task execution logs
[2026-09-20T11:17:51.325+0000] {taskinstance.py:1206} INFO - Marking task as SUCCESS. dag_id=youtube_english_video_pipeline, task_id=upload_short_video_6, run_id=manual__2026-09-20T11:03:20.949531+00:00, execution_date=20260920T110320, start_date=20260920T111748, end_date=20260920T111751
[2026-09-20T11:17:51.371+0000] {local_task_job_runner.py:243} INFO - Task exited with return code 0
[2026-09-20T11:17:51.549+0000] {taskinstance.py:3503} INFO - 1 downstream tasks scheduled from follow-on schedule check
[2026-09-20T11:17:51.562+0000] {local_task_job_runner.py:222} INFO - ::endgroup::
