[2026-08-20T00:15:22.962+0000] {local_task_job_runner.py:120} INFO - ::group::Pre task execution logs
[2026-08-20T00:15:23.015+0000] {taskinstance.py:2076} INFO - Dependencies all met for dep_context=non-requeueable deps ti=<TaskInstance: youtube_english_video_pipeline.upload_long_video_3 scheduled__2026-08-18T12:00:00+00:00 [queued]>
[2026-08-20T00:15:23.026+0000] {taskinstance.py:2076} INFO - Dependencies all met for dep_context=requeueable deps ti=<TaskInstance: youtube_english_video_pipeline.upload_long_video_3 scheduled__2026-08-18T12:00:00+00:00 [queued]>
[2026-08-20T00:15:23.028+0000] {taskinstance.py:2306} INFO - Starting attempt 1 of 3
[2026-08-20T00:15:23.044+0000] {taskinstance.py:2330} INFO - Executing <Task(PythonOperator): upload_long_video_3> on 2026-08-18 12:00:00+00:00
[2026-08-20T00:15:23.049+0000] {standard_task_runner.py:64} INFO - Started process 44095 to run task
[2026-08-20T00:15:23.053+0000] {standard_task_runner.py:90} INFO - Running: ['airflow', 'tasks', 'run', 'youtube_english_video_pipeline', 'upload_long_video_3', 'scheduled__2026-08-18T12:00:00+00:00', '--job-id', '818', '--raw', '--subdir', 'DAGS_FOLDER/youtube_pipeline.py', '--cfg-path', '/tmp/tmp945nc2fx']
[2026-08-20T00:15:23.055+0000] {standard_task_runner.py:91} INFO - Job 818: Subtask upload_long_video_3
[2026-08-20T00:15:23.143+0000] {task_command.py:426} INFO - Running <TaskInstance: youtube_english_video_pipeline.upload_long_video_3 scheduled__2026-08-18T12:00:00+00:00 [running]> on host cc859d74cf38
[2026-08-20T00:15:23.432+0000] {taskinstance.py:2648} INFO - Exporting env vars: AIRFLOW_CTX_DAG_OWNER='taky' AIRFLOW_CTX_DAG_ID='youtube_english_video_pipeline' AIRFLOW_CTX_TASK_ID='upload_long_video_3' AIRFLOW_CTX_EXECUTION_DATE='2026-08-18T12:00:00+00:00' AIRFLOW_CTX_TRY_NUMBER='1' AIRFLOW_CTX_DAG_RUN_ID='scheduled__2026-08-18T12:00:00+00:00'
[2026-08-20T00:15:23.434+0000] {taskinstance.py:430} INFO - ::endgroup::
[2026-08-20T00:15:24.074+0000] {__init__.py:49} INFO - file_cache is only supported with oauth2client<4.0.0
[2026-08-20T00:15:24.095+0000] {logging_mixin.py:188} INFO - 2026-08-20 00:15:24,094 | INFO     | uploader.youtube_uploader | Uploading video '15 Daily English Expressions | Business English' (/opt/airflow/output/videos/long_2064.mp4) to YouTube...
[2026-08-20T00:15:28.351+0000] {logging_mixin.py:188} INFO - 2026-08-20 00:15:28,351 | INFO     | uploader.youtube_uploader | Upload complete. YouTube video id = e4VeZOB8gdg
[2026-08-20T00:15:33.057+0000] {logging_mixin.py:188} INFO - 2026-08-20 00:15:33,057 | INFO     | uploader.youtube_uploader | Custom thumbnail uploaded.
[2026-08-20T00:15:33.082+0000] {python.py:237} INFO - Done. Returned value was: e4VeZOB8gdg
[2026-08-20T00:15:33.084+0000] {taskinstance.py:441} INFO - ::group::Post task execution logs
[2026-08-20T00:15:33.117+0000] {taskinstance.py:1206} INFO - Marking task as SUCCESS. dag_id=youtube_english_video_pipeline, task_id=upload_long_video_3, run_id=scheduled__2026-08-18T12:00:00+00:00, execution_date=20260818T120000, start_date=20260820T001523, end_date=20260820T001533
[2026-08-20T00:15:33.153+0000] {local_task_job_runner.py:243} INFO - Task exited with return code 0
[2026-08-20T00:15:33.338+0000] {taskinstance.py:3503} INFO - 1 downstream tasks scheduled from follow-on schedule check
[2026-08-20T00:15:33.341+0000] {local_task_job_runner.py:222} INFO - ::endgroup::
