[2026-08-11T12:24:22.163+0000] {local_task_job_runner.py:120} INFO - ::group::Pre task execution logs
[2026-08-11T12:24:22.299+0000] {taskinstance.py:2076} INFO - Dependencies all met for dep_context=non-requeueable deps ti=<TaskInstance: youtube_english_video_pipeline.build_short_video_1 scheduled__2026-08-10T12:00:00+00:00 [queued]>
[2026-08-11T12:24:22.330+0000] {taskinstance.py:2076} INFO - Dependencies all met for dep_context=requeueable deps ti=<TaskInstance: youtube_english_video_pipeline.build_short_video_1 scheduled__2026-08-10T12:00:00+00:00 [queued]>
[2026-08-11T12:24:22.356+0000] {taskinstance.py:2306} INFO - Starting attempt 1 of 3
[2026-08-11T12:24:22.390+0000] {taskinstance.py:2330} INFO - Executing <Task(PythonOperator): build_short_video_1> on 2026-08-10 12:00:00+00:00
[2026-08-11T12:24:22.419+0000] {standard_task_runner.py:64} INFO - Started process 15466 to run task
[2026-08-11T12:24:22.422+0000] {standard_task_runner.py:90} INFO - Running: ['airflow', 'tasks', 'run', 'youtube_english_video_pipeline', 'build_short_video_1', 'scheduled__2026-08-10T12:00:00+00:00', '--job-id', '685', '--raw', '--subdir', 'DAGS_FOLDER/youtube_pipeline.py', '--cfg-path', '/tmp/tmpcnkhi471']
[2026-08-11T12:24:22.446+0000] {standard_task_runner.py:91} INFO - Job 685: Subtask build_short_video_1
[2026-08-11T12:24:22.673+0000] {task_command.py:426} INFO - Running <TaskInstance: youtube_english_video_pipeline.build_short_video_1 scheduled__2026-08-10T12:00:00+00:00 [running]> on host cc859d74cf38
[2026-08-11T12:24:22.952+0000] {taskinstance.py:2648} INFO - Exporting env vars: AIRFLOW_CTX_DAG_OWNER='taky' AIRFLOW_CTX_DAG_ID='youtube_english_video_pipeline' AIRFLOW_CTX_TASK_ID='build_short_video_1' AIRFLOW_CTX_EXECUTION_DATE='2026-08-10T12:00:00+00:00' AIRFLOW_CTX_TRY_NUMBER='1' AIRFLOW_CTX_DAG_RUN_ID='scheduled__2026-08-10T12:00:00+00:00'
[2026-08-11T12:24:22.965+0000] {taskinstance.py:430} INFO - ::endgroup::
[2026-08-11T12:24:31.019+0000] {logging_mixin.py:188} INFO - 2026-08-11 12:24:31,019 | INFO     | planner.video_planner | Planned SHORT video: topic='Airport English', phrases=1
[2026-08-11T12:24:32.973+0000] {logging_mixin.py:188} INFO - 2026-08-11 12:24:32,973 | INFO     | tts.edge_tts | Synthesized audio -> /opt/airflow/output/audio/phrase_1604.mp3
[2026-08-11T12:24:34.817+0000] {logging_mixin.py:188} INFO - 2026-08-11 12:24:34,817 | INFO     | tts.edge_tts | Synthesized audio -> /opt/airflow/output/audio/example_1604.mp3
[2026-08-11T12:24:35.521+0000] {logging_mixin.py:188} INFO - 2026-08-11 12:24:35,520 | INFO     | media.image_downloader | Downloaded background image for scene='airport' -> /opt/airflow/output/images/short_1604.jpg
[2026-08-11T12:24:43.184+0000] {logging_mixin.py:188} INFO - 2026-08-11 12:24:43,184 | WARNING  | video.video_builder | BGM file not found at /opt/airflow/assets/bgm/short_bgm.mp3, rendering without background music
[2026-08-11T12:24:45.100+0000] {logging_mixin.py:188} INFO - 2026-08-11 12:24:45,100 | INFO     | video.video_builder | Final video rendered -> /opt/airflow/output/videos/short_1604.mp4
[2026-08-11T12:24:52.121+0000] {python.py:237} INFO - Done. Returned value was: {'video_id': 192, 'file_path': '/opt/airflow/output/videos/short_1604.mp4', 'title': 'Airport English Phrases: Where is Baggage Claim? ✈️ #Shorts', 'description': 'Land safely and need your luggage? 🧳 Learn how to ask for baggage claim in English!\n\nIn this short lesson from Taky\'s Language School, master this essential travel phrase:\n👉 "Excuse me, I just landed and I need to find where baggage claim is."\n\nSubscribe to Taky\'s Language School for daily spoken English tips, travel phrases, and practical vocabulary!\n\n#AirportEnglish #LearnEnglish #TravelEnglish #EnglishPhrases #Shorts', 'tags': ['airport english', 'baggage claim english', 'travel english phrases', 'takys language school', 'learn english', 'spoken english practice', 'airport vocabulary', 'english for travel', 'english shorts', 'practical english'], 'video_type': 'short'}
[2026-08-11T12:24:52.124+0000] {taskinstance.py:441} INFO - ::group::Post task execution logs
[2026-08-11T12:24:52.167+0000] {taskinstance.py:1206} INFO - Marking task as SUCCESS. dag_id=youtube_english_video_pipeline, task_id=build_short_video_1, run_id=scheduled__2026-08-10T12:00:00+00:00, execution_date=20260810T120000, start_date=20260811T122422, end_date=20260811T122452
[2026-08-11T12:24:52.262+0000] {local_task_job_runner.py:243} INFO - Task exited with return code 0
[2026-08-11T12:24:53.876+0000] {taskinstance.py:3503} INFO - 1 downstream tasks scheduled from follow-on schedule check
[2026-08-11T12:24:53.884+0000] {local_task_job_runner.py:222} INFO - ::endgroup::
