[2026-09-07T11:11:04.460+0000] {local_task_job_runner.py:120} INFO - ::group::Pre task execution logs
[2026-09-07T11:11:04.529+0000] {taskinstance.py:2076} INFO - Dependencies all met for dep_context=non-requeueable deps ti=<TaskInstance: youtube_english_video_pipeline.upload_short_video_1 manual__2026-09-07T11:05:33.821274+00:00 [queued]>
[2026-09-07T11:11:04.546+0000] {taskinstance.py:2076} INFO - Dependencies all met for dep_context=requeueable deps ti=<TaskInstance: youtube_english_video_pipeline.upload_short_video_1 manual__2026-09-07T11:05:33.821274+00:00 [queued]>
[2026-09-07T11:11:04.548+0000] {taskinstance.py:2306} INFO - Starting attempt 1 of 3
[2026-09-07T11:11:04.578+0000] {taskinstance.py:2330} INFO - Executing <Task(PythonOperator): upload_short_video_1> on 2026-09-07 11:05:33.821274+00:00
[2026-09-07T11:11:04.588+0000] {standard_task_runner.py:64} INFO - Started process 34031 to run task
[2026-09-07T11:11:04.593+0000] {standard_task_runner.py:90} INFO - Running: ['airflow', 'tasks', 'run', 'youtube_english_video_pipeline', 'upload_short_video_1', 'manual__2026-09-07T11:05:33.821274+00:00', '--job-id', '1008', '--raw', '--subdir', 'DAGS_FOLDER/youtube_pipeline.py', '--cfg-path', '/tmp/tmp1eljx7yn']
[2026-09-07T11:11:04.597+0000] {standard_task_runner.py:91} INFO - Job 1008: Subtask upload_short_video_1
[2026-09-07T11:11:04.768+0000] {task_command.py:426} INFO - Running <TaskInstance: youtube_english_video_pipeline.upload_short_video_1 manual__2026-09-07T11:05:33.821274+00:00 [running]> on host cc859d74cf38
[2026-09-07T11:11:05.134+0000] {taskinstance.py:2648} INFO - Exporting env vars: AIRFLOW_CTX_DAG_OWNER='taky' AIRFLOW_CTX_DAG_ID='youtube_english_video_pipeline' AIRFLOW_CTX_TASK_ID='upload_short_video_1' AIRFLOW_CTX_EXECUTION_DATE='2026-09-07T11:05:33.821274+00:00' AIRFLOW_CTX_TRY_NUMBER='1' AIRFLOW_CTX_DAG_RUN_ID='manual__2026-09-07T11:05:33.821274+00:00'
[2026-09-07T11:11:05.135+0000] {taskinstance.py:430} INFO - ::endgroup::
[2026-09-07T11:11:05.904+0000] {__init__.py:49} INFO - file_cache is only supported with oauth2client<4.0.0
[2026-09-07T11:11:05.939+0000] {logging_mixin.py:188} INFO - 2026-09-07 11:11:05,938 | INFO     | uploader.youtube_uploader | Uploading video 'Daily English Phrase | Social English' (/opt/airflow/output/videos/short_2602.mp4) to YouTube...
[2026-09-07T11:11:08.899+0000] {logging_mixin.py:188} INFO - 2026-09-07 11:11:08,898 | INFO     | uploader.youtube_uploader | Upload complete. YouTube video id = 3zd9ummmqVw
[2026-09-07T11:11:08.911+0000] {python.py:237} INFO - Done. Returned value was: 3zd9ummmqVw
[2026-09-07T11:11:08.912+0000] {taskinstance.py:441} INFO - ::group::Post task execution logs
[2026-09-07T11:11:08.938+0000] {taskinstance.py:1206} INFO - Marking task as SUCCESS. dag_id=youtube_english_video_pipeline, task_id=upload_short_video_1, run_id=manual__2026-09-07T11:05:33.821274+00:00, execution_date=20260907T110533, start_date=20260907T111104, end_date=20260907T111108
[2026-09-07T11:11:08.988+0000] {local_task_job_runner.py:243} INFO - Task exited with return code 0
[2026-09-07T11:11:09.179+0000] {taskinstance.py:3503} INFO - 1 downstream tasks scheduled from follow-on schedule check
[2026-09-07T11:11:09.190+0000] {local_task_job_runner.py:222} INFO - ::endgroup::
