[2026-07-30T00:00:26.654+0000] {processor.py:161} INFO - Started process (PID=73582) to work on /opt/airflow/dags/youtube_pipeline.py
[2026-07-30T00:00:26.657+0000] {processor.py:830} INFO - Processing file /opt/airflow/dags/youtube_pipeline.py for tasks to queue
[2026-07-30T00:00:26.659+0000] {logging_mixin.py:188} INFO - [2026-07-30T00:00:26.659+0000] {dagbag.py:545} INFO - Filling up the DagBag from /opt/airflow/dags/youtube_pipeline.py
[2026-07-30T00:00:26.721+0000] {processor.py:840} INFO - DAG(s) 'youtube_english_video_pipeline' retrieved from /opt/airflow/dags/youtube_pipeline.py
[2026-07-30T00:00:26.775+0000] {logging_mixin.py:188} INFO - [2026-07-30T00:00:26.775+0000] {dag.py:3089} INFO - Sync 1 DAGs
[2026-07-30T00:00:26.798+0000] {logging_mixin.py:188} INFO - [2026-07-30T00:00:26.798+0000] {dag.py:3947} INFO - Setting next_dagrun for youtube_english_video_pipeline to 2026-07-29 12:00:00+00:00, run_after=2026-07-30 12:00:00+00:00
[2026-07-30T00:00:26.827+0000] {processor.py:183} INFO - Processing /opt/airflow/dags/youtube_pipeline.py took 0.183 seconds
[2026-07-30T00:00:56.917+0000] {processor.py:161} INFO - Started process (PID=73587) to work on /opt/airflow/dags/youtube_pipeline.py
[2026-07-30T00:00:56.918+0000] {processor.py:830} INFO - Processing file /opt/airflow/dags/youtube_pipeline.py for tasks to queue
[2026-07-30T00:00:56.920+0000] {logging_mixin.py:188} INFO - [2026-07-30T00:00:56.919+0000] {dagbag.py:545} INFO - Filling up the DagBag from /opt/airflow/dags/youtube_pipeline.py
[2026-07-30T00:00:56.966+0000] {processor.py:840} INFO - DAG(s) 'youtube_english_video_pipeline' retrieved from /opt/airflow/dags/youtube_pipeline.py
[2026-07-30T00:00:57.003+0000] {logging_mixin.py:188} INFO - [2026-07-30T00:00:57.002+0000] {dag.py:3089} INFO - Sync 1 DAGs
[2026-07-30T00:00:57.019+0000] {logging_mixin.py:188} INFO - [2026-07-30T00:00:57.019+0000] {dag.py:3947} INFO - Setting next_dagrun for youtube_english_video_pipeline to 2026-07-29 12:00:00+00:00, run_after=2026-07-30 12:00:00+00:00
[2026-07-30T00:00:57.036+0000] {processor.py:183} INFO - Processing /opt/airflow/dags/youtube_pipeline.py took 0.125 seconds
[2026-07-30T00:01:27.238+0000] {processor.py:161} INFO - Started process (PID=73592) to work on /opt/airflow/dags/youtube_pipeline.py
[2026-07-30T00:01:27.241+0000] {processor.py:830} INFO - Processing file /opt/airflow/dags/youtube_pipeline.py for tasks to queue
[2026-07-30T00:01:27.243+0000] {logging_mixin.py:188} INFO - [2026-07-30T00:01:27.243+0000] {dagbag.py:545} INFO - Filling up the DagBag from /opt/airflow/dags/youtube_pipeline.py
[2026-07-30T00:01:27.331+0000] {processor.py:840} INFO - DAG(s) 'youtube_english_video_pipeline' retrieved from /opt/airflow/dags/youtube_pipeline.py
[2026-07-30T00:01:27.374+0000] {logging_mixin.py:188} INFO - [2026-07-30T00:01:27.374+0000] {dag.py:3089} INFO - Sync 1 DAGs
[2026-07-30T00:01:27.391+0000] {logging_mixin.py:188} INFO - [2026-07-30T00:01:27.391+0000] {dag.py:3947} INFO - Setting next_dagrun for youtube_english_video_pipeline to 2026-07-29 12:00:00+00:00, run_after=2026-07-30 12:00:00+00:00
[2026-07-30T00:01:27.416+0000] {processor.py:183} INFO - Processing /opt/airflow/dags/youtube_pipeline.py took 0.192 seconds
[2026-07-30T00:01:58.465+0000] {processor.py:161} INFO - Started process (PID=73597) to work on /opt/airflow/dags/youtube_pipeline.py
[2026-07-30T00:01:58.474+0000] {processor.py:830} INFO - Processing file /opt/airflow/dags/youtube_pipeline.py for tasks to queue
[2026-07-30T00:01:58.478+0000] {logging_mixin.py:188} INFO - [2026-07-30T00:01:58.478+0000] {dagbag.py:545} INFO - Filling up the DagBag from /opt/airflow/dags/youtube_pipeline.py
[2026-07-30T00:01:58.672+0000] {processor.py:840} INFO - DAG(s) 'youtube_english_video_pipeline' retrieved from /opt/airflow/dags/youtube_pipeline.py
[2026-07-30T00:01:58.716+0000] {logging_mixin.py:188} INFO - [2026-07-30T00:01:58.716+0000] {dag.py:3089} INFO - Sync 1 DAGs
[2026-07-30T00:01:58.742+0000] {logging_mixin.py:188} INFO - [2026-07-30T00:01:58.742+0000] {dag.py:3947} INFO - Setting next_dagrun for youtube_english_video_pipeline to 2026-07-29 12:00:00+00:00, run_after=2026-07-30 12:00:00+00:00
[2026-07-30T00:01:58.780+0000] {processor.py:183} INFO - Processing /opt/airflow/dags/youtube_pipeline.py took 0.330 seconds
[2026-07-30T00:02:29.114+0000] {processor.py:161} INFO - Started process (PID=73602) to work on /opt/airflow/dags/youtube_pipeline.py
[2026-07-30T00:02:29.120+0000] {processor.py:830} INFO - Processing file /opt/airflow/dags/youtube_pipeline.py for tasks to queue
[2026-07-30T00:02:29.123+0000] {logging_mixin.py:188} INFO - [2026-07-30T00:02:29.123+0000] {dagbag.py:545} INFO - Filling up the DagBag from /opt/airflow/dags/youtube_pipeline.py
[2026-07-30T00:02:29.379+0000] {processor.py:840} INFO - DAG(s) 'youtube_english_video_pipeline' retrieved from /opt/airflow/dags/youtube_pipeline.py
[2026-07-30T00:02:29.420+0000] {logging_mixin.py:188} INFO - [2026-07-30T00:02:29.420+0000] {dag.py:3089} INFO - Sync 1 DAGs
[2026-07-30T00:02:29.443+0000] {logging_mixin.py:188} INFO - [2026-07-30T00:02:29.442+0000] {dag.py:3947} INFO - Setting next_dagrun for youtube_english_video_pipeline to 2026-07-29 12:00:00+00:00, run_after=2026-07-30 12:00:00+00:00
[2026-07-30T00:02:29.470+0000] {processor.py:183} INFO - Processing /opt/airflow/dags/youtube_pipeline.py took 0.374 seconds
[2026-07-30T00:03:01.682+0000] {processor.py:161} INFO - Started process (PID=73607) to work on /opt/airflow/dags/youtube_pipeline.py
[2026-07-30T00:03:01.715+0000] {processor.py:830} INFO - Processing file /opt/airflow/dags/youtube_pipeline.py for tasks to queue
[2026-07-30T00:03:01.744+0000] {logging_mixin.py:188} INFO - [2026-07-30T00:03:01.744+0000] {dagbag.py:545} INFO - Filling up the DagBag from /opt/airflow/dags/youtube_pipeline.py
[2026-07-30T00:03:02.491+0000] {processor.py:840} INFO - DAG(s) 'youtube_english_video_pipeline' retrieved from /opt/airflow/dags/youtube_pipeline.py
[2026-07-30T00:03:02.592+0000] {logging_mixin.py:188} INFO - [2026-07-30T00:03:02.591+0000] {dag.py:3089} INFO - Sync 1 DAGs
[2026-07-30T00:03:02.624+0000] {logging_mixin.py:188} INFO - [2026-07-30T00:03:02.624+0000] {dag.py:3947} INFO - Setting next_dagrun for youtube_english_video_pipeline to 2026-07-29 12:00:00+00:00, run_after=2026-07-30 12:00:00+00:00
[2026-07-30T00:03:02.723+0000] {processor.py:183} INFO - Processing /opt/airflow/dags/youtube_pipeline.py took 1.109 seconds
[2026-07-30T00:03:33.500+0000] {processor.py:161} INFO - Started process (PID=73612) to work on /opt/airflow/dags/youtube_pipeline.py
[2026-07-30T00:03:33.504+0000] {processor.py:830} INFO - Processing file /opt/airflow/dags/youtube_pipeline.py for tasks to queue
[2026-07-30T00:03:33.507+0000] {logging_mixin.py:188} INFO - [2026-07-30T00:03:33.506+0000] {dagbag.py:545} INFO - Filling up the DagBag from /opt/airflow/dags/youtube_pipeline.py
[2026-07-30T00:03:33.589+0000] {processor.py:840} INFO - DAG(s) 'youtube_english_video_pipeline' retrieved from /opt/airflow/dags/youtube_pipeline.py
[2026-07-30T00:03:33.630+0000] {logging_mixin.py:188} INFO - [2026-07-30T00:03:33.630+0000] {dag.py:3089} INFO - Sync 1 DAGs
[2026-07-30T00:03:33.650+0000] {logging_mixin.py:188} INFO - [2026-07-30T00:03:33.650+0000] {dag.py:3947} INFO - Setting next_dagrun for youtube_english_video_pipeline to 2026-07-29 12:00:00+00:00, run_after=2026-07-30 12:00:00+00:00
[2026-07-30T00:03:33.675+0000] {processor.py:183} INFO - Processing /opt/airflow/dags/youtube_pipeline.py took 0.185 seconds
[2026-07-30T00:04:04.000+0000] {processor.py:161} INFO - Started process (PID=73617) to work on /opt/airflow/dags/youtube_pipeline.py
[2026-07-30T00:04:04.002+0000] {processor.py:830} INFO - Processing file /opt/airflow/dags/youtube_pipeline.py for tasks to queue
[2026-07-30T00:04:04.005+0000] {logging_mixin.py:188} INFO - [2026-07-30T00:04:04.004+0000] {dagbag.py:545} INFO - Filling up the DagBag from /opt/airflow/dags/youtube_pipeline.py
[2026-07-30T00:04:04.110+0000] {processor.py:840} INFO - DAG(s) 'youtube_english_video_pipeline' retrieved from /opt/airflow/dags/youtube_pipeline.py
[2026-07-30T00:04:04.148+0000] {logging_mixin.py:188} INFO - [2026-07-30T00:04:04.148+0000] {dag.py:3089} INFO - Sync 1 DAGs
[2026-07-30T00:04:04.170+0000] {logging_mixin.py:188} INFO - [2026-07-30T00:04:04.169+0000] {dag.py:3947} INFO - Setting next_dagrun for youtube_english_video_pipeline to 2026-07-29 12:00:00+00:00, run_after=2026-07-30 12:00:00+00:00
[2026-07-30T00:04:04.196+0000] {processor.py:183} INFO - Processing /opt/airflow/dags/youtube_pipeline.py took 0.208 seconds
[2026-07-30T00:04:34.568+0000] {processor.py:161} INFO - Started process (PID=73622) to work on /opt/airflow/dags/youtube_pipeline.py
[2026-07-30T00:04:34.572+0000] {processor.py:830} INFO - Processing file /opt/airflow/dags/youtube_pipeline.py for tasks to queue
[2026-07-30T00:04:34.578+0000] {logging_mixin.py:188} INFO - [2026-07-30T00:04:34.578+0000] {dagbag.py:545} INFO - Filling up the DagBag from /opt/airflow/dags/youtube_pipeline.py
[2026-07-30T00:04:34.759+0000] {processor.py:840} INFO - DAG(s) 'youtube_english_video_pipeline' retrieved from /opt/airflow/dags/youtube_pipeline.py
[2026-07-30T00:04:34.802+0000] {logging_mixin.py:188} INFO - [2026-07-30T00:04:34.802+0000] {dag.py:3089} INFO - Sync 1 DAGs
[2026-07-30T00:04:34.829+0000] {logging_mixin.py:188} INFO - [2026-07-30T00:04:34.829+0000] {dag.py:3947} INFO - Setting next_dagrun for youtube_english_video_pipeline to 2026-07-29 12:00:00+00:00, run_after=2026-07-30 12:00:00+00:00
[2026-07-30T00:04:34.866+0000] {processor.py:183} INFO - Processing /opt/airflow/dags/youtube_pipeline.py took 0.313 seconds
[2026-07-30T00:05:06.023+0000] {processor.py:161} INFO - Started process (PID=73627) to work on /opt/airflow/dags/youtube_pipeline.py
[2026-07-30T00:05:06.046+0000] {processor.py:830} INFO - Processing file /opt/airflow/dags/youtube_pipeline.py for tasks to queue
[2026-07-30T00:05:06.064+0000] {logging_mixin.py:188} INFO - [2026-07-30T00:05:06.063+0000] {dagbag.py:545} INFO - Filling up the DagBag from /opt/airflow/dags/youtube_pipeline.py
[2026-07-30T00:05:06.635+0000] {processor.py:840} INFO - DAG(s) 'youtube_english_video_pipeline' retrieved from /opt/airflow/dags/youtube_pipeline.py
[2026-07-30T00:05:06.688+0000] {logging_mixin.py:188} INFO - [2026-07-30T00:05:06.688+0000] {dag.py:3089} INFO - Sync 1 DAGs
[2026-07-30T00:05:06.729+0000] {logging_mixin.py:188} INFO - [2026-07-30T00:05:06.729+0000] {dag.py:3947} INFO - Setting next_dagrun for youtube_english_video_pipeline to 2026-07-29 12:00:00+00:00, run_after=2026-07-30 12:00:00+00:00
[2026-07-30T00:05:06.799+0000] {processor.py:183} INFO - Processing /opt/airflow/dags/youtube_pipeline.py took 0.817 seconds
[2026-07-30T00:05:37.521+0000] {processor.py:161} INFO - Started process (PID=73632) to work on /opt/airflow/dags/youtube_pipeline.py
[2026-07-30T00:05:37.533+0000] {processor.py:830} INFO - Processing file /opt/airflow/dags/youtube_pipeline.py for tasks to queue
[2026-07-30T00:05:37.544+0000] {logging_mixin.py:188} INFO - [2026-07-30T00:05:37.543+0000] {dagbag.py:545} INFO - Filling up the DagBag from /opt/airflow/dags/youtube_pipeline.py
[2026-07-30T00:05:37.984+0000] {processor.py:840} INFO - DAG(s) 'youtube_english_video_pipeline' retrieved from /opt/airflow/dags/youtube_pipeline.py
[2026-07-30T00:05:38.053+0000] {logging_mixin.py:188} INFO - [2026-07-30T00:05:38.052+0000] {dag.py:3089} INFO - Sync 1 DAGs
[2026-07-30T00:05:38.084+0000] {logging_mixin.py:188} INFO - [2026-07-30T00:05:38.084+0000] {dag.py:3947} INFO - Setting next_dagrun for youtube_english_video_pipeline to 2026-07-29 12:00:00+00:00, run_after=2026-07-30 12:00:00+00:00
[2026-07-30T00:05:38.155+0000] {processor.py:183} INFO - Processing /opt/airflow/dags/youtube_pipeline.py took 0.653 seconds
[2026-07-30T00:06:09.435+0000] {processor.py:161} INFO - Started process (PID=73637) to work on /opt/airflow/dags/youtube_pipeline.py
[2026-07-30T00:06:09.443+0000] {processor.py:830} INFO - Processing file /opt/airflow/dags/youtube_pipeline.py for tasks to queue
[2026-07-30T00:06:09.447+0000] {logging_mixin.py:188} INFO - [2026-07-30T00:06:09.447+0000] {dagbag.py:545} INFO - Filling up the DagBag from /opt/airflow/dags/youtube_pipeline.py
[2026-07-30T00:06:09.705+0000] {processor.py:840} INFO - DAG(s) 'youtube_english_video_pipeline' retrieved from /opt/airflow/dags/youtube_pipeline.py
[2026-07-30T00:06:09.761+0000] {logging_mixin.py:188} INFO - [2026-07-30T00:06:09.761+0000] {dag.py:3089} INFO - Sync 1 DAGs
[2026-07-30T00:06:09.794+0000] {logging_mixin.py:188} INFO - [2026-07-30T00:06:09.794+0000] {dag.py:3947} INFO - Setting next_dagrun for youtube_english_video_pipeline to 2026-07-29 12:00:00+00:00, run_after=2026-07-30 12:00:00+00:00
[2026-07-30T00:06:09.822+0000] {processor.py:183} INFO - Processing /opt/airflow/dags/youtube_pipeline.py took 0.401 seconds
[2026-07-30T00:06:40.338+0000] {processor.py:161} INFO - Started process (PID=73642) to work on /opt/airflow/dags/youtube_pipeline.py
[2026-07-30T00:06:40.341+0000] {processor.py:830} INFO - Processing file /opt/airflow/dags/youtube_pipeline.py for tasks to queue
[2026-07-30T00:06:40.345+0000] {logging_mixin.py:188} INFO - [2026-07-30T00:06:40.344+0000] {dagbag.py:545} INFO - Filling up the DagBag from /opt/airflow/dags/youtube_pipeline.py
[2026-07-30T00:06:40.428+0000] {processor.py:840} INFO - DAG(s) 'youtube_english_video_pipeline' retrieved from /opt/airflow/dags/youtube_pipeline.py
[2026-07-30T00:06:40.479+0000] {logging_mixin.py:188} INFO - [2026-07-30T00:06:40.479+0000] {dag.py:3089} INFO - Sync 1 DAGs
[2026-07-30T00:06:40.501+0000] {logging_mixin.py:188} INFO - [2026-07-30T00:06:40.501+0000] {dag.py:3947} INFO - Setting next_dagrun for youtube_english_video_pipeline to 2026-07-29 12:00:00+00:00, run_after=2026-07-30 12:00:00+00:00
[2026-07-30T00:06:40.543+0000] {processor.py:183} INFO - Processing /opt/airflow/dags/youtube_pipeline.py took 0.215 seconds
[2026-07-30T00:07:11.101+0000] {processor.py:161} INFO - Started process (PID=73647) to work on /opt/airflow/dags/youtube_pipeline.py
[2026-07-30T00:07:11.105+0000] {processor.py:830} INFO - Processing file /opt/airflow/dags/youtube_pipeline.py for tasks to queue
[2026-07-30T00:07:11.108+0000] {logging_mixin.py:188} INFO - [2026-07-30T00:07:11.108+0000] {dagbag.py:545} INFO - Filling up the DagBag from /opt/airflow/dags/youtube_pipeline.py
[2026-07-30T00:07:11.292+0000] {processor.py:840} INFO - DAG(s) 'youtube_english_video_pipeline' retrieved from /opt/airflow/dags/youtube_pipeline.py
[2026-07-30T00:07:11.341+0000] {logging_mixin.py:188} INFO - [2026-07-30T00:07:11.341+0000] {dag.py:3089} INFO - Sync 1 DAGs
[2026-07-30T00:07:11.367+0000] {logging_mixin.py:188} INFO - [2026-07-30T00:07:11.367+0000] {dag.py:3947} INFO - Setting next_dagrun for youtube_english_video_pipeline to 2026-07-29 12:00:00+00:00, run_after=2026-07-30 12:00:00+00:00
[2026-07-30T00:07:11.409+0000] {processor.py:183} INFO - Processing /opt/airflow/dags/youtube_pipeline.py took 0.320 seconds
[2026-07-30T00:07:41.946+0000] {processor.py:161} INFO - Started process (PID=73652) to work on /opt/airflow/dags/youtube_pipeline.py
[2026-07-30T00:07:41.950+0000] {processor.py:830} INFO - Processing file /opt/airflow/dags/youtube_pipeline.py for tasks to queue
[2026-07-30T00:07:41.952+0000] {logging_mixin.py:188} INFO - [2026-07-30T00:07:41.952+0000] {dagbag.py:545} INFO - Filling up the DagBag from /opt/airflow/dags/youtube_pipeline.py
[2026-07-30T00:07:42.073+0000] {processor.py:840} INFO - DAG(s) 'youtube_english_video_pipeline' retrieved from /opt/airflow/dags/youtube_pipeline.py
[2026-07-30T00:07:42.115+0000] {logging_mixin.py:188} INFO - [2026-07-30T00:07:42.115+0000] {dag.py:3089} INFO - Sync 1 DAGs
[2026-07-30T00:07:42.133+0000] {logging_mixin.py:188} INFO - [2026-07-30T00:07:42.133+0000] {dag.py:3947} INFO - Setting next_dagrun for youtube_english_video_pipeline to 2026-07-29 12:00:00+00:00, run_after=2026-07-30 12:00:00+00:00
[2026-07-30T00:07:42.152+0000] {processor.py:183} INFO - Processing /opt/airflow/dags/youtube_pipeline.py took 0.219 seconds
[2026-07-30T00:08:12.395+0000] {processor.py:161} INFO - Started process (PID=73657) to work on /opt/airflow/dags/youtube_pipeline.py
[2026-07-30T00:08:12.397+0000] {processor.py:830} INFO - Processing file /opt/airflow/dags/youtube_pipeline.py for tasks to queue
[2026-07-30T00:08:12.400+0000] {logging_mixin.py:188} INFO - [2026-07-30T00:08:12.400+0000] {dagbag.py:545} INFO - Filling up the DagBag from /opt/airflow/dags/youtube_pipeline.py
[2026-07-30T00:08:12.506+0000] {processor.py:840} INFO - DAG(s) 'youtube_english_video_pipeline' retrieved from /opt/airflow/dags/youtube_pipeline.py
[2026-07-30T00:08:12.561+0000] {logging_mixin.py:188} INFO - [2026-07-30T00:08:12.560+0000] {dag.py:3089} INFO - Sync 1 DAGs
[2026-07-30T00:08:12.580+0000] {logging_mixin.py:188} INFO - [2026-07-30T00:08:12.580+0000] {dag.py:3947} INFO - Setting next_dagrun for youtube_english_video_pipeline to 2026-07-29 12:00:00+00:00, run_after=2026-07-30 12:00:00+00:00
[2026-07-30T00:08:12.600+0000] {processor.py:183} INFO - Processing /opt/airflow/dags/youtube_pipeline.py took 0.216 seconds
[2026-07-30T00:08:42.885+0000] {processor.py:161} INFO - Started process (PID=73662) to work on /opt/airflow/dags/youtube_pipeline.py
[2026-07-30T00:08:42.888+0000] {processor.py:830} INFO - Processing file /opt/airflow/dags/youtube_pipeline.py for tasks to queue
[2026-07-30T00:08:42.891+0000] {logging_mixin.py:188} INFO - [2026-07-30T00:08:42.890+0000] {dagbag.py:545} INFO - Filling up the DagBag from /opt/airflow/dags/youtube_pipeline.py
[2026-07-30T00:08:42.972+0000] {processor.py:840} INFO - DAG(s) 'youtube_english_video_pipeline' retrieved from /opt/airflow/dags/youtube_pipeline.py
[2026-07-30T00:08:43.044+0000] {logging_mixin.py:188} INFO - [2026-07-30T00:08:43.044+0000] {dag.py:3089} INFO - Sync 1 DAGs
[2026-07-30T00:08:43.083+0000] {logging_mixin.py:188} INFO - [2026-07-30T00:08:43.083+0000] {dag.py:3947} INFO - Setting next_dagrun for youtube_english_video_pipeline to 2026-07-29 12:00:00+00:00, run_after=2026-07-30 12:00:00+00:00
[2026-07-30T00:08:43.138+0000] {processor.py:183} INFO - Processing /opt/airflow/dags/youtube_pipeline.py took 0.265 seconds
[2026-07-30T00:09:13.379+0000] {processor.py:161} INFO - Started process (PID=73667) to work on /opt/airflow/dags/youtube_pipeline.py
[2026-07-30T00:09:13.382+0000] {processor.py:830} INFO - Processing file /opt/airflow/dags/youtube_pipeline.py for tasks to queue
[2026-07-30T00:09:13.383+0000] {logging_mixin.py:188} INFO - [2026-07-30T00:09:13.383+0000] {dagbag.py:545} INFO - Filling up the DagBag from /opt/airflow/dags/youtube_pipeline.py
[2026-07-30T00:09:13.460+0000] {processor.py:840} INFO - DAG(s) 'youtube_english_video_pipeline' retrieved from /opt/airflow/dags/youtube_pipeline.py
[2026-07-30T00:09:13.500+0000] {logging_mixin.py:188} INFO - [2026-07-30T00:09:13.499+0000] {dag.py:3089} INFO - Sync 1 DAGs
[2026-07-30T00:09:13.519+0000] {logging_mixin.py:188} INFO - [2026-07-30T00:09:13.518+0000] {dag.py:3947} INFO - Setting next_dagrun for youtube_english_video_pipeline to 2026-07-29 12:00:00+00:00, run_after=2026-07-30 12:00:00+00:00
[2026-07-30T00:09:13.549+0000] {processor.py:183} INFO - Processing /opt/airflow/dags/youtube_pipeline.py took 0.178 seconds
[2026-07-30T00:09:43.978+0000] {processor.py:161} INFO - Started process (PID=73672) to work on /opt/airflow/dags/youtube_pipeline.py
[2026-07-30T00:09:43.980+0000] {processor.py:830} INFO - Processing file /opt/airflow/dags/youtube_pipeline.py for tasks to queue
[2026-07-30T00:09:43.981+0000] {logging_mixin.py:188} INFO - [2026-07-30T00:09:43.981+0000] {dagbag.py:545} INFO - Filling up the DagBag from /opt/airflow/dags/youtube_pipeline.py
[2026-07-30T00:09:44.062+0000] {processor.py:840} INFO - DAG(s) 'youtube_english_video_pipeline' retrieved from /opt/airflow/dags/youtube_pipeline.py
[2026-07-30T00:09:44.101+0000] {logging_mixin.py:188} INFO - [2026-07-30T00:09:44.101+0000] {dag.py:3089} INFO - Sync 1 DAGs
[2026-07-30T00:09:44.127+0000] {logging_mixin.py:188} INFO - [2026-07-30T00:09:44.127+0000] {dag.py:3947} INFO - Setting next_dagrun for youtube_english_video_pipeline to 2026-07-29 12:00:00+00:00, run_after=2026-07-30 12:00:00+00:00
[2026-07-30T00:09:44.153+0000] {processor.py:183} INFO - Processing /opt/airflow/dags/youtube_pipeline.py took 0.189 seconds
[2026-07-30T00:10:14.528+0000] {processor.py:161} INFO - Started process (PID=73677) to work on /opt/airflow/dags/youtube_pipeline.py
[2026-07-30T00:10:14.530+0000] {processor.py:830} INFO - Processing file /opt/airflow/dags/youtube_pipeline.py for tasks to queue
[2026-07-30T00:10:14.531+0000] {logging_mixin.py:188} INFO - [2026-07-30T00:10:14.531+0000] {dagbag.py:545} INFO - Filling up the DagBag from /opt/airflow/dags/youtube_pipeline.py
[2026-07-30T00:10:14.599+0000] {processor.py:840} INFO - DAG(s) 'youtube_english_video_pipeline' retrieved from /opt/airflow/dags/youtube_pipeline.py
[2026-07-30T00:10:14.654+0000] {logging_mixin.py:188} INFO - [2026-07-30T00:10:14.654+0000] {dag.py:3089} INFO - Sync 1 DAGs
[2026-07-30T00:10:14.672+0000] {logging_mixin.py:188} INFO - [2026-07-30T00:10:14.671+0000] {dag.py:3947} INFO - Setting next_dagrun for youtube_english_video_pipeline to 2026-07-29 12:00:00+00:00, run_after=2026-07-30 12:00:00+00:00
[2026-07-30T00:10:14.691+0000] {processor.py:183} INFO - Processing /opt/airflow/dags/youtube_pipeline.py took 0.174 seconds
[2026-07-30T00:10:45.072+0000] {processor.py:161} INFO - Started process (PID=73682) to work on /opt/airflow/dags/youtube_pipeline.py
[2026-07-30T00:10:45.078+0000] {processor.py:830} INFO - Processing file /opt/airflow/dags/youtube_pipeline.py for tasks to queue
[2026-07-30T00:10:45.084+0000] {logging_mixin.py:188} INFO - [2026-07-30T00:10:45.083+0000] {dagbag.py:545} INFO - Filling up the DagBag from /opt/airflow/dags/youtube_pipeline.py
[2026-07-30T00:10:45.298+0000] {processor.py:840} INFO - DAG(s) 'youtube_english_video_pipeline' retrieved from /opt/airflow/dags/youtube_pipeline.py
[2026-07-30T00:10:45.352+0000] {logging_mixin.py:188} INFO - [2026-07-30T00:10:45.352+0000] {dag.py:3089} INFO - Sync 1 DAGs
[2026-07-30T00:10:45.375+0000] {logging_mixin.py:188} INFO - [2026-07-30T00:10:45.375+0000] {dag.py:3947} INFO - Setting next_dagrun for youtube_english_video_pipeline to 2026-07-29 12:00:00+00:00, run_after=2026-07-30 12:00:00+00:00
[2026-07-30T00:10:45.399+0000] {processor.py:183} INFO - Processing /opt/airflow/dags/youtube_pipeline.py took 0.340 seconds
[2026-07-30T00:11:15.879+0000] {processor.py:161} INFO - Started process (PID=73687) to work on /opt/airflow/dags/youtube_pipeline.py
[2026-07-30T00:11:15.884+0000] {processor.py:830} INFO - Processing file /opt/airflow/dags/youtube_pipeline.py for tasks to queue
[2026-07-30T00:11:15.887+0000] {logging_mixin.py:188} INFO - [2026-07-30T00:11:15.887+0000] {dagbag.py:545} INFO - Filling up the DagBag from /opt/airflow/dags/youtube_pipeline.py
[2026-07-30T00:11:15.959+0000] {processor.py:840} INFO - DAG(s) 'youtube_english_video_pipeline' retrieved from /opt/airflow/dags/youtube_pipeline.py
[2026-07-30T00:11:16.003+0000] {logging_mixin.py:188} INFO - [2026-07-30T00:11:16.002+0000] {dag.py:3089} INFO - Sync 1 DAGs
[2026-07-30T00:11:16.024+0000] {logging_mixin.py:188} INFO - [2026-07-30T00:11:16.024+0000] {dag.py:3947} INFO - Setting next_dagrun for youtube_english_video_pipeline to 2026-07-29 12:00:00+00:00, run_after=2026-07-30 12:00:00+00:00
[2026-07-30T00:11:16.067+0000] {processor.py:183} INFO - Processing /opt/airflow/dags/youtube_pipeline.py took 0.202 seconds
[2026-07-30T00:11:46.787+0000] {processor.py:161} INFO - Started process (PID=73692) to work on /opt/airflow/dags/youtube_pipeline.py
[2026-07-30T00:11:46.788+0000] {processor.py:830} INFO - Processing file /opt/airflow/dags/youtube_pipeline.py for tasks to queue
[2026-07-30T00:11:46.788+0000] {logging_mixin.py:188} INFO - [2026-07-30T00:11:46.788+0000] {dagbag.py:545} INFO - Filling up the DagBag from /opt/airflow/dags/youtube_pipeline.py
[2026-07-30T00:11:46.833+0000] {processor.py:840} INFO - DAG(s) 'youtube_english_video_pipeline' retrieved from /opt/airflow/dags/youtube_pipeline.py
[2026-07-30T00:11:46.872+0000] {logging_mixin.py:188} INFO - [2026-07-30T00:11:46.872+0000] {dag.py:3089} INFO - Sync 1 DAGs
[2026-07-30T00:11:46.890+0000] {logging_mixin.py:188} INFO - [2026-07-30T00:11:46.890+0000] {dag.py:3947} INFO - Setting next_dagrun for youtube_english_video_pipeline to 2026-07-29 12:00:00+00:00, run_after=2026-07-30 12:00:00+00:00
[2026-07-30T00:11:46.911+0000] {processor.py:183} INFO - Processing /opt/airflow/dags/youtube_pipeline.py took 0.130 seconds
[2026-07-30T00:12:17.165+0000] {processor.py:161} INFO - Started process (PID=73697) to work on /opt/airflow/dags/youtube_pipeline.py
[2026-07-30T00:12:17.178+0000] {processor.py:830} INFO - Processing file /opt/airflow/dags/youtube_pipeline.py for tasks to queue
[2026-07-30T00:12:17.185+0000] {logging_mixin.py:188} INFO - [2026-07-30T00:12:17.184+0000] {dagbag.py:545} INFO - Filling up the DagBag from /opt/airflow/dags/youtube_pipeline.py
[2026-07-30T00:12:17.365+0000] {processor.py:840} INFO - DAG(s) 'youtube_english_video_pipeline' retrieved from /opt/airflow/dags/youtube_pipeline.py
[2026-07-30T00:12:17.425+0000] {logging_mixin.py:188} INFO - [2026-07-30T00:12:17.424+0000] {dag.py:3089} INFO - Sync 1 DAGs
[2026-07-30T00:12:17.448+0000] {logging_mixin.py:188} INFO - [2026-07-30T00:12:17.448+0000] {dag.py:3947} INFO - Setting next_dagrun for youtube_english_video_pipeline to 2026-07-29 12:00:00+00:00, run_after=2026-07-30 12:00:00+00:00
[2026-07-30T00:12:17.484+0000] {processor.py:183} INFO - Processing /opt/airflow/dags/youtube_pipeline.py took 0.337 seconds
[2026-07-30T00:12:47.840+0000] {processor.py:161} INFO - Started process (PID=73702) to work on /opt/airflow/dags/youtube_pipeline.py
[2026-07-30T00:12:47.845+0000] {processor.py:830} INFO - Processing file /opt/airflow/dags/youtube_pipeline.py for tasks to queue
[2026-07-30T00:12:47.850+0000] {logging_mixin.py:188} INFO - [2026-07-30T00:12:47.850+0000] {dagbag.py:545} INFO - Filling up the DagBag from /opt/airflow/dags/youtube_pipeline.py
[2026-07-30T00:12:47.994+0000] {processor.py:840} INFO - DAG(s) 'youtube_english_video_pipeline' retrieved from /opt/airflow/dags/youtube_pipeline.py
[2026-07-30T00:12:48.048+0000] {logging_mixin.py:188} INFO - [2026-07-30T00:12:48.048+0000] {dag.py:3089} INFO - Sync 1 DAGs
[2026-07-30T00:12:48.070+0000] {logging_mixin.py:188} INFO - [2026-07-30T00:12:48.070+0000] {dag.py:3947} INFO - Setting next_dagrun for youtube_english_video_pipeline to 2026-07-29 12:00:00+00:00, run_after=2026-07-30 12:00:00+00:00
[2026-07-30T00:12:48.097+0000] {processor.py:183} INFO - Processing /opt/airflow/dags/youtube_pipeline.py took 0.274 seconds
[2026-07-30T00:13:18.362+0000] {processor.py:161} INFO - Started process (PID=73707) to work on /opt/airflow/dags/youtube_pipeline.py
[2026-07-30T00:13:18.364+0000] {processor.py:830} INFO - Processing file /opt/airflow/dags/youtube_pipeline.py for tasks to queue
[2026-07-30T00:13:18.365+0000] {logging_mixin.py:188} INFO - [2026-07-30T00:13:18.365+0000] {dagbag.py:545} INFO - Filling up the DagBag from /opt/airflow/dags/youtube_pipeline.py
[2026-07-30T00:13:18.428+0000] {processor.py:840} INFO - DAG(s) 'youtube_english_video_pipeline' retrieved from /opt/airflow/dags/youtube_pipeline.py
[2026-07-30T00:13:18.472+0000] {logging_mixin.py:188} INFO - [2026-07-30T00:13:18.471+0000] {dag.py:3089} INFO - Sync 1 DAGs
[2026-07-30T00:13:18.501+0000] {logging_mixin.py:188} INFO - [2026-07-30T00:13:18.501+0000] {dag.py:3947} INFO - Setting next_dagrun for youtube_english_video_pipeline to 2026-07-29 12:00:00+00:00, run_after=2026-07-30 12:00:00+00:00
[2026-07-30T00:13:18.536+0000] {processor.py:183} INFO - Processing /opt/airflow/dags/youtube_pipeline.py took 0.185 seconds
[2026-07-30T00:13:48.913+0000] {processor.py:161} INFO - Started process (PID=73712) to work on /opt/airflow/dags/youtube_pipeline.py
[2026-07-30T00:13:48.915+0000] {processor.py:830} INFO - Processing file /opt/airflow/dags/youtube_pipeline.py for tasks to queue
[2026-07-30T00:13:48.918+0000] {logging_mixin.py:188} INFO - [2026-07-30T00:13:48.917+0000] {dagbag.py:545} INFO - Filling up the DagBag from /opt/airflow/dags/youtube_pipeline.py
[2026-07-30T00:13:48.982+0000] {processor.py:840} INFO - DAG(s) 'youtube_english_video_pipeline' retrieved from /opt/airflow/dags/youtube_pipeline.py
[2026-07-30T00:13:49.021+0000] {logging_mixin.py:188} INFO - [2026-07-30T00:13:49.021+0000] {dag.py:3089} INFO - Sync 1 DAGs
[2026-07-30T00:13:49.042+0000] {logging_mixin.py:188} INFO - [2026-07-30T00:13:49.041+0000] {dag.py:3947} INFO - Setting next_dagrun for youtube_english_video_pipeline to 2026-07-29 12:00:00+00:00, run_after=2026-07-30 12:00:00+00:00
[2026-07-30T00:13:49.059+0000] {processor.py:183} INFO - Processing /opt/airflow/dags/youtube_pipeline.py took 0.155 seconds
[2026-07-30T00:14:19.233+0000] {processor.py:161} INFO - Started process (PID=73717) to work on /opt/airflow/dags/youtube_pipeline.py
[2026-07-30T00:14:19.236+0000] {processor.py:830} INFO - Processing file /opt/airflow/dags/youtube_pipeline.py for tasks to queue
[2026-07-30T00:14:19.237+0000] {logging_mixin.py:188} INFO - [2026-07-30T00:14:19.237+0000] {dagbag.py:545} INFO - Filling up the DagBag from /opt/airflow/dags/youtube_pipeline.py
[2026-07-30T00:14:19.298+0000] {processor.py:840} INFO - DAG(s) 'youtube_english_video_pipeline' retrieved from /opt/airflow/dags/youtube_pipeline.py
[2026-07-30T00:14:19.349+0000] {logging_mixin.py:188} INFO - [2026-07-30T00:14:19.349+0000] {dag.py:3089} INFO - Sync 1 DAGs
[2026-07-30T00:14:19.369+0000] {logging_mixin.py:188} INFO - [2026-07-30T00:14:19.369+0000] {dag.py:3947} INFO - Setting next_dagrun for youtube_english_video_pipeline to 2026-07-29 12:00:00+00:00, run_after=2026-07-30 12:00:00+00:00
[2026-07-30T00:14:19.390+0000] {processor.py:183} INFO - Processing /opt/airflow/dags/youtube_pipeline.py took 0.170 seconds
[2026-07-30T00:14:49.815+0000] {processor.py:161} INFO - Started process (PID=73722) to work on /opt/airflow/dags/youtube_pipeline.py
[2026-07-30T00:14:49.816+0000] {processor.py:830} INFO - Processing file /opt/airflow/dags/youtube_pipeline.py for tasks to queue
[2026-07-30T00:14:49.818+0000] {logging_mixin.py:188} INFO - [2026-07-30T00:14:49.817+0000] {dagbag.py:545} INFO - Filling up the DagBag from /opt/airflow/dags/youtube_pipeline.py
[2026-07-30T00:14:49.973+0000] {processor.py:840} INFO - DAG(s) 'youtube_english_video_pipeline' retrieved from /opt/airflow/dags/youtube_pipeline.py
[2026-07-30T00:14:50.027+0000] {logging_mixin.py:188} INFO - [2026-07-30T00:14:50.027+0000] {dag.py:3089} INFO - Sync 1 DAGs
[2026-07-30T00:14:50.048+0000] {logging_mixin.py:188} INFO - [2026-07-30T00:14:50.048+0000] {dag.py:3947} INFO - Setting next_dagrun for youtube_english_video_pipeline to 2026-07-29 12:00:00+00:00, run_after=2026-07-30 12:00:00+00:00
[2026-07-30T00:14:50.079+0000] {processor.py:183} INFO - Processing /opt/airflow/dags/youtube_pipeline.py took 0.276 seconds
[2026-07-30T00:15:20.577+0000] {processor.py:161} INFO - Started process (PID=73727) to work on /opt/airflow/dags/youtube_pipeline.py
[2026-07-30T00:15:20.581+0000] {processor.py:830} INFO - Processing file /opt/airflow/dags/youtube_pipeline.py for tasks to queue
[2026-07-30T00:15:20.582+0000] {logging_mixin.py:188} INFO - [2026-07-30T00:15:20.582+0000] {dagbag.py:545} INFO - Filling up the DagBag from /opt/airflow/dags/youtube_pipeline.py
[2026-07-30T00:15:20.733+0000] {processor.py:840} INFO - DAG(s) 'youtube_english_video_pipeline' retrieved from /opt/airflow/dags/youtube_pipeline.py
[2026-07-30T00:15:20.788+0000] {logging_mixin.py:188} INFO - [2026-07-30T00:15:20.788+0000] {dag.py:3089} INFO - Sync 1 DAGs
[2026-07-30T00:15:20.809+0000] {logging_mixin.py:188} INFO - [2026-07-30T00:15:20.809+0000] {dag.py:3947} INFO - Setting next_dagrun for youtube_english_video_pipeline to 2026-07-29 12:00:00+00:00, run_after=2026-07-30 12:00:00+00:00
[2026-07-30T00:15:20.841+0000] {processor.py:183} INFO - Processing /opt/airflow/dags/youtube_pipeline.py took 0.276 seconds
[2026-07-30T00:15:51.275+0000] {processor.py:161} INFO - Started process (PID=73732) to work on /opt/airflow/dags/youtube_pipeline.py
[2026-07-30T00:15:51.277+0000] {processor.py:830} INFO - Processing file /opt/airflow/dags/youtube_pipeline.py for tasks to queue
[2026-07-30T00:15:51.278+0000] {logging_mixin.py:188} INFO - [2026-07-30T00:15:51.278+0000] {dagbag.py:545} INFO - Filling up the DagBag from /opt/airflow/dags/youtube_pipeline.py
[2026-07-30T00:15:51.346+0000] {processor.py:840} INFO - DAG(s) 'youtube_english_video_pipeline' retrieved from /opt/airflow/dags/youtube_pipeline.py
[2026-07-30T00:15:51.406+0000] {logging_mixin.py:188} INFO - [2026-07-30T00:15:51.406+0000] {dag.py:3089} INFO - Sync 1 DAGs
[2026-07-30T00:15:51.435+0000] {logging_mixin.py:188} INFO - [2026-07-30T00:15:51.434+0000] {dag.py:3947} INFO - Setting next_dagrun for youtube_english_video_pipeline to 2026-07-29 12:00:00+00:00, run_after=2026-07-30 12:00:00+00:00
[2026-07-30T00:15:51.466+0000] {processor.py:183} INFO - Processing /opt/airflow/dags/youtube_pipeline.py took 0.203 seconds
[2026-07-30T00:16:21.838+0000] {processor.py:161} INFO - Started process (PID=73737) to work on /opt/airflow/dags/youtube_pipeline.py
[2026-07-30T00:16:21.845+0000] {processor.py:830} INFO - Processing file /opt/airflow/dags/youtube_pipeline.py for tasks to queue
[2026-07-30T00:16:21.846+0000] {logging_mixin.py:188} INFO - [2026-07-30T00:16:21.846+0000] {dagbag.py:545} INFO - Filling up the DagBag from /opt/airflow/dags/youtube_pipeline.py
[2026-07-30T00:16:21.908+0000] {processor.py:840} INFO - DAG(s) 'youtube_english_video_pipeline' retrieved from /opt/airflow/dags/youtube_pipeline.py
[2026-07-30T00:16:21.947+0000] {logging_mixin.py:188} INFO - [2026-07-30T00:16:21.946+0000] {dag.py:3089} INFO - Sync 1 DAGs
[2026-07-30T00:16:21.968+0000] {logging_mixin.py:188} INFO - [2026-07-30T00:16:21.968+0000] {dag.py:3947} INFO - Setting next_dagrun for youtube_english_video_pipeline to 2026-07-29 12:00:00+00:00, run_after=2026-07-30 12:00:00+00:00
[2026-07-30T00:16:21.995+0000] {processor.py:183} INFO - Processing /opt/airflow/dags/youtube_pipeline.py took 0.165 seconds
[2026-07-30T00:16:52.232+0000] {processor.py:161} INFO - Started process (PID=73742) to work on /opt/airflow/dags/youtube_pipeline.py
[2026-07-30T00:16:52.234+0000] {processor.py:830} INFO - Processing file /opt/airflow/dags/youtube_pipeline.py for tasks to queue
[2026-07-30T00:16:52.238+0000] {logging_mixin.py:188} INFO - [2026-07-30T00:16:52.237+0000] {dagbag.py:545} INFO - Filling up the DagBag from /opt/airflow/dags/youtube_pipeline.py
[2026-07-30T00:16:52.334+0000] {processor.py:840} INFO - DAG(s) 'youtube_english_video_pipeline' retrieved from /opt/airflow/dags/youtube_pipeline.py
[2026-07-30T00:16:52.385+0000] {logging_mixin.py:188} INFO - [2026-07-30T00:16:52.385+0000] {dag.py:3089} INFO - Sync 1 DAGs
[2026-07-30T00:16:52.409+0000] {logging_mixin.py:188} INFO - [2026-07-30T00:16:52.408+0000] {dag.py:3947} INFO - Setting next_dagrun for youtube_english_video_pipeline to 2026-07-29 12:00:00+00:00, run_after=2026-07-30 12:00:00+00:00
[2026-07-30T00:16:52.428+0000] {processor.py:183} INFO - Processing /opt/airflow/dags/youtube_pipeline.py took 0.207 seconds
[2026-07-30T00:17:22.729+0000] {processor.py:161} INFO - Started process (PID=73747) to work on /opt/airflow/dags/youtube_pipeline.py
[2026-07-30T00:17:22.731+0000] {processor.py:830} INFO - Processing file /opt/airflow/dags/youtube_pipeline.py for tasks to queue
[2026-07-30T00:17:22.732+0000] {logging_mixin.py:188} INFO - [2026-07-30T00:17:22.732+0000] {dagbag.py:545} INFO - Filling up the DagBag from /opt/airflow/dags/youtube_pipeline.py
[2026-07-30T00:17:22.797+0000] {processor.py:840} INFO - DAG(s) 'youtube_english_video_pipeline' retrieved from /opt/airflow/dags/youtube_pipeline.py
[2026-07-30T00:17:22.850+0000] {logging_mixin.py:188} INFO - [2026-07-30T00:17:22.850+0000] {dag.py:3089} INFO - Sync 1 DAGs
[2026-07-30T00:17:22.870+0000] {logging_mixin.py:188} INFO - [2026-07-30T00:17:22.870+0000] {dag.py:3947} INFO - Setting next_dagrun for youtube_english_video_pipeline to 2026-07-29 12:00:00+00:00, run_after=2026-07-30 12:00:00+00:00
[2026-07-30T00:17:22.914+0000] {processor.py:183} INFO - Processing /opt/airflow/dags/youtube_pipeline.py took 0.193 seconds
[2026-07-30T00:17:53.210+0000] {processor.py:161} INFO - Started process (PID=73752) to work on /opt/airflow/dags/youtube_pipeline.py
[2026-07-30T00:17:53.213+0000] {processor.py:830} INFO - Processing file /opt/airflow/dags/youtube_pipeline.py for tasks to queue
[2026-07-30T00:17:53.218+0000] {logging_mixin.py:188} INFO - [2026-07-30T00:17:53.217+0000] {dagbag.py:545} INFO - Filling up the DagBag from /opt/airflow/dags/youtube_pipeline.py
[2026-07-30T00:17:53.336+0000] {processor.py:840} INFO - DAG(s) 'youtube_english_video_pipeline' retrieved from /opt/airflow/dags/youtube_pipeline.py
[2026-07-30T00:17:53.374+0000] {logging_mixin.py:188} INFO - [2026-07-30T00:17:53.374+0000] {dag.py:3089} INFO - Sync 1 DAGs
[2026-07-30T00:17:53.392+0000] {logging_mixin.py:188} INFO - [2026-07-30T00:17:53.392+0000] {dag.py:3947} INFO - Setting next_dagrun for youtube_english_video_pipeline to 2026-07-29 12:00:00+00:00, run_after=2026-07-30 12:00:00+00:00
[2026-07-30T00:17:53.413+0000] {processor.py:183} INFO - Processing /opt/airflow/dags/youtube_pipeline.py took 0.217 seconds
[2026-07-30T00:18:23.663+0000] {processor.py:161} INFO - Started process (PID=73757) to work on /opt/airflow/dags/youtube_pipeline.py
[2026-07-30T00:18:23.665+0000] {processor.py:830} INFO - Processing file /opt/airflow/dags/youtube_pipeline.py for tasks to queue
[2026-07-30T00:18:23.668+0000] {logging_mixin.py:188} INFO - [2026-07-30T00:18:23.668+0000] {dagbag.py:545} INFO - Filling up the DagBag from /opt/airflow/dags/youtube_pipeline.py
[2026-07-30T00:18:23.748+0000] {processor.py:840} INFO - DAG(s) 'youtube_english_video_pipeline' retrieved from /opt/airflow/dags/youtube_pipeline.py
[2026-07-30T00:18:23.799+0000] {logging_mixin.py:188} INFO - [2026-07-30T00:18:23.799+0000] {dag.py:3089} INFO - Sync 1 DAGs
[2026-07-30T00:18:23.830+0000] {logging_mixin.py:188} INFO - [2026-07-30T00:18:23.830+0000] {dag.py:3947} INFO - Setting next_dagrun for youtube_english_video_pipeline to 2026-07-29 12:00:00+00:00, run_after=2026-07-30 12:00:00+00:00
[2026-07-30T00:18:23.862+0000] {processor.py:183} INFO - Processing /opt/airflow/dags/youtube_pipeline.py took 0.210 seconds
[2026-07-30T00:18:54.195+0000] {processor.py:161} INFO - Started process (PID=73762) to work on /opt/airflow/dags/youtube_pipeline.py
[2026-07-30T00:18:54.197+0000] {processor.py:830} INFO - Processing file /opt/airflow/dags/youtube_pipeline.py for tasks to queue
[2026-07-30T00:18:54.198+0000] {logging_mixin.py:188} INFO - [2026-07-30T00:18:54.198+0000] {dagbag.py:545} INFO - Filling up the DagBag from /opt/airflow/dags/youtube_pipeline.py
[2026-07-30T00:18:54.241+0000] {processor.py:840} INFO - DAG(s) 'youtube_english_video_pipeline' retrieved from /opt/airflow/dags/youtube_pipeline.py
[2026-07-30T00:18:54.280+0000] {logging_mixin.py:188} INFO - [2026-07-30T00:18:54.280+0000] {dag.py:3089} INFO - Sync 1 DAGs
[2026-07-30T00:18:54.299+0000] {logging_mixin.py:188} INFO - [2026-07-30T00:18:54.299+0000] {dag.py:3947} INFO - Setting next_dagrun for youtube_english_video_pipeline to 2026-07-29 12:00:00+00:00, run_after=2026-07-30 12:00:00+00:00
[2026-07-30T00:18:54.319+0000] {processor.py:183} INFO - Processing /opt/airflow/dags/youtube_pipeline.py took 0.131 seconds
[2026-07-30T00:19:24.593+0000] {processor.py:161} INFO - Started process (PID=73767) to work on /opt/airflow/dags/youtube_pipeline.py
[2026-07-30T00:19:24.594+0000] {processor.py:830} INFO - Processing file /opt/airflow/dags/youtube_pipeline.py for tasks to queue
[2026-07-30T00:19:24.595+0000] {logging_mixin.py:188} INFO - [2026-07-30T00:19:24.595+0000] {dagbag.py:545} INFO - Filling up the DagBag from /opt/airflow/dags/youtube_pipeline.py
[2026-07-30T00:19:24.660+0000] {processor.py:840} INFO - DAG(s) 'youtube_english_video_pipeline' retrieved from /opt/airflow/dags/youtube_pipeline.py
[2026-07-30T00:19:24.702+0000] {logging_mixin.py:188} INFO - [2026-07-30T00:19:24.702+0000] {dag.py:3089} INFO - Sync 1 DAGs
[2026-07-30T00:19:24.723+0000] {logging_mixin.py:188} INFO - [2026-07-30T00:19:24.722+0000] {dag.py:3947} INFO - Setting next_dagrun for youtube_english_video_pipeline to 2026-07-29 12:00:00+00:00, run_after=2026-07-30 12:00:00+00:00
[2026-07-30T00:19:24.747+0000] {processor.py:183} INFO - Processing /opt/airflow/dags/youtube_pipeline.py took 0.163 seconds
[2026-07-30T00:19:55.018+0000] {processor.py:161} INFO - Started process (PID=73772) to work on /opt/airflow/dags/youtube_pipeline.py
[2026-07-30T00:19:55.023+0000] {processor.py:830} INFO - Processing file /opt/airflow/dags/youtube_pipeline.py for tasks to queue
[2026-07-30T00:19:55.028+0000] {logging_mixin.py:188} INFO - [2026-07-30T00:19:55.027+0000] {dagbag.py:545} INFO - Filling up the DagBag from /opt/airflow/dags/youtube_pipeline.py
[2026-07-30T00:19:55.109+0000] {processor.py:840} INFO - DAG(s) 'youtube_english_video_pipeline' retrieved from /opt/airflow/dags/youtube_pipeline.py
[2026-07-30T00:19:55.179+0000] {logging_mixin.py:188} INFO - [2026-07-30T00:19:55.179+0000] {dag.py:3089} INFO - Sync 1 DAGs
[2026-07-30T00:19:55.208+0000] {logging_mixin.py:188} INFO - [2026-07-30T00:19:55.207+0000] {dag.py:3947} INFO - Setting next_dagrun for youtube_english_video_pipeline to 2026-07-29 12:00:00+00:00, run_after=2026-07-30 12:00:00+00:00
[2026-07-30T00:19:55.236+0000] {processor.py:183} INFO - Processing /opt/airflow/dags/youtube_pipeline.py took 0.229 seconds
[2026-07-30T00:20:25.463+0000] {processor.py:161} INFO - Started process (PID=73777) to work on /opt/airflow/dags/youtube_pipeline.py
[2026-07-30T00:20:25.464+0000] {processor.py:830} INFO - Processing file /opt/airflow/dags/youtube_pipeline.py for tasks to queue
[2026-07-30T00:20:25.466+0000] {logging_mixin.py:188} INFO - [2026-07-30T00:20:25.466+0000] {dagbag.py:545} INFO - Filling up the DagBag from /opt/airflow/dags/youtube_pipeline.py
[2026-07-30T00:20:25.519+0000] {processor.py:840} INFO - DAG(s) 'youtube_english_video_pipeline' retrieved from /opt/airflow/dags/youtube_pipeline.py
[2026-07-30T00:20:25.572+0000] {logging_mixin.py:188} INFO - [2026-07-30T00:20:25.572+0000] {dag.py:3089} INFO - Sync 1 DAGs
[2026-07-30T00:20:25.592+0000] {logging_mixin.py:188} INFO - [2026-07-30T00:20:25.592+0000] {dag.py:3947} INFO - Setting next_dagrun for youtube_english_video_pipeline to 2026-07-29 12:00:00+00:00, run_after=2026-07-30 12:00:00+00:00
[2026-07-30T00:20:25.616+0000] {processor.py:183} INFO - Processing /opt/airflow/dags/youtube_pipeline.py took 0.162 seconds
[2026-07-30T00:20:56.264+0000] {processor.py:161} INFO - Started process (PID=73782) to work on /opt/airflow/dags/youtube_pipeline.py
[2026-07-30T00:20:56.270+0000] {processor.py:830} INFO - Processing file /opt/airflow/dags/youtube_pipeline.py for tasks to queue
[2026-07-30T00:20:56.273+0000] {logging_mixin.py:188} INFO - [2026-07-30T00:20:56.272+0000] {dagbag.py:545} INFO - Filling up the DagBag from /opt/airflow/dags/youtube_pipeline.py
[2026-07-30T00:20:56.535+0000] {processor.py:840} INFO - DAG(s) 'youtube_english_video_pipeline' retrieved from /opt/airflow/dags/youtube_pipeline.py
[2026-07-30T00:20:56.582+0000] {logging_mixin.py:188} INFO - [2026-07-30T00:20:56.582+0000] {dag.py:3089} INFO - Sync 1 DAGs
[2026-07-30T00:20:56.609+0000] {logging_mixin.py:188} INFO - [2026-07-30T00:20:56.609+0000] {dag.py:3947} INFO - Setting next_dagrun for youtube_english_video_pipeline to 2026-07-29 12:00:00+00:00, run_after=2026-07-30 12:00:00+00:00
[2026-07-30T00:20:56.649+0000] {processor.py:183} INFO - Processing /opt/airflow/dags/youtube_pipeline.py took 0.399 seconds
[2026-07-30T00:21:27.321+0000] {processor.py:161} INFO - Started process (PID=73787) to work on /opt/airflow/dags/youtube_pipeline.py
[2026-07-30T00:21:27.322+0000] {processor.py:830} INFO - Processing file /opt/airflow/dags/youtube_pipeline.py for tasks to queue
[2026-07-30T00:21:27.324+0000] {logging_mixin.py:188} INFO - [2026-07-30T00:21:27.323+0000] {dagbag.py:545} INFO - Filling up the DagBag from /opt/airflow/dags/youtube_pipeline.py
[2026-07-30T00:21:27.366+0000] {processor.py:840} INFO - DAG(s) 'youtube_english_video_pipeline' retrieved from /opt/airflow/dags/youtube_pipeline.py
[2026-07-30T00:21:27.399+0000] {logging_mixin.py:188} INFO - [2026-07-30T00:21:27.399+0000] {dag.py:3089} INFO - Sync 1 DAGs
[2026-07-30T00:21:27.419+0000] {logging_mixin.py:188} INFO - [2026-07-30T00:21:27.418+0000] {dag.py:3947} INFO - Setting next_dagrun for youtube_english_video_pipeline to 2026-07-29 12:00:00+00:00, run_after=2026-07-30 12:00:00+00:00
[2026-07-30T00:21:27.442+0000] {processor.py:183} INFO - Processing /opt/airflow/dags/youtube_pipeline.py took 0.128 seconds
[2026-07-30T00:21:57.746+0000] {processor.py:161} INFO - Started process (PID=73792) to work on /opt/airflow/dags/youtube_pipeline.py
[2026-07-30T00:21:57.747+0000] {processor.py:830} INFO - Processing file /opt/airflow/dags/youtube_pipeline.py for tasks to queue
[2026-07-30T00:21:57.748+0000] {logging_mixin.py:188} INFO - [2026-07-30T00:21:57.748+0000] {dagbag.py:545} INFO - Filling up the DagBag from /opt/airflow/dags/youtube_pipeline.py
[2026-07-30T00:21:57.788+0000] {processor.py:840} INFO - DAG(s) 'youtube_english_video_pipeline' retrieved from /opt/airflow/dags/youtube_pipeline.py
[2026-07-30T00:21:57.827+0000] {logging_mixin.py:188} INFO - [2026-07-30T00:21:57.827+0000] {dag.py:3089} INFO - Sync 1 DAGs
[2026-07-30T00:21:57.849+0000] {logging_mixin.py:188} INFO - [2026-07-30T00:21:57.849+0000] {dag.py:3947} INFO - Setting next_dagrun for youtube_english_video_pipeline to 2026-07-29 12:00:00+00:00, run_after=2026-07-30 12:00:00+00:00
[2026-07-30T00:21:57.869+0000] {processor.py:183} INFO - Processing /opt/airflow/dags/youtube_pipeline.py took 0.129 seconds
[2026-07-30T00:22:28.154+0000] {processor.py:161} INFO - Started process (PID=73797) to work on /opt/airflow/dags/youtube_pipeline.py
[2026-07-30T00:22:28.157+0000] {processor.py:830} INFO - Processing file /opt/airflow/dags/youtube_pipeline.py for tasks to queue
[2026-07-30T00:22:28.159+0000] {logging_mixin.py:188} INFO - [2026-07-30T00:22:28.159+0000] {dagbag.py:545} INFO - Filling up the DagBag from /opt/airflow/dags/youtube_pipeline.py
[2026-07-30T00:22:28.228+0000] {processor.py:840} INFO - DAG(s) 'youtube_english_video_pipeline' retrieved from /opt/airflow/dags/youtube_pipeline.py
[2026-07-30T00:22:28.262+0000] {logging_mixin.py:188} INFO - [2026-07-30T00:22:28.262+0000] {dag.py:3089} INFO - Sync 1 DAGs
[2026-07-30T00:22:28.279+0000] {logging_mixin.py:188} INFO - [2026-07-30T00:22:28.279+0000] {dag.py:3947} INFO - Setting next_dagrun for youtube_english_video_pipeline to 2026-07-29 12:00:00+00:00, run_after=2026-07-30 12:00:00+00:00
[2026-07-30T00:22:28.306+0000] {processor.py:183} INFO - Processing /opt/airflow/dags/youtube_pipeline.py took 0.158 seconds
[2026-07-30T00:22:58.570+0000] {processor.py:161} INFO - Started process (PID=73802) to work on /opt/airflow/dags/youtube_pipeline.py
[2026-07-30T00:22:58.572+0000] {processor.py:830} INFO - Processing file /opt/airflow/dags/youtube_pipeline.py for tasks to queue
[2026-07-30T00:22:58.576+0000] {logging_mixin.py:188} INFO - [2026-07-30T00:22:58.575+0000] {dagbag.py:545} INFO - Filling up the DagBag from /opt/airflow/dags/youtube_pipeline.py
[2026-07-30T00:22:58.656+0000] {processor.py:840} INFO - DAG(s) 'youtube_english_video_pipeline' retrieved from /opt/airflow/dags/youtube_pipeline.py
[2026-07-30T00:22:58.696+0000] {logging_mixin.py:188} INFO - [2026-07-30T00:22:58.696+0000] {dag.py:3089} INFO - Sync 1 DAGs
[2026-07-30T00:22:58.712+0000] {logging_mixin.py:188} INFO - [2026-07-30T00:22:58.712+0000] {dag.py:3947} INFO - Setting next_dagrun for youtube_english_video_pipeline to 2026-07-29 12:00:00+00:00, run_after=2026-07-30 12:00:00+00:00
[2026-07-30T00:22:58.737+0000] {processor.py:183} INFO - Processing /opt/airflow/dags/youtube_pipeline.py took 0.177 seconds
[2026-07-30T00:23:29.131+0000] {processor.py:161} INFO - Started process (PID=73807) to work on /opt/airflow/dags/youtube_pipeline.py
[2026-07-30T00:23:29.133+0000] {processor.py:830} INFO - Processing file /opt/airflow/dags/youtube_pipeline.py for tasks to queue
[2026-07-30T00:23:29.135+0000] {logging_mixin.py:188} INFO - [2026-07-30T00:23:29.134+0000] {dagbag.py:545} INFO - Filling up the DagBag from /opt/airflow/dags/youtube_pipeline.py
[2026-07-30T00:23:29.187+0000] {processor.py:840} INFO - DAG(s) 'youtube_english_video_pipeline' retrieved from /opt/airflow/dags/youtube_pipeline.py
[2026-07-30T00:23:29.221+0000] {logging_mixin.py:188} INFO - [2026-07-30T00:23:29.221+0000] {dag.py:3089} INFO - Sync 1 DAGs
[2026-07-30T00:23:29.239+0000] {logging_mixin.py:188} INFO - [2026-07-30T00:23:29.238+0000] {dag.py:3947} INFO - Setting next_dagrun for youtube_english_video_pipeline to 2026-07-29 12:00:00+00:00, run_after=2026-07-30 12:00:00+00:00
[2026-07-30T00:23:29.263+0000] {processor.py:183} INFO - Processing /opt/airflow/dags/youtube_pipeline.py took 0.141 seconds
[2026-07-30T00:23:59.481+0000] {processor.py:161} INFO - Started process (PID=73812) to work on /opt/airflow/dags/youtube_pipeline.py
[2026-07-30T00:23:59.483+0000] {processor.py:830} INFO - Processing file /opt/airflow/dags/youtube_pipeline.py for tasks to queue
[2026-07-30T00:23:59.484+0000] {logging_mixin.py:188} INFO - [2026-07-30T00:23:59.484+0000] {dagbag.py:545} INFO - Filling up the DagBag from /opt/airflow/dags/youtube_pipeline.py
[2026-07-30T00:23:59.581+0000] {processor.py:840} INFO - DAG(s) 'youtube_english_video_pipeline' retrieved from /opt/airflow/dags/youtube_pipeline.py
[2026-07-30T00:23:59.617+0000] {logging_mixin.py:188} INFO - [2026-07-30T00:23:59.617+0000] {dag.py:3089} INFO - Sync 1 DAGs
[2026-07-30T00:23:59.634+0000] {logging_mixin.py:188} INFO - [2026-07-30T00:23:59.633+0000] {dag.py:3947} INFO - Setting next_dagrun for youtube_english_video_pipeline to 2026-07-29 12:00:00+00:00, run_after=2026-07-30 12:00:00+00:00
[2026-07-30T00:23:59.655+0000] {processor.py:183} INFO - Processing /opt/airflow/dags/youtube_pipeline.py took 0.181 seconds
[2026-07-30T00:24:29.952+0000] {processor.py:161} INFO - Started process (PID=73817) to work on /opt/airflow/dags/youtube_pipeline.py
[2026-07-30T00:24:29.955+0000] {processor.py:830} INFO - Processing file /opt/airflow/dags/youtube_pipeline.py for tasks to queue
[2026-07-30T00:24:29.960+0000] {logging_mixin.py:188} INFO - [2026-07-30T00:24:29.959+0000] {dagbag.py:545} INFO - Filling up the DagBag from /opt/airflow/dags/youtube_pipeline.py
[2026-07-30T00:24:30.029+0000] {processor.py:840} INFO - DAG(s) 'youtube_english_video_pipeline' retrieved from /opt/airflow/dags/youtube_pipeline.py
[2026-07-30T00:24:30.069+0000] {logging_mixin.py:188} INFO - [2026-07-30T00:24:30.069+0000] {dag.py:3089} INFO - Sync 1 DAGs
[2026-07-30T00:24:30.086+0000] {logging_mixin.py:188} INFO - [2026-07-30T00:24:30.086+0000] {dag.py:3947} INFO - Setting next_dagrun for youtube_english_video_pipeline to 2026-07-29 12:00:00+00:00, run_after=2026-07-30 12:00:00+00:00
[2026-07-30T00:24:30.121+0000] {processor.py:183} INFO - Processing /opt/airflow/dags/youtube_pipeline.py took 0.176 seconds
[2026-07-30T00:25:00.366+0000] {processor.py:161} INFO - Started process (PID=73822) to work on /opt/airflow/dags/youtube_pipeline.py
[2026-07-30T00:25:00.368+0000] {processor.py:830} INFO - Processing file /opt/airflow/dags/youtube_pipeline.py for tasks to queue
[2026-07-30T00:25:00.370+0000] {logging_mixin.py:188} INFO - [2026-07-30T00:25:00.369+0000] {dagbag.py:545} INFO - Filling up the DagBag from /opt/airflow/dags/youtube_pipeline.py
[2026-07-30T00:25:00.423+0000] {processor.py:840} INFO - DAG(s) 'youtube_english_video_pipeline' retrieved from /opt/airflow/dags/youtube_pipeline.py
[2026-07-30T00:25:00.459+0000] {logging_mixin.py:188} INFO - [2026-07-30T00:25:00.459+0000] {dag.py:3089} INFO - Sync 1 DAGs
[2026-07-30T00:25:00.475+0000] {logging_mixin.py:188} INFO - [2026-07-30T00:25:00.475+0000] {dag.py:3947} INFO - Setting next_dagrun for youtube_english_video_pipeline to 2026-07-29 12:00:00+00:00, run_after=2026-07-30 12:00:00+00:00
[2026-07-30T00:25:00.492+0000] {processor.py:183} INFO - Processing /opt/airflow/dags/youtube_pipeline.py took 0.134 seconds
[2026-07-30T00:25:30.804+0000] {processor.py:161} INFO - Started process (PID=73827) to work on /opt/airflow/dags/youtube_pipeline.py
[2026-07-30T00:25:30.806+0000] {processor.py:830} INFO - Processing file /opt/airflow/dags/youtube_pipeline.py for tasks to queue
[2026-07-30T00:25:30.807+0000] {logging_mixin.py:188} INFO - [2026-07-30T00:25:30.806+0000] {dagbag.py:545} INFO - Filling up the DagBag from /opt/airflow/dags/youtube_pipeline.py
[2026-07-30T00:25:30.856+0000] {processor.py:840} INFO - DAG(s) 'youtube_english_video_pipeline' retrieved from /opt/airflow/dags/youtube_pipeline.py
[2026-07-30T00:25:30.895+0000] {logging_mixin.py:188} INFO - [2026-07-30T00:25:30.895+0000] {dag.py:3089} INFO - Sync 1 DAGs
[2026-07-30T00:25:30.912+0000] {logging_mixin.py:188} INFO - [2026-07-30T00:25:30.912+0000] {dag.py:3947} INFO - Setting next_dagrun for youtube_english_video_pipeline to 2026-07-29 12:00:00+00:00, run_after=2026-07-30 12:00:00+00:00
[2026-07-30T00:25:30.929+0000] {processor.py:183} INFO - Processing /opt/airflow/dags/youtube_pipeline.py took 0.134 seconds
[2026-07-30T00:26:01.143+0000] {processor.py:161} INFO - Started process (PID=73832) to work on /opt/airflow/dags/youtube_pipeline.py
[2026-07-30T00:26:01.144+0000] {processor.py:830} INFO - Processing file /opt/airflow/dags/youtube_pipeline.py for tasks to queue
[2026-07-30T00:26:01.145+0000] {logging_mixin.py:188} INFO - [2026-07-30T00:26:01.145+0000] {dagbag.py:545} INFO - Filling up the DagBag from /opt/airflow/dags/youtube_pipeline.py
[2026-07-30T00:26:01.178+0000] {processor.py:840} INFO - DAG(s) 'youtube_english_video_pipeline' retrieved from /opt/airflow/dags/youtube_pipeline.py
[2026-07-30T00:26:01.212+0000] {logging_mixin.py:188} INFO - [2026-07-30T00:26:01.212+0000] {dag.py:3089} INFO - Sync 1 DAGs
[2026-07-30T00:26:01.228+0000] {logging_mixin.py:188} INFO - [2026-07-30T00:26:01.228+0000] {dag.py:3947} INFO - Setting next_dagrun for youtube_english_video_pipeline to 2026-07-29 12:00:00+00:00, run_after=2026-07-30 12:00:00+00:00
[2026-07-30T00:26:01.244+0000] {processor.py:183} INFO - Processing /opt/airflow/dags/youtube_pipeline.py took 0.108 seconds
[2026-07-30T00:26:31.714+0000] {processor.py:161} INFO - Started process (PID=73837) to work on /opt/airflow/dags/youtube_pipeline.py
[2026-07-30T00:26:31.716+0000] {processor.py:830} INFO - Processing file /opt/airflow/dags/youtube_pipeline.py for tasks to queue
[2026-07-30T00:26:31.719+0000] {logging_mixin.py:188} INFO - [2026-07-30T00:26:31.719+0000] {dagbag.py:545} INFO - Filling up the DagBag from /opt/airflow/dags/youtube_pipeline.py
[2026-07-30T00:26:31.797+0000] {processor.py:840} INFO - DAG(s) 'youtube_english_video_pipeline' retrieved from /opt/airflow/dags/youtube_pipeline.py
[2026-07-30T00:26:31.831+0000] {logging_mixin.py:188} INFO - [2026-07-30T00:26:31.831+0000] {dag.py:3089} INFO - Sync 1 DAGs
[2026-07-30T00:26:31.856+0000] {logging_mixin.py:188} INFO - [2026-07-30T00:26:31.856+0000] {dag.py:3947} INFO - Setting next_dagrun for youtube_english_video_pipeline to 2026-07-29 12:00:00+00:00, run_after=2026-07-30 12:00:00+00:00
[2026-07-30T00:26:31.880+0000] {processor.py:183} INFO - Processing /opt/airflow/dags/youtube_pipeline.py took 0.175 seconds
[2026-07-30T00:27:02.111+0000] {processor.py:161} INFO - Started process (PID=73842) to work on /opt/airflow/dags/youtube_pipeline.py
[2026-07-30T00:27:02.113+0000] {processor.py:830} INFO - Processing file /opt/airflow/dags/youtube_pipeline.py for tasks to queue
[2026-07-30T00:27:02.115+0000] {logging_mixin.py:188} INFO - [2026-07-30T00:27:02.114+0000] {dagbag.py:545} INFO - Filling up the DagBag from /opt/airflow/dags/youtube_pipeline.py
[2026-07-30T00:27:02.170+0000] {processor.py:840} INFO - DAG(s) 'youtube_english_video_pipeline' retrieved from /opt/airflow/dags/youtube_pipeline.py
[2026-07-30T00:27:02.208+0000] {logging_mixin.py:188} INFO - [2026-07-30T00:27:02.208+0000] {dag.py:3089} INFO - Sync 1 DAGs
[2026-07-30T00:27:02.232+0000] {logging_mixin.py:188} INFO - [2026-07-30T00:27:02.232+0000] {dag.py:3947} INFO - Setting next_dagrun for youtube_english_video_pipeline to 2026-07-29 12:00:00+00:00, run_after=2026-07-30 12:00:00+00:00
[2026-07-30T00:27:02.251+0000] {processor.py:183} INFO - Processing /opt/airflow/dags/youtube_pipeline.py took 0.153 seconds
[2026-07-30T00:27:32.552+0000] {processor.py:161} INFO - Started process (PID=73847) to work on /opt/airflow/dags/youtube_pipeline.py
[2026-07-30T00:27:32.554+0000] {processor.py:830} INFO - Processing file /opt/airflow/dags/youtube_pipeline.py for tasks to queue
[2026-07-30T00:27:32.554+0000] {logging_mixin.py:188} INFO - [2026-07-30T00:27:32.554+0000] {dagbag.py:545} INFO - Filling up the DagBag from /opt/airflow/dags/youtube_pipeline.py
[2026-07-30T00:27:32.596+0000] {processor.py:840} INFO - DAG(s) 'youtube_english_video_pipeline' retrieved from /opt/airflow/dags/youtube_pipeline.py
[2026-07-30T00:27:32.638+0000] {logging_mixin.py:188} INFO - [2026-07-30T00:27:32.637+0000] {dag.py:3089} INFO - Sync 1 DAGs
[2026-07-30T00:27:32.656+0000] {logging_mixin.py:188} INFO - [2026-07-30T00:27:32.656+0000] {dag.py:3947} INFO - Setting next_dagrun for youtube_english_video_pipeline to 2026-07-29 12:00:00+00:00, run_after=2026-07-30 12:00:00+00:00
[2026-07-30T00:27:32.674+0000] {processor.py:183} INFO - Processing /opt/airflow/dags/youtube_pipeline.py took 0.129 seconds
[2026-07-30T00:28:02.932+0000] {processor.py:161} INFO - Started process (PID=73852) to work on /opt/airflow/dags/youtube_pipeline.py
[2026-07-30T00:28:02.934+0000] {processor.py:830} INFO - Processing file /opt/airflow/dags/youtube_pipeline.py for tasks to queue
[2026-07-30T00:28:02.937+0000] {logging_mixin.py:188} INFO - [2026-07-30T00:28:02.937+0000] {dagbag.py:545} INFO - Filling up the DagBag from /opt/airflow/dags/youtube_pipeline.py
[2026-07-30T00:28:02.989+0000] {processor.py:840} INFO - DAG(s) 'youtube_english_video_pipeline' retrieved from /opt/airflow/dags/youtube_pipeline.py
[2026-07-30T00:28:03.042+0000] {logging_mixin.py:188} INFO - [2026-07-30T00:28:03.042+0000] {dag.py:3089} INFO - Sync 1 DAGs
[2026-07-30T00:28:03.064+0000] {logging_mixin.py:188} INFO - [2026-07-30T00:28:03.064+0000] {dag.py:3947} INFO - Setting next_dagrun for youtube_english_video_pipeline to 2026-07-29 12:00:00+00:00, run_after=2026-07-30 12:00:00+00:00
[2026-07-30T00:28:03.083+0000] {processor.py:183} INFO - Processing /opt/airflow/dags/youtube_pipeline.py took 0.160 seconds
[2026-07-30T00:28:33.360+0000] {processor.py:161} INFO - Started process (PID=73857) to work on /opt/airflow/dags/youtube_pipeline.py
[2026-07-30T00:28:33.362+0000] {processor.py:830} INFO - Processing file /opt/airflow/dags/youtube_pipeline.py for tasks to queue
[2026-07-30T00:28:33.363+0000] {logging_mixin.py:188} INFO - [2026-07-30T00:28:33.363+0000] {dagbag.py:545} INFO - Filling up the DagBag from /opt/airflow/dags/youtube_pipeline.py
[2026-07-30T00:28:33.414+0000] {processor.py:840} INFO - DAG(s) 'youtube_english_video_pipeline' retrieved from /opt/airflow/dags/youtube_pipeline.py
[2026-07-30T00:28:33.452+0000] {logging_mixin.py:188} INFO - [2026-07-30T00:28:33.452+0000] {dag.py:3089} INFO - Sync 1 DAGs
[2026-07-30T00:28:33.470+0000] {logging_mixin.py:188} INFO - [2026-07-30T00:28:33.469+0000] {dag.py:3947} INFO - Setting next_dagrun for youtube_english_video_pipeline to 2026-07-29 12:00:00+00:00, run_after=2026-07-30 12:00:00+00:00
[2026-07-30T00:28:33.490+0000] {processor.py:183} INFO - Processing /opt/airflow/dags/youtube_pipeline.py took 0.142 seconds
[2026-07-30T00:29:03.770+0000] {processor.py:161} INFO - Started process (PID=73862) to work on /opt/airflow/dags/youtube_pipeline.py
[2026-07-30T00:29:03.772+0000] {processor.py:830} INFO - Processing file /opt/airflow/dags/youtube_pipeline.py for tasks to queue
[2026-07-30T00:29:03.775+0000] {logging_mixin.py:188} INFO - [2026-07-30T00:29:03.774+0000] {dagbag.py:545} INFO - Filling up the DagBag from /opt/airflow/dags/youtube_pipeline.py
[2026-07-30T00:29:03.842+0000] {processor.py:840} INFO - DAG(s) 'youtube_english_video_pipeline' retrieved from /opt/airflow/dags/youtube_pipeline.py
[2026-07-30T00:29:03.879+0000] {logging_mixin.py:188} INFO - [2026-07-30T00:29:03.879+0000] {dag.py:3089} INFO - Sync 1 DAGs
[2026-07-30T00:29:03.897+0000] {logging_mixin.py:188} INFO - [2026-07-30T00:29:03.896+0000] {dag.py:3947} INFO - Setting next_dagrun for youtube_english_video_pipeline to 2026-07-29 12:00:00+00:00, run_after=2026-07-30 12:00:00+00:00
[2026-07-30T00:29:03.923+0000] {processor.py:183} INFO - Processing /opt/airflow/dags/youtube_pipeline.py took 0.161 seconds
[2026-07-30T00:29:34.176+0000] {processor.py:161} INFO - Started process (PID=73867) to work on /opt/airflow/dags/youtube_pipeline.py
[2026-07-30T00:29:34.178+0000] {processor.py:830} INFO - Processing file /opt/airflow/dags/youtube_pipeline.py for tasks to queue
[2026-07-30T00:29:34.180+0000] {logging_mixin.py:188} INFO - [2026-07-30T00:29:34.180+0000] {dagbag.py:545} INFO - Filling up the DagBag from /opt/airflow/dags/youtube_pipeline.py
[2026-07-30T00:29:34.237+0000] {processor.py:840} INFO - DAG(s) 'youtube_english_video_pipeline' retrieved from /opt/airflow/dags/youtube_pipeline.py
[2026-07-30T00:29:34.281+0000] {logging_mixin.py:188} INFO - [2026-07-30T00:29:34.281+0000] {dag.py:3089} INFO - Sync 1 DAGs
[2026-07-30T00:29:34.300+0000] {logging_mixin.py:188} INFO - [2026-07-30T00:29:34.300+0000] {dag.py:3947} INFO - Setting next_dagrun for youtube_english_video_pipeline to 2026-07-29 12:00:00+00:00, run_after=2026-07-30 12:00:00+00:00
[2026-07-30T00:29:34.323+0000] {processor.py:183} INFO - Processing /opt/airflow/dags/youtube_pipeline.py took 0.156 seconds
[2026-07-30T00:30:04.649+0000] {processor.py:161} INFO - Started process (PID=73872) to work on /opt/airflow/dags/youtube_pipeline.py
[2026-07-30T00:30:04.650+0000] {processor.py:830} INFO - Processing file /opt/airflow/dags/youtube_pipeline.py for tasks to queue
[2026-07-30T00:30:04.651+0000] {logging_mixin.py:188} INFO - [2026-07-30T00:30:04.651+0000] {dagbag.py:545} INFO - Filling up the DagBag from /opt/airflow/dags/youtube_pipeline.py
[2026-07-30T00:30:04.709+0000] {processor.py:840} INFO - DAG(s) 'youtube_english_video_pipeline' retrieved from /opt/airflow/dags/youtube_pipeline.py
[2026-07-30T00:30:04.751+0000] {logging_mixin.py:188} INFO - [2026-07-30T00:30:04.751+0000] {dag.py:3089} INFO - Sync 1 DAGs
[2026-07-30T00:30:04.768+0000] {logging_mixin.py:188} INFO - [2026-07-30T00:30:04.768+0000] {dag.py:3947} INFO - Setting next_dagrun for youtube_english_video_pipeline to 2026-07-29 12:00:00+00:00, run_after=2026-07-30 12:00:00+00:00
[2026-07-30T00:30:04.786+0000] {processor.py:183} INFO - Processing /opt/airflow/dags/youtube_pipeline.py took 0.143 seconds
[2026-07-30T00:30:35.011+0000] {processor.py:161} INFO - Started process (PID=73877) to work on /opt/airflow/dags/youtube_pipeline.py
[2026-07-30T00:30:35.013+0000] {processor.py:830} INFO - Processing file /opt/airflow/dags/youtube_pipeline.py for tasks to queue
[2026-07-30T00:30:35.015+0000] {logging_mixin.py:188} INFO - [2026-07-30T00:30:35.014+0000] {dagbag.py:545} INFO - Filling up the DagBag from /opt/airflow/dags/youtube_pipeline.py
[2026-07-30T00:30:35.163+0000] {processor.py:840} INFO - DAG(s) 'youtube_english_video_pipeline' retrieved from /opt/airflow/dags/youtube_pipeline.py
[2026-07-30T00:30:35.219+0000] {logging_mixin.py:188} INFO - [2026-07-30T00:30:35.219+0000] {dag.py:3089} INFO - Sync 1 DAGs
[2026-07-30T00:30:35.242+0000] {logging_mixin.py:188} INFO - [2026-07-30T00:30:35.241+0000] {dag.py:3947} INFO - Setting next_dagrun for youtube_english_video_pipeline to 2026-07-29 12:00:00+00:00, run_after=2026-07-30 12:00:00+00:00
[2026-07-30T00:30:35.268+0000] {processor.py:183} INFO - Processing /opt/airflow/dags/youtube_pipeline.py took 0.266 seconds
[2026-07-30T00:31:05.525+0000] {processor.py:161} INFO - Started process (PID=73882) to work on /opt/airflow/dags/youtube_pipeline.py
[2026-07-30T00:31:05.533+0000] {processor.py:830} INFO - Processing file /opt/airflow/dags/youtube_pipeline.py for tasks to queue
[2026-07-30T00:31:05.539+0000] {logging_mixin.py:188} INFO - [2026-07-30T00:31:05.539+0000] {dagbag.py:545} INFO - Filling up the DagBag from /opt/airflow/dags/youtube_pipeline.py
[2026-07-30T00:31:05.687+0000] {processor.py:840} INFO - DAG(s) 'youtube_english_video_pipeline' retrieved from /opt/airflow/dags/youtube_pipeline.py
[2026-07-30T00:31:05.748+0000] {logging_mixin.py:188} INFO - [2026-07-30T00:31:05.748+0000] {dag.py:3089} INFO - Sync 1 DAGs
[2026-07-30T00:31:05.771+0000] {logging_mixin.py:188} INFO - [2026-07-30T00:31:05.770+0000] {dag.py:3947} INFO - Setting next_dagrun for youtube_english_video_pipeline to 2026-07-29 12:00:00+00:00, run_after=2026-07-30 12:00:00+00:00
[2026-07-30T00:31:05.797+0000] {processor.py:183} INFO - Processing /opt/airflow/dags/youtube_pipeline.py took 0.284 seconds
[2026-07-30T00:31:36.099+0000] {processor.py:161} INFO - Started process (PID=73887) to work on /opt/airflow/dags/youtube_pipeline.py
[2026-07-30T00:31:36.100+0000] {processor.py:830} INFO - Processing file /opt/airflow/dags/youtube_pipeline.py for tasks to queue
[2026-07-30T00:31:36.101+0000] {logging_mixin.py:188} INFO - [2026-07-30T00:31:36.101+0000] {dagbag.py:545} INFO - Filling up the DagBag from /opt/airflow/dags/youtube_pipeline.py
[2026-07-30T00:31:36.161+0000] {processor.py:840} INFO - DAG(s) 'youtube_english_video_pipeline' retrieved from /opt/airflow/dags/youtube_pipeline.py
[2026-07-30T00:31:36.206+0000] {logging_mixin.py:188} INFO - [2026-07-30T00:31:36.205+0000] {dag.py:3089} INFO - Sync 1 DAGs
[2026-07-30T00:31:36.223+0000] {logging_mixin.py:188} INFO - [2026-07-30T00:31:36.223+0000] {dag.py:3947} INFO - Setting next_dagrun for youtube_english_video_pipeline to 2026-07-29 12:00:00+00:00, run_after=2026-07-30 12:00:00+00:00
[2026-07-30T00:31:36.242+0000] {processor.py:183} INFO - Processing /opt/airflow/dags/youtube_pipeline.py took 0.151 seconds
[2026-07-30T00:32:06.482+0000] {processor.py:161} INFO - Started process (PID=73892) to work on /opt/airflow/dags/youtube_pipeline.py
[2026-07-30T00:32:06.483+0000] {processor.py:830} INFO - Processing file /opt/airflow/dags/youtube_pipeline.py for tasks to queue
[2026-07-30T00:32:06.485+0000] {logging_mixin.py:188} INFO - [2026-07-30T00:32:06.484+0000] {dagbag.py:545} INFO - Filling up the DagBag from /opt/airflow/dags/youtube_pipeline.py
[2026-07-30T00:32:06.533+0000] {processor.py:840} INFO - DAG(s) 'youtube_english_video_pipeline' retrieved from /opt/airflow/dags/youtube_pipeline.py
[2026-07-30T00:32:06.576+0000] {logging_mixin.py:188} INFO - [2026-07-30T00:32:06.575+0000] {dag.py:3089} INFO - Sync 1 DAGs
[2026-07-30T00:32:06.595+0000] {logging_mixin.py:188} INFO - [2026-07-30T00:32:06.595+0000] {dag.py:3947} INFO - Setting next_dagrun for youtube_english_video_pipeline to 2026-07-29 12:00:00+00:00, run_after=2026-07-30 12:00:00+00:00
[2026-07-30T00:32:06.621+0000] {processor.py:183} INFO - Processing /opt/airflow/dags/youtube_pipeline.py took 0.146 seconds
[2026-07-30T00:32:36.888+0000] {processor.py:161} INFO - Started process (PID=73897) to work on /opt/airflow/dags/youtube_pipeline.py
[2026-07-30T00:32:36.889+0000] {processor.py:830} INFO - Processing file /opt/airflow/dags/youtube_pipeline.py for tasks to queue
[2026-07-30T00:32:36.891+0000] {logging_mixin.py:188} INFO - [2026-07-30T00:32:36.890+0000] {dagbag.py:545} INFO - Filling up the DagBag from /opt/airflow/dags/youtube_pipeline.py
[2026-07-30T00:32:36.961+0000] {processor.py:840} INFO - DAG(s) 'youtube_english_video_pipeline' retrieved from /opt/airflow/dags/youtube_pipeline.py
[2026-07-30T00:32:37.024+0000] {logging_mixin.py:188} INFO - [2026-07-30T00:32:37.023+0000] {dag.py:3089} INFO - Sync 1 DAGs
[2026-07-30T00:32:37.047+0000] {logging_mixin.py:188} INFO - [2026-07-30T00:32:37.046+0000] {dag.py:3947} INFO - Setting next_dagrun for youtube_english_video_pipeline to 2026-07-29 12:00:00+00:00, run_after=2026-07-30 12:00:00+00:00
[2026-07-30T00:32:37.072+0000] {processor.py:183} INFO - Processing /opt/airflow/dags/youtube_pipeline.py took 0.195 seconds
[2026-07-30T00:33:07.244+0000] {processor.py:161} INFO - Started process (PID=73902) to work on /opt/airflow/dags/youtube_pipeline.py
[2026-07-30T00:33:07.246+0000] {processor.py:830} INFO - Processing file /opt/airflow/dags/youtube_pipeline.py for tasks to queue
[2026-07-30T00:33:07.247+0000] {logging_mixin.py:188} INFO - [2026-07-30T00:33:07.247+0000] {dagbag.py:545} INFO - Filling up the DagBag from /opt/airflow/dags/youtube_pipeline.py
[2026-07-30T00:33:07.294+0000] {processor.py:840} INFO - DAG(s) 'youtube_english_video_pipeline' retrieved from /opt/airflow/dags/youtube_pipeline.py
[2026-07-30T00:33:07.326+0000] {logging_mixin.py:188} INFO - [2026-07-30T00:33:07.326+0000] {dag.py:3089} INFO - Sync 1 DAGs
[2026-07-30T00:33:07.342+0000] {logging_mixin.py:188} INFO - [2026-07-30T00:33:07.341+0000] {dag.py:3947} INFO - Setting next_dagrun for youtube_english_video_pipeline to 2026-07-29 12:00:00+00:00, run_after=2026-07-30 12:00:00+00:00
[2026-07-30T00:33:07.365+0000] {processor.py:183} INFO - Processing /opt/airflow/dags/youtube_pipeline.py took 0.128 seconds
[2026-07-30T00:33:37.658+0000] {processor.py:161} INFO - Started process (PID=73907) to work on /opt/airflow/dags/youtube_pipeline.py
[2026-07-30T00:33:37.660+0000] {processor.py:830} INFO - Processing file /opt/airflow/dags/youtube_pipeline.py for tasks to queue
[2026-07-30T00:33:37.661+0000] {logging_mixin.py:188} INFO - [2026-07-30T00:33:37.660+0000] {dagbag.py:545} INFO - Filling up the DagBag from /opt/airflow/dags/youtube_pipeline.py
[2026-07-30T00:33:37.703+0000] {processor.py:840} INFO - DAG(s) 'youtube_english_video_pipeline' retrieved from /opt/airflow/dags/youtube_pipeline.py
[2026-07-30T00:33:37.740+0000] {logging_mixin.py:188} INFO - [2026-07-30T00:33:37.739+0000] {dag.py:3089} INFO - Sync 1 DAGs
[2026-07-30T00:33:37.759+0000] {logging_mixin.py:188} INFO - [2026-07-30T00:33:37.758+0000] {dag.py:3947} INFO - Setting next_dagrun for youtube_english_video_pipeline to 2026-07-29 12:00:00+00:00, run_after=2026-07-30 12:00:00+00:00
[2026-07-30T00:33:37.785+0000] {processor.py:183} INFO - Processing /opt/airflow/dags/youtube_pipeline.py took 0.132 seconds
[2026-07-30T00:34:08.050+0000] {processor.py:161} INFO - Started process (PID=73912) to work on /opt/airflow/dags/youtube_pipeline.py
[2026-07-30T00:34:08.052+0000] {processor.py:830} INFO - Processing file /opt/airflow/dags/youtube_pipeline.py for tasks to queue
[2026-07-30T00:34:08.057+0000] {logging_mixin.py:188} INFO - [2026-07-30T00:34:08.057+0000] {dagbag.py:545} INFO - Filling up the DagBag from /opt/airflow/dags/youtube_pipeline.py
[2026-07-30T00:34:08.231+0000] {processor.py:840} INFO - DAG(s) 'youtube_english_video_pipeline' retrieved from /opt/airflow/dags/youtube_pipeline.py
[2026-07-30T00:34:08.286+0000] {logging_mixin.py:188} INFO - [2026-07-30T00:34:08.286+0000] {dag.py:3089} INFO - Sync 1 DAGs
[2026-07-30T00:34:08.312+0000] {logging_mixin.py:188} INFO - [2026-07-30T00:34:08.312+0000] {dag.py:3947} INFO - Setting next_dagrun for youtube_english_video_pipeline to 2026-07-29 12:00:00+00:00, run_after=2026-07-30 12:00:00+00:00
[2026-07-30T00:34:08.358+0000] {processor.py:183} INFO - Processing /opt/airflow/dags/youtube_pipeline.py took 0.323 seconds
[2026-07-30T00:34:38.731+0000] {processor.py:161} INFO - Started process (PID=73917) to work on /opt/airflow/dags/youtube_pipeline.py
[2026-07-30T00:34:38.733+0000] {processor.py:830} INFO - Processing file /opt/airflow/dags/youtube_pipeline.py for tasks to queue
[2026-07-30T00:34:38.734+0000] {logging_mixin.py:188} INFO - [2026-07-30T00:34:38.734+0000] {dagbag.py:545} INFO - Filling up the DagBag from /opt/airflow/dags/youtube_pipeline.py
[2026-07-30T00:34:38.777+0000] {processor.py:840} INFO - DAG(s) 'youtube_english_video_pipeline' retrieved from /opt/airflow/dags/youtube_pipeline.py
[2026-07-30T00:34:38.812+0000] {logging_mixin.py:188} INFO - [2026-07-30T00:34:38.812+0000] {dag.py:3089} INFO - Sync 1 DAGs
[2026-07-30T00:34:38.830+0000] {logging_mixin.py:188} INFO - [2026-07-30T00:34:38.830+0000] {dag.py:3947} INFO - Setting next_dagrun for youtube_english_video_pipeline to 2026-07-29 12:00:00+00:00, run_after=2026-07-30 12:00:00+00:00
[2026-07-30T00:34:38.851+0000] {processor.py:183} INFO - Processing /opt/airflow/dags/youtube_pipeline.py took 0.128 seconds
[2026-07-30T12:44:07.379+0000] {processor.py:161} INFO - Started process (PID=73923) to work on /opt/airflow/dags/youtube_pipeline.py
[2026-07-30T12:44:07.475+0000] {processor.py:830} INFO - Processing file /opt/airflow/dags/youtube_pipeline.py for tasks to queue
[2026-07-30T12:44:07.522+0000] {logging_mixin.py:188} INFO - [2026-07-30T12:44:07.520+0000] {dagbag.py:545} INFO - Filling up the DagBag from /opt/airflow/dags/youtube_pipeline.py
[2026-07-30T12:44:09.876+0000] {processor.py:840} INFO - DAG(s) 'youtube_english_video_pipeline' retrieved from /opt/airflow/dags/youtube_pipeline.py
[2026-07-30T12:44:10.358+0000] {logging_mixin.py:188} INFO - [2026-07-30T12:44:10.358+0000] {dag.py:3089} INFO - Sync 1 DAGs
[2026-07-30T12:44:10.650+0000] {processor.py:183} INFO - Processing /opt/airflow/dags/youtube_pipeline.py took 3.360 seconds
