[2026-07-29T12:45:12.892+0000] {local_task_job_runner.py:120} INFO - ::group::Pre task execution logs
[2026-07-29T12:45:12.943+0000] {taskinstance.py:2076} INFO - Dependencies all met for dep_context=non-requeueable deps ti=<TaskInstance: youtube_english_video_pipeline.build_short_video_5 scheduled__2026-07-28T12:00:00+00:00 [queued]>
[2026-07-29T12:45:12.956+0000] {taskinstance.py:2076} INFO - Dependencies all met for dep_context=requeueable deps ti=<TaskInstance: youtube_english_video_pipeline.build_short_video_5 scheduled__2026-07-28T12:00:00+00:00 [queued]>
[2026-07-29T12:45:12.957+0000] {taskinstance.py:2306} INFO - Starting attempt 1 of 3
[2026-07-29T12:45:12.971+0000] {taskinstance.py:2330} INFO - Executing <Task(PythonOperator): build_short_video_5> on 2026-07-28 12:00:00+00:00
[2026-07-29T12:45:12.976+0000] {standard_task_runner.py:64} INFO - Started process 53526 to run task
[2026-07-29T12:45:12.979+0000] {standard_task_runner.py:90} INFO - Running: ['airflow', 'tasks', 'run', 'youtube_english_video_pipeline', 'build_short_video_5', 'scheduled__2026-07-28T12:00:00+00:00', '--job-id', '558', '--raw', '--subdir', 'DAGS_FOLDER/youtube_pipeline.py', '--cfg-path', '/tmp/tmp7qidvia0']
[2026-07-29T12:45:12.982+0000] {standard_task_runner.py:91} INFO - Job 558: Subtask build_short_video_5
[2026-07-29T12:45:13.079+0000] {task_command.py:426} INFO - Running <TaskInstance: youtube_english_video_pipeline.build_short_video_5 scheduled__2026-07-28T12:00:00+00:00 [running]> on host cc859d74cf38
[2026-07-29T12:45:13.391+0000] {taskinstance.py:2648} INFO - Exporting env vars: AIRFLOW_CTX_DAG_OWNER='taky' AIRFLOW_CTX_DAG_ID='youtube_english_video_pipeline' AIRFLOW_CTX_TASK_ID='build_short_video_5' AIRFLOW_CTX_EXECUTION_DATE='2026-07-28T12:00:00+00:00' AIRFLOW_CTX_TRY_NUMBER='1' AIRFLOW_CTX_DAG_RUN_ID='scheduled__2026-07-28T12:00:00+00:00'
[2026-07-29T12:45:13.392+0000] {taskinstance.py:430} INFO - ::endgroup::
[2026-07-29T12:45:14.549+0000] {logging_mixin.py:188} INFO - 2026-07-29 12:45:14,548 | INFO     | planner.video_planner | Planned SHORT video: topic='Travel English', phrases=1
[2026-07-29T12:45:14.977+0000] {logging_mixin.py:188} INFO - 2026-07-29 12:45:14,976 | INFO     | tts.edge_tts | Synthesized audio -> /opt/airflow/output/audio/phrase_1298.mp3
[2026-07-29T12:45:15.415+0000] {logging_mixin.py:188} INFO - 2026-07-29 12:45:15,415 | INFO     | tts.edge_tts | Synthesized audio -> /opt/airflow/output/audio/example_1298.mp3
[2026-07-29T12:45:16.224+0000] {logging_mixin.py:188} INFO - 2026-07-29 12:45:16,224 | INFO     | media.image_downloader | Downloaded background image for scene='taxi' -> /opt/airflow/output/images/short_1298.jpg
[2026-07-29T12:45:19.764+0000] {logging_mixin.py:188} INFO - 2026-07-29 12:45:19,763 | WARNING  | video.video_builder | BGM file not found at /opt/airflow/assets/bgm/short_bgm.mp3, rendering without background music
[2026-07-29T12:45:22.004+0000] {logging_mixin.py:188} INFO - 2026-07-29 12:45:22,004 | INFO     | video.video_builder | Final video rendered -> /opt/airflow/output/videos/short_1298.mp4
[2026-07-29T12:45:28.968+0000] {python.py:237} INFO - Done. Returned value was: {'video_id': 151, 'file_path': '/opt/airflow/output/videos/short_1298.mp4', 'title': '"Keep the Change!" - Essential Travel English #Shorts', 'description': 'Learn essential Travel English with Taky\'s Language School! ✈️💵\n\nIn this quick video, master the phrase "Keep the change" for taxis, cafes, and restaurants.\n\nExample:\n"Here is twenty dollars, keep the change."\n\nSubscribe to Taky\'s Language School for practical spoken English and useful travel phrases to sound like a native speaker!\n\n#TravelEnglish #LearnEnglish #EnglishPhrases #SpokenEnglish #Shorts', 'tags': ['travel english', 'keep the change', 'spoken english', 'learn english', 'english phrases', "taky's language school", 'english for travel', 'english conversation', 'english tips', 'shorts'], 'video_type': 'short'}
[2026-07-29T12:45:28.970+0000] {taskinstance.py:441} INFO - ::group::Post task execution logs
[2026-07-29T12:45:29.007+0000] {taskinstance.py:1206} INFO - Marking task as SUCCESS. dag_id=youtube_english_video_pipeline, task_id=build_short_video_5, run_id=scheduled__2026-07-28T12:00:00+00:00, execution_date=20260728T120000, start_date=20260729T124512, end_date=20260729T124529
[2026-07-29T12:45:29.069+0000] {local_task_job_runner.py:243} INFO - Task exited with return code 0
[2026-07-29T12:45:29.317+0000] {taskinstance.py:3503} INFO - 1 downstream tasks scheduled from follow-on schedule check
[2026-07-29T12:45:29.330+0000] {local_task_job_runner.py:222} INFO - ::endgroup::
