[2026-07-28T13:04:58.247+0000] {local_task_job_runner.py:120} INFO - ::group::Pre task execution logs
[2026-07-28T13:04:58.290+0000] {taskinstance.py:2076} INFO - Dependencies all met for dep_context=non-requeueable deps ti=<TaskInstance: youtube_english_video_pipeline.upload_long_video_10 scheduled__2026-07-27T12:00:00+00:00 [queued]>
[2026-07-28T13:04:58.302+0000] {taskinstance.py:2076} INFO - Dependencies all met for dep_context=requeueable deps ti=<TaskInstance: youtube_english_video_pipeline.upload_long_video_10 scheduled__2026-07-27T12:00:00+00:00 [queued]>
[2026-07-28T13:04:58.305+0000] {taskinstance.py:2306} INFO - Starting attempt 1 of 3
[2026-07-28T13:04:58.319+0000] {taskinstance.py:2330} INFO - Executing <Task(PythonOperator): upload_long_video_10> on 2026-07-27 12:00:00+00:00
[2026-07-28T13:04:58.325+0000] {standard_task_runner.py:64} INFO - Started process 39300 to run task
[2026-07-28T13:04:58.329+0000] {standard_task_runner.py:90} INFO - Running: ['airflow', 'tasks', 'run', 'youtube_english_video_pipeline', 'upload_long_video_10', 'scheduled__2026-07-27T12:00:00+00:00', '--job-id', '536', '--raw', '--subdir', 'DAGS_FOLDER/youtube_pipeline.py', '--cfg-path', '/tmp/tmpxcm6vc7v']
[2026-07-28T13:04:58.331+0000] {standard_task_runner.py:91} INFO - Job 536: Subtask upload_long_video_10
[2026-07-28T13:04:58.427+0000] {task_command.py:426} INFO - Running <TaskInstance: youtube_english_video_pipeline.upload_long_video_10 scheduled__2026-07-27T12:00:00+00:00 [running]> on host cc859d74cf38
[2026-07-28T13:04:58.635+0000] {taskinstance.py:2648} INFO - Exporting env vars: AIRFLOW_CTX_DAG_OWNER='taky' AIRFLOW_CTX_DAG_ID='youtube_english_video_pipeline' AIRFLOW_CTX_TASK_ID='upload_long_video_10' AIRFLOW_CTX_EXECUTION_DATE='2026-07-27T12:00:00+00:00' AIRFLOW_CTX_TRY_NUMBER='1' AIRFLOW_CTX_DAG_RUN_ID='scheduled__2026-07-27T12:00:00+00:00'
[2026-07-28T13:04:58.636+0000] {taskinstance.py:430} INFO - ::endgroup::
[2026-07-28T13:04:58.967+0000] {__init__.py:49} INFO - file_cache is only supported with oauth2client<4.0.0
[2026-07-28T13:04:58.978+0000] {logging_mixin.py:188} INFO - 2026-07-28 13:04:58,978 | INFO     | uploader.youtube_uploader | Uploading video '16 Daily English Expressions | Daily Conversation' (/opt/airflow/output/videos/long_1203.mp4) to YouTube...
[2026-07-28T13:05:04.572+0000] {logging_mixin.py:188} INFO - 2026-07-28 13:05:04,572 | INFO     | uploader.youtube_uploader | Upload complete. YouTube video id = noexfKYLHZA
[2026-07-28T13:05:11.008+0000] {logging_mixin.py:188} INFO - 2026-07-28 13:05:11,007 | INFO     | uploader.youtube_uploader | Custom thumbnail uploaded.
[2026-07-28T13:05:11.033+0000] {python.py:237} INFO - Done. Returned value was: noexfKYLHZA
[2026-07-28T13:05:11.036+0000] {taskinstance.py:441} INFO - ::group::Post task execution logs
[2026-07-28T13:05:11.075+0000] {taskinstance.py:1206} INFO - Marking task as SUCCESS. dag_id=youtube_english_video_pipeline, task_id=upload_long_video_10, run_id=scheduled__2026-07-27T12:00:00+00:00, execution_date=20260727T120000, start_date=20260728T130458, end_date=20260728T130511
[2026-07-28T13:05:11.172+0000] {local_task_job_runner.py:243} INFO - Task exited with return code 0
[2026-07-28T13:05:11.327+0000] {taskinstance.py:3503} INFO - 0 downstream tasks scheduled from follow-on schedule check
[2026-07-28T13:05:11.330+0000] {local_task_job_runner.py:222} INFO - ::endgroup::
