[2026-09-22T00:46:47.437+0000] {local_task_job_runner.py:120} INFO - ::group::Pre task execution logs
[2026-09-22T00:46:47.506+0000] {taskinstance.py:2076} INFO - Dependencies all met for dep_context=non-requeueable deps ti=<TaskInstance: youtube_english_video_pipeline.upload_short_video_1 manual__2026-09-22T00:11:03.570129+00:00 [queued]>
[2026-09-22T00:46:47.524+0000] {taskinstance.py:2076} INFO - Dependencies all met for dep_context=requeueable deps ti=<TaskInstance: youtube_english_video_pipeline.upload_short_video_1 manual__2026-09-22T00:11:03.570129+00:00 [queued]>
[2026-09-22T00:46:47.528+0000] {taskinstance.py:2306} INFO - Starting attempt 1 of 3
[2026-09-22T00:46:47.548+0000] {taskinstance.py:2330} INFO - Executing <Task(PythonOperator): upload_short_video_1> on 2026-09-22 00:11:03.570129+00:00
[2026-09-22T00:46:47.555+0000] {standard_task_runner.py:64} INFO - Started process 34140 to run task
[2026-09-22T00:46:47.560+0000] {standard_task_runner.py:90} INFO - Running: ['airflow', 'tasks', 'run', 'youtube_english_video_pipeline', 'upload_short_video_1', 'manual__2026-09-22T00:11:03.570129+00:00', '--job-id', '1514', '--raw', '--subdir', 'DAGS_FOLDER/youtube_pipeline.py', '--cfg-path', '/tmp/tmpxn0exyjr']
[2026-09-22T00:46:47.563+0000] {standard_task_runner.py:91} INFO - Job 1514: Subtask upload_short_video_1
[2026-09-22T00:46:47.643+0000] {task_command.py:426} INFO - Running <TaskInstance: youtube_english_video_pipeline.upload_short_video_1 manual__2026-09-22T00:11:03.570129+00:00 [running]> on host 73b18333cdfe
[2026-09-22T00:46:48.028+0000] {taskinstance.py:2648} INFO - Exporting env vars: AIRFLOW_CTX_DAG_OWNER='taky' AIRFLOW_CTX_DAG_ID='youtube_english_video_pipeline' AIRFLOW_CTX_TASK_ID='upload_short_video_1' AIRFLOW_CTX_EXECUTION_DATE='2026-09-22T00:11:03.570129+00:00' AIRFLOW_CTX_TRY_NUMBER='1' AIRFLOW_CTX_DAG_RUN_ID='manual__2026-09-22T00:11:03.570129+00:00'
[2026-09-22T00:46:48.031+0000] {taskinstance.py:430} INFO - ::endgroup::
[2026-09-22T00:46:48.602+0000] {__init__.py:49} INFO - file_cache is only supported with oauth2client<4.0.0
[2026-09-22T00:46:48.617+0000] {logging_mixin.py:188} INFO - 2026-09-22 00:46:48,616 | INFO     | uploader.youtube_uploader | Uploading video 'General English: Stop Saying 'Thank You' Like a Textbook' (/opt/airflow/output/videos/short_3566.mp4) to YouTube...
[2026-09-22T00:46:51.421+0000] {logging_mixin.py:188} INFO - 2026-09-22 00:46:51,421 | INFO     | uploader.youtube_uploader | Upload complete. YouTube video id = YaYlGwGeDaw
[2026-09-22T00:46:51.452+0000] {python.py:237} INFO - Done. Returned value was: YaYlGwGeDaw
[2026-09-22T00:46:51.457+0000] {taskinstance.py:441} INFO - ::group::Post task execution logs
[2026-09-22T00:46:51.495+0000] {taskinstance.py:1206} INFO - Marking task as SUCCESS. dag_id=youtube_english_video_pipeline, task_id=upload_short_video_1, run_id=manual__2026-09-22T00:11:03.570129+00:00, execution_date=20260922T001103, start_date=20260922T004647, end_date=20260922T004651
[2026-09-22T00:46:51.525+0000] {local_task_job_runner.py:243} INFO - Task exited with return code 0
[2026-09-22T00:46:51.733+0000] {taskinstance.py:3503} INFO - 1 downstream tasks scheduled from follow-on schedule check
[2026-09-22T00:46:51.747+0000] {local_task_job_runner.py:222} INFO - ::endgroup::
