[2026-08-20T00:10:30.881+0000] {local_task_job_runner.py:120} INFO - ::group::Pre task execution logs
[2026-08-20T00:10:30.927+0000] {taskinstance.py:2076} INFO - Dependencies all met for dep_context=non-requeueable deps ti=<TaskInstance: youtube_english_video_pipeline.build_long_video_2 scheduled__2026-08-18T12:00:00+00:00 [queued]>
[2026-08-20T00:10:30.942+0000] {taskinstance.py:2076} INFO - Dependencies all met for dep_context=requeueable deps ti=<TaskInstance: youtube_english_video_pipeline.build_long_video_2 scheduled__2026-08-18T12:00:00+00:00 [queued]>
[2026-08-20T00:10:30.943+0000] {taskinstance.py:2306} INFO - Starting attempt 1 of 3
[2026-08-20T00:10:30.958+0000] {taskinstance.py:2330} INFO - Executing <Task(PythonOperator): build_long_video_2> on 2026-08-18 12:00:00+00:00
[2026-08-20T00:10:30.965+0000] {standard_task_runner.py:64} INFO - Started process 38895 to run task
[2026-08-20T00:10:30.969+0000] {standard_task_runner.py:90} INFO - Running: ['airflow', 'tasks', 'run', 'youtube_english_video_pipeline', 'build_long_video_2', 'scheduled__2026-08-18T12:00:00+00:00', '--job-id', '812', '--raw', '--subdir', 'DAGS_FOLDER/youtube_pipeline.py', '--cfg-path', '/tmp/tmpwn4v97dj']
[2026-08-20T00:10:30.976+0000] {standard_task_runner.py:91} INFO - Job 812: Subtask build_long_video_2
[2026-08-20T00:10:31.072+0000] {task_command.py:426} INFO - Running <TaskInstance: youtube_english_video_pipeline.build_long_video_2 scheduled__2026-08-18T12:00:00+00:00 [running]> on host cc859d74cf38
[2026-08-20T00:10:31.351+0000] {taskinstance.py:2648} INFO - Exporting env vars: AIRFLOW_CTX_DAG_OWNER='taky' AIRFLOW_CTX_DAG_ID='youtube_english_video_pipeline' AIRFLOW_CTX_TASK_ID='build_long_video_2' AIRFLOW_CTX_EXECUTION_DATE='2026-08-18T12:00:00+00:00' AIRFLOW_CTX_TRY_NUMBER='1' AIRFLOW_CTX_DAG_RUN_ID='scheduled__2026-08-18T12:00:00+00:00'
[2026-08-20T00:10:31.353+0000] {taskinstance.py:430} INFO - ::endgroup::
[2026-08-20T00:10:32.589+0000] {logging_mixin.py:188} INFO - 2026-08-20 00:10:32,589 | INFO     | planner.video_planner | Planned LONG video: topic='Travel English', phrases=16
[2026-08-20T00:10:33.207+0000] {logging_mixin.py:188} INFO - 2026-08-20 00:10:33,207 | INFO     | tts.edge_tts | Synthesized audio -> /opt/airflow/output/audio/phrase_2063.mp3
[2026-08-20T00:10:33.846+0000] {logging_mixin.py:188} INFO - 2026-08-20 00:10:33,846 | INFO     | tts.edge_tts | Synthesized audio -> /opt/airflow/output/audio/example_2063.mp3
[2026-08-20T00:10:34.280+0000] {logging_mixin.py:188} INFO - 2026-08-20 00:10:34,279 | INFO     | media.image_downloader | Downloaded background image for scene='street' -> /opt/airflow/output/images/long_2063.jpg
[2026-08-20T00:10:40.188+0000] {logging_mixin.py:188} INFO - 2026-08-20 00:10:40,188 | INFO     | tts.edge_tts | Synthesized audio -> /opt/airflow/output/audio/phrase_2082.mp3
[2026-08-20T00:10:40.607+0000] {logging_mixin.py:188} INFO - 2026-08-20 00:10:40,607 | INFO     | tts.edge_tts | Synthesized audio -> /opt/airflow/output/audio/example_2082.mp3
[2026-08-20T00:10:40.822+0000] {logging_mixin.py:188} INFO - 2026-08-20 00:10:40,822 | INFO     | media.image_downloader | Downloaded background image for scene='taxi' -> /opt/airflow/output/images/long_2082.jpg
[2026-08-20T00:10:46.077+0000] {logging_mixin.py:188} INFO - 2026-08-20 00:10:46,076 | INFO     | tts.edge_tts | Synthesized audio -> /opt/airflow/output/audio/phrase_2083.mp3
[2026-08-20T00:10:46.609+0000] {logging_mixin.py:188} INFO - 2026-08-20 00:10:46,609 | INFO     | tts.edge_tts | Synthesized audio -> /opt/airflow/output/audio/example_2083.mp3
[2026-08-20T00:10:46.907+0000] {logging_mixin.py:188} INFO - 2026-08-20 00:10:46,907 | INFO     | media.image_downloader | Downloaded background image for scene='street' -> /opt/airflow/output/images/long_2083.jpg
[2026-08-20T00:10:52.364+0000] {logging_mixin.py:188} INFO - 2026-08-20 00:10:52,364 | INFO     | tts.edge_tts | Synthesized audio -> /opt/airflow/output/audio/phrase_2089.mp3
[2026-08-20T00:10:52.863+0000] {logging_mixin.py:188} INFO - 2026-08-20 00:10:52,863 | INFO     | tts.edge_tts | Synthesized audio -> /opt/airflow/output/audio/example_2089.mp3
[2026-08-20T00:10:53.106+0000] {logging_mixin.py:188} INFO - 2026-08-20 00:10:53,106 | INFO     | media.image_downloader | Downloaded background image for scene='airport' -> /opt/airflow/output/images/long_2089.jpg
[2026-08-20T00:10:58.110+0000] {logging_mixin.py:188} INFO - 2026-08-20 00:10:58,110 | INFO     | tts.edge_tts | Synthesized audio -> /opt/airflow/output/audio/phrase_2092.mp3
[2026-08-20T00:10:58.715+0000] {logging_mixin.py:188} INFO - 2026-08-20 00:10:58,715 | INFO     | tts.edge_tts | Synthesized audio -> /opt/airflow/output/audio/example_2092.mp3
[2026-08-20T00:10:58.955+0000] {logging_mixin.py:188} INFO - 2026-08-20 00:10:58,954 | INFO     | media.image_downloader | Downloaded background image for scene='street' -> /opt/airflow/output/images/long_2092.jpg
[2026-08-20T00:11:04.480+0000] {logging_mixin.py:188} INFO - 2026-08-20 00:11:04,480 | INFO     | tts.edge_tts | Synthesized audio -> /opt/airflow/output/audio/phrase_2097.mp3
[2026-08-20T00:11:04.926+0000] {logging_mixin.py:188} INFO - 2026-08-20 00:11:04,926 | INFO     | tts.edge_tts | Synthesized audio -> /opt/airflow/output/audio/example_2097.mp3
[2026-08-20T00:11:05.181+0000] {logging_mixin.py:188} INFO - 2026-08-20 00:11:05,181 | INFO     | media.image_downloader | Downloaded background image for scene='airport' -> /opt/airflow/output/images/long_2097.jpg
[2026-08-20T00:11:09.759+0000] {logging_mixin.py:188} INFO - 2026-08-20 00:11:09,759 | INFO     | tts.edge_tts | Synthesized audio -> /opt/airflow/output/audio/phrase_2103.mp3
[2026-08-20T00:11:10.220+0000] {logging_mixin.py:188} INFO - 2026-08-20 00:11:10,220 | INFO     | tts.edge_tts | Synthesized audio -> /opt/airflow/output/audio/example_2103.mp3
[2026-08-20T00:11:11.265+0000] {logging_mixin.py:188} INFO - 2026-08-20 00:11:11,265 | INFO     | media.image_downloader | Downloaded background image for scene='sightseeing' -> /opt/airflow/output/images/long_2103.jpg
[2026-08-20T00:11:15.654+0000] {logging_mixin.py:188} INFO - 2026-08-20 00:11:15,653 | INFO     | tts.edge_tts | Synthesized audio -> /opt/airflow/output/audio/phrase_2106.mp3
[2026-08-20T00:11:16.054+0000] {logging_mixin.py:188} INFO - 2026-08-20 00:11:16,054 | INFO     | tts.edge_tts | Synthesized audio -> /opt/airflow/output/audio/example_2106.mp3
[2026-08-20T00:11:16.271+0000] {logging_mixin.py:188} INFO - 2026-08-20 00:11:16,271 | INFO     | media.image_downloader | Downloaded background image for scene='taxi' -> /opt/airflow/output/images/long_2106.jpg
[2026-08-20T00:11:20.213+0000] {logging_mixin.py:188} INFO - 2026-08-20 00:11:20,213 | INFO     | tts.edge_tts | Synthesized audio -> /opt/airflow/output/audio/phrase_2113.mp3
[2026-08-20T00:11:20.566+0000] {logging_mixin.py:188} INFO - 2026-08-20 00:11:20,566 | INFO     | tts.edge_tts | Synthesized audio -> /opt/airflow/output/audio/example_2113.mp3
[2026-08-20T00:11:20.798+0000] {logging_mixin.py:188} INFO - 2026-08-20 00:11:20,798 | INFO     | media.image_downloader | Downloaded background image for scene='airport' -> /opt/airflow/output/images/long_2113.jpg
[2026-08-20T00:11:25.552+0000] {logging_mixin.py:188} INFO - 2026-08-20 00:11:25,552 | INFO     | tts.edge_tts | Synthesized audio -> /opt/airflow/output/audio/phrase_2121.mp3
[2026-08-20T00:11:26.103+0000] {logging_mixin.py:188} INFO - 2026-08-20 00:11:26,103 | INFO     | tts.edge_tts | Synthesized audio -> /opt/airflow/output/audio/example_2121.mp3
[2026-08-20T00:11:26.906+0000] {logging_mixin.py:188} INFO - 2026-08-20 00:11:26,906 | INFO     | media.image_downloader | Downloaded background image for scene='subway' -> /opt/airflow/output/images/long_2121.jpg
[2026-08-20T00:11:31.158+0000] {logging_mixin.py:188} INFO - 2026-08-20 00:11:31,158 | INFO     | tts.edge_tts | Synthesized audio -> /opt/airflow/output/audio/phrase_2125.mp3
[2026-08-20T00:11:31.605+0000] {logging_mixin.py:188} INFO - 2026-08-20 00:11:31,605 | INFO     | tts.edge_tts | Synthesized audio -> /opt/airflow/output/audio/example_2125.mp3
[2026-08-20T00:11:32.488+0000] {logging_mixin.py:188} INFO - 2026-08-20 00:11:32,488 | INFO     | media.image_downloader | Downloaded background image for scene='terminal' -> /opt/airflow/output/images/long_2125.jpg
[2026-08-20T00:11:37.363+0000] {logging_mixin.py:188} INFO - 2026-08-20 00:11:37,363 | INFO     | tts.edge_tts | Synthesized audio -> /opt/airflow/output/audio/phrase_2132.mp3
[2026-08-20T00:11:37.915+0000] {logging_mixin.py:188} INFO - 2026-08-20 00:11:37,915 | INFO     | tts.edge_tts | Synthesized audio -> /opt/airflow/output/audio/example_2132.mp3
[2026-08-20T00:11:38.163+0000] {logging_mixin.py:188} INFO - 2026-08-20 00:11:38,163 | INFO     | media.image_downloader | Downloaded background image for scene='taxi' -> /opt/airflow/output/images/long_2132.jpg
[2026-08-20T00:11:42.546+0000] {logging_mixin.py:188} INFO - 2026-08-20 00:11:42,546 | INFO     | tts.edge_tts | Synthesized audio -> /opt/airflow/output/audio/phrase_2145.mp3
[2026-08-20T00:11:42.985+0000] {logging_mixin.py:188} INFO - 2026-08-20 00:11:42,985 | INFO     | tts.edge_tts | Synthesized audio -> /opt/airflow/output/audio/example_2145.mp3
[2026-08-20T00:11:43.156+0000] {logging_mixin.py:188} INFO - 2026-08-20 00:11:43,156 | INFO     | media.image_downloader | Downloaded background image for scene='street' -> /opt/airflow/output/images/long_2145.jpg
[2026-08-20T00:11:48.181+0000] {logging_mixin.py:188} INFO - 2026-08-20 00:11:48,180 | INFO     | tts.edge_tts | Synthesized audio -> /opt/airflow/output/audio/phrase_2155.mp3
[2026-08-20T00:11:48.611+0000] {logging_mixin.py:188} INFO - 2026-08-20 00:11:48,611 | INFO     | tts.edge_tts | Synthesized audio -> /opt/airflow/output/audio/example_2155.mp3
[2026-08-20T00:11:48.841+0000] {logging_mixin.py:188} INFO - 2026-08-20 00:11:48,841 | INFO     | media.image_downloader | Downloaded background image for scene='train' -> /opt/airflow/output/images/long_2155.jpg
[2026-08-20T00:11:53.704+0000] {logging_mixin.py:188} INFO - 2026-08-20 00:11:53,704 | INFO     | tts.edge_tts | Synthesized audio -> /opt/airflow/output/audio/phrase_2158.mp3
[2026-08-20T00:11:54.087+0000] {logging_mixin.py:188} INFO - 2026-08-20 00:11:54,087 | INFO     | tts.edge_tts | Synthesized audio -> /opt/airflow/output/audio/example_2158.mp3
[2026-08-20T00:11:54.355+0000] {logging_mixin.py:188} INFO - 2026-08-20 00:11:54,355 | INFO     | media.image_downloader | Downloaded background image for scene='cafe' -> /opt/airflow/output/images/long_2158.jpg
[2026-08-20T00:11:59.524+0000] {logging_mixin.py:188} INFO - 2026-08-20 00:11:59,524 | INFO     | tts.edge_tts | Synthesized audio -> /opt/airflow/output/audio/phrase_2160.mp3
[2026-08-20T00:11:59.897+0000] {logging_mixin.py:188} INFO - 2026-08-20 00:11:59,897 | INFO     | tts.edge_tts | Synthesized audio -> /opt/airflow/output/audio/example_2160.mp3
[2026-08-20T00:12:00.106+0000] {logging_mixin.py:188} INFO - 2026-08-20 00:12:00,106 | INFO     | media.image_downloader | Downloaded background image for scene='airport' -> /opt/airflow/output/images/long_2160.jpg
[2026-08-20T00:12:07.080+0000] {logging_mixin.py:188} INFO - 2026-08-20 00:12:07,080 | WARNING  | video.video_builder | BGM file not found at /opt/airflow/assets/bgm/long_bgm.mp3, rendering without background music
[2026-08-20T00:12:33.571+0000] {logging_mixin.py:188} INFO - 2026-08-20 00:12:33,571 | INFO     | video.video_builder | Final video rendered -> /opt/airflow/output/videos/long_2063.mp4
[2026-08-20T00:12:43.722+0000] {logging_mixin.py:188} INFO - 2026-08-20 00:12:43,721 | INFO     | media.thumbnail_builder | Built thumbnail -> /opt/airflow/output/thumbnails/long_2063.jpg
[2026-08-20T00:12:43.985+0000] {python.py:237} INFO - Done. Returned value was: {'video_id': 238, 'file_path': '/opt/airflow/output/videos/long_2063.mp4', 'thumbnail_path': '/opt/airflow/output/thumbnails/long_2063.jpg', 'title': '15 Must-Know Travel English Phrases for Airport, Taxi & Hotel | Spoken English', 'description': 'Welcome to Taky\'s Language School! Traveling abroad soon? In this lesson, you\'ll master essential spoken English phrases for navigating airports, taking taxis, riding trains, and exploring new cities with confidence.\n\nKey Travel Situations Covered:\n✈️ Airport navigation, boarding times & baggage claim\n🚕 Paying fares and tipping ("Keep the change")\n📍 Asking for directions & nearest stations\n📸 Asking locals for photos politely\n📶 Inquiring about Wi-Fi & making polite requests\n\nPractice your listening and speaking with practical, real-life examples.\n\n🔔 Subscribe to Taky\'s Language School for weekly English speaking lessons!\n\n#TravelEnglish #LearnEnglish #SpokenEnglish #EnglishPhrases #EnglishSpeaking', 'tags': ['travel english', 'learn english', 'spoken english', 'travel english phrases', 'english for travel', "taky's language school", 'english speaking practice', 'airport english phrases', 'english conversation', 'useful english phrases', 'daily english conversation', 'basic english speaking', 'english for tourists'], 'video_type': 'long'}
[2026-08-20T00:12:43.986+0000] {taskinstance.py:441} INFO - ::group::Post task execution logs
[2026-08-20T00:12:44.020+0000] {taskinstance.py:1206} INFO - Marking task as SUCCESS. dag_id=youtube_english_video_pipeline, task_id=build_long_video_2, run_id=scheduled__2026-08-18T12:00:00+00:00, execution_date=20260818T120000, start_date=20260820T001030, end_date=20260820T001244
[2026-08-20T00:12:44.080+0000] {local_task_job_runner.py:243} INFO - Task exited with return code 0
[2026-08-20T00:12:44.307+0000] {taskinstance.py:3503} INFO - 1 downstream tasks scheduled from follow-on schedule check
[2026-08-20T00:12:44.313+0000] {local_task_job_runner.py:222} INFO - ::endgroup::
