[2026-08-17T12:48:20.886+0000] {local_task_job_runner.py:120} INFO - ::group::Pre task execution logs
[2026-08-17T12:48:20.937+0000] {taskinstance.py:2076} INFO - Dependencies all met for dep_context=non-requeueable deps ti=<TaskInstance: youtube_english_video_pipeline.upload_short_video_3 scheduled__2026-08-11T12:00:00+00:00 [queued]>
[2026-08-17T12:48:20.959+0000] {taskinstance.py:2076} INFO - Dependencies all met for dep_context=requeueable deps ti=<TaskInstance: youtube_english_video_pipeline.upload_short_video_3 scheduled__2026-08-11T12:00:00+00:00 [queued]>
[2026-08-17T12:48:20.962+0000] {taskinstance.py:2306} INFO - Starting attempt 1 of 3
[2026-08-17T12:48:20.991+0000] {taskinstance.py:2330} INFO - Executing <Task(PythonOperator): upload_short_video_3> on 2026-08-11 12:00:00+00:00
[2026-08-17T12:48:21.000+0000] {standard_task_runner.py:64} INFO - Started process 7747 to run task
[2026-08-17T12:48:21.004+0000] {standard_task_runner.py:90} INFO - Running: ['airflow', 'tasks', 'run', 'youtube_english_video_pipeline', 'upload_short_video_3', 'scheduled__2026-08-11T12:00:00+00:00', '--job-id', '747', '--raw', '--subdir', 'DAGS_FOLDER/youtube_pipeline.py', '--cfg-path', '/tmp/tmportbdiy5']
[2026-08-17T12:48:21.008+0000] {standard_task_runner.py:91} INFO - Job 747: Subtask upload_short_video_3
[2026-08-17T12:48:21.162+0000] {task_command.py:426} INFO - Running <TaskInstance: youtube_english_video_pipeline.upload_short_video_3 scheduled__2026-08-11T12:00:00+00:00 [running]> on host cc859d74cf38
[2026-08-17T12:48:21.579+0000] {taskinstance.py:2648} INFO - Exporting env vars: AIRFLOW_CTX_DAG_OWNER='taky' AIRFLOW_CTX_DAG_ID='youtube_english_video_pipeline' AIRFLOW_CTX_TASK_ID='upload_short_video_3' AIRFLOW_CTX_EXECUTION_DATE='2026-08-11T12:00:00+00:00' AIRFLOW_CTX_TRY_NUMBER='1' AIRFLOW_CTX_DAG_RUN_ID='scheduled__2026-08-11T12:00:00+00:00'
[2026-08-17T12:48:21.581+0000] {taskinstance.py:430} INFO - ::endgroup::
[2026-08-17T12:48:22.438+0000] {__init__.py:49} INFO - file_cache is only supported with oauth2client<4.0.0
[2026-08-17T12:48:22.457+0000] {logging_mixin.py:188} INFO - 2026-08-17 12:48:22,457 | INFO     | uploader.youtube_uploader | Uploading video 'Airport English: How to Find Baggage Claim ✈️ #Shorts' (/opt/airflow/output/videos/short_1893.mp4) to YouTube...
[2026-08-17T12:48:25.164+0000] {logging_mixin.py:188} INFO - 2026-08-17 12:48:25,164 | INFO     | uploader.youtube_uploader | Upload complete. YouTube video id = kPjCizfMXY8
[2026-08-17T12:48:25.190+0000] {python.py:237} INFO - Done. Returned value was: kPjCizfMXY8
[2026-08-17T12:48:25.194+0000] {taskinstance.py:441} INFO - ::group::Post task execution logs
[2026-08-17T12:48:25.235+0000] {taskinstance.py:1206} INFO - Marking task as SUCCESS. dag_id=youtube_english_video_pipeline, task_id=upload_short_video_3, run_id=scheduled__2026-08-11T12:00:00+00:00, execution_date=20260811T120000, start_date=20260817T124820, end_date=20260817T124825
[2026-08-17T12:48:25.286+0000] {local_task_job_runner.py:243} INFO - Task exited with return code 0
[2026-08-17T12:48:25.495+0000] {taskinstance.py:3503} INFO - 1 downstream tasks scheduled from follow-on schedule check
[2026-08-17T12:48:25.508+0000] {local_task_job_runner.py:222} INFO - ::endgroup::
