[2026-09-20T11:20:23.567+0000] {local_task_job_runner.py:120} INFO - ::group::Pre task execution logs
[2026-09-20T11:20:23.611+0000] {taskinstance.py:2076} INFO - Dependencies all met for dep_context=non-requeueable deps ti=<TaskInstance: youtube_english_video_pipeline.upload_short_video_7 manual__2026-09-20T11:03:20.949531+00:00 [queued]>
[2026-09-20T11:20:23.624+0000] {taskinstance.py:2076} INFO - Dependencies all met for dep_context=requeueable deps ti=<TaskInstance: youtube_english_video_pipeline.upload_short_video_7 manual__2026-09-20T11:03:20.949531+00:00 [queued]>
[2026-09-20T11:20:23.626+0000] {taskinstance.py:2306} INFO - Starting attempt 1 of 3
[2026-09-20T11:20:23.644+0000] {taskinstance.py:2330} INFO - Executing <Task(PythonOperator): upload_short_video_7> on 2026-09-20 11:03:20.949531+00:00
[2026-09-20T11:20:23.651+0000] {standard_task_runner.py:64} INFO - Started process 53347 to run task
[2026-09-20T11:20:23.654+0000] {standard_task_runner.py:90} INFO - Running: ['airflow', 'tasks', 'run', 'youtube_english_video_pipeline', 'upload_short_video_7', 'manual__2026-09-20T11:03:20.949531+00:00', '--job-id', '1344', '--raw', '--subdir', 'DAGS_FOLDER/youtube_pipeline.py', '--cfg-path', '/tmp/tmpm28h191_']
[2026-09-20T11:20:23.656+0000] {standard_task_runner.py:91} INFO - Job 1344: Subtask upload_short_video_7
[2026-09-20T11:20:23.713+0000] {task_command.py:426} INFO - Running <TaskInstance: youtube_english_video_pipeline.upload_short_video_7 manual__2026-09-20T11:03:20.949531+00:00 [running]> on host 73b18333cdfe
[2026-09-20T11:20:23.950+0000] {taskinstance.py:2648} INFO - Exporting env vars: AIRFLOW_CTX_DAG_OWNER='taky' AIRFLOW_CTX_DAG_ID='youtube_english_video_pipeline' AIRFLOW_CTX_TASK_ID='upload_short_video_7' AIRFLOW_CTX_EXECUTION_DATE='2026-09-20T11:03:20.949531+00:00' AIRFLOW_CTX_TRY_NUMBER='1' AIRFLOW_CTX_DAG_RUN_ID='manual__2026-09-20T11:03:20.949531+00:00'
[2026-09-20T11:20:23.951+0000] {taskinstance.py:430} INFO - ::endgroup::
[2026-09-20T11:20:24.318+0000] {__init__.py:49} INFO - file_cache is only supported with oauth2client<4.0.0
[2026-09-20T11:20:24.329+0000] {logging_mixin.py:188} INFO - 2026-09-20 11:20:24,329 | INFO     | uploader.youtube_uploader | Uploading video 'How to ask someone to repeat themselves in English | Daily English Phrases' (/opt/airflow/output/videos/short_2985.mp4) to YouTube...
[2026-09-20T11:20:26.758+0000] {logging_mixin.py:188} INFO - 2026-09-20 11:20:26,758 | INFO     | uploader.youtube_uploader | Upload complete. YouTube video id = NgUVWUd68eY
[2026-09-20T11:20:26.783+0000] {python.py:237} INFO - Done. Returned value was: NgUVWUd68eY
[2026-09-20T11:20:26.785+0000] {taskinstance.py:441} INFO - ::group::Post task execution logs
[2026-09-20T11:20:26.836+0000] {taskinstance.py:1206} INFO - Marking task as SUCCESS. dag_id=youtube_english_video_pipeline, task_id=upload_short_video_7, run_id=manual__2026-09-20T11:03:20.949531+00:00, execution_date=20260920T110320, start_date=20260920T112023, end_date=20260920T112026
[2026-09-20T11:20:26.884+0000] {local_task_job_runner.py:243} INFO - Task exited with return code 0
[2026-09-20T11:20:27.073+0000] {taskinstance.py:3503} INFO - 1 downstream tasks scheduled from follow-on schedule check
[2026-09-20T11:20:27.087+0000] {local_task_job_runner.py:222} INFO - ::endgroup::
