[2026-07-27T11:11:03.254+0000] {local_task_job_runner.py:120} INFO - ::group::Pre task execution logs
[2026-07-27T11:11:03.284+0000] {taskinstance.py:2076} INFO - Dependencies all met for dep_context=non-requeueable deps ti=<TaskInstance: youtube_english_video_pipeline.upload_long_video_5 manual__2026-07-27T10:57:47.140907+00:00 [queued]>
[2026-07-27T11:11:03.292+0000] {taskinstance.py:2076} INFO - Dependencies all met for dep_context=requeueable deps ti=<TaskInstance: youtube_english_video_pipeline.upload_long_video_5 manual__2026-07-27T10:57:47.140907+00:00 [queued]>
[2026-07-27T11:11:03.293+0000] {taskinstance.py:2306} INFO - Starting attempt 1 of 3
[2026-07-27T11:11:03.303+0000] {taskinstance.py:2330} INFO - Executing <Task(PythonOperator): upload_long_video_5> on 2026-07-27 10:57:47.140907+00:00
[2026-07-27T11:11:03.307+0000] {standard_task_runner.py:64} INFO - Started process 76181 to run task
[2026-07-27T11:11:03.309+0000] {standard_task_runner.py:90} INFO - Running: ['airflow', 'tasks', 'run', 'youtube_english_video_pipeline', 'upload_long_video_5', 'manual__2026-07-27T10:57:47.140907+00:00', '--job-id', '438', '--raw', '--subdir', 'DAGS_FOLDER/youtube_pipeline.py', '--cfg-path', '/tmp/tmp9razskqb']
[2026-07-27T11:11:03.312+0000] {standard_task_runner.py:91} INFO - Job 438: Subtask upload_long_video_5
[2026-07-27T11:11:03.383+0000] {task_command.py:426} INFO - Running <TaskInstance: youtube_english_video_pipeline.upload_long_video_5 manual__2026-07-27T10:57:47.140907+00:00 [running]> on host cc859d74cf38
[2026-07-27T11:11:03.596+0000] {taskinstance.py:2648} INFO - Exporting env vars: AIRFLOW_CTX_DAG_OWNER='taky' AIRFLOW_CTX_DAG_ID='youtube_english_video_pipeline' AIRFLOW_CTX_TASK_ID='upload_long_video_5' AIRFLOW_CTX_EXECUTION_DATE='2026-07-27T10:57:47.140907+00:00' AIRFLOW_CTX_TRY_NUMBER='1' AIRFLOW_CTX_DAG_RUN_ID='manual__2026-07-27T10:57:47.140907+00:00'
[2026-07-27T11:11:03.597+0000] {taskinstance.py:430} INFO - ::endgroup::
[2026-07-27T11:11:03.893+0000] {__init__.py:49} INFO - file_cache is only supported with oauth2client<4.0.0
[2026-07-27T11:11:03.904+0000] {logging_mixin.py:188} INFO - 2026-07-27 11:11:03,904 | INFO     | uploader.youtube_uploader | Uploading video '20 Practical English Expressions for Daily Life | Taky's Language School' (/opt/airflow/output/videos/long_805.mp4) to YouTube...
[2026-07-27T11:11:09.161+0000] {logging_mixin.py:188} INFO - 2026-07-27 11:11:09,160 | INFO     | uploader.youtube_uploader | Upload complete. YouTube video id = bB99lx_ulrI
[2026-07-27T11:11:12.869+0000] {logging_mixin.py:188} INFO - 2026-07-27 11:11:12,869 | INFO     | uploader.youtube_uploader | Custom thumbnail uploaded.
[2026-07-27T11:11:12.882+0000] {python.py:237} INFO - Done. Returned value was: bB99lx_ulrI
[2026-07-27T11:11:12.884+0000] {taskinstance.py:441} INFO - ::group::Post task execution logs
[2026-07-27T11:11:12.914+0000] {taskinstance.py:1206} INFO - Marking task as SUCCESS. dag_id=youtube_english_video_pipeline, task_id=upload_long_video_5, run_id=manual__2026-07-27T10:57:47.140907+00:00, execution_date=20260727T105747, start_date=20260727T111103, end_date=20260727T111112
[2026-07-27T11:11:12.944+0000] {local_task_job_runner.py:243} INFO - Task exited with return code 0
[2026-07-27T11:11:13.156+0000] {taskinstance.py:3503} INFO - 1 downstream tasks scheduled from follow-on schedule check
[2026-07-27T11:11:13.160+0000] {local_task_job_runner.py:222} INFO - ::endgroup::
