[2026-07-25T12:25:32.452+0000] {local_task_job_runner.py:120} INFO - ::group::Pre task execution logs
[2026-07-25T12:25:32.487+0000] {taskinstance.py:2076} INFO - Dependencies all met for dep_context=non-requeueable deps ti=<TaskInstance: youtube_english_video_pipeline.upload_long_video_1 manual__2026-07-25T12:21:18.111929+00:00 [queued]>
[2026-07-25T12:25:32.497+0000] {taskinstance.py:2076} INFO - Dependencies all met for dep_context=requeueable deps ti=<TaskInstance: youtube_english_video_pipeline.upload_long_video_1 manual__2026-07-25T12:21:18.111929+00:00 [queued]>
[2026-07-25T12:25:32.498+0000] {taskinstance.py:2306} INFO - Starting attempt 1 of 3
[2026-07-25T12:25:32.511+0000] {taskinstance.py:2330} INFO - Executing <Task(PythonOperator): upload_long_video_1> on 2026-07-25 12:21:18.111929+00:00
[2026-07-25T12:25:32.518+0000] {standard_task_runner.py:64} INFO - Started process 9476 to run task
[2026-07-25T12:25:32.521+0000] {standard_task_runner.py:90} INFO - Running: ['airflow', 'tasks', 'run', 'youtube_english_video_pipeline', 'upload_long_video_1', 'manual__2026-07-25T12:21:18.111929+00:00', '--job-id', '325', '--raw', '--subdir', 'DAGS_FOLDER/youtube_pipeline.py', '--cfg-path', '/tmp/tmp2tb9w2vv']
[2026-07-25T12:25:32.524+0000] {standard_task_runner.py:91} INFO - Job 325: Subtask upload_long_video_1
[2026-07-25T12:25:32.599+0000] {task_command.py:426} INFO - Running <TaskInstance: youtube_english_video_pipeline.upload_long_video_1 manual__2026-07-25T12:21:18.111929+00:00 [running]> on host cc859d74cf38
[2026-07-25T12:25:32.816+0000] {taskinstance.py:2648} INFO - Exporting env vars: AIRFLOW_CTX_DAG_OWNER='taky' AIRFLOW_CTX_DAG_ID='youtube_english_video_pipeline' AIRFLOW_CTX_TASK_ID='upload_long_video_1' AIRFLOW_CTX_EXECUTION_DATE='2026-07-25T12:21:18.111929+00:00' AIRFLOW_CTX_TRY_NUMBER='1' AIRFLOW_CTX_DAG_RUN_ID='manual__2026-07-25T12:21:18.111929+00:00'
[2026-07-25T12:25:32.817+0000] {taskinstance.py:430} INFO - ::endgroup::
[2026-07-25T12:25:33.107+0000] {__init__.py:49} INFO - file_cache is only supported with oauth2client<4.0.0
[2026-07-25T12:25:33.116+0000] {logging_mixin.py:188} INFO - 2026-07-25 12:25:33,116 | INFO     | uploader.youtube_uploader | Uploading video '20 Daily English Expressions | Mixed English Expressions' (/opt/airflow/output/videos/long_466.mp4) to YouTube...
[2026-07-25T12:25:37.965+0000] {logging_mixin.py:188} INFO - 2026-07-25 12:25:37,965 | INFO     | uploader.youtube_uploader | Upload complete. YouTube video id = lyV4G1QfijY
[2026-07-25T12:25:41.692+0000] {logging_mixin.py:188} INFO - 2026-07-25 12:25:41,692 | INFO     | uploader.youtube_uploader | Custom thumbnail uploaded.
[2026-07-25T12:25:41.709+0000] {python.py:237} INFO - Done. Returned value was: lyV4G1QfijY
[2026-07-25T12:25:41.710+0000] {taskinstance.py:441} INFO - ::group::Post task execution logs
[2026-07-25T12:25:41.735+0000] {taskinstance.py:1206} INFO - Marking task as SUCCESS. dag_id=youtube_english_video_pipeline, task_id=upload_long_video_1, run_id=manual__2026-07-25T12:21:18.111929+00:00, execution_date=20260725T122118, start_date=20260725T122532, end_date=20260725T122541
[2026-07-25T12:25:41.784+0000] {local_task_job_runner.py:243} INFO - Task exited with return code 0
[2026-07-25T12:25:41.963+0000] {taskinstance.py:3503} INFO - 1 downstream tasks scheduled from follow-on schedule check
[2026-07-25T12:25:41.976+0000] {local_task_job_runner.py:222} INFO - ::endgroup::
