[2026-09-20T11:14:52.623+0000] {local_task_job_runner.py:120} INFO - ::group::Pre task execution logs
[2026-09-20T11:14:52.658+0000] {taskinstance.py:2076} INFO - Dependencies all met for dep_context=non-requeueable deps ti=<TaskInstance: youtube_english_video_pipeline.upload_short_video_5 manual__2026-09-20T11:03:20.949531+00:00 [queued]>
[2026-09-20T11:14:52.668+0000] {taskinstance.py:2076} INFO - Dependencies all met for dep_context=requeueable deps ti=<TaskInstance: youtube_english_video_pipeline.upload_short_video_5 manual__2026-09-20T11:03:20.949531+00:00 [queued]>
[2026-09-20T11:14:52.669+0000] {taskinstance.py:2306} INFO - Starting attempt 1 of 3
[2026-09-20T11:14:52.683+0000] {taskinstance.py:2330} INFO - Executing <Task(PythonOperator): upload_short_video_5> on 2026-09-20 11:03:20.949531+00:00
[2026-09-20T11:14:52.688+0000] {standard_task_runner.py:64} INFO - Started process 46825 to run task
[2026-09-20T11:14:52.691+0000] {standard_task_runner.py:90} INFO - Running: ['airflow', 'tasks', 'run', 'youtube_english_video_pipeline', 'upload_short_video_5', 'manual__2026-09-20T11:03:20.949531+00:00', '--job-id', '1333', '--raw', '--subdir', 'DAGS_FOLDER/youtube_pipeline.py', '--cfg-path', '/tmp/tmpf1dcuq9r']
[2026-09-20T11:14:52.694+0000] {standard_task_runner.py:91} INFO - Job 1333: Subtask upload_short_video_5
[2026-09-20T11:14:52.744+0000] {task_command.py:426} INFO - Running <TaskInstance: youtube_english_video_pipeline.upload_short_video_5 manual__2026-09-20T11:03:20.949531+00:00 [running]> on host 73b18333cdfe
[2026-09-20T11:14:52.995+0000] {taskinstance.py:2648} INFO - Exporting env vars: AIRFLOW_CTX_DAG_OWNER='taky' AIRFLOW_CTX_DAG_ID='youtube_english_video_pipeline' AIRFLOW_CTX_TASK_ID='upload_short_video_5' AIRFLOW_CTX_EXECUTION_DATE='2026-09-20T11:03:20.949531+00:00' AIRFLOW_CTX_TRY_NUMBER='1' AIRFLOW_CTX_DAG_RUN_ID='manual__2026-09-20T11:03:20.949531+00:00'
[2026-09-20T11:14:52.996+0000] {taskinstance.py:430} INFO - ::endgroup::
[2026-09-20T11:14:53.271+0000] {__init__.py:49} INFO - file_cache is only supported with oauth2client<4.0.0
[2026-09-20T11:14:53.282+0000] {logging_mixin.py:188} INFO - 2026-09-20 11:14:53,282 | INFO     | uploader.youtube_uploader | Uploading video 'Daily Communication: How to say you forgot something naturally' (/opt/airflow/output/videos/short_2980.mp4) to YouTube...
[2026-09-20T11:14:55.901+0000] {logging_mixin.py:188} INFO - 2026-09-20 11:14:55,900 | INFO     | uploader.youtube_uploader | Upload complete. YouTube video id = XRhBVf8yuhI
[2026-09-20T11:14:55.915+0000] {python.py:237} INFO - Done. Returned value was: XRhBVf8yuhI
[2026-09-20T11:14:55.917+0000] {taskinstance.py:441} INFO - ::group::Post task execution logs
[2026-09-20T11:14:55.948+0000] {taskinstance.py:1206} INFO - Marking task as SUCCESS. dag_id=youtube_english_video_pipeline, task_id=upload_short_video_5, run_id=manual__2026-09-20T11:03:20.949531+00:00, execution_date=20260920T110320, start_date=20260920T111452, end_date=20260920T111455
[2026-09-20T11:14:55.999+0000] {local_task_job_runner.py:243} INFO - Task exited with return code 0
[2026-09-20T11:14:56.210+0000] {taskinstance.py:3503} INFO - 1 downstream tasks scheduled from follow-on schedule check
[2026-09-20T11:14:56.215+0000] {local_task_job_runner.py:222} INFO - ::endgroup::
