[2026-09-21T05:54:20.754+0000] {local_task_job_runner.py:120} INFO - ::group::Pre task execution logs
[2026-09-21T05:54:20.801+0000] {taskinstance.py:2076} INFO - Dependencies all met for dep_context=non-requeueable deps ti=<TaskInstance: youtube_english_video_pipeline.upload_short_video_1 manual__2026-09-21T05:53:40.285914+00:00 [queued]>
[2026-09-21T05:54:20.810+0000] {taskinstance.py:2076} INFO - Dependencies all met for dep_context=requeueable deps ti=<TaskInstance: youtube_english_video_pipeline.upload_short_video_1 manual__2026-09-21T05:53:40.285914+00:00 [queued]>
[2026-09-21T05:54:20.812+0000] {taskinstance.py:2306} INFO - Starting attempt 1 of 3
[2026-09-21T05:54:20.827+0000] {taskinstance.py:2330} INFO - Executing <Task(PythonOperator): upload_short_video_1> on 2026-09-21 05:53:40.285914+00:00
[2026-09-21T05:54:20.831+0000] {standard_task_runner.py:64} INFO - Started process 728 to run task
[2026-09-21T05:54:20.833+0000] {standard_task_runner.py:90} INFO - Running: ['airflow', 'tasks', 'run', 'youtube_english_video_pipeline', 'upload_short_video_1', 'manual__2026-09-21T05:53:40.285914+00:00', '--job-id', '1432', '--raw', '--subdir', 'DAGS_FOLDER/youtube_pipeline.py', '--cfg-path', '/tmp/tmpwg9ijjo9']
[2026-09-21T05:54:20.836+0000] {standard_task_runner.py:91} INFO - Job 1432: Subtask upload_short_video_1
[2026-09-21T05:54:20.887+0000] {task_command.py:426} INFO - Running <TaskInstance: youtube_english_video_pipeline.upload_short_video_1 manual__2026-09-21T05:53:40.285914+00:00 [running]> on host 73b18333cdfe
[2026-09-21T05:54:21.118+0000] {taskinstance.py:2648} INFO - Exporting env vars: AIRFLOW_CTX_DAG_OWNER='taky' AIRFLOW_CTX_DAG_ID='youtube_english_video_pipeline' AIRFLOW_CTX_TASK_ID='upload_short_video_1' AIRFLOW_CTX_EXECUTION_DATE='2026-09-21T05:53:40.285914+00:00' AIRFLOW_CTX_TRY_NUMBER='1' AIRFLOW_CTX_DAG_RUN_ID='manual__2026-09-21T05:53:40.285914+00:00'
[2026-09-21T05:54:21.119+0000] {taskinstance.py:430} INFO - ::endgroup::
[2026-09-21T05:54:21.367+0000] {__init__.py:49} INFO - file_cache is only supported with oauth2client<4.0.0
[2026-09-21T05:54:21.372+0000] {logging_mixin.py:188} INFO - 2026-09-21 05:54:21,372 | INFO     | uploader.youtube_uploader | Uploading video 'How to Politely Ask Someone to Repeat Themselves | Speak English Naturally' (/opt/airflow/output/videos/short_3507.mp4) to YouTube...
[2026-09-21T05:54:23.868+0000] {logging_mixin.py:188} INFO - 2026-09-21 05:54:23,868 | INFO     | uploader.youtube_uploader | Upload complete. YouTube video id = Ac5IPGbNCAI
[2026-09-21T05:54:23.884+0000] {python.py:237} INFO - Done. Returned value was: Ac5IPGbNCAI
[2026-09-21T05:54:23.885+0000] {taskinstance.py:441} INFO - ::group::Post task execution logs
[2026-09-21T05:54:23.911+0000] {taskinstance.py:1206} INFO - Marking task as SUCCESS. dag_id=youtube_english_video_pipeline, task_id=upload_short_video_1, run_id=manual__2026-09-21T05:53:40.285914+00:00, execution_date=20260921T055340, start_date=20260921T055420, end_date=20260921T055423
[2026-09-21T05:54:23.940+0000] {local_task_job_runner.py:243} INFO - Task exited with return code 0
[2026-09-21T05:54:24.080+0000] {taskinstance.py:3503} INFO - 1 downstream tasks scheduled from follow-on schedule check
[2026-09-21T05:54:24.084+0000] {local_task_job_runner.py:222} INFO - ::endgroup::
