[2026-09-22T00:44:13.797+0000] {local_task_job_runner.py:120} INFO - ::group::Pre task execution logs
[2026-09-22T00:44:13.854+0000] {taskinstance.py:2076} INFO - Dependencies all met for dep_context=non-requeueable deps ti=<TaskInstance: youtube_english_video_pipeline.upload_short_video_10 scheduled__2026-09-20T12:00:00+00:00 [queued]>
[2026-09-22T00:44:13.865+0000] {taskinstance.py:2076} INFO - Dependencies all met for dep_context=requeueable deps ti=<TaskInstance: youtube_english_video_pipeline.upload_short_video_10 scheduled__2026-09-20T12:00:00+00:00 [queued]>
[2026-09-22T00:44:13.867+0000] {taskinstance.py:2306} INFO - Starting attempt 1 of 3
[2026-09-22T00:44:13.883+0000] {taskinstance.py:2330} INFO - Executing <Task(PythonOperator): upload_short_video_10> on 2026-09-20 12:00:00+00:00
[2026-09-22T00:44:13.889+0000] {standard_task_runner.py:64} INFO - Started process 31186 to run task
[2026-09-22T00:44:13.893+0000] {standard_task_runner.py:90} INFO - Running: ['airflow', 'tasks', 'run', 'youtube_english_video_pipeline', 'upload_short_video_10', 'scheduled__2026-09-20T12:00:00+00:00', '--job-id', '1508', '--raw', '--subdir', 'DAGS_FOLDER/youtube_pipeline.py', '--cfg-path', '/tmp/tmp51a4zvw8']
[2026-09-22T00:44:13.896+0000] {standard_task_runner.py:91} INFO - Job 1508: Subtask upload_short_video_10
[2026-09-22T00:44:13.970+0000] {task_command.py:426} INFO - Running <TaskInstance: youtube_english_video_pipeline.upload_short_video_10 scheduled__2026-09-20T12:00:00+00:00 [running]> on host 73b18333cdfe
[2026-09-22T00:44:14.267+0000] {taskinstance.py:2648} INFO - Exporting env vars: AIRFLOW_CTX_DAG_OWNER='taky' AIRFLOW_CTX_DAG_ID='youtube_english_video_pipeline' AIRFLOW_CTX_TASK_ID='upload_short_video_10' AIRFLOW_CTX_EXECUTION_DATE='2026-09-20T12:00:00+00:00' AIRFLOW_CTX_TRY_NUMBER='1' AIRFLOW_CTX_DAG_RUN_ID='scheduled__2026-09-20T12:00:00+00:00'
[2026-09-22T00:44:14.269+0000] {taskinstance.py:430} INFO - ::endgroup::
[2026-09-22T00:44:14.770+0000] {__init__.py:49} INFO - file_cache is only supported with oauth2client<4.0.0
[2026-09-22T00:44:14.782+0000] {logging_mixin.py:188} INFO - 2026-09-22 00:44:14,781 | INFO     | uploader.youtube_uploader | Uploading video 'General English: How to Politely Question Your Bill' (/opt/airflow/output/videos/short_3565.mp4) to YouTube...
[2026-09-22T00:44:17.369+0000] {logging_mixin.py:188} INFO - 2026-09-22 00:44:17,369 | INFO     | uploader.youtube_uploader | Upload complete. YouTube video id = sYRMLirQawM
[2026-09-22T00:44:17.385+0000] {python.py:237} INFO - Done. Returned value was: sYRMLirQawM
[2026-09-22T00:44:17.387+0000] {taskinstance.py:441} INFO - ::group::Post task execution logs
[2026-09-22T00:44:17.417+0000] {taskinstance.py:1206} INFO - Marking task as SUCCESS. dag_id=youtube_english_video_pipeline, task_id=upload_short_video_10, run_id=scheduled__2026-09-20T12:00:00+00:00, execution_date=20260920T120000, start_date=20260922T004413, end_date=20260922T004417
[2026-09-22T00:44:17.487+0000] {local_task_job_runner.py:243} INFO - Task exited with return code 0
[2026-09-22T00:44:17.529+0000] {taskinstance.py:3503} INFO - 1 downstream tasks scheduled from follow-on schedule check
[2026-09-22T00:44:17.535+0000] {local_task_job_runner.py:222} INFO - ::endgroup::
