[2026-07-25T08:28:00.640+0000] {local_task_job_runner.py:120} INFO - ::group::Pre task execution logs
[2026-07-25T08:28:00.664+0000] {taskinstance.py:2076} INFO - Dependencies all met for dep_context=non-requeueable deps ti=<TaskInstance: youtube_english_video_pipeline.build_short_video_3 manual__2026-07-25T08:23:54.309173+00:00 [queued]>
[2026-07-25T08:28:00.670+0000] {taskinstance.py:2076} INFO - Dependencies all met for dep_context=requeueable deps ti=<TaskInstance: youtube_english_video_pipeline.build_short_video_3 manual__2026-07-25T08:23:54.309173+00:00 [queued]>
[2026-07-25T08:28:00.671+0000] {taskinstance.py:2306} INFO - Starting attempt 1 of 3
[2026-07-25T08:28:00.680+0000] {taskinstance.py:2330} INFO - Executing <Task(PythonOperator): build_short_video_3> on 2026-07-25 08:23:54.309173+00:00
[2026-07-25T08:28:00.685+0000] {standard_task_runner.py:64} INFO - Started process 14390 to run task
[2026-07-25T08:28:00.687+0000] {standard_task_runner.py:90} INFO - Running: ['airflow', 'tasks', 'run', 'youtube_english_video_pipeline', 'build_short_video_3', 'manual__2026-07-25T08:23:54.309173+00:00', '--job-id', '246', '--raw', '--subdir', 'DAGS_FOLDER/youtube_pipeline.py', '--cfg-path', '/tmp/tmpjjuj8ns2']
[2026-07-25T08:28:00.689+0000] {standard_task_runner.py:91} INFO - Job 246: Subtask build_short_video_3
[2026-07-25T08:28:00.750+0000] {task_command.py:426} INFO - Running <TaskInstance: youtube_english_video_pipeline.build_short_video_3 manual__2026-07-25T08:23:54.309173+00:00 [running]> on host ce8e21912c19
[2026-07-25T08:28:00.924+0000] {taskinstance.py:2648} INFO - Exporting env vars: AIRFLOW_CTX_DAG_OWNER='taky' AIRFLOW_CTX_DAG_ID='youtube_english_video_pipeline' AIRFLOW_CTX_TASK_ID='build_short_video_3' AIRFLOW_CTX_EXECUTION_DATE='2026-07-25T08:23:54.309173+00:00' AIRFLOW_CTX_TRY_NUMBER='1' AIRFLOW_CTX_DAG_RUN_ID='manual__2026-07-25T08:23:54.309173+00:00'
[2026-07-25T08:28:00.925+0000] {taskinstance.py:430} INFO - ::endgroup::
[2026-07-25T08:28:01.476+0000] {logging_mixin.py:188} INFO - 2026-07-25 08:28:01,476 | INFO     | planner.video_planner | Planned SHORT video: topic='Social English', phrases=1
[2026-07-25T08:28:01.950+0000] {logging_mixin.py:188} INFO - 2026-07-25 08:28:01,950 | INFO     | tts.edge_tts | Synthesized audio -> /opt/airflow/output/audio/phrase_105.mp3
[2026-07-25T08:28:02.533+0000] {logging_mixin.py:188} INFO - 2026-07-25 08:28:02,533 | INFO     | tts.edge_tts | Synthesized audio -> /opt/airflow/output/audio/example_105.mp3
[2026-07-25T08:28:03.683+0000] {logging_mixin.py:188} INFO - 2026-07-25 08:28:03,683 | INFO     | media.image_downloader | Downloaded background image for scene='conversation' -> /opt/airflow/output/images/short_105.jpg
[2026-07-25T08:28:06.745+0000] {logging_mixin.py:188} INFO - 2026-07-25 08:28:06,745 | WARNING  | video.video_builder | BGM file not found at /opt/airflow/assets/bgm/short_bgm.mp3, rendering without background music
[2026-07-25T08:28:08.764+0000] {logging_mixin.py:188} INFO - 2026-07-25 08:28:08,764 | INFO     | video.video_builder | Final video rendered -> /opt/airflow/output/videos/short_105.mp4
[2026-07-25T08:28:15.786+0000] {python.py:237} INFO - Done. Returned value was: {'video_id': 37, 'file_path': '/opt/airflow/output/videos/short_105.mp4', 'title': 'Say THIS when people speak English too fast! 🗣️ #Shorts', 'description': 'When native English speakers talk too fast, don\'t panic! Use this polite phrase to ask them to slow down.\n\n🗣️ Useful Phrase:\n"I didn\'t catch that completely; could you speak a little slower, please?"\n\nMaster this essential social English phrase to feel more confident in everyday conversations!\n\nWelcome to Taky\'s Language School! Subscribe for practical spoken English tips and daily mini-lessons.\n\n#LearnEnglish #EnglishPhrases #SocialEnglish #SpeakEnglish #Shorts', 'tags': ['learn english', 'spoken english', 'social english', 'english phrases', 'how to ask someone to speak slower', 'practical english', 'english conversation', 'takys language school', 'english tips', 'daily english', 'english shorts', 'speak english fluently'], 'video_type': 'short'}
[2026-07-25T08:28:15.787+0000] {taskinstance.py:441} INFO - ::group::Post task execution logs
[2026-07-25T08:28:15.804+0000] {taskinstance.py:1206} INFO - Marking task as SUCCESS. dag_id=youtube_english_video_pipeline, task_id=build_short_video_3, run_id=manual__2026-07-25T08:23:54.309173+00:00, execution_date=20260725T082354, start_date=20260725T082800, end_date=20260725T082815
[2026-07-25T08:28:15.829+0000] {local_task_job_runner.py:243} INFO - Task exited with return code 0
[2026-07-25T08:28:15.952+0000] {taskinstance.py:3503} INFO - 1 downstream tasks scheduled from follow-on schedule check
[2026-07-25T08:28:15.957+0000] {local_task_job_runner.py:222} INFO - ::endgroup::
