[2026-09-21T11:54:22.949+0000] {local_task_job_runner.py:120} INFO - ::group::Pre task execution logs
[2026-09-21T11:54:22.980+0000] {taskinstance.py:2076} INFO - Dependencies all met for dep_context=non-requeueable deps ti=<TaskInstance: youtube_english_video_pipeline.build_long_video_1 manual__2026-09-21T11:27:44.663296+00:00 [queued]>
[2026-09-21T11:54:22.987+0000] {taskinstance.py:2076} INFO - Dependencies all met for dep_context=requeueable deps ti=<TaskInstance: youtube_english_video_pipeline.build_long_video_1 manual__2026-09-21T11:27:44.663296+00:00 [queued]>
[2026-09-21T11:54:22.988+0000] {taskinstance.py:2306} INFO - Starting attempt 2 of 3
[2026-09-21T11:54:22.998+0000] {taskinstance.py:2330} INFO - Executing <Task(PythonOperator): build_long_video_1> on 2026-09-21 11:27:44.663296+00:00
[2026-09-21T11:54:23.002+0000] {standard_task_runner.py:64} INFO - Started process 549 to run task
[2026-09-21T11:54:23.005+0000] {standard_task_runner.py:90} INFO - Running: ['airflow', 'tasks', 'run', 'youtube_english_video_pipeline', 'build_long_video_1', 'manual__2026-09-21T11:27:44.663296+00:00', '--job-id', '1441', '--raw', '--subdir', 'DAGS_FOLDER/youtube_pipeline.py', '--cfg-path', '/tmp/tmpdfxr0w73']
[2026-09-21T11:54:23.007+0000] {standard_task_runner.py:91} INFO - Job 1441: Subtask build_long_video_1
[2026-09-21T11:54:23.054+0000] {task_command.py:426} INFO - Running <TaskInstance: youtube_english_video_pipeline.build_long_video_1 manual__2026-09-21T11:27:44.663296+00:00 [running]> on host 73b18333cdfe
[2026-09-21T11:54:23.311+0000] {taskinstance.py:2648} INFO - Exporting env vars: AIRFLOW_CTX_DAG_OWNER='taky' AIRFLOW_CTX_DAG_ID='youtube_english_video_pipeline' AIRFLOW_CTX_TASK_ID='build_long_video_1' AIRFLOW_CTX_EXECUTION_DATE='2026-09-21T11:27:44.663296+00:00' AIRFLOW_CTX_TRY_NUMBER='2' AIRFLOW_CTX_DAG_RUN_ID='manual__2026-09-21T11:27:44.663296+00:00'
[2026-09-21T11:54:23.362+0000] {taskinstance.py:430} INFO - ::endgroup::
[2026-09-21T11:54:25.457+0000] {logging_mixin.py:188} INFO - 2026-09-21 11:54:25,457 | INFO     | planner.video_planner | Top topic 'Restaurant English' only has 14 unused phrases (need 15). Generating 6 more phrases for this topic instead of mixing topics...
[2026-09-21T11:54:25.459+0000] {taskinstance.py:441} INFO - ::group::Post task execution logs
[2026-09-21T11:54:25.461+0000] {taskinstance.py:2905} ERROR - Task failed with exception
Traceback (most recent call last):
  File "/home/airflow/.local/lib/python3.11/site-packages/airflow/models/taskinstance.py", line 465, in _execute_task
    result = _execute_callable(context=context, **execute_callable_kwargs)
             ^^^^^^^^^^^^^^^^^^^^^^^^^^^^^^^^^^^^^^^^^^^^^^^^^^^^^^^^^^^^^
  File "/home/airflow/.local/lib/python3.11/site-packages/airflow/models/taskinstance.py", line 432, in _execute_callable
    return execute_callable(context=context, **execute_callable_kwargs)
           ^^^^^^^^^^^^^^^^^^^^^^^^^^^^^^^^^^^^^^^^^^^^^^^^^^^^^^^^^^^^
  File "/home/airflow/.local/lib/python3.11/site-packages/airflow/models/baseoperator.py", line 401, in wrapper
    return func(self, *args, **kwargs)
           ^^^^^^^^^^^^^^^^^^^^^^^^^^^
  File "/home/airflow/.local/lib/python3.11/site-packages/airflow/operators/python.py", line 235, in execute
    return_value = self.execute_callable()
                   ^^^^^^^^^^^^^^^^^^^^^^^
  File "/home/airflow/.local/lib/python3.11/site-packages/airflow/operators/python.py", line 252, in execute_callable
    return self.python_callable(*self.op_args, **self.op_kwargs)
           ^^^^^^^^^^^^^^^^^^^^^^^^^^^^^^^^^^^^^^^^^^^^^^^^^^^^^
  File "/opt/airflow/dags/youtube_pipeline.py", line 98, in task_build_long_video
    result = build_long_video()
             ^^^^^^^^^^^^^^^^^^
  File "/opt/airflow/src/video/long_video.py", line 134, in build_long_video
    result = LongVideoPipeline().run()
             ^^^^^^^^^^^^^^^^^^^^^^^^^
  File "/opt/airflow/src/video/long_video.py", line 46, in run
    plan = self.planner.plan("long")
           ^^^^^^^^^^^^^^^^^^^^^^^^^
  File "/opt/airflow/src/planner/video_planner.py", line 79, in plan
    return self.plan_long()
           ^^^^^^^^^^^^^^^^
  File "/opt/airflow/src/planner/video_planner.py", line 62, in plan_long
    generator.generate_and_store(shortfall, topic=topic)
TypeError: PhraseGenerator.generate_and_store() got an unexpected keyword argument 'topic'
[2026-09-21T11:54:25.500+0000] {taskinstance.py:1206} INFO - Marking task as UP_FOR_RETRY. dag_id=youtube_english_video_pipeline, task_id=build_long_video_1, run_id=manual__2026-09-21T11:27:44.663296+00:00, execution_date=20260921T112744, start_date=20260921T115422, end_date=20260921T115425
[2026-09-21T11:54:25.536+0000] {standard_task_runner.py:110} ERROR - Failed to execute job 1441 for task build_long_video_1 (PhraseGenerator.generate_and_store() got an unexpected keyword argument 'topic'; 549)
[2026-09-21T11:54:25.590+0000] {local_task_job_runner.py:243} INFO - Task exited with return code 1
[2026-09-21T11:54:25.763+0000] {taskinstance.py:3503} INFO - 0 downstream tasks scheduled from follow-on schedule check
[2026-09-21T11:54:25.766+0000] {local_task_job_runner.py:222} INFO - ::endgroup::
