[2026-09-21T11:59:25.827+0000] {local_task_job_runner.py:120} INFO - ::group::Pre task execution logs
[2026-09-21T11:59:25.852+0000] {taskinstance.py:2076} INFO - Dependencies all met for dep_context=non-requeueable deps ti=<TaskInstance: youtube_english_video_pipeline.build_long_video_1 manual__2026-09-21T11:27:44.663296+00:00 [queued]>
[2026-09-21T11:59:25.858+0000] {taskinstance.py:2076} INFO - Dependencies all met for dep_context=requeueable deps ti=<TaskInstance: youtube_english_video_pipeline.build_long_video_1 manual__2026-09-21T11:27:44.663296+00:00 [queued]>
[2026-09-21T11:59:25.859+0000] {taskinstance.py:2306} INFO - Starting attempt 3 of 3
[2026-09-21T11:59:25.868+0000] {taskinstance.py:2330} INFO - Executing <Task(PythonOperator): build_long_video_1> on 2026-09-21 11:27:44.663296+00:00
[2026-09-21T11:59:25.873+0000] {standard_task_runner.py:64} INFO - Started process 601 to run task
[2026-09-21T11:59:25.876+0000] {standard_task_runner.py:90} INFO - Running: ['airflow', 'tasks', 'run', 'youtube_english_video_pipeline', 'build_long_video_1', 'manual__2026-09-21T11:27:44.663296+00:00', '--job-id', '1442', '--raw', '--subdir', 'DAGS_FOLDER/youtube_pipeline.py', '--cfg-path', '/tmp/tmpuzs5hc97']
[2026-09-21T11:59:25.877+0000] {standard_task_runner.py:91} INFO - Job 1442: Subtask build_long_video_1
[2026-09-21T11:59:25.911+0000] {task_command.py:426} INFO - Running <TaskInstance: youtube_english_video_pipeline.build_long_video_1 manual__2026-09-21T11:27:44.663296+00:00 [running]> on host 73b18333cdfe
[2026-09-21T11:59:26.091+0000] {taskinstance.py:2648} INFO - Exporting env vars: AIRFLOW_CTX_DAG_OWNER='taky' AIRFLOW_CTX_DAG_ID='youtube_english_video_pipeline' AIRFLOW_CTX_TASK_ID='build_long_video_1' AIRFLOW_CTX_EXECUTION_DATE='2026-09-21T11:27:44.663296+00:00' AIRFLOW_CTX_TRY_NUMBER='3' AIRFLOW_CTX_DAG_RUN_ID='manual__2026-09-21T11:27:44.663296+00:00'
[2026-09-21T11:59:26.093+0000] {taskinstance.py:430} INFO - ::endgroup::
[2026-09-21T11:59:26.545+0000] {logging_mixin.py:188} INFO - 2026-09-21 11:59:26,545 | INFO     | planner.video_planner | Top topic 'Restaurant English' only has 14 unused phrases (need 15). Generating 6 more phrases for this topic instead of mixing topics...
[2026-09-21T11:59:26.546+0000] {taskinstance.py:441} INFO - ::group::Post task execution logs
[2026-09-21T11:59:26.547+0000] {taskinstance.py:2905} ERROR - Task failed with exception
Traceback (most recent call last):
  File "/home/airflow/.local/lib/python3.11/site-packages/airflow/models/taskinstance.py", line 465, in _execute_task
    result = _execute_callable(context=context, **execute_callable_kwargs)
             ^^^^^^^^^^^^^^^^^^^^^^^^^^^^^^^^^^^^^^^^^^^^^^^^^^^^^^^^^^^^^
  File "/home/airflow/.local/lib/python3.11/site-packages/airflow/models/taskinstance.py", line 432, in _execute_callable
    return execute_callable(context=context, **execute_callable_kwargs)
           ^^^^^^^^^^^^^^^^^^^^^^^^^^^^^^^^^^^^^^^^^^^^^^^^^^^^^^^^^^^^
  File "/home/airflow/.local/lib/python3.11/site-packages/airflow/models/baseoperator.py", line 401, in wrapper
    return func(self, *args, **kwargs)
           ^^^^^^^^^^^^^^^^^^^^^^^^^^^
  File "/home/airflow/.local/lib/python3.11/site-packages/airflow/operators/python.py", line 235, in execute
    return_value = self.execute_callable()
                   ^^^^^^^^^^^^^^^^^^^^^^^
  File "/home/airflow/.local/lib/python3.11/site-packages/airflow/operators/python.py", line 252, in execute_callable
    return self.python_callable(*self.op_args, **self.op_kwargs)
           ^^^^^^^^^^^^^^^^^^^^^^^^^^^^^^^^^^^^^^^^^^^^^^^^^^^^^
  File "/opt/airflow/dags/youtube_pipeline.py", line 98, in task_build_long_video
    result = build_long_video()
             ^^^^^^^^^^^^^^^^^^
  File "/opt/airflow/src/video/long_video.py", line 134, in build_long_video
    result = LongVideoPipeline().run()
             ^^^^^^^^^^^^^^^^^^^^^^^^^
  File "/opt/airflow/src/video/long_video.py", line 46, in run
    plan = self.planner.plan("long")
           ^^^^^^^^^^^^^^^^^^^^^^^^^
  File "/opt/airflow/src/planner/video_planner.py", line 79, in plan
    return self.plan_long()
           ^^^^^^^^^^^^^^^^
  File "/opt/airflow/src/planner/video_planner.py", line 62, in plan_long
    generator.generate_and_store(shortfall, topic=topic)
TypeError: PhraseGenerator.generate_and_store() got an unexpected keyword argument 'topic'
[2026-09-21T11:59:26.571+0000] {taskinstance.py:1206} INFO - Marking task as FAILED. dag_id=youtube_english_video_pipeline, task_id=build_long_video_1, run_id=manual__2026-09-21T11:27:44.663296+00:00, execution_date=20260921T112744, start_date=20260921T115925, end_date=20260921T115926
[2026-09-21T11:59:26.580+0000] {standard_task_runner.py:110} ERROR - Failed to execute job 1442 for task build_long_video_1 (PhraseGenerator.generate_and_store() got an unexpected keyword argument 'topic'; 601)
[2026-09-21T11:59:26.610+0000] {local_task_job_runner.py:243} INFO - Task exited with return code 1
[2026-09-21T11:59:26.737+0000] {taskinstance.py:3503} INFO - 0 downstream tasks scheduled from follow-on schedule check
[2026-09-21T11:59:26.743+0000] {local_task_job_runner.py:222} INFO - ::endgroup::
