[2026-07-28T12:47:08.489+0000] {local_task_job_runner.py:120} INFO - ::group::Pre task execution logs
[2026-07-28T12:47:08.535+0000] {taskinstance.py:2076} INFO - Dependencies all met for dep_context=non-requeueable deps ti=<TaskInstance: youtube_english_video_pipeline.build_long_video_5 scheduled__2026-07-27T12:00:00+00:00 [queued]>
[2026-07-28T12:47:08.545+0000] {taskinstance.py:2076} INFO - Dependencies all met for dep_context=requeueable deps ti=<TaskInstance: youtube_english_video_pipeline.build_long_video_5 scheduled__2026-07-27T12:00:00+00:00 [queued]>
[2026-07-28T12:47:08.547+0000] {taskinstance.py:2306} INFO - Starting attempt 1 of 3
[2026-07-28T12:47:08.566+0000] {taskinstance.py:2330} INFO - Executing <Task(PythonOperator): build_long_video_5> on 2026-07-27 12:00:00+00:00
[2026-07-28T12:47:08.573+0000] {standard_task_runner.py:64} INFO - Started process 21142 to run task
[2026-07-28T12:47:08.576+0000] {standard_task_runner.py:90} INFO - Running: ['airflow', 'tasks', 'run', 'youtube_english_video_pipeline', 'build_long_video_5', 'scheduled__2026-07-27T12:00:00+00:00', '--job-id', '510', '--raw', '--subdir', 'DAGS_FOLDER/youtube_pipeline.py', '--cfg-path', '/tmp/tmpwfljq5tq']
[2026-07-28T12:47:08.579+0000] {standard_task_runner.py:91} INFO - Job 510: Subtask build_long_video_5
[2026-07-28T12:47:08.670+0000] {task_command.py:426} INFO - Running <TaskInstance: youtube_english_video_pipeline.build_long_video_5 scheduled__2026-07-27T12:00:00+00:00 [running]> on host cc859d74cf38
[2026-07-28T12:47:08.920+0000] {taskinstance.py:2648} INFO - Exporting env vars: AIRFLOW_CTX_DAG_OWNER='taky' AIRFLOW_CTX_DAG_ID='youtube_english_video_pipeline' AIRFLOW_CTX_TASK_ID='build_long_video_5' AIRFLOW_CTX_EXECUTION_DATE='2026-07-27T12:00:00+00:00' AIRFLOW_CTX_TRY_NUMBER='1' AIRFLOW_CTX_DAG_RUN_ID='scheduled__2026-07-27T12:00:00+00:00'
[2026-07-28T12:47:08.923+0000] {taskinstance.py:430} INFO - ::endgroup::
[2026-07-28T12:47:10.807+0000] {logging_mixin.py:188} INFO - 2026-07-28 12:47:10,807 | INFO     | planner.video_planner | Planned LONG video: topic='Shopping English', phrases=20
[2026-07-28T12:47:11.274+0000] {logging_mixin.py:188} INFO - 2026-07-28 12:47:11,274 | INFO     | tts.edge_tts | Synthesized audio -> /opt/airflow/output/audio/phrase_1135.mp3
[2026-07-28T12:47:11.662+0000] {logging_mixin.py:188} INFO - 2026-07-28 12:47:11,662 | INFO     | tts.edge_tts | Synthesized audio -> /opt/airflow/output/audio/example_1135.mp3
[2026-07-28T12:47:11.955+0000] {logging_mixin.py:188} INFO - 2026-07-28 12:47:11,955 | INFO     | media.image_downloader | Downloaded background image for scene='store' -> /opt/airflow/output/images/long_1135.jpg
[2026-07-28T12:47:17.651+0000] {logging_mixin.py:188} INFO - 2026-07-28 12:47:17,651 | INFO     | tts.edge_tts | Synthesized audio -> /opt/airflow/output/audio/phrase_1140.mp3
[2026-07-28T12:47:18.133+0000] {logging_mixin.py:188} INFO - 2026-07-28 12:47:18,133 | INFO     | tts.edge_tts | Synthesized audio -> /opt/airflow/output/audio/example_1140.mp3
[2026-07-28T12:47:18.532+0000] {logging_mixin.py:188} INFO - 2026-07-28 12:47:18,532 | INFO     | media.image_downloader | Downloaded background image for scene='shopping' -> /opt/airflow/output/images/long_1140.jpg
[2026-07-28T12:47:35.516+0000] {logging_mixin.py:188} INFO - 2026-07-28 12:47:35,516 | INFO     | tts.edge_tts | Synthesized audio -> /opt/airflow/output/audio/phrase_1141.mp3
[2026-07-28T12:47:36.105+0000] {logging_mixin.py:188} INFO - 2026-07-28 12:47:36,105 | INFO     | tts.edge_tts | Synthesized audio -> /opt/airflow/output/audio/example_1141.mp3
[2026-07-28T12:47:36.501+0000] {logging_mixin.py:188} INFO - 2026-07-28 12:47:36,500 | INFO     | media.image_downloader | Downloaded background image for scene='store' -> /opt/airflow/output/images/long_1141.jpg
[2026-07-28T12:47:41.531+0000] {logging_mixin.py:188} INFO - 2026-07-28 12:47:41,531 | INFO     | tts.edge_tts | Synthesized audio -> /opt/airflow/output/audio/phrase_1249.mp3
[2026-07-28T12:47:41.941+0000] {logging_mixin.py:188} INFO - 2026-07-28 12:47:41,941 | INFO     | tts.edge_tts | Synthesized audio -> /opt/airflow/output/audio/example_1249.mp3
[2026-07-28T12:47:42.286+0000] {logging_mixin.py:188} INFO - 2026-07-28 12:47:42,286 | INFO     | media.image_downloader | Downloaded background image for scene='boutique' -> /opt/airflow/output/images/long_1249.jpg
[2026-07-28T12:47:46.743+0000] {logging_mixin.py:188} INFO - 2026-07-28 12:47:46,742 | INFO     | tts.edge_tts | Synthesized audio -> /opt/airflow/output/audio/phrase_1163.mp3
[2026-07-28T12:47:47.615+0000] {logging_mixin.py:188} INFO - 2026-07-28 12:47:47,615 | INFO     | tts.edge_tts | Synthesized audio -> /opt/airflow/output/audio/example_1163.mp3
[2026-07-28T12:47:47.971+0000] {logging_mixin.py:188} INFO - 2026-07-28 12:47:47,971 | INFO     | media.image_downloader | Downloaded background image for scene='shopping' -> /opt/airflow/output/images/long_1163.jpg
[2026-07-28T12:47:52.649+0000] {logging_mixin.py:188} INFO - 2026-07-28 12:47:52,648 | INFO     | tts.edge_tts | Synthesized audio -> /opt/airflow/output/audio/phrase_1169.mp3
[2026-07-28T12:47:53.409+0000] {logging_mixin.py:188} INFO - 2026-07-28 12:47:53,408 | INFO     | tts.edge_tts | Synthesized audio -> /opt/airflow/output/audio/example_1169.mp3
[2026-07-28T12:47:53.701+0000] {logging_mixin.py:188} INFO - 2026-07-28 12:47:53,701 | INFO     | media.image_downloader | Downloaded background image for scene='store' -> /opt/airflow/output/images/long_1169.jpg
[2026-07-28T12:47:59.936+0000] {logging_mixin.py:188} INFO - 2026-07-28 12:47:59,935 | INFO     | tts.edge_tts | Synthesized audio -> /opt/airflow/output/audio/phrase_1180.mp3
[2026-07-28T12:48:00.258+0000] {logging_mixin.py:188} INFO - 2026-07-28 12:48:00,258 | INFO     | tts.edge_tts | Synthesized audio -> /opt/airflow/output/audio/example_1180.mp3
[2026-07-28T12:48:00.569+0000] {logging_mixin.py:188} INFO - 2026-07-28 12:48:00,569 | INFO     | media.image_downloader | Downloaded background image for scene='store' -> /opt/airflow/output/images/long_1180.jpg
[2026-07-28T12:48:04.706+0000] {logging_mixin.py:188} INFO - 2026-07-28 12:48:04,706 | INFO     | tts.edge_tts | Synthesized audio -> /opt/airflow/output/audio/phrase_1182.mp3
[2026-07-28T12:48:05.087+0000] {logging_mixin.py:188} INFO - 2026-07-28 12:48:05,086 | INFO     | tts.edge_tts | Synthesized audio -> /opt/airflow/output/audio/example_1182.mp3
[2026-07-28T12:48:05.347+0000] {logging_mixin.py:188} INFO - 2026-07-28 12:48:05,347 | INFO     | media.image_downloader | Downloaded background image for scene='boutique' -> /opt/airflow/output/images/long_1182.jpg
[2026-07-28T12:48:09.988+0000] {logging_mixin.py:188} INFO - 2026-07-28 12:48:09,988 | INFO     | tts.edge_tts | Synthesized audio -> /opt/airflow/output/audio/phrase_1190.mp3
[2026-07-28T12:48:10.394+0000] {logging_mixin.py:188} INFO - 2026-07-28 12:48:10,394 | INFO     | tts.edge_tts | Synthesized audio -> /opt/airflow/output/audio/example_1190.mp3
[2026-07-28T12:48:10.695+0000] {logging_mixin.py:188} INFO - 2026-07-28 12:48:10,695 | INFO     | media.image_downloader | Downloaded background image for scene='shopping' -> /opt/airflow/output/images/long_1190.jpg
[2026-07-28T12:48:20.100+0000] {logging_mixin.py:188} INFO - 2026-07-28 12:48:20,100 | INFO     | tts.edge_tts | Synthesized audio -> /opt/airflow/output/audio/phrase_1194.mp3
[2026-07-28T12:48:20.861+0000] {logging_mixin.py:188} INFO - 2026-07-28 12:48:20,860 | INFO     | tts.edge_tts | Synthesized audio -> /opt/airflow/output/audio/example_1194.mp3
[2026-07-28T12:48:21.288+0000] {logging_mixin.py:188} INFO - 2026-07-28 12:48:21,288 | INFO     | media.image_downloader | Downloaded background image for scene='shopping' -> /opt/airflow/output/images/long_1194.jpg
[2026-07-28T12:48:32.969+0000] {logging_mixin.py:188} INFO - 2026-07-28 12:48:32,969 | INFO     | tts.edge_tts | Synthesized audio -> /opt/airflow/output/audio/phrase_1199.mp3
[2026-07-28T12:48:33.518+0000] {logging_mixin.py:188} INFO - 2026-07-28 12:48:33,518 | INFO     | tts.edge_tts | Synthesized audio -> /opt/airflow/output/audio/example_1199.mp3
[2026-07-28T12:48:33.964+0000] {logging_mixin.py:188} INFO - 2026-07-28 12:48:33,964 | INFO     | media.image_downloader | Downloaded background image for scene='store' -> /opt/airflow/output/images/long_1199.jpg
[2026-07-28T12:48:39.919+0000] {logging_mixin.py:188} INFO - 2026-07-28 12:48:39,919 | INFO     | tts.edge_tts | Synthesized audio -> /opt/airflow/output/audio/phrase_1213.mp3
[2026-07-28T12:48:40.251+0000] {logging_mixin.py:188} INFO - 2026-07-28 12:48:40,251 | INFO     | tts.edge_tts | Synthesized audio -> /opt/airflow/output/audio/example_1213.mp3
[2026-07-28T12:48:40.537+0000] {logging_mixin.py:188} INFO - 2026-07-28 12:48:40,537 | INFO     | media.image_downloader | Downloaded background image for scene='shopping' -> /opt/airflow/output/images/long_1213.jpg
[2026-07-28T12:48:49.707+0000] {logging_mixin.py:188} INFO - 2026-07-28 12:48:49,707 | INFO     | tts.edge_tts | Synthesized audio -> /opt/airflow/output/audio/phrase_1220.mp3
[2026-07-28T12:48:50.160+0000] {logging_mixin.py:188} INFO - 2026-07-28 12:48:50,160 | INFO     | tts.edge_tts | Synthesized audio -> /opt/airflow/output/audio/example_1220.mp3
[2026-07-28T12:48:50.463+0000] {logging_mixin.py:188} INFO - 2026-07-28 12:48:50,463 | INFO     | media.image_downloader | Downloaded background image for scene='shopping' -> /opt/airflow/output/images/long_1220.jpg
[2026-07-28T12:49:00.545+0000] {logging_mixin.py:188} INFO - 2026-07-28 12:49:00,545 | INFO     | tts.edge_tts | Synthesized audio -> /opt/airflow/output/audio/phrase_1222.mp3
[2026-07-28T12:49:01.024+0000] {logging_mixin.py:188} INFO - 2026-07-28 12:49:01,024 | INFO     | tts.edge_tts | Synthesized audio -> /opt/airflow/output/audio/example_1222.mp3
[2026-07-28T12:49:01.317+0000] {logging_mixin.py:188} INFO - 2026-07-28 12:49:01,317 | INFO     | media.image_downloader | Downloaded background image for scene='store' -> /opt/airflow/output/images/long_1222.jpg
[2026-07-28T12:49:06.865+0000] {logging_mixin.py:188} INFO - 2026-07-28 12:49:06,865 | INFO     | tts.edge_tts | Synthesized audio -> /opt/airflow/output/audio/phrase_1224.mp3
[2026-07-28T12:49:07.341+0000] {logging_mixin.py:188} INFO - 2026-07-28 12:49:07,341 | INFO     | tts.edge_tts | Synthesized audio -> /opt/airflow/output/audio/example_1224.mp3
[2026-07-28T12:49:07.633+0000] {logging_mixin.py:188} INFO - 2026-07-28 12:49:07,633 | INFO     | media.image_downloader | Downloaded background image for scene='cashier' -> /opt/airflow/output/images/long_1224.jpg
[2026-07-28T12:49:13.269+0000] {logging_mixin.py:188} INFO - 2026-07-28 12:49:13,268 | INFO     | tts.edge_tts | Synthesized audio -> /opt/airflow/output/audio/phrase_1230.mp3
[2026-07-28T12:49:13.915+0000] {logging_mixin.py:188} INFO - 2026-07-28 12:49:13,915 | INFO     | tts.edge_tts | Synthesized audio -> /opt/airflow/output/audio/example_1230.mp3
[2026-07-28T12:49:14.397+0000] {logging_mixin.py:188} INFO - 2026-07-28 12:49:14,397 | INFO     | media.image_downloader | Downloaded background image for scene='market' -> /opt/airflow/output/images/long_1230.jpg
[2026-07-28T12:49:24.021+0000] {logging_mixin.py:188} INFO - 2026-07-28 12:49:24,021 | INFO     | tts.edge_tts | Synthesized audio -> /opt/airflow/output/audio/phrase_1241.mp3
[2026-07-28T12:49:24.454+0000] {logging_mixin.py:188} INFO - 2026-07-28 12:49:24,454 | INFO     | tts.edge_tts | Synthesized audio -> /opt/airflow/output/audio/example_1241.mp3
[2026-07-28T12:49:24.749+0000] {logging_mixin.py:188} INFO - 2026-07-28 12:49:24,749 | INFO     | media.image_downloader | Downloaded background image for scene='shopping' -> /opt/airflow/output/images/long_1241.jpg
[2026-07-28T12:49:29.518+0000] {logging_mixin.py:188} INFO - 2026-07-28 12:49:29,518 | INFO     | tts.edge_tts | Synthesized audio -> /opt/airflow/output/audio/phrase_1245.mp3
[2026-07-28T12:49:30.078+0000] {logging_mixin.py:188} INFO - 2026-07-28 12:49:30,078 | INFO     | tts.edge_tts | Synthesized audio -> /opt/airflow/output/audio/example_1245.mp3
[2026-07-28T12:49:30.483+0000] {logging_mixin.py:188} INFO - 2026-07-28 12:49:30,483 | INFO     | media.image_downloader | Downloaded background image for scene='store' -> /opt/airflow/output/images/long_1245.jpg
[2026-07-28T12:49:35.565+0000] {logging_mixin.py:188} INFO - 2026-07-28 12:49:35,565 | INFO     | tts.edge_tts | Synthesized audio -> /opt/airflow/output/audio/phrase_1251.mp3
[2026-07-28T12:49:35.882+0000] {logging_mixin.py:188} INFO - 2026-07-28 12:49:35,882 | INFO     | tts.edge_tts | Synthesized audio -> /opt/airflow/output/audio/example_1251.mp3
[2026-07-28T12:49:36.131+0000] {logging_mixin.py:188} INFO - 2026-07-28 12:49:36,131 | INFO     | media.image_downloader | Downloaded background image for scene='supermarket' -> /opt/airflow/output/images/long_1251.jpg
[2026-07-28T12:49:42.287+0000] {logging_mixin.py:188} INFO - 2026-07-28 12:49:42,287 | INFO     | tts.edge_tts | Synthesized audio -> /opt/airflow/output/audio/phrase_1255.mp3
[2026-07-28T12:49:42.831+0000] {logging_mixin.py:188} INFO - 2026-07-28 12:49:42,831 | INFO     | tts.edge_tts | Synthesized audio -> /opt/airflow/output/audio/example_1255.mp3
[2026-07-28T12:49:43.190+0000] {logging_mixin.py:188} INFO - 2026-07-28 12:49:43,190 | INFO     | media.image_downloader | Downloaded background image for scene='bakery' -> /opt/airflow/output/images/long_1255.jpg
[2026-07-28T12:49:52.572+0000] {logging_mixin.py:188} INFO - 2026-07-28 12:49:52,572 | WARNING  | video.video_builder | BGM file not found at /opt/airflow/assets/bgm/long_bgm.mp3, rendering without background music
[2026-07-28T12:50:20.532+0000] {logging_mixin.py:188} INFO - 2026-07-28 12:50:20,532 | INFO     | video.video_builder | Final video rendered -> /opt/airflow/output/videos/long_1135.mp4
[2026-07-28T12:50:27.255+0000] {logging_mixin.py:188} INFO - 2026-07-28 12:50:27,255 | INFO     | media.thumbnail_builder | Built thumbnail -> /opt/airflow/output/thumbnails/long_1135.jpg
[2026-07-28T12:50:27.444+0000] {python.py:237} INFO - Done. Returned value was: {'video_id': 132, 'file_path': '/opt/airflow/output/videos/long_1135.mp4', 'thumbnail_path': '/opt/airflow/output/thumbnails/long_1135.jpg', 'title': "Essential Shopping English Phrases You Must Know | Taky's Language School", 'description': "Learn essential Shopping English phrases to shop with confidence in any English-speaking country! In this video from Taky's Language School, we cover practical, real-world phrases you need for asking about prices, trying on clothes, paying, and asking about discounts or sizes.\n\nPhrases covered in this lesson:\n- Does this include tax?\n- Can I try this on?\n- Is this item on sale?\n- Do you have this in a smaller size?\n- Can I pay with a credit card?\n- Does this come with a warranty?\n- I'm just browsing, thanks.\n- Could I get a receipt, please?\n- I'm looking for...\n- What time do you close?\n\nMaster spoken English for everyday conversations. Subscribe to Taky's Language School for more practical English lessons!", 'tags': ['shopping english', 'english for shopping', 'learn english', 'spoken english', 'english phrases', 'daily english conversation', "taky's language school", 'practical english', 'english vocabulary', 'shopping English phrases'], 'video_type': 'long'}
[2026-07-28T12:50:27.447+0000] {taskinstance.py:441} INFO - ::group::Post task execution logs
[2026-07-28T12:50:27.471+0000] {taskinstance.py:1206} INFO - Marking task as SUCCESS. dag_id=youtube_english_video_pipeline, task_id=build_long_video_5, run_id=scheduled__2026-07-27T12:00:00+00:00, execution_date=20260727T120000, start_date=20260728T124708, end_date=20260728T125027
[2026-07-28T12:50:27.536+0000] {local_task_job_runner.py:243} INFO - Task exited with return code 0
[2026-07-28T12:50:27.729+0000] {taskinstance.py:3503} INFO - 1 downstream tasks scheduled from follow-on schedule check
[2026-07-28T12:50:27.738+0000] {local_task_job_runner.py:222} INFO - ::endgroup::
