[2026-07-29T23:41:13.801+0000] {local_task_job_runner.py:120} INFO - ::group::Pre task execution logs
[2026-07-29T23:41:13.871+0000] {taskinstance.py:2076} INFO - Dependencies all met for dep_context=non-requeueable deps ti=<TaskInstance: youtube_english_video_pipeline.build_short_video_7 scheduled__2026-07-28T12:00:00+00:00 [queued]>
[2026-07-29T23:41:13.889+0000] {taskinstance.py:2076} INFO - Dependencies all met for dep_context=requeueable deps ti=<TaskInstance: youtube_english_video_pipeline.build_short_video_7 scheduled__2026-07-28T12:00:00+00:00 [queued]>
[2026-07-29T23:41:13.893+0000] {taskinstance.py:2306} INFO - Starting attempt 1 of 3
[2026-07-29T23:41:13.918+0000] {taskinstance.py:2330} INFO - Executing <Task(PythonOperator): build_short_video_7> on 2026-07-28 12:00:00+00:00
[2026-07-29T23:41:13.933+0000] {standard_task_runner.py:64} INFO - Started process 61046 to run task
[2026-07-29T23:41:13.937+0000] {standard_task_runner.py:90} INFO - Running: ['airflow', 'tasks', 'run', 'youtube_english_video_pipeline', 'build_short_video_7', 'scheduled__2026-07-28T12:00:00+00:00', '--job-id', '569', '--raw', '--subdir', 'DAGS_FOLDER/youtube_pipeline.py', '--cfg-path', '/tmp/tmp2bhf2gco']
[2026-07-29T23:41:13.943+0000] {standard_task_runner.py:91} INFO - Job 569: Subtask build_short_video_7
[2026-07-29T23:41:14.113+0000] {task_command.py:426} INFO - Running <TaskInstance: youtube_english_video_pipeline.build_short_video_7 scheduled__2026-07-28T12:00:00+00:00 [running]> on host cc859d74cf38
[2026-07-29T23:41:14.512+0000] {taskinstance.py:2648} INFO - Exporting env vars: AIRFLOW_CTX_DAG_OWNER='taky' AIRFLOW_CTX_DAG_ID='youtube_english_video_pipeline' AIRFLOW_CTX_TASK_ID='build_short_video_7' AIRFLOW_CTX_EXECUTION_DATE='2026-07-28T12:00:00+00:00' AIRFLOW_CTX_TRY_NUMBER='1' AIRFLOW_CTX_DAG_RUN_ID='scheduled__2026-07-28T12:00:00+00:00'
[2026-07-29T23:41:14.515+0000] {taskinstance.py:430} INFO - ::endgroup::
[2026-07-29T23:41:16.077+0000] {logging_mixin.py:188} INFO - 2026-07-29 23:41:16,076 | INFO     | planner.video_planner | Planned SHORT video: topic='Daily Conversation', phrases=1
[2026-07-29T23:41:16.561+0000] {logging_mixin.py:188} INFO - 2026-07-29 23:41:16,561 | INFO     | tts.edge_tts | Synthesized audio -> /opt/airflow/output/audio/phrase_1351.mp3
[2026-07-29T23:41:17.168+0000] {logging_mixin.py:188} INFO - 2026-07-29 23:41:17,168 | INFO     | tts.edge_tts | Synthesized audio -> /opt/airflow/output/audio/example_1351.mp3
[2026-07-29T23:41:17.531+0000] {logging_mixin.py:188} INFO - 2026-07-29 23:41:17,531 | INFO     | media.image_downloader | Downloaded background image for scene='cafe' -> /opt/airflow/output/images/short_1351.jpg
[2026-07-29T23:41:24.071+0000] {logging_mixin.py:188} INFO - 2026-07-29 23:41:24,070 | WARNING  | video.video_builder | BGM file not found at /opt/airflow/assets/bgm/short_bgm.mp3, rendering without background music
[2026-07-29T23:41:26.422+0000] {logging_mixin.py:188} INFO - 2026-07-29 23:41:26,422 | INFO     | video.video_builder | Final video rendered -> /opt/airflow/output/videos/short_1351.mp4
[2026-07-29T23:41:37.518+0000] {python.py:237} INFO - Done. Returned value was: {'video_id': 155, 'file_path': '/opt/airflow/output/videos/short_1351.mp4', 'title': 'How to Ask for Wi-Fi in English! 📶 Daily Conversation #Shorts', 'description': 'Learn how to ask for Wi-Fi in English like a native speaker! 📶\n\nIn this short lesson from Taky\'s Language School, master a must-know phrase for cafes, hotels, and airports:\n\n👉 "Is Wi-Fi available here?"\nExample: "I need to do some work on my laptop; is Wi-Fi available here?"\n\nSubscribe to Taky\'s Language School for daily English tips and practical conversation lessons!\n\n#LearnEnglish #DailyEnglish #EnglishShorts #SpeakEnglish #TakysLanguageSchool', 'tags': ['learn english', 'daily english conversation', 'is wifi available here', 'english for beginners', 'english phrases', 'spoken english', 'takys language school', 'english speaking practice', 'travel english', 'youtube shorts'], 'video_type': 'short'}
[2026-07-29T23:41:37.521+0000] {taskinstance.py:441} INFO - ::group::Post task execution logs
[2026-07-29T23:41:37.580+0000] {taskinstance.py:1206} INFO - Marking task as SUCCESS. dag_id=youtube_english_video_pipeline, task_id=build_short_video_7, run_id=scheduled__2026-07-28T12:00:00+00:00, execution_date=20260728T120000, start_date=20260729T234113, end_date=20260729T234137
[2026-07-29T23:41:37.662+0000] {local_task_job_runner.py:243} INFO - Task exited with return code 0
[2026-07-29T23:41:37.966+0000] {taskinstance.py:3503} INFO - 1 downstream tasks scheduled from follow-on schedule check
[2026-07-29T23:41:37.976+0000] {local_task_job_runner.py:222} INFO - ::endgroup::
