[2026-07-23T13:42:55.643+0000] {local_task_job_runner.py:120} INFO - ::group::Pre task execution logs
[2026-07-23T13:42:55.664+0000] {taskinstance.py:2076} INFO - Dependencies all met for dep_context=non-requeueable deps ti=<TaskInstance: youtube_english_video_pipeline.should_build_long_video manual__2026-07-23T13:42:52.577834+00:00 [queued]>
[2026-07-23T13:42:55.669+0000] {taskinstance.py:2076} INFO - Dependencies all met for dep_context=requeueable deps ti=<TaskInstance: youtube_english_video_pipeline.should_build_long_video manual__2026-07-23T13:42:52.577834+00:00 [queued]>
[2026-07-23T13:42:55.670+0000] {taskinstance.py:2306} INFO - Starting attempt 1 of 3
[2026-07-23T13:42:55.678+0000] {taskinstance.py:2330} INFO - Executing <Task(ShortCircuitOperator): should_build_long_video> on 2026-07-23 13:42:52.577834+00:00
[2026-07-23T13:42:55.683+0000] {standard_task_runner.py:64} INFO - Started process 424 to run task
[2026-07-23T13:42:55.685+0000] {standard_task_runner.py:90} INFO - Running: ['airflow', 'tasks', 'run', 'youtube_english_video_pipeline', 'should_build_long_video', 'manual__2026-07-23T13:42:52.577834+00:00', '--job-id', '73', '--raw', '--subdir', 'DAGS_FOLDER/youtube_pipeline.py', '--cfg-path', '/tmp/tmpwqvht146']
[2026-07-23T13:42:55.687+0000] {standard_task_runner.py:91} INFO - Job 73: Subtask should_build_long_video
[2026-07-23T13:42:55.749+0000] {task_command.py:426} INFO - Running <TaskInstance: youtube_english_video_pipeline.should_build_long_video manual__2026-07-23T13:42:52.577834+00:00 [running]> on host 5b8f65250260
[2026-07-23T13:42:55.930+0000] {taskinstance.py:2648} INFO - Exporting env vars: AIRFLOW_CTX_DAG_OWNER='taky' AIRFLOW_CTX_DAG_ID='youtube_english_video_pipeline' AIRFLOW_CTX_TASK_ID='should_build_long_video' AIRFLOW_CTX_EXECUTION_DATE='2026-07-23T13:42:52.577834+00:00' AIRFLOW_CTX_TRY_NUMBER='1' AIRFLOW_CTX_DAG_RUN_ID='manual__2026-07-23T13:42:52.577834+00:00'
[2026-07-23T13:42:55.931+0000] {taskinstance.py:430} INFO - ::endgroup::
[2026-07-23T13:42:55.937+0000] {baseoperator.py:400} WARNING - ShortCircuitOperator.execute cannot be called outside TaskInstance!
[2026-07-23T13:42:55.938+0000] {python.py:237} INFO - Done. Returned value was: True
[2026-07-23T13:42:55.938+0000] {python.py:304} INFO - Condition result is True
[2026-07-23T13:42:55.939+0000] {python.py:307} INFO - Proceeding with downstream tasks...
[2026-07-23T13:42:55.939+0000] {taskinstance.py:441} INFO - ::group::Post task execution logs
[2026-07-23T13:42:55.956+0000] {taskinstance.py:1206} INFO - Marking task as SUCCESS. dag_id=youtube_english_video_pipeline, task_id=should_build_long_video, run_id=manual__2026-07-23T13:42:52.577834+00:00, execution_date=20260723T134252, start_date=20260723T134255, end_date=20260723T134255
[2026-07-23T13:42:55.979+0000] {local_task_job_runner.py:243} INFO - Task exited with return code 0
[2026-07-23T13:42:55.999+0000] {taskinstance.py:3503} INFO - 1 downstream tasks scheduled from follow-on schedule check
[2026-07-23T13:42:56.001+0000] {local_task_job_runner.py:222} INFO - ::endgroup::
