[2026-09-15T00:10:43.890+0000] {local_task_job_runner.py:120} INFO - ::group::Pre task execution logs
[2026-09-15T00:10:43.932+0000] {taskinstance.py:2076} INFO - Dependencies all met for dep_context=non-requeueable deps ti=<TaskInstance: youtube_english_video_pipeline.upload_short_video_4 scheduled__2026-09-13T12:00:00+00:00 [queued]>
[2026-09-15T00:10:43.941+0000] {taskinstance.py:2076} INFO - Dependencies all met for dep_context=requeueable deps ti=<TaskInstance: youtube_english_video_pipeline.upload_short_video_4 scheduled__2026-09-13T12:00:00+00:00 [queued]>
[2026-09-15T00:10:43.942+0000] {taskinstance.py:2306} INFO - Starting attempt 1 of 3
[2026-09-15T00:10:43.954+0000] {taskinstance.py:2330} INFO - Executing <Task(PythonOperator): upload_short_video_4> on 2026-09-13 12:00:00+00:00
[2026-09-15T00:10:43.960+0000] {standard_task_runner.py:64} INFO - Started process 10927 to run task
[2026-09-15T00:10:43.964+0000] {standard_task_runner.py:90} INFO - Running: ['airflow', 'tasks', 'run', 'youtube_english_video_pipeline', 'upload_short_video_4', 'scheduled__2026-09-13T12:00:00+00:00', '--job-id', '1168', '--raw', '--subdir', 'DAGS_FOLDER/youtube_pipeline.py', '--cfg-path', '/tmp/tmpgqildbe7']
[2026-09-15T00:10:43.968+0000] {standard_task_runner.py:91} INFO - Job 1168: Subtask upload_short_video_4
[2026-09-15T00:10:44.029+0000] {task_command.py:426} INFO - Running <TaskInstance: youtube_english_video_pipeline.upload_short_video_4 scheduled__2026-09-13T12:00:00+00:00 [running]> on host cc859d74cf38
[2026-09-15T00:10:44.233+0000] {taskinstance.py:2648} INFO - Exporting env vars: AIRFLOW_CTX_DAG_OWNER='taky' AIRFLOW_CTX_DAG_ID='youtube_english_video_pipeline' AIRFLOW_CTX_TASK_ID='upload_short_video_4' AIRFLOW_CTX_EXECUTION_DATE='2026-09-13T12:00:00+00:00' AIRFLOW_CTX_TRY_NUMBER='1' AIRFLOW_CTX_DAG_RUN_ID='scheduled__2026-09-13T12:00:00+00:00'
[2026-09-15T00:10:44.235+0000] {taskinstance.py:430} INFO - ::endgroup::
[2026-09-15T00:10:44.477+0000] {__init__.py:49} INFO - file_cache is only supported with oauth2client<4.0.0
[2026-09-15T00:10:44.489+0000] {logging_mixin.py:188} INFO - 2026-09-15 00:10:44,489 | INFO     | uploader.youtube_uploader | Uploading video 'Daily English Phrase | Restaurant English' (/opt/airflow/output/videos/short_2813.mp4) to YouTube...
[2026-09-15T00:10:49.769+0000] {logging_mixin.py:188} INFO - 2026-09-15 00:10:49,769 | INFO     | uploader.youtube_uploader | Upload complete. YouTube video id = ZADlJP2HAwY
[2026-09-15T00:10:49.778+0000] {python.py:237} INFO - Done. Returned value was: ZADlJP2HAwY
[2026-09-15T00:10:49.781+0000] {taskinstance.py:441} INFO - ::group::Post task execution logs
[2026-09-15T00:10:49.799+0000] {taskinstance.py:1206} INFO - Marking task as SUCCESS. dag_id=youtube_english_video_pipeline, task_id=upload_short_video_4, run_id=scheduled__2026-09-13T12:00:00+00:00, execution_date=20260913T120000, start_date=20260915T001043, end_date=20260915T001049
[2026-09-15T00:10:49.831+0000] {local_task_job_runner.py:243} INFO - Task exited with return code 0
[2026-09-15T00:10:49.955+0000] {taskinstance.py:3503} INFO - 1 downstream tasks scheduled from follow-on schedule check
[2026-09-15T00:10:49.958+0000] {local_task_job_runner.py:222} INFO - ::endgroup::
