[2026-08-11T02:32:48.185+0000] {local_task_job_runner.py:120} INFO - ::group::Pre task execution logs
[2026-08-11T02:32:48.228+0000] {taskinstance.py:2076} INFO - Dependencies all met for dep_context=non-requeueable deps ti=<TaskInstance: youtube_english_video_pipeline.upload_long_video_2 manual__2026-08-11T02:25:49.703167+00:00 [queued]>
[2026-08-11T02:32:48.240+0000] {taskinstance.py:2076} INFO - Dependencies all met for dep_context=requeueable deps ti=<TaskInstance: youtube_english_video_pipeline.upload_long_video_2 manual__2026-08-11T02:25:49.703167+00:00 [queued]>
[2026-08-11T02:32:48.242+0000] {taskinstance.py:2306} INFO - Starting attempt 1 of 3
[2026-08-11T02:32:48.255+0000] {taskinstance.py:2330} INFO - Executing <Task(PythonOperator): upload_long_video_2> on 2026-08-11 02:25:49.703167+00:00
[2026-08-11T02:32:48.264+0000] {standard_task_runner.py:64} INFO - Started process 89217 to run task
[2026-08-11T02:32:48.267+0000] {standard_task_runner.py:90} INFO - Running: ['airflow', 'tasks', 'run', 'youtube_english_video_pipeline', 'upload_long_video_2', 'manual__2026-08-11T02:25:49.703167+00:00', '--job-id', '643', '--raw', '--subdir', 'DAGS_FOLDER/youtube_pipeline.py', '--cfg-path', '/tmp/tmp66bshn24']
[2026-08-11T02:32:48.271+0000] {standard_task_runner.py:91} INFO - Job 643: Subtask upload_long_video_2
[2026-08-11T02:32:48.361+0000] {task_command.py:426} INFO - Running <TaskInstance: youtube_english_video_pipeline.upload_long_video_2 manual__2026-08-11T02:25:49.703167+00:00 [running]> on host cc859d74cf38
[2026-08-11T02:32:48.616+0000] {taskinstance.py:2648} INFO - Exporting env vars: AIRFLOW_CTX_DAG_OWNER='taky' AIRFLOW_CTX_DAG_ID='youtube_english_video_pipeline' AIRFLOW_CTX_TASK_ID='upload_long_video_2' AIRFLOW_CTX_EXECUTION_DATE='2026-08-11T02:25:49.703167+00:00' AIRFLOW_CTX_TRY_NUMBER='1' AIRFLOW_CTX_DAG_RUN_ID='manual__2026-08-11T02:25:49.703167+00:00'
[2026-08-11T02:32:48.618+0000] {taskinstance.py:430} INFO - ::endgroup::
[2026-08-11T02:32:49.385+0000] {__init__.py:49} INFO - file_cache is only supported with oauth2client<4.0.0
[2026-08-11T02:32:49.418+0000] {logging_mixin.py:188} INFO - 2026-08-11 02:32:49,417 | INFO     | uploader.youtube_uploader | Uploading video '20 Useful English Expressions You Need for Daily Life & Travel' (/opt/airflow/output/videos/long_1453.mp4) to YouTube...
[2026-08-11T02:32:55.557+0000] {logging_mixin.py:188} INFO - 2026-08-11 02:32:55,557 | INFO     | uploader.youtube_uploader | Upload complete. YouTube video id = tbYeJvXMSB4
[2026-08-11T02:32:59.991+0000] {logging_mixin.py:188} INFO - 2026-08-11 02:32:59,991 | INFO     | uploader.youtube_uploader | Custom thumbnail uploaded.
[2026-08-11T02:33:00.012+0000] {python.py:237} INFO - Done. Returned value was: tbYeJvXMSB4
[2026-08-11T02:33:00.015+0000] {taskinstance.py:441} INFO - ::group::Post task execution logs
[2026-08-11T02:33:00.043+0000] {taskinstance.py:1206} INFO - Marking task as SUCCESS. dag_id=youtube_english_video_pipeline, task_id=upload_long_video_2, run_id=manual__2026-08-11T02:25:49.703167+00:00, execution_date=20260811T022549, start_date=20260811T023248, end_date=20260811T023300
[2026-08-11T02:33:00.091+0000] {local_task_job_runner.py:243} INFO - Task exited with return code 0
[2026-08-11T02:33:00.280+0000] {taskinstance.py:3503} INFO - 1 downstream tasks scheduled from follow-on schedule check
[2026-08-11T02:33:00.286+0000] {local_task_job_runner.py:222} INFO - ::endgroup::
