[2026-08-22T06:41:08.320+0000] {local_task_job_runner.py:120} INFO - ::group::Pre task execution logs
[2026-08-22T06:41:08.398+0000] {taskinstance.py:2076} INFO - Dependencies all met for dep_context=non-requeueable deps ti=<TaskInstance: youtube_english_video_pipeline.upload_long_video_2 manual__2026-08-20T23:20:20.409177+00:00 [queued]>
[2026-08-22T06:41:08.420+0000] {taskinstance.py:2076} INFO - Dependencies all met for dep_context=requeueable deps ti=<TaskInstance: youtube_english_video_pipeline.upload_long_video_2 manual__2026-08-20T23:20:20.409177+00:00 [queued]>
[2026-08-22T06:41:08.423+0000] {taskinstance.py:2306} INFO - Starting attempt 1 of 3
[2026-08-22T06:41:08.442+0000] {taskinstance.py:2330} INFO - Executing <Task(PythonOperator): upload_long_video_2> on 2026-08-20 23:20:20.409177+00:00
[2026-08-22T06:41:08.449+0000] {standard_task_runner.py:64} INFO - Started process 58528 to run task
[2026-08-22T06:41:08.452+0000] {standard_task_runner.py:90} INFO - Running: ['airflow', 'tasks', 'run', 'youtube_english_video_pipeline', 'upload_long_video_2', 'manual__2026-08-20T23:20:20.409177+00:00', '--job-id', '846', '--raw', '--subdir', 'DAGS_FOLDER/youtube_pipeline.py', '--cfg-path', '/tmp/tmpyks3te7u']
[2026-08-22T06:41:08.458+0000] {standard_task_runner.py:91} INFO - Job 846: Subtask upload_long_video_2
[2026-08-22T06:41:08.606+0000] {task_command.py:426} INFO - Running <TaskInstance: youtube_english_video_pipeline.upload_long_video_2 manual__2026-08-20T23:20:20.409177+00:00 [running]> on host cc859d74cf38
[2026-08-22T06:41:08.897+0000] {taskinstance.py:2648} INFO - Exporting env vars: AIRFLOW_CTX_DAG_OWNER='taky' AIRFLOW_CTX_DAG_ID='youtube_english_video_pipeline' AIRFLOW_CTX_TASK_ID='upload_long_video_2' AIRFLOW_CTX_EXECUTION_DATE='2026-08-20T23:20:20.409177+00:00' AIRFLOW_CTX_TRY_NUMBER='1' AIRFLOW_CTX_DAG_RUN_ID='manual__2026-08-20T23:20:20.409177+00:00'
[2026-08-22T06:41:08.898+0000] {taskinstance.py:430} INFO - ::endgroup::
[2026-08-22T06:41:09.405+0000] {__init__.py:49} INFO - file_cache is only supported with oauth2client<4.0.0
[2026-08-22T06:41:09.415+0000] {logging_mixin.py:188} INFO - 2026-08-22 06:41:09,415 | INFO     | uploader.youtube_uploader | Uploading video '16 Daily English Expressions | Shopping English' (/opt/airflow/output/videos/long_2149.mp4) to YouTube...
[2026-08-22T06:41:15.160+0000] {logging_mixin.py:188} INFO - 2026-08-22 06:41:15,160 | INFO     | uploader.youtube_uploader | Upload complete. YouTube video id = X-p_TFjXVMI
[2026-08-22T06:41:19.051+0000] {logging_mixin.py:188} INFO - 2026-08-22 06:41:19,051 | INFO     | uploader.youtube_uploader | Custom thumbnail uploaded.
[2026-08-22T06:41:19.066+0000] {python.py:237} INFO - Done. Returned value was: X-p_TFjXVMI
[2026-08-22T06:41:19.067+0000] {taskinstance.py:441} INFO - ::group::Post task execution logs
[2026-08-22T06:41:19.093+0000] {taskinstance.py:1206} INFO - Marking task as SUCCESS. dag_id=youtube_english_video_pipeline, task_id=upload_long_video_2, run_id=manual__2026-08-20T23:20:20.409177+00:00, execution_date=20260820T232020, start_date=20260822T064108, end_date=20260822T064119
[2026-08-22T06:41:19.146+0000] {local_task_job_runner.py:243} INFO - Task exited with return code 0
[2026-08-22T06:41:19.333+0000] {taskinstance.py:3503} INFO - 1 downstream tasks scheduled from follow-on schedule check
[2026-08-22T06:41:19.339+0000] {local_task_job_runner.py:222} INFO - ::endgroup::
