[2026-09-21T01:06:43.426+0000] {local_task_job_runner.py:120} INFO - ::group::Pre task execution logs
[2026-09-21T01:06:43.467+0000] {taskinstance.py:2076} INFO - Dependencies all met for dep_context=non-requeueable deps ti=<TaskInstance: youtube_english_video_pipeline.build_short_video_3 manual__2026-09-21T01:00:56.686308+00:00 [queued]>
[2026-09-21T01:06:43.477+0000] {taskinstance.py:2076} INFO - Dependencies all met for dep_context=requeueable deps ti=<TaskInstance: youtube_english_video_pipeline.build_short_video_3 manual__2026-09-21T01:00:56.686308+00:00 [queued]>
[2026-09-21T01:06:43.478+0000] {taskinstance.py:2306} INFO - Starting attempt 1 of 3
[2026-09-21T01:06:43.491+0000] {taskinstance.py:2330} INFO - Executing <Task(PythonOperator): build_short_video_3> on 2026-09-21 01:00:56.686308+00:00
[2026-09-21T01:06:43.497+0000] {standard_task_runner.py:64} INFO - Started process 6983 to run task
[2026-09-21T01:06:43.500+0000] {standard_task_runner.py:90} INFO - Running: ['airflow', 'tasks', 'run', 'youtube_english_video_pipeline', 'build_short_video_3', 'manual__2026-09-21T01:00:56.686308+00:00', '--job-id', '1423', '--raw', '--subdir', 'DAGS_FOLDER/youtube_pipeline.py', '--cfg-path', '/tmp/tmpfc6a89ec']
[2026-09-21T01:06:43.503+0000] {standard_task_runner.py:91} INFO - Job 1423: Subtask build_short_video_3
[2026-09-21T01:06:43.557+0000] {task_command.py:426} INFO - Running <TaskInstance: youtube_english_video_pipeline.build_short_video_3 manual__2026-09-21T01:00:56.686308+00:00 [running]> on host 73b18333cdfe
[2026-09-21T01:06:43.802+0000] {taskinstance.py:2648} INFO - Exporting env vars: AIRFLOW_CTX_DAG_OWNER='taky' AIRFLOW_CTX_DAG_ID='youtube_english_video_pipeline' AIRFLOW_CTX_TASK_ID='build_short_video_3' AIRFLOW_CTX_EXECUTION_DATE='2026-09-21T01:00:56.686308+00:00' AIRFLOW_CTX_TRY_NUMBER='1' AIRFLOW_CTX_DAG_RUN_ID='manual__2026-09-21T01:00:56.686308+00:00'
[2026-09-21T01:06:43.803+0000] {taskinstance.py:430} INFO - ::endgroup::
[2026-09-21T01:06:44.326+0000] {logging_mixin.py:188} INFO - 2026-09-21 01:06:44,326 | INFO     | planner.video_planner | Planned SHORT video: topic='Daily Conversation', phrases=1
[2026-09-21T01:06:44.586+0000] {logging_mixin.py:188} INFO - 2026-09-21 01:06:44,586 | INFO     | tts.edge_tts | Synthesized audio -> /opt/airflow/output/audio/phrase_3499.mp3
[2026-09-21T01:06:44.817+0000] {logging_mixin.py:188} INFO - 2026-09-21 01:06:44,817 | INFO     | tts.edge_tts | Synthesized audio -> /opt/airflow/output/audio/example_3499.mp3
[2026-09-21T01:06:45.615+0000] {logging_mixin.py:188} INFO - 2026-09-21 01:06:45,615 | INFO     | media.image_downloader | Downloaded background image for scene='greeting' -> /opt/airflow/output/images/short_3499.jpg
[2026-09-21T01:06:49.207+0000] {logging_mixin.py:188} INFO - 2026-09-21 01:06:49,207 | WARNING  | video.video_builder | BGM file not found at /opt/airflow/assets/bgm/short_bgm.mp3, rendering without background music
[2026-09-21T01:06:51.088+0000] {logging_mixin.py:188} INFO - 2026-09-21 01:06:51,088 | INFO     | video.video_builder | Final video rendered -> /opt/airflow/output/videos/short_3499.mp4
[2026-09-21T01:06:53.784+0000] {python.py:237} INFO - Done. Returned value was: {'video_id': 438, 'file_path': '/opt/airflow/output/videos/short_3499.mp4', 'title': "How to say 'How's it going?' | Daily English Conversation Practice", 'description': "Want to sound more natural when greeting friends? In this short video from Taky's Language School, we break down how to use the common phrase 'How's it going?' to improve your daily English speaking skills. Perfect for beginners and intermediate learners who want to master casual, everyday conversation. Subscribe for more quick English tips to boost your fluency!", 'tags': ['English conversation', 'learn English', 'English speaking practice', 'daily English', "Taky's Language School", 'English phrases', 'spoken English', 'ESL', 'how to greet in English', 'English shorts'], 'video_type': 'short'}
[2026-09-21T01:06:53.786+0000] {taskinstance.py:441} INFO - ::group::Post task execution logs
[2026-09-21T01:06:53.811+0000] {taskinstance.py:1206} INFO - Marking task as SUCCESS. dag_id=youtube_english_video_pipeline, task_id=build_short_video_3, run_id=manual__2026-09-21T01:00:56.686308+00:00, execution_date=20260921T010056, start_date=20260921T010643, end_date=20260921T010653
[2026-09-21T01:06:53.879+0000] {local_task_job_runner.py:243} INFO - Task exited with return code 0
[2026-09-21T01:06:54.065+0000] {taskinstance.py:3503} INFO - 1 downstream tasks scheduled from follow-on schedule check
[2026-09-21T01:06:54.079+0000] {local_task_job_runner.py:222} INFO - ::endgroup::
