[2026-09-05T00:46:56.418+0000] {local_task_job_runner.py:120} INFO - ::group::Pre task execution logs
[2026-09-05T00:46:56.493+0000] {taskinstance.py:2076} INFO - Dependencies all met for dep_context=non-requeueable deps ti=<TaskInstance: youtube_english_video_pipeline.upload_short_video_5 scheduled__2026-08-26T12:00:00+00:00 [queued]>
[2026-09-05T00:46:56.517+0000] {taskinstance.py:2076} INFO - Dependencies all met for dep_context=requeueable deps ti=<TaskInstance: youtube_english_video_pipeline.upload_short_video_5 scheduled__2026-08-26T12:00:00+00:00 [queued]>
[2026-09-05T00:46:56.522+0000] {taskinstance.py:2306} INFO - Starting attempt 1 of 3
[2026-09-05T00:46:56.557+0000] {taskinstance.py:2330} INFO - Executing <Task(PythonOperator): upload_short_video_5> on 2026-08-26 12:00:00+00:00
[2026-09-05T00:46:56.567+0000] {standard_task_runner.py:64} INFO - Started process 12088 to run task
[2026-09-05T00:46:56.572+0000] {standard_task_runner.py:90} INFO - Running: ['airflow', 'tasks', 'run', 'youtube_english_video_pipeline', 'upload_short_video_5', 'scheduled__2026-08-26T12:00:00+00:00', '--job-id', '953', '--raw', '--subdir', 'DAGS_FOLDER/youtube_pipeline.py', '--cfg-path', '/tmp/tmp1xci0tw5']
[2026-09-05T00:46:56.582+0000] {standard_task_runner.py:91} INFO - Job 953: Subtask upload_short_video_5
[2026-09-05T00:46:56.714+0000] {task_command.py:426} INFO - Running <TaskInstance: youtube_english_video_pipeline.upload_short_video_5 scheduled__2026-08-26T12:00:00+00:00 [running]> on host cc859d74cf38
[2026-09-05T00:46:56.997+0000] {taskinstance.py:2648} INFO - Exporting env vars: AIRFLOW_CTX_DAG_OWNER='taky' AIRFLOW_CTX_DAG_ID='youtube_english_video_pipeline' AIRFLOW_CTX_TASK_ID='upload_short_video_5' AIRFLOW_CTX_EXECUTION_DATE='2026-08-26T12:00:00+00:00' AIRFLOW_CTX_TRY_NUMBER='1' AIRFLOW_CTX_DAG_RUN_ID='scheduled__2026-08-26T12:00:00+00:00'
[2026-09-05T00:46:57.004+0000] {taskinstance.py:430} INFO - ::endgroup::
[2026-09-05T00:46:57.752+0000] {__init__.py:49} INFO - file_cache is only supported with oauth2client<4.0.0
[2026-09-05T00:46:57.765+0000] {logging_mixin.py:188} INFO - 2026-09-05 00:46:57,764 | INFO     | uploader.youtube_uploader | Uploading video 'Daily English Phrase | Daily English' (/opt/airflow/output/videos/short_2459.mp4) to YouTube...
[2026-09-05T00:47:00.711+0000] {logging_mixin.py:188} INFO - 2026-09-05 00:47:00,711 | INFO     | uploader.youtube_uploader | Upload complete. YouTube video id = TSxH57SE2jI
[2026-09-05T00:47:00.737+0000] {python.py:237} INFO - Done. Returned value was: TSxH57SE2jI
[2026-09-05T00:47:00.740+0000] {taskinstance.py:441} INFO - ::group::Post task execution logs
[2026-09-05T00:47:00.804+0000] {taskinstance.py:1206} INFO - Marking task as SUCCESS. dag_id=youtube_english_video_pipeline, task_id=upload_short_video_5, run_id=scheduled__2026-08-26T12:00:00+00:00, execution_date=20260826T120000, start_date=20260905T004656, end_date=20260905T004700
[2026-09-05T00:47:00.895+0000] {local_task_job_runner.py:243} INFO - Task exited with return code 0
[2026-09-05T00:47:00.961+0000] {taskinstance.py:3503} INFO - 1 downstream tasks scheduled from follow-on schedule check
[2026-09-05T00:47:00.967+0000] {local_task_job_runner.py:222} INFO - ::endgroup::
