[2026-07-27T11:12:36.281+0000] {local_task_job_runner.py:120} INFO - ::group::Pre task execution logs
[2026-07-27T11:12:36.312+0000] {taskinstance.py:2076} INFO - Dependencies all met for dep_context=non-requeueable deps ti=<TaskInstance: youtube_english_video_pipeline.upload_short_video_6 manual__2026-07-27T10:57:47.140907+00:00 [queued]>
[2026-07-27T11:12:36.320+0000] {taskinstance.py:2076} INFO - Dependencies all met for dep_context=requeueable deps ti=<TaskInstance: youtube_english_video_pipeline.upload_short_video_6 manual__2026-07-27T10:57:47.140907+00:00 [queued]>
[2026-07-27T11:12:36.321+0000] {taskinstance.py:2306} INFO - Starting attempt 1 of 3
[2026-07-27T11:12:36.332+0000] {taskinstance.py:2330} INFO - Executing <Task(PythonOperator): upload_short_video_6> on 2026-07-27 10:57:47.140907+00:00
[2026-07-27T11:12:36.337+0000] {standard_task_runner.py:64} INFO - Started process 76480 to run task
[2026-07-27T11:12:36.339+0000] {standard_task_runner.py:90} INFO - Running: ['airflow', 'tasks', 'run', 'youtube_english_video_pipeline', 'upload_short_video_6', 'manual__2026-07-27T10:57:47.140907+00:00', '--job-id', '441', '--raw', '--subdir', 'DAGS_FOLDER/youtube_pipeline.py', '--cfg-path', '/tmp/tmph9v9r0hx']
[2026-07-27T11:12:36.342+0000] {standard_task_runner.py:91} INFO - Job 441: Subtask upload_short_video_6
[2026-07-27T11:12:36.412+0000] {task_command.py:426} INFO - Running <TaskInstance: youtube_english_video_pipeline.upload_short_video_6 manual__2026-07-27T10:57:47.140907+00:00 [running]> on host cc859d74cf38
[2026-07-27T11:12:36.595+0000] {taskinstance.py:2648} INFO - Exporting env vars: AIRFLOW_CTX_DAG_OWNER='taky' AIRFLOW_CTX_DAG_ID='youtube_english_video_pipeline' AIRFLOW_CTX_TASK_ID='upload_short_video_6' AIRFLOW_CTX_EXECUTION_DATE='2026-07-27T10:57:47.140907+00:00' AIRFLOW_CTX_TRY_NUMBER='1' AIRFLOW_CTX_DAG_RUN_ID='manual__2026-07-27T10:57:47.140907+00:00'
[2026-07-27T11:12:36.596+0000] {taskinstance.py:430} INFO - ::endgroup::
[2026-07-27T11:12:36.952+0000] {__init__.py:49} INFO - file_cache is only supported with oauth2client<4.0.0
[2026-07-27T11:12:36.964+0000] {logging_mixin.py:188} INFO - 2026-07-27 11:12:36,964 | INFO     | uploader.youtube_uploader | Uploading video 'How to Join a Group in English! 🗣️ 'Do you mind if I join you?' #Shorts' (/opt/airflow/output/videos/short_900.mp4) to YouTube...
[2026-07-27T11:12:39.555+0000] {logging_mixin.py:188} INFO - 2026-07-27 11:12:39,554 | INFO     | uploader.youtube_uploader | Upload complete. YouTube video id = EFFlJ7YqZuw
[2026-07-27T11:12:39.568+0000] {python.py:237} INFO - Done. Returned value was: EFFlJ7YqZuw
[2026-07-27T11:12:39.569+0000] {taskinstance.py:441} INFO - ::group::Post task execution logs
[2026-07-27T11:12:39.597+0000] {taskinstance.py:1206} INFO - Marking task as SUCCESS. dag_id=youtube_english_video_pipeline, task_id=upload_short_video_6, run_id=manual__2026-07-27T10:57:47.140907+00:00, execution_date=20260727T105747, start_date=20260727T111236, end_date=20260727T111239
[2026-07-27T11:12:39.649+0000] {local_task_job_runner.py:243} INFO - Task exited with return code 0
[2026-07-27T11:12:39.803+0000] {taskinstance.py:3503} INFO - 1 downstream tasks scheduled from follow-on schedule check
[2026-07-27T11:12:39.807+0000] {local_task_job_runner.py:222} INFO - ::endgroup::
