[2026-08-11T02:29:44.458+0000] {local_task_job_runner.py:120} INFO - ::group::Pre task execution logs
[2026-08-11T02:29:44.501+0000] {taskinstance.py:2076} INFO - Dependencies all met for dep_context=non-requeueable deps ti=<TaskInstance: youtube_english_video_pipeline.build_short_video_2 manual__2026-08-11T02:25:49.703167+00:00 [queued]>
[2026-08-11T02:29:44.512+0000] {taskinstance.py:2076} INFO - Dependencies all met for dep_context=requeueable deps ti=<TaskInstance: youtube_english_video_pipeline.build_short_video_2 manual__2026-08-11T02:25:49.703167+00:00 [queued]>
[2026-08-11T02:29:44.514+0000] {taskinstance.py:2306} INFO - Starting attempt 1 of 3
[2026-08-11T02:29:44.526+0000] {taskinstance.py:2330} INFO - Executing <Task(PythonOperator): build_short_video_2> on 2026-08-11 02:25:49.703167+00:00
[2026-08-11T02:29:44.531+0000] {standard_task_runner.py:64} INFO - Started process 85809 to run task
[2026-08-11T02:29:44.534+0000] {standard_task_runner.py:90} INFO - Running: ['airflow', 'tasks', 'run', 'youtube_english_video_pipeline', 'build_short_video_2', 'manual__2026-08-11T02:25:49.703167+00:00', '--job-id', '640', '--raw', '--subdir', 'DAGS_FOLDER/youtube_pipeline.py', '--cfg-path', '/tmp/tmpm1lcc_r5']
[2026-08-11T02:29:44.539+0000] {standard_task_runner.py:91} INFO - Job 640: Subtask build_short_video_2
[2026-08-11T02:29:44.614+0000] {task_command.py:426} INFO - Running <TaskInstance: youtube_english_video_pipeline.build_short_video_2 manual__2026-08-11T02:25:49.703167+00:00 [running]> on host cc859d74cf38
[2026-08-11T02:29:44.808+0000] {taskinstance.py:2648} INFO - Exporting env vars: AIRFLOW_CTX_DAG_OWNER='taky' AIRFLOW_CTX_DAG_ID='youtube_english_video_pipeline' AIRFLOW_CTX_TASK_ID='build_short_video_2' AIRFLOW_CTX_EXECUTION_DATE='2026-08-11T02:25:49.703167+00:00' AIRFLOW_CTX_TRY_NUMBER='1' AIRFLOW_CTX_DAG_RUN_ID='manual__2026-08-11T02:25:49.703167+00:00'
[2026-08-11T02:29:44.814+0000] {taskinstance.py:430} INFO - ::endgroup::
[2026-08-11T02:29:47.435+0000] {logging_mixin.py:188} INFO - 2026-08-11 02:29:47,434 | INFO     | planner.video_planner | Planned SHORT video: topic='Daily Conversation', phrases=1
[2026-08-11T02:29:47.801+0000] {logging_mixin.py:188} INFO - 2026-08-11 02:29:47,801 | INFO     | tts.edge_tts | Synthesized audio -> /opt/airflow/output/audio/phrase_1452.mp3
[2026-08-11T02:29:48.217+0000] {logging_mixin.py:188} INFO - 2026-08-11 02:29:48,217 | INFO     | tts.edge_tts | Synthesized audio -> /opt/airflow/output/audio/example_1452.mp3
[2026-08-11T02:29:48.900+0000] {logging_mixin.py:188} INFO - 2026-08-11 02:29:48,900 | INFO     | media.image_downloader | Downloaded background image for scene='bus' -> /opt/airflow/output/images/short_1452.jpg
[2026-08-11T02:29:53.287+0000] {logging_mixin.py:188} INFO - 2026-08-11 02:29:53,286 | WARNING  | video.video_builder | BGM file not found at /opt/airflow/assets/bgm/short_bgm.mp3, rendering without background music
[2026-08-11T02:29:55.048+0000] {logging_mixin.py:188} INFO - 2026-08-11 02:29:55,048 | INFO     | video.video_builder | Final video rendered -> /opt/airflow/output/videos/short_1452.mp4
[2026-08-11T02:30:02.296+0000] {python.py:237} INFO - Done. Returned value was: {'video_id': 174, 'file_path': '/opt/airflow/output/videos/short_1452.mp4', 'title': 'How to Ask "Is This Seat Taken?" in English 🪑 #Shorts', 'description': 'Learn how to naturally ask if a seat is available in English! In this quick lesson from Taky\'s Language School, you\'ll master essential daily conversation phrases for real-life situations.\n\nKey Phrases:\n• "Is this seat taken?"\n• "Excuse me, is this seat taken or may I sit here?"\n\nImprove your spoken English today! Subscribe to Taky\'s Language School for more practical English tips.\n\n#EnglishTips #LearnEnglish #DailyEnglish #SpeakEnglish #Shorts', 'tags': ['learn english', 'takys language school', 'is this seat taken', 'daily english conversation', 'spoken english', 'english phrases', 'english vocabulary', 'english shorts', 'learn english conversation', 'practical english'], 'video_type': 'short'}
[2026-08-11T02:30:02.299+0000] {taskinstance.py:441} INFO - ::group::Post task execution logs
[2026-08-11T02:30:02.323+0000] {taskinstance.py:1206} INFO - Marking task as SUCCESS. dag_id=youtube_english_video_pipeline, task_id=build_short_video_2, run_id=manual__2026-08-11T02:25:49.703167+00:00, execution_date=20260811T022549, start_date=20260811T022944, end_date=20260811T023002
[2026-08-11T02:30:02.386+0000] {local_task_job_runner.py:243} INFO - Task exited with return code 0
[2026-08-11T02:30:02.586+0000] {taskinstance.py:3503} INFO - 1 downstream tasks scheduled from follow-on schedule check
[2026-08-11T02:30:02.590+0000] {local_task_job_runner.py:222} INFO - ::endgroup::
