[2026-09-22T00:43:45.137+0000] {local_task_job_runner.py:120} INFO - ::group::Pre task execution logs
[2026-09-22T00:43:45.186+0000] {taskinstance.py:2076} INFO - Dependencies all met for dep_context=non-requeueable deps ti=<TaskInstance: youtube_english_video_pipeline.upload_long_video_9 scheduled__2026-09-20T12:00:00+00:00 [queued]>
[2026-09-22T00:43:45.197+0000] {taskinstance.py:2076} INFO - Dependencies all met for dep_context=requeueable deps ti=<TaskInstance: youtube_english_video_pipeline.upload_long_video_9 scheduled__2026-09-20T12:00:00+00:00 [queued]>
[2026-09-22T00:43:45.200+0000] {taskinstance.py:2306} INFO - Starting attempt 1 of 3
[2026-09-22T00:43:45.215+0000] {taskinstance.py:2330} INFO - Executing <Task(PythonOperator): upload_long_video_9> on 2026-09-20 12:00:00+00:00
[2026-09-22T00:43:45.220+0000] {standard_task_runner.py:64} INFO - Started process 30925 to run task
[2026-09-22T00:43:45.225+0000] {standard_task_runner.py:90} INFO - Running: ['airflow', 'tasks', 'run', 'youtube_english_video_pipeline', 'upload_long_video_9', 'scheduled__2026-09-20T12:00:00+00:00', '--job-id', '1505', '--raw', '--subdir', 'DAGS_FOLDER/youtube_pipeline.py', '--cfg-path', '/tmp/tmp9h__i6xt']
[2026-09-22T00:43:45.231+0000] {standard_task_runner.py:91} INFO - Job 1505: Subtask upload_long_video_9
[2026-09-22T00:43:45.323+0000] {task_command.py:426} INFO - Running <TaskInstance: youtube_english_video_pipeline.upload_long_video_9 scheduled__2026-09-20T12:00:00+00:00 [running]> on host 73b18333cdfe
[2026-09-22T00:43:45.566+0000] {taskinstance.py:2648} INFO - Exporting env vars: AIRFLOW_CTX_DAG_OWNER='taky' AIRFLOW_CTX_DAG_ID='youtube_english_video_pipeline' AIRFLOW_CTX_TASK_ID='upload_long_video_9' AIRFLOW_CTX_EXECUTION_DATE='2026-09-20T12:00:00+00:00' AIRFLOW_CTX_TRY_NUMBER='1' AIRFLOW_CTX_DAG_RUN_ID='scheduled__2026-09-20T12:00:00+00:00'
[2026-09-22T00:43:45.568+0000] {taskinstance.py:430} INFO - ::endgroup::
[2026-09-22T00:43:46.116+0000] {__init__.py:49} INFO - file_cache is only supported with oauth2client<4.0.0
[2026-09-22T00:43:46.128+0000] {logging_mixin.py:188} INFO - 2026-09-22 00:43:46,128 | INFO     | uploader.youtube_uploader | Uploading video 'Business English: 17 Phrases You'll Actually Use in the Office' (/opt/airflow/output/videos/long_3776.mp4) to YouTube...
[2026-09-22T00:43:50.026+0000] {logging_mixin.py:188} INFO - 2026-09-22 00:43:50,026 | INFO     | uploader.youtube_uploader | Upload complete. YouTube video id = 3u5JDYO9EYs
[2026-09-22T00:43:56.999+0000] {logging_mixin.py:188} INFO - 2026-09-22 00:43:56,998 | INFO     | uploader.youtube_uploader | Custom thumbnail uploaded.
[2026-09-22T00:43:57.014+0000] {python.py:237} INFO - Done. Returned value was: 3u5JDYO9EYs
[2026-09-22T00:43:57.015+0000] {taskinstance.py:441} INFO - ::group::Post task execution logs
[2026-09-22T00:43:57.048+0000] {taskinstance.py:1206} INFO - Marking task as SUCCESS. dag_id=youtube_english_video_pipeline, task_id=upload_long_video_9, run_id=scheduled__2026-09-20T12:00:00+00:00, execution_date=20260920T120000, start_date=20260922T004345, end_date=20260922T004357
[2026-09-22T00:43:57.109+0000] {local_task_job_runner.py:243} INFO - Task exited with return code 0
[2026-09-22T00:43:57.144+0000] {taskinstance.py:3503} INFO - 1 downstream tasks scheduled from follow-on schedule check
[2026-09-22T00:43:57.151+0000] {local_task_job_runner.py:222} INFO - ::endgroup::
