[2026-08-10T12:05:11.744+0000] {local_task_job_runner.py:120} INFO - ::group::Pre task execution logs
[2026-08-10T12:05:11.798+0000] {taskinstance.py:2076} INFO - Dependencies all met for dep_context=non-requeueable deps ti=<TaskInstance: youtube_english_video_pipeline.build_short_video_1 scheduled__2026-08-09T12:00:00+00:00 [queued]>
[2026-08-10T12:05:11.813+0000] {taskinstance.py:2076} INFO - Dependencies all met for dep_context=requeueable deps ti=<TaskInstance: youtube_english_video_pipeline.build_short_video_1 scheduled__2026-08-09T12:00:00+00:00 [queued]>
[2026-08-10T12:05:11.821+0000] {taskinstance.py:2306} INFO - Starting attempt 1 of 3
[2026-08-10T12:05:11.852+0000] {taskinstance.py:2330} INFO - Executing <Task(PythonOperator): build_short_video_1> on 2026-08-09 12:00:00+00:00
[2026-08-10T12:05:11.865+0000] {standard_task_runner.py:64} INFO - Started process 81606 to run task
[2026-08-10T12:05:11.870+0000] {standard_task_runner.py:90} INFO - Running: ['airflow', 'tasks', 'run', 'youtube_english_video_pipeline', 'build_short_video_1', 'scheduled__2026-08-09T12:00:00+00:00', '--job-id', '630', '--raw', '--subdir', 'DAGS_FOLDER/youtube_pipeline.py', '--cfg-path', '/tmp/tmpzodalhbi']
[2026-08-10T12:05:11.876+0000] {standard_task_runner.py:91} INFO - Job 630: Subtask build_short_video_1
[2026-08-10T12:05:12.020+0000] {task_command.py:426} INFO - Running <TaskInstance: youtube_english_video_pipeline.build_short_video_1 scheduled__2026-08-09T12:00:00+00:00 [running]> on host cc859d74cf38
[2026-08-10T12:05:12.385+0000] {taskinstance.py:2648} INFO - Exporting env vars: AIRFLOW_CTX_DAG_OWNER='taky' AIRFLOW_CTX_DAG_ID='youtube_english_video_pipeline' AIRFLOW_CTX_TASK_ID='build_short_video_1' AIRFLOW_CTX_EXECUTION_DATE='2026-08-09T12:00:00+00:00' AIRFLOW_CTX_TRY_NUMBER='1' AIRFLOW_CTX_DAG_RUN_ID='scheduled__2026-08-09T12:00:00+00:00'
[2026-08-10T12:05:12.387+0000] {taskinstance.py:430} INFO - ::endgroup::
[2026-08-10T12:05:15.775+0000] {logging_mixin.py:188} INFO - 2026-08-10 12:05:15,775 | INFO     | planner.video_planner | Planned SHORT video: topic='Travel English', phrases=1
[2026-08-10T12:05:16.336+0000] {logging_mixin.py:188} INFO - 2026-08-10 12:05:16,336 | INFO     | tts.edge_tts | Synthesized audio -> /opt/airflow/output/audio/phrase_1414.mp3
[2026-08-10T12:05:16.906+0000] {logging_mixin.py:188} INFO - 2026-08-10 12:05:16,906 | INFO     | tts.edge_tts | Synthesized audio -> /opt/airflow/output/audio/example_1414.mp3
[2026-08-10T12:05:17.914+0000] {logging_mixin.py:188} INFO - 2026-08-10 12:05:17,914 | INFO     | media.image_downloader | Downloaded background image for scene='airport' -> /opt/airflow/output/images/short_1414.jpg
[2026-08-10T12:05:22.530+0000] {logging_mixin.py:188} INFO - 2026-08-10 12:05:22,530 | WARNING  | video.video_builder | BGM file not found at /opt/airflow/assets/bgm/short_bgm.mp3, rendering without background music
[2026-08-10T12:05:25.033+0000] {logging_mixin.py:188} INFO - 2026-08-10 12:05:25,033 | INFO     | video.video_builder | Final video rendered -> /opt/airflow/output/videos/short_1414.mp4
[2026-08-10T12:05:32.757+0000] {python.py:237} INFO - Done. Returned value was: {'video_id': 171, 'file_path': '/opt/airflow/output/videos/short_1414.mp4', 'title': 'Ask for Help in English! ✈️ Travel English #Shorts', 'description': 'Need help with your heavy luggage while traveling? Learn how to ask politely in natural English!\n\nIn this Travel English lesson from Taky\'s Language School, master the useful native expression: "Could you give me a hand?"\n\nExample:\n👉 "Could you give me a hand with these heavy suitcases?"\n\nMeaning: "Could you help me?"\n\nImprove your spoken English for your next trip! Don\'t forget to like, share, and subscribe to Taky\'s Language School for more daily English tips! ✈️🧳\n\n#TravelEnglish #LearnEnglish #EnglishShorts #SpokenEnglish #EnglishPhrases #TakysLanguageSchool', 'tags': ['Travel English', 'Learn English', 'Could you give me a hand', 'Takys Language School', 'Spoken English', 'English phrases', 'Ask for help in English', 'English for travelers', 'English Shorts', 'Daily English'], 'video_type': 'short'}
[2026-08-10T12:05:32.760+0000] {taskinstance.py:441} INFO - ::group::Post task execution logs
[2026-08-10T12:05:32.798+0000] {taskinstance.py:1206} INFO - Marking task as SUCCESS. dag_id=youtube_english_video_pipeline, task_id=build_short_video_1, run_id=scheduled__2026-08-09T12:00:00+00:00, execution_date=20260809T120000, start_date=20260810T120511, end_date=20260810T120532
[2026-08-10T12:05:32.876+0000] {local_task_job_runner.py:243} INFO - Task exited with return code 0
[2026-08-10T12:05:33.174+0000] {taskinstance.py:3503} INFO - 1 downstream tasks scheduled from follow-on schedule check
[2026-08-10T12:05:33.180+0000] {local_task_job_runner.py:222} INFO - ::endgroup::
