[2026-09-15T00:09:39.815+0000] {local_task_job_runner.py:120} INFO - ::group::Pre task execution logs
[2026-09-15T00:09:39.840+0000] {taskinstance.py:2076} INFO - Dependencies all met for dep_context=non-requeueable deps ti=<TaskInstance: youtube_english_video_pipeline.upload_long_video_3 scheduled__2026-09-13T12:00:00+00:00 [queued]>
[2026-09-15T00:09:39.845+0000] {taskinstance.py:2076} INFO - Dependencies all met for dep_context=requeueable deps ti=<TaskInstance: youtube_english_video_pipeline.upload_long_video_3 scheduled__2026-09-13T12:00:00+00:00 [queued]>
[2026-09-15T00:09:39.845+0000] {taskinstance.py:2306} INFO - Starting attempt 1 of 3
[2026-09-15T00:09:39.854+0000] {taskinstance.py:2330} INFO - Executing <Task(PythonOperator): upload_long_video_3> on 2026-09-13 12:00:00+00:00
[2026-09-15T00:09:39.857+0000] {standard_task_runner.py:64} INFO - Started process 10620 to run task
[2026-09-15T00:09:39.860+0000] {standard_task_runner.py:90} INFO - Running: ['airflow', 'tasks', 'run', 'youtube_english_video_pipeline', 'upload_long_video_3', 'scheduled__2026-09-13T12:00:00+00:00', '--job-id', '1165', '--raw', '--subdir', 'DAGS_FOLDER/youtube_pipeline.py', '--cfg-path', '/tmp/tmpkrcu8enu']
[2026-09-15T00:09:39.861+0000] {standard_task_runner.py:91} INFO - Job 1165: Subtask upload_long_video_3
[2026-09-15T00:09:39.896+0000] {task_command.py:426} INFO - Running <TaskInstance: youtube_english_video_pipeline.upload_long_video_3 scheduled__2026-09-13T12:00:00+00:00 [running]> on host cc859d74cf38
[2026-09-15T00:09:40.062+0000] {taskinstance.py:2648} INFO - Exporting env vars: AIRFLOW_CTX_DAG_OWNER='taky' AIRFLOW_CTX_DAG_ID='youtube_english_video_pipeline' AIRFLOW_CTX_TASK_ID='upload_long_video_3' AIRFLOW_CTX_EXECUTION_DATE='2026-09-13T12:00:00+00:00' AIRFLOW_CTX_TRY_NUMBER='1' AIRFLOW_CTX_DAG_RUN_ID='scheduled__2026-09-13T12:00:00+00:00'
[2026-09-15T00:09:40.063+0000] {taskinstance.py:430} INFO - ::endgroup::
[2026-09-15T00:09:40.175+0000] {__init__.py:49} INFO - file_cache is only supported with oauth2client<4.0.0
[2026-09-15T00:09:40.179+0000] {logging_mixin.py:188} INFO - 2026-09-15 00:09:40,179 | INFO     | uploader.youtube_uploader | Uploading video '20 Daily English Expressions | Mixed English Expressions' (/opt/airflow/output/videos/long_2794.mp4) to YouTube...
[2026-09-15T00:09:45.563+0000] {logging_mixin.py:188} INFO - 2026-09-15 00:09:45,563 | INFO     | uploader.youtube_uploader | Upload complete. YouTube video id = 4t31ZnRRPDM
[2026-09-15T00:09:49.161+0000] {logging_mixin.py:188} INFO - 2026-09-15 00:09:49,161 | INFO     | uploader.youtube_uploader | Custom thumbnail uploaded.
[2026-09-15T00:09:49.173+0000] {python.py:237} INFO - Done. Returned value was: 4t31ZnRRPDM
[2026-09-15T00:09:49.175+0000] {taskinstance.py:441} INFO - ::group::Post task execution logs
[2026-09-15T00:09:49.195+0000] {taskinstance.py:1206} INFO - Marking task as SUCCESS. dag_id=youtube_english_video_pipeline, task_id=upload_long_video_3, run_id=scheduled__2026-09-13T12:00:00+00:00, execution_date=20260913T120000, start_date=20260915T000939, end_date=20260915T000949
[2026-09-15T00:09:49.226+0000] {local_task_job_runner.py:243} INFO - Task exited with return code 0
[2026-09-15T00:09:49.370+0000] {taskinstance.py:3503} INFO - 1 downstream tasks scheduled from follow-on schedule check
[2026-09-15T00:09:49.373+0000] {local_task_job_runner.py:222} INFO - ::endgroup::
