[2026-09-17T12:13:16.830+0000] {local_task_job_runner.py:120} INFO - ::group::Pre task execution logs
[2026-09-17T12:13:16.882+0000] {taskinstance.py:2076} INFO - Dependencies all met for dep_context=non-requeueable deps ti=<TaskInstance: youtube_english_video_pipeline.should_build_long_video_1 scheduled__2026-09-15T12:00:00+00:00 [queued]>
[2026-09-17T12:13:16.898+0000] {taskinstance.py:2076} INFO - Dependencies all met for dep_context=requeueable deps ti=<TaskInstance: youtube_english_video_pipeline.should_build_long_video_1 scheduled__2026-09-15T12:00:00+00:00 [queued]>
[2026-09-17T12:13:16.903+0000] {taskinstance.py:2306} INFO - Starting attempt 1 of 3
[2026-09-17T12:13:16.918+0000] {taskinstance.py:2330} INFO - Executing <Task(ShortCircuitOperator): should_build_long_video_1> on 2026-09-15 12:00:00+00:00
[2026-09-17T12:13:16.930+0000] {standard_task_runner.py:64} INFO - Started process 338 to run task
[2026-09-17T12:13:16.933+0000] {standard_task_runner.py:90} INFO - Running: ['airflow', 'tasks', 'run', 'youtube_english_video_pipeline', 'should_build_long_video_1', 'scheduled__2026-09-15T12:00:00+00:00', '--job-id', '1202', '--raw', '--subdir', 'DAGS_FOLDER/youtube_pipeline.py', '--cfg-path', '/tmp/tmp0ik092ud']
[2026-09-17T12:13:16.940+0000] {standard_task_runner.py:91} INFO - Job 1202: Subtask should_build_long_video_1
[2026-09-17T12:13:17.026+0000] {task_command.py:426} INFO - Running <TaskInstance: youtube_english_video_pipeline.should_build_long_video_1 scheduled__2026-09-15T12:00:00+00:00 [running]> on host cc859d74cf38
[2026-09-17T12:13:17.339+0000] {taskinstance.py:2648} INFO - Exporting env vars: AIRFLOW_CTX_DAG_OWNER='taky' AIRFLOW_CTX_DAG_ID='youtube_english_video_pipeline' AIRFLOW_CTX_TASK_ID='should_build_long_video_1' AIRFLOW_CTX_EXECUTION_DATE='2026-09-15T12:00:00+00:00' AIRFLOW_CTX_TRY_NUMBER='1' AIRFLOW_CTX_DAG_RUN_ID='scheduled__2026-09-15T12:00:00+00:00'
[2026-09-17T12:13:17.344+0000] {taskinstance.py:430} INFO - ::endgroup::
[2026-09-17T12:13:17.353+0000] {baseoperator.py:400} WARNING - ShortCircuitOperator.execute cannot be called outside TaskInstance!
[2026-09-17T12:13:17.355+0000] {python.py:237} INFO - Done. Returned value was: True
[2026-09-17T12:13:17.356+0000] {python.py:304} INFO - Condition result is True
[2026-09-17T12:13:17.356+0000] {python.py:307} INFO - Proceeding with downstream tasks...
[2026-09-17T12:13:17.357+0000] {taskinstance.py:441} INFO - ::group::Post task execution logs
[2026-09-17T12:13:17.384+0000] {taskinstance.py:1206} INFO - Marking task as SUCCESS. dag_id=youtube_english_video_pipeline, task_id=should_build_long_video_1, run_id=scheduled__2026-09-15T12:00:00+00:00, execution_date=20260915T120000, start_date=20260917T121316, end_date=20260917T121317
[2026-09-17T12:13:17.432+0000] {local_task_job_runner.py:243} INFO - Task exited with return code 0
[2026-09-17T12:13:17.473+0000] {taskinstance.py:3503} INFO - 0 downstream tasks scheduled from follow-on schedule check
[2026-09-17T12:13:17.481+0000] {local_task_job_runner.py:222} INFO - ::endgroup::
