[2026-09-20T12:15:25.733+0000] {local_task_job_runner.py:120} INFO - ::group::Pre task execution logs
[2026-09-20T12:15:25.762+0000] {taskinstance.py:2076} INFO - Dependencies all met for dep_context=non-requeueable deps ti=<TaskInstance: youtube_english_video_pipeline.build_short_video_7 scheduled__2026-09-19T12:00:00+00:00 [queued]>
[2026-09-20T12:15:25.769+0000] {taskinstance.py:2076} INFO - Dependencies all met for dep_context=requeueable deps ti=<TaskInstance: youtube_english_video_pipeline.build_short_video_7 scheduled__2026-09-19T12:00:00+00:00 [queued]>
[2026-09-20T12:15:25.772+0000] {taskinstance.py:2306} INFO - Starting attempt 1 of 3
[2026-09-20T12:15:25.781+0000] {taskinstance.py:2330} INFO - Executing <Task(PythonOperator): build_short_video_7> on 2026-09-19 12:00:00+00:00
[2026-09-20T12:15:25.786+0000] {standard_task_runner.py:64} INFO - Started process 85535 to run task
[2026-09-20T12:15:25.789+0000] {standard_task_runner.py:90} INFO - Running: ['airflow', 'tasks', 'run', 'youtube_english_video_pipeline', 'build_short_video_7', 'scheduled__2026-09-19T12:00:00+00:00', '--job-id', '1393', '--raw', '--subdir', 'DAGS_FOLDER/youtube_pipeline.py', '--cfg-path', '/tmp/tmp6cym6wy1']
[2026-09-20T12:15:25.790+0000] {standard_task_runner.py:91} INFO - Job 1393: Subtask build_short_video_7
[2026-09-20T12:15:25.838+0000] {task_command.py:426} INFO - Running <TaskInstance: youtube_english_video_pipeline.build_short_video_7 scheduled__2026-09-19T12:00:00+00:00 [running]> on host 73b18333cdfe
[2026-09-20T12:15:25.994+0000] {taskinstance.py:2648} INFO - Exporting env vars: AIRFLOW_CTX_DAG_OWNER='taky' AIRFLOW_CTX_DAG_ID='youtube_english_video_pipeline' AIRFLOW_CTX_TASK_ID='build_short_video_7' AIRFLOW_CTX_EXECUTION_DATE='2026-09-19T12:00:00+00:00' AIRFLOW_CTX_TRY_NUMBER='1' AIRFLOW_CTX_DAG_RUN_ID='scheduled__2026-09-19T12:00:00+00:00'
[2026-09-20T12:15:25.995+0000] {taskinstance.py:430} INFO - ::endgroup::
[2026-09-20T12:15:26.370+0000] {logging_mixin.py:188} INFO - 2026-09-20 12:15:26,370 | INFO     | planner.video_planner | Planned SHORT video: topic='Hotel English', phrases=1
[2026-09-20T12:15:26.598+0000] {logging_mixin.py:188} INFO - 2026-09-20 12:15:26,598 | INFO     | tts.edge_tts | Synthesized audio -> /opt/airflow/output/audio/phrase_3405.mp3
[2026-09-20T12:15:26.882+0000] {logging_mixin.py:188} INFO - 2026-09-20 12:15:26,882 | INFO     | tts.edge_tts | Synthesized audio -> /opt/airflow/output/audio/example_3405.mp3
[2026-09-20T12:15:27.351+0000] {logging_mixin.py:188} INFO - 2026-09-20 12:15:27,351 | INFO     | media.image_downloader | Downloaded background image for scene='hotel' -> /opt/airflow/output/images/short_3405.jpg
[2026-09-20T12:15:29.975+0000] {logging_mixin.py:188} INFO - 2026-09-20 12:15:29,975 | WARNING  | video.video_builder | BGM file not found at /opt/airflow/assets/bgm/short_bgm.mp3, rendering without background music
[2026-09-20T12:15:31.530+0000] {logging_mixin.py:188} INFO - 2026-09-20 12:15:31,529 | INFO     | video.video_builder | Final video rendered -> /opt/airflow/output/videos/short_3405.mp4
[2026-09-20T12:15:37.111+0000] {python.py:237} INFO - Done. Returned value was: {'video_id': 426, 'file_path': '/opt/airflow/output/videos/short_3405.mp4', 'title': "Hotel English: How to ask for Checkout time | Taky's Language School", 'description': "Traveling soon? Don't get stuck at the front desk! In this quick lesson from Taky's Language School, learn how to confidently ask, 'What time is checkout?' We break down the natural way to phrase this question so you can sound like a native speaker during your next hotel stay. Perfect for beginners and intermediate learners looking for practical travel English. Subscribe for more bite-sized English lessons to boost your speaking skills! #HotelEnglish #LearnEnglish #TravelEnglish #EnglishSpeaking #TakysLanguageSchool", 'tags': ['Hotel English', 'Learn English', 'English Speaking Practice', 'Travel English', 'English for Beginners', 'Speak English Fluently', 'English Conversation', 'Takys Language School', 'Short English Lessons', 'Hotel Phrases'], 'video_type': 'short'}
[2026-09-20T12:15:37.112+0000] {taskinstance.py:441} INFO - ::group::Post task execution logs
[2026-09-20T12:15:37.135+0000] {taskinstance.py:1206} INFO - Marking task as SUCCESS. dag_id=youtube_english_video_pipeline, task_id=build_short_video_7, run_id=scheduled__2026-09-19T12:00:00+00:00, execution_date=20260919T120000, start_date=20260920T121525, end_date=20260920T121537
[2026-09-20T12:15:37.164+0000] {local_task_job_runner.py:243} INFO - Task exited with return code 0
[2026-09-20T12:15:37.302+0000] {taskinstance.py:3503} INFO - 1 downstream tasks scheduled from follow-on schedule check
[2026-09-20T12:15:37.307+0000] {local_task_job_runner.py:222} INFO - ::endgroup::
