[2026-07-25T12:31:33.425+0000] {local_task_job_runner.py:120} INFO - ::group::Pre task execution logs
[2026-07-25T12:31:33.462+0000] {taskinstance.py:2076} INFO - Dependencies all met for dep_context=non-requeueable deps ti=<TaskInstance: youtube_english_video_pipeline.upload_long_video_3 manual__2026-07-25T12:21:18.111929+00:00 [queued]>
[2026-07-25T12:31:33.472+0000] {taskinstance.py:2076} INFO - Dependencies all met for dep_context=requeueable deps ti=<TaskInstance: youtube_english_video_pipeline.upload_long_video_3 manual__2026-07-25T12:21:18.111929+00:00 [queued]>
[2026-07-25T12:31:33.475+0000] {taskinstance.py:2306} INFO - Starting attempt 1 of 3
[2026-07-25T12:31:33.488+0000] {taskinstance.py:2330} INFO - Executing <Task(PythonOperator): upload_long_video_3> on 2026-07-25 12:21:18.111929+00:00
[2026-07-25T12:31:33.493+0000] {standard_task_runner.py:64} INFO - Started process 15590 to run task
[2026-07-25T12:31:33.498+0000] {standard_task_runner.py:90} INFO - Running: ['airflow', 'tasks', 'run', 'youtube_english_video_pipeline', 'upload_long_video_3', 'manual__2026-07-25T12:21:18.111929+00:00', '--job-id', '335', '--raw', '--subdir', 'DAGS_FOLDER/youtube_pipeline.py', '--cfg-path', '/tmp/tmpucmyt2_m']
[2026-07-25T12:31:33.500+0000] {standard_task_runner.py:91} INFO - Job 335: Subtask upload_long_video_3
[2026-07-25T12:31:33.583+0000] {task_command.py:426} INFO - Running <TaskInstance: youtube_english_video_pipeline.upload_long_video_3 manual__2026-07-25T12:21:18.111929+00:00 [running]> on host cc859d74cf38
[2026-07-25T12:31:33.827+0000] {taskinstance.py:2648} INFO - Exporting env vars: AIRFLOW_CTX_DAG_OWNER='taky' AIRFLOW_CTX_DAG_ID='youtube_english_video_pipeline' AIRFLOW_CTX_TASK_ID='upload_long_video_3' AIRFLOW_CTX_EXECUTION_DATE='2026-07-25T12:21:18.111929+00:00' AIRFLOW_CTX_TRY_NUMBER='1' AIRFLOW_CTX_DAG_RUN_ID='manual__2026-07-25T12:21:18.111929+00:00'
[2026-07-25T12:31:33.828+0000] {taskinstance.py:430} INFO - ::endgroup::
[2026-07-25T12:31:34.173+0000] {__init__.py:49} INFO - file_cache is only supported with oauth2client<4.0.0
[2026-07-25T12:31:34.186+0000] {logging_mixin.py:188} INFO - 2026-07-25 12:31:34,186 | INFO     | uploader.youtube_uploader | Uploading video '15 Daily English Expressions | Mixed English Expressions' (/opt/airflow/output/videos/long_517.mp4) to YouTube...
[2026-07-25T12:31:37.687+0000] {logging_mixin.py:188} INFO - 2026-07-25 12:31:37,687 | INFO     | uploader.youtube_uploader | Upload complete. YouTube video id = QMq8JZV2sKM
[2026-07-25T12:31:44.234+0000] {logging_mixin.py:188} INFO - 2026-07-25 12:31:44,234 | INFO     | uploader.youtube_uploader | Custom thumbnail uploaded.
[2026-07-25T12:31:44.248+0000] {python.py:237} INFO - Done. Returned value was: QMq8JZV2sKM
[2026-07-25T12:31:44.249+0000] {taskinstance.py:441} INFO - ::group::Post task execution logs
[2026-07-25T12:31:44.276+0000] {taskinstance.py:1206} INFO - Marking task as SUCCESS. dag_id=youtube_english_video_pipeline, task_id=upload_long_video_3, run_id=manual__2026-07-25T12:21:18.111929+00:00, execution_date=20260725T122118, start_date=20260725T123133, end_date=20260725T123144
[2026-07-25T12:31:44.340+0000] {local_task_job_runner.py:243} INFO - Task exited with return code 0
[2026-07-25T12:31:44.515+0000] {taskinstance.py:3503} INFO - 1 downstream tasks scheduled from follow-on schedule check
[2026-07-25T12:31:44.529+0000] {local_task_job_runner.py:222} INFO - ::endgroup::
