[2026-07-27T11:15:37.709+0000] {local_task_job_runner.py:120} INFO - ::group::Pre task execution logs
[2026-07-27T11:15:37.740+0000] {taskinstance.py:2076} INFO - Dependencies all met for dep_context=non-requeueable deps ti=<TaskInstance: youtube_english_video_pipeline.upload_short_video_7 manual__2026-07-27T10:57:47.140907+00:00 [queued]>
[2026-07-27T11:15:37.748+0000] {taskinstance.py:2076} INFO - Dependencies all met for dep_context=requeueable deps ti=<TaskInstance: youtube_english_video_pipeline.upload_short_video_7 manual__2026-07-27T10:57:47.140907+00:00 [queued]>
[2026-07-27T11:15:37.750+0000] {taskinstance.py:2306} INFO - Starting attempt 1 of 3
[2026-07-27T11:15:37.763+0000] {taskinstance.py:2330} INFO - Executing <Task(PythonOperator): upload_short_video_7> on 2026-07-27 10:57:47.140907+00:00
[2026-07-27T11:15:37.767+0000] {standard_task_runner.py:64} INFO - Started process 79893 to run task
[2026-07-27T11:15:37.770+0000] {standard_task_runner.py:90} INFO - Running: ['airflow', 'tasks', 'run', 'youtube_english_video_pipeline', 'upload_short_video_7', 'manual__2026-07-27T10:57:47.140907+00:00', '--job-id', '446', '--raw', '--subdir', 'DAGS_FOLDER/youtube_pipeline.py', '--cfg-path', '/tmp/tmp5wboo6qf']
[2026-07-27T11:15:37.773+0000] {standard_task_runner.py:91} INFO - Job 446: Subtask upload_short_video_7
[2026-07-27T11:15:37.854+0000] {task_command.py:426} INFO - Running <TaskInstance: youtube_english_video_pipeline.upload_short_video_7 manual__2026-07-27T10:57:47.140907+00:00 [running]> on host cc859d74cf38
[2026-07-27T11:15:38.085+0000] {taskinstance.py:2648} INFO - Exporting env vars: AIRFLOW_CTX_DAG_OWNER='taky' AIRFLOW_CTX_DAG_ID='youtube_english_video_pipeline' AIRFLOW_CTX_TASK_ID='upload_short_video_7' AIRFLOW_CTX_EXECUTION_DATE='2026-07-27T10:57:47.140907+00:00' AIRFLOW_CTX_TRY_NUMBER='1' AIRFLOW_CTX_DAG_RUN_ID='manual__2026-07-27T10:57:47.140907+00:00'
[2026-07-27T11:15:38.087+0000] {taskinstance.py:430} INFO - ::endgroup::
[2026-07-27T11:15:38.506+0000] {__init__.py:49} INFO - file_cache is only supported with oauth2client<4.0.0
[2026-07-27T11:15:38.514+0000] {logging_mixin.py:188} INFO - 2026-07-27 11:15:38,514 | INFO     | uploader.youtube_uploader | Uploading video 'Useful Hotel English: "Put that on my room charge!" 🏨 #Shorts' (/opt/airflow/output/videos/short_818.mp4) to YouTube...
[2026-07-27T11:15:41.836+0000] {logging_mixin.py:188} INFO - 2026-07-27 11:15:41,836 | INFO     | uploader.youtube_uploader | Upload complete. YouTube video id = AYp8guStgYg
[2026-07-27T11:15:41.851+0000] {python.py:237} INFO - Done. Returned value was: AYp8guStgYg
[2026-07-27T11:15:41.852+0000] {taskinstance.py:441} INFO - ::group::Post task execution logs
[2026-07-27T11:15:41.877+0000] {taskinstance.py:1206} INFO - Marking task as SUCCESS. dag_id=youtube_english_video_pipeline, task_id=upload_short_video_7, run_id=manual__2026-07-27T10:57:47.140907+00:00, execution_date=20260727T105747, start_date=20260727T111537, end_date=20260727T111541
[2026-07-27T11:15:41.925+0000] {local_task_job_runner.py:243} INFO - Task exited with return code 0
[2026-07-27T11:15:42.085+0000] {taskinstance.py:3503} INFO - 1 downstream tasks scheduled from follow-on schedule check
[2026-07-27T11:15:42.089+0000] {local_task_job_runner.py:222} INFO - ::endgroup::
