[2026-09-20T12:02:52.793+0000] {local_task_job_runner.py:120} INFO - ::group::Pre task execution logs
[2026-09-20T12:02:52.823+0000] {taskinstance.py:2076} INFO - Dependencies all met for dep_context=non-requeueable deps ti=<TaskInstance: youtube_english_video_pipeline.build_long_video_2 scheduled__2026-09-19T12:00:00+00:00 [queued]>
[2026-09-20T12:02:52.831+0000] {taskinstance.py:2076} INFO - Dependencies all met for dep_context=requeueable deps ti=<TaskInstance: youtube_english_video_pipeline.build_long_video_2 scheduled__2026-09-19T12:00:00+00:00 [queued]>
[2026-09-20T12:02:52.832+0000] {taskinstance.py:2306} INFO - Starting attempt 1 of 3
[2026-09-20T12:02:52.843+0000] {taskinstance.py:2330} INFO - Executing <Task(PythonOperator): build_long_video_2> on 2026-09-19 12:00:00+00:00
[2026-09-20T12:02:52.847+0000] {standard_task_runner.py:64} INFO - Started process 69188 to run task
[2026-09-20T12:02:52.849+0000] {standard_task_runner.py:90} INFO - Running: ['airflow', 'tasks', 'run', 'youtube_english_video_pipeline', 'build_long_video_2', 'scheduled__2026-09-19T12:00:00+00:00', '--job-id', '1370', '--raw', '--subdir', 'DAGS_FOLDER/youtube_pipeline.py', '--cfg-path', '/tmp/tmpzgmjk4ck']
[2026-09-20T12:02:52.851+0000] {standard_task_runner.py:91} INFO - Job 1370: Subtask build_long_video_2
[2026-09-20T12:02:52.895+0000] {task_command.py:426} INFO - Running <TaskInstance: youtube_english_video_pipeline.build_long_video_2 scheduled__2026-09-19T12:00:00+00:00 [running]> on host 73b18333cdfe
[2026-09-20T12:02:53.078+0000] {taskinstance.py:2648} INFO - Exporting env vars: AIRFLOW_CTX_DAG_OWNER='taky' AIRFLOW_CTX_DAG_ID='youtube_english_video_pipeline' AIRFLOW_CTX_TASK_ID='build_long_video_2' AIRFLOW_CTX_EXECUTION_DATE='2026-09-19T12:00:00+00:00' AIRFLOW_CTX_TRY_NUMBER='1' AIRFLOW_CTX_DAG_RUN_ID='scheduled__2026-09-19T12:00:00+00:00'
[2026-09-20T12:02:53.079+0000] {taskinstance.py:430} INFO - ::endgroup::
[2026-09-20T12:02:53.720+0000] {logging_mixin.py:188} INFO - 2026-09-20 12:02:53,720 | INFO     | planner.video_planner | Planned LONG video: topic='Business English', phrases=17
[2026-09-20T12:02:53.957+0000] {logging_mixin.py:188} INFO - 2026-09-20 12:02:53,957 | INFO     | tts.edge_tts | Synthesized audio -> /opt/airflow/output/audio/phrase_3360.mp3
[2026-09-20T12:02:54.264+0000] {logging_mixin.py:188} INFO - 2026-09-20 12:02:54,264 | INFO     | tts.edge_tts | Synthesized audio -> /opt/airflow/output/audio/example_3360.mp3
[2026-09-20T12:02:54.635+0000] {logging_mixin.py:188} INFO - 2026-09-20 12:02:54,635 | INFO     | media.image_downloader | Downloaded background image for scene='office' -> /opt/airflow/output/images/long_3360.jpg
[2026-09-20T12:02:58.457+0000] {logging_mixin.py:188} INFO - 2026-09-20 12:02:58,457 | INFO     | tts.edge_tts | Synthesized audio -> /opt/airflow/output/audio/phrase_3363.mp3
[2026-09-20T12:02:58.776+0000] {logging_mixin.py:188} INFO - 2026-09-20 12:02:58,776 | INFO     | tts.edge_tts | Synthesized audio -> /opt/airflow/output/audio/example_3363.mp3
[2026-09-20T12:02:59.220+0000] {logging_mixin.py:188} INFO - 2026-09-20 12:02:59,220 | INFO     | media.image_downloader | Downloaded background image for scene='office' -> /opt/airflow/output/images/long_3363.jpg
[2026-09-20T12:03:02.463+0000] {logging_mixin.py:188} INFO - 2026-09-20 12:03:02,462 | INFO     | tts.edge_tts | Synthesized audio -> /opt/airflow/output/audio/phrase_3364.mp3
[2026-09-20T12:03:02.796+0000] {logging_mixin.py:188} INFO - 2026-09-20 12:03:02,796 | INFO     | tts.edge_tts | Synthesized audio -> /opt/airflow/output/audio/example_3364.mp3
[2026-09-20T12:03:03.354+0000] {logging_mixin.py:188} INFO - 2026-09-20 12:03:03,354 | INFO     | media.image_downloader | Downloaded background image for scene='office' -> /opt/airflow/output/images/long_3364.jpg
[2026-09-20T12:03:06.618+0000] {logging_mixin.py:188} INFO - 2026-09-20 12:03:06,618 | INFO     | tts.edge_tts | Synthesized audio -> /opt/airflow/output/audio/phrase_3373.mp3
[2026-09-20T12:03:07.016+0000] {logging_mixin.py:188} INFO - 2026-09-20 12:03:07,016 | INFO     | tts.edge_tts | Synthesized audio -> /opt/airflow/output/audio/example_3373.mp3
[2026-09-20T12:03:07.487+0000] {logging_mixin.py:188} INFO - 2026-09-20 12:03:07,486 | INFO     | media.image_downloader | Downloaded background image for scene='office' -> /opt/airflow/output/images/long_3373.jpg
[2026-09-20T12:03:10.754+0000] {logging_mixin.py:188} INFO - 2026-09-20 12:03:10,754 | INFO     | tts.edge_tts | Synthesized audio -> /opt/airflow/output/audio/phrase_3382.mp3
[2026-09-20T12:03:11.074+0000] {logging_mixin.py:188} INFO - 2026-09-20 12:03:11,074 | INFO     | tts.edge_tts | Synthesized audio -> /opt/airflow/output/audio/example_3382.mp3
[2026-09-20T12:03:11.548+0000] {logging_mixin.py:188} INFO - 2026-09-20 12:03:11,548 | INFO     | media.image_downloader | Downloaded background image for scene='office' -> /opt/airflow/output/images/long_3382.jpg
[2026-09-20T12:03:14.883+0000] {logging_mixin.py:188} INFO - 2026-09-20 12:03:14,883 | INFO     | tts.edge_tts | Synthesized audio -> /opt/airflow/output/audio/phrase_3383.mp3
[2026-09-20T12:03:15.323+0000] {logging_mixin.py:188} INFO - 2026-09-20 12:03:15,323 | INFO     | tts.edge_tts | Synthesized audio -> /opt/airflow/output/audio/example_3383.mp3
[2026-09-20T12:03:16.328+0000] {logging_mixin.py:188} INFO - 2026-09-20 12:03:16,328 | INFO     | media.image_downloader | Downloaded background image for scene='phone' -> /opt/airflow/output/images/long_3383.jpg
[2026-09-20T12:03:19.911+0000] {logging_mixin.py:188} INFO - 2026-09-20 12:03:19,911 | INFO     | tts.edge_tts | Synthesized audio -> /opt/airflow/output/audio/phrase_3392.mp3
[2026-09-20T12:03:20.424+0000] {logging_mixin.py:188} INFO - 2026-09-20 12:03:20,424 | INFO     | tts.edge_tts | Synthesized audio -> /opt/airflow/output/audio/example_3392.mp3
[2026-09-20T12:03:20.833+0000] {logging_mixin.py:188} INFO - 2026-09-20 12:03:20,833 | INFO     | media.image_downloader | Downloaded background image for scene='meeting room' -> /opt/airflow/output/images/long_3392.jpg
[2026-09-20T12:03:24.634+0000] {logging_mixin.py:188} INFO - 2026-09-20 12:03:24,634 | INFO     | tts.edge_tts | Synthesized audio -> /opt/airflow/output/audio/phrase_3396.mp3
[2026-09-20T12:03:24.922+0000] {logging_mixin.py:188} INFO - 2026-09-20 12:03:24,922 | INFO     | tts.edge_tts | Synthesized audio -> /opt/airflow/output/audio/example_3396.mp3
[2026-09-20T12:03:25.548+0000] {logging_mixin.py:188} INFO - 2026-09-20 12:03:25,547 | INFO     | media.image_downloader | Downloaded background image for scene='counter' -> /opt/airflow/output/images/long_3396.jpg
[2026-09-20T12:03:28.559+0000] {logging_mixin.py:188} INFO - 2026-09-20 12:03:28,558 | INFO     | tts.edge_tts | Synthesized audio -> /opt/airflow/output/audio/phrase_3410.mp3
[2026-09-20T12:03:28.866+0000] {logging_mixin.py:188} INFO - 2026-09-20 12:03:28,866 | INFO     | tts.edge_tts | Synthesized audio -> /opt/airflow/output/audio/example_3410.mp3
[2026-09-20T12:03:29.277+0000] {logging_mixin.py:188} INFO - 2026-09-20 12:03:29,277 | INFO     | media.image_downloader | Downloaded background image for scene='office' -> /opt/airflow/output/images/long_3410.jpg
[2026-09-20T12:03:32.779+0000] {logging_mixin.py:188} INFO - 2026-09-20 12:03:32,779 | INFO     | tts.edge_tts | Synthesized audio -> /opt/airflow/output/audio/phrase_3411.mp3
[2026-09-20T12:03:33.048+0000] {logging_mixin.py:188} INFO - 2026-09-20 12:03:33,048 | INFO     | tts.edge_tts | Synthesized audio -> /opt/airflow/output/audio/example_3411.mp3
[2026-09-20T12:03:33.453+0000] {logging_mixin.py:188} INFO - 2026-09-20 12:03:33,453 | INFO     | media.image_downloader | Downloaded background image for scene='office' -> /opt/airflow/output/images/long_3411.jpg
[2026-09-20T12:03:36.766+0000] {logging_mixin.py:188} INFO - 2026-09-20 12:03:36,766 | INFO     | tts.edge_tts | Synthesized audio -> /opt/airflow/output/audio/phrase_3412.mp3
[2026-09-20T12:03:37.059+0000] {logging_mixin.py:188} INFO - 2026-09-20 12:03:37,059 | INFO     | tts.edge_tts | Synthesized audio -> /opt/airflow/output/audio/example_3412.mp3
[2026-09-20T12:03:38.029+0000] {logging_mixin.py:188} INFO - 2026-09-20 12:03:38,028 | INFO     | media.image_downloader | Downloaded background image for scene='meeting' -> /opt/airflow/output/images/long_3412.jpg
[2026-09-20T12:03:41.756+0000] {logging_mixin.py:188} INFO - 2026-09-20 12:03:41,756 | INFO     | tts.edge_tts | Synthesized audio -> /opt/airflow/output/audio/phrase_3431.mp3
[2026-09-20T12:03:42.124+0000] {logging_mixin.py:188} INFO - 2026-09-20 12:03:42,124 | INFO     | tts.edge_tts | Synthesized audio -> /opt/airflow/output/audio/example_3431.mp3
[2026-09-20T12:03:42.610+0000] {logging_mixin.py:188} INFO - 2026-09-20 12:03:42,610 | INFO     | media.image_downloader | Downloaded background image for scene='office' -> /opt/airflow/output/images/long_3431.jpg
[2026-09-20T12:03:46.037+0000] {logging_mixin.py:188} INFO - 2026-09-20 12:03:46,036 | INFO     | tts.edge_tts | Synthesized audio -> /opt/airflow/output/audio/phrase_3432.mp3
[2026-09-20T12:03:46.285+0000] {logging_mixin.py:188} INFO - 2026-09-20 12:03:46,285 | INFO     | tts.edge_tts | Synthesized audio -> /opt/airflow/output/audio/example_3432.mp3
[2026-09-20T12:03:46.709+0000] {logging_mixin.py:188} INFO - 2026-09-20 12:03:46,709 | INFO     | media.image_downloader | Downloaded background image for scene='office' -> /opt/airflow/output/images/long_3432.jpg
[2026-09-20T12:03:50.745+0000] {logging_mixin.py:188} INFO - 2026-09-20 12:03:50,745 | INFO     | tts.edge_tts | Synthesized audio -> /opt/airflow/output/audio/phrase_3433.mp3
[2026-09-20T12:03:51.135+0000] {logging_mixin.py:188} INFO - 2026-09-20 12:03:51,135 | INFO     | tts.edge_tts | Synthesized audio -> /opt/airflow/output/audio/example_3433.mp3
[2026-09-20T12:03:51.570+0000] {logging_mixin.py:188} INFO - 2026-09-20 12:03:51,570 | INFO     | media.image_downloader | Downloaded background image for scene='office' -> /opt/airflow/output/images/long_3433.jpg
[2026-09-20T12:03:55.018+0000] {logging_mixin.py:188} INFO - 2026-09-20 12:03:55,018 | INFO     | tts.edge_tts | Synthesized audio -> /opt/airflow/output/audio/phrase_3445.mp3
[2026-09-20T12:03:55.327+0000] {logging_mixin.py:188} INFO - 2026-09-20 12:03:55,327 | INFO     | tts.edge_tts | Synthesized audio -> /opt/airflow/output/audio/example_3445.mp3
[2026-09-20T12:03:55.827+0000] {logging_mixin.py:188} INFO - 2026-09-20 12:03:55,827 | INFO     | media.image_downloader | Downloaded background image for scene='office' -> /opt/airflow/output/images/long_3445.jpg
[2026-09-20T12:03:59.274+0000] {logging_mixin.py:188} INFO - 2026-09-20 12:03:59,274 | INFO     | tts.edge_tts | Synthesized audio -> /opt/airflow/output/audio/phrase_3447.mp3
[2026-09-20T12:03:59.590+0000] {logging_mixin.py:188} INFO - 2026-09-20 12:03:59,590 | INFO     | tts.edge_tts | Synthesized audio -> /opt/airflow/output/audio/example_3447.mp3
[2026-09-20T12:03:59.982+0000] {logging_mixin.py:188} INFO - 2026-09-20 12:03:59,982 | INFO     | media.image_downloader | Downloaded background image for scene='office' -> /opt/airflow/output/images/long_3447.jpg
[2026-09-20T12:04:03.152+0000] {logging_mixin.py:188} INFO - 2026-09-20 12:04:03,152 | INFO     | tts.edge_tts | Synthesized audio -> /opt/airflow/output/audio/phrase_3353.mp3
[2026-09-20T12:04:03.437+0000] {logging_mixin.py:188} INFO - 2026-09-20 12:04:03,437 | INFO     | tts.edge_tts | Synthesized audio -> /opt/airflow/output/audio/example_3353.mp3
[2026-09-20T12:04:03.895+0000] {logging_mixin.py:188} INFO - 2026-09-20 12:04:03,895 | INFO     | media.image_downloader | Downloaded background image for scene='office' -> /opt/airflow/output/images/long_3353.jpg
[2026-09-20T12:04:07.821+0000] {logging_mixin.py:188} INFO - 2026-09-20 12:04:07,821 | WARNING  | video.video_builder | BGM file not found at /opt/airflow/assets/bgm/long_bgm.mp3, rendering without background music
[2026-09-20T12:04:32.244+0000] {logging_mixin.py:188} INFO - 2026-09-20 12:04:32,244 | INFO     | video.video_builder | Final video rendered -> /opt/airflow/output/videos/long_3360.mp4
[2026-09-20T12:04:34.376+0000] {logging_mixin.py:188} INFO - 2026-09-20 12:04:34,376 | INFO     | media.thumbnail_builder | Built thumbnail -> /opt/airflow/output/thumbnails/long_3360.jpg
[2026-09-20T12:04:34.487+0000] {python.py:237} INFO - Done. Returned value was: {'video_id': 417, 'file_path': '/opt/airflow/output/videos/long_3360.mp4', 'thumbnail_path': '/opt/airflow/output/thumbnails/long_3360.jpg', 'title': '17 Essential Business English Phrases You Need to Know | Speak Like a Pro', 'description': "Master professional communication with these 17 essential Business English phrases! Whether you're in a meeting, on a phone call, or emailing colleagues, these expressions will help you sound more confident and fluent. In this video from Taky's Language School, we cover common workplace phrases like 'let's touch base,' 'keep me in the loop,' and 'does that work for you?' with practical examples for every situation. Perfect for English learners looking to improve their professional speaking skills. Don't forget to like, subscribe, and hit the bell icon for more English lessons to boost your career!", 'tags': ['Business English', 'English phrases', 'Professional English', 'Learn English', 'English speaking skills', "Taky's Language School", 'Workplace English', 'English for professionals', 'Communication skills', 'Business English conversation'], 'video_type': 'long'}
[2026-09-20T12:04:34.488+0000] {taskinstance.py:441} INFO - ::group::Post task execution logs
[2026-09-20T12:04:34.513+0000] {taskinstance.py:1206} INFO - Marking task as SUCCESS. dag_id=youtube_english_video_pipeline, task_id=build_long_video_2, run_id=scheduled__2026-09-19T12:00:00+00:00, execution_date=20260919T120000, start_date=20260920T120252, end_date=20260920T120434
[2026-09-20T12:04:34.576+0000] {local_task_job_runner.py:243} INFO - Task exited with return code 0
[2026-09-20T12:04:34.721+0000] {taskinstance.py:3503} INFO - 1 downstream tasks scheduled from follow-on schedule check
[2026-09-20T12:04:34.724+0000] {local_task_job_runner.py:222} INFO - ::endgroup::
