[2026-07-27T01:30:08.034+0000] {local_task_job_runner.py:120} INFO - ::group::Pre task execution logs
[2026-07-27T01:30:08.103+0000] {taskinstance.py:2076} INFO - Dependencies all met for dep_context=non-requeueable deps ti=<TaskInstance: youtube_english_video_pipeline.build_long_video_2 scheduled__2026-07-25T12:00:00+00:00 [queued]>
[2026-07-27T01:30:08.116+0000] {taskinstance.py:2076} INFO - Dependencies all met for dep_context=requeueable deps ti=<TaskInstance: youtube_english_video_pipeline.build_long_video_2 scheduled__2026-07-25T12:00:00+00:00 [queued]>
[2026-07-27T01:30:08.118+0000] {taskinstance.py:2306} INFO - Starting attempt 1 of 3
[2026-07-27T01:30:08.142+0000] {taskinstance.py:2330} INFO - Executing <Task(PythonOperator): build_long_video_2> on 2026-07-25 12:00:00+00:00
[2026-07-27T01:30:08.163+0000] {standard_task_runner.py:64} INFO - Started process 31789 to run task
[2026-07-27T01:30:08.170+0000] {standard_task_runner.py:90} INFO - Running: ['airflow', 'tasks', 'run', 'youtube_english_video_pipeline', 'build_long_video_2', 'scheduled__2026-07-25T12:00:00+00:00', '--job-id', '372', '--raw', '--subdir', 'DAGS_FOLDER/youtube_pipeline.py', '--cfg-path', '/tmp/tmp1_3qskc8']
[2026-07-27T01:30:08.176+0000] {standard_task_runner.py:91} INFO - Job 372: Subtask build_long_video_2
[2026-07-27T01:30:08.329+0000] {task_command.py:426} INFO - Running <TaskInstance: youtube_english_video_pipeline.build_long_video_2 scheduled__2026-07-25T12:00:00+00:00 [running]> on host cc859d74cf38
[2026-07-27T01:30:08.753+0000] {taskinstance.py:2648} INFO - Exporting env vars: AIRFLOW_CTX_DAG_OWNER='taky' AIRFLOW_CTX_DAG_ID='youtube_english_video_pipeline' AIRFLOW_CTX_TASK_ID='build_long_video_2' AIRFLOW_CTX_EXECUTION_DATE='2026-07-25T12:00:00+00:00' AIRFLOW_CTX_TRY_NUMBER='1' AIRFLOW_CTX_DAG_RUN_ID='scheduled__2026-07-25T12:00:00+00:00'
[2026-07-27T01:30:08.757+0000] {taskinstance.py:430} INFO - ::endgroup::
[2026-07-27T01:30:10.511+0000] {logging_mixin.py:188} INFO - 2026-07-27 01:30:10,511 | INFO     | planner.video_planner | Planned LONG video: topic='Shopping English', phrases=17
[2026-07-27T01:30:10.896+0000] {logging_mixin.py:188} INFO - 2026-07-27 01:30:10,896 | INFO     | tts.edge_tts | Synthesized audio -> /opt/airflow/output/audio/phrase_602.mp3
[2026-07-27T01:30:11.346+0000] {logging_mixin.py:188} INFO - 2026-07-27 01:30:11,346 | INFO     | tts.edge_tts | Synthesized audio -> /opt/airflow/output/audio/example_602.mp3
[2026-07-27T01:30:11.662+0000] {logging_mixin.py:188} INFO - 2026-07-27 01:30:11,662 | INFO     | media.image_downloader | Downloaded background image for scene='store' -> /opt/airflow/output/images/long_602.jpg
[2026-07-27T01:30:20.250+0000] {logging_mixin.py:188} INFO - 2026-07-27 01:30:20,250 | INFO     | tts.edge_tts | Synthesized audio -> /opt/airflow/output/audio/phrase_630.mp3
[2026-07-27T01:30:20.674+0000] {logging_mixin.py:188} INFO - 2026-07-27 01:30:20,674 | INFO     | tts.edge_tts | Synthesized audio -> /opt/airflow/output/audio/example_630.mp3
[2026-07-27T01:30:20.930+0000] {logging_mixin.py:188} INFO - 2026-07-27 01:30:20,930 | INFO     | media.image_downloader | Downloaded background image for scene='store' -> /opt/airflow/output/images/long_630.jpg
[2026-07-27T01:30:26.557+0000] {logging_mixin.py:188} INFO - 2026-07-27 01:30:26,557 | INFO     | tts.edge_tts | Synthesized audio -> /opt/airflow/output/audio/phrase_633.mp3
[2026-07-27T01:30:26.962+0000] {logging_mixin.py:188} INFO - 2026-07-27 01:30:26,962 | INFO     | tts.edge_tts | Synthesized audio -> /opt/airflow/output/audio/example_633.mp3
[2026-07-27T01:30:27.187+0000] {logging_mixin.py:188} INFO - 2026-07-27 01:30:27,187 | INFO     | media.image_downloader | Downloaded background image for scene='supermarket' -> /opt/airflow/output/images/long_633.jpg
[2026-07-27T01:30:31.856+0000] {logging_mixin.py:188} INFO - 2026-07-27 01:30:31,856 | INFO     | tts.edge_tts | Synthesized audio -> /opt/airflow/output/audio/phrase_612.mp3
[2026-07-27T01:30:32.262+0000] {logging_mixin.py:188} INFO - 2026-07-27 01:30:32,262 | INFO     | tts.edge_tts | Synthesized audio -> /opt/airflow/output/audio/example_612.mp3
[2026-07-27T01:30:32.548+0000] {logging_mixin.py:188} INFO - 2026-07-27 01:30:32,548 | INFO     | media.image_downloader | Downloaded background image for scene='shopping' -> /opt/airflow/output/images/long_612.jpg
[2026-07-27T01:30:38.913+0000] {logging_mixin.py:188} INFO - 2026-07-27 01:30:38,912 | INFO     | tts.edge_tts | Synthesized audio -> /opt/airflow/output/audio/phrase_615.mp3
[2026-07-27T01:30:39.397+0000] {logging_mixin.py:188} INFO - 2026-07-27 01:30:39,397 | INFO     | tts.edge_tts | Synthesized audio -> /opt/airflow/output/audio/example_615.mp3
[2026-07-27T01:30:39.689+0000] {logging_mixin.py:188} INFO - 2026-07-27 01:30:39,689 | INFO     | media.image_downloader | Downloaded background image for scene='store' -> /opt/airflow/output/images/long_615.jpg
[2026-07-27T01:30:44.898+0000] {logging_mixin.py:188} INFO - 2026-07-27 01:30:44,898 | INFO     | tts.edge_tts | Synthesized audio -> /opt/airflow/output/audio/phrase_640.mp3
[2026-07-27T01:30:45.328+0000] {logging_mixin.py:188} INFO - 2026-07-27 01:30:45,328 | INFO     | tts.edge_tts | Synthesized audio -> /opt/airflow/output/audio/example_640.mp3
[2026-07-27T01:30:45.607+0000] {logging_mixin.py:188} INFO - 2026-07-27 01:30:45,607 | INFO     | media.image_downloader | Downloaded background image for scene='shopping' -> /opt/airflow/output/images/long_640.jpg
[2026-07-27T01:30:51.168+0000] {logging_mixin.py:188} INFO - 2026-07-27 01:30:51,167 | INFO     | tts.edge_tts | Synthesized audio -> /opt/airflow/output/audio/phrase_641.mp3
[2026-07-27T01:30:51.652+0000] {logging_mixin.py:188} INFO - 2026-07-27 01:30:51,652 | INFO     | tts.edge_tts | Synthesized audio -> /opt/airflow/output/audio/example_641.mp3
[2026-07-27T01:30:51.989+0000] {logging_mixin.py:188} INFO - 2026-07-27 01:30:51,989 | INFO     | media.image_downloader | Downloaded background image for scene='shopping' -> /opt/airflow/output/images/long_641.jpg
[2026-07-27T01:30:58.282+0000] {logging_mixin.py:188} INFO - 2026-07-27 01:30:58,282 | INFO     | tts.edge_tts | Synthesized audio -> /opt/airflow/output/audio/phrase_651.mp3
[2026-07-27T01:30:58.761+0000] {logging_mixin.py:188} INFO - 2026-07-27 01:30:58,761 | INFO     | tts.edge_tts | Synthesized audio -> /opt/airflow/output/audio/example_651.mp3
[2026-07-27T01:30:59.060+0000] {logging_mixin.py:188} INFO - 2026-07-27 01:30:59,060 | INFO     | media.image_downloader | Downloaded background image for scene='store' -> /opt/airflow/output/images/long_651.jpg
[2026-07-27T01:31:04.211+0000] {logging_mixin.py:188} INFO - 2026-07-27 01:31:04,211 | INFO     | tts.edge_tts | Synthesized audio -> /opt/airflow/output/audio/phrase_664.mp3
[2026-07-27T01:31:04.663+0000] {logging_mixin.py:188} INFO - 2026-07-27 01:31:04,662 | INFO     | tts.edge_tts | Synthesized audio -> /opt/airflow/output/audio/example_664.mp3
[2026-07-27T01:31:04.894+0000] {logging_mixin.py:188} INFO - 2026-07-27 01:31:04,893 | INFO     | media.image_downloader | Downloaded background image for scene='shopping' -> /opt/airflow/output/images/long_664.jpg
[2026-07-27T01:31:10.672+0000] {logging_mixin.py:188} INFO - 2026-07-27 01:31:10,672 | INFO     | tts.edge_tts | Synthesized audio -> /opt/airflow/output/audio/phrase_668.mp3
[2026-07-27T01:31:11.155+0000] {logging_mixin.py:188} INFO - 2026-07-27 01:31:11,154 | INFO     | tts.edge_tts | Synthesized audio -> /opt/airflow/output/audio/example_668.mp3
[2026-07-27T01:31:11.400+0000] {logging_mixin.py:188} INFO - 2026-07-27 01:31:11,399 | INFO     | media.image_downloader | Downloaded background image for scene='shopping' -> /opt/airflow/output/images/long_668.jpg
[2026-07-27T01:31:17.422+0000] {logging_mixin.py:188} INFO - 2026-07-27 01:31:17,422 | INFO     | tts.edge_tts | Synthesized audio -> /opt/airflow/output/audio/phrase_678.mp3
[2026-07-27T01:31:17.798+0000] {logging_mixin.py:188} INFO - 2026-07-27 01:31:17,797 | INFO     | tts.edge_tts | Synthesized audio -> /opt/airflow/output/audio/example_678.mp3
[2026-07-27T01:31:18.065+0000] {logging_mixin.py:188} INFO - 2026-07-27 01:31:18,065 | INFO     | media.image_downloader | Downloaded background image for scene='shopping' -> /opt/airflow/output/images/long_678.jpg
[2026-07-27T01:31:24.069+0000] {logging_mixin.py:188} INFO - 2026-07-27 01:31:24,069 | INFO     | tts.edge_tts | Synthesized audio -> /opt/airflow/output/audio/phrase_684.mp3
[2026-07-27T01:31:24.483+0000] {logging_mixin.py:188} INFO - 2026-07-27 01:31:24,483 | INFO     | tts.edge_tts | Synthesized audio -> /opt/airflow/output/audio/example_684.mp3
[2026-07-27T01:31:24.836+0000] {logging_mixin.py:188} INFO - 2026-07-27 01:31:24,836 | INFO     | media.image_downloader | Downloaded background image for scene='market' -> /opt/airflow/output/images/long_684.jpg
[2026-07-27T01:31:31.465+0000] {logging_mixin.py:188} INFO - 2026-07-27 01:31:31,465 | INFO     | tts.edge_tts | Synthesized audio -> /opt/airflow/output/audio/phrase_691.mp3
[2026-07-27T01:31:31.867+0000] {logging_mixin.py:188} INFO - 2026-07-27 01:31:31,866 | INFO     | tts.edge_tts | Synthesized audio -> /opt/airflow/output/audio/example_691.mp3
[2026-07-27T01:31:32.260+0000] {logging_mixin.py:188} INFO - 2026-07-27 01:31:32,260 | INFO     | media.image_downloader | Downloaded background image for scene='store' -> /opt/airflow/output/images/long_691.jpg
[2026-07-27T01:31:37.129+0000] {logging_mixin.py:188} INFO - 2026-07-27 01:31:37,129 | INFO     | tts.edge_tts | Synthesized audio -> /opt/airflow/output/audio/phrase_696.mp3
[2026-07-27T01:31:37.539+0000] {logging_mixin.py:188} INFO - 2026-07-27 01:31:37,539 | INFO     | tts.edge_tts | Synthesized audio -> /opt/airflow/output/audio/example_696.mp3
[2026-07-27T01:31:37.775+0000] {logging_mixin.py:188} INFO - 2026-07-27 01:31:37,774 | INFO     | media.image_downloader | Downloaded background image for scene='store' -> /opt/airflow/output/images/long_696.jpg
[2026-07-27T01:31:42.699+0000] {logging_mixin.py:188} INFO - 2026-07-27 01:31:42,699 | INFO     | tts.edge_tts | Synthesized audio -> /opt/airflow/output/audio/phrase_702.mp3
[2026-07-27T01:31:43.055+0000] {logging_mixin.py:188} INFO - 2026-07-27 01:31:43,055 | INFO     | tts.edge_tts | Synthesized audio -> /opt/airflow/output/audio/example_702.mp3
[2026-07-27T01:31:43.416+0000] {logging_mixin.py:188} INFO - 2026-07-27 01:31:43,416 | INFO     | media.image_downloader | Downloaded background image for scene='market' -> /opt/airflow/output/images/long_702.jpg
[2026-07-27T01:31:48.730+0000] {logging_mixin.py:188} INFO - 2026-07-27 01:31:48,730 | INFO     | tts.edge_tts | Synthesized audio -> /opt/airflow/output/audio/phrase_705.mp3
[2026-07-27T01:31:49.141+0000] {logging_mixin.py:188} INFO - 2026-07-27 01:31:49,140 | INFO     | tts.edge_tts | Synthesized audio -> /opt/airflow/output/audio/example_705.mp3
[2026-07-27T01:31:49.397+0000] {logging_mixin.py:188} INFO - 2026-07-27 01:31:49,397 | INFO     | media.image_downloader | Downloaded background image for scene='store' -> /opt/airflow/output/images/long_705.jpg
[2026-07-27T01:31:53.669+0000] {logging_mixin.py:188} INFO - 2026-07-27 01:31:53,669 | INFO     | tts.edge_tts | Synthesized audio -> /opt/airflow/output/audio/phrase_707.mp3
[2026-07-27T01:31:53.969+0000] {logging_mixin.py:188} INFO - 2026-07-27 01:31:53,969 | INFO     | tts.edge_tts | Synthesized audio -> /opt/airflow/output/audio/example_707.mp3
[2026-07-27T01:31:54.266+0000] {logging_mixin.py:188} INFO - 2026-07-27 01:31:54,266 | INFO     | media.image_downloader | Downloaded background image for scene='store' -> /opt/airflow/output/images/long_707.jpg
[2026-07-27T01:32:01.821+0000] {logging_mixin.py:188} INFO - 2026-07-27 01:32:01,821 | WARNING  | video.video_builder | BGM file not found at /opt/airflow/assets/bgm/long_bgm.mp3, rendering without background music
[2026-07-27T01:32:34.425+0000] {logging_mixin.py:188} INFO - 2026-07-27 01:32:34,424 | INFO     | video.video_builder | Final video rendered -> /opt/airflow/output/videos/long_602.mp4
[2026-07-27T01:32:41.448+0000] {logging_mixin.py:188} INFO - 2026-07-27 01:32:41,448 | INFO     | media.thumbnail_builder | Built thumbnail -> /opt/airflow/output/thumbnails/long_602.jpg
[2026-07-27T01:32:41.857+0000] {python.py:237} INFO - Done. Returned value was: {'video_id': 78, 'file_path': '/opt/airflow/output/videos/long_602.mp4', 'thumbnail_path': '/opt/airflow/output/thumbnails/long_602.jpg', 'title': "Shopping English Phrases You Must Know! | Taky's Language School", 'description': "Welcome to Taky's Language School! In this lesson, you will learn essential shopping English phrases to help you shop with confidence anywhere in the world.\n\nPhrases covered in this video:\n- Is this item on sale?\n- Can I try this on?\n- I'm just browsing, thanks.\n- Do you carry this in a larger size?\n- Is there a discount on this?\n- Does this come with a warranty?\n- Do you take credit cards?\n- Could I get a receipt?\n- What are your hours?\n\nPractice these natural spoken English expressions to ask about prices, discounts, sizes, payment methods, and store information with ease.\n\nDon't forget to like, comment, and subscribe for more real-life English lessons!", 'tags': ['shopping english', 'english for shopping', 'spoken english', 'learn english', 'english conversation', 'english phrases', "taky's language school", 'practical english', 'daily english phrases', 'english speaking practice', 'shopping vocabulary'], 'video_type': 'long'}
[2026-07-27T01:32:41.860+0000] {taskinstance.py:441} INFO - ::group::Post task execution logs
[2026-07-27T01:32:41.928+0000] {taskinstance.py:1206} INFO - Marking task as SUCCESS. dag_id=youtube_english_video_pipeline, task_id=build_long_video_2, run_id=scheduled__2026-07-25T12:00:00+00:00, execution_date=20260725T120000, start_date=20260727T013008, end_date=20260727T013241
[2026-07-27T01:32:42.043+0000] {local_task_job_runner.py:243} INFO - Task exited with return code 0
[2026-07-27T01:32:42.500+0000] {taskinstance.py:3503} INFO - 1 downstream tasks scheduled from follow-on schedule check
[2026-07-27T01:32:42.508+0000] {local_task_job_runner.py:222} INFO - ::endgroup::
