[2026-09-09T00:22:39.950+0000] {local_task_job_runner.py:120} INFO - ::group::Pre task execution logs
[2026-09-09T00:22:39.990+0000] {taskinstance.py:2076} INFO - Dependencies all met for dep_context=non-requeueable deps ti=<TaskInstance: youtube_english_video_pipeline.upload_short_video_1 manual__2026-09-09T00:16:13.135356+00:00 [queued]>
[2026-09-09T00:22:39.998+0000] {taskinstance.py:2076} INFO - Dependencies all met for dep_context=requeueable deps ti=<TaskInstance: youtube_english_video_pipeline.upload_short_video_1 manual__2026-09-09T00:16:13.135356+00:00 [queued]>
[2026-09-09T00:22:39.999+0000] {taskinstance.py:2306} INFO - Starting attempt 1 of 3
[2026-09-09T00:22:40.008+0000] {taskinstance.py:2330} INFO - Executing <Task(PythonOperator): upload_short_video_1> on 2026-09-09 00:16:13.135356+00:00
[2026-09-09T00:22:40.012+0000] {standard_task_runner.py:64} INFO - Started process 785 to run task
[2026-09-09T00:22:40.017+0000] {standard_task_runner.py:90} INFO - Running: ['airflow', 'tasks', 'run', 'youtube_english_video_pipeline', 'upload_short_video_1', 'manual__2026-09-09T00:16:13.135356+00:00', '--job-id', '1035', '--raw', '--subdir', 'DAGS_FOLDER/youtube_pipeline.py', '--cfg-path', '/tmp/tmp8l6ymhc1']
[2026-09-09T00:22:40.022+0000] {standard_task_runner.py:91} INFO - Job 1035: Subtask upload_short_video_1
[2026-09-09T00:22:40.097+0000] {task_command.py:426} INFO - Running <TaskInstance: youtube_english_video_pipeline.upload_short_video_1 manual__2026-09-09T00:16:13.135356+00:00 [running]> on host cc859d74cf38
[2026-09-09T00:22:40.352+0000] {taskinstance.py:2648} INFO - Exporting env vars: AIRFLOW_CTX_DAG_OWNER='taky' AIRFLOW_CTX_DAG_ID='youtube_english_video_pipeline' AIRFLOW_CTX_TASK_ID='upload_short_video_1' AIRFLOW_CTX_EXECUTION_DATE='2026-09-09T00:16:13.135356+00:00' AIRFLOW_CTX_TRY_NUMBER='1' AIRFLOW_CTX_DAG_RUN_ID='manual__2026-09-09T00:16:13.135356+00:00'
[2026-09-09T00:22:40.353+0000] {taskinstance.py:430} INFO - ::endgroup::
[2026-09-09T00:22:40.868+0000] {__init__.py:49} INFO - file_cache is only supported with oauth2client<4.0.0
[2026-09-09T00:22:40.886+0000] {logging_mixin.py:188} INFO - 2026-09-09 00:22:40,886 | INFO     | uploader.youtube_uploader | Uploading video 'Daily English Phrase | Restaurant English' (/opt/airflow/output/videos/short_2661.mp4) to YouTube...
[2026-09-09T00:22:44.053+0000] {logging_mixin.py:188} INFO - 2026-09-09 00:22:44,052 | INFO     | uploader.youtube_uploader | Upload complete. YouTube video id = CixKTV1JHio
[2026-09-09T00:22:44.064+0000] {python.py:237} INFO - Done. Returned value was: CixKTV1JHio
[2026-09-09T00:22:44.065+0000] {taskinstance.py:441} INFO - ::group::Post task execution logs
[2026-09-09T00:22:44.086+0000] {taskinstance.py:1206} INFO - Marking task as SUCCESS. dag_id=youtube_english_video_pipeline, task_id=upload_short_video_1, run_id=manual__2026-09-09T00:16:13.135356+00:00, execution_date=20260909T001613, start_date=20260909T002239, end_date=20260909T002244
[2026-09-09T00:22:44.130+0000] {local_task_job_runner.py:243} INFO - Task exited with return code 0
[2026-09-09T00:22:44.289+0000] {taskinstance.py:3503} INFO - 1 downstream tasks scheduled from follow-on schedule check
[2026-09-09T00:22:44.292+0000] {local_task_job_runner.py:222} INFO - ::endgroup::
