[2026-09-20T12:02:36.487+0000] {local_task_job_runner.py:120} INFO - ::group::Pre task execution logs
[2026-09-20T12:02:36.523+0000] {taskinstance.py:2076} INFO - Dependencies all met for dep_context=non-requeueable deps ti=<TaskInstance: youtube_english_video_pipeline.build_short_video_2 scheduled__2026-09-19T12:00:00+00:00 [queued]>
[2026-09-20T12:02:36.530+0000] {taskinstance.py:2076} INFO - Dependencies all met for dep_context=requeueable deps ti=<TaskInstance: youtube_english_video_pipeline.build_short_video_2 scheduled__2026-09-19T12:00:00+00:00 [queued]>
[2026-09-20T12:02:36.531+0000] {taskinstance.py:2306} INFO - Starting attempt 1 of 3
[2026-09-20T12:02:36.543+0000] {taskinstance.py:2330} INFO - Executing <Task(PythonOperator): build_short_video_2> on 2026-09-19 12:00:00+00:00
[2026-09-20T12:02:36.547+0000] {standard_task_runner.py:64} INFO - Started process 68934 to run task
[2026-09-20T12:02:36.549+0000] {standard_task_runner.py:90} INFO - Running: ['airflow', 'tasks', 'run', 'youtube_english_video_pipeline', 'build_short_video_2', 'scheduled__2026-09-19T12:00:00+00:00', '--job-id', '1368', '--raw', '--subdir', 'DAGS_FOLDER/youtube_pipeline.py', '--cfg-path', '/tmp/tmp29lozo9w']
[2026-09-20T12:02:36.551+0000] {standard_task_runner.py:91} INFO - Job 1368: Subtask build_short_video_2
[2026-09-20T12:02:36.591+0000] {task_command.py:426} INFO - Running <TaskInstance: youtube_english_video_pipeline.build_short_video_2 scheduled__2026-09-19T12:00:00+00:00 [running]> on host 73b18333cdfe
[2026-09-20T12:02:36.751+0000] {taskinstance.py:2648} INFO - Exporting env vars: AIRFLOW_CTX_DAG_OWNER='taky' AIRFLOW_CTX_DAG_ID='youtube_english_video_pipeline' AIRFLOW_CTX_TASK_ID='build_short_video_2' AIRFLOW_CTX_EXECUTION_DATE='2026-09-19T12:00:00+00:00' AIRFLOW_CTX_TRY_NUMBER='1' AIRFLOW_CTX_DAG_RUN_ID='scheduled__2026-09-19T12:00:00+00:00'
[2026-09-20T12:02:36.751+0000] {taskinstance.py:430} INFO - ::endgroup::
[2026-09-20T12:02:37.136+0000] {logging_mixin.py:188} INFO - 2026-09-20 12:02:37,136 | INFO     | planner.video_planner | Planned SHORT video: topic='Customer Service', phrases=1
[2026-09-20T12:02:37.399+0000] {logging_mixin.py:188} INFO - 2026-09-20 12:02:37,399 | INFO     | tts.edge_tts | Synthesized audio -> /opt/airflow/output/audio/phrase_3272.mp3
[2026-09-20T12:02:37.705+0000] {logging_mixin.py:188} INFO - 2026-09-20 12:02:37,705 | INFO     | tts.edge_tts | Synthesized audio -> /opt/airflow/output/audio/example_3272.mp3
[2026-09-20T12:02:38.392+0000] {logging_mixin.py:188} INFO - 2026-09-20 12:02:38,392 | INFO     | media.image_downloader | Downloaded background image for scene='cafe' -> /opt/airflow/output/images/short_3272.jpg
[2026-09-20T12:02:41.969+0000] {logging_mixin.py:188} INFO - 2026-09-20 12:02:41,969 | WARNING  | video.video_builder | BGM file not found at /opt/airflow/assets/bgm/short_bgm.mp3, rendering without background music
[2026-09-20T12:02:44.130+0000] {logging_mixin.py:188} INFO - 2026-09-20 12:02:44,129 | INFO     | video.video_builder | Final video rendered -> /opt/airflow/output/videos/short_3272.mp4
[2026-09-20T12:02:46.915+0000] {python.py:237} INFO - Done. Returned value was: {'video_id': 416, 'file_path': '/opt/airflow/output/videos/short_3272.mp4', 'title': 'Master Customer Service English: How to Help Customers Professionally', 'description': "Want to sound more professional at work? In this quick lesson from Taky's Language School, learn how to use the essential customer service phrase: 'Is there anything else I can help you with?' \n\nPerfect for retail, hospitality, and office jobs, this phrase helps you provide excellent service and close interactions politely. Practice with our real-life example: 'Here is your coffee. Is there anything else I can help you with?'\n\nSubscribe to Taky's Language School for more practical English tips for your career and daily life!", 'tags': ['English for work', 'Customer Service English', 'Learn English', 'Business English', "Taky's Language School", 'English speaking practice', 'English phrases', 'Professional English', 'Short English lesson'], 'video_type': 'short'}
[2026-09-20T12:02:46.916+0000] {taskinstance.py:441} INFO - ::group::Post task execution logs
[2026-09-20T12:02:46.943+0000] {taskinstance.py:1206} INFO - Marking task as SUCCESS. dag_id=youtube_english_video_pipeline, task_id=build_short_video_2, run_id=scheduled__2026-09-19T12:00:00+00:00, execution_date=20260919T120000, start_date=20260920T120236, end_date=20260920T120246
[2026-09-20T12:02:46.986+0000] {local_task_job_runner.py:243} INFO - Task exited with return code 0
[2026-09-20T12:02:47.136+0000] {taskinstance.py:3503} INFO - 1 downstream tasks scheduled from follow-on schedule check
[2026-09-20T12:02:47.139+0000] {local_task_job_runner.py:222} INFO - ::endgroup::
