[2026-07-25T08:39:26.010+0000] {local_task_job_runner.py:120} INFO - ::group::Pre task execution logs
[2026-07-25T08:39:26.034+0000] {taskinstance.py:2076} INFO - Dependencies all met for dep_context=non-requeueable deps ti=<TaskInstance: youtube_english_video_pipeline.upload_short_video_7 manual__2026-07-25T08:23:54.309173+00:00 [queued]>
[2026-07-25T08:39:26.041+0000] {taskinstance.py:2076} INFO - Dependencies all met for dep_context=requeueable deps ti=<TaskInstance: youtube_english_video_pipeline.upload_short_video_7 manual__2026-07-25T08:23:54.309173+00:00 [queued]>
[2026-07-25T08:39:26.042+0000] {taskinstance.py:2306} INFO - Starting attempt 1 of 3
[2026-07-25T08:39:26.050+0000] {taskinstance.py:2330} INFO - Executing <Task(PythonOperator): upload_short_video_7> on 2026-07-25 08:23:54.309173+00:00
[2026-07-25T08:39:26.054+0000] {standard_task_runner.py:64} INFO - Started process 27572 to run task
[2026-07-25T08:39:26.056+0000] {standard_task_runner.py:90} INFO - Running: ['airflow', 'tasks', 'run', 'youtube_english_video_pipeline', 'upload_short_video_7', 'manual__2026-07-25T08:23:54.309173+00:00', '--job-id', '267', '--raw', '--subdir', 'DAGS_FOLDER/youtube_pipeline.py', '--cfg-path', '/tmp/tmpbpdkbayw']
[2026-07-25T08:39:26.057+0000] {standard_task_runner.py:91} INFO - Job 267: Subtask upload_short_video_7
[2026-07-25T08:39:26.119+0000] {task_command.py:426} INFO - Running <TaskInstance: youtube_english_video_pipeline.upload_short_video_7 manual__2026-07-25T08:23:54.309173+00:00 [running]> on host ce8e21912c19
[2026-07-25T08:39:26.292+0000] {taskinstance.py:2648} INFO - Exporting env vars: AIRFLOW_CTX_DAG_OWNER='taky' AIRFLOW_CTX_DAG_ID='youtube_english_video_pipeline' AIRFLOW_CTX_TASK_ID='upload_short_video_7' AIRFLOW_CTX_EXECUTION_DATE='2026-07-25T08:23:54.309173+00:00' AIRFLOW_CTX_TRY_NUMBER='1' AIRFLOW_CTX_DAG_RUN_ID='manual__2026-07-25T08:23:54.309173+00:00'
[2026-07-25T08:39:26.293+0000] {taskinstance.py:430} INFO - ::endgroup::
[2026-07-25T08:39:26.560+0000] {__init__.py:49} INFO - file_cache is only supported with oauth2client<4.0.0
[2026-07-25T08:39:26.564+0000] {logging_mixin.py:188} INFO - 2026-07-25 08:39:26,564 | INFO     | uploader.youtube_uploader | Uploading video 'Master Hotel Check-In English in Seconds! 🏨 #Shorts' (/opt/airflow/output/videos/short_292.mp4) to YouTube...
[2026-07-25T08:39:29.101+0000] {logging_mixin.py:188} INFO - 2026-07-25 08:39:29,101 | INFO     | uploader.youtube_uploader | Upload complete. YouTube video id = QyDAm5nI2oU
[2026-07-25T08:39:29.133+0000] {python.py:237} INFO - Done. Returned value was: QyDAm5nI2oU
[2026-07-25T08:39:29.138+0000] {taskinstance.py:441} INFO - ::group::Post task execution logs
[2026-07-25T08:39:29.196+0000] {taskinstance.py:1206} INFO - Marking task as SUCCESS. dag_id=youtube_english_video_pipeline, task_id=upload_short_video_7, run_id=manual__2026-07-25T08:23:54.309173+00:00, execution_date=20260725T082354, start_date=20260725T083926, end_date=20260725T083929
[2026-07-25T08:39:29.284+0000] {local_task_job_runner.py:243} INFO - Task exited with return code 0
[2026-07-25T08:39:29.315+0000] {taskinstance.py:3503} INFO - 1 downstream tasks scheduled from follow-on schedule check
[2026-07-25T08:39:29.320+0000] {local_task_job_runner.py:222} INFO - ::endgroup::
