[2026-07-29T12:36:22.116+0000] {local_task_job_runner.py:120} INFO - ::group::Pre task execution logs
[2026-07-29T12:36:22.204+0000] {taskinstance.py:2076} INFO - Dependencies all met for dep_context=non-requeueable deps ti=<TaskInstance: youtube_english_video_pipeline.upload_long_video_2 scheduled__2026-07-28T12:00:00+00:00 [queued]>
[2026-07-29T12:36:22.219+0000] {taskinstance.py:2076} INFO - Dependencies all met for dep_context=requeueable deps ti=<TaskInstance: youtube_english_video_pipeline.upload_long_video_2 scheduled__2026-07-28T12:00:00+00:00 [queued]>
[2026-07-29T12:36:22.221+0000] {taskinstance.py:2306} INFO - Starting attempt 1 of 3
[2026-07-29T12:36:22.248+0000] {taskinstance.py:2330} INFO - Executing <Task(PythonOperator): upload_long_video_2> on 2026-07-28 12:00:00+00:00
[2026-07-29T12:36:22.255+0000] {standard_task_runner.py:64} INFO - Started process 46799 to run task
[2026-07-29T12:36:22.258+0000] {standard_task_runner.py:90} INFO - Running: ['airflow', 'tasks', 'run', 'youtube_english_video_pipeline', 'upload_long_video_2', 'scheduled__2026-07-28T12:00:00+00:00', '--job-id', '546', '--raw', '--subdir', 'DAGS_FOLDER/youtube_pipeline.py', '--cfg-path', '/tmp/tmpqdmihy9q']
[2026-07-29T12:36:22.262+0000] {standard_task_runner.py:91} INFO - Job 546: Subtask upload_long_video_2
[2026-07-29T12:36:22.375+0000] {task_command.py:426} INFO - Running <TaskInstance: youtube_english_video_pipeline.upload_long_video_2 scheduled__2026-07-28T12:00:00+00:00 [running]> on host cc859d74cf38
[2026-07-29T12:36:22.944+0000] {taskinstance.py:2648} INFO - Exporting env vars: AIRFLOW_CTX_DAG_OWNER='taky' AIRFLOW_CTX_DAG_ID='youtube_english_video_pipeline' AIRFLOW_CTX_TASK_ID='upload_long_video_2' AIRFLOW_CTX_EXECUTION_DATE='2026-07-28T12:00:00+00:00' AIRFLOW_CTX_TRY_NUMBER='1' AIRFLOW_CTX_DAG_RUN_ID='scheduled__2026-07-28T12:00:00+00:00'
[2026-07-29T12:36:22.946+0000] {taskinstance.py:430} INFO - ::endgroup::
[2026-07-29T12:36:23.682+0000] {__init__.py:49} INFO - file_cache is only supported with oauth2client<4.0.0
[2026-07-29T12:36:23.700+0000] {logging_mixin.py:188} INFO - 2026-07-29 12:36:23,700 | INFO     | uploader.youtube_uploader | Uploading video 'Top 20 Spoken English Expressions You Need Every Day | Taky's Language School' (/opt/airflow/output/videos/long_1267.mp4) to YouTube...
[2026-07-29T12:36:31.398+0000] {logging_mixin.py:188} INFO - 2026-07-29 12:36:31,397 | INFO     | uploader.youtube_uploader | Upload complete. YouTube video id = JRepUbbV64k
[2026-07-29T12:36:38.019+0000] {logging_mixin.py:188} INFO - 2026-07-29 12:36:38,019 | INFO     | uploader.youtube_uploader | Custom thumbnail uploaded.
[2026-07-29T12:36:38.037+0000] {python.py:237} INFO - Done. Returned value was: JRepUbbV64k
[2026-07-29T12:36:38.039+0000] {taskinstance.py:441} INFO - ::group::Post task execution logs
[2026-07-29T12:36:38.082+0000] {taskinstance.py:1206} INFO - Marking task as SUCCESS. dag_id=youtube_english_video_pipeline, task_id=upload_long_video_2, run_id=scheduled__2026-07-28T12:00:00+00:00, execution_date=20260728T120000, start_date=20260729T123622, end_date=20260729T123638
[2026-07-29T12:36:38.124+0000] {local_task_job_runner.py:243} INFO - Task exited with return code 0
[2026-07-29T12:36:38.530+0000] {taskinstance.py:3503} INFO - 1 downstream tasks scheduled from follow-on schedule check
[2026-07-29T12:36:38.538+0000] {local_task_job_runner.py:222} INFO - ::endgroup::
