[2026-07-23T12:37:51.540+0000] {local_task_job_runner.py:120} INFO - ::group::Pre task execution logs
[2026-07-23T12:37:51.563+0000] {taskinstance.py:2076} INFO - Dependencies all met for dep_context=non-requeueable deps ti=<TaskInstance: youtube_english_video_pipeline.should_build_long_video manual__2026-07-23T12:37:48.903095+00:00 [queued]>
[2026-07-23T12:37:51.568+0000] {taskinstance.py:2076} INFO - Dependencies all met for dep_context=requeueable deps ti=<TaskInstance: youtube_english_video_pipeline.should_build_long_video manual__2026-07-23T12:37:48.903095+00:00 [queued]>
[2026-07-23T12:37:51.568+0000] {taskinstance.py:2306} INFO - Starting attempt 1 of 3
[2026-07-23T12:37:51.578+0000] {taskinstance.py:2330} INFO - Executing <Task(ShortCircuitOperator): should_build_long_video> on 2026-07-23 12:37:48.903095+00:00
[2026-07-23T12:37:51.581+0000] {standard_task_runner.py:64} INFO - Started process 3813 to run task
[2026-07-23T12:37:51.584+0000] {standard_task_runner.py:90} INFO - Running: ['airflow', 'tasks', 'run', 'youtube_english_video_pipeline', 'should_build_long_video', 'manual__2026-07-23T12:37:48.903095+00:00', '--job-id', '66', '--raw', '--subdir', 'DAGS_FOLDER/youtube_pipeline.py', '--cfg-path', '/tmp/tmpsvnu4g6v']
[2026-07-23T12:37:51.586+0000] {standard_task_runner.py:91} INFO - Job 66: Subtask should_build_long_video
[2026-07-23T12:37:51.654+0000] {task_command.py:426} INFO - Running <TaskInstance: youtube_english_video_pipeline.should_build_long_video manual__2026-07-23T12:37:48.903095+00:00 [running]> on host 78117f1d7858
[2026-07-23T12:37:51.861+0000] {taskinstance.py:2648} INFO - Exporting env vars: AIRFLOW_CTX_DAG_OWNER='taky' AIRFLOW_CTX_DAG_ID='youtube_english_video_pipeline' AIRFLOW_CTX_TASK_ID='should_build_long_video' AIRFLOW_CTX_EXECUTION_DATE='2026-07-23T12:37:48.903095+00:00' AIRFLOW_CTX_TRY_NUMBER='1' AIRFLOW_CTX_DAG_RUN_ID='manual__2026-07-23T12:37:48.903095+00:00'
[2026-07-23T12:37:51.867+0000] {taskinstance.py:430} INFO - ::endgroup::
[2026-07-23T12:37:51.879+0000] {baseoperator.py:400} WARNING - ShortCircuitOperator.execute cannot be called outside TaskInstance!
[2026-07-23T12:37:51.884+0000] {python.py:237} INFO - Done. Returned value was: True
[2026-07-23T12:37:51.886+0000] {python.py:304} INFO - Condition result is True
[2026-07-23T12:37:51.887+0000] {python.py:307} INFO - Proceeding with downstream tasks...
[2026-07-23T12:37:51.888+0000] {taskinstance.py:441} INFO - ::group::Post task execution logs
[2026-07-23T12:37:51.925+0000] {taskinstance.py:1206} INFO - Marking task as SUCCESS. dag_id=youtube_english_video_pipeline, task_id=should_build_long_video, run_id=manual__2026-07-23T12:37:48.903095+00:00, execution_date=20260723T123748, start_date=20260723T123751, end_date=20260723T123751
[2026-07-23T12:37:51.958+0000] {local_task_job_runner.py:243} INFO - Task exited with return code 0
[2026-07-23T12:37:52.030+0000] {taskinstance.py:3503} INFO - 1 downstream tasks scheduled from follow-on schedule check
[2026-07-23T12:37:52.037+0000] {local_task_job_runner.py:222} INFO - ::endgroup::
