[2026-07-25T01:49:02.502+0000] {local_task_job_runner.py:120} INFO - ::group::Pre task execution logs
[2026-07-25T01:49:02.697+0000] {taskinstance.py:2076} INFO - Dependencies all met for dep_context=non-requeueable deps ti=<TaskInstance: youtube_english_video_pipeline.upload_short_video manual__2026-07-25T01:46:42.080394+00:00 [queued]>
[2026-07-25T01:49:02.733+0000] {taskinstance.py:2076} INFO - Dependencies all met for dep_context=requeueable deps ti=<TaskInstance: youtube_english_video_pipeline.upload_short_video manual__2026-07-25T01:46:42.080394+00:00 [queued]>
[2026-07-25T01:49:02.746+0000] {taskinstance.py:2306} INFO - Starting attempt 1 of 3
[2026-07-25T01:49:02.785+0000] {taskinstance.py:2330} INFO - Executing <Task(PythonOperator): upload_short_video> on 2026-07-25 01:46:42.080394+00:00
[2026-07-25T01:49:02.806+0000] {standard_task_runner.py:64} INFO - Started process 2073 to run task
[2026-07-25T01:49:02.815+0000] {standard_task_runner.py:90} INFO - Running: ['airflow', 'tasks', 'run', 'youtube_english_video_pipeline', 'upload_short_video', 'manual__2026-07-25T01:46:42.080394+00:00', '--job-id', '118', '--raw', '--subdir', 'DAGS_FOLDER/youtube_pipeline.py', '--cfg-path', '/tmp/tmpn9pgim1r']
[2026-07-25T01:49:02.836+0000] {standard_task_runner.py:91} INFO - Job 118: Subtask upload_short_video
[2026-07-25T01:49:03.070+0000] {task_command.py:426} INFO - Running <TaskInstance: youtube_english_video_pipeline.upload_short_video manual__2026-07-25T01:46:42.080394+00:00 [running]> on host 654b8331d764
[2026-07-25T01:49:03.917+0000] {taskinstance.py:2648} INFO - Exporting env vars: AIRFLOW_CTX_DAG_OWNER='taky' AIRFLOW_CTX_DAG_ID='youtube_english_video_pipeline' AIRFLOW_CTX_TASK_ID='upload_short_video' AIRFLOW_CTX_EXECUTION_DATE='2026-07-25T01:46:42.080394+00:00' AIRFLOW_CTX_TRY_NUMBER='1' AIRFLOW_CTX_DAG_RUN_ID='manual__2026-07-25T01:46:42.080394+00:00'
[2026-07-25T01:49:03.974+0000] {taskinstance.py:430} INFO - ::endgroup::
[2026-07-25T01:49:16.530+0000] {__init__.py:49} INFO - file_cache is only supported with oauth2client<4.0.0
[2026-07-25T01:49:16.816+0000] {logging_mixin.py:188} INFO - 2026-07-25 01:49:16,816 | INFO     | uploader.youtube_uploader | Uploading video 'How to Ask Someone for Coffee in English ☕ | Social English #Shorts' (/opt/airflow/output/videos/short_78.mp4) to YouTube...
[2026-07-25T01:49:26.677+0000] {logging_mixin.py:188} INFO - 2026-07-25 01:49:26,676 | INFO     | uploader.youtube_uploader | Upload complete. YouTube video id = 8gEhpncDg54
[2026-07-25T01:49:26.834+0000] {python.py:237} INFO - Done. Returned value was: 8gEhpncDg54
[2026-07-25T01:49:26.858+0000] {taskinstance.py:441} INFO - ::group::Post task execution logs
[2026-07-25T01:49:26.898+0000] {taskinstance.py:1206} INFO - Marking task as SUCCESS. dag_id=youtube_english_video_pipeline, task_id=upload_short_video, run_id=manual__2026-07-25T01:46:42.080394+00:00, execution_date=20260725T014642, start_date=20260725T014902, end_date=20260725T014926
[2026-07-25T01:49:27.164+0000] {local_task_job_runner.py:243} INFO - Task exited with return code 0
[2026-07-25T01:49:27.243+0000] {taskinstance.py:3503} INFO - 0 downstream tasks scheduled from follow-on schedule check
[2026-07-25T01:49:27.339+0000] {local_task_job_runner.py:222} INFO - ::endgroup::
