[2026-08-17T12:46:45.564+0000] {local_task_job_runner.py:120} INFO - ::group::Pre task execution logs
[2026-08-17T12:46:45.641+0000] {taskinstance.py:2076} INFO - Dependencies all met for dep_context=non-requeueable deps ti=<TaskInstance: youtube_english_video_pipeline.upload_long_video_2 scheduled__2026-08-11T12:00:00+00:00 [queued]>
[2026-08-17T12:46:45.660+0000] {taskinstance.py:2076} INFO - Dependencies all met for dep_context=requeueable deps ti=<TaskInstance: youtube_english_video_pipeline.upload_long_video_2 scheduled__2026-08-11T12:00:00+00:00 [queued]>
[2026-08-17T12:46:45.662+0000] {taskinstance.py:2306} INFO - Starting attempt 1 of 3
[2026-08-17T12:46:45.692+0000] {taskinstance.py:2330} INFO - Executing <Task(PythonOperator): upload_long_video_2> on 2026-08-11 12:00:00+00:00
[2026-08-17T12:46:45.702+0000] {standard_task_runner.py:64} INFO - Started process 7437 to run task
[2026-08-17T12:46:45.707+0000] {standard_task_runner.py:90} INFO - Running: ['airflow', 'tasks', 'run', 'youtube_english_video_pipeline', 'upload_long_video_2', 'scheduled__2026-08-11T12:00:00+00:00', '--job-id', '744', '--raw', '--subdir', 'DAGS_FOLDER/youtube_pipeline.py', '--cfg-path', '/tmp/tmp_kc37csg']
[2026-08-17T12:46:45.712+0000] {standard_task_runner.py:91} INFO - Job 744: Subtask upload_long_video_2
[2026-08-17T12:46:45.857+0000] {task_command.py:426} INFO - Running <TaskInstance: youtube_english_video_pipeline.upload_long_video_2 scheduled__2026-08-11T12:00:00+00:00 [running]> on host cc859d74cf38
[2026-08-17T12:46:46.186+0000] {taskinstance.py:2648} INFO - Exporting env vars: AIRFLOW_CTX_DAG_OWNER='taky' AIRFLOW_CTX_DAG_ID='youtube_english_video_pipeline' AIRFLOW_CTX_TASK_ID='upload_long_video_2' AIRFLOW_CTX_EXECUTION_DATE='2026-08-11T12:00:00+00:00' AIRFLOW_CTX_TRY_NUMBER='1' AIRFLOW_CTX_DAG_RUN_ID='scheduled__2026-08-11T12:00:00+00:00'
[2026-08-17T12:46:46.189+0000] {taskinstance.py:430} INFO - ::endgroup::
[2026-08-17T12:46:47.337+0000] {__init__.py:49} INFO - file_cache is only supported with oauth2client<4.0.0
[2026-08-17T12:46:47.359+0000] {logging_mixin.py:188} INFO - 2026-08-17 12:46:47,358 | INFO     | uploader.youtube_uploader | Uploading video '20 Must-Know English Expressions for Daily Life & Work | Speak Fluently' (/opt/airflow/output/videos/long_1873.mp4) to YouTube...
[2026-08-17T12:46:54.008+0000] {logging_mixin.py:188} INFO - 2026-08-17 12:46:54,007 | INFO     | uploader.youtube_uploader | Upload complete. YouTube video id = GMoXZPLTdLQ
[2026-08-17T12:47:01.281+0000] {logging_mixin.py:188} INFO - 2026-08-17 12:47:01,281 | INFO     | uploader.youtube_uploader | Custom thumbnail uploaded.
[2026-08-17T12:47:01.360+0000] {python.py:237} INFO - Done. Returned value was: GMoXZPLTdLQ
[2026-08-17T12:47:01.376+0000] {taskinstance.py:441} INFO - ::group::Post task execution logs
[2026-08-17T12:47:01.429+0000] {taskinstance.py:1206} INFO - Marking task as SUCCESS. dag_id=youtube_english_video_pipeline, task_id=upload_long_video_2, run_id=scheduled__2026-08-11T12:00:00+00:00, execution_date=20260811T120000, start_date=20260817T124645, end_date=20260817T124701
[2026-08-17T12:47:01.540+0000] {local_task_job_runner.py:243} INFO - Task exited with return code 0
[2026-08-17T12:47:01.814+0000] {taskinstance.py:3503} INFO - 1 downstream tasks scheduled from follow-on schedule check
[2026-08-17T12:47:01.823+0000] {local_task_job_runner.py:222} INFO - ::endgroup::
