[2026-07-29T23:57:49.409+0000] {local_task_job_runner.py:120} INFO - ::group::Pre task execution logs
[2026-07-29T23:57:49.476+0000] {taskinstance.py:2076} INFO - Dependencies all met for dep_context=non-requeueable deps ti=<TaskInstance: youtube_english_video_pipeline.upload_long_video_10 scheduled__2026-07-28T12:00:00+00:00 [queued]>
[2026-07-29T23:57:49.495+0000] {taskinstance.py:2076} INFO - Dependencies all met for dep_context=requeueable deps ti=<TaskInstance: youtube_english_video_pipeline.upload_long_video_10 scheduled__2026-07-28T12:00:00+00:00 [queued]>
[2026-07-29T23:57:49.502+0000] {taskinstance.py:2306} INFO - Starting attempt 1 of 3
[2026-07-29T23:57:49.523+0000] {taskinstance.py:2330} INFO - Executing <Task(PythonOperator): upload_long_video_10> on 2026-07-28 12:00:00+00:00
[2026-07-29T23:57:49.533+0000] {standard_task_runner.py:64} INFO - Started process 73556 to run task
[2026-07-29T23:57:49.537+0000] {standard_task_runner.py:90} INFO - Running: ['airflow', 'tasks', 'run', 'youtube_english_video_pipeline', 'upload_long_video_10', 'scheduled__2026-07-28T12:00:00+00:00', '--job-id', '587', '--raw', '--subdir', 'DAGS_FOLDER/youtube_pipeline.py', '--cfg-path', '/tmp/tmprynmaadn']
[2026-07-29T23:57:49.543+0000] {standard_task_runner.py:91} INFO - Job 587: Subtask upload_long_video_10
[2026-07-29T23:57:49.763+0000] {task_command.py:426} INFO - Running <TaskInstance: youtube_english_video_pipeline.upload_long_video_10 scheduled__2026-07-28T12:00:00+00:00 [running]> on host cc859d74cf38
[2026-07-29T23:57:50.052+0000] {taskinstance.py:2648} INFO - Exporting env vars: AIRFLOW_CTX_DAG_OWNER='taky' AIRFLOW_CTX_DAG_ID='youtube_english_video_pipeline' AIRFLOW_CTX_TASK_ID='upload_long_video_10' AIRFLOW_CTX_EXECUTION_DATE='2026-07-28T12:00:00+00:00' AIRFLOW_CTX_TRY_NUMBER='1' AIRFLOW_CTX_DAG_RUN_ID='scheduled__2026-07-28T12:00:00+00:00'
[2026-07-29T23:57:50.053+0000] {taskinstance.py:430} INFO - ::endgroup::
[2026-07-29T23:57:50.498+0000] {__init__.py:49} INFO - file_cache is only supported with oauth2client<4.0.0
[2026-07-29T23:57:50.515+0000] {logging_mixin.py:188} INFO - 2026-07-29 23:57:50,515 | INFO     | uploader.youtube_uploader | Uploading video '17 Daily English Expressions | Restaurant English' (/opt/airflow/output/videos/long_1407.mp4) to YouTube...
[2026-07-29T23:57:56.816+0000] {logging_mixin.py:188} INFO - 2026-07-29 23:57:56,816 | INFO     | uploader.youtube_uploader | Upload complete. YouTube video id = e6ISmg4tmPU
[2026-07-29T23:58:00.860+0000] {logging_mixin.py:188} INFO - 2026-07-29 23:58:00,860 | INFO     | uploader.youtube_uploader | Custom thumbnail uploaded.
[2026-07-29T23:58:00.883+0000] {python.py:237} INFO - Done. Returned value was: e6ISmg4tmPU
[2026-07-29T23:58:00.886+0000] {taskinstance.py:441} INFO - ::group::Post task execution logs
[2026-07-29T23:58:00.921+0000] {taskinstance.py:1206} INFO - Marking task as SUCCESS. dag_id=youtube_english_video_pipeline, task_id=upload_long_video_10, run_id=scheduled__2026-07-28T12:00:00+00:00, execution_date=20260728T120000, start_date=20260729T235749, end_date=20260729T235800
[2026-07-29T23:58:00.960+0000] {local_task_job_runner.py:243} INFO - Task exited with return code 0
[2026-07-29T23:58:01.107+0000] {taskinstance.py:3503} INFO - 0 downstream tasks scheduled from follow-on schedule check
[2026-07-29T23:58:01.113+0000] {local_task_job_runner.py:222} INFO - ::endgroup::
