[2026-07-23T12:23:19.688+0000] {local_task_job_runner.py:120} INFO - ::group::Pre task execution logs
[2026-07-23T12:23:19.713+0000] {taskinstance.py:2076} INFO - Dependencies all met for dep_context=non-requeueable deps ti=<TaskInstance: youtube_english_video_pipeline.build_short_video scheduled__2026-07-22T12:00:00+00:00 [queued]>
[2026-07-23T12:23:19.718+0000] {taskinstance.py:2076} INFO - Dependencies all met for dep_context=requeueable deps ti=<TaskInstance: youtube_english_video_pipeline.build_short_video scheduled__2026-07-22T12:00:00+00:00 [queued]>
[2026-07-23T12:23:19.719+0000] {taskinstance.py:2306} INFO - Starting attempt 1 of 3
[2026-07-23T12:23:19.727+0000] {taskinstance.py:2330} INFO - Executing <Task(PythonOperator): build_short_video> on 2026-07-22 12:00:00+00:00
[2026-07-23T12:23:19.731+0000] {standard_task_runner.py:64} INFO - Started process 241 to run task
[2026-07-23T12:23:19.734+0000] {standard_task_runner.py:90} INFO - Running: ['airflow', 'tasks', 'run', 'youtube_english_video_pipeline', 'build_short_video', 'scheduled__2026-07-22T12:00:00+00:00', '--job-id', '59', '--raw', '--subdir', 'DAGS_FOLDER/youtube_pipeline.py', '--cfg-path', '/tmp/tmp2_sgmq06']
[2026-07-23T12:23:19.736+0000] {standard_task_runner.py:91} INFO - Job 59: Subtask build_short_video
[2026-07-23T12:23:19.809+0000] {task_command.py:426} INFO - Running <TaskInstance: youtube_english_video_pipeline.build_short_video scheduled__2026-07-22T12:00:00+00:00 [running]> on host 78117f1d7858
[2026-07-23T12:23:20.103+0000] {taskinstance.py:2648} INFO - Exporting env vars: AIRFLOW_CTX_DAG_OWNER='taky' AIRFLOW_CTX_DAG_ID='youtube_english_video_pipeline' AIRFLOW_CTX_TASK_ID='build_short_video' AIRFLOW_CTX_EXECUTION_DATE='2026-07-22T12:00:00+00:00' AIRFLOW_CTX_TRY_NUMBER='1' AIRFLOW_CTX_DAG_RUN_ID='scheduled__2026-07-22T12:00:00+00:00'
[2026-07-23T12:23:20.103+0000] {taskinstance.py:430} INFO - ::endgroup::
[2026-07-23T12:23:20.798+0000] {logging_mixin.py:188} INFO - 2026-07-23 12:23:20,798 | INFO     | planner.video_planner | Planned SHORT video: topic='Shopping English', phrases=1
[2026-07-23T12:23:21.527+0000] {logging_mixin.py:188} INFO - 2026-07-23 12:23:21,526 | INFO     | tts.edge_tts | Synthesized audio -> /opt/airflow/output/audio/phrase_57.mp3
[2026-07-23T12:23:22.181+0000] {logging_mixin.py:188} INFO - 2026-07-23 12:23:22,181 | INFO     | tts.edge_tts | Synthesized audio -> /opt/airflow/output/audio/example_57.mp3
[2026-07-23T12:23:25.599+0000] {logging_mixin.py:188} INFO - 2026-07-23 12:23:25,598 | INFO     | media.image_downloader | Downloaded background image for scene='supermarket' -> /opt/airflow/output/images/short_57.jpg
[2026-07-23T12:23:25.614+0000] {logging_mixin.py:188} INFO - 2026-07-23 12:23:25,614 | INFO     | video.video_builder | Running ffmpeg: ffmpeg -y -i /opt/airflow/output/audio/phrase_57.mp3 -i /opt/airflow/output/audio/example_57.mp3 -filter_complex [0:a]apad=pad_dur=0.4[a0];[a0][1:a]concat=n=2:v=0:a=1[aout] -map [aout] /opt/airflow/output/videos/_tmp/short_57_raw.audio.mp3
[2026-07-23T12:23:26.083+0000] {logging_mixin.py:188} INFO - 2026-07-23 12:23:26,083 | INFO     | video.video_builder | Running ffmpeg: ffmpeg -y -loop 1 -i /opt/airflow/output/images/short_57.jpg -i /opt/airflow/output/videos/_tmp/short_57_raw.audio.mp3 -vf scale=1080:1920:force_original_aspect_ratio=increase,crop=1080:1920,drawtext=fontfile='/opt/airflow/assets/fonts/NotoSansJP-Bold.ttf':text='Where can I find...':fontcolor=FFFFFF:fontsize=72:x=(w-text_w)/2:y=(h*0.35):box=1:boxcolor=black@0.45:boxborderw=20,drawtext=fontfile='/opt/airflow/assets/fonts/NotoSansJP-Bold.ttf':text='Excuse me, where can I find the olive oil?':fontcolor=FFD54A:fontsize=43:x=(w-text_w)/2:y=(h*0.55):box=1:boxcolor=black@0.45:boxborderw=16 -c:v libx264 -tune stillimage -pix_fmt yuv420p -c:a aac -b:a 192k -shortest -r 30 /opt/airflow/output/videos/_tmp/short_57_raw.mp4
[2026-07-23T12:23:39.962+0000] {logging_mixin.py:188} INFO - 2026-07-23 12:23:39,961 | INFO     | media.subtitle_generator | Wrote subtitle file -> /opt/airflow/output/subtitles/short_57.srt
[2026-07-23T12:23:39.967+0000] {logging_mixin.py:188} INFO - 2026-07-23 12:23:39,967 | WARNING  | video.video_builder | BGM file not found at /opt/airflow/assets/bgm/short_bgm.mp3, rendering without background music
[2026-07-23T12:23:39.971+0000] {logging_mixin.py:188} INFO - 2026-07-23 12:23:39,971 | INFO     | video.video_builder | Running ffmpeg: ffmpeg -y -i /opt/airflow/output/videos/_tmp/short_57_raw.mp4 -vf subtitles='/opt/airflow/output/subtitles/short_57.srt' -c:v libx264 -pix_fmt yuv420p -c:a aac -b:a 192k /opt/airflow/output/videos/short_57.mp4
[2026-07-23T12:23:43.986+0000] {logging_mixin.py:188} INFO - 2026-07-23 12:23:43,986 | INFO     | video.video_builder | Final video rendered -> /opt/airflow/output/videos/short_57.mp4
[2026-07-23T12:23:49.918+0000] {python.py:237} INFO - Done. Returned value was: {'video_id': 9, 'file_path': '/opt/airflow/output/videos/short_57.mp4', 'title': 'Essential Shopping English: "Where can I find...?" 🛒 #Shorts', 'description': 'Learn essential Shopping English with Taky\'s Language School! 🛒\n\nIn this quick English lesson, learn how to easily ask for help when shopping using the phrase: "Where can I find...?"\n\nExample:\n👉 "Excuse me, where can I find the olive oil?"\n\nMaster practical spoken English for everyday real-world situations! Subscribe to Taky\'s Language School for more quick daily English tips. 🌟\n\n#LearnEnglish #ShoppingEnglish #EnglishTips #SpeakEnglish #ESL #Shorts', 'tags': ['Learn English', 'Shopping English', 'Takys Language School', 'Spoken English', 'English for beginners', 'English conversation', 'Everyday English', 'ESL', 'English vocabulary', 'Useful English phrases'], 'video_type': 'short'}
[2026-07-23T12:23:49.920+0000] {taskinstance.py:441} INFO - ::group::Post task execution logs
[2026-07-23T12:23:49.957+0000] {taskinstance.py:1206} INFO - Marking task as SUCCESS. dag_id=youtube_english_video_pipeline, task_id=build_short_video, run_id=scheduled__2026-07-22T12:00:00+00:00, execution_date=20260722T120000, start_date=20260723T122319, end_date=20260723T122349
[2026-07-23T12:23:50.033+0000] {local_task_job_runner.py:243} INFO - Task exited with return code 0
[2026-07-23T12:23:50.080+0000] {taskinstance.py:3503} INFO - 1 downstream tasks scheduled from follow-on schedule check
[2026-07-23T12:23:50.084+0000] {local_task_job_runner.py:222} INFO - ::endgroup::
