[2026-07-25T04:25:09.136+0000] {local_task_job_runner.py:120} INFO - ::group::Pre task execution logs
[2026-07-25T04:25:09.162+0000] {taskinstance.py:2076} INFO - Dependencies all met for dep_context=non-requeueable deps ti=<TaskInstance: youtube_english_video_pipeline.should_build_long_video manual__2026-07-25T04:25:07.117493+00:00 [queued]>
[2026-07-25T04:25:09.172+0000] {taskinstance.py:2076} INFO - Dependencies all met for dep_context=requeueable deps ti=<TaskInstance: youtube_english_video_pipeline.should_build_long_video manual__2026-07-25T04:25:07.117493+00:00 [queued]>
[2026-07-25T04:25:09.173+0000] {taskinstance.py:2306} INFO - Starting attempt 1 of 3
[2026-07-25T04:25:09.183+0000] {taskinstance.py:2330} INFO - Executing <Task(ShortCircuitOperator): should_build_long_video> on 2026-07-25 04:25:07.117493+00:00
[2026-07-25T04:25:09.186+0000] {standard_task_runner.py:64} INFO - Started process 212 to run task
[2026-07-25T04:25:09.189+0000] {standard_task_runner.py:90} INFO - Running: ['airflow', 'tasks', 'run', 'youtube_english_video_pipeline', 'should_build_long_video', 'manual__2026-07-25T04:25:07.117493+00:00', '--job-id', '181', '--raw', '--subdir', 'DAGS_FOLDER/youtube_pipeline.py', '--cfg-path', '/tmp/tmp1ip9aqjl']
[2026-07-25T04:25:09.191+0000] {standard_task_runner.py:91} INFO - Job 181: Subtask should_build_long_video
[2026-07-25T04:25:09.248+0000] {task_command.py:426} INFO - Running <TaskInstance: youtube_english_video_pipeline.should_build_long_video manual__2026-07-25T04:25:07.117493+00:00 [running]> on host ce8e21912c19
[2026-07-25T04:25:09.429+0000] {taskinstance.py:2648} INFO - Exporting env vars: AIRFLOW_CTX_DAG_OWNER='taky' AIRFLOW_CTX_DAG_ID='youtube_english_video_pipeline' AIRFLOW_CTX_TASK_ID='should_build_long_video' AIRFLOW_CTX_EXECUTION_DATE='2026-07-25T04:25:07.117493+00:00' AIRFLOW_CTX_TRY_NUMBER='1' AIRFLOW_CTX_DAG_RUN_ID='manual__2026-07-25T04:25:07.117493+00:00'
[2026-07-25T04:25:09.430+0000] {taskinstance.py:430} INFO - ::endgroup::
[2026-07-25T04:25:09.436+0000] {baseoperator.py:400} WARNING - ShortCircuitOperator.execute cannot be called outside TaskInstance!
[2026-07-25T04:25:09.437+0000] {python.py:237} INFO - Done. Returned value was: True
[2026-07-25T04:25:09.437+0000] {python.py:304} INFO - Condition result is True
[2026-07-25T04:25:09.438+0000] {python.py:307} INFO - Proceeding with downstream tasks...
[2026-07-25T04:25:09.438+0000] {taskinstance.py:441} INFO - ::group::Post task execution logs
[2026-07-25T04:25:09.456+0000] {taskinstance.py:1206} INFO - Marking task as SUCCESS. dag_id=youtube_english_video_pipeline, task_id=should_build_long_video, run_id=manual__2026-07-25T04:25:07.117493+00:00, execution_date=20260725T042507, start_date=20260725T042509, end_date=20260725T042509
[2026-07-25T04:25:09.483+0000] {local_task_job_runner.py:243} INFO - Task exited with return code 0
[2026-07-25T04:25:09.508+0000] {taskinstance.py:3503} INFO - 1 downstream tasks scheduled from follow-on schedule check
[2026-07-25T04:25:09.511+0000] {local_task_job_runner.py:222} INFO - ::endgroup::
