[2026-08-22T07:14:51.298+0000] {local_task_job_runner.py:120} INFO - ::group::Pre task execution logs
[2026-08-22T07:14:51.330+0000] {taskinstance.py:2076} INFO - Dependencies all met for dep_context=non-requeueable deps ti=<TaskInstance: youtube_english_video_pipeline.build_short_video_3 scheduled__2026-08-20T12:00:00+00:00 [queued]>
[2026-08-22T07:14:51.338+0000] {taskinstance.py:2076} INFO - Dependencies all met for dep_context=requeueable deps ti=<TaskInstance: youtube_english_video_pipeline.build_short_video_3 scheduled__2026-08-20T12:00:00+00:00 [queued]>
[2026-08-22T07:14:51.339+0000] {taskinstance.py:2306} INFO - Starting attempt 1 of 3
[2026-08-22T07:14:51.350+0000] {taskinstance.py:2330} INFO - Executing <Task(PythonOperator): build_short_video_3> on 2026-08-20 12:00:00+00:00
[2026-08-22T07:14:51.355+0000] {standard_task_runner.py:64} INFO - Started process 76314 to run task
[2026-08-22T07:14:51.358+0000] {standard_task_runner.py:90} INFO - Running: ['airflow', 'tasks', 'run', 'youtube_english_video_pipeline', 'build_short_video_3', 'scheduled__2026-08-20T12:00:00+00:00', '--job-id', '880', '--raw', '--subdir', 'DAGS_FOLDER/youtube_pipeline.py', '--cfg-path', '/tmp/tmptybw6yq2']
[2026-08-22T07:14:51.360+0000] {standard_task_runner.py:91} INFO - Job 880: Subtask build_short_video_3
[2026-08-22T07:14:51.434+0000] {task_command.py:426} INFO - Running <TaskInstance: youtube_english_video_pipeline.build_short_video_3 scheduled__2026-08-20T12:00:00+00:00 [running]> on host cc859d74cf38
[2026-08-22T07:14:51.641+0000] {taskinstance.py:2648} INFO - Exporting env vars: AIRFLOW_CTX_DAG_OWNER='taky' AIRFLOW_CTX_DAG_ID='youtube_english_video_pipeline' AIRFLOW_CTX_TASK_ID='build_short_video_3' AIRFLOW_CTX_EXECUTION_DATE='2026-08-20T12:00:00+00:00' AIRFLOW_CTX_TRY_NUMBER='1' AIRFLOW_CTX_DAG_RUN_ID='scheduled__2026-08-20T12:00:00+00:00'
[2026-08-22T07:14:51.641+0000] {taskinstance.py:430} INFO - ::endgroup::
[2026-08-22T07:14:52.371+0000] {logging_mixin.py:188} INFO - 2026-08-22 07:14:52,371 | INFO     | planner.video_planner | Planned SHORT video: topic='Hotel English', phrases=1
[2026-08-22T07:14:52.724+0000] {logging_mixin.py:188} INFO - 2026-08-22 07:14:52,724 | INFO     | tts.edge_tts | Synthesized audio -> /opt/airflow/output/audio/phrase_2265.mp3
[2026-08-22T07:14:53.198+0000] {logging_mixin.py:188} INFO - 2026-08-22 07:14:53,198 | INFO     | tts.edge_tts | Synthesized audio -> /opt/airflow/output/audio/example_2265.mp3
[2026-08-22T07:14:53.448+0000] {logging_mixin.py:188} INFO - 2026-08-22 07:14:53,448 | INFO     | media.image_downloader | Downloaded background image for scene='hotel' -> /opt/airflow/output/images/short_2265.jpg
[2026-08-22T07:14:56.680+0000] {logging_mixin.py:188} INFO - 2026-08-22 07:14:56,680 | WARNING  | video.video_builder | BGM file not found at /opt/airflow/assets/bgm/short_bgm.mp3, rendering without background music
[2026-08-22T07:14:58.422+0000] {logging_mixin.py:188} INFO - 2026-08-22 07:14:58,422 | INFO     | video.video_builder | Final video rendered -> /opt/airflow/output/videos/short_2265.mp4
[2026-08-22T07:15:36.108+0000] {python.py:237} INFO - Done. Returned value was: {'video_id': 262, 'file_path': '/opt/airflow/output/videos/short_2265.mp4', 'title': 'How to Check In at a Hotel in English! 🏨 Travel English Practice #Shorts', 'description': 'Learn essential English for your next vacation! In this short, Taky\'s Language School shows you the natural way to check in at a hotel front desk using the phrase: "I have a reservation under..."\n\nExample:\n"Hi, I have a reservation under the name Davis for three nights."\n\nSubscribe to Taky\'s Language School for practical spoken English, travel vocabulary, and everyday conversation practice!\n\n#LearnEnglish #HotelEnglish #TravelEnglish #EnglishSpeaking #SpokenEnglish #Shorts', 'tags': ['hotel english', 'hotel check in english', 'travel english phrases', 'english for travel', 'spoken english practice', 'learn english', 'takys language school', 'english conversation', 'english speaking practice', 'useful english phrases', 'english shorts'], 'video_type': 'short'}
[2026-08-22T07:15:36.111+0000] {taskinstance.py:441} INFO - ::group::Post task execution logs
[2026-08-22T07:15:36.145+0000] {taskinstance.py:1206} INFO - Marking task as SUCCESS. dag_id=youtube_english_video_pipeline, task_id=build_short_video_3, run_id=scheduled__2026-08-20T12:00:00+00:00, execution_date=20260820T120000, start_date=20260822T071451, end_date=20260822T071536
[2026-08-22T07:15:36.212+0000] {local_task_job_runner.py:243} INFO - Task exited with return code 0
[2026-08-22T07:15:36.372+0000] {taskinstance.py:3503} INFO - 1 downstream tasks scheduled from follow-on schedule check
[2026-08-22T07:15:36.376+0000] {local_task_job_runner.py:222} INFO - ::endgroup::
