[2026-07-29T12:42:05.635+0000] {local_task_job_runner.py:120} INFO - ::group::Pre task execution logs
[2026-07-29T12:42:05.682+0000] {taskinstance.py:2076} INFO - Dependencies all met for dep_context=non-requeueable deps ti=<TaskInstance: youtube_english_video_pipeline.upload_short_video_4 scheduled__2026-07-28T12:00:00+00:00 [queued]>
[2026-07-29T12:42:05.699+0000] {taskinstance.py:2076} INFO - Dependencies all met for dep_context=requeueable deps ti=<TaskInstance: youtube_english_video_pipeline.upload_short_video_4 scheduled__2026-07-28T12:00:00+00:00 [queued]>
[2026-07-29T12:42:05.701+0000] {taskinstance.py:2306} INFO - Starting attempt 1 of 3
[2026-07-29T12:42:05.724+0000] {taskinstance.py:2330} INFO - Executing <Task(PythonOperator): upload_short_video_4> on 2026-07-28 12:00:00+00:00
[2026-07-29T12:42:05.733+0000] {standard_task_runner.py:64} INFO - Started process 50518 to run task
[2026-07-29T12:42:05.739+0000] {standard_task_runner.py:90} INFO - Running: ['airflow', 'tasks', 'run', 'youtube_english_video_pipeline', 'upload_short_video_4', 'scheduled__2026-07-28T12:00:00+00:00', '--job-id', '554', '--raw', '--subdir', 'DAGS_FOLDER/youtube_pipeline.py', '--cfg-path', '/tmp/tmp8cb3qa9e']
[2026-07-29T12:42:05.745+0000] {standard_task_runner.py:91} INFO - Job 554: Subtask upload_short_video_4
[2026-07-29T12:42:05.898+0000] {task_command.py:426} INFO - Running <TaskInstance: youtube_english_video_pipeline.upload_short_video_4 scheduled__2026-07-28T12:00:00+00:00 [running]> on host cc859d74cf38
[2026-07-29T12:42:06.260+0000] {taskinstance.py:2648} INFO - Exporting env vars: AIRFLOW_CTX_DAG_OWNER='taky' AIRFLOW_CTX_DAG_ID='youtube_english_video_pipeline' AIRFLOW_CTX_TASK_ID='upload_short_video_4' AIRFLOW_CTX_EXECUTION_DATE='2026-07-28T12:00:00+00:00' AIRFLOW_CTX_TRY_NUMBER='1' AIRFLOW_CTX_DAG_RUN_ID='scheduled__2026-07-28T12:00:00+00:00'
[2026-07-29T12:42:06.263+0000] {taskinstance.py:430} INFO - ::endgroup::
[2026-07-29T12:42:06.889+0000] {__init__.py:49} INFO - file_cache is only supported with oauth2client<4.0.0
[2026-07-29T12:42:06.906+0000] {logging_mixin.py:188} INFO - 2026-07-29 12:42:06,905 | INFO     | uploader.youtube_uploader | Uploading video 'Where is the Baggage Claim? ✈️ Travel English Phrases #Shorts' (/opt/airflow/output/videos/short_1295.mp4) to YouTube...
[2026-07-29T12:42:09.950+0000] {logging_mixin.py:188} INFO - 2026-07-29 12:42:09,950 | INFO     | uploader.youtube_uploader | Upload complete. YouTube video id = 5GPeJnp5Ejw
[2026-07-29T12:42:09.968+0000] {python.py:237} INFO - Done. Returned value was: 5GPeJnp5Ejw
[2026-07-29T12:42:09.970+0000] {taskinstance.py:441} INFO - ::group::Post task execution logs
[2026-07-29T12:42:10.015+0000] {taskinstance.py:1206} INFO - Marking task as SUCCESS. dag_id=youtube_english_video_pipeline, task_id=upload_short_video_4, run_id=scheduled__2026-07-28T12:00:00+00:00, execution_date=20260728T120000, start_date=20260729T124205, end_date=20260729T124210
[2026-07-29T12:42:10.101+0000] {local_task_job_runner.py:243} INFO - Task exited with return code 0
[2026-07-29T12:42:10.375+0000] {taskinstance.py:3503} INFO - 1 downstream tasks scheduled from follow-on schedule check
[2026-07-29T12:42:10.379+0000] {local_task_job_runner.py:222} INFO - ::endgroup::
