[2026-07-25T08:25:50.193+0000] {local_task_job_runner.py:120} INFO - ::group::Pre task execution logs
[2026-07-25T08:25:50.219+0000] {taskinstance.py:2076} INFO - Dependencies all met for dep_context=non-requeueable deps ti=<TaskInstance: youtube_english_video_pipeline.upload_long_video_1 manual__2026-07-25T08:23:54.309173+00:00 [queued]>
[2026-07-25T08:25:50.225+0000] {taskinstance.py:2076} INFO - Dependencies all met for dep_context=requeueable deps ti=<TaskInstance: youtube_english_video_pipeline.upload_long_video_1 manual__2026-07-25T08:23:54.309173+00:00 [queued]>
[2026-07-25T08:25:50.226+0000] {taskinstance.py:2306} INFO - Starting attempt 1 of 3
[2026-07-25T08:25:50.237+0000] {taskinstance.py:2330} INFO - Executing <Task(PythonOperator): upload_long_video_1> on 2026-07-25 08:23:54.309173+00:00
[2026-07-25T08:25:50.242+0000] {standard_task_runner.py:64} INFO - Started process 11739 to run task
[2026-07-25T08:25:50.244+0000] {standard_task_runner.py:90} INFO - Running: ['airflow', 'tasks', 'run', 'youtube_english_video_pipeline', 'upload_long_video_1', 'manual__2026-07-25T08:23:54.309173+00:00', '--job-id', '239', '--raw', '--subdir', 'DAGS_FOLDER/youtube_pipeline.py', '--cfg-path', '/tmp/tmp3t37xp41']
[2026-07-25T08:25:50.246+0000] {standard_task_runner.py:91} INFO - Job 239: Subtask upload_long_video_1
[2026-07-25T08:25:50.314+0000] {task_command.py:426} INFO - Running <TaskInstance: youtube_english_video_pipeline.upload_long_video_1 manual__2026-07-25T08:23:54.309173+00:00 [running]> on host ce8e21912c19
[2026-07-25T08:25:50.499+0000] {taskinstance.py:2648} INFO - Exporting env vars: AIRFLOW_CTX_DAG_OWNER='taky' AIRFLOW_CTX_DAG_ID='youtube_english_video_pipeline' AIRFLOW_CTX_TASK_ID='upload_long_video_1' AIRFLOW_CTX_EXECUTION_DATE='2026-07-25T08:23:54.309173+00:00' AIRFLOW_CTX_TRY_NUMBER='1' AIRFLOW_CTX_DAG_RUN_ID='manual__2026-07-25T08:23:54.309173+00:00'
[2026-07-25T08:25:50.499+0000] {taskinstance.py:430} INFO - ::endgroup::
[2026-07-25T08:25:50.728+0000] {__init__.py:49} INFO - file_cache is only supported with oauth2client<4.0.0
[2026-07-25T08:25:50.735+0000] {logging_mixin.py:188} INFO - 2026-07-25 08:25:50,734 | INFO     | uploader.youtube_uploader | Uploading video '15 Essential English Phrases for Daily Conversation | Taky's Language School' (/opt/airflow/output/videos/long_223.mp4) to YouTube...
[2026-07-25T08:25:54.201+0000] {logging_mixin.py:188} INFO - 2026-07-25 08:25:54,201 | INFO     | uploader.youtube_uploader | Upload complete. YouTube video id = 2oFcXJ-tMLU
[2026-07-25T08:25:57.895+0000] {logging_mixin.py:188} INFO - 2026-07-25 08:25:57,895 | INFO     | uploader.youtube_uploader | Custom thumbnail uploaded.
[2026-07-25T08:25:57.922+0000] {python.py:237} INFO - Done. Returned value was: 2oFcXJ-tMLU
[2026-07-25T08:25:57.923+0000] {taskinstance.py:441} INFO - ::group::Post task execution logs
[2026-07-25T08:25:57.945+0000] {taskinstance.py:1206} INFO - Marking task as SUCCESS. dag_id=youtube_english_video_pipeline, task_id=upload_long_video_1, run_id=manual__2026-07-25T08:23:54.309173+00:00, execution_date=20260725T082354, start_date=20260725T082550, end_date=20260725T082557
[2026-07-25T08:25:57.987+0000] {local_task_job_runner.py:243} INFO - Task exited with return code 0
[2026-07-25T08:25:58.117+0000] {taskinstance.py:3503} INFO - 1 downstream tasks scheduled from follow-on schedule check
[2026-07-25T08:25:58.120+0000] {local_task_job_runner.py:222} INFO - ::endgroup::
