[2026-08-11T02:37:08.808+0000] {local_task_job_runner.py:120} INFO - ::group::Pre task execution logs
[2026-08-11T02:37:08.847+0000] {taskinstance.py:2076} INFO - Dependencies all met for dep_context=non-requeueable deps ti=<TaskInstance: youtube_english_video_pipeline.build_long_video_4 manual__2026-08-11T02:25:49.703167+00:00 [queued]>
[2026-08-11T02:37:08.856+0000] {taskinstance.py:2076} INFO - Dependencies all met for dep_context=requeueable deps ti=<TaskInstance: youtube_english_video_pipeline.build_long_video_4 manual__2026-08-11T02:25:49.703167+00:00 [queued]>
[2026-08-11T02:37:08.860+0000] {taskinstance.py:2306} INFO - Starting attempt 1 of 3
[2026-08-11T02:37:08.875+0000] {taskinstance.py:2330} INFO - Executing <Task(PythonOperator): build_long_video_4> on 2026-08-11 02:25:49.703167+00:00
[2026-08-11T02:37:08.880+0000] {standard_task_runner.py:64} INFO - Started process 92475 to run task
[2026-08-11T02:37:08.883+0000] {standard_task_runner.py:90} INFO - Running: ['airflow', 'tasks', 'run', 'youtube_english_video_pipeline', 'build_long_video_4', 'manual__2026-08-11T02:25:49.703167+00:00', '--job-id', '652', '--raw', '--subdir', 'DAGS_FOLDER/youtube_pipeline.py', '--cfg-path', '/tmp/tmpbw7gnehs']
[2026-08-11T02:37:08.886+0000] {standard_task_runner.py:91} INFO - Job 652: Subtask build_long_video_4
[2026-08-11T02:37:08.952+0000] {task_command.py:426} INFO - Running <TaskInstance: youtube_english_video_pipeline.build_long_video_4 manual__2026-08-11T02:25:49.703167+00:00 [running]> on host cc859d74cf38
[2026-08-11T02:37:09.194+0000] {taskinstance.py:2648} INFO - Exporting env vars: AIRFLOW_CTX_DAG_OWNER='taky' AIRFLOW_CTX_DAG_ID='youtube_english_video_pipeline' AIRFLOW_CTX_TASK_ID='build_long_video_4' AIRFLOW_CTX_EXECUTION_DATE='2026-08-11T02:25:49.703167+00:00' AIRFLOW_CTX_TRY_NUMBER='1' AIRFLOW_CTX_DAG_RUN_ID='manual__2026-08-11T02:25:49.703167+00:00'
[2026-08-11T02:37:09.196+0000] {taskinstance.py:430} INFO - ::endgroup::
[2026-08-11T02:37:10.577+0000] {logging_mixin.py:188} INFO - 2026-08-11 02:37:10,576 | INFO     | planner.video_planner | Planned LONG video: topic='Restaurant English', phrases=17
[2026-08-11T02:37:10.918+0000] {logging_mixin.py:188} INFO - 2026-08-11 02:37:10,918 | INFO     | tts.edge_tts | Synthesized audio -> /opt/airflow/output/audio/phrase_1513.mp3
[2026-08-11T02:37:11.403+0000] {logging_mixin.py:188} INFO - 2026-08-11 02:37:11,403 | INFO     | tts.edge_tts | Synthesized audio -> /opt/airflow/output/audio/example_1513.mp3
[2026-08-11T02:37:11.639+0000] {logging_mixin.py:188} INFO - 2026-08-11 02:37:11,639 | INFO     | media.image_downloader | Downloaded background image for scene='restaurant' -> /opt/airflow/output/images/long_1513.jpg
[2026-08-11T02:37:15.657+0000] {logging_mixin.py:188} INFO - 2026-08-11 02:37:15,657 | INFO     | tts.edge_tts | Synthesized audio -> /opt/airflow/output/audio/phrase_1514.mp3
[2026-08-11T02:37:16.190+0000] {logging_mixin.py:188} INFO - 2026-08-11 02:37:16,190 | INFO     | tts.edge_tts | Synthesized audio -> /opt/airflow/output/audio/example_1514.mp3
[2026-08-11T02:37:16.498+0000] {logging_mixin.py:188} INFO - 2026-08-11 02:37:16,498 | INFO     | media.image_downloader | Downloaded background image for scene='restaurant' -> /opt/airflow/output/images/long_1514.jpg
[2026-08-11T02:37:20.444+0000] {logging_mixin.py:188} INFO - 2026-08-11 02:37:20,444 | INFO     | tts.edge_tts | Synthesized audio -> /opt/airflow/output/audio/phrase_1534.mp3
[2026-08-11T02:37:20.927+0000] {logging_mixin.py:188} INFO - 2026-08-11 02:37:20,927 | INFO     | tts.edge_tts | Synthesized audio -> /opt/airflow/output/audio/example_1534.mp3
[2026-08-11T02:37:21.120+0000] {logging_mixin.py:188} INFO - 2026-08-11 02:37:21,120 | INFO     | media.image_downloader | Downloaded background image for scene='restaurant' -> /opt/airflow/output/images/long_1534.jpg
[2026-08-11T02:37:24.789+0000] {logging_mixin.py:188} INFO - 2026-08-11 02:37:24,789 | INFO     | tts.edge_tts | Synthesized audio -> /opt/airflow/output/audio/phrase_1536.mp3
[2026-08-11T02:37:25.187+0000] {logging_mixin.py:188} INFO - 2026-08-11 02:37:25,186 | INFO     | tts.edge_tts | Synthesized audio -> /opt/airflow/output/audio/example_1536.mp3
[2026-08-11T02:37:25.390+0000] {logging_mixin.py:188} INFO - 2026-08-11 02:37:25,390 | INFO     | media.image_downloader | Downloaded background image for scene='restaurant' -> /opt/airflow/output/images/long_1536.jpg
[2026-08-11T02:37:29.192+0000] {logging_mixin.py:188} INFO - 2026-08-11 02:37:29,191 | INFO     | tts.edge_tts | Synthesized audio -> /opt/airflow/output/audio/phrase_1542.mp3
[2026-08-11T02:37:29.615+0000] {logging_mixin.py:188} INFO - 2026-08-11 02:37:29,615 | INFO     | tts.edge_tts | Synthesized audio -> /opt/airflow/output/audio/example_1542.mp3
[2026-08-11T02:37:30.325+0000] {logging_mixin.py:188} INFO - 2026-08-11 02:37:30,325 | INFO     | media.image_downloader | Downloaded background image for scene='menu' -> /opt/airflow/output/images/long_1542.jpg
[2026-08-11T02:37:33.996+0000] {logging_mixin.py:188} INFO - 2026-08-11 02:37:33,996 | INFO     | tts.edge_tts | Synthesized audio -> /opt/airflow/output/audio/phrase_1554.mp3
[2026-08-11T02:37:34.425+0000] {logging_mixin.py:188} INFO - 2026-08-11 02:37:34,425 | INFO     | tts.edge_tts | Synthesized audio -> /opt/airflow/output/audio/example_1554.mp3
[2026-08-11T02:37:34.935+0000] {logging_mixin.py:188} INFO - 2026-08-11 02:37:34,935 | INFO     | media.image_downloader | Downloaded background image for scene='reception' -> /opt/airflow/output/images/long_1554.jpg
[2026-08-11T02:37:39.042+0000] {logging_mixin.py:188} INFO - 2026-08-11 02:37:39,042 | INFO     | tts.edge_tts | Synthesized audio -> /opt/airflow/output/audio/phrase_1560.mp3
[2026-08-11T02:37:39.423+0000] {logging_mixin.py:188} INFO - 2026-08-11 02:37:39,423 | INFO     | tts.edge_tts | Synthesized audio -> /opt/airflow/output/audio/example_1560.mp3
[2026-08-11T02:37:40.312+0000] {logging_mixin.py:188} INFO - 2026-08-11 02:37:40,312 | INFO     | media.image_downloader | Downloaded background image for scene='bar' -> /opt/airflow/output/images/long_1560.jpg
[2026-08-11T02:37:43.940+0000] {logging_mixin.py:188} INFO - 2026-08-11 02:37:43,940 | INFO     | tts.edge_tts | Synthesized audio -> /opt/airflow/output/audio/phrase_1561.mp3
[2026-08-11T02:37:44.285+0000] {logging_mixin.py:188} INFO - 2026-08-11 02:37:44,285 | INFO     | tts.edge_tts | Synthesized audio -> /opt/airflow/output/audio/example_1561.mp3
[2026-08-11T02:37:44.948+0000] {logging_mixin.py:188} INFO - 2026-08-11 02:37:44,948 | INFO     | media.image_downloader | Downloaded background image for scene='dining' -> /opt/airflow/output/images/long_1561.jpg
[2026-08-11T02:37:48.938+0000] {logging_mixin.py:188} INFO - 2026-08-11 02:37:48,938 | INFO     | tts.edge_tts | Synthesized audio -> /opt/airflow/output/audio/phrase_1567.mp3
[2026-08-11T02:37:49.449+0000] {logging_mixin.py:188} INFO - 2026-08-11 02:37:49,449 | INFO     | tts.edge_tts | Synthesized audio -> /opt/airflow/output/audio/example_1567.mp3
[2026-08-11T02:37:49.634+0000] {logging_mixin.py:188} INFO - 2026-08-11 02:37:49,633 | INFO     | media.image_downloader | Downloaded background image for scene='restaurant' -> /opt/airflow/output/images/long_1567.jpg
[2026-08-11T02:37:53.394+0000] {logging_mixin.py:188} INFO - 2026-08-11 02:37:53,394 | INFO     | tts.edge_tts | Synthesized audio -> /opt/airflow/output/audio/phrase_1568.mp3
[2026-08-11T02:37:53.889+0000] {logging_mixin.py:188} INFO - 2026-08-11 02:37:53,889 | INFO     | tts.edge_tts | Synthesized audio -> /opt/airflow/output/audio/example_1568.mp3
[2026-08-11T02:37:54.282+0000] {logging_mixin.py:188} INFO - 2026-08-11 02:37:54,282 | INFO     | media.image_downloader | Downloaded background image for scene='cafe' -> /opt/airflow/output/images/long_1568.jpg
[2026-08-11T02:37:59.224+0000] {logging_mixin.py:188} INFO - 2026-08-11 02:37:59,224 | INFO     | tts.edge_tts | Synthesized audio -> /opt/airflow/output/audio/phrase_1575.mp3
[2026-08-11T02:37:59.688+0000] {logging_mixin.py:188} INFO - 2026-08-11 02:37:59,688 | INFO     | tts.edge_tts | Synthesized audio -> /opt/airflow/output/audio/example_1575.mp3
[2026-08-11T02:37:59.982+0000] {logging_mixin.py:188} INFO - 2026-08-11 02:37:59,982 | INFO     | media.image_downloader | Downloaded background image for scene='coffee' -> /opt/airflow/output/images/long_1575.jpg
[2026-08-11T02:38:03.620+0000] {logging_mixin.py:188} INFO - 2026-08-11 02:38:03,620 | INFO     | tts.edge_tts | Synthesized audio -> /opt/airflow/output/audio/phrase_1581.mp3
[2026-08-11T02:38:04.062+0000] {logging_mixin.py:188} INFO - 2026-08-11 02:38:04,062 | INFO     | tts.edge_tts | Synthesized audio -> /opt/airflow/output/audio/example_1581.mp3
[2026-08-11T02:38:04.677+0000] {logging_mixin.py:188} INFO - 2026-08-11 02:38:04,676 | INFO     | media.image_downloader | Downloaded background image for scene='kitchen' -> /opt/airflow/output/images/long_1581.jpg
[2026-08-11T02:38:09.002+0000] {logging_mixin.py:188} INFO - 2026-08-11 02:38:09,002 | INFO     | tts.edge_tts | Synthesized audio -> /opt/airflow/output/audio/phrase_1583.mp3
[2026-08-11T02:38:09.468+0000] {logging_mixin.py:188} INFO - 2026-08-11 02:38:09,468 | INFO     | tts.edge_tts | Synthesized audio -> /opt/airflow/output/audio/example_1583.mp3
[2026-08-11T02:38:09.777+0000] {logging_mixin.py:188} INFO - 2026-08-11 02:38:09,777 | INFO     | media.image_downloader | Downloaded background image for scene='reception' -> /opt/airflow/output/images/long_1583.jpg
[2026-08-11T02:38:16.331+0000] {logging_mixin.py:188} INFO - 2026-08-11 02:38:16,331 | INFO     | tts.edge_tts | Synthesized audio -> /opt/airflow/output/audio/phrase_1589.mp3
[2026-08-11T02:38:16.755+0000] {logging_mixin.py:188} INFO - 2026-08-11 02:38:16,755 | INFO     | tts.edge_tts | Synthesized audio -> /opt/airflow/output/audio/example_1589.mp3
[2026-08-11T02:38:17.000+0000] {logging_mixin.py:188} INFO - 2026-08-11 02:38:17,000 | INFO     | media.image_downloader | Downloaded background image for scene='restaurant' -> /opt/airflow/output/images/long_1589.jpg
[2026-08-11T02:38:20.865+0000] {logging_mixin.py:188} INFO - 2026-08-11 02:38:20,865 | INFO     | tts.edge_tts | Synthesized audio -> /opt/airflow/output/audio/phrase_1593.mp3
[2026-08-11T02:38:21.257+0000] {logging_mixin.py:188} INFO - 2026-08-11 02:38:21,257 | INFO     | tts.edge_tts | Synthesized audio -> /opt/airflow/output/audio/example_1593.mp3
[2026-08-11T02:38:21.479+0000] {logging_mixin.py:188} INFO - 2026-08-11 02:38:21,479 | INFO     | media.image_downloader | Downloaded background image for scene='restaurant' -> /opt/airflow/output/images/long_1593.jpg
[2026-08-11T02:38:25.312+0000] {logging_mixin.py:188} INFO - 2026-08-11 02:38:25,312 | INFO     | tts.edge_tts | Synthesized audio -> /opt/airflow/output/audio/phrase_1601.mp3
[2026-08-11T02:38:25.613+0000] {logging_mixin.py:188} INFO - 2026-08-11 02:38:25,613 | INFO     | tts.edge_tts | Synthesized audio -> /opt/airflow/output/audio/example_1601.mp3
[2026-08-11T02:38:25.791+0000] {logging_mixin.py:188} INFO - 2026-08-11 02:38:25,791 | INFO     | media.image_downloader | Downloaded background image for scene='restaurant' -> /opt/airflow/output/images/long_1601.jpg
[2026-08-11T02:38:29.041+0000] {logging_mixin.py:188} INFO - 2026-08-11 02:38:29,041 | INFO     | tts.edge_tts | Synthesized audio -> /opt/airflow/output/audio/phrase_1605.mp3
[2026-08-11T02:38:29.487+0000] {logging_mixin.py:188} INFO - 2026-08-11 02:38:29,487 | INFO     | tts.edge_tts | Synthesized audio -> /opt/airflow/output/audio/example_1605.mp3
[2026-08-11T02:38:29.720+0000] {logging_mixin.py:188} INFO - 2026-08-11 02:38:29,720 | INFO     | media.image_downloader | Downloaded background image for scene='restaurant' -> /opt/airflow/output/images/long_1605.jpg
[2026-08-11T02:38:35.241+0000] {logging_mixin.py:188} INFO - 2026-08-11 02:38:35,241 | WARNING  | video.video_builder | BGM file not found at /opt/airflow/assets/bgm/long_bgm.mp3, rendering without background music
[2026-08-11T02:38:58.194+0000] {logging_mixin.py:188} INFO - 2026-08-11 02:38:58,194 | INFO     | video.video_builder | Final video rendered -> /opt/airflow/output/videos/long_1513.mp4
[2026-08-11T02:39:04.741+0000] {logging_mixin.py:188} INFO - 2026-08-11 02:39:04,741 | INFO     | media.thumbnail_builder | Built thumbnail -> /opt/airflow/output/thumbnails/long_1513.jpg
[2026-08-11T02:39:04.979+0000] {python.py:237} INFO - Done. Returned value was: {'video_id': 179, 'file_path': '/opt/airflow/output/videos/long_1513.mp4', 'thumbnail_path': '/opt/airflow/output/thumbnails/long_1513.jpg', 'title': "15+ Essential English Phrases for Restaurants | Taky's Language School", 'description': "Welcome to Taky's Language School! In this lesson, you'll learn essential English phrases for eating out at restaurants. Master practical spoken English for making reservations, ordering food, asking for recommendations, dealing with food allergies, and getting the check.\n\nKey phrases in this video:\n- Do you have any recommendations?\n- Can I get this to go?\n- Could I get the check, please?\n- I'm allergic to...\n- How long is the wait?\n\nBoost your English confidence and speak naturally next time you dine out. Subscribe to Taky's Language School for more real-life English lessons!", 'tags': ['restaurant english', 'learn english', 'spoken english', 'english phrases for ordering food', 'english conversation', 'english speaking practice', 'useful english phrases', "taky's language school", 'how to order food in english', 'english for beginners'], 'video_type': 'long'}
[2026-08-11T02:39:04.981+0000] {taskinstance.py:441} INFO - ::group::Post task execution logs
[2026-08-11T02:39:05.013+0000] {taskinstance.py:1206} INFO - Marking task as SUCCESS. dag_id=youtube_english_video_pipeline, task_id=build_long_video_4, run_id=manual__2026-08-11T02:25:49.703167+00:00, execution_date=20260811T022549, start_date=20260811T023708, end_date=20260811T023905
[2026-08-11T02:39:05.079+0000] {local_task_job_runner.py:243} INFO - Task exited with return code 0
[2026-08-11T02:39:05.264+0000] {taskinstance.py:3503} INFO - 1 downstream tasks scheduled from follow-on schedule check
[2026-08-11T02:39:05.272+0000] {local_task_job_runner.py:222} INFO - ::endgroup::
