[2026-09-15T00:04:23.291+0000] {local_task_job_runner.py:120} INFO - ::group::Pre task execution logs
[2026-09-15T00:04:23.322+0000] {taskinstance.py:2076} INFO - Dependencies all met for dep_context=non-requeueable deps ti=<TaskInstance: youtube_english_video_pipeline.upload_short_video_2 scheduled__2026-09-13T12:00:00+00:00 [queued]>
[2026-09-15T00:04:23.329+0000] {taskinstance.py:2076} INFO - Dependencies all met for dep_context=requeueable deps ti=<TaskInstance: youtube_english_video_pipeline.upload_short_video_2 scheduled__2026-09-13T12:00:00+00:00 [queued]>
[2026-09-15T00:04:23.330+0000] {taskinstance.py:2306} INFO - Starting attempt 1 of 3
[2026-09-15T00:04:23.343+0000] {taskinstance.py:2330} INFO - Executing <Task(PythonOperator): upload_short_video_2> on 2026-09-13 12:00:00+00:00
[2026-09-15T00:04:23.347+0000] {standard_task_runner.py:64} INFO - Started process 4052 to run task
[2026-09-15T00:04:23.349+0000] {standard_task_runner.py:90} INFO - Running: ['airflow', 'tasks', 'run', 'youtube_english_video_pipeline', 'upload_short_video_2', 'scheduled__2026-09-13T12:00:00+00:00', '--job-id', '1158', '--raw', '--subdir', 'DAGS_FOLDER/youtube_pipeline.py', '--cfg-path', '/tmp/tmpmr80sz2d']
[2026-09-15T00:04:23.351+0000] {standard_task_runner.py:91} INFO - Job 1158: Subtask upload_short_video_2
[2026-09-15T00:04:23.401+0000] {task_command.py:426} INFO - Running <TaskInstance: youtube_english_video_pipeline.upload_short_video_2 scheduled__2026-09-13T12:00:00+00:00 [running]> on host cc859d74cf38
[2026-09-15T00:04:23.593+0000] {taskinstance.py:2648} INFO - Exporting env vars: AIRFLOW_CTX_DAG_OWNER='taky' AIRFLOW_CTX_DAG_ID='youtube_english_video_pipeline' AIRFLOW_CTX_TASK_ID='upload_short_video_2' AIRFLOW_CTX_EXECUTION_DATE='2026-09-13T12:00:00+00:00' AIRFLOW_CTX_TRY_NUMBER='1' AIRFLOW_CTX_DAG_RUN_ID='scheduled__2026-09-13T12:00:00+00:00'
[2026-09-15T00:04:23.594+0000] {taskinstance.py:430} INFO - ::endgroup::
[2026-09-15T00:04:23.871+0000] {__init__.py:49} INFO - file_cache is only supported with oauth2client<4.0.0
[2026-09-15T00:04:23.879+0000] {logging_mixin.py:188} INFO - 2026-09-15 00:04:23,879 | INFO     | uploader.youtube_uploader | Uploading video 'Daily English Phrase | Shopping English' (/opt/airflow/output/videos/short_2771.mp4) to YouTube...
[2026-09-15T00:04:27.670+0000] {logging_mixin.py:188} INFO - 2026-09-15 00:04:27,670 | INFO     | uploader.youtube_uploader | Upload complete. YouTube video id = SLLg1oBL39g
[2026-09-15T00:04:27.687+0000] {python.py:237} INFO - Done. Returned value was: SLLg1oBL39g
[2026-09-15T00:04:27.691+0000] {taskinstance.py:441} INFO - ::group::Post task execution logs
[2026-09-15T00:04:27.722+0000] {taskinstance.py:1206} INFO - Marking task as SUCCESS. dag_id=youtube_english_video_pipeline, task_id=upload_short_video_2, run_id=scheduled__2026-09-13T12:00:00+00:00, execution_date=20260913T120000, start_date=20260915T000423, end_date=20260915T000427
[2026-09-15T00:04:27.785+0000] {local_task_job_runner.py:243} INFO - Task exited with return code 0
[2026-09-15T00:04:27.967+0000] {taskinstance.py:3503} INFO - 1 downstream tasks scheduled from follow-on schedule check
[2026-09-15T00:04:27.973+0000] {local_task_job_runner.py:222} INFO - ::endgroup::
