[2026-07-27T01:46:58.886+0000] {local_task_job_runner.py:120} INFO - ::group::Pre task execution logs
[2026-07-27T01:46:58.926+0000] {taskinstance.py:2076} INFO - Dependencies all met for dep_context=non-requeueable deps ti=<TaskInstance: youtube_english_video_pipeline.upload_long_video_6 scheduled__2026-07-25T12:00:00+00:00 [queued]>
[2026-07-27T01:46:58.941+0000] {taskinstance.py:2076} INFO - Dependencies all met for dep_context=requeueable deps ti=<TaskInstance: youtube_english_video_pipeline.upload_long_video_6 scheduled__2026-07-25T12:00:00+00:00 [queued]>
[2026-07-27T01:46:58.944+0000] {taskinstance.py:2306} INFO - Starting attempt 1 of 3
[2026-07-27T01:46:58.969+0000] {taskinstance.py:2330} INFO - Executing <Task(PythonOperator): upload_long_video_6> on 2026-07-25 12:00:00+00:00
[2026-07-27T01:46:58.978+0000] {standard_task_runner.py:64} INFO - Started process 47575 to run task
[2026-07-27T01:46:58.984+0000] {standard_task_runner.py:90} INFO - Running: ['airflow', 'tasks', 'run', 'youtube_english_video_pipeline', 'upload_long_video_6', 'scheduled__2026-07-25T12:00:00+00:00', '--job-id', '393', '--raw', '--subdir', 'DAGS_FOLDER/youtube_pipeline.py', '--cfg-path', '/tmp/tmpoeek23k1']
[2026-07-27T01:46:58.990+0000] {standard_task_runner.py:91} INFO - Job 393: Subtask upload_long_video_6
[2026-07-27T01:46:59.137+0000] {task_command.py:426} INFO - Running <TaskInstance: youtube_english_video_pipeline.upload_long_video_6 scheduled__2026-07-25T12:00:00+00:00 [running]> on host cc859d74cf38
[2026-07-27T01:46:59.523+0000] {taskinstance.py:2648} INFO - Exporting env vars: AIRFLOW_CTX_DAG_OWNER='taky' AIRFLOW_CTX_DAG_ID='youtube_english_video_pipeline' AIRFLOW_CTX_TASK_ID='upload_long_video_6' AIRFLOW_CTX_EXECUTION_DATE='2026-07-25T12:00:00+00:00' AIRFLOW_CTX_TRY_NUMBER='1' AIRFLOW_CTX_DAG_RUN_ID='scheduled__2026-07-25T12:00:00+00:00'
[2026-07-27T01:46:59.528+0000] {taskinstance.py:430} INFO - ::endgroup::
[2026-07-27T01:47:00.744+0000] {__init__.py:49} INFO - file_cache is only supported with oauth2client<4.0.0
[2026-07-27T01:47:00.762+0000] {logging_mixin.py:188} INFO - 2026-07-27 01:47:00,762 | INFO     | uploader.youtube_uploader | Uploading video '20 Daily English Expressions | Daily Conversation' (/opt/airflow/output/videos/long_679.mp4) to YouTube...
[2026-07-27T01:47:07.633+0000] {logging_mixin.py:188} INFO - 2026-07-27 01:47:07,632 | INFO     | uploader.youtube_uploader | Upload complete. YouTube video id = WOYZgV7nAPE
[2026-07-27T01:47:11.074+0000] {logging_mixin.py:188} INFO - 2026-07-27 01:47:11,074 | INFO     | uploader.youtube_uploader | Custom thumbnail uploaded.
[2026-07-27T01:47:11.097+0000] {python.py:237} INFO - Done. Returned value was: WOYZgV7nAPE
[2026-07-27T01:47:11.098+0000] {taskinstance.py:441} INFO - ::group::Post task execution logs
[2026-07-27T01:47:11.142+0000] {taskinstance.py:1206} INFO - Marking task as SUCCESS. dag_id=youtube_english_video_pipeline, task_id=upload_long_video_6, run_id=scheduled__2026-07-25T12:00:00+00:00, execution_date=20260725T120000, start_date=20260727T014658, end_date=20260727T014711
[2026-07-27T01:47:11.217+0000] {local_task_job_runner.py:243} INFO - Task exited with return code 0
[2026-07-27T01:47:11.426+0000] {taskinstance.py:3503} INFO - 1 downstream tasks scheduled from follow-on schedule check
[2026-07-27T01:47:11.457+0000] {local_task_job_runner.py:222} INFO - ::endgroup::
