[2026-09-14T11:22:30.434+0000] {processor.py:161} INFO - Started process (PID=454) to work on /opt/airflow/dags/youtube_pipeline.py
[2026-09-14T11:22:30.465+0000] {processor.py:830} INFO - Processing file /opt/airflow/dags/youtube_pipeline.py for tasks to queue
[2026-09-14T11:22:30.488+0000] {logging_mixin.py:188} INFO - [2026-09-14T11:22:30.488+0000] {dagbag.py:545} INFO - Filling up the DagBag from /opt/airflow/dags/youtube_pipeline.py
[2026-09-14T11:22:32.881+0000] {processor.py:840} INFO - DAG(s) 'youtube_english_video_pipeline' retrieved from /opt/airflow/dags/youtube_pipeline.py
[2026-09-14T11:22:33.068+0000] {logging_mixin.py:188} INFO - [2026-09-14T11:22:33.068+0000] {dag.py:3089} INFO - Sync 1 DAGs
[2026-09-14T11:22:33.296+0000] {processor.py:183} INFO - Processing /opt/airflow/dags/youtube_pipeline.py took 2.956 seconds
[2026-09-14T11:23:03.729+0000] {processor.py:161} INFO - Started process (PID=467) to work on /opt/airflow/dags/youtube_pipeline.py
[2026-09-14T11:23:03.740+0000] {processor.py:830} INFO - Processing file /opt/airflow/dags/youtube_pipeline.py for tasks to queue
[2026-09-14T11:23:03.748+0000] {logging_mixin.py:188} INFO - [2026-09-14T11:23:03.747+0000] {dagbag.py:545} INFO - Filling up the DagBag from /opt/airflow/dags/youtube_pipeline.py
[2026-09-14T11:23:04.022+0000] {processor.py:840} INFO - DAG(s) 'youtube_english_video_pipeline' retrieved from /opt/airflow/dags/youtube_pipeline.py
[2026-09-14T11:23:04.079+0000] {logging_mixin.py:188} INFO - [2026-09-14T11:23:04.079+0000] {dag.py:3089} INFO - Sync 1 DAGs
[2026-09-14T11:23:04.150+0000] {processor.py:183} INFO - Processing /opt/airflow/dags/youtube_pipeline.py took 0.431 seconds
[2026-09-14T11:23:34.622+0000] {processor.py:161} INFO - Started process (PID=484) to work on /opt/airflow/dags/youtube_pipeline.py
[2026-09-14T11:23:34.624+0000] {processor.py:830} INFO - Processing file /opt/airflow/dags/youtube_pipeline.py for tasks to queue
[2026-09-14T11:23:34.631+0000] {logging_mixin.py:188} INFO - [2026-09-14T11:23:34.630+0000] {dagbag.py:545} INFO - Filling up the DagBag from /opt/airflow/dags/youtube_pipeline.py
[2026-09-14T11:23:34.771+0000] {processor.py:840} INFO - DAG(s) 'youtube_english_video_pipeline' retrieved from /opt/airflow/dags/youtube_pipeline.py
[2026-09-14T11:23:34.830+0000] {logging_mixin.py:188} INFO - [2026-09-14T11:23:34.830+0000] {dag.py:3089} INFO - Sync 1 DAGs
[2026-09-14T11:23:34.884+0000] {processor.py:183} INFO - Processing /opt/airflow/dags/youtube_pipeline.py took 0.272 seconds
[2026-09-14T11:24:05.561+0000] {processor.py:161} INFO - Started process (PID=647) to work on /opt/airflow/dags/youtube_pipeline.py
[2026-09-14T11:24:05.572+0000] {processor.py:830} INFO - Processing file /opt/airflow/dags/youtube_pipeline.py for tasks to queue
[2026-09-14T11:24:05.578+0000] {logging_mixin.py:188} INFO - [2026-09-14T11:24:05.577+0000] {dagbag.py:545} INFO - Filling up the DagBag from /opt/airflow/dags/youtube_pipeline.py
[2026-09-14T11:24:05.824+0000] {processor.py:840} INFO - DAG(s) 'youtube_english_video_pipeline' retrieved from /opt/airflow/dags/youtube_pipeline.py
[2026-09-14T11:24:05.880+0000] {logging_mixin.py:188} INFO - [2026-09-14T11:24:05.879+0000] {dag.py:3089} INFO - Sync 1 DAGs
[2026-09-14T11:24:05.942+0000] {processor.py:183} INFO - Processing /opt/airflow/dags/youtube_pipeline.py took 0.394 seconds
[2026-09-14T11:24:36.649+0000] {processor.py:161} INFO - Started process (PID=754) to work on /opt/airflow/dags/youtube_pipeline.py
[2026-09-14T11:24:36.657+0000] {processor.py:830} INFO - Processing file /opt/airflow/dags/youtube_pipeline.py for tasks to queue
[2026-09-14T11:24:36.668+0000] {logging_mixin.py:188} INFO - [2026-09-14T11:24:36.666+0000] {dagbag.py:545} INFO - Filling up the DagBag from /opt/airflow/dags/youtube_pipeline.py
[2026-09-14T11:24:37.156+0000] {processor.py:840} INFO - DAG(s) 'youtube_english_video_pipeline' retrieved from /opt/airflow/dags/youtube_pipeline.py
[2026-09-14T11:24:37.250+0000] {logging_mixin.py:188} INFO - [2026-09-14T11:24:37.249+0000] {dag.py:3089} INFO - Sync 1 DAGs
[2026-09-14T11:24:37.314+0000] {processor.py:183} INFO - Processing /opt/airflow/dags/youtube_pipeline.py took 0.684 seconds
[2026-09-14T11:25:07.763+0000] {processor.py:161} INFO - Started process (PID=761) to work on /opt/airflow/dags/youtube_pipeline.py
[2026-09-14T11:25:07.772+0000] {processor.py:830} INFO - Processing file /opt/airflow/dags/youtube_pipeline.py for tasks to queue
[2026-09-14T11:25:07.775+0000] {logging_mixin.py:188} INFO - [2026-09-14T11:25:07.775+0000] {dagbag.py:545} INFO - Filling up the DagBag from /opt/airflow/dags/youtube_pipeline.py
[2026-09-14T11:25:07.990+0000] {processor.py:840} INFO - DAG(s) 'youtube_english_video_pipeline' retrieved from /opt/airflow/dags/youtube_pipeline.py
[2026-09-14T11:25:08.068+0000] {logging_mixin.py:188} INFO - [2026-09-14T11:25:08.068+0000] {dag.py:3089} INFO - Sync 1 DAGs
[2026-09-14T11:25:08.131+0000] {processor.py:183} INFO - Processing /opt/airflow/dags/youtube_pipeline.py took 0.377 seconds
[2026-09-14T11:47:15.569+0000] {processor.py:161} INFO - Started process (PID=275) to work on /opt/airflow/dags/youtube_pipeline.py
[2026-09-14T11:47:15.574+0000] {processor.py:830} INFO - Processing file /opt/airflow/dags/youtube_pipeline.py for tasks to queue
[2026-09-14T11:47:15.579+0000] {logging_mixin.py:188} INFO - [2026-09-14T11:47:15.578+0000] {dagbag.py:545} INFO - Filling up the DagBag from /opt/airflow/dags/youtube_pipeline.py
[2026-09-14T11:47:15.680+0000] {processor.py:840} INFO - DAG(s) 'youtube_english_video_pipeline' retrieved from /opt/airflow/dags/youtube_pipeline.py
[2026-09-14T11:47:15.815+0000] {logging_mixin.py:188} INFO - [2026-09-14T11:47:15.815+0000] {dag.py:3089} INFO - Sync 1 DAGs
[2026-09-14T11:47:15.891+0000] {processor.py:183} INFO - Processing /opt/airflow/dags/youtube_pipeline.py took 0.337 seconds
[2026-09-14T11:47:46.089+0000] {processor.py:161} INFO - Started process (PID=281) to work on /opt/airflow/dags/youtube_pipeline.py
[2026-09-14T11:47:46.093+0000] {processor.py:830} INFO - Processing file /opt/airflow/dags/youtube_pipeline.py for tasks to queue
[2026-09-14T11:47:46.100+0000] {logging_mixin.py:188} INFO - [2026-09-14T11:47:46.099+0000] {dagbag.py:545} INFO - Filling up the DagBag from /opt/airflow/dags/youtube_pipeline.py
[2026-09-14T11:47:46.191+0000] {processor.py:840} INFO - DAG(s) 'youtube_english_video_pipeline' retrieved from /opt/airflow/dags/youtube_pipeline.py
[2026-09-14T11:47:46.280+0000] {logging_mixin.py:188} INFO - [2026-09-14T11:47:46.279+0000] {dag.py:3089} INFO - Sync 1 DAGs
[2026-09-14T11:47:46.362+0000] {processor.py:183} INFO - Processing /opt/airflow/dags/youtube_pipeline.py took 0.287 seconds
[2026-09-14T11:48:16.646+0000] {processor.py:161} INFO - Started process (PID=286) to work on /opt/airflow/dags/youtube_pipeline.py
[2026-09-14T11:48:16.647+0000] {processor.py:830} INFO - Processing file /opt/airflow/dags/youtube_pipeline.py for tasks to queue
[2026-09-14T11:48:16.652+0000] {logging_mixin.py:188} INFO - [2026-09-14T11:48:16.651+0000] {dagbag.py:545} INFO - Filling up the DagBag from /opt/airflow/dags/youtube_pipeline.py
[2026-09-14T11:48:16.759+0000] {processor.py:840} INFO - DAG(s) 'youtube_english_video_pipeline' retrieved from /opt/airflow/dags/youtube_pipeline.py
[2026-09-14T11:48:16.852+0000] {logging_mixin.py:188} INFO - [2026-09-14T11:48:16.852+0000] {dag.py:3089} INFO - Sync 1 DAGs
[2026-09-14T11:48:16.931+0000] {processor.py:183} INFO - Processing /opt/airflow/dags/youtube_pipeline.py took 0.296 seconds
[2026-09-14T11:48:47.296+0000] {processor.py:161} INFO - Started process (PID=291) to work on /opt/airflow/dags/youtube_pipeline.py
[2026-09-14T11:48:47.298+0000] {processor.py:830} INFO - Processing file /opt/airflow/dags/youtube_pipeline.py for tasks to queue
[2026-09-14T11:48:47.301+0000] {logging_mixin.py:188} INFO - [2026-09-14T11:48:47.300+0000] {dagbag.py:545} INFO - Filling up the DagBag from /opt/airflow/dags/youtube_pipeline.py
[2026-09-14T11:48:47.374+0000] {processor.py:840} INFO - DAG(s) 'youtube_english_video_pipeline' retrieved from /opt/airflow/dags/youtube_pipeline.py
[2026-09-14T11:48:47.457+0000] {logging_mixin.py:188} INFO - [2026-09-14T11:48:47.456+0000] {dag.py:3089} INFO - Sync 1 DAGs
[2026-09-14T11:48:47.862+0000] {processor.py:183} INFO - Processing /opt/airflow/dags/youtube_pipeline.py took 0.578 seconds
[2026-09-14T11:49:18.273+0000] {processor.py:161} INFO - Started process (PID=296) to work on /opt/airflow/dags/youtube_pipeline.py
[2026-09-14T11:49:18.275+0000] {processor.py:830} INFO - Processing file /opt/airflow/dags/youtube_pipeline.py for tasks to queue
[2026-09-14T11:49:18.278+0000] {logging_mixin.py:188} INFO - [2026-09-14T11:49:18.278+0000] {dagbag.py:545} INFO - Filling up the DagBag from /opt/airflow/dags/youtube_pipeline.py
[2026-09-14T11:49:18.360+0000] {processor.py:840} INFO - DAG(s) 'youtube_english_video_pipeline' retrieved from /opt/airflow/dags/youtube_pipeline.py
[2026-09-14T11:49:18.432+0000] {logging_mixin.py:188} INFO - [2026-09-14T11:49:18.432+0000] {dag.py:3089} INFO - Sync 1 DAGs
[2026-09-14T11:49:18.712+0000] {processor.py:183} INFO - Processing /opt/airflow/dags/youtube_pipeline.py took 0.453 seconds
[2026-09-14T11:49:48.947+0000] {processor.py:161} INFO - Started process (PID=301) to work on /opt/airflow/dags/youtube_pipeline.py
[2026-09-14T11:49:48.956+0000] {processor.py:830} INFO - Processing file /opt/airflow/dags/youtube_pipeline.py for tasks to queue
[2026-09-14T11:49:48.959+0000] {logging_mixin.py:188} INFO - [2026-09-14T11:49:48.959+0000] {dagbag.py:545} INFO - Filling up the DagBag from /opt/airflow/dags/youtube_pipeline.py
[2026-09-14T11:49:49.037+0000] {processor.py:840} INFO - DAG(s) 'youtube_english_video_pipeline' retrieved from /opt/airflow/dags/youtube_pipeline.py
[2026-09-14T11:49:49.322+0000] {logging_mixin.py:188} INFO - [2026-09-14T11:49:49.322+0000] {dag.py:3089} INFO - Sync 1 DAGs
[2026-09-14T11:49:49.385+0000] {processor.py:183} INFO - Processing /opt/airflow/dags/youtube_pipeline.py took 0.449 seconds
[2026-09-14T22:29:48.215+0000] {processor.py:161} INFO - Started process (PID=307) to work on /opt/airflow/dags/youtube_pipeline.py
[2026-09-14T22:29:48.257+0000] {processor.py:830} INFO - Processing file /opt/airflow/dags/youtube_pipeline.py for tasks to queue
[2026-09-14T22:29:48.305+0000] {logging_mixin.py:188} INFO - [2026-09-14T22:29:48.304+0000] {dagbag.py:545} INFO - Filling up the DagBag from /opt/airflow/dags/youtube_pipeline.py
[2026-09-14T22:29:50.024+0000] {processor.py:840} INFO - DAG(s) 'youtube_english_video_pipeline' retrieved from /opt/airflow/dags/youtube_pipeline.py
[2026-09-14T22:29:50.128+0000] {logging_mixin.py:188} INFO - [2026-09-14T22:29:50.128+0000] {dag.py:3089} INFO - Sync 1 DAGs
[2026-09-14T22:29:50.259+0000] {processor.py:183} INFO - Processing /opt/airflow/dags/youtube_pipeline.py took 2.074 seconds
[2026-09-14T23:58:19.819+0000] {processor.py:161} INFO - Started process (PID=313) to work on /opt/airflow/dags/youtube_pipeline.py
[2026-09-14T23:58:19.894+0000] {processor.py:830} INFO - Processing file /opt/airflow/dags/youtube_pipeline.py for tasks to queue
[2026-09-14T23:58:19.904+0000] {logging_mixin.py:188} INFO - [2026-09-14T23:58:19.903+0000] {dagbag.py:545} INFO - Filling up the DagBag from /opt/airflow/dags/youtube_pipeline.py
[2026-09-14T23:58:21.943+0000] {processor.py:840} INFO - DAG(s) 'youtube_english_video_pipeline' retrieved from /opt/airflow/dags/youtube_pipeline.py
[2026-09-14T23:58:22.063+0000] {logging_mixin.py:188} INFO - [2026-09-14T23:58:22.063+0000] {dag.py:3089} INFO - Sync 1 DAGs
[2026-09-14T23:58:22.180+0000] {processor.py:183} INFO - Processing /opt/airflow/dags/youtube_pipeline.py took 2.417 seconds
[2026-09-14T23:58:52.427+0000] {processor.py:161} INFO - Started process (PID=320) to work on /opt/airflow/dags/youtube_pipeline.py
[2026-09-14T23:58:52.429+0000] {processor.py:830} INFO - Processing file /opt/airflow/dags/youtube_pipeline.py for tasks to queue
[2026-09-14T23:58:52.431+0000] {logging_mixin.py:188} INFO - [2026-09-14T23:58:52.430+0000] {dagbag.py:545} INFO - Filling up the DagBag from /opt/airflow/dags/youtube_pipeline.py
[2026-09-14T23:58:52.470+0000] {processor.py:840} INFO - DAG(s) 'youtube_english_video_pipeline' retrieved from /opt/airflow/dags/youtube_pipeline.py
[2026-09-14T23:58:52.521+0000] {logging_mixin.py:188} INFO - [2026-09-14T23:58:52.520+0000] {dag.py:3089} INFO - Sync 1 DAGs
[2026-09-14T23:58:52.571+0000] {processor.py:183} INFO - Processing /opt/airflow/dags/youtube_pipeline.py took 0.151 seconds
[2026-09-14T23:59:22.643+0000] {processor.py:161} INFO - Started process (PID=348) to work on /opt/airflow/dags/youtube_pipeline.py
[2026-09-14T23:59:22.644+0000] {processor.py:830} INFO - Processing file /opt/airflow/dags/youtube_pipeline.py for tasks to queue
[2026-09-14T23:59:22.646+0000] {logging_mixin.py:188} INFO - [2026-09-14T23:59:22.646+0000] {dagbag.py:545} INFO - Filling up the DagBag from /opt/airflow/dags/youtube_pipeline.py
[2026-09-14T23:59:22.690+0000] {processor.py:840} INFO - DAG(s) 'youtube_english_video_pipeline' retrieved from /opt/airflow/dags/youtube_pipeline.py
[2026-09-14T23:59:22.732+0000] {logging_mixin.py:188} INFO - [2026-09-14T23:59:22.732+0000] {dag.py:3089} INFO - Sync 1 DAGs
[2026-09-14T23:59:22.776+0000] {processor.py:183} INFO - Processing /opt/airflow/dags/youtube_pipeline.py took 0.142 seconds
[2026-09-14T23:59:53.023+0000] {processor.py:161} INFO - Started process (PID=355) to work on /opt/airflow/dags/youtube_pipeline.py
[2026-09-14T23:59:53.025+0000] {processor.py:830} INFO - Processing file /opt/airflow/dags/youtube_pipeline.py for tasks to queue
[2026-09-14T23:59:53.031+0000] {logging_mixin.py:188} INFO - [2026-09-14T23:59:53.030+0000] {dagbag.py:545} INFO - Filling up the DagBag from /opt/airflow/dags/youtube_pipeline.py
[2026-09-14T23:59:53.122+0000] {processor.py:840} INFO - DAG(s) 'youtube_english_video_pipeline' retrieved from /opt/airflow/dags/youtube_pipeline.py
[2026-09-14T23:59:53.206+0000] {logging_mixin.py:188} INFO - [2026-09-14T23:59:53.205+0000] {dag.py:3089} INFO - Sync 1 DAGs
[2026-09-14T23:59:53.279+0000] {processor.py:183} INFO - Processing /opt/airflow/dags/youtube_pipeline.py took 0.272 seconds
