[2026-09-20T11:22:05.651+0000] {local_task_job_runner.py:120} INFO - ::group::Pre task execution logs
[2026-09-20T11:22:05.696+0000] {taskinstance.py:2076} INFO - Dependencies all met for dep_context=non-requeueable deps ti=<TaskInstance: youtube_english_video_pipeline.upload_long_video_7 manual__2026-09-20T11:03:20.949531+00:00 [queued]>
[2026-09-20T11:22:05.708+0000] {taskinstance.py:2076} INFO - Dependencies all met for dep_context=requeueable deps ti=<TaskInstance: youtube_english_video_pipeline.upload_long_video_7 manual__2026-09-20T11:03:20.949531+00:00 [queued]>
[2026-09-20T11:22:05.710+0000] {taskinstance.py:2306} INFO - Starting attempt 1 of 3
[2026-09-20T11:22:05.730+0000] {taskinstance.py:2330} INFO - Executing <Task(PythonOperator): upload_long_video_7> on 2026-09-20 11:03:20.949531+00:00
[2026-09-20T11:22:05.736+0000] {standard_task_runner.py:64} INFO - Started process 55737 to run task
[2026-09-20T11:22:05.739+0000] {standard_task_runner.py:90} INFO - Running: ['airflow', 'tasks', 'run', 'youtube_english_video_pipeline', 'upload_long_video_7', 'manual__2026-09-20T11:03:20.949531+00:00', '--job-id', '1346', '--raw', '--subdir', 'DAGS_FOLDER/youtube_pipeline.py', '--cfg-path', '/tmp/tmpidb4tvdt']
[2026-09-20T11:22:05.742+0000] {standard_task_runner.py:91} INFO - Job 1346: Subtask upload_long_video_7
[2026-09-20T11:22:05.796+0000] {task_command.py:426} INFO - Running <TaskInstance: youtube_english_video_pipeline.upload_long_video_7 manual__2026-09-20T11:03:20.949531+00:00 [running]> on host 73b18333cdfe
[2026-09-20T11:22:06.032+0000] {taskinstance.py:2648} INFO - Exporting env vars: AIRFLOW_CTX_DAG_OWNER='taky' AIRFLOW_CTX_DAG_ID='youtube_english_video_pipeline' AIRFLOW_CTX_TASK_ID='upload_long_video_7' AIRFLOW_CTX_EXECUTION_DATE='2026-09-20T11:03:20.949531+00:00' AIRFLOW_CTX_TRY_NUMBER='1' AIRFLOW_CTX_DAG_RUN_ID='manual__2026-09-20T11:03:20.949531+00:00'
[2026-09-20T11:22:06.033+0000] {taskinstance.py:430} INFO - ::endgroup::
[2026-09-20T11:22:06.253+0000] {__init__.py:49} INFO - file_cache is only supported with oauth2client<4.0.0
[2026-09-20T11:22:06.261+0000] {logging_mixin.py:188} INFO - 2026-09-20 11:22:06,261 | INFO     | uploader.youtube_uploader | Uploading video '15 Essential Business English Phrases for Professionals | Taky's Language School' (/opt/airflow/output/videos/long_3258.mp4) to YouTube...
[2026-09-20T11:22:09.668+0000] {logging_mixin.py:188} INFO - 2026-09-20 11:22:09,668 | INFO     | uploader.youtube_uploader | Upload complete. YouTube video id = C01O9vv-eBA
[2026-09-20T11:22:13.355+0000] {logging_mixin.py:188} INFO - 2026-09-20 11:22:13,355 | INFO     | uploader.youtube_uploader | Custom thumbnail uploaded.
[2026-09-20T11:22:13.368+0000] {python.py:237} INFO - Done. Returned value was: C01O9vv-eBA
[2026-09-20T11:22:13.368+0000] {taskinstance.py:441} INFO - ::group::Post task execution logs
[2026-09-20T11:22:13.400+0000] {taskinstance.py:1206} INFO - Marking task as SUCCESS. dag_id=youtube_english_video_pipeline, task_id=upload_long_video_7, run_id=manual__2026-09-20T11:03:20.949531+00:00, execution_date=20260920T110320, start_date=20260920T112205, end_date=20260920T112213
[2026-09-20T11:22:13.453+0000] {local_task_job_runner.py:243} INFO - Task exited with return code 0
[2026-09-20T11:22:13.622+0000] {taskinstance.py:3503} INFO - 1 downstream tasks scheduled from follow-on schedule check
[2026-09-20T11:22:13.626+0000] {local_task_job_runner.py:222} INFO - ::endgroup::
