[2026-09-20T12:09:45.001+0000] {local_task_job_runner.py:120} INFO - ::group::Pre task execution logs
[2026-09-20T12:09:45.028+0000] {taskinstance.py:2076} INFO - Dependencies all met for dep_context=non-requeueable deps ti=<TaskInstance: youtube_english_video_pipeline.upload_long_video_4 scheduled__2026-09-19T12:00:00+00:00 [queued]>
[2026-09-20T12:09:45.034+0000] {taskinstance.py:2076} INFO - Dependencies all met for dep_context=requeueable deps ti=<TaskInstance: youtube_english_video_pipeline.upload_long_video_4 scheduled__2026-09-19T12:00:00+00:00 [queued]>
[2026-09-20T12:09:45.035+0000] {taskinstance.py:2306} INFO - Starting attempt 1 of 3
[2026-09-20T12:09:45.044+0000] {taskinstance.py:2330} INFO - Executing <Task(PythonOperator): upload_long_video_4> on 2026-09-19 12:00:00+00:00
[2026-09-20T12:09:45.047+0000] {standard_task_runner.py:64} INFO - Started process 78689 to run task
[2026-09-20T12:09:45.049+0000] {standard_task_runner.py:90} INFO - Running: ['airflow', 'tasks', 'run', 'youtube_english_video_pipeline', 'upload_long_video_4', 'scheduled__2026-09-19T12:00:00+00:00', '--job-id', '1381', '--raw', '--subdir', 'DAGS_FOLDER/youtube_pipeline.py', '--cfg-path', '/tmp/tmpr6gporfm']
[2026-09-20T12:09:45.051+0000] {standard_task_runner.py:91} INFO - Job 1381: Subtask upload_long_video_4
[2026-09-20T12:09:45.089+0000] {task_command.py:426} INFO - Running <TaskInstance: youtube_english_video_pipeline.upload_long_video_4 scheduled__2026-09-19T12:00:00+00:00 [running]> on host 73b18333cdfe
[2026-09-20T12:09:45.258+0000] {taskinstance.py:2648} INFO - Exporting env vars: AIRFLOW_CTX_DAG_OWNER='taky' AIRFLOW_CTX_DAG_ID='youtube_english_video_pipeline' AIRFLOW_CTX_TASK_ID='upload_long_video_4' AIRFLOW_CTX_EXECUTION_DATE='2026-09-19T12:00:00+00:00' AIRFLOW_CTX_TRY_NUMBER='1' AIRFLOW_CTX_DAG_RUN_ID='scheduled__2026-09-19T12:00:00+00:00'
[2026-09-20T12:09:45.259+0000] {taskinstance.py:430} INFO - ::endgroup::
[2026-09-20T12:09:45.377+0000] {__init__.py:49} INFO - file_cache is only supported with oauth2client<4.0.0
[2026-09-20T12:09:45.380+0000] {logging_mixin.py:188} INFO - 2026-09-20 12:09:45,380 | INFO     | uploader.youtube_uploader | Uploading video '20 Essential English Phrases for Daily Conversations | Improve Your Spoken English' (/opt/airflow/output/videos/long_3362.mp4) to YouTube...
[2026-09-20T12:09:48.385+0000] {logging_mixin.py:188} INFO - 2026-09-20 12:09:48,384 | INFO     | uploader.youtube_uploader | Upload complete. YouTube video id = QYqyrx5Y_7c
[2026-09-20T12:09:51.997+0000] {logging_mixin.py:188} INFO - 2026-09-20 12:09:51,997 | INFO     | uploader.youtube_uploader | Custom thumbnail uploaded.
[2026-09-20T12:09:52.005+0000] {python.py:237} INFO - Done. Returned value was: QYqyrx5Y_7c
[2026-09-20T12:09:52.005+0000] {taskinstance.py:441} INFO - ::group::Post task execution logs
[2026-09-20T12:09:52.020+0000] {taskinstance.py:1206} INFO - Marking task as SUCCESS. dag_id=youtube_english_video_pipeline, task_id=upload_long_video_4, run_id=scheduled__2026-09-19T12:00:00+00:00, execution_date=20260919T120000, start_date=20260920T120945, end_date=20260920T120952
[2026-09-20T12:09:52.052+0000] {local_task_job_runner.py:243} INFO - Task exited with return code 0
[2026-09-20T12:09:52.172+0000] {taskinstance.py:3503} INFO - 1 downstream tasks scheduled from follow-on schedule check
[2026-09-20T12:09:52.176+0000] {local_task_job_runner.py:222} INFO - ::endgroup::
