[2026-07-25T12:29:49.191+0000] {local_task_job_runner.py:120} INFO - ::group::Pre task execution logs
[2026-07-25T12:29:49.222+0000] {taskinstance.py:2076} INFO - Dependencies all met for dep_context=non-requeueable deps ti=<TaskInstance: youtube_english_video_pipeline.upload_short_video_3 manual__2026-07-25T12:21:18.111929+00:00 [queued]>
[2026-07-25T12:29:49.231+0000] {taskinstance.py:2076} INFO - Dependencies all met for dep_context=requeueable deps ti=<TaskInstance: youtube_english_video_pipeline.upload_short_video_3 manual__2026-07-25T12:21:18.111929+00:00 [queued]>
[2026-07-25T12:29:49.233+0000] {taskinstance.py:2306} INFO - Starting attempt 1 of 3
[2026-07-25T12:29:49.247+0000] {taskinstance.py:2330} INFO - Executing <Task(PythonOperator): upload_short_video_3> on 2026-07-25 12:21:18.111929+00:00
[2026-07-25T12:29:49.251+0000] {standard_task_runner.py:64} INFO - Started process 13203 to run task
[2026-07-25T12:29:49.254+0000] {standard_task_runner.py:90} INFO - Running: ['airflow', 'tasks', 'run', 'youtube_english_video_pipeline', 'upload_short_video_3', 'manual__2026-07-25T12:21:18.111929+00:00', '--job-id', '333', '--raw', '--subdir', 'DAGS_FOLDER/youtube_pipeline.py', '--cfg-path', '/tmp/tmpy_4z8bzi']
[2026-07-25T12:29:49.256+0000] {standard_task_runner.py:91} INFO - Job 333: Subtask upload_short_video_3
[2026-07-25T12:29:49.326+0000] {task_command.py:426} INFO - Running <TaskInstance: youtube_english_video_pipeline.upload_short_video_3 manual__2026-07-25T12:21:18.111929+00:00 [running]> on host cc859d74cf38
[2026-07-25T12:29:49.576+0000] {taskinstance.py:2648} INFO - Exporting env vars: AIRFLOW_CTX_DAG_OWNER='taky' AIRFLOW_CTX_DAG_ID='youtube_english_video_pipeline' AIRFLOW_CTX_TASK_ID='upload_short_video_3' AIRFLOW_CTX_EXECUTION_DATE='2026-07-25T12:21:18.111929+00:00' AIRFLOW_CTX_TRY_NUMBER='1' AIRFLOW_CTX_DAG_RUN_ID='manual__2026-07-25T12:21:18.111929+00:00'
[2026-07-25T12:29:49.577+0000] {taskinstance.py:430} INFO - ::endgroup::
[2026-07-25T12:29:49.793+0000] {__init__.py:49} INFO - file_cache is only supported with oauth2client<4.0.0
[2026-07-25T12:29:49.802+0000] {logging_mixin.py:188} INFO - 2026-07-25 12:29:49,801 | INFO     | uploader.youtube_uploader | Uploading video 'Daily English Phrase | Business English' (/opt/airflow/output/videos/short_516.mp4) to YouTube...
[2026-07-25T12:29:53.240+0000] {logging_mixin.py:188} INFO - 2026-07-25 12:29:53,240 | INFO     | uploader.youtube_uploader | Upload complete. YouTube video id = 53sAxAv-ZbY
[2026-07-25T12:29:53.260+0000] {python.py:237} INFO - Done. Returned value was: 53sAxAv-ZbY
[2026-07-25T12:29:53.264+0000] {taskinstance.py:441} INFO - ::group::Post task execution logs
[2026-07-25T12:29:53.297+0000] {taskinstance.py:1206} INFO - Marking task as SUCCESS. dag_id=youtube_english_video_pipeline, task_id=upload_short_video_3, run_id=manual__2026-07-25T12:21:18.111929+00:00, execution_date=20260725T122118, start_date=20260725T122949, end_date=20260725T122953
[2026-07-25T12:29:53.338+0000] {local_task_job_runner.py:243} INFO - Task exited with return code 0
[2026-07-25T12:29:53.501+0000] {taskinstance.py:3503} INFO - 1 downstream tasks scheduled from follow-on schedule check
[2026-07-25T12:29:53.516+0000] {local_task_job_runner.py:222} INFO - ::endgroup::
