[2026-09-22T00:38:56.879+0000] {local_task_job_runner.py:120} INFO - ::group::Pre task execution logs
[2026-09-22T00:38:56.931+0000] {taskinstance.py:2076} INFO - Dependencies all met for dep_context=non-requeueable deps ti=<TaskInstance: youtube_english_video_pipeline.should_build_long_video_8 scheduled__2026-09-20T12:00:00+00:00 [queued]>
[2026-09-22T00:38:56.945+0000] {taskinstance.py:2076} INFO - Dependencies all met for dep_context=requeueable deps ti=<TaskInstance: youtube_english_video_pipeline.should_build_long_video_8 scheduled__2026-09-20T12:00:00+00:00 [queued]>
[2026-09-22T00:38:56.946+0000] {taskinstance.py:2306} INFO - Starting attempt 1 of 3
[2026-09-22T00:38:56.964+0000] {taskinstance.py:2330} INFO - Executing <Task(ShortCircuitOperator): should_build_long_video_8> on 2026-09-20 12:00:00+00:00
[2026-09-22T00:38:56.970+0000] {standard_task_runner.py:64} INFO - Started process 24973 to run task
[2026-09-22T00:38:56.974+0000] {standard_task_runner.py:90} INFO - Running: ['airflow', 'tasks', 'run', 'youtube_english_video_pipeline', 'should_build_long_video_8', 'scheduled__2026-09-20T12:00:00+00:00', '--job-id', '1497', '--raw', '--subdir', 'DAGS_FOLDER/youtube_pipeline.py', '--cfg-path', '/tmp/tmpgaihydwt']
[2026-09-22T00:38:56.977+0000] {standard_task_runner.py:91} INFO - Job 1497: Subtask should_build_long_video_8
[2026-09-22T00:38:57.045+0000] {task_command.py:426} INFO - Running <TaskInstance: youtube_english_video_pipeline.should_build_long_video_8 scheduled__2026-09-20T12:00:00+00:00 [running]> on host 73b18333cdfe
[2026-09-22T00:38:57.335+0000] {taskinstance.py:2648} INFO - Exporting env vars: AIRFLOW_CTX_DAG_OWNER='taky' AIRFLOW_CTX_DAG_ID='youtube_english_video_pipeline' AIRFLOW_CTX_TASK_ID='should_build_long_video_8' AIRFLOW_CTX_EXECUTION_DATE='2026-09-20T12:00:00+00:00' AIRFLOW_CTX_TRY_NUMBER='1' AIRFLOW_CTX_DAG_RUN_ID='scheduled__2026-09-20T12:00:00+00:00'
[2026-09-22T00:38:57.337+0000] {taskinstance.py:430} INFO - ::endgroup::
[2026-09-22T00:38:57.348+0000] {baseoperator.py:400} WARNING - ShortCircuitOperator.execute cannot be called outside TaskInstance!
[2026-09-22T00:38:57.349+0000] {python.py:237} INFO - Done. Returned value was: True
[2026-09-22T00:38:57.351+0000] {python.py:304} INFO - Condition result is True
[2026-09-22T00:38:57.353+0000] {python.py:307} INFO - Proceeding with downstream tasks...
[2026-09-22T00:38:57.354+0000] {taskinstance.py:441} INFO - ::group::Post task execution logs
[2026-09-22T00:38:57.406+0000] {taskinstance.py:1206} INFO - Marking task as SUCCESS. dag_id=youtube_english_video_pipeline, task_id=should_build_long_video_8, run_id=scheduled__2026-09-20T12:00:00+00:00, execution_date=20260920T120000, start_date=20260922T003856, end_date=20260922T003857
[2026-09-22T00:38:57.471+0000] {local_task_job_runner.py:243} INFO - Task exited with return code 0
[2026-09-22T00:38:57.548+0000] {taskinstance.py:3503} INFO - 1 downstream tasks scheduled from follow-on schedule check
[2026-09-22T00:38:57.554+0000] {local_task_job_runner.py:222} INFO - ::endgroup::
