[2026-07-25T05:07:16.827+0000] {local_task_job_runner.py:120} INFO - ::group::Pre task execution logs
[2026-07-25T05:07:16.864+0000] {taskinstance.py:2076} INFO - Dependencies all met for dep_context=non-requeueable deps ti=<TaskInstance: youtube_english_video_pipeline.build_short_video manual__2026-07-25T05:07:14.003569+00:00 [queued]>
[2026-07-25T05:07:16.871+0000] {taskinstance.py:2076} INFO - Dependencies all met for dep_context=requeueable deps ti=<TaskInstance: youtube_english_video_pipeline.build_short_video manual__2026-07-25T05:07:14.003569+00:00 [queued]>
[2026-07-25T05:07:16.873+0000] {taskinstance.py:2306} INFO - Starting attempt 1 of 3
[2026-07-25T05:07:16.886+0000] {taskinstance.py:2330} INFO - Executing <Task(PythonOperator): build_short_video> on 2026-07-25 05:07:14.003569+00:00
[2026-07-25T05:07:16.891+0000] {standard_task_runner.py:64} INFO - Started process 211 to run task
[2026-07-25T05:07:16.895+0000] {standard_task_runner.py:90} INFO - Running: ['airflow', 'tasks', 'run', 'youtube_english_video_pipeline', 'build_short_video', 'manual__2026-07-25T05:07:14.003569+00:00', '--job-id', '224', '--raw', '--subdir', 'DAGS_FOLDER/youtube_pipeline.py', '--cfg-path', '/tmp/tmpli_x4rs9']
[2026-07-25T05:07:16.898+0000] {standard_task_runner.py:91} INFO - Job 224: Subtask build_short_video
[2026-07-25T05:07:16.981+0000] {task_command.py:426} INFO - Running <TaskInstance: youtube_english_video_pipeline.build_short_video manual__2026-07-25T05:07:14.003569+00:00 [running]> on host ce8e21912c19
[2026-07-25T05:07:17.229+0000] {taskinstance.py:2648} INFO - Exporting env vars: AIRFLOW_CTX_DAG_OWNER='taky' AIRFLOW_CTX_DAG_ID='youtube_english_video_pipeline' AIRFLOW_CTX_TASK_ID='build_short_video' AIRFLOW_CTX_EXECUTION_DATE='2026-07-25T05:07:14.003569+00:00' AIRFLOW_CTX_TRY_NUMBER='1' AIRFLOW_CTX_DAG_RUN_ID='manual__2026-07-25T05:07:14.003569+00:00'
[2026-07-25T05:07:17.231+0000] {taskinstance.py:430} INFO - ::endgroup::
[2026-07-25T05:07:17.973+0000] {logging_mixin.py:188} INFO - 2026-07-25 05:07:17,973 | INFO     | planner.video_planner | Planned SHORT video: topic='Hotel English', phrases=1
[2026-07-25T05:07:18.349+0000] {logging_mixin.py:188} INFO - 2026-07-25 05:07:18,349 | INFO     | tts.edge_tts | Synthesized audio -> /opt/airflow/output/audio/phrase_90.mp3
[2026-07-25T05:07:18.677+0000] {logging_mixin.py:188} INFO - 2026-07-25 05:07:18,677 | INFO     | tts.edge_tts | Synthesized audio -> /opt/airflow/output/audio/example_90.mp3
[2026-07-25T05:07:19.015+0000] {logging_mixin.py:188} INFO - 2026-07-25 05:07:19,015 | INFO     | media.image_downloader | Downloaded background image for scene='hotel' -> /opt/airflow/output/images/short_90.jpg
[2026-07-25T05:07:23.488+0000] {logging_mixin.py:188} INFO - 2026-07-25 05:07:23,488 | WARNING  | video.video_builder | BGM file not found at /opt/airflow/assets/bgm/short_bgm.mp3, rendering without background music
[2026-07-25T05:07:26.310+0000] {logging_mixin.py:188} INFO - 2026-07-25 05:07:26,309 | INFO     | video.video_builder | Final video rendered -> /opt/airflow/output/videos/short_90.mp4
[2026-07-25T05:07:32.608+0000] {python.py:237} INFO - Done. Returned value was: {'video_id': 29, 'file_path': '/opt/airflow/output/videos/short_90.mp4', 'title': 'How to Check In at a Hotel in English! 🏨 #Shorts', 'description': 'Learn how to check in at a hotel easily with Taky\'s Language School! 🏨✨\n\nWhen you arrive at the reception desk, use this essential phrase:\n"Hello, I\'d like to check in, please; my name is Sarah Jenkins."\n\nMaster practical spoken English for your next trip! Subscribe to Taky\'s Language School for daily travel English tips and practical conversation lessons.\n\n#HotelEnglish #LearnEnglish #TravelEnglish #TakysLanguageSchool #Shorts', 'tags': ['hotel english', 'how to check in at a hotel', 'learn english', 'english for travel', 'spoken english', 'travel english phrases', "taky's language school", 'hotel check in english', 'english conversation', 'practical english'], 'video_type': 'short'}
[2026-07-25T05:07:32.614+0000] {taskinstance.py:441} INFO - ::group::Post task execution logs
[2026-07-25T05:07:32.667+0000] {taskinstance.py:1206} INFO - Marking task as SUCCESS. dag_id=youtube_english_video_pipeline, task_id=build_short_video, run_id=manual__2026-07-25T05:07:14.003569+00:00, execution_date=20260725T050714, start_date=20260725T050716, end_date=20260725T050732
[2026-07-25T05:07:32.761+0000] {local_task_job_runner.py:243} INFO - Task exited with return code 0
[2026-07-25T05:07:32.791+0000] {local_task_job_runner.py:222} INFO - ::endgroup::
