[2026-08-11T02:54:40.643+0000] {local_task_job_runner.py:120} INFO - ::group::Pre task execution logs
[2026-08-11T02:54:40.682+0000] {taskinstance.py:2076} INFO - Dependencies all met for dep_context=non-requeueable deps ti=<TaskInstance: youtube_english_video_pipeline.upload_long_video_9 manual__2026-08-11T02:25:49.703167+00:00 [queued]>
[2026-08-11T02:54:40.692+0000] {taskinstance.py:2076} INFO - Dependencies all met for dep_context=requeueable deps ti=<TaskInstance: youtube_english_video_pipeline.upload_long_video_9 manual__2026-08-11T02:25:49.703167+00:00 [queued]>
[2026-08-11T02:54:40.694+0000] {taskinstance.py:2306} INFO - Starting attempt 1 of 3
[2026-08-11T02:54:40.708+0000] {taskinstance.py:2330} INFO - Executing <Task(PythonOperator): upload_long_video_9> on 2026-08-11 02:25:49.703167+00:00
[2026-08-11T02:54:40.713+0000] {standard_task_runner.py:64} INFO - Started process 11961 to run task
[2026-08-11T02:54:40.715+0000] {standard_task_runner.py:90} INFO - Running: ['airflow', 'tasks', 'run', 'youtube_english_video_pipeline', 'upload_long_video_9', 'manual__2026-08-11T02:25:49.703167+00:00', '--job-id', '678', '--raw', '--subdir', 'DAGS_FOLDER/youtube_pipeline.py', '--cfg-path', '/tmp/tmpfhys5xh8']
[2026-08-11T02:54:40.719+0000] {standard_task_runner.py:91} INFO - Job 678: Subtask upload_long_video_9
[2026-08-11T02:54:40.789+0000] {task_command.py:426} INFO - Running <TaskInstance: youtube_english_video_pipeline.upload_long_video_9 manual__2026-08-11T02:25:49.703167+00:00 [running]> on host cc859d74cf38
[2026-08-11T02:54:41.015+0000] {taskinstance.py:2648} INFO - Exporting env vars: AIRFLOW_CTX_DAG_OWNER='taky' AIRFLOW_CTX_DAG_ID='youtube_english_video_pipeline' AIRFLOW_CTX_TASK_ID='upload_long_video_9' AIRFLOW_CTX_EXECUTION_DATE='2026-08-11T02:25:49.703167+00:00' AIRFLOW_CTX_TRY_NUMBER='1' AIRFLOW_CTX_DAG_RUN_ID='manual__2026-08-11T02:25:49.703167+00:00'
[2026-08-11T02:54:41.016+0000] {taskinstance.py:430} INFO - ::endgroup::
[2026-08-11T02:54:41.988+0000] {__init__.py:49} INFO - file_cache is only supported with oauth2client<4.0.0
[2026-08-11T02:54:42.016+0000] {logging_mixin.py:188} INFO - 2026-08-11 02:54:42,016 | INFO     | uploader.youtube_uploader | Uploading video '17 Daily English Expressions | Shopping English' (/opt/airflow/output/videos/long_1609.mp4) to YouTube...
[2026-08-11T02:54:49.374+0000] {logging_mixin.py:188} INFO - 2026-08-11 02:54:49,374 | INFO     | uploader.youtube_uploader | Upload complete. YouTube video id = XjpxYLIwlo4
[2026-08-11T02:54:53.869+0000] {logging_mixin.py:188} INFO - 2026-08-11 02:54:53,869 | INFO     | uploader.youtube_uploader | Custom thumbnail uploaded.
[2026-08-11T02:54:53.885+0000] {python.py:237} INFO - Done. Returned value was: XjpxYLIwlo4
[2026-08-11T02:54:53.887+0000] {taskinstance.py:441} INFO - ::group::Post task execution logs
[2026-08-11T02:54:53.918+0000] {taskinstance.py:1206} INFO - Marking task as SUCCESS. dag_id=youtube_english_video_pipeline, task_id=upload_long_video_9, run_id=manual__2026-08-11T02:25:49.703167+00:00, execution_date=20260811T022549, start_date=20260811T025440, end_date=20260811T025453
[2026-08-11T02:54:53.962+0000] {local_task_job_runner.py:243} INFO - Task exited with return code 0
[2026-08-11T02:54:54.128+0000] {taskinstance.py:3503} INFO - 1 downstream tasks scheduled from follow-on schedule check
[2026-08-11T02:54:54.132+0000] {local_task_job_runner.py:222} INFO - ::endgroup::
