[2026-08-18T23:58:48.832+0000] {local_task_job_runner.py:120} INFO - ::group::Pre task execution logs
[2026-08-18T23:58:48.873+0000] {taskinstance.py:2076} INFO - Dependencies all met for dep_context=non-requeueable deps ti=<TaskInstance: youtube_english_video_pipeline.build_short_video_2 scheduled__2026-08-17T12:00:00+00:00 [queued]>
[2026-08-18T23:58:48.884+0000] {taskinstance.py:2076} INFO - Dependencies all met for dep_context=requeueable deps ti=<TaskInstance: youtube_english_video_pipeline.build_short_video_2 scheduled__2026-08-17T12:00:00+00:00 [queued]>
[2026-08-18T23:58:48.886+0000] {taskinstance.py:2306} INFO - Starting attempt 1 of 3
[2026-08-18T23:58:48.902+0000] {taskinstance.py:2330} INFO - Executing <Task(PythonOperator): build_short_video_2> on 2026-08-17 12:00:00+00:00
[2026-08-18T23:58:48.910+0000] {standard_task_runner.py:64} INFO - Started process 22105 to run task
[2026-08-18T23:58:48.914+0000] {standard_task_runner.py:90} INFO - Running: ['airflow', 'tasks', 'run', 'youtube_english_video_pipeline', 'build_short_video_2', 'scheduled__2026-08-17T12:00:00+00:00', '--job-id', '778', '--raw', '--subdir', 'DAGS_FOLDER/youtube_pipeline.py', '--cfg-path', '/tmp/tmp12t51ft3']
[2026-08-18T23:58:48.917+0000] {standard_task_runner.py:91} INFO - Job 778: Subtask build_short_video_2
[2026-08-18T23:58:48.999+0000] {task_command.py:426} INFO - Running <TaskInstance: youtube_english_video_pipeline.build_short_video_2 scheduled__2026-08-17T12:00:00+00:00 [running]> on host cc859d74cf38
[2026-08-18T23:58:49.234+0000] {taskinstance.py:2648} INFO - Exporting env vars: AIRFLOW_CTX_DAG_OWNER='taky' AIRFLOW_CTX_DAG_ID='youtube_english_video_pipeline' AIRFLOW_CTX_TASK_ID='build_short_video_2' AIRFLOW_CTX_EXECUTION_DATE='2026-08-17T12:00:00+00:00' AIRFLOW_CTX_TRY_NUMBER='1' AIRFLOW_CTX_DAG_RUN_ID='scheduled__2026-08-17T12:00:00+00:00'
[2026-08-18T23:58:49.235+0000] {taskinstance.py:430} INFO - ::endgroup::
[2026-08-18T23:58:50.052+0000] {logging_mixin.py:188} INFO - 2026-08-18 23:58:50,052 | INFO     | planner.video_planner | Planned SHORT video: topic='Daily Conversation', phrases=1
[2026-08-18T23:58:50.431+0000] {logging_mixin.py:188} INFO - 2026-08-18 23:58:50,431 | INFO     | tts.edge_tts | Synthesized audio -> /opt/airflow/output/audio/phrase_1961.mp3
[2026-08-18T23:58:50.849+0000] {logging_mixin.py:188} INFO - 2026-08-18 23:58:50,849 | INFO     | tts.edge_tts | Synthesized audio -> /opt/airflow/output/audio/example_1961.mp3
[2026-08-18T23:58:51.539+0000] {logging_mixin.py:188} INFO - 2026-08-18 23:58:51,538 | INFO     | media.image_downloader | Downloaded background image for scene='livingroom' -> /opt/airflow/output/images/short_1961.jpg
[2026-08-18T23:58:55.572+0000] {logging_mixin.py:188} INFO - 2026-08-18 23:58:55,572 | WARNING  | video.video_builder | BGM file not found at /opt/airflow/assets/bgm/short_bgm.mp3, rendering without background music
[2026-08-18T23:58:57.769+0000] {logging_mixin.py:188} INFO - 2026-08-18 23:58:57,769 | INFO     | video.video_builder | Final video rendered -> /opt/airflow/output/videos/short_1961.mp4
[2026-08-18T23:59:36.551+0000] {python.py:237} INFO - Done. Returned value was: {'video_id': 226, 'file_path': '/opt/airflow/output/videos/short_1961.mp4', 'title': 'How to Ask for Help in English! 📦 Daily Spoken English #Shorts', 'description': 'Learn how to ask for help naturally in daily English conversation! 🤝\n\nPhrase of the day:\n👉 "Could you give me a hand?"\nExample: "Could you give me a hand carrying these boxes upstairs?"\n\nUse this polite, common idiom instead of just saying "Help me!" in everyday spoken English.\n\nTry making your own sentence in the comments below! 👇\n\n🔔 Subscribe to Taky\'s Language School for quick, practical English lessons every day!\n\n#EnglishLearning #LearnEnglish #DailyEnglish #SpokenEnglish #EnglishPhrases #Shorts #TakyLanguageSchool', 'tags': ['learn english', 'spoken english', 'daily conversation english', 'could you give me a hand', 'english phrases', 'english idioms', 'ask for help in english', 'english for beginners', 'takys language school', 'english speaking practice', 'practical english', 'shorts'], 'video_type': 'short'}
[2026-08-18T23:59:36.553+0000] {taskinstance.py:441} INFO - ::group::Post task execution logs
[2026-08-18T23:59:36.582+0000] {taskinstance.py:1206} INFO - Marking task as SUCCESS. dag_id=youtube_english_video_pipeline, task_id=build_short_video_2, run_id=scheduled__2026-08-17T12:00:00+00:00, execution_date=20260817T120000, start_date=20260818T235848, end_date=20260818T235936
[2026-08-18T23:59:36.647+0000] {local_task_job_runner.py:243} INFO - Task exited with return code 0
[2026-08-18T23:59:36.871+0000] {taskinstance.py:3503} INFO - 1 downstream tasks scheduled from follow-on schedule check
[2026-08-18T23:59:36.877+0000] {local_task_job_runner.py:222} INFO - ::endgroup::
