[2026-08-11T02:45:26.960+0000] {local_task_job_runner.py:120} INFO - ::group::Pre task execution logs
[2026-08-11T02:45:26.996+0000] {taskinstance.py:2076} INFO - Dependencies all met for dep_context=non-requeueable deps ti=<TaskInstance: youtube_english_video_pipeline.build_short_video_7 manual__2026-08-11T02:25:49.703167+00:00 [queued]>
[2026-08-11T02:45:27.004+0000] {taskinstance.py:2076} INFO - Dependencies all met for dep_context=requeueable deps ti=<TaskInstance: youtube_english_video_pipeline.build_short_video_7 manual__2026-08-11T02:25:49.703167+00:00 [queued]>
[2026-08-11T02:45:27.006+0000] {taskinstance.py:2306} INFO - Starting attempt 1 of 3
[2026-08-11T02:45:27.017+0000] {taskinstance.py:2330} INFO - Executing <Task(PythonOperator): build_short_video_7> on 2026-08-11 02:25:49.703167+00:00
[2026-08-11T02:45:27.030+0000] {standard_task_runner.py:64} INFO - Started process 2294 to run task
[2026-08-11T02:45:27.032+0000] {standard_task_runner.py:90} INFO - Running: ['airflow', 'tasks', 'run', 'youtube_english_video_pipeline', 'build_short_video_7', 'manual__2026-08-11T02:25:49.703167+00:00', '--job-id', '665', '--raw', '--subdir', 'DAGS_FOLDER/youtube_pipeline.py', '--cfg-path', '/tmp/tmpu_slxfpt']
[2026-08-11T02:45:27.035+0000] {standard_task_runner.py:91} INFO - Job 665: Subtask build_short_video_7
[2026-08-11T02:45:27.104+0000] {task_command.py:426} INFO - Running <TaskInstance: youtube_english_video_pipeline.build_short_video_7 manual__2026-08-11T02:25:49.703167+00:00 [running]> on host cc859d74cf38
[2026-08-11T02:45:27.304+0000] {taskinstance.py:2648} INFO - Exporting env vars: AIRFLOW_CTX_DAG_OWNER='taky' AIRFLOW_CTX_DAG_ID='youtube_english_video_pipeline' AIRFLOW_CTX_TASK_ID='build_short_video_7' AIRFLOW_CTX_EXECUTION_DATE='2026-08-11T02:25:49.703167+00:00' AIRFLOW_CTX_TRY_NUMBER='1' AIRFLOW_CTX_DAG_RUN_ID='manual__2026-08-11T02:25:49.703167+00:00'
[2026-08-11T02:45:27.307+0000] {taskinstance.py:430} INFO - ::endgroup::
[2026-08-11T02:45:28.534+0000] {logging_mixin.py:188} INFO - 2026-08-11 02:45:28,533 | INFO     | planner.video_planner | Planned SHORT video: topic='Airport English', phrases=1
[2026-08-11T02:45:28.975+0000] {logging_mixin.py:188} INFO - 2026-08-11 02:45:28,975 | INFO     | tts.edge_tts | Synthesized audio -> /opt/airflow/output/audio/phrase_1558.mp3
[2026-08-11T02:45:29.395+0000] {logging_mixin.py:188} INFO - 2026-08-11 02:45:29,394 | INFO     | tts.edge_tts | Synthesized audio -> /opt/airflow/output/audio/example_1558.mp3
[2026-08-11T02:45:30.143+0000] {logging_mixin.py:188} INFO - 2026-08-11 02:45:30,143 | INFO     | media.image_downloader | Downloaded background image for scene='terminal' -> /opt/airflow/output/images/short_1558.jpg
[2026-08-11T02:45:33.100+0000] {logging_mixin.py:188} INFO - 2026-08-11 02:45:33,100 | WARNING  | video.video_builder | BGM file not found at /opt/airflow/assets/bgm/short_bgm.mp3, rendering without background music
[2026-08-11T02:45:34.875+0000] {logging_mixin.py:188} INFO - 2026-08-11 02:45:34,875 | INFO     | video.video_builder | Final video rendered -> /opt/airflow/output/videos/short_1558.mp4
[2026-08-11T02:45:39.797+0000] {python.py:237} INFO - Done. Returned value was: {'video_id': 184, 'file_path': '/opt/airflow/output/videos/short_1558.mp4', 'title': 'Airport English: How to Ask for Your Gate! ✈️ #Shorts', 'description': 'Are you traveling soon? Learn essential Airport English with Taky\'s Language School!\n\nIn this short lesson, master how to ask for your flight\'s gate number clearly and confidently:\n\n👉 "Excuse me, what\'s the gate for flight 402 to London?"\n\nPractice this phrase before your next trip! Subscribe to Taky\'s Language School for quick, daily English tips and practical conversation lessons.\n\n#AirportEnglish #LearnEnglish #TravelEnglish #EnglishPhrases #SpeakEnglish #Shorts', 'tags': ['airport english', 'learn english', 'travel english', 'spoken english', 'english phrases', 'takys language school', 'english for beginners', 'how to ask for gate english', 'english conversation', 'english learning shorts', 'practical english'], 'video_type': 'short'}
[2026-08-11T02:45:39.800+0000] {taskinstance.py:441} INFO - ::group::Post task execution logs
[2026-08-11T02:45:39.833+0000] {taskinstance.py:1206} INFO - Marking task as SUCCESS. dag_id=youtube_english_video_pipeline, task_id=build_short_video_7, run_id=manual__2026-08-11T02:25:49.703167+00:00, execution_date=20260811T022549, start_date=20260811T024526, end_date=20260811T024539
[2026-08-11T02:45:39.928+0000] {local_task_job_runner.py:243} INFO - Task exited with return code 0
[2026-08-11T02:45:40.135+0000] {taskinstance.py:3503} INFO - 1 downstream tasks scheduled from follow-on schedule check
[2026-08-11T02:45:40.145+0000] {local_task_job_runner.py:222} INFO - ::endgroup::
