[2026-09-20T11:14:41.331+0000] {local_task_job_runner.py:120} INFO - ::group::Pre task execution logs
[2026-09-20T11:14:41.367+0000] {taskinstance.py:2076} INFO - Dependencies all met for dep_context=non-requeueable deps ti=<TaskInstance: youtube_english_video_pipeline.build_short_video_5 manual__2026-09-20T11:03:20.949531+00:00 [queued]>
[2026-09-20T11:14:41.376+0000] {taskinstance.py:2076} INFO - Dependencies all met for dep_context=requeueable deps ti=<TaskInstance: youtube_english_video_pipeline.build_short_video_5 manual__2026-09-20T11:03:20.949531+00:00 [queued]>
[2026-09-20T11:14:41.378+0000] {taskinstance.py:2306} INFO - Starting attempt 1 of 3
[2026-09-20T11:14:41.395+0000] {taskinstance.py:2330} INFO - Executing <Task(PythonOperator): build_short_video_5> on 2026-09-20 11:03:20.949531+00:00
[2026-09-20T11:14:41.402+0000] {standard_task_runner.py:64} INFO - Started process 46573 to run task
[2026-09-20T11:14:41.405+0000] {standard_task_runner.py:90} INFO - Running: ['airflow', 'tasks', 'run', 'youtube_english_video_pipeline', 'build_short_video_5', 'manual__2026-09-20T11:03:20.949531+00:00', '--job-id', '1332', '--raw', '--subdir', 'DAGS_FOLDER/youtube_pipeline.py', '--cfg-path', '/tmp/tmp5op3pvo7']
[2026-09-20T11:14:41.409+0000] {standard_task_runner.py:91} INFO - Job 1332: Subtask build_short_video_5
[2026-09-20T11:14:41.471+0000] {task_command.py:426} INFO - Running <TaskInstance: youtube_english_video_pipeline.build_short_video_5 manual__2026-09-20T11:03:20.949531+00:00 [running]> on host 73b18333cdfe
[2026-09-20T11:14:41.732+0000] {taskinstance.py:2648} INFO - Exporting env vars: AIRFLOW_CTX_DAG_OWNER='taky' AIRFLOW_CTX_DAG_ID='youtube_english_video_pipeline' AIRFLOW_CTX_TASK_ID='build_short_video_5' AIRFLOW_CTX_EXECUTION_DATE='2026-09-20T11:03:20.949531+00:00' AIRFLOW_CTX_TRY_NUMBER='1' AIRFLOW_CTX_DAG_RUN_ID='manual__2026-09-20T11:03:20.949531+00:00'
[2026-09-20T11:14:41.733+0000] {taskinstance.py:430} INFO - ::endgroup::
[2026-09-20T11:14:42.376+0000] {logging_mixin.py:188} INFO - 2026-09-20 11:14:42,376 | INFO     | planner.video_planner | Planned SHORT video: topic='Daily Communication', phrases=1
[2026-09-20T11:14:42.615+0000] {logging_mixin.py:188} INFO - 2026-09-20 11:14:42,615 | INFO     | tts.edge_tts | Synthesized audio -> /opt/airflow/output/audio/phrase_2980.mp3
[2026-09-20T11:14:42.972+0000] {logging_mixin.py:188} INFO - 2026-09-20 11:14:42,972 | INFO     | tts.edge_tts | Synthesized audio -> /opt/airflow/output/audio/example_2980.mp3
[2026-09-20T11:14:43.625+0000] {logging_mixin.py:188} INFO - 2026-09-20 11:14:43,624 | INFO     | media.image_downloader | Downloaded background image for scene='office' -> /opt/airflow/output/images/short_2980.jpg
[2026-09-20T11:14:47.686+0000] {logging_mixin.py:188} INFO - 2026-09-20 11:14:47,686 | WARNING  | video.video_builder | BGM file not found at /opt/airflow/assets/bgm/short_bgm.mp3, rendering without background music
[2026-09-20T11:14:49.651+0000] {logging_mixin.py:188} INFO - 2026-09-20 11:14:49,651 | INFO     | video.video_builder | Final video rendered -> /opt/airflow/output/videos/short_2980.mp4
[2026-09-20T11:14:51.807+0000] {logging_mixin.py:188} INFO - 2026-09-20 11:14:51,807 | WARNING  | generators.metadata_generator | ng_ok_pair 'ok' did not match any taught phrase, discarding: 'It completely slipped my mind'
[2026-09-20T11:14:51.884+0000] {python.py:237} INFO - Done. Returned value was: {'video_id': 402, 'file_path': '/opt/airflow/output/videos/short_2980.mp4', 'title': 'Daily Communication: How to say you forgot something naturally', 'description': "Daily communication requires natural expressions that textbooks often skip. In this video, we look at the phrase 'It completely slipped my mind.' Use this instead of simple phrases like 'I forgot' to sound more professional and fluent in your daily English conversations. Perfect for Japanese speakers looking to bridge the gap between classroom English and real-world spoken fluency. Subscribe to Taky's Language School for more practical tips to improve your English communication skills.", 'tags': ['English conversation', 'Daily English', 'English for Japanese speakers', 'Speak natural English', 'English phrases', 'Practical English', "Taky's Language School"], 'video_type': 'short'}
[2026-09-20T11:14:51.885+0000] {taskinstance.py:441} INFO - ::group::Post task execution logs
[2026-09-20T11:14:51.911+0000] {taskinstance.py:1206} INFO - Marking task as SUCCESS. dag_id=youtube_english_video_pipeline, task_id=build_short_video_5, run_id=manual__2026-09-20T11:03:20.949531+00:00, execution_date=20260920T110320, start_date=20260920T111441, end_date=20260920T111451
[2026-09-20T11:14:51.970+0000] {local_task_job_runner.py:243} INFO - Task exited with return code 0
[2026-09-20T11:14:52.175+0000] {taskinstance.py:3503} INFO - 1 downstream tasks scheduled from follow-on schedule check
[2026-09-20T11:14:52.180+0000] {local_task_job_runner.py:222} INFO - ::endgroup::
