[2026-08-11T13:38:41.041+0000] {local_task_job_runner.py:120} INFO - ::group::Pre task execution logs
[2026-08-11T13:38:41.084+0000] {taskinstance.py:2076} INFO - Dependencies all met for dep_context=non-requeueable deps ti=<TaskInstance: youtube_english_video_pipeline.build_long_video_2 scheduled__2026-08-10T12:00:00+00:00 [queued]>
[2026-08-11T13:38:41.092+0000] {taskinstance.py:2076} INFO - Dependencies all met for dep_context=requeueable deps ti=<TaskInstance: youtube_english_video_pipeline.build_long_video_2 scheduled__2026-08-10T12:00:00+00:00 [queued]>
[2026-08-11T13:38:41.096+0000] {taskinstance.py:2306} INFO - Starting attempt 1 of 3
[2026-08-11T13:38:41.109+0000] {taskinstance.py:2330} INFO - Executing <Task(PythonOperator): build_long_video_2> on 2026-08-10 12:00:00+00:00
[2026-08-11T13:38:41.115+0000] {standard_task_runner.py:64} INFO - Started process 18393 to run task
[2026-08-11T13:38:41.118+0000] {standard_task_runner.py:90} INFO - Running: ['airflow', 'tasks', 'run', 'youtube_english_video_pipeline', 'build_long_video_2', 'scheduled__2026-08-10T12:00:00+00:00', '--job-id', '692', '--raw', '--subdir', 'DAGS_FOLDER/youtube_pipeline.py', '--cfg-path', '/tmp/tmp5rbociul']
[2026-08-11T13:38:41.125+0000] {standard_task_runner.py:91} INFO - Job 692: Subtask build_long_video_2
[2026-08-11T13:38:41.215+0000] {task_command.py:426} INFO - Running <TaskInstance: youtube_english_video_pipeline.build_long_video_2 scheduled__2026-08-10T12:00:00+00:00 [running]> on host cc859d74cf38
[2026-08-11T13:38:41.407+0000] {taskinstance.py:2648} INFO - Exporting env vars: AIRFLOW_CTX_DAG_OWNER='taky' AIRFLOW_CTX_DAG_ID='youtube_english_video_pipeline' AIRFLOW_CTX_TASK_ID='build_long_video_2' AIRFLOW_CTX_EXECUTION_DATE='2026-08-10T12:00:00+00:00' AIRFLOW_CTX_TRY_NUMBER='1' AIRFLOW_CTX_DAG_RUN_ID='scheduled__2026-08-10T12:00:00+00:00'
[2026-08-11T13:38:41.410+0000] {taskinstance.py:430} INFO - ::endgroup::
[2026-08-11T13:38:42.667+0000] {logging_mixin.py:188} INFO - 2026-08-11 13:38:42,667 | INFO     | planner.video_planner | Only 14 phrases for topic='Daily Conversation', topping up without topic filter
[2026-08-11T13:38:42.676+0000] {logging_mixin.py:188} INFO - 2026-08-11 13:38:42,676 | INFO     | planner.video_planner | Planned LONG video: topic='Mixed English Expressions', phrases=20
[2026-08-11T13:38:43.395+0000] {logging_mixin.py:188} INFO - 2026-08-11 13:38:43,395 | INFO     | tts.edge_tts | Synthesized audio -> /opt/airflow/output/audio/phrase_1610.mp3
[2026-08-11T13:38:44.117+0000] {logging_mixin.py:188} INFO - 2026-08-11 13:38:44,116 | INFO     | tts.edge_tts | Synthesized audio -> /opt/airflow/output/audio/example_1610.mp3
[2026-08-11T13:38:44.541+0000] {logging_mixin.py:188} INFO - 2026-08-11 13:38:44,541 | INFO     | media.image_downloader | Downloaded background image for scene='hotel' -> /opt/airflow/output/images/long_1610.jpg
[2026-08-11T13:38:49.740+0000] {logging_mixin.py:188} INFO - 2026-08-11 13:38:49,740 | INFO     | tts.edge_tts | Synthesized audio -> /opt/airflow/output/audio/phrase_1612.mp3
[2026-08-11T13:38:50.291+0000] {logging_mixin.py:188} INFO - 2026-08-11 13:38:50,291 | INFO     | tts.edge_tts | Synthesized audio -> /opt/airflow/output/audio/example_1612.mp3
[2026-08-11T13:38:50.679+0000] {logging_mixin.py:188} INFO - 2026-08-11 13:38:50,679 | INFO     | media.image_downloader | Downloaded background image for scene='street' -> /opt/airflow/output/images/long_1612.jpg
[2026-08-11T13:38:54.807+0000] {logging_mixin.py:188} INFO - 2026-08-11 13:38:54,807 | INFO     | tts.edge_tts | Synthesized audio -> /opt/airflow/output/audio/phrase_1614.mp3
[2026-08-11T13:38:55.367+0000] {logging_mixin.py:188} INFO - 2026-08-11 13:38:55,367 | INFO     | tts.edge_tts | Synthesized audio -> /opt/airflow/output/audio/example_1614.mp3
[2026-08-11T13:38:55.760+0000] {logging_mixin.py:188} INFO - 2026-08-11 13:38:55,760 | INFO     | media.image_downloader | Downloaded background image for scene='hotel' -> /opt/airflow/output/images/long_1614.jpg
[2026-08-11T13:39:00.499+0000] {logging_mixin.py:188} INFO - 2026-08-11 13:39:00,498 | INFO     | tts.edge_tts | Synthesized audio -> /opt/airflow/output/audio/phrase_1615.mp3
[2026-08-11T13:39:01.077+0000] {logging_mixin.py:188} INFO - 2026-08-11 13:39:01,077 | INFO     | tts.edge_tts | Synthesized audio -> /opt/airflow/output/audio/example_1615.mp3
[2026-08-11T13:39:01.621+0000] {logging_mixin.py:188} INFO - 2026-08-11 13:39:01,620 | INFO     | media.image_downloader | Downloaded background image for scene='airport' -> /opt/airflow/output/images/long_1615.jpg
[2026-08-11T13:39:05.419+0000] {logging_mixin.py:188} INFO - 2026-08-11 13:39:05,419 | INFO     | tts.edge_tts | Synthesized audio -> /opt/airflow/output/audio/phrase_1619.mp3
[2026-08-11T13:39:05.973+0000] {logging_mixin.py:188} INFO - 2026-08-11 13:39:05,973 | INFO     | tts.edge_tts | Synthesized audio -> /opt/airflow/output/audio/example_1619.mp3
[2026-08-11T13:39:06.631+0000] {logging_mixin.py:188} INFO - 2026-08-11 13:39:06,630 | INFO     | media.image_downloader | Downloaded background image for scene='cafe' -> /opt/airflow/output/images/long_1619.jpg
[2026-08-11T13:39:12.750+0000] {logging_mixin.py:188} INFO - 2026-08-11 13:39:12,749 | INFO     | tts.edge_tts | Synthesized audio -> /opt/airflow/output/audio/phrase_1622.mp3
[2026-08-11T13:39:13.409+0000] {logging_mixin.py:188} INFO - 2026-08-11 13:39:13,408 | INFO     | tts.edge_tts | Synthesized audio -> /opt/airflow/output/audio/example_1622.mp3
[2026-08-11T13:39:13.850+0000] {logging_mixin.py:188} INFO - 2026-08-11 13:39:13,849 | INFO     | media.image_downloader | Downloaded background image for scene='airport' -> /opt/airflow/output/images/long_1622.jpg
[2026-08-11T13:39:23.461+0000] {logging_mixin.py:188} INFO - 2026-08-11 13:39:23,461 | INFO     | tts.edge_tts | Synthesized audio -> /opt/airflow/output/audio/phrase_1624.mp3
[2026-08-11T13:39:24.038+0000] {logging_mixin.py:188} INFO - 2026-08-11 13:39:24,038 | INFO     | tts.edge_tts | Synthesized audio -> /opt/airflow/output/audio/example_1624.mp3
[2026-08-11T13:39:24.714+0000] {logging_mixin.py:188} INFO - 2026-08-11 13:39:24,714 | INFO     | media.image_downloader | Downloaded background image for scene='hotel' -> /opt/airflow/output/images/long_1624.jpg
[2026-08-11T13:39:31.711+0000] {logging_mixin.py:188} INFO - 2026-08-11 13:39:31,711 | INFO     | tts.edge_tts | Synthesized audio -> /opt/airflow/output/audio/phrase_1628.mp3
[2026-08-11T13:39:32.322+0000] {logging_mixin.py:188} INFO - 2026-08-11 13:39:32,322 | INFO     | tts.edge_tts | Synthesized audio -> /opt/airflow/output/audio/example_1628.mp3
[2026-08-11T13:39:32.874+0000] {logging_mixin.py:188} INFO - 2026-08-11 13:39:32,874 | INFO     | media.image_downloader | Downloaded background image for scene='hotel' -> /opt/airflow/output/images/long_1628.jpg
[2026-08-11T13:39:38.523+0000] {logging_mixin.py:188} INFO - 2026-08-11 13:39:38,523 | INFO     | tts.edge_tts | Synthesized audio -> /opt/airflow/output/audio/phrase_1629.mp3
[2026-08-11T13:39:39.134+0000] {logging_mixin.py:188} INFO - 2026-08-11 13:39:39,134 | INFO     | tts.edge_tts | Synthesized audio -> /opt/airflow/output/audio/example_1629.mp3
[2026-08-11T13:39:39.771+0000] {logging_mixin.py:188} INFO - 2026-08-11 13:39:39,771 | INFO     | media.image_downloader | Downloaded background image for scene='cafe' -> /opt/airflow/output/images/long_1629.jpg
[2026-08-11T13:39:48.841+0000] {logging_mixin.py:188} INFO - 2026-08-11 13:39:48,841 | INFO     | tts.edge_tts | Synthesized audio -> /opt/airflow/output/audio/phrase_1632.mp3
[2026-08-11T13:39:49.316+0000] {logging_mixin.py:188} INFO - 2026-08-11 13:39:49,316 | INFO     | tts.edge_tts | Synthesized audio -> /opt/airflow/output/audio/example_1632.mp3
[2026-08-11T13:39:49.752+0000] {logging_mixin.py:188} INFO - 2026-08-11 13:39:49,752 | INFO     | media.image_downloader | Downloaded background image for scene='kitchen' -> /opt/airflow/output/images/long_1632.jpg
[2026-08-11T13:39:55.188+0000] {logging_mixin.py:188} INFO - 2026-08-11 13:39:55,187 | INFO     | tts.edge_tts | Synthesized audio -> /opt/airflow/output/audio/phrase_1633.mp3
[2026-08-11T13:39:55.797+0000] {logging_mixin.py:188} INFO - 2026-08-11 13:39:55,797 | INFO     | tts.edge_tts | Synthesized audio -> /opt/airflow/output/audio/example_1633.mp3
[2026-08-11T13:39:56.243+0000] {logging_mixin.py:188} INFO - 2026-08-11 13:39:56,243 | INFO     | media.image_downloader | Downloaded background image for scene='street' -> /opt/airflow/output/images/long_1633.jpg
[2026-08-11T13:40:02.324+0000] {logging_mixin.py:188} INFO - 2026-08-11 13:40:02,324 | INFO     | tts.edge_tts | Synthesized audio -> /opt/airflow/output/audio/phrase_1637.mp3
[2026-08-11T13:40:02.907+0000] {logging_mixin.py:188} INFO - 2026-08-11 13:40:02,907 | INFO     | tts.edge_tts | Synthesized audio -> /opt/airflow/output/audio/example_1637.mp3
[2026-08-11T13:40:03.570+0000] {logging_mixin.py:188} INFO - 2026-08-11 13:40:03,570 | INFO     | media.image_downloader | Downloaded background image for scene='street' -> /opt/airflow/output/images/long_1637.jpg
[2026-08-11T13:40:09.309+0000] {logging_mixin.py:188} INFO - 2026-08-11 13:40:09,309 | INFO     | tts.edge_tts | Synthesized audio -> /opt/airflow/output/audio/phrase_1639.mp3
[2026-08-11T13:40:09.968+0000] {logging_mixin.py:188} INFO - 2026-08-11 13:40:09,968 | INFO     | tts.edge_tts | Synthesized audio -> /opt/airflow/output/audio/example_1639.mp3
[2026-08-11T13:40:10.479+0000] {logging_mixin.py:188} INFO - 2026-08-11 13:40:10,479 | INFO     | media.image_downloader | Downloaded background image for scene='hotel' -> /opt/airflow/output/images/long_1639.jpg
[2026-08-11T13:40:16.434+0000] {logging_mixin.py:188} INFO - 2026-08-11 13:40:16,434 | INFO     | tts.edge_tts | Synthesized audio -> /opt/airflow/output/audio/phrase_1642.mp3
[2026-08-11T13:40:17.081+0000] {logging_mixin.py:188} INFO - 2026-08-11 13:40:17,081 | INFO     | tts.edge_tts | Synthesized audio -> /opt/airflow/output/audio/example_1642.mp3
[2026-08-11T13:40:17.741+0000] {logging_mixin.py:188} INFO - 2026-08-11 13:40:17,741 | INFO     | media.image_downloader | Downloaded background image for scene='airport' -> /opt/airflow/output/images/long_1642.jpg
[2026-08-11T13:40:25.148+0000] {logging_mixin.py:188} INFO - 2026-08-11 13:40:25,148 | INFO     | tts.edge_tts | Synthesized audio -> /opt/airflow/output/audio/phrase_1643.mp3
[2026-08-11T13:40:25.586+0000] {logging_mixin.py:188} INFO - 2026-08-11 13:40:25,586 | INFO     | tts.edge_tts | Synthesized audio -> /opt/airflow/output/audio/example_1643.mp3
[2026-08-11T13:40:26.454+0000] {logging_mixin.py:188} INFO - 2026-08-11 13:40:26,453 | INFO     | media.image_downloader | Downloaded background image for scene='terminal' -> /opt/airflow/output/images/long_1643.jpg
[2026-08-11T13:40:35.559+0000] {logging_mixin.py:188} INFO - 2026-08-11 13:40:35,559 | INFO     | tts.edge_tts | Synthesized audio -> /opt/airflow/output/audio/phrase_1649.mp3
[2026-08-11T13:40:36.147+0000] {logging_mixin.py:188} INFO - 2026-08-11 13:40:36,147 | INFO     | tts.edge_tts | Synthesized audio -> /opt/airflow/output/audio/example_1649.mp3
[2026-08-11T13:40:36.551+0000] {logging_mixin.py:188} INFO - 2026-08-11 13:40:36,551 | INFO     | media.image_downloader | Downloaded background image for scene='party' -> /opt/airflow/output/images/long_1649.jpg
[2026-08-11T13:40:43.382+0000] {logging_mixin.py:188} INFO - 2026-08-11 13:40:43,382 | INFO     | tts.edge_tts | Synthesized audio -> /opt/airflow/output/audio/phrase_1650.mp3
[2026-08-11T13:40:43.900+0000] {logging_mixin.py:188} INFO - 2026-08-11 13:40:43,900 | INFO     | tts.edge_tts | Synthesized audio -> /opt/airflow/output/audio/example_1650.mp3
[2026-08-11T13:40:44.181+0000] {logging_mixin.py:188} INFO - 2026-08-11 13:40:44,181 | INFO     | media.image_downloader | Downloaded background image for scene='conversation' -> /opt/airflow/output/images/long_1650.jpg
[2026-08-11T13:40:50.493+0000] {logging_mixin.py:188} INFO - 2026-08-11 13:40:50,493 | INFO     | tts.edge_tts | Synthesized audio -> /opt/airflow/output/audio/phrase_1653.mp3
[2026-08-11T13:40:51.098+0000] {logging_mixin.py:188} INFO - 2026-08-11 13:40:51,098 | INFO     | tts.edge_tts | Synthesized audio -> /opt/airflow/output/audio/example_1653.mp3
[2026-08-11T13:40:52.113+0000] {logging_mixin.py:188} INFO - 2026-08-11 13:40:52,113 | INFO     | media.image_downloader | Downloaded background image for scene='immigration' -> /opt/airflow/output/images/long_1653.jpg
[2026-08-11T13:40:58.093+0000] {logging_mixin.py:188} INFO - 2026-08-11 13:40:58,092 | INFO     | tts.edge_tts | Synthesized audio -> /opt/airflow/output/audio/phrase_1657.mp3
[2026-08-11T13:40:58.859+0000] {logging_mixin.py:188} INFO - 2026-08-11 13:40:58,859 | INFO     | tts.edge_tts | Synthesized audio -> /opt/airflow/output/audio/example_1657.mp3
[2026-08-11T13:40:59.200+0000] {logging_mixin.py:188} INFO - 2026-08-11 13:40:59,200 | INFO     | media.image_downloader | Downloaded background image for scene='reception' -> /opt/airflow/output/images/long_1657.jpg
[2026-08-11T13:41:05.211+0000] {logging_mixin.py:188} INFO - 2026-08-11 13:41:05,211 | INFO     | tts.edge_tts | Synthesized audio -> /opt/airflow/output/audio/phrase_1660.mp3
[2026-08-11T13:41:05.698+0000] {logging_mixin.py:188} INFO - 2026-08-11 13:41:05,698 | INFO     | tts.edge_tts | Synthesized audio -> /opt/airflow/output/audio/example_1660.mp3
[2026-08-11T13:41:06.203+0000] {logging_mixin.py:188} INFO - 2026-08-11 13:41:06,203 | INFO     | media.image_downloader | Downloaded background image for scene='restaurant' -> /opt/airflow/output/images/long_1660.jpg
[2026-08-11T13:41:16.938+0000] {logging_mixin.py:188} INFO - 2026-08-11 13:41:16,938 | WARNING  | video.video_builder | BGM file not found at /opt/airflow/assets/bgm/long_bgm.mp3, rendering without background music
[2026-08-11T13:41:48.712+0000] {logging_mixin.py:188} INFO - 2026-08-11 13:41:48,712 | INFO     | video.video_builder | Final video rendered -> /opt/airflow/output/videos/long_1610.mp4
[2026-08-11T13:41:58.124+0000] {logging_mixin.py:188} INFO - 2026-08-11 13:41:58,124 | INFO     | media.thumbnail_builder | Built thumbnail -> /opt/airflow/output/thumbnails/long_1610.jpg
[2026-08-11T13:41:58.800+0000] {python.py:237} INFO - Done. Returned value was: {'video_id': 195, 'file_path': '/opt/airflow/output/videos/long_1610.mp4', 'thumbnail_path': '/opt/airflow/output/thumbnails/long_1610.jpg', 'title': "20 Essential English Phrases for Daily Life & Travel | Taky's Language School", 'description': 'Master 20 practical English expressions for daily life, travel, hotels, and airport conversations! In this lesson from Taky\'s Language School, you\'ll learn natural spoken English phrases like "It\'s on me," "I\'m running a bit late," "I\'d like to check in, please," and "It completely slipped my mind."\n\nPerfect for ESL students and English learners looking to improve listening and speaking skills for real-life situations.\n\nKey Topics Covered:\n- Airport & flight expressions\n- Hotel check-in & room requests\n- Social conversations & daily idioms\n\nSubscribe to Taky\'s Language School for more natural English practice!', 'tags': ['learn English', 'spoken English', 'English expressions', "Taky's Language School", 'daily English phrases', 'travel English', 'hotel English phrases', 'English conversation practice', 'speak English fluently', 'practical English', 'ESL lesson', 'airport English'], 'video_type': 'long'}
[2026-08-11T13:41:58.803+0000] {taskinstance.py:441} INFO - ::group::Post task execution logs
[2026-08-11T13:41:58.832+0000] {taskinstance.py:1206} INFO - Marking task as SUCCESS. dag_id=youtube_english_video_pipeline, task_id=build_long_video_2, run_id=scheduled__2026-08-10T12:00:00+00:00, execution_date=20260810T120000, start_date=20260811T133841, end_date=20260811T134158
[2026-08-11T13:41:58.910+0000] {local_task_job_runner.py:243} INFO - Task exited with return code 0
[2026-08-11T13:41:59.170+0000] {taskinstance.py:3503} INFO - 1 downstream tasks scheduled from follow-on schedule check
[2026-08-11T13:41:59.180+0000] {local_task_job_runner.py:222} INFO - ::endgroup::
