[2026-07-25T00:45:18.887+0000] {local_task_job_runner.py:120} INFO - ::group::Pre task execution logs
[2026-07-25T00:45:19.083+0000] {taskinstance.py:2076} INFO - Dependencies all met for dep_context=non-requeueable deps ti=<TaskInstance: youtube_english_video_pipeline.ensure_phrase_inventory scheduled__2026-07-23T12:00:00+00:00 [queued]>
[2026-07-25T00:45:19.138+0000] {taskinstance.py:2076} INFO - Dependencies all met for dep_context=requeueable deps ti=<TaskInstance: youtube_english_video_pipeline.ensure_phrase_inventory scheduled__2026-07-23T12:00:00+00:00 [queued]>
[2026-07-25T00:45:19.140+0000] {taskinstance.py:2306} INFO - Starting attempt 1 of 3
[2026-07-25T00:45:19.205+0000] {taskinstance.py:2330} INFO - Executing <Task(PythonOperator): ensure_phrase_inventory> on 2026-07-23 12:00:00+00:00
[2026-07-25T00:45:19.262+0000] {standard_task_runner.py:64} INFO - Started process 3915 to run task
[2026-07-25T00:45:19.270+0000] {standard_task_runner.py:90} INFO - Running: ['airflow', 'tasks', 'run', 'youtube_english_video_pipeline', 'ensure_phrase_inventory', 'scheduled__2026-07-23T12:00:00+00:00', '--job-id', '84', '--raw', '--subdir', 'DAGS_FOLDER/youtube_pipeline.py', '--cfg-path', '/tmp/tmpbrfuwy9o']
[2026-07-25T00:45:19.332+0000] {standard_task_runner.py:91} INFO - Job 84: Subtask ensure_phrase_inventory
[2026-07-25T00:45:19.729+0000] {task_command.py:426} INFO - Running <TaskInstance: youtube_english_video_pipeline.ensure_phrase_inventory scheduled__2026-07-23T12:00:00+00:00 [running]> on host c5a4498ba4b2
[2026-07-25T00:45:20.334+0000] {taskinstance.py:2648} INFO - Exporting env vars: AIRFLOW_CTX_DAG_OWNER='taky' AIRFLOW_CTX_DAG_ID='youtube_english_video_pipeline' AIRFLOW_CTX_TASK_ID='ensure_phrase_inventory' AIRFLOW_CTX_EXECUTION_DATE='2026-07-23T12:00:00+00:00' AIRFLOW_CTX_TRY_NUMBER='1' AIRFLOW_CTX_DAG_RUN_ID='scheduled__2026-07-23T12:00:00+00:00'
[2026-07-25T00:45:20.392+0000] {taskinstance.py:430} INFO - ::endgroup::
[2026-07-25T00:45:30.807+0000] {logging_mixin.py:188} INFO - 2026-07-25 00:45:30,807 | INFO     | generators.phrase_generator | Unused phrase inventory: 43 (threshold=30)
[2026-07-25T00:45:30.809+0000] {logging_mixin.py:188} INFO - 2026-07-25 00:45:30,808 | INFO     | generators.phrase_generator | Inventory sufficient. Skipping generation.
[2026-07-25T00:45:30.834+0000] {python.py:237} INFO - Done. Returned value was: 0
[2026-07-25T00:45:30.835+0000] {taskinstance.py:441} INFO - ::group::Post task execution logs
[2026-07-25T00:45:30.874+0000] {taskinstance.py:1206} INFO - Marking task as SUCCESS. dag_id=youtube_english_video_pipeline, task_id=ensure_phrase_inventory, run_id=scheduled__2026-07-23T12:00:00+00:00, execution_date=20260723T120000, start_date=20260725T004519, end_date=20260725T004530
[2026-07-25T00:45:31.315+0000] {local_task_job_runner.py:243} INFO - Task exited with return code 0
[2026-07-25T00:45:31.353+0000] {taskinstance.py:3503} INFO - 2 downstream tasks scheduled from follow-on schedule check
[2026-07-25T00:45:31.358+0000] {local_task_job_runner.py:222} INFO - ::endgroup::
[2026-07-25T03:53:01.284+0000] {local_task_job_runner.py:120} INFO - ::group::Pre task execution logs
[2026-07-25T03:53:01.315+0000] {taskinstance.py:2076} INFO - Dependencies all met for dep_context=non-requeueable deps ti=<TaskInstance: youtube_english_video_pipeline.ensure_phrase_inventory scheduled__2026-07-23T12:00:00+00:00 [queued]>
[2026-07-25T03:53:01.320+0000] {taskinstance.py:2076} INFO - Dependencies all met for dep_context=requeueable deps ti=<TaskInstance: youtube_english_video_pipeline.ensure_phrase_inventory scheduled__2026-07-23T12:00:00+00:00 [queued]>
[2026-07-25T03:53:01.321+0000] {taskinstance.py:2306} INFO - Starting attempt 1 of 3
[2026-07-25T03:53:01.332+0000] {taskinstance.py:2330} INFO - Executing <Task(PythonOperator): ensure_phrase_inventory> on 2026-07-23 12:00:00+00:00
[2026-07-25T03:53:01.335+0000] {standard_task_runner.py:64} INFO - Started process 208 to run task
[2026-07-25T03:53:01.338+0000] {standard_task_runner.py:90} INFO - Running: ['airflow', 'tasks', 'run', 'youtube_english_video_pipeline', 'ensure_phrase_inventory', 'scheduled__2026-07-23T12:00:00+00:00', '--job-id', '134', '--raw', '--subdir', 'DAGS_FOLDER/youtube_pipeline.py', '--cfg-path', '/tmp/tmpip9xy6qm']
[2026-07-25T03:53:01.341+0000] {standard_task_runner.py:91} INFO - Job 134: Subtask ensure_phrase_inventory
[2026-07-25T03:53:01.410+0000] {task_command.py:426} INFO - Running <TaskInstance: youtube_english_video_pipeline.ensure_phrase_inventory scheduled__2026-07-23T12:00:00+00:00 [running]> on host ce8e21912c19
[2026-07-25T03:53:01.614+0000] {taskinstance.py:2648} INFO - Exporting env vars: AIRFLOW_CTX_DAG_OWNER='taky' AIRFLOW_CTX_DAG_ID='youtube_english_video_pipeline' AIRFLOW_CTX_TASK_ID='ensure_phrase_inventory' AIRFLOW_CTX_EXECUTION_DATE='2026-07-23T12:00:00+00:00' AIRFLOW_CTX_TRY_NUMBER='1' AIRFLOW_CTX_DAG_RUN_ID='scheduled__2026-07-23T12:00:00+00:00'
[2026-07-25T03:53:01.614+0000] {taskinstance.py:430} INFO - ::endgroup::
[2026-07-25T03:53:02.077+0000] {logging_mixin.py:188} INFO - 2026-07-25 03:53:02,077 | INFO     | generators.phrase_generator | Unused phrase inventory: 118 (threshold=30)
[2026-07-25T03:53:02.078+0000] {logging_mixin.py:188} INFO - 2026-07-25 03:53:02,078 | INFO     | generators.phrase_generator | Inventory sufficient. Skipping generation.
[2026-07-25T03:53:02.090+0000] {python.py:237} INFO - Done. Returned value was: 0
[2026-07-25T03:53:02.091+0000] {taskinstance.py:441} INFO - ::group::Post task execution logs
[2026-07-25T03:53:02.106+0000] {taskinstance.py:1206} INFO - Marking task as SUCCESS. dag_id=youtube_english_video_pipeline, task_id=ensure_phrase_inventory, run_id=scheduled__2026-07-23T12:00:00+00:00, execution_date=20260723T120000, start_date=20260725T035301, end_date=20260725T035302
[2026-07-25T03:53:02.153+0000] {local_task_job_runner.py:243} INFO - Task exited with return code 0
[2026-07-25T03:53:02.183+0000] {taskinstance.py:3503} INFO - 2 downstream tasks scheduled from follow-on schedule check
[2026-07-25T03:53:02.187+0000] {local_task_job_runner.py:222} INFO - ::endgroup::
[2026-07-25T04:04:54.831+0000] {local_task_job_runner.py:120} INFO - ::group::Pre task execution logs
[2026-07-25T04:04:54.870+0000] {taskinstance.py:2076} INFO - Dependencies all met for dep_context=non-requeueable deps ti=<TaskInstance: youtube_english_video_pipeline.ensure_phrase_inventory scheduled__2026-07-23T12:00:00+00:00 [queued]>
[2026-07-25T04:04:54.878+0000] {taskinstance.py:2076} INFO - Dependencies all met for dep_context=requeueable deps ti=<TaskInstance: youtube_english_video_pipeline.ensure_phrase_inventory scheduled__2026-07-23T12:00:00+00:00 [queued]>
[2026-07-25T04:04:54.879+0000] {taskinstance.py:2306} INFO - Starting attempt 1 of 3
[2026-07-25T04:04:54.892+0000] {taskinstance.py:2330} INFO - Executing <Task(PythonOperator): ensure_phrase_inventory> on 2026-07-23 12:00:00+00:00
[2026-07-25T04:04:54.898+0000] {standard_task_runner.py:64} INFO - Started process 208 to run task
[2026-07-25T04:04:54.902+0000] {standard_task_runner.py:90} INFO - Running: ['airflow', 'tasks', 'run', 'youtube_english_video_pipeline', 'ensure_phrase_inventory', 'scheduled__2026-07-23T12:00:00+00:00', '--job-id', '147', '--raw', '--subdir', 'DAGS_FOLDER/youtube_pipeline.py', '--cfg-path', '/tmp/tmpknjjq89g']
[2026-07-25T04:04:54.904+0000] {standard_task_runner.py:91} INFO - Job 147: Subtask ensure_phrase_inventory
[2026-07-25T04:04:54.980+0000] {task_command.py:426} INFO - Running <TaskInstance: youtube_english_video_pipeline.ensure_phrase_inventory scheduled__2026-07-23T12:00:00+00:00 [running]> on host ce8e21912c19
[2026-07-25T04:04:55.160+0000] {taskinstance.py:2648} INFO - Exporting env vars: AIRFLOW_CTX_DAG_OWNER='taky' AIRFLOW_CTX_DAG_ID='youtube_english_video_pipeline' AIRFLOW_CTX_TASK_ID='ensure_phrase_inventory' AIRFLOW_CTX_EXECUTION_DATE='2026-07-23T12:00:00+00:00' AIRFLOW_CTX_TRY_NUMBER='1' AIRFLOW_CTX_DAG_RUN_ID='scheduled__2026-07-23T12:00:00+00:00'
[2026-07-25T04:04:55.161+0000] {taskinstance.py:430} INFO - ::endgroup::
[2026-07-25T04:04:55.565+0000] {logging_mixin.py:188} INFO - 2026-07-25 04:04:55,565 | INFO     | generators.phrase_generator | Unused phrase inventory: 116 (threshold=30)
[2026-07-25T04:04:55.567+0000] {logging_mixin.py:188} INFO - 2026-07-25 04:04:55,567 | INFO     | generators.phrase_generator | Inventory sufficient. Skipping generation.
[2026-07-25T04:04:55.584+0000] {python.py:237} INFO - Done. Returned value was: 0
[2026-07-25T04:04:55.585+0000] {taskinstance.py:441} INFO - ::group::Post task execution logs
[2026-07-25T04:04:55.605+0000] {taskinstance.py:1206} INFO - Marking task as SUCCESS. dag_id=youtube_english_video_pipeline, task_id=ensure_phrase_inventory, run_id=scheduled__2026-07-23T12:00:00+00:00, execution_date=20260723T120000, start_date=20260725T040454, end_date=20260725T040455
[2026-07-25T04:04:55.646+0000] {local_task_job_runner.py:243} INFO - Task exited with return code 0
[2026-07-25T04:04:55.669+0000] {taskinstance.py:3503} INFO - 2 downstream tasks scheduled from follow-on schedule check
[2026-07-25T04:04:55.674+0000] {local_task_job_runner.py:222} INFO - ::endgroup::
[2026-07-25T04:14:19.962+0000] {local_task_job_runner.py:120} INFO - ::group::Pre task execution logs
[2026-07-25T04:14:19.988+0000] {taskinstance.py:2076} INFO - Dependencies all met for dep_context=non-requeueable deps ti=<TaskInstance: youtube_english_video_pipeline.ensure_phrase_inventory scheduled__2026-07-23T12:00:00+00:00 [queued]>
[2026-07-25T04:14:19.994+0000] {taskinstance.py:2076} INFO - Dependencies all met for dep_context=requeueable deps ti=<TaskInstance: youtube_english_video_pipeline.ensure_phrase_inventory scheduled__2026-07-23T12:00:00+00:00 [queued]>
[2026-07-25T04:14:19.994+0000] {taskinstance.py:2306} INFO - Starting attempt 1 of 3
[2026-07-25T04:14:20.004+0000] {taskinstance.py:2330} INFO - Executing <Task(PythonOperator): ensure_phrase_inventory> on 2026-07-23 12:00:00+00:00
[2026-07-25T04:14:20.008+0000] {standard_task_runner.py:64} INFO - Started process 208 to run task
[2026-07-25T04:14:20.011+0000] {standard_task_runner.py:90} INFO - Running: ['airflow', 'tasks', 'run', 'youtube_english_video_pipeline', 'ensure_phrase_inventory', 'scheduled__2026-07-23T12:00:00+00:00', '--job-id', '159', '--raw', '--subdir', 'DAGS_FOLDER/youtube_pipeline.py', '--cfg-path', '/tmp/tmpd09f94vb']
[2026-07-25T04:14:20.013+0000] {standard_task_runner.py:91} INFO - Job 159: Subtask ensure_phrase_inventory
[2026-07-25T04:14:20.082+0000] {task_command.py:426} INFO - Running <TaskInstance: youtube_english_video_pipeline.ensure_phrase_inventory scheduled__2026-07-23T12:00:00+00:00 [running]> on host ce8e21912c19
[2026-07-25T04:14:20.244+0000] {taskinstance.py:2648} INFO - Exporting env vars: AIRFLOW_CTX_DAG_OWNER='taky' AIRFLOW_CTX_DAG_ID='youtube_english_video_pipeline' AIRFLOW_CTX_TASK_ID='ensure_phrase_inventory' AIRFLOW_CTX_EXECUTION_DATE='2026-07-23T12:00:00+00:00' AIRFLOW_CTX_TRY_NUMBER='1' AIRFLOW_CTX_DAG_RUN_ID='scheduled__2026-07-23T12:00:00+00:00'
[2026-07-25T04:14:20.244+0000] {taskinstance.py:430} INFO - ::endgroup::
[2026-07-25T04:14:20.537+0000] {logging_mixin.py:188} INFO - 2026-07-25 04:14:20,537 | INFO     | generators.phrase_generator | Unused phrase inventory: 115 (threshold=30)
[2026-07-25T04:14:20.539+0000] {logging_mixin.py:188} INFO - 2026-07-25 04:14:20,538 | INFO     | generators.phrase_generator | Inventory sufficient. Skipping generation.
[2026-07-25T04:14:20.553+0000] {python.py:237} INFO - Done. Returned value was: 0
[2026-07-25T04:14:20.554+0000] {taskinstance.py:441} INFO - ::group::Post task execution logs
[2026-07-25T04:14:20.571+0000] {taskinstance.py:1206} INFO - Marking task as SUCCESS. dag_id=youtube_english_video_pipeline, task_id=ensure_phrase_inventory, run_id=scheduled__2026-07-23T12:00:00+00:00, execution_date=20260723T120000, start_date=20260725T041419, end_date=20260725T041420
[2026-07-25T04:14:20.625+0000] {local_task_job_runner.py:243} INFO - Task exited with return code 0
[2026-07-25T04:14:20.642+0000] {taskinstance.py:3503} INFO - 2 downstream tasks scheduled from follow-on schedule check
[2026-07-25T04:14:20.645+0000] {local_task_job_runner.py:222} INFO - ::endgroup::
[2026-07-25T05:09:52.956+0000] {local_task_job_runner.py:120} INFO - ::group::Pre task execution logs
[2026-07-25T05:09:53.017+0000] {taskinstance.py:2076} INFO - Dependencies all met for dep_context=non-requeueable deps ti=<TaskInstance: youtube_english_video_pipeline.ensure_phrase_inventory scheduled__2026-07-23T12:00:00+00:00 [queued]>
[2026-07-25T05:09:53.028+0000] {taskinstance.py:2076} INFO - Dependencies all met for dep_context=requeueable deps ti=<TaskInstance: youtube_english_video_pipeline.ensure_phrase_inventory scheduled__2026-07-23T12:00:00+00:00 [queued]>
[2026-07-25T05:09:53.029+0000] {taskinstance.py:2306} INFO - Starting attempt 1 of 3
[2026-07-25T05:09:53.050+0000] {taskinstance.py:2330} INFO - Executing <Task(PythonOperator): ensure_phrase_inventory> on 2026-07-23 12:00:00+00:00
[2026-07-25T05:09:53.056+0000] {standard_task_runner.py:64} INFO - Started process 3169 to run task
[2026-07-25T05:09:53.061+0000] {standard_task_runner.py:90} INFO - Running: ['airflow', 'tasks', 'run', 'youtube_english_video_pipeline', 'ensure_phrase_inventory', 'scheduled__2026-07-23T12:00:00+00:00', '--job-id', '228', '--raw', '--subdir', 'DAGS_FOLDER/youtube_pipeline.py', '--cfg-path', '/tmp/tmpbx7f9a7a']
[2026-07-25T05:09:53.065+0000] {standard_task_runner.py:91} INFO - Job 228: Subtask ensure_phrase_inventory
[2026-07-25T05:09:53.151+0000] {task_command.py:426} INFO - Running <TaskInstance: youtube_english_video_pipeline.ensure_phrase_inventory scheduled__2026-07-23T12:00:00+00:00 [running]> on host ce8e21912c19
[2026-07-25T05:09:53.413+0000] {taskinstance.py:2648} INFO - Exporting env vars: AIRFLOW_CTX_DAG_OWNER='taky' AIRFLOW_CTX_DAG_ID='youtube_english_video_pipeline' AIRFLOW_CTX_TASK_ID='ensure_phrase_inventory' AIRFLOW_CTX_EXECUTION_DATE='2026-07-23T12:00:00+00:00' AIRFLOW_CTX_TRY_NUMBER='1' AIRFLOW_CTX_DAG_RUN_ID='scheduled__2026-07-23T12:00:00+00:00'
[2026-07-25T05:09:53.414+0000] {taskinstance.py:430} INFO - ::endgroup::
[2026-07-25T05:09:53.953+0000] {logging_mixin.py:188} INFO - 2026-07-25 05:09:53,953 | INFO     | generators.phrase_generator | Unused phrase inventory: 97 (threshold=30)
[2026-07-25T05:09:53.954+0000] {logging_mixin.py:188} INFO - 2026-07-25 05:09:53,954 | INFO     | generators.phrase_generator | Inventory sufficient. Skipping generation.
[2026-07-25T05:09:53.973+0000] {python.py:237} INFO - Done. Returned value was: 0
[2026-07-25T05:09:53.974+0000] {taskinstance.py:441} INFO - ::group::Post task execution logs
[2026-07-25T05:09:53.997+0000] {taskinstance.py:1206} INFO - Marking task as SUCCESS. dag_id=youtube_english_video_pipeline, task_id=ensure_phrase_inventory, run_id=scheduled__2026-07-23T12:00:00+00:00, execution_date=20260723T120000, start_date=20260725T050953, end_date=20260725T050953
[2026-07-25T05:09:54.039+0000] {local_task_job_runner.py:243} INFO - Task exited with return code 0
[2026-07-25T05:09:54.075+0000] {taskinstance.py:3503} INFO - 2 downstream tasks scheduled from follow-on schedule check
[2026-07-25T05:09:54.081+0000] {local_task_job_runner.py:222} INFO - ::endgroup::
