[2026-07-27T10:58:43.530+0000] {local_task_job_runner.py:120} INFO - ::group::Pre task execution logs
[2026-07-27T10:58:43.551+0000] {taskinstance.py:2076} INFO - Dependencies all met for dep_context=non-requeueable deps ti=<TaskInstance: youtube_english_video_pipeline.build_short_video_1 manual__2026-07-27T10:57:47.140907+00:00 [queued]>
[2026-07-27T10:58:43.555+0000] {taskinstance.py:2076} INFO - Dependencies all met for dep_context=requeueable deps ti=<TaskInstance: youtube_english_video_pipeline.build_short_video_1 manual__2026-07-27T10:57:47.140907+00:00 [queued]>
[2026-07-27T10:58:43.556+0000] {taskinstance.py:2306} INFO - Starting attempt 1 of 3
[2026-07-27T10:58:43.564+0000] {taskinstance.py:2330} INFO - Executing <Task(PythonOperator): build_short_video_1> on 2026-07-27 10:57:47.140907+00:00
[2026-07-27T10:58:43.567+0000] {standard_task_runner.py:64} INFO - Started process 60935 to run task
[2026-07-27T10:58:43.569+0000] {standard_task_runner.py:90} INFO - Running: ['airflow', 'tasks', 'run', 'youtube_english_video_pipeline', 'build_short_video_1', 'manual__2026-07-27T10:57:47.140907+00:00', '--job-id', '415', '--raw', '--subdir', 'DAGS_FOLDER/youtube_pipeline.py', '--cfg-path', '/tmp/tmp661j2wg0']
[2026-07-27T10:58:43.571+0000] {standard_task_runner.py:91} INFO - Job 415: Subtask build_short_video_1
[2026-07-27T10:58:43.614+0000] {task_command.py:426} INFO - Running <TaskInstance: youtube_english_video_pipeline.build_short_video_1 manual__2026-07-27T10:57:47.140907+00:00 [running]> on host cc859d74cf38
[2026-07-27T10:58:43.770+0000] {taskinstance.py:2648} INFO - Exporting env vars: AIRFLOW_CTX_DAG_OWNER='taky' AIRFLOW_CTX_DAG_ID='youtube_english_video_pipeline' AIRFLOW_CTX_TASK_ID='build_short_video_1' AIRFLOW_CTX_EXECUTION_DATE='2026-07-27T10:57:47.140907+00:00' AIRFLOW_CTX_TRY_NUMBER='1' AIRFLOW_CTX_DAG_RUN_ID='manual__2026-07-27T10:57:47.140907+00:00'
[2026-07-27T10:58:43.771+0000] {taskinstance.py:430} INFO - ::endgroup::
[2026-07-27T10:58:44.219+0000] {logging_mixin.py:188} INFO - 2026-07-27 10:58:44,219 | INFO     | planner.video_planner | Planned SHORT video: topic='Business English', phrases=1
[2026-07-27T10:58:44.519+0000] {logging_mixin.py:188} INFO - 2026-07-27 10:58:44,519 | INFO     | tts.edge_tts | Synthesized audio -> /opt/airflow/output/audio/phrase_785.mp3
[2026-07-27T10:58:44.823+0000] {logging_mixin.py:188} INFO - 2026-07-27 10:58:44,823 | INFO     | tts.edge_tts | Synthesized audio -> /opt/airflow/output/audio/example_785.mp3
[2026-07-27T10:58:45.375+0000] {logging_mixin.py:188} INFO - 2026-07-27 10:58:45,375 | INFO     | media.image_downloader | Downloaded background image for scene='office' -> /opt/airflow/output/images/short_785.jpg
[2026-07-27T10:58:49.314+0000] {logging_mixin.py:188} INFO - 2026-07-27 10:58:49,312 | WARNING  | video.video_builder | BGM file not found at /opt/airflow/assets/bgm/short_bgm.mp3, rendering without background music
[2026-07-27T10:58:51.009+0000] {logging_mixin.py:188} INFO - 2026-07-27 10:58:51,009 | INFO     | video.video_builder | Final video rendered -> /opt/airflow/output/videos/short_785.mp4
[2026-07-27T10:58:56.501+0000] {python.py:237} INFO - Done. Returned value was: {'video_id': 95, 'file_path': '/opt/airflow/output/videos/short_785.mp4', 'title': 'Speak Like a Native: "Let\'s Call It A Day" | Business English #Shorts', 'description': 'Master practical Business English with Taky\'s Language School! 💼\n\nToday\'s Phrase: "Let\'s call it a day."\n\nMeaning: To stop working on something for the rest of the day, usually because you have completed your tasks or done enough work.\n\nExample Sentence:\n"We\'ve completed all our tasks for today, so let\'s call it a day."\n\nSubscribe to Taky\'s Language School for daily quick English tips, vocabulary, and natural spoken English phrases!\n\n#BusinessEnglish #LearnEnglish #EnglishShorts #SpokenEnglish #TakysLanguageSchool', 'tags': ['Business English', "Let's call it a day", 'Learn English', "Taky's Language School", 'English Shorts', 'Spoken English', 'English phrases', 'English vocabulary', 'Idioms in English', 'Speak English fluently'], 'video_type': 'short'}
[2026-07-27T10:58:56.505+0000] {taskinstance.py:441} INFO - ::group::Post task execution logs
[2026-07-27T10:58:56.546+0000] {taskinstance.py:1206} INFO - Marking task as SUCCESS. dag_id=youtube_english_video_pipeline, task_id=build_short_video_1, run_id=manual__2026-07-27T10:57:47.140907+00:00, execution_date=20260727T105747, start_date=20260727T105843, end_date=20260727T105856
[2026-07-27T10:58:56.652+0000] {local_task_job_runner.py:243} INFO - Task exited with return code 0
[2026-07-27T10:58:57.038+0000] {taskinstance.py:3503} INFO - 0 downstream tasks scheduled from follow-on schedule check
[2026-07-27T10:58:57.041+0000] {local_task_job_runner.py:222} INFO - ::endgroup::
