[2026-09-15T13:22:38.971+0000] {local_task_job_runner.py:120} INFO - ::group::Pre task execution logs
[2026-09-15T13:22:39.002+0000] {taskinstance.py:2076} INFO - Dependencies all met for dep_context=non-requeueable deps ti=<TaskInstance: youtube_english_video_pipeline.upload_short_video_1 manual__2026-09-15T13:07:40.762467+00:00 [queued]>
[2026-09-15T13:22:39.009+0000] {taskinstance.py:2076} INFO - Dependencies all met for dep_context=requeueable deps ti=<TaskInstance: youtube_english_video_pipeline.upload_short_video_1 manual__2026-09-15T13:07:40.762467+00:00 [queued]>
[2026-09-15T13:22:39.010+0000] {taskinstance.py:2306} INFO - Starting attempt 1 of 3
[2026-09-15T13:22:39.022+0000] {taskinstance.py:2330} INFO - Executing <Task(PythonOperator): upload_short_video_1> on 2026-09-15 13:07:40.762467+00:00
[2026-09-15T13:22:39.027+0000] {standard_task_runner.py:64} INFO - Started process 19071 to run task
[2026-09-15T13:22:39.030+0000] {standard_task_runner.py:90} INFO - Running: ['airflow', 'tasks', 'run', 'youtube_english_video_pipeline', 'upload_short_video_1', 'manual__2026-09-15T13:07:40.762467+00:00', '--job-id', '1190', '--raw', '--subdir', 'DAGS_FOLDER/youtube_pipeline.py', '--cfg-path', '/tmp/tmpnipf_9ti']
[2026-09-15T13:22:39.032+0000] {standard_task_runner.py:91} INFO - Job 1190: Subtask upload_short_video_1
[2026-09-15T13:22:39.074+0000] {task_command.py:426} INFO - Running <TaskInstance: youtube_english_video_pipeline.upload_short_video_1 manual__2026-09-15T13:07:40.762467+00:00 [running]> on host cc859d74cf38
[2026-09-15T13:22:39.234+0000] {taskinstance.py:2648} INFO - Exporting env vars: AIRFLOW_CTX_DAG_OWNER='taky' AIRFLOW_CTX_DAG_ID='youtube_english_video_pipeline' AIRFLOW_CTX_TASK_ID='upload_short_video_1' AIRFLOW_CTX_EXECUTION_DATE='2026-09-15T13:07:40.762467+00:00' AIRFLOW_CTX_TRY_NUMBER='1' AIRFLOW_CTX_DAG_RUN_ID='manual__2026-09-15T13:07:40.762467+00:00'
[2026-09-15T13:22:39.235+0000] {taskinstance.py:430} INFO - ::endgroup::
[2026-09-15T13:22:39.519+0000] {__init__.py:49} INFO - file_cache is only supported with oauth2client<4.0.0
[2026-09-15T13:22:39.525+0000] {logging_mixin.py:188} INFO - 2026-09-15 13:22:39,525 | INFO     | uploader.youtube_uploader | Uploading video 'Daily English Phrase | Restaurant English' (/opt/airflow/output/videos/short_2857.mp4) to YouTube...
[2026-09-15T13:22:42.677+0000] {logging_mixin.py:188} INFO - 2026-09-15 13:22:42,677 | INFO     | uploader.youtube_uploader | Upload complete. YouTube video id = 9gniBrM9iTk
[2026-09-15T13:22:42.693+0000] {python.py:237} INFO - Done. Returned value was: 9gniBrM9iTk
[2026-09-15T13:22:42.696+0000] {taskinstance.py:441} INFO - ::group::Post task execution logs
[2026-09-15T13:22:42.721+0000] {taskinstance.py:1206} INFO - Marking task as SUCCESS. dag_id=youtube_english_video_pipeline, task_id=upload_short_video_1, run_id=manual__2026-09-15T13:07:40.762467+00:00, execution_date=20260915T130740, start_date=20260915T132239, end_date=20260915T132242
[2026-09-15T13:22:42.779+0000] {local_task_job_runner.py:243} INFO - Task exited with return code 0
[2026-09-15T13:22:42.954+0000] {taskinstance.py:3503} INFO - 0 downstream tasks scheduled from follow-on schedule check
[2026-09-15T13:22:42.958+0000] {local_task_job_runner.py:222} INFO - ::endgroup::
