[2026-07-29T12:27:31.531+0000] {local_task_job_runner.py:120} INFO - ::group::Pre task execution logs
[2026-07-29T12:27:31.620+0000] {taskinstance.py:2076} INFO - Dependencies all met for dep_context=non-requeueable deps ti=<TaskInstance: youtube_english_video_pipeline.upload_short_video_1 scheduled__2026-07-28T12:00:00+00:00 [queued]>
[2026-07-29T12:27:31.638+0000] {taskinstance.py:2076} INFO - Dependencies all met for dep_context=requeueable deps ti=<TaskInstance: youtube_english_video_pipeline.upload_short_video_1 scheduled__2026-07-28T12:00:00+00:00 [queued]>
[2026-07-29T12:27:31.640+0000] {taskinstance.py:2306} INFO - Starting attempt 1 of 3
[2026-07-29T12:27:31.666+0000] {taskinstance.py:2330} INFO - Executing <Task(PythonOperator): upload_short_video_1> on 2026-07-28 12:00:00+00:00
[2026-07-29T12:27:31.676+0000] {standard_task_runner.py:64} INFO - Started process 40207 to run task
[2026-07-29T12:27:31.682+0000] {standard_task_runner.py:90} INFO - Running: ['airflow', 'tasks', 'run', 'youtube_english_video_pipeline', 'upload_short_video_1', 'scheduled__2026-07-28T12:00:00+00:00', '--job-id', '539', '--raw', '--subdir', 'DAGS_FOLDER/youtube_pipeline.py', '--cfg-path', '/tmp/tmpga7ar1um']
[2026-07-29T12:27:31.687+0000] {standard_task_runner.py:91} INFO - Job 539: Subtask upload_short_video_1
[2026-07-29T12:27:31.834+0000] {task_command.py:426} INFO - Running <TaskInstance: youtube_english_video_pipeline.upload_short_video_1 scheduled__2026-07-28T12:00:00+00:00 [running]> on host cc859d74cf38
[2026-07-29T12:27:32.271+0000] {taskinstance.py:2648} INFO - Exporting env vars: AIRFLOW_CTX_DAG_OWNER='taky' AIRFLOW_CTX_DAG_ID='youtube_english_video_pipeline' AIRFLOW_CTX_TASK_ID='upload_short_video_1' AIRFLOW_CTX_EXECUTION_DATE='2026-07-28T12:00:00+00:00' AIRFLOW_CTX_TRY_NUMBER='1' AIRFLOW_CTX_DAG_RUN_ID='scheduled__2026-07-28T12:00:00+00:00'
[2026-07-29T12:27:32.275+0000] {taskinstance.py:430} INFO - ::endgroup::
[2026-07-29T12:27:33.530+0000] {__init__.py:49} INFO - file_cache is only supported with oauth2client<4.0.0
[2026-07-29T12:27:33.589+0000] {logging_mixin.py:188} INFO - 2026-07-29 12:27:33,589 | INFO     | uploader.youtube_uploader | Uploading video 'Airport English: "Where can I claim my baggage?" ✈️ #Shorts' (/opt/airflow/output/videos/short_1204.mp4) to YouTube...
[2026-07-29T12:27:37.232+0000] {logging_mixin.py:188} INFO - 2026-07-29 12:27:37,232 | INFO     | uploader.youtube_uploader | Upload complete. YouTube video id = xR0L8oT03Us
[2026-07-29T12:27:37.267+0000] {python.py:237} INFO - Done. Returned value was: xR0L8oT03Us
[2026-07-29T12:27:37.269+0000] {taskinstance.py:441} INFO - ::group::Post task execution logs
[2026-07-29T12:27:37.319+0000] {taskinstance.py:1206} INFO - Marking task as SUCCESS. dag_id=youtube_english_video_pipeline, task_id=upload_short_video_1, run_id=scheduled__2026-07-28T12:00:00+00:00, execution_date=20260728T120000, start_date=20260729T122731, end_date=20260729T122737
[2026-07-29T12:27:37.405+0000] {local_task_job_runner.py:243} INFO - Task exited with return code 0
[2026-07-29T12:27:37.689+0000] {taskinstance.py:3503} INFO - 1 downstream tasks scheduled from follow-on schedule check
[2026-07-29T12:27:37.697+0000] {local_task_job_runner.py:222} INFO - ::endgroup::
