[2026-09-20T04:54:36.884+0000] {local_task_job_runner.py:120} INFO - ::group::Pre task execution logs
[2026-09-20T04:54:36.913+0000] {taskinstance.py:2076} INFO - Dependencies all met for dep_context=non-requeueable deps ti=<TaskInstance: youtube_english_video_pipeline.build_long_video_1 scheduled__2026-09-18T12:00:00+00:00 [queued]>
[2026-09-20T04:54:36.921+0000] {taskinstance.py:2076} INFO - Dependencies all met for dep_context=requeueable deps ti=<TaskInstance: youtube_english_video_pipeline.build_long_video_1 scheduled__2026-09-18T12:00:00+00:00 [queued]>
[2026-09-20T04:54:36.921+0000] {taskinstance.py:2306} INFO - Starting attempt 1 of 3
[2026-09-20T04:54:36.932+0000] {taskinstance.py:2330} INFO - Executing <Task(PythonOperator): build_long_video_1> on 2026-09-18 12:00:00+00:00
[2026-09-20T04:54:36.936+0000] {standard_task_runner.py:64} INFO - Started process 13145 to run task
[2026-09-20T04:54:36.939+0000] {standard_task_runner.py:90} INFO - Running: ['airflow', 'tasks', 'run', 'youtube_english_video_pipeline', 'build_long_video_1', 'scheduled__2026-09-18T12:00:00+00:00', '--job-id', '1234', '--raw', '--subdir', 'DAGS_FOLDER/youtube_pipeline.py', '--cfg-path', '/tmp/tmp0ysaown7']
[2026-09-20T04:54:36.941+0000] {standard_task_runner.py:91} INFO - Job 1234: Subtask build_long_video_1
[2026-09-20T04:54:36.984+0000] {task_command.py:426} INFO - Running <TaskInstance: youtube_english_video_pipeline.build_long_video_1 scheduled__2026-09-18T12:00:00+00:00 [running]> on host cc859d74cf38
[2026-09-20T04:54:37.177+0000] {taskinstance.py:2648} INFO - Exporting env vars: AIRFLOW_CTX_DAG_OWNER='taky' AIRFLOW_CTX_DAG_ID='youtube_english_video_pipeline' AIRFLOW_CTX_TASK_ID='build_long_video_1' AIRFLOW_CTX_EXECUTION_DATE='2026-09-18T12:00:00+00:00' AIRFLOW_CTX_TRY_NUMBER='1' AIRFLOW_CTX_DAG_RUN_ID='scheduled__2026-09-18T12:00:00+00:00'
[2026-09-20T04:54:37.178+0000] {taskinstance.py:430} INFO - ::endgroup::
[2026-09-20T04:54:37.660+0000] {taskinstance.py:441} INFO - ::group::Post task execution logs
[2026-09-20T04:54:37.661+0000] {taskinstance.py:2905} ERROR - Task failed with exception
Traceback (most recent call last):
  File "/home/airflow/.local/lib/python3.11/site-packages/airflow/models/taskinstance.py", line 465, in _execute_task
    result = _execute_callable(context=context, **execute_callable_kwargs)
             ^^^^^^^^^^^^^^^^^^^^^^^^^^^^^^^^^^^^^^^^^^^^^^^^^^^^^^^^^^^^^
  File "/home/airflow/.local/lib/python3.11/site-packages/airflow/models/taskinstance.py", line 432, in _execute_callable
    return execute_callable(context=context, **execute_callable_kwargs)
           ^^^^^^^^^^^^^^^^^^^^^^^^^^^^^^^^^^^^^^^^^^^^^^^^^^^^^^^^^^^^
  File "/home/airflow/.local/lib/python3.11/site-packages/airflow/models/baseoperator.py", line 401, in wrapper
    return func(self, *args, **kwargs)
           ^^^^^^^^^^^^^^^^^^^^^^^^^^^
  File "/home/airflow/.local/lib/python3.11/site-packages/airflow/operators/python.py", line 235, in execute
    return_value = self.execute_callable()
                   ^^^^^^^^^^^^^^^^^^^^^^^
  File "/home/airflow/.local/lib/python3.11/site-packages/airflow/operators/python.py", line 252, in execute_callable
    return self.python_callable(*self.op_args, **self.op_kwargs)
           ^^^^^^^^^^^^^^^^^^^^^^^^^^^^^^^^^^^^^^^^^^^^^^^^^^^^^
  File "/opt/airflow/dags/youtube_pipeline.py", line 107, in task_build_long_video
    from video.long_video import build_long_video
  File "/opt/airflow/src/video/long_video.py", line 16, in <module>
    from planner.video_planner import VideoPlanner
  File "/opt/airflow/src/planner/video_planner.py", line 11, in <module>
    from generators.phrase_generator import PhraseGenerator
  File "/opt/airflow/src/generators/phrase_generator.py", line 15, in <module>
    from config.prompts import PHRASE_GENERATION_PROMPT, PHRASE_GENERATION_PROMPT_FOR_TOPIC
ImportError: cannot import name 'PHRASE_GENERATION_PROMPT_FOR_TOPIC' from 'config.prompts' (/opt/airflow/config/prompts.py)
[2026-09-20T04:54:37.690+0000] {taskinstance.py:1206} INFO - Marking task as UP_FOR_RETRY. dag_id=youtube_english_video_pipeline, task_id=build_long_video_1, run_id=scheduled__2026-09-18T12:00:00+00:00, execution_date=20260918T120000, start_date=20260920T045436, end_date=20260920T045437
[2026-09-20T04:54:37.701+0000] {standard_task_runner.py:110} ERROR - Failed to execute job 1234 for task build_long_video_1 (cannot import name 'PHRASE_GENERATION_PROMPT_FOR_TOPIC' from 'config.prompts' (/opt/airflow/config/prompts.py); 13145)
[2026-09-20T04:54:37.713+0000] {local_task_job_runner.py:243} INFO - Task exited with return code 1
[2026-09-20T04:54:37.848+0000] {taskinstance.py:3503} INFO - 0 downstream tasks scheduled from follow-on schedule check
[2026-09-20T04:54:37.851+0000] {local_task_job_runner.py:222} INFO - ::endgroup::
