[2026-07-29T23:50:13.924+0000] {local_task_job_runner.py:120} INFO - ::group::Pre task execution logs
[2026-07-29T23:50:13.979+0000] {taskinstance.py:2076} INFO - Dependencies all met for dep_context=non-requeueable deps ti=<TaskInstance: youtube_english_video_pipeline.upload_long_video_8 scheduled__2026-07-28T12:00:00+00:00 [queued]>
[2026-07-29T23:50:13.992+0000] {taskinstance.py:2076} INFO - Dependencies all met for dep_context=requeueable deps ti=<TaskInstance: youtube_english_video_pipeline.upload_long_video_8 scheduled__2026-07-28T12:00:00+00:00 [queued]>
[2026-07-29T23:50:13.995+0000] {taskinstance.py:2306} INFO - Starting attempt 1 of 3
[2026-07-29T23:50:14.014+0000] {taskinstance.py:2330} INFO - Executing <Task(PythonOperator): upload_long_video_8> on 2026-07-28 12:00:00+00:00
[2026-07-29T23:50:14.021+0000] {standard_task_runner.py:64} INFO - Started process 67622 to run task
[2026-07-29T23:50:14.026+0000] {standard_task_runner.py:90} INFO - Running: ['airflow', 'tasks', 'run', 'youtube_english_video_pipeline', 'upload_long_video_8', 'scheduled__2026-07-28T12:00:00+00:00', '--job-id', '577', '--raw', '--subdir', 'DAGS_FOLDER/youtube_pipeline.py', '--cfg-path', '/tmp/tmp8wrjg8tu']
[2026-07-29T23:50:14.033+0000] {standard_task_runner.py:91} INFO - Job 577: Subtask upload_long_video_8
[2026-07-29T23:50:14.185+0000] {task_command.py:426} INFO - Running <TaskInstance: youtube_english_video_pipeline.upload_long_video_8 scheduled__2026-07-28T12:00:00+00:00 [running]> on host cc859d74cf38
[2026-07-29T23:50:14.700+0000] {taskinstance.py:2648} INFO - Exporting env vars: AIRFLOW_CTX_DAG_OWNER='taky' AIRFLOW_CTX_DAG_ID='youtube_english_video_pipeline' AIRFLOW_CTX_TASK_ID='upload_long_video_8' AIRFLOW_CTX_EXECUTION_DATE='2026-07-28T12:00:00+00:00' AIRFLOW_CTX_TRY_NUMBER='1' AIRFLOW_CTX_DAG_RUN_ID='scheduled__2026-07-28T12:00:00+00:00'
[2026-07-29T23:50:14.705+0000] {taskinstance.py:430} INFO - ::endgroup::
[2026-07-29T23:50:15.750+0000] {__init__.py:49} INFO - file_cache is only supported with oauth2client<4.0.0
[2026-07-29T23:50:15.773+0000] {logging_mixin.py:188} INFO - 2026-07-29 23:50:15,772 | INFO     | uploader.youtube_uploader | Uploading video 'Speak Professional English: Essential Work & Meeting Phrases' (/opt/airflow/output/videos/long_1393.mp4) to YouTube...
[2026-07-29T23:50:23.681+0000] {logging_mixin.py:188} INFO - 2026-07-29 23:50:23,681 | INFO     | uploader.youtube_uploader | Upload complete. YouTube video id = XvHBwSPXupc
[2026-07-29T23:50:28.527+0000] {logging_mixin.py:188} INFO - 2026-07-29 23:50:28,527 | INFO     | uploader.youtube_uploader | Custom thumbnail uploaded.
[2026-07-29T23:50:28.549+0000] {python.py:237} INFO - Done. Returned value was: XvHBwSPXupc
[2026-07-29T23:50:28.554+0000] {taskinstance.py:441} INFO - ::group::Post task execution logs
[2026-07-29T23:50:28.609+0000] {taskinstance.py:1206} INFO - Marking task as SUCCESS. dag_id=youtube_english_video_pipeline, task_id=upload_long_video_8, run_id=scheduled__2026-07-28T12:00:00+00:00, execution_date=20260728T120000, start_date=20260729T235013, end_date=20260729T235028
[2026-07-29T23:50:28.662+0000] {local_task_job_runner.py:243} INFO - Task exited with return code 0
[2026-07-29T23:50:28.927+0000] {taskinstance.py:3503} INFO - 1 downstream tasks scheduled from follow-on schedule check
[2026-07-29T23:50:28.935+0000] {local_task_job_runner.py:222} INFO - ::endgroup::
