[2026-08-19T00:05:15.496+0000] {local_task_job_runner.py:120} INFO - ::group::Pre task execution logs
[2026-08-19T00:05:15.535+0000] {taskinstance.py:2076} INFO - Dependencies all met for dep_context=non-requeueable deps ti=<TaskInstance: youtube_english_video_pipeline.upload_long_video_3 scheduled__2026-08-17T12:00:00+00:00 [queued]>
[2026-08-19T00:05:15.544+0000] {taskinstance.py:2076} INFO - Dependencies all met for dep_context=requeueable deps ti=<TaskInstance: youtube_english_video_pipeline.upload_long_video_3 scheduled__2026-08-17T12:00:00+00:00 [queued]>
[2026-08-19T00:05:15.546+0000] {taskinstance.py:2306} INFO - Starting attempt 1 of 3
[2026-08-19T00:05:15.563+0000] {taskinstance.py:2330} INFO - Executing <Task(PythonOperator): upload_long_video_3> on 2026-08-17 12:00:00+00:00
[2026-08-19T00:05:15.568+0000] {standard_task_runner.py:64} INFO - Started process 28185 to run task
[2026-08-19T00:05:15.572+0000] {standard_task_runner.py:90} INFO - Running: ['airflow', 'tasks', 'run', 'youtube_english_video_pipeline', 'upload_long_video_3', 'scheduled__2026-08-17T12:00:00+00:00', '--job-id', '786', '--raw', '--subdir', 'DAGS_FOLDER/youtube_pipeline.py', '--cfg-path', '/tmp/tmp25onsvxm']
[2026-08-19T00:05:15.575+0000] {standard_task_runner.py:91} INFO - Job 786: Subtask upload_long_video_3
[2026-08-19T00:05:15.660+0000] {task_command.py:426} INFO - Running <TaskInstance: youtube_english_video_pipeline.upload_long_video_3 scheduled__2026-08-17T12:00:00+00:00 [running]> on host cc859d74cf38
[2026-08-19T00:05:15.901+0000] {taskinstance.py:2648} INFO - Exporting env vars: AIRFLOW_CTX_DAG_OWNER='taky' AIRFLOW_CTX_DAG_ID='youtube_english_video_pipeline' AIRFLOW_CTX_TASK_ID='upload_long_video_3' AIRFLOW_CTX_EXECUTION_DATE='2026-08-17T12:00:00+00:00' AIRFLOW_CTX_TRY_NUMBER='1' AIRFLOW_CTX_DAG_RUN_ID='scheduled__2026-08-17T12:00:00+00:00'
[2026-08-19T00:05:15.902+0000] {taskinstance.py:430} INFO - ::endgroup::
[2026-08-19T00:05:16.384+0000] {__init__.py:49} INFO - file_cache is only supported with oauth2client<4.0.0
[2026-08-19T00:05:16.399+0000] {logging_mixin.py:188} INFO - 2026-08-19 00:05:16,398 | INFO     | uploader.youtube_uploader | Uploading video '20 Daily English Expressions | Mixed English Expressions' (/opt/airflow/output/videos/long_1964.mp4) to YouTube...
[2026-08-19T00:05:21.602+0000] {logging_mixin.py:188} INFO - 2026-08-19 00:05:21,602 | INFO     | uploader.youtube_uploader | Upload complete. YouTube video id = Sl3SpEQHvTM
[2026-08-19T00:05:29.118+0000] {logging_mixin.py:188} INFO - 2026-08-19 00:05:29,118 | INFO     | uploader.youtube_uploader | Custom thumbnail uploaded.
[2026-08-19T00:05:29.129+0000] {python.py:237} INFO - Done. Returned value was: Sl3SpEQHvTM
[2026-08-19T00:05:29.130+0000] {taskinstance.py:441} INFO - ::group::Post task execution logs
[2026-08-19T00:05:29.155+0000] {taskinstance.py:1206} INFO - Marking task as SUCCESS. dag_id=youtube_english_video_pipeline, task_id=upload_long_video_3, run_id=scheduled__2026-08-17T12:00:00+00:00, execution_date=20260817T120000, start_date=20260819T000515, end_date=20260819T000529
[2026-08-19T00:05:29.195+0000] {local_task_job_runner.py:243} INFO - Task exited with return code 0
[2026-08-19T00:05:29.332+0000] {taskinstance.py:3503} INFO - 1 downstream tasks scheduled from follow-on schedule check
[2026-08-19T00:05:29.337+0000] {local_task_job_runner.py:222} INFO - ::endgroup::
