[2026-08-22T06:50:52.663+0000] {local_task_job_runner.py:120} INFO - ::group::Pre task execution logs
[2026-08-22T06:50:52.698+0000] {taskinstance.py:2076} INFO - Dependencies all met for dep_context=non-requeueable deps ti=<TaskInstance: youtube_english_video_pipeline.upload_short_video_6 manual__2026-08-20T23:20:20.409177+00:00 [queued]>
[2026-08-22T06:50:52.709+0000] {taskinstance.py:2076} INFO - Dependencies all met for dep_context=requeueable deps ti=<TaskInstance: youtube_english_video_pipeline.upload_short_video_6 manual__2026-08-20T23:20:20.409177+00:00 [queued]>
[2026-08-22T06:50:52.710+0000] {taskinstance.py:2306} INFO - Starting attempt 1 of 3
[2026-08-22T06:50:52.725+0000] {taskinstance.py:2330} INFO - Executing <Task(PythonOperator): upload_short_video_6> on 2026-08-20 23:20:20.409177+00:00
[2026-08-22T06:50:52.731+0000] {standard_task_runner.py:64} INFO - Started process 67723 to run task
[2026-08-22T06:50:52.734+0000] {standard_task_runner.py:90} INFO - Running: ['airflow', 'tasks', 'run', 'youtube_english_video_pipeline', 'upload_short_video_6', 'manual__2026-08-20T23:20:20.409177+00:00', '--job-id', '864', '--raw', '--subdir', 'DAGS_FOLDER/youtube_pipeline.py', '--cfg-path', '/tmp/tmpop2zyup7']
[2026-08-22T06:50:52.737+0000] {standard_task_runner.py:91} INFO - Job 864: Subtask upload_short_video_6
[2026-08-22T06:50:52.815+0000] {task_command.py:426} INFO - Running <TaskInstance: youtube_english_video_pipeline.upload_short_video_6 manual__2026-08-20T23:20:20.409177+00:00 [running]> on host cc859d74cf38
[2026-08-22T06:50:53.074+0000] {taskinstance.py:2648} INFO - Exporting env vars: AIRFLOW_CTX_DAG_OWNER='taky' AIRFLOW_CTX_DAG_ID='youtube_english_video_pipeline' AIRFLOW_CTX_TASK_ID='upload_short_video_6' AIRFLOW_CTX_EXECUTION_DATE='2026-08-20T23:20:20.409177+00:00' AIRFLOW_CTX_TRY_NUMBER='1' AIRFLOW_CTX_DAG_RUN_ID='manual__2026-08-20T23:20:20.409177+00:00'
[2026-08-22T06:50:53.075+0000] {taskinstance.py:430} INFO - ::endgroup::
[2026-08-22T06:50:53.436+0000] {__init__.py:49} INFO - file_cache is only supported with oauth2client<4.0.0
[2026-08-22T06:50:53.443+0000] {logging_mixin.py:188} INFO - 2026-08-22 06:50:53,443 | INFO     | uploader.youtube_uploader | Uploading video 'Daily English Phrase | Travel English' (/opt/airflow/output/videos/short_2222.mp4) to YouTube...
[2026-08-22T06:50:56.157+0000] {logging_mixin.py:188} INFO - 2026-08-22 06:50:56,157 | INFO     | uploader.youtube_uploader | Upload complete. YouTube video id = Bogkoq6eqZA
[2026-08-22T06:50:56.187+0000] {python.py:237} INFO - Done. Returned value was: Bogkoq6eqZA
[2026-08-22T06:50:56.188+0000] {taskinstance.py:441} INFO - ::group::Post task execution logs
[2026-08-22T06:50:56.221+0000] {taskinstance.py:1206} INFO - Marking task as SUCCESS. dag_id=youtube_english_video_pipeline, task_id=upload_short_video_6, run_id=manual__2026-08-20T23:20:20.409177+00:00, execution_date=20260820T232020, start_date=20260822T065052, end_date=20260822T065056
[2026-08-22T06:50:56.283+0000] {local_task_job_runner.py:243} INFO - Task exited with return code 0
[2026-08-22T06:50:56.313+0000] {taskinstance.py:3503} INFO - 1 downstream tasks scheduled from follow-on schedule check
[2026-08-22T06:50:56.318+0000] {local_task_job_runner.py:222} INFO - ::endgroup::
