[2026-07-27T01:39:04.499+0000] {local_task_job_runner.py:120} INFO - ::group::Pre task execution logs
[2026-07-27T01:39:04.591+0000] {taskinstance.py:2076} INFO - Dependencies all met for dep_context=non-requeueable deps ti=<TaskInstance: youtube_english_video_pipeline.upload_long_video_4 scheduled__2026-07-25T12:00:00+00:00 [queued]>
[2026-07-27T01:39:04.610+0000] {taskinstance.py:2076} INFO - Dependencies all met for dep_context=requeueable deps ti=<TaskInstance: youtube_english_video_pipeline.upload_long_video_4 scheduled__2026-07-25T12:00:00+00:00 [queued]>
[2026-07-27T01:39:04.612+0000] {taskinstance.py:2306} INFO - Starting attempt 1 of 3
[2026-07-27T01:39:04.639+0000] {taskinstance.py:2330} INFO - Executing <Task(PythonOperator): upload_long_video_4> on 2026-07-25 12:00:00+00:00
[2026-07-27T01:39:04.655+0000] {standard_task_runner.py:64} INFO - Started process 40709 to run task
[2026-07-27T01:39:04.660+0000] {standard_task_runner.py:90} INFO - Running: ['airflow', 'tasks', 'run', 'youtube_english_video_pipeline', 'upload_long_video_4', 'scheduled__2026-07-25T12:00:00+00:00', '--job-id', '383', '--raw', '--subdir', 'DAGS_FOLDER/youtube_pipeline.py', '--cfg-path', '/tmp/tmpi87pordu']
[2026-07-27T01:39:04.674+0000] {standard_task_runner.py:91} INFO - Job 383: Subtask upload_long_video_4
[2026-07-27T01:39:04.860+0000] {task_command.py:426} INFO - Running <TaskInstance: youtube_english_video_pipeline.upload_long_video_4 scheduled__2026-07-25T12:00:00+00:00 [running]> on host cc859d74cf38
[2026-07-27T01:39:05.143+0000] {taskinstance.py:2648} INFO - Exporting env vars: AIRFLOW_CTX_DAG_OWNER='taky' AIRFLOW_CTX_DAG_ID='youtube_english_video_pipeline' AIRFLOW_CTX_TASK_ID='upload_long_video_4' AIRFLOW_CTX_EXECUTION_DATE='2026-07-25T12:00:00+00:00' AIRFLOW_CTX_TRY_NUMBER='1' AIRFLOW_CTX_DAG_RUN_ID='scheduled__2026-07-25T12:00:00+00:00'
[2026-07-27T01:39:05.144+0000] {taskinstance.py:430} INFO - ::endgroup::
[2026-07-27T01:39:06.022+0000] {__init__.py:49} INFO - file_cache is only supported with oauth2client<4.0.0
[2026-07-27T01:39:06.043+0000] {logging_mixin.py:188} INFO - 2026-07-27 01:39:06,043 | INFO     | uploader.youtube_uploader | Uploading video '20 Essential English Phrases for Daily Life & Travel' (/opt/airflow/output/videos/long_606.mp4) to YouTube...
[2026-07-27T01:39:12.382+0000] {logging_mixin.py:188} INFO - 2026-07-27 01:39:12,382 | INFO     | uploader.youtube_uploader | Upload complete. YouTube video id = Ug8paS7QBvY
[2026-07-27T01:39:16.297+0000] {logging_mixin.py:188} INFO - 2026-07-27 01:39:16,297 | INFO     | uploader.youtube_uploader | Custom thumbnail uploaded.
[2026-07-27T01:39:16.318+0000] {python.py:237} INFO - Done. Returned value was: Ug8paS7QBvY
[2026-07-27T01:39:16.320+0000] {taskinstance.py:441} INFO - ::group::Post task execution logs
[2026-07-27T01:39:16.373+0000] {taskinstance.py:1206} INFO - Marking task as SUCCESS. dag_id=youtube_english_video_pipeline, task_id=upload_long_video_4, run_id=scheduled__2026-07-25T12:00:00+00:00, execution_date=20260725T120000, start_date=20260727T013904, end_date=20260727T013916
[2026-07-27T01:39:16.436+0000] {local_task_job_runner.py:243} INFO - Task exited with return code 0
[2026-07-27T01:39:16.695+0000] {taskinstance.py:3503} INFO - 1 downstream tasks scheduled from follow-on schedule check
[2026-07-27T01:39:16.700+0000] {local_task_job_runner.py:222} INFO - ::endgroup::
