[2026-09-05T00:46:12.394+0000] {local_task_job_runner.py:120} INFO - ::group::Pre task execution logs
[2026-09-05T00:46:12.442+0000] {taskinstance.py:2076} INFO - Dependencies all met for dep_context=non-requeueable deps ti=<TaskInstance: youtube_english_video_pipeline.upload_long_video_4 scheduled__2026-08-26T12:00:00+00:00 [queued]>
[2026-09-05T00:46:12.454+0000] {taskinstance.py:2076} INFO - Dependencies all met for dep_context=requeueable deps ti=<TaskInstance: youtube_english_video_pipeline.upload_long_video_4 scheduled__2026-08-26T12:00:00+00:00 [queued]>
[2026-09-05T00:46:12.456+0000] {taskinstance.py:2306} INFO - Starting attempt 1 of 3
[2026-09-05T00:46:12.478+0000] {taskinstance.py:2330} INFO - Executing <Task(PythonOperator): upload_long_video_4> on 2026-08-26 12:00:00+00:00
[2026-09-05T00:46:12.485+0000] {standard_task_runner.py:64} INFO - Started process 11822 to run task
[2026-09-05T00:46:12.489+0000] {standard_task_runner.py:90} INFO - Running: ['airflow', 'tasks', 'run', 'youtube_english_video_pipeline', 'upload_long_video_4', 'scheduled__2026-08-26T12:00:00+00:00', '--job-id', '950', '--raw', '--subdir', 'DAGS_FOLDER/youtube_pipeline.py', '--cfg-path', '/tmp/tmpvggni2pl']
[2026-09-05T00:46:12.492+0000] {standard_task_runner.py:91} INFO - Job 950: Subtask upload_long_video_4
[2026-09-05T00:46:12.621+0000] {task_command.py:426} INFO - Running <TaskInstance: youtube_english_video_pipeline.upload_long_video_4 scheduled__2026-08-26T12:00:00+00:00 [running]> on host cc859d74cf38
[2026-09-05T00:46:12.945+0000] {taskinstance.py:2648} INFO - Exporting env vars: AIRFLOW_CTX_DAG_OWNER='taky' AIRFLOW_CTX_DAG_ID='youtube_english_video_pipeline' AIRFLOW_CTX_TASK_ID='upload_long_video_4' AIRFLOW_CTX_EXECUTION_DATE='2026-08-26T12:00:00+00:00' AIRFLOW_CTX_TRY_NUMBER='1' AIRFLOW_CTX_DAG_RUN_ID='scheduled__2026-08-26T12:00:00+00:00'
[2026-09-05T00:46:12.954+0000] {taskinstance.py:430} INFO - ::endgroup::
[2026-09-05T00:46:13.550+0000] {__init__.py:49} INFO - file_cache is only supported with oauth2client<4.0.0
[2026-09-05T00:46:13.573+0000] {logging_mixin.py:188} INFO - 2026-09-05 00:46:13,573 | INFO     | uploader.youtube_uploader | Uploading video '20 Daily English Expressions | Mixed English Expressions' (/opt/airflow/output/videos/long_2427.mp4) to YouTube...
[2026-09-05T00:46:26.086+0000] {logging_mixin.py:188} INFO - 2026-09-05 00:46:26,086 | INFO     | uploader.youtube_uploader | Upload complete. YouTube video id = ass3xv4Z3Uo
[2026-09-05T00:46:33.365+0000] {logging_mixin.py:188} INFO - 2026-09-05 00:46:33,365 | INFO     | uploader.youtube_uploader | Custom thumbnail uploaded.
[2026-09-05T00:46:33.390+0000] {python.py:237} INFO - Done. Returned value was: ass3xv4Z3Uo
[2026-09-05T00:46:33.394+0000] {taskinstance.py:441} INFO - ::group::Post task execution logs
[2026-09-05T00:46:33.452+0000] {taskinstance.py:1206} INFO - Marking task as SUCCESS. dag_id=youtube_english_video_pipeline, task_id=upload_long_video_4, run_id=scheduled__2026-08-26T12:00:00+00:00, execution_date=20260826T120000, start_date=20260905T004612, end_date=20260905T004633
[2026-09-05T00:46:33.522+0000] {local_task_job_runner.py:243} INFO - Task exited with return code 0
[2026-09-05T00:46:33.751+0000] {taskinstance.py:3503} INFO - 1 downstream tasks scheduled from follow-on schedule check
[2026-09-05T00:46:33.758+0000] {local_task_job_runner.py:222} INFO - ::endgroup::
