[2026-09-22T00:29:13.327+0000] {local_task_job_runner.py:120} INFO - ::group::Pre task execution logs
[2026-09-22T00:29:13.382+0000] {taskinstance.py:2076} INFO - Dependencies all met for dep_context=non-requeueable deps ti=<TaskInstance: youtube_english_video_pipeline.upload_long_video_4 scheduled__2026-09-20T12:00:00+00:00 [queued]>
[2026-09-22T00:29:13.391+0000] {taskinstance.py:2076} INFO - Dependencies all met for dep_context=requeueable deps ti=<TaskInstance: youtube_english_video_pipeline.upload_long_video_4 scheduled__2026-09-20T12:00:00+00:00 [queued]>
[2026-09-22T00:29:13.393+0000] {taskinstance.py:2306} INFO - Starting attempt 1 of 3
[2026-09-22T00:29:13.407+0000] {taskinstance.py:2330} INFO - Executing <Task(PythonOperator): upload_long_video_4> on 2026-09-20 12:00:00+00:00
[2026-09-22T00:29:13.413+0000] {standard_task_runner.py:64} INFO - Started process 15184 to run task
[2026-09-22T00:29:13.416+0000] {standard_task_runner.py:90} INFO - Running: ['airflow', 'tasks', 'run', 'youtube_english_video_pipeline', 'upload_long_video_4', 'scheduled__2026-09-20T12:00:00+00:00', '--job-id', '1475', '--raw', '--subdir', 'DAGS_FOLDER/youtube_pipeline.py', '--cfg-path', '/tmp/tmpvwapt72k']
[2026-09-22T00:29:13.420+0000] {standard_task_runner.py:91} INFO - Job 1475: Subtask upload_long_video_4
[2026-09-22T00:29:13.493+0000] {task_command.py:426} INFO - Running <TaskInstance: youtube_english_video_pipeline.upload_long_video_4 scheduled__2026-09-20T12:00:00+00:00 [running]> on host 73b18333cdfe
[2026-09-22T00:29:13.761+0000] {taskinstance.py:2648} INFO - Exporting env vars: AIRFLOW_CTX_DAG_OWNER='taky' AIRFLOW_CTX_DAG_ID='youtube_english_video_pipeline' AIRFLOW_CTX_TASK_ID='upload_long_video_4' AIRFLOW_CTX_EXECUTION_DATE='2026-09-20T12:00:00+00:00' AIRFLOW_CTX_TRY_NUMBER='1' AIRFLOW_CTX_DAG_RUN_ID='scheduled__2026-09-20T12:00:00+00:00'
[2026-09-22T00:29:13.762+0000] {taskinstance.py:430} INFO - ::endgroup::
[2026-09-22T00:29:14.311+0000] {__init__.py:49} INFO - file_cache is only supported with oauth2client<4.0.0
[2026-09-22T00:29:14.327+0000] {logging_mixin.py:188} INFO - 2026-09-22 00:29:14,327 | INFO     | uploader.youtube_uploader | Uploading video 'Small Talk: 20 Natural English Phrases You'll Actually Use' (/opt/airflow/output/videos/long_3646.mp4) to YouTube...
[2026-09-22T00:29:18.425+0000] {logging_mixin.py:188} INFO - 2026-09-22 00:29:18,424 | INFO     | uploader.youtube_uploader | Upload complete. YouTube video id = _-cZHWRf5kk
[2026-09-22T00:29:22.645+0000] {logging_mixin.py:188} INFO - 2026-09-22 00:29:22,644 | INFO     | uploader.youtube_uploader | Custom thumbnail uploaded.
[2026-09-22T00:29:22.673+0000] {python.py:237} INFO - Done. Returned value was: _-cZHWRf5kk
[2026-09-22T00:29:22.675+0000] {taskinstance.py:441} INFO - ::group::Post task execution logs
[2026-09-22T00:29:22.733+0000] {taskinstance.py:1206} INFO - Marking task as SUCCESS. dag_id=youtube_english_video_pipeline, task_id=upload_long_video_4, run_id=scheduled__2026-09-20T12:00:00+00:00, execution_date=20260920T120000, start_date=20260922T002913, end_date=20260922T002922
[2026-09-22T00:29:22.791+0000] {local_task_job_runner.py:243} INFO - Task exited with return code 0
[2026-09-22T00:29:23.034+0000] {taskinstance.py:3503} INFO - 1 downstream tasks scheduled from follow-on schedule check
[2026-09-22T00:29:23.043+0000] {local_task_job_runner.py:222} INFO - ::endgroup::
