[2026-07-28T12:56:39.460+0000] {local_task_job_runner.py:120} INFO - ::group::Pre task execution logs
[2026-07-28T12:56:39.515+0000] {taskinstance.py:2076} INFO - Dependencies all met for dep_context=non-requeueable deps ti=<TaskInstance: youtube_english_video_pipeline.upload_short_video_8 scheduled__2026-07-27T12:00:00+00:00 [queued]>
[2026-07-28T12:56:39.527+0000] {taskinstance.py:2076} INFO - Dependencies all met for dep_context=requeueable deps ti=<TaskInstance: youtube_english_video_pipeline.upload_short_video_8 scheduled__2026-07-27T12:00:00+00:00 [queued]>
[2026-07-28T12:56:39.532+0000] {taskinstance.py:2306} INFO - Starting attempt 1 of 3
[2026-07-28T12:56:39.548+0000] {taskinstance.py:2330} INFO - Executing <Task(PythonOperator): upload_short_video_8> on 2026-07-27 12:00:00+00:00
[2026-07-28T12:56:39.554+0000] {standard_task_runner.py:64} INFO - Started process 30647 to run task
[2026-07-28T12:56:39.556+0000] {standard_task_runner.py:90} INFO - Running: ['airflow', 'tasks', 'run', 'youtube_english_video_pipeline', 'upload_short_video_8', 'scheduled__2026-07-27T12:00:00+00:00', '--job-id', '524', '--raw', '--subdir', 'DAGS_FOLDER/youtube_pipeline.py', '--cfg-path', '/tmp/tmpkt2_8ac9']
[2026-07-28T12:56:39.562+0000] {standard_task_runner.py:91} INFO - Job 524: Subtask upload_short_video_8
[2026-07-28T12:56:39.644+0000] {task_command.py:426} INFO - Running <TaskInstance: youtube_english_video_pipeline.upload_short_video_8 scheduled__2026-07-27T12:00:00+00:00 [running]> on host cc859d74cf38
[2026-07-28T12:56:39.854+0000] {taskinstance.py:2648} INFO - Exporting env vars: AIRFLOW_CTX_DAG_OWNER='taky' AIRFLOW_CTX_DAG_ID='youtube_english_video_pipeline' AIRFLOW_CTX_TASK_ID='upload_short_video_8' AIRFLOW_CTX_EXECUTION_DATE='2026-07-27T12:00:00+00:00' AIRFLOW_CTX_TRY_NUMBER='1' AIRFLOW_CTX_DAG_RUN_ID='scheduled__2026-07-27T12:00:00+00:00'
[2026-07-28T12:56:39.857+0000] {taskinstance.py:430} INFO - ::endgroup::
[2026-07-28T12:56:40.750+0000] {__init__.py:49} INFO - file_cache is only supported with oauth2client<4.0.0
[2026-07-28T12:56:40.768+0000] {logging_mixin.py:188} INFO - 2026-07-28 12:56:40,768 | INFO     | uploader.youtube_uploader | Uploading video 'How to Say 'I'm Late' in Natural English! ⏱️ #Shorts' (/opt/airflow/output/videos/short_1137.mp4) to YouTube...
[2026-07-28T12:56:44.046+0000] {logging_mixin.py:188} INFO - 2026-07-28 12:56:44,046 | INFO     | uploader.youtube_uploader | Upload complete. YouTube video id = MzWjUHjMkyE
[2026-07-28T12:56:44.055+0000] {python.py:237} INFO - Done. Returned value was: MzWjUHjMkyE
[2026-07-28T12:56:44.056+0000] {taskinstance.py:441} INFO - ::group::Post task execution logs
[2026-07-28T12:56:44.080+0000] {taskinstance.py:1206} INFO - Marking task as SUCCESS. dag_id=youtube_english_video_pipeline, task_id=upload_short_video_8, run_id=scheduled__2026-07-27T12:00:00+00:00, execution_date=20260727T120000, start_date=20260728T125639, end_date=20260728T125644
[2026-07-28T12:56:44.160+0000] {local_task_job_runner.py:243} INFO - Task exited with return code 0
[2026-07-28T12:56:44.356+0000] {taskinstance.py:3503} INFO - 1 downstream tasks scheduled from follow-on schedule check
[2026-07-28T12:56:44.365+0000] {local_task_job_runner.py:222} INFO - ::endgroup::
