[2026-09-18T22:31:33.439+0000] {local_task_job_runner.py:120} INFO - ::group::Pre task execution logs
[2026-09-18T22:31:33.482+0000] {taskinstance.py:2076} INFO - Dependencies all met for dep_context=non-requeueable deps ti=<TaskInstance: youtube_english_video_pipeline.upload_short_video_3 scheduled__2026-09-17T12:00:00+00:00 [queued]>
[2026-09-18T22:31:33.493+0000] {taskinstance.py:2076} INFO - Dependencies all met for dep_context=requeueable deps ti=<TaskInstance: youtube_english_video_pipeline.upload_short_video_3 scheduled__2026-09-17T12:00:00+00:00 [queued]>
[2026-09-18T22:31:33.494+0000] {taskinstance.py:2306} INFO - Starting attempt 1 of 3
[2026-09-18T22:31:33.509+0000] {taskinstance.py:2330} INFO - Executing <Task(PythonOperator): upload_short_video_3> on 2026-09-17 12:00:00+00:00
[2026-09-18T22:31:33.515+0000] {standard_task_runner.py:64} INFO - Started process 8860 to run task
[2026-09-18T22:31:33.518+0000] {standard_task_runner.py:90} INFO - Running: ['airflow', 'tasks', 'run', 'youtube_english_video_pipeline', 'upload_short_video_3', 'scheduled__2026-09-17T12:00:00+00:00', '--job-id', '1223', '--raw', '--subdir', 'DAGS_FOLDER/youtube_pipeline.py', '--cfg-path', '/tmp/tmpn3pkbgmy']
[2026-09-18T22:31:33.521+0000] {standard_task_runner.py:91} INFO - Job 1223: Subtask upload_short_video_3
[2026-09-18T22:31:33.588+0000] {task_command.py:426} INFO - Running <TaskInstance: youtube_english_video_pipeline.upload_short_video_3 scheduled__2026-09-17T12:00:00+00:00 [running]> on host cc859d74cf38
[2026-09-18T22:31:33.853+0000] {taskinstance.py:2648} INFO - Exporting env vars: AIRFLOW_CTX_DAG_OWNER='taky' AIRFLOW_CTX_DAG_ID='youtube_english_video_pipeline' AIRFLOW_CTX_TASK_ID='upload_short_video_3' AIRFLOW_CTX_EXECUTION_DATE='2026-09-17T12:00:00+00:00' AIRFLOW_CTX_TRY_NUMBER='1' AIRFLOW_CTX_DAG_RUN_ID='scheduled__2026-09-17T12:00:00+00:00'
[2026-09-18T22:31:33.855+0000] {taskinstance.py:430} INFO - ::endgroup::
[2026-09-18T22:31:34.197+0000] {__init__.py:49} INFO - file_cache is only supported with oauth2client<4.0.0
[2026-09-18T22:31:34.208+0000] {logging_mixin.py:188} INFO - 2026-09-18 22:31:34,208 | INFO     | uploader.youtube_uploader | Uploading video 'Daily English Phrase | Airport English' (/opt/airflow/output/videos/short_2901.mp4) to YouTube...
[2026-09-18T22:31:37.419+0000] {logging_mixin.py:188} INFO - 2026-09-18 22:31:37,419 | INFO     | uploader.youtube_uploader | Upload complete. YouTube video id = FgRBEDRErXo
[2026-09-18T22:31:37.433+0000] {python.py:237} INFO - Done. Returned value was: FgRBEDRErXo
[2026-09-18T22:31:37.434+0000] {taskinstance.py:441} INFO - ::group::Post task execution logs
[2026-09-18T22:31:37.465+0000] {taskinstance.py:1206} INFO - Marking task as SUCCESS. dag_id=youtube_english_video_pipeline, task_id=upload_short_video_3, run_id=scheduled__2026-09-17T12:00:00+00:00, execution_date=20260917T120000, start_date=20260918T223133, end_date=20260918T223137
[2026-09-18T22:31:37.515+0000] {local_task_job_runner.py:243} INFO - Task exited with return code 0
[2026-09-18T22:31:37.694+0000] {taskinstance.py:3503} INFO - 1 downstream tasks scheduled from follow-on schedule check
[2026-09-18T22:31:37.699+0000] {local_task_job_runner.py:222} INFO - ::endgroup::
