[2026-09-15T00:14:47.238+0000] {local_task_job_runner.py:120} INFO - ::group::Pre task execution logs
[2026-09-15T00:14:47.266+0000] {taskinstance.py:2076} INFO - Dependencies all met for dep_context=non-requeueable deps ti=<TaskInstance: youtube_english_video_pipeline.upload_short_video_5 scheduled__2026-09-13T12:00:00+00:00 [queued]>
[2026-09-15T00:14:47.274+0000] {taskinstance.py:2076} INFO - Dependencies all met for dep_context=requeueable deps ti=<TaskInstance: youtube_english_video_pipeline.upload_short_video_5 scheduled__2026-09-13T12:00:00+00:00 [queued]>
[2026-09-15T00:14:47.276+0000] {taskinstance.py:2306} INFO - Starting attempt 1 of 3
[2026-09-15T00:14:47.287+0000] {taskinstance.py:2330} INFO - Executing <Task(PythonOperator): upload_short_video_5> on 2026-09-13 12:00:00+00:00
[2026-09-15T00:14:47.291+0000] {standard_task_runner.py:64} INFO - Started process 14389 to run task
[2026-09-15T00:14:47.293+0000] {standard_task_runner.py:90} INFO - Running: ['airflow', 'tasks', 'run', 'youtube_english_video_pipeline', 'upload_short_video_5', 'scheduled__2026-09-13T12:00:00+00:00', '--job-id', '1173', '--raw', '--subdir', 'DAGS_FOLDER/youtube_pipeline.py', '--cfg-path', '/tmp/tmp0zwp88lr']
[2026-09-15T00:14:47.296+0000] {standard_task_runner.py:91} INFO - Job 1173: Subtask upload_short_video_5
[2026-09-15T00:14:47.340+0000] {task_command.py:426} INFO - Running <TaskInstance: youtube_english_video_pipeline.upload_short_video_5 scheduled__2026-09-13T12:00:00+00:00 [running]> on host cc859d74cf38
[2026-09-15T00:14:47.533+0000] {taskinstance.py:2648} INFO - Exporting env vars: AIRFLOW_CTX_DAG_OWNER='taky' AIRFLOW_CTX_DAG_ID='youtube_english_video_pipeline' AIRFLOW_CTX_TASK_ID='upload_short_video_5' AIRFLOW_CTX_EXECUTION_DATE='2026-09-13T12:00:00+00:00' AIRFLOW_CTX_TRY_NUMBER='1' AIRFLOW_CTX_DAG_RUN_ID='scheduled__2026-09-13T12:00:00+00:00'
[2026-09-15T00:14:47.536+0000] {taskinstance.py:430} INFO - ::endgroup::
[2026-09-15T00:14:47.779+0000] {__init__.py:49} INFO - file_cache is only supported with oauth2client<4.0.0
[2026-09-15T00:14:47.786+0000] {logging_mixin.py:188} INFO - 2026-09-15 00:14:47,786 | INFO     | uploader.youtube_uploader | Uploading video 'Daily English Phrase | Travel English' (/opt/airflow/output/videos/short_2834.mp4) to YouTube...
[2026-09-15T00:14:51.085+0000] {logging_mixin.py:188} INFO - 2026-09-15 00:14:51,085 | INFO     | uploader.youtube_uploader | Upload complete. YouTube video id = ybICVTR-vvw
[2026-09-15T00:14:51.095+0000] {python.py:237} INFO - Done. Returned value was: ybICVTR-vvw
[2026-09-15T00:14:51.098+0000] {taskinstance.py:441} INFO - ::group::Post task execution logs
[2026-09-15T00:14:51.120+0000] {taskinstance.py:1206} INFO - Marking task as SUCCESS. dag_id=youtube_english_video_pipeline, task_id=upload_short_video_5, run_id=scheduled__2026-09-13T12:00:00+00:00, execution_date=20260913T120000, start_date=20260915T001447, end_date=20260915T001451
[2026-09-15T00:14:51.163+0000] {local_task_job_runner.py:243} INFO - Task exited with return code 0
[2026-09-15T00:14:51.185+0000] {taskinstance.py:3503} INFO - 1 downstream tasks scheduled from follow-on schedule check
[2026-09-15T00:14:51.189+0000] {local_task_job_runner.py:222} INFO - ::endgroup::
