[2026-09-15T00:06:54.797+0000] {local_task_job_runner.py:120} INFO - ::group::Pre task execution logs
[2026-09-15T00:06:54.840+0000] {taskinstance.py:2076} INFO - Dependencies all met for dep_context=non-requeueable deps ti=<TaskInstance: youtube_english_video_pipeline.upload_long_video_2 scheduled__2026-09-13T12:00:00+00:00 [queued]>
[2026-09-15T00:06:54.851+0000] {taskinstance.py:2076} INFO - Dependencies all met for dep_context=requeueable deps ti=<TaskInstance: youtube_english_video_pipeline.upload_long_video_2 scheduled__2026-09-13T12:00:00+00:00 [queued]>
[2026-09-15T00:06:54.853+0000] {taskinstance.py:2306} INFO - Starting attempt 1 of 3
[2026-09-15T00:06:54.872+0000] {taskinstance.py:2330} INFO - Executing <Task(PythonOperator): upload_long_video_2> on 2026-09-13 12:00:00+00:00
[2026-09-15T00:06:54.879+0000] {standard_task_runner.py:64} INFO - Started process 7204 to run task
[2026-09-15T00:06:54.882+0000] {standard_task_runner.py:90} INFO - Running: ['airflow', 'tasks', 'run', 'youtube_english_video_pipeline', 'upload_long_video_2', 'scheduled__2026-09-13T12:00:00+00:00', '--job-id', '1160', '--raw', '--subdir', 'DAGS_FOLDER/youtube_pipeline.py', '--cfg-path', '/tmp/tmpsdcdv2pu']
[2026-09-15T00:06:54.886+0000] {standard_task_runner.py:91} INFO - Job 1160: Subtask upload_long_video_2
[2026-09-15T00:06:54.937+0000] {task_command.py:426} INFO - Running <TaskInstance: youtube_english_video_pipeline.upload_long_video_2 scheduled__2026-09-13T12:00:00+00:00 [running]> on host cc859d74cf38
[2026-09-15T00:06:55.143+0000] {taskinstance.py:2648} INFO - Exporting env vars: AIRFLOW_CTX_DAG_OWNER='taky' AIRFLOW_CTX_DAG_ID='youtube_english_video_pipeline' AIRFLOW_CTX_TASK_ID='upload_long_video_2' AIRFLOW_CTX_EXECUTION_DATE='2026-09-13T12:00:00+00:00' AIRFLOW_CTX_TRY_NUMBER='1' AIRFLOW_CTX_DAG_RUN_ID='scheduled__2026-09-13T12:00:00+00:00'
[2026-09-15T00:06:55.144+0000] {taskinstance.py:430} INFO - ::endgroup::
[2026-09-15T00:06:55.468+0000] {__init__.py:49} INFO - file_cache is only supported with oauth2client<4.0.0
[2026-09-15T00:06:55.478+0000] {logging_mixin.py:188} INFO - 2026-09-15 00:06:55,478 | INFO     | uploader.youtube_uploader | Uploading video '20 Daily English Expressions | Mixed English Expressions' (/opt/airflow/output/videos/long_2773.mp4) to YouTube...
[2026-09-15T00:06:59.931+0000] {logging_mixin.py:188} INFO - 2026-09-15 00:06:59,931 | INFO     | uploader.youtube_uploader | Upload complete. YouTube video id = hXW0GOz8MYI
[2026-09-15T00:07:03.749+0000] {logging_mixin.py:188} INFO - 2026-09-15 00:07:03,749 | INFO     | uploader.youtube_uploader | Custom thumbnail uploaded.
[2026-09-15T00:07:03.764+0000] {python.py:237} INFO - Done. Returned value was: hXW0GOz8MYI
[2026-09-15T00:07:03.765+0000] {taskinstance.py:441} INFO - ::group::Post task execution logs
[2026-09-15T00:07:03.789+0000] {taskinstance.py:1206} INFO - Marking task as SUCCESS. dag_id=youtube_english_video_pipeline, task_id=upload_long_video_2, run_id=scheduled__2026-09-13T12:00:00+00:00, execution_date=20260913T120000, start_date=20260915T000654, end_date=20260915T000703
[2026-09-15T00:07:03.810+0000] {local_task_job_runner.py:243} INFO - Task exited with return code 0
[2026-09-15T00:07:03.939+0000] {taskinstance.py:3503} INFO - 1 downstream tasks scheduled from follow-on schedule check
[2026-09-15T00:07:03.945+0000] {local_task_job_runner.py:222} INFO - ::endgroup::
