[2026-09-21T01:01:06.629+0000] {local_task_job_runner.py:120} INFO - ::group::Pre task execution logs
[2026-09-21T01:01:06.665+0000] {taskinstance.py:2076} INFO - Dependencies all met for dep_context=non-requeueable deps ti=<TaskInstance: youtube_english_video_pipeline.build_short_video_1 manual__2026-09-21T01:00:56.686308+00:00 [queued]>
[2026-09-21T01:01:06.672+0000] {taskinstance.py:2076} INFO - Dependencies all met for dep_context=requeueable deps ti=<TaskInstance: youtube_english_video_pipeline.build_short_video_1 manual__2026-09-21T01:00:56.686308+00:00 [queued]>
[2026-09-21T01:01:06.673+0000] {taskinstance.py:2306} INFO - Starting attempt 1 of 3
[2026-09-21T01:01:06.687+0000] {taskinstance.py:2330} INFO - Executing <Task(PythonOperator): build_short_video_1> on 2026-09-21 01:00:56.686308+00:00
[2026-09-21T01:01:06.693+0000] {standard_task_runner.py:64} INFO - Started process 99867 to run task
[2026-09-21T01:01:06.695+0000] {standard_task_runner.py:90} INFO - Running: ['airflow', 'tasks', 'run', 'youtube_english_video_pipeline', 'build_short_video_1', 'manual__2026-09-21T01:00:56.686308+00:00', '--job-id', '1413', '--raw', '--subdir', 'DAGS_FOLDER/youtube_pipeline.py', '--cfg-path', '/tmp/tmp5yy5pk0a']
[2026-09-21T01:01:06.699+0000] {standard_task_runner.py:91} INFO - Job 1413: Subtask build_short_video_1
[2026-09-21T01:01:06.762+0000] {task_command.py:426} INFO - Running <TaskInstance: youtube_english_video_pipeline.build_short_video_1 manual__2026-09-21T01:00:56.686308+00:00 [running]> on host 73b18333cdfe
[2026-09-21T01:01:06.980+0000] {taskinstance.py:2648} INFO - Exporting env vars: AIRFLOW_CTX_DAG_OWNER='taky' AIRFLOW_CTX_DAG_ID='youtube_english_video_pipeline' AIRFLOW_CTX_TASK_ID='build_short_video_1' AIRFLOW_CTX_EXECUTION_DATE='2026-09-21T01:00:56.686308+00:00' AIRFLOW_CTX_TRY_NUMBER='1' AIRFLOW_CTX_DAG_RUN_ID='manual__2026-09-21T01:00:56.686308+00:00'
[2026-09-21T01:01:06.981+0000] {taskinstance.py:430} INFO - ::endgroup::
[2026-09-21T01:01:07.930+0000] {logging_mixin.py:188} INFO - 2026-09-21 01:01:07,930 | INFO     | planner.video_planner | Planned SHORT video: topic='Restaurant English', phrases=1
[2026-09-21T01:01:08.274+0000] {logging_mixin.py:188} INFO - 2026-09-21 01:01:08,273 | INFO     | tts.edge_tts | Synthesized audio -> /opt/airflow/output/audio/phrase_3494.mp3
[2026-09-21T01:01:08.558+0000] {logging_mixin.py:188} INFO - 2026-09-21 01:01:08,558 | INFO     | tts.edge_tts | Synthesized audio -> /opt/airflow/output/audio/example_3494.mp3
[2026-09-21T01:01:09.037+0000] {logging_mixin.py:188} INFO - 2026-09-21 01:01:09,037 | INFO     | media.image_downloader | Downloaded background image for scene='restaurant' -> /opt/airflow/output/images/short_3494.jpg
[2026-09-21T01:01:13.018+0000] {logging_mixin.py:188} INFO - 2026-09-21 01:01:13,018 | WARNING  | video.video_builder | BGM file not found at /opt/airflow/assets/bgm/short_bgm.mp3, rendering without background music
[2026-09-21T01:01:15.419+0000] {logging_mixin.py:188} INFO - 2026-09-21 01:01:15,418 | INFO     | video.video_builder | Final video rendered -> /opt/airflow/output/videos/short_3494.mp4
[2026-09-21T01:01:17.717+0000] {python.py:237} INFO - Done. Returned value was: {'video_id': 434, 'file_path': '/opt/airflow/output/videos/short_3494.mp4', 'title': "How to Tip in English: 'Keep the Change' Explained | Taky's Language School", 'description': "Ever wondered how to leave a tip like a native speaker? In this quick lesson, we’re teaching you the perfect phrase to use at the end of your meal: 'Keep the change.' \n\nLearn when and how to use this phrase confidently at any restaurant. Perfect for travelers and English learners looking to improve their social dining skills! \n\nSubscribe to Taky's Language School for more practical English tips that help you speak like a local. \n\n#EnglishTips #RestaurantEnglish #LearnEnglish #SpeakEnglish #TakyLanguageSchool #Shorts", 'tags': ['English learning', 'Restaurant English', 'Learn English', 'Speak English', "Taky's Language School", 'English phrases', 'Tipping in English', 'English for travelers', 'Daily English', 'English speaking practice'], 'video_type': 'short'}
[2026-09-21T01:01:17.718+0000] {taskinstance.py:441} INFO - ::group::Post task execution logs
[2026-09-21T01:01:17.748+0000] {taskinstance.py:1206} INFO - Marking task as SUCCESS. dag_id=youtube_english_video_pipeline, task_id=build_short_video_1, run_id=manual__2026-09-21T01:00:56.686308+00:00, execution_date=20260921T010056, start_date=20260921T010106, end_date=20260921T010117
[2026-09-21T01:01:17.829+0000] {local_task_job_runner.py:243} INFO - Task exited with return code 0
[2026-09-21T01:01:18.082+0000] {taskinstance.py:3503} INFO - 1 downstream tasks scheduled from follow-on schedule check
[2026-09-21T01:01:18.086+0000] {local_task_job_runner.py:222} INFO - ::endgroup::
