[2026-07-27T01:29:31.897+0000] {local_task_job_runner.py:120} INFO - ::group::Pre task execution logs
[2026-07-27T01:29:31.938+0000] {taskinstance.py:2076} INFO - Dependencies all met for dep_context=non-requeueable deps ti=<TaskInstance: youtube_english_video_pipeline.upload_long_video_1 scheduled__2026-07-25T12:00:00+00:00 [queued]>
[2026-07-27T01:29:31.948+0000] {taskinstance.py:2076} INFO - Dependencies all met for dep_context=requeueable deps ti=<TaskInstance: youtube_english_video_pipeline.upload_long_video_1 scheduled__2026-07-25T12:00:00+00:00 [queued]>
[2026-07-27T01:29:31.949+0000] {taskinstance.py:2306} INFO - Starting attempt 1 of 3
[2026-07-27T01:29:31.964+0000] {taskinstance.py:2330} INFO - Executing <Task(PythonOperator): upload_long_video_1> on 2026-07-25 12:00:00+00:00
[2026-07-27T01:29:31.969+0000] {standard_task_runner.py:64} INFO - Started process 31525 to run task
[2026-07-27T01:29:31.972+0000] {standard_task_runner.py:90} INFO - Running: ['airflow', 'tasks', 'run', 'youtube_english_video_pipeline', 'upload_long_video_1', 'scheduled__2026-07-25T12:00:00+00:00', '--job-id', '368', '--raw', '--subdir', 'DAGS_FOLDER/youtube_pipeline.py', '--cfg-path', '/tmp/tmpvfr3a3ns']
[2026-07-27T01:29:31.975+0000] {standard_task_runner.py:91} INFO - Job 368: Subtask upload_long_video_1
[2026-07-27T01:29:32.068+0000] {task_command.py:426} INFO - Running <TaskInstance: youtube_english_video_pipeline.upload_long_video_1 scheduled__2026-07-25T12:00:00+00:00 [running]> on host cc859d74cf38
[2026-07-27T01:29:32.481+0000] {taskinstance.py:2648} INFO - Exporting env vars: AIRFLOW_CTX_DAG_OWNER='taky' AIRFLOW_CTX_DAG_ID='youtube_english_video_pipeline' AIRFLOW_CTX_TASK_ID='upload_long_video_1' AIRFLOW_CTX_EXECUTION_DATE='2026-07-25T12:00:00+00:00' AIRFLOW_CTX_TRY_NUMBER='1' AIRFLOW_CTX_DAG_RUN_ID='scheduled__2026-07-25T12:00:00+00:00'
[2026-07-27T01:29:32.482+0000] {taskinstance.py:430} INFO - ::endgroup::
[2026-07-27T01:29:32.994+0000] {__init__.py:49} INFO - file_cache is only supported with oauth2client<4.0.0
[2026-07-27T01:29:33.008+0000] {logging_mixin.py:188} INFO - 2026-07-27 01:29:33,008 | INFO     | uploader.youtube_uploader | Uploading video 'Essential Business English Phrases for Work & Meetings' (/opt/airflow/output/videos/long_596.mp4) to YouTube...
[2026-07-27T01:29:37.437+0000] {logging_mixin.py:188} INFO - 2026-07-27 01:29:37,437 | INFO     | uploader.youtube_uploader | Upload complete. YouTube video id = _LNijTbsAxA
[2026-07-27T01:29:41.125+0000] {logging_mixin.py:188} INFO - 2026-07-27 01:29:41,125 | INFO     | uploader.youtube_uploader | Custom thumbnail uploaded.
[2026-07-27T01:29:41.145+0000] {python.py:237} INFO - Done. Returned value was: _LNijTbsAxA
[2026-07-27T01:29:41.146+0000] {taskinstance.py:441} INFO - ::group::Post task execution logs
[2026-07-27T01:29:41.185+0000] {taskinstance.py:1206} INFO - Marking task as SUCCESS. dag_id=youtube_english_video_pipeline, task_id=upload_long_video_1, run_id=scheduled__2026-07-25T12:00:00+00:00, execution_date=20260725T120000, start_date=20260727T012931, end_date=20260727T012941
[2026-07-27T01:29:41.303+0000] {local_task_job_runner.py:243} INFO - Task exited with return code 0
[2026-07-27T01:29:41.595+0000] {taskinstance.py:3503} INFO - 1 downstream tasks scheduled from follow-on schedule check
[2026-07-27T01:29:41.601+0000] {local_task_job_runner.py:222} INFO - ::endgroup::
