[2026-08-11T13:48:21.982+0000] {local_task_job_runner.py:120} INFO - ::group::Pre task execution logs
[2026-08-11T13:48:22.039+0000] {taskinstance.py:2076} INFO - Dependencies all met for dep_context=non-requeueable deps ti=<TaskInstance: youtube_english_video_pipeline.build_long_video_4 scheduled__2026-08-10T12:00:00+00:00 [queued]>
[2026-08-11T13:48:22.053+0000] {taskinstance.py:2076} INFO - Dependencies all met for dep_context=requeueable deps ti=<TaskInstance: youtube_english_video_pipeline.build_long_video_4 scheduled__2026-08-10T12:00:00+00:00 [queued]>
[2026-08-11T13:48:22.056+0000] {taskinstance.py:2306} INFO - Starting attempt 1 of 3
[2026-08-11T13:48:22.077+0000] {taskinstance.py:2330} INFO - Executing <Task(PythonOperator): build_long_video_4> on 2026-08-10 12:00:00+00:00
[2026-08-11T13:48:22.086+0000] {standard_task_runner.py:64} INFO - Started process 25277 to run task
[2026-08-11T13:48:22.088+0000] {standard_task_runner.py:90} INFO - Running: ['airflow', 'tasks', 'run', 'youtube_english_video_pipeline', 'build_long_video_4', 'scheduled__2026-08-10T12:00:00+00:00', '--job-id', '702', '--raw', '--subdir', 'DAGS_FOLDER/youtube_pipeline.py', '--cfg-path', '/tmp/tmpovowzfi6']
[2026-08-11T13:48:22.092+0000] {standard_task_runner.py:91} INFO - Job 702: Subtask build_long_video_4
[2026-08-11T13:48:22.195+0000] {task_command.py:426} INFO - Running <TaskInstance: youtube_english_video_pipeline.build_long_video_4 scheduled__2026-08-10T12:00:00+00:00 [running]> on host cc859d74cf38
[2026-08-11T13:48:22.449+0000] {taskinstance.py:2648} INFO - Exporting env vars: AIRFLOW_CTX_DAG_OWNER='taky' AIRFLOW_CTX_DAG_ID='youtube_english_video_pipeline' AIRFLOW_CTX_TASK_ID='build_long_video_4' AIRFLOW_CTX_EXECUTION_DATE='2026-08-10T12:00:00+00:00' AIRFLOW_CTX_TRY_NUMBER='1' AIRFLOW_CTX_DAG_RUN_ID='scheduled__2026-08-10T12:00:00+00:00'
[2026-08-11T13:48:22.452+0000] {taskinstance.py:430} INFO - ::endgroup::
[2026-08-11T13:48:23.815+0000] {logging_mixin.py:188} INFO - 2026-08-11 13:48:23,815 | INFO     | planner.video_planner | Planned LONG video: topic='Shopping English', phrases=17
[2026-08-11T13:48:24.564+0000] {logging_mixin.py:188} INFO - 2026-08-11 13:48:24,564 | INFO     | tts.edge_tts | Synthesized audio -> /opt/airflow/output/audio/phrase_1712.mp3
[2026-08-11T13:48:25.183+0000] {logging_mixin.py:188} INFO - 2026-08-11 13:48:25,183 | INFO     | tts.edge_tts | Synthesized audio -> /opt/airflow/output/audio/example_1712.mp3
[2026-08-11T13:48:25.667+0000] {logging_mixin.py:188} INFO - 2026-08-11 13:48:25,667 | INFO     | media.image_downloader | Downloaded background image for scene='supermarket' -> /opt/airflow/output/images/long_1712.jpg
[2026-08-11T13:48:31.996+0000] {logging_mixin.py:188} INFO - 2026-08-11 13:48:31,996 | INFO     | tts.edge_tts | Synthesized audio -> /opt/airflow/output/audio/phrase_1722.mp3
[2026-08-11T13:48:32.481+0000] {logging_mixin.py:188} INFO - 2026-08-11 13:48:32,481 | INFO     | tts.edge_tts | Synthesized audio -> /opt/airflow/output/audio/example_1722.mp3
[2026-08-11T13:48:32.880+0000] {logging_mixin.py:188} INFO - 2026-08-11 13:48:32,880 | INFO     | media.image_downloader | Downloaded background image for scene='boutique' -> /opt/airflow/output/images/long_1722.jpg
[2026-08-11T13:48:38.419+0000] {logging_mixin.py:188} INFO - 2026-08-11 13:48:38,419 | INFO     | tts.edge_tts | Synthesized audio -> /opt/airflow/output/audio/phrase_1729.mp3
[2026-08-11T13:48:38.923+0000] {logging_mixin.py:188} INFO - 2026-08-11 13:48:38,923 | INFO     | tts.edge_tts | Synthesized audio -> /opt/airflow/output/audio/example_1729.mp3
[2026-08-11T13:48:39.384+0000] {logging_mixin.py:188} INFO - 2026-08-11 13:48:39,384 | INFO     | media.image_downloader | Downloaded background image for scene='store' -> /opt/airflow/output/images/long_1729.jpg
[2026-08-11T13:48:45.580+0000] {logging_mixin.py:188} INFO - 2026-08-11 13:48:45,580 | INFO     | tts.edge_tts | Synthesized audio -> /opt/airflow/output/audio/phrase_1734.mp3
[2026-08-11T13:48:46.190+0000] {logging_mixin.py:188} INFO - 2026-08-11 13:48:46,190 | INFO     | tts.edge_tts | Synthesized audio -> /opt/airflow/output/audio/example_1734.mp3
[2026-08-11T13:48:52.151+0000] {logging_mixin.py:188} INFO - 2026-08-11 13:48:52,151 | INFO     | media.image_downloader | Downloaded background image for scene='store' -> /opt/airflow/output/images/long_1734.jpg
[2026-08-11T13:48:59.418+0000] {logging_mixin.py:188} INFO - 2026-08-11 13:48:59,418 | INFO     | tts.edge_tts | Synthesized audio -> /opt/airflow/output/audio/phrase_1737.mp3
[2026-08-11T13:49:00.245+0000] {logging_mixin.py:188} INFO - 2026-08-11 13:49:00,245 | INFO     | tts.edge_tts | Synthesized audio -> /opt/airflow/output/audio/example_1737.mp3
[2026-08-11T13:49:01.213+0000] {logging_mixin.py:188} INFO - 2026-08-11 13:49:01,212 | INFO     | media.image_downloader | Downloaded background image for scene='shopping' -> /opt/airflow/output/images/long_1737.jpg
[2026-08-11T13:49:15.234+0000] {logging_mixin.py:188} INFO - 2026-08-11 13:49:15,234 | INFO     | tts.edge_tts | Synthesized audio -> /opt/airflow/output/audio/phrase_1747.mp3
[2026-08-11T13:49:15.840+0000] {logging_mixin.py:188} INFO - 2026-08-11 13:49:15,839 | INFO     | tts.edge_tts | Synthesized audio -> /opt/airflow/output/audio/example_1747.mp3
[2026-08-11T13:49:16.363+0000] {logging_mixin.py:188} INFO - 2026-08-11 13:49:16,363 | INFO     | media.image_downloader | Downloaded background image for scene='store' -> /opt/airflow/output/images/long_1747.jpg
[2026-08-11T13:49:22.848+0000] {logging_mixin.py:188} INFO - 2026-08-11 13:49:22,848 | INFO     | tts.edge_tts | Synthesized audio -> /opt/airflow/output/audio/phrase_1748.mp3
[2026-08-11T13:49:23.551+0000] {logging_mixin.py:188} INFO - 2026-08-11 13:49:23,551 | INFO     | tts.edge_tts | Synthesized audio -> /opt/airflow/output/audio/example_1748.mp3
[2026-08-11T13:49:24.011+0000] {logging_mixin.py:188} INFO - 2026-08-11 13:49:24,011 | INFO     | media.image_downloader | Downloaded background image for scene='boutique' -> /opt/airflow/output/images/long_1748.jpg
[2026-08-11T13:49:29.950+0000] {logging_mixin.py:188} INFO - 2026-08-11 13:49:29,950 | INFO     | tts.edge_tts | Synthesized audio -> /opt/airflow/output/audio/phrase_1754.mp3
[2026-08-11T13:49:30.575+0000] {logging_mixin.py:188} INFO - 2026-08-11 13:49:30,575 | INFO     | tts.edge_tts | Synthesized audio -> /opt/airflow/output/audio/example_1754.mp3
[2026-08-11T13:49:30.966+0000] {logging_mixin.py:188} INFO - 2026-08-11 13:49:30,966 | INFO     | media.image_downloader | Downloaded background image for scene='shopping' -> /opt/airflow/output/images/long_1754.jpg
[2026-08-11T13:49:38.369+0000] {logging_mixin.py:188} INFO - 2026-08-11 13:49:38,369 | INFO     | tts.edge_tts | Synthesized audio -> /opt/airflow/output/audio/phrase_1758.mp3
[2026-08-11T13:49:38.991+0000] {logging_mixin.py:188} INFO - 2026-08-11 13:49:38,991 | INFO     | tts.edge_tts | Synthesized audio -> /opt/airflow/output/audio/example_1758.mp3
[2026-08-11T13:49:39.583+0000] {logging_mixin.py:188} INFO - 2026-08-11 13:49:39,583 | INFO     | media.image_downloader | Downloaded background image for scene='store' -> /opt/airflow/output/images/long_1758.jpg
[2026-08-11T13:49:47.597+0000] {logging_mixin.py:188} INFO - 2026-08-11 13:49:47,597 | INFO     | tts.edge_tts | Synthesized audio -> /opt/airflow/output/audio/phrase_1763.mp3
[2026-08-11T13:49:48.106+0000] {logging_mixin.py:188} INFO - 2026-08-11 13:49:48,106 | INFO     | tts.edge_tts | Synthesized audio -> /opt/airflow/output/audio/example_1763.mp3
[2026-08-11T13:49:48.654+0000] {logging_mixin.py:188} INFO - 2026-08-11 13:49:48,653 | INFO     | media.image_downloader | Downloaded background image for scene='shopping' -> /opt/airflow/output/images/long_1763.jpg
[2026-08-11T13:49:58.896+0000] {logging_mixin.py:188} INFO - 2026-08-11 13:49:58,896 | INFO     | tts.edge_tts | Synthesized audio -> /opt/airflow/output/audio/phrase_1770.mp3
[2026-08-11T13:49:59.512+0000] {logging_mixin.py:188} INFO - 2026-08-11 13:49:59,512 | INFO     | tts.edge_tts | Synthesized audio -> /opt/airflow/output/audio/example_1770.mp3
[2026-08-11T13:49:59.941+0000] {logging_mixin.py:188} INFO - 2026-08-11 13:49:59,940 | INFO     | media.image_downloader | Downloaded background image for scene='store' -> /opt/airflow/output/images/long_1770.jpg
[2026-08-11T13:50:05.747+0000] {logging_mixin.py:188} INFO - 2026-08-11 13:50:05,747 | INFO     | tts.edge_tts | Synthesized audio -> /opt/airflow/output/audio/phrase_1772.mp3
[2026-08-11T13:50:06.456+0000] {logging_mixin.py:188} INFO - 2026-08-11 13:50:06,456 | INFO     | tts.edge_tts | Synthesized audio -> /opt/airflow/output/audio/example_1772.mp3
[2026-08-11T13:50:07.939+0000] {logging_mixin.py:188} INFO - 2026-08-11 13:50:07,938 | INFO     | media.image_downloader | Downloaded background image for scene='market' -> /opt/airflow/output/images/long_1772.jpg
[2026-08-11T13:50:18.381+0000] {logging_mixin.py:188} INFO - 2026-08-11 13:50:18,381 | INFO     | tts.edge_tts | Synthesized audio -> /opt/airflow/output/audio/phrase_1778.mp3
[2026-08-11T13:50:19.142+0000] {logging_mixin.py:188} INFO - 2026-08-11 13:50:19,142 | INFO     | tts.edge_tts | Synthesized audio -> /opt/airflow/output/audio/example_1778.mp3
[2026-08-11T13:50:20.164+0000] {logging_mixin.py:188} INFO - 2026-08-11 13:50:20,164 | INFO     | media.image_downloader | Downloaded background image for scene='shopping' -> /opt/airflow/output/images/long_1778.jpg
[2026-08-11T13:50:34.620+0000] {logging_mixin.py:188} INFO - 2026-08-11 13:50:34,620 | INFO     | tts.edge_tts | Synthesized audio -> /opt/airflow/output/audio/phrase_1787.mp3
[2026-08-11T13:50:35.093+0000] {logging_mixin.py:188} INFO - 2026-08-11 13:50:35,092 | INFO     | tts.edge_tts | Synthesized audio -> /opt/airflow/output/audio/example_1787.mp3
[2026-08-11T13:50:35.858+0000] {logging_mixin.py:188} INFO - 2026-08-11 13:50:35,858 | INFO     | media.image_downloader | Downloaded background image for scene='shopping' -> /opt/airflow/output/images/long_1787.jpg
[2026-08-11T13:50:45.187+0000] {logging_mixin.py:188} INFO - 2026-08-11 13:50:45,187 | INFO     | tts.edge_tts | Synthesized audio -> /opt/airflow/output/audio/phrase_1795.mp3
[2026-08-11T13:50:45.832+0000] {logging_mixin.py:188} INFO - 2026-08-11 13:50:45,832 | INFO     | tts.edge_tts | Synthesized audio -> /opt/airflow/output/audio/example_1795.mp3
[2026-08-11T13:50:46.537+0000] {logging_mixin.py:188} INFO - 2026-08-11 13:50:46,537 | INFO     | media.image_downloader | Downloaded background image for scene='shopping' -> /opt/airflow/output/images/long_1795.jpg
[2026-08-11T13:50:55.271+0000] {logging_mixin.py:188} INFO - 2026-08-11 13:50:55,270 | INFO     | tts.edge_tts | Synthesized audio -> /opt/airflow/output/audio/phrase_1797.mp3
[2026-08-11T13:50:55.892+0000] {logging_mixin.py:188} INFO - 2026-08-11 13:50:55,892 | INFO     | tts.edge_tts | Synthesized audio -> /opt/airflow/output/audio/example_1797.mp3
[2026-08-11T13:50:56.617+0000] {logging_mixin.py:188} INFO - 2026-08-11 13:50:56,617 | INFO     | media.image_downloader | Downloaded background image for scene='shopping' -> /opt/airflow/output/images/long_1797.jpg
[2026-08-11T13:51:06.470+0000] {logging_mixin.py:188} INFO - 2026-08-11 13:51:06,470 | INFO     | tts.edge_tts | Synthesized audio -> /opt/airflow/output/audio/phrase_1806.mp3
[2026-08-11T13:51:07.686+0000] {logging_mixin.py:188} INFO - 2026-08-11 13:51:07,685 | INFO     | tts.edge_tts | Synthesized audio -> /opt/airflow/output/audio/example_1806.mp3
[2026-08-11T13:51:08.254+0000] {logging_mixin.py:188} INFO - 2026-08-11 13:51:08,254 | INFO     | media.image_downloader | Downloaded background image for scene='shopping' -> /opt/airflow/output/images/long_1806.jpg
[2026-08-11T13:51:21.314+0000] {logging_mixin.py:188} INFO - 2026-08-11 13:51:21,313 | WARNING  | video.video_builder | BGM file not found at /opt/airflow/assets/bgm/long_bgm.mp3, rendering without background music
[2026-08-11T13:51:46.779+0000] {logging_mixin.py:188} INFO - 2026-08-11 13:51:46,779 | INFO     | video.video_builder | Final video rendered -> /opt/airflow/output/videos/long_1712.mp4
[2026-08-11T13:52:01.402+0000] {logging_mixin.py:188} INFO - 2026-08-11 13:52:01,402 | INFO     | media.thumbnail_builder | Built thumbnail -> /opt/airflow/output/thumbnails/long_1712.jpg
[2026-08-11T13:52:01.905+0000] {python.py:237} INFO - Done. Returned value was: {'video_id': 199, 'file_path': '/opt/airflow/output/videos/long_1712.mp4', 'thumbnail_path': '/opt/airflow/output/thumbnails/long_1712.jpg', 'title': "17 Practical Shopping English Phrases You Must Know! | Taky's Language School", 'description': "Want to feel confident when shopping in English? In this lesson from Taky's Language School, you'll learn 17 essential real-life phrases for asking about sizes, discounts, payment options, and getting help in stores!\n\nPhrases covered include:\n- I'm looking for...\n- Can I try this on?\n- Do you have this in a smaller size?\n- Is there a discount on this?\n- I'm just browsing, thanks.\n- Can I pay by card?\n- Could I get a receipt, please?\n...and more!\n\nMaster these spoken English expressions to sound natural on your next shopping trip. Subscribe to Taky's Language School for more practical English lessons!", 'tags': ['shopping english', 'english for shopping', 'spoken english', 'learn english', 'takys language school', 'practical english', 'english phrases', 'english conversation', 'everyday english', 'english vocabulary', 'speak english fluently', 'english listening practice'], 'video_type': 'long'}
[2026-08-11T13:52:01.916+0000] {taskinstance.py:441} INFO - ::group::Post task execution logs
[2026-08-11T13:52:01.946+0000] {taskinstance.py:1206} INFO - Marking task as SUCCESS. dag_id=youtube_english_video_pipeline, task_id=build_long_video_4, run_id=scheduled__2026-08-10T12:00:00+00:00, execution_date=20260810T120000, start_date=20260811T134822, end_date=20260811T135201
[2026-08-11T13:52:02.039+0000] {local_task_job_runner.py:243} INFO - Task exited with return code 0
[2026-08-11T13:52:02.213+0000] {taskinstance.py:3503} INFO - 1 downstream tasks scheduled from follow-on schedule check
[2026-08-11T13:52:02.227+0000] {local_task_job_runner.py:222} INFO - ::endgroup::
