[2026-08-19T00:13:50.404+0000] {local_task_job_runner.py:120} INFO - ::group::Pre task execution logs
[2026-08-19T00:13:50.448+0000] {taskinstance.py:2076} INFO - Dependencies all met for dep_context=non-requeueable deps ti=<TaskInstance: youtube_english_video_pipeline.upload_long_video_4 scheduled__2026-08-17T12:00:00+00:00 [queued]>
[2026-08-19T00:13:50.458+0000] {taskinstance.py:2076} INFO - Dependencies all met for dep_context=requeueable deps ti=<TaskInstance: youtube_english_video_pipeline.upload_long_video_4 scheduled__2026-08-17T12:00:00+00:00 [queued]>
[2026-08-19T00:13:50.460+0000] {taskinstance.py:2306} INFO - Starting attempt 2 of 3
[2026-08-19T00:13:50.472+0000] {taskinstance.py:2330} INFO - Executing <Task(PythonOperator): upload_long_video_4> on 2026-08-17 12:00:00+00:00
[2026-08-19T00:13:50.479+0000] {standard_task_runner.py:64} INFO - Started process 31656 to run task
[2026-08-19T00:13:50.485+0000] {standard_task_runner.py:90} INFO - Running: ['airflow', 'tasks', 'run', 'youtube_english_video_pipeline', 'upload_long_video_4', 'scheduled__2026-08-17T12:00:00+00:00', '--job-id', '792', '--raw', '--subdir', 'DAGS_FOLDER/youtube_pipeline.py', '--cfg-path', '/tmp/tmpu4_6e0yx']
[2026-08-19T00:13:50.488+0000] {standard_task_runner.py:91} INFO - Job 792: Subtask upload_long_video_4
[2026-08-19T00:13:50.568+0000] {task_command.py:426} INFO - Running <TaskInstance: youtube_english_video_pipeline.upload_long_video_4 scheduled__2026-08-17T12:00:00+00:00 [running]> on host cc859d74cf38
[2026-08-19T00:13:50.769+0000] {taskinstance.py:2648} INFO - Exporting env vars: AIRFLOW_CTX_DAG_OWNER='taky' AIRFLOW_CTX_DAG_ID='youtube_english_video_pipeline' AIRFLOW_CTX_TASK_ID='upload_long_video_4' AIRFLOW_CTX_EXECUTION_DATE='2026-08-17T12:00:00+00:00' AIRFLOW_CTX_TRY_NUMBER='2' AIRFLOW_CTX_DAG_RUN_ID='scheduled__2026-08-17T12:00:00+00:00'
[2026-08-19T00:13:50.770+0000] {taskinstance.py:430} INFO - ::endgroup::
[2026-08-19T00:13:51.414+0000] {__init__.py:49} INFO - file_cache is only supported with oauth2client<4.0.0
[2026-08-19T00:13:51.451+0000] {logging_mixin.py:188} INFO - 2026-08-19 00:13:51,450 | INFO     | uploader.youtube_uploader | Uploading video '20 Essential English Expressions for Daily Conversation | Speak Like a Native' (/opt/airflow/output/videos/long_1995.mp4) to YouTube...
[2026-08-19T00:13:55.996+0000] {logging_mixin.py:188} INFO - 2026-08-19 00:13:55,996 | INFO     | uploader.youtube_uploader | Upload complete. YouTube video id = 4ly_0Jz_JkE
[2026-08-19T00:13:59.782+0000] {logging_mixin.py:188} INFO - 2026-08-19 00:13:59,782 | INFO     | uploader.youtube_uploader | Custom thumbnail uploaded.
[2026-08-19T00:13:59.799+0000] {python.py:237} INFO - Done. Returned value was: 4ly_0Jz_JkE
[2026-08-19T00:13:59.800+0000] {taskinstance.py:441} INFO - ::group::Post task execution logs
[2026-08-19T00:13:59.825+0000] {taskinstance.py:1206} INFO - Marking task as SUCCESS. dag_id=youtube_english_video_pipeline, task_id=upload_long_video_4, run_id=scheduled__2026-08-17T12:00:00+00:00, execution_date=20260817T120000, start_date=20260819T001350, end_date=20260819T001359
[2026-08-19T00:13:59.872+0000] {local_task_job_runner.py:243} INFO - Task exited with return code 0
[2026-08-19T00:14:00.023+0000] {taskinstance.py:3503} INFO - 1 downstream tasks scheduled from follow-on schedule check
[2026-08-19T00:14:00.031+0000] {local_task_job_runner.py:222} INFO - ::endgroup::
