[2026-08-19T00:08:41.380+0000] {local_task_job_runner.py:120} INFO - ::group::Pre task execution logs
[2026-08-19T00:08:41.423+0000] {taskinstance.py:2076} INFO - Dependencies all met for dep_context=non-requeueable deps ti=<TaskInstance: youtube_english_video_pipeline.upload_long_video_4 scheduled__2026-08-17T12:00:00+00:00 [queued]>
[2026-08-19T00:08:41.437+0000] {taskinstance.py:2076} INFO - Dependencies all met for dep_context=requeueable deps ti=<TaskInstance: youtube_english_video_pipeline.upload_long_video_4 scheduled__2026-08-17T12:00:00+00:00 [queued]>
[2026-08-19T00:08:41.438+0000] {taskinstance.py:2306} INFO - Starting attempt 1 of 3
[2026-08-19T00:08:41.459+0000] {taskinstance.py:2330} INFO - Executing <Task(PythonOperator): upload_long_video_4> on 2026-08-17 12:00:00+00:00
[2026-08-19T00:08:41.469+0000] {standard_task_runner.py:64} INFO - Started process 31604 to run task
[2026-08-19T00:08:41.471+0000] {standard_task_runner.py:90} INFO - Running: ['airflow', 'tasks', 'run', 'youtube_english_video_pipeline', 'upload_long_video_4', 'scheduled__2026-08-17T12:00:00+00:00', '--job-id', '791', '--raw', '--subdir', 'DAGS_FOLDER/youtube_pipeline.py', '--cfg-path', '/tmp/tmpzhjt8a0q']
[2026-08-19T00:08:41.479+0000] {standard_task_runner.py:91} INFO - Job 791: Subtask upload_long_video_4
[2026-08-19T00:08:41.572+0000] {task_command.py:426} INFO - Running <TaskInstance: youtube_english_video_pipeline.upload_long_video_4 scheduled__2026-08-17T12:00:00+00:00 [running]> on host cc859d74cf38
[2026-08-19T00:08:41.795+0000] {taskinstance.py:2648} INFO - Exporting env vars: AIRFLOW_CTX_DAG_OWNER='taky' AIRFLOW_CTX_DAG_ID='youtube_english_video_pipeline' AIRFLOW_CTX_TASK_ID='upload_long_video_4' AIRFLOW_CTX_EXECUTION_DATE='2026-08-17T12:00:00+00:00' AIRFLOW_CTX_TRY_NUMBER='1' AIRFLOW_CTX_DAG_RUN_ID='scheduled__2026-08-17T12:00:00+00:00'
[2026-08-19T00:08:41.800+0000] {taskinstance.py:430} INFO - ::endgroup::
[2026-08-19T00:08:42.220+0000] {__init__.py:49} INFO - file_cache is only supported with oauth2client<4.0.0
[2026-08-19T00:08:42.230+0000] {logging_mixin.py:188} INFO - 2026-08-19 00:08:42,230 | INFO     | uploader.youtube_uploader | Uploading video '20 Essential English Expressions for Daily Conversation | Speak Like a Native' (/opt/airflow/output/videos/long_1995.mp4) to YouTube...
[2026-08-19T00:08:48.740+0000] {logging_mixin.py:188} INFO - 2026-08-19 00:08:48,740 | INFO     | uploader.youtube_uploader | Upload complete. YouTube video id = qZ8QO1g6lWU
[2026-08-19T00:08:49.433+0000] {taskinstance.py:441} INFO - ::group::Post task execution logs
[2026-08-19T00:08:49.434+0000] {taskinstance.py:2905} ERROR - Task failed with exception
Traceback (most recent call last):
  File "/home/airflow/.local/lib/python3.11/site-packages/airflow/models/taskinstance.py", line 465, in _execute_task
    result = _execute_callable(context=context, **execute_callable_kwargs)
             ^^^^^^^^^^^^^^^^^^^^^^^^^^^^^^^^^^^^^^^^^^^^^^^^^^^^^^^^^^^^^
  File "/home/airflow/.local/lib/python3.11/site-packages/airflow/models/taskinstance.py", line 432, in _execute_callable
    return execute_callable(context=context, **execute_callable_kwargs)
           ^^^^^^^^^^^^^^^^^^^^^^^^^^^^^^^^^^^^^^^^^^^^^^^^^^^^^^^^^^^^
  File "/home/airflow/.local/lib/python3.11/site-packages/airflow/models/baseoperator.py", line 401, in wrapper
    return func(self, *args, **kwargs)
           ^^^^^^^^^^^^^^^^^^^^^^^^^^^
  File "/home/airflow/.local/lib/python3.11/site-packages/airflow/operators/python.py", line 235, in execute
    return_value = self.execute_callable()
                   ^^^^^^^^^^^^^^^^^^^^^^^
  File "/home/airflow/.local/lib/python3.11/site-packages/airflow/operators/python.py", line 252, in execute_callable
    return self.python_callable(*self.op_args, **self.op_kwargs)
           ^^^^^^^^^^^^^^^^^^^^^^^^^^^^^^^^^^^^^^^^^^^^^^^^^^^^^
  File "/opt/airflow/dags/youtube_pipeline.py", line 111, in task_upload_long_video
    youtube_id = upload_video(result)
                 ^^^^^^^^^^^^^^^^^^^^
  File "/opt/airflow/src/uploader/youtube_uploader.py", line 150, in upload_video
    return uploader.upload(req)
           ^^^^^^^^^^^^^^^^^^^^
  File "/opt/airflow/src/uploader/youtube_uploader.py", line 127, in upload
    ).execute()
      ^^^^^^^^^
  File "/home/airflow/.local/lib/python3.11/site-packages/googleapiclient/_helpers.py", line 130, in positional_wrapper
    return wrapped(*args, **kwargs)
           ^^^^^^^^^^^^^^^^^^^^^^^^
  File "/home/airflow/.local/lib/python3.11/site-packages/googleapiclient/http.py", line 938, in execute
    raise HttpError(resp, content, uri=self.uri)
googleapiclient.errors.HttpError: <HttpError 404 when requesting https://youtube.googleapis.com/upload/youtube/v3/thumbnails/set?videoId=qZ8QO1g6lWU&alt=json&uploadType=media returned "The video that you are trying to insert a thumbnail image for cannot be found. Check the value of the request's <code>videoId</code> parameter to ensure that it is correct.". Details: "[{'message': "The video that you are trying to insert a thumbnail image for cannot be found. Check the value of the request's <code>videoId</code> parameter to ensure that it is correct.", 'domain': 'youtube.thumbnail', 'reason': 'videoNotFound', 'location': 'videoId', 'locationType': 'parameter'}]">
[2026-08-19T00:08:49.528+0000] {taskinstance.py:1206} INFO - Marking task as UP_FOR_RETRY. dag_id=youtube_english_video_pipeline, task_id=upload_long_video_4, run_id=scheduled__2026-08-17T12:00:00+00:00, execution_date=20260817T120000, start_date=20260819T000841, end_date=20260819T000849
[2026-08-19T00:08:49.545+0000] {standard_task_runner.py:110} ERROR - Failed to execute job 791 for task upload_long_video_4 (<HttpError 404 when requesting https://youtube.googleapis.com/upload/youtube/v3/thumbnails/set?videoId=qZ8QO1g6lWU&alt=json&uploadType=media returned "The video that you are trying to insert a thumbnail image for cannot be found. Check the value of the request's <code>videoId</code> parameter to ensure that it is correct.". Details: "[{'message': "The video that you are trying to insert a thumbnail image for cannot be found. Check the value of the request's <code>videoId</code> parameter to ensure that it is correct.", 'domain': 'youtube.thumbnail', 'reason': 'videoNotFound', 'location': 'videoId', 'locationType': 'parameter'}]">; 31604)
[2026-08-19T00:08:49.570+0000] {local_task_job_runner.py:243} INFO - Task exited with return code 1
[2026-08-19T00:08:49.774+0000] {taskinstance.py:3503} INFO - 0 downstream tasks scheduled from follow-on schedule check
[2026-08-19T00:08:49.778+0000] {local_task_job_runner.py:222} INFO - ::endgroup::
