[2026-07-27T12:03:06.180+0000] {local_task_job_runner.py:120} INFO - ::group::Pre task execution logs
[2026-07-27T12:03:06.203+0000] {taskinstance.py:2076} INFO - Dependencies all met for dep_context=non-requeueable deps ti=<TaskInstance: youtube_english_video_pipeline.upload_long_video_1 scheduled__2026-07-26T12:00:00+00:00 [queued]>
[2026-07-27T12:03:06.210+0000] {taskinstance.py:2076} INFO - Dependencies all met for dep_context=requeueable deps ti=<TaskInstance: youtube_english_video_pipeline.upload_long_video_1 scheduled__2026-07-26T12:00:00+00:00 [queued]>
[2026-07-27T12:03:06.211+0000] {taskinstance.py:2306} INFO - Starting attempt 1 of 3
[2026-07-27T12:03:06.221+0000] {taskinstance.py:2330} INFO - Executing <Task(PythonOperator): upload_long_video_1> on 2026-07-26 12:00:00+00:00
[2026-07-27T12:03:06.226+0000] {standard_task_runner.py:64} INFO - Started process 95106 to run task
[2026-07-27T12:03:06.228+0000] {standard_task_runner.py:90} INFO - Running: ['airflow', 'tasks', 'run', 'youtube_english_video_pipeline', 'upload_long_video_1', 'scheduled__2026-07-26T12:00:00+00:00', '--job-id', '468', '--raw', '--subdir', 'DAGS_FOLDER/youtube_pipeline.py', '--cfg-path', '/tmp/tmpz288ou2f']
[2026-07-27T12:03:06.230+0000] {standard_task_runner.py:91} INFO - Job 468: Subtask upload_long_video_1
[2026-07-27T12:03:06.289+0000] {task_command.py:426} INFO - Running <TaskInstance: youtube_english_video_pipeline.upload_long_video_1 scheduled__2026-07-26T12:00:00+00:00 [running]> on host cc859d74cf38
[2026-07-27T12:03:06.456+0000] {taskinstance.py:2648} INFO - Exporting env vars: AIRFLOW_CTX_DAG_OWNER='taky' AIRFLOW_CTX_DAG_ID='youtube_english_video_pipeline' AIRFLOW_CTX_TASK_ID='upload_long_video_1' AIRFLOW_CTX_EXECUTION_DATE='2026-07-26T12:00:00+00:00' AIRFLOW_CTX_TRY_NUMBER='1' AIRFLOW_CTX_DAG_RUN_ID='scheduled__2026-07-26T12:00:00+00:00'
[2026-07-27T12:03:06.457+0000] {taskinstance.py:430} INFO - ::endgroup::
[2026-07-27T12:03:06.720+0000] {__init__.py:49} INFO - file_cache is only supported with oauth2client<4.0.0
[2026-07-27T12:03:06.727+0000] {logging_mixin.py:188} INFO - 2026-07-27 12:03:06,727 | INFO     | uploader.youtube_uploader | Uploading video '15 Daily English Expressions | Shopping English' (/opt/airflow/output/videos/long_969.mp4) to YouTube...
[2026-07-27T12:03:10.749+0000] {logging_mixin.py:188} INFO - 2026-07-27 12:03:10,749 | INFO     | uploader.youtube_uploader | Upload complete. YouTube video id = iUfRIg3Mqi8
[2026-07-27T12:03:14.518+0000] {logging_mixin.py:188} INFO - 2026-07-27 12:03:14,518 | INFO     | uploader.youtube_uploader | Custom thumbnail uploaded.
[2026-07-27T12:03:14.535+0000] {python.py:237} INFO - Done. Returned value was: iUfRIg3Mqi8
[2026-07-27T12:03:14.538+0000] {taskinstance.py:441} INFO - ::group::Post task execution logs
[2026-07-27T12:03:14.571+0000] {taskinstance.py:1206} INFO - Marking task as SUCCESS. dag_id=youtube_english_video_pipeline, task_id=upload_long_video_1, run_id=scheduled__2026-07-26T12:00:00+00:00, execution_date=20260726T120000, start_date=20260727T120306, end_date=20260727T120314
[2026-07-27T12:03:14.599+0000] {local_task_job_runner.py:243} INFO - Task exited with return code 0
[2026-07-27T12:03:14.720+0000] {taskinstance.py:3503} INFO - 1 downstream tasks scheduled from follow-on schedule check
[2026-07-27T12:03:14.723+0000] {local_task_job_runner.py:222} INFO - ::endgroup::
