[2026-07-23T13:43:13.879+0000] {local_task_job_runner.py:120} INFO - ::group::Pre task execution logs
[2026-07-23T13:43:13.931+0000] {taskinstance.py:2076} INFO - Dependencies all met for dep_context=non-requeueable deps ti=<TaskInstance: youtube_english_video_pipeline.upload_short_video manual__2026-07-23T13:42:52.577834+00:00 [queued]>
[2026-07-23T13:43:13.947+0000] {taskinstance.py:2076} INFO - Dependencies all met for dep_context=requeueable deps ti=<TaskInstance: youtube_english_video_pipeline.upload_short_video manual__2026-07-23T13:42:52.577834+00:00 [queued]>
[2026-07-23T13:43:13.948+0000] {taskinstance.py:2306} INFO - Starting attempt 1 of 3
[2026-07-23T13:43:13.962+0000] {taskinstance.py:2330} INFO - Executing <Task(PythonOperator): upload_short_video> on 2026-07-23 13:42:52.577834+00:00
[2026-07-23T13:43:13.969+0000] {standard_task_runner.py:64} INFO - Started process 1144 to run task
[2026-07-23T13:43:13.974+0000] {standard_task_runner.py:90} INFO - Running: ['airflow', 'tasks', 'run', 'youtube_english_video_pipeline', 'upload_short_video', 'manual__2026-07-23T13:42:52.577834+00:00', '--job-id', '75', '--raw', '--subdir', 'DAGS_FOLDER/youtube_pipeline.py', '--cfg-path', '/tmp/tmpchj5mp86']
[2026-07-23T13:43:13.978+0000] {standard_task_runner.py:91} INFO - Job 75: Subtask upload_short_video
[2026-07-23T13:43:14.084+0000] {task_command.py:426} INFO - Running <TaskInstance: youtube_english_video_pipeline.upload_short_video manual__2026-07-23T13:42:52.577834+00:00 [running]> on host 5b8f65250260
[2026-07-23T13:43:14.688+0000] {taskinstance.py:2648} INFO - Exporting env vars: AIRFLOW_CTX_DAG_OWNER='taky' AIRFLOW_CTX_DAG_ID='youtube_english_video_pipeline' AIRFLOW_CTX_TASK_ID='upload_short_video' AIRFLOW_CTX_EXECUTION_DATE='2026-07-23T13:42:52.577834+00:00' AIRFLOW_CTX_TRY_NUMBER='1' AIRFLOW_CTX_DAG_RUN_ID='manual__2026-07-23T13:42:52.577834+00:00'
[2026-07-23T13:43:14.689+0000] {taskinstance.py:430} INFO - ::endgroup::
[2026-07-23T13:43:15.155+0000] {__init__.py:49} INFO - file_cache is only supported with oauth2client<4.0.0
[2026-07-23T13:43:15.176+0000] {logging_mixin.py:188} INFO - 2026-07-23 13:43:15,176 | INFO     | uploader.youtube_uploader | Uploading video 'How to Ask for the Check in English! 🍽️ Restaurant English #Shorts' (/opt/airflow/output/videos/short_61.mp4) to YouTube...
[2026-07-23T13:43:18.445+0000] {logging_mixin.py:188} INFO - 2026-07-23 13:43:18,445 | INFO     | uploader.youtube_uploader | Upload complete. YouTube video id = gCdylfhisQE
[2026-07-23T13:43:18.457+0000] {python.py:237} INFO - Done. Returned value was: gCdylfhisQE
[2026-07-23T13:43:18.465+0000] {taskinstance.py:441} INFO - ::group::Post task execution logs
[2026-07-23T13:43:18.491+0000] {taskinstance.py:1206} INFO - Marking task as SUCCESS. dag_id=youtube_english_video_pipeline, task_id=upload_short_video, run_id=manual__2026-07-23T13:42:52.577834+00:00, execution_date=20260723T134252, start_date=20260723T134313, end_date=20260723T134318
[2026-07-23T13:43:18.527+0000] {local_task_job_runner.py:243} INFO - Task exited with return code 0
[2026-07-23T13:43:18.553+0000] {taskinstance.py:3503} INFO - 0 downstream tasks scheduled from follow-on schedule check
[2026-07-23T13:43:18.557+0000] {local_task_job_runner.py:222} INFO - ::endgroup::
