[2026-08-17T12:37:51.299+0000] {processor.py:161} INFO - Started process (PID=543) to work on /opt/airflow/dags/youtube_pipeline.py
[2026-08-17T12:37:51.300+0000] {processor.py:830} INFO - Processing file /opt/airflow/dags/youtube_pipeline.py for tasks to queue
[2026-08-17T12:37:51.302+0000] {logging_mixin.py:188} INFO - [2026-08-17T12:37:51.302+0000] {dagbag.py:545} INFO - Filling up the DagBag from /opt/airflow/dags/youtube_pipeline.py
[2026-08-17T12:37:51.364+0000] {processor.py:840} INFO - DAG(s) 'youtube_english_video_pipeline' retrieved from /opt/airflow/dags/youtube_pipeline.py
[2026-08-17T12:37:51.487+0000] {logging_mixin.py:188} INFO - [2026-08-17T12:37:51.487+0000] {dag.py:3089} INFO - Sync 1 DAGs
[2026-08-17T12:37:51.623+0000] {processor.py:183} INFO - Processing /opt/airflow/dags/youtube_pipeline.py took 0.339 seconds
[2026-08-17T12:38:21.732+0000] {processor.py:161} INFO - Started process (PID=578) to work on /opt/airflow/dags/youtube_pipeline.py
[2026-08-17T12:38:21.734+0000] {processor.py:830} INFO - Processing file /opt/airflow/dags/youtube_pipeline.py for tasks to queue
[2026-08-17T12:38:21.738+0000] {logging_mixin.py:188} INFO - [2026-08-17T12:38:21.738+0000] {dagbag.py:545} INFO - Filling up the DagBag from /opt/airflow/dags/youtube_pipeline.py
[2026-08-17T12:38:21.814+0000] {processor.py:840} INFO - DAG(s) 'youtube_english_video_pipeline' retrieved from /opt/airflow/dags/youtube_pipeline.py
[2026-08-17T12:38:21.866+0000] {logging_mixin.py:188} INFO - [2026-08-17T12:38:21.865+0000] {dag.py:3089} INFO - Sync 1 DAGs
[2026-08-17T12:38:21.909+0000] {processor.py:183} INFO - Processing /opt/airflow/dags/youtube_pipeline.py took 0.186 seconds
[2026-08-17T12:38:52.333+0000] {processor.py:161} INFO - Started process (PID=592) to work on /opt/airflow/dags/youtube_pipeline.py
[2026-08-17T12:38:52.337+0000] {processor.py:830} INFO - Processing file /opt/airflow/dags/youtube_pipeline.py for tasks to queue
[2026-08-17T12:38:52.342+0000] {logging_mixin.py:188} INFO - [2026-08-17T12:38:52.342+0000] {dagbag.py:545} INFO - Filling up the DagBag from /opt/airflow/dags/youtube_pipeline.py
[2026-08-17T12:38:52.462+0000] {processor.py:840} INFO - DAG(s) 'youtube_english_video_pipeline' retrieved from /opt/airflow/dags/youtube_pipeline.py
[2026-08-17T12:38:52.556+0000] {logging_mixin.py:188} INFO - [2026-08-17T12:38:52.555+0000] {dag.py:3089} INFO - Sync 1 DAGs
[2026-08-17T12:38:52.646+0000] {processor.py:183} INFO - Processing /opt/airflow/dags/youtube_pipeline.py took 0.327 seconds
[2026-08-17T12:39:23.017+0000] {processor.py:161} INFO - Started process (PID=853) to work on /opt/airflow/dags/youtube_pipeline.py
[2026-08-17T12:39:23.020+0000] {processor.py:830} INFO - Processing file /opt/airflow/dags/youtube_pipeline.py for tasks to queue
[2026-08-17T12:39:23.027+0000] {logging_mixin.py:188} INFO - [2026-08-17T12:39:23.026+0000] {dagbag.py:545} INFO - Filling up the DagBag from /opt/airflow/dags/youtube_pipeline.py
[2026-08-17T12:39:23.184+0000] {processor.py:840} INFO - DAG(s) 'youtube_english_video_pipeline' retrieved from /opt/airflow/dags/youtube_pipeline.py
[2026-08-17T12:39:23.260+0000] {logging_mixin.py:188} INFO - [2026-08-17T12:39:23.260+0000] {dag.py:3089} INFO - Sync 1 DAGs
[2026-08-17T12:39:23.588+0000] {processor.py:183} INFO - Processing /opt/airflow/dags/youtube_pipeline.py took 0.584 seconds
[2026-08-17T12:39:53.845+0000] {processor.py:161} INFO - Started process (PID=1164) to work on /opt/airflow/dags/youtube_pipeline.py
[2026-08-17T12:39:53.852+0000] {processor.py:830} INFO - Processing file /opt/airflow/dags/youtube_pipeline.py for tasks to queue
[2026-08-17T12:39:53.857+0000] {logging_mixin.py:188} INFO - [2026-08-17T12:39:53.856+0000] {dagbag.py:545} INFO - Filling up the DagBag from /opt/airflow/dags/youtube_pipeline.py
[2026-08-17T12:39:54.027+0000] {processor.py:840} INFO - DAG(s) 'youtube_english_video_pipeline' retrieved from /opt/airflow/dags/youtube_pipeline.py
[2026-08-17T12:39:54.121+0000] {logging_mixin.py:188} INFO - [2026-08-17T12:39:54.120+0000] {dag.py:3089} INFO - Sync 1 DAGs
[2026-08-17T12:39:54.478+0000] {processor.py:183} INFO - Processing /opt/airflow/dags/youtube_pipeline.py took 0.646 seconds
[2026-08-17T12:40:24.789+0000] {processor.py:161} INFO - Started process (PID=1774) to work on /opt/airflow/dags/youtube_pipeline.py
[2026-08-17T12:40:24.793+0000] {processor.py:830} INFO - Processing file /opt/airflow/dags/youtube_pipeline.py for tasks to queue
[2026-08-17T12:40:24.801+0000] {logging_mixin.py:188} INFO - [2026-08-17T12:40:24.799+0000] {dagbag.py:545} INFO - Filling up the DagBag from /opt/airflow/dags/youtube_pipeline.py
[2026-08-17T12:40:24.926+0000] {processor.py:840} INFO - DAG(s) 'youtube_english_video_pipeline' retrieved from /opt/airflow/dags/youtube_pipeline.py
[2026-08-17T12:40:25.172+0000] {logging_mixin.py:188} INFO - [2026-08-17T12:40:25.172+0000] {dag.py:3089} INFO - Sync 1 DAGs
[2026-08-17T12:40:25.230+0000] {processor.py:183} INFO - Processing /opt/airflow/dags/youtube_pipeline.py took 0.471 seconds
[2026-08-17T12:40:55.677+0000] {processor.py:161} INFO - Started process (PID=2405) to work on /opt/airflow/dags/youtube_pipeline.py
[2026-08-17T12:40:55.682+0000] {processor.py:830} INFO - Processing file /opt/airflow/dags/youtube_pipeline.py for tasks to queue
[2026-08-17T12:40:55.685+0000] {logging_mixin.py:188} INFO - [2026-08-17T12:40:55.685+0000] {dagbag.py:545} INFO - Filling up the DagBag from /opt/airflow/dags/youtube_pipeline.py
[2026-08-17T12:40:55.790+0000] {processor.py:840} INFO - DAG(s) 'youtube_english_video_pipeline' retrieved from /opt/airflow/dags/youtube_pipeline.py
[2026-08-17T12:40:55.848+0000] {logging_mixin.py:188} INFO - [2026-08-17T12:40:55.848+0000] {dag.py:3089} INFO - Sync 1 DAGs
[2026-08-17T12:40:55.906+0000] {processor.py:183} INFO - Processing /opt/airflow/dags/youtube_pipeline.py took 0.236 seconds
[2026-08-17T12:41:26.699+0000] {processor.py:161} INFO - Started process (PID=3142) to work on /opt/airflow/dags/youtube_pipeline.py
[2026-08-17T12:41:26.701+0000] {processor.py:830} INFO - Processing file /opt/airflow/dags/youtube_pipeline.py for tasks to queue
[2026-08-17T12:41:26.705+0000] {logging_mixin.py:188} INFO - [2026-08-17T12:41:26.704+0000] {dagbag.py:545} INFO - Filling up the DagBag from /opt/airflow/dags/youtube_pipeline.py
[2026-08-17T12:41:26.796+0000] {processor.py:840} INFO - DAG(s) 'youtube_english_video_pipeline' retrieved from /opt/airflow/dags/youtube_pipeline.py
[2026-08-17T12:41:26.843+0000] {logging_mixin.py:188} INFO - [2026-08-17T12:41:26.843+0000] {dag.py:3089} INFO - Sync 1 DAGs
[2026-08-17T12:41:26.899+0000] {processor.py:183} INFO - Processing /opt/airflow/dags/youtube_pipeline.py took 0.216 seconds
[2026-08-17T12:41:57.078+0000] {processor.py:161} INFO - Started process (PID=3902) to work on /opt/airflow/dags/youtube_pipeline.py
[2026-08-17T12:41:57.082+0000] {processor.py:830} INFO - Processing file /opt/airflow/dags/youtube_pipeline.py for tasks to queue
[2026-08-17T12:41:57.090+0000] {logging_mixin.py:188} INFO - [2026-08-17T12:41:57.089+0000] {dagbag.py:545} INFO - Filling up the DagBag from /opt/airflow/dags/youtube_pipeline.py
[2026-08-17T12:41:57.260+0000] {processor.py:840} INFO - DAG(s) 'youtube_english_video_pipeline' retrieved from /opt/airflow/dags/youtube_pipeline.py
[2026-08-17T12:41:57.331+0000] {logging_mixin.py:188} INFO - [2026-08-17T12:41:57.331+0000] {dag.py:3089} INFO - Sync 1 DAGs
[2026-08-17T12:41:57.400+0000] {processor.py:183} INFO - Processing /opt/airflow/dags/youtube_pipeline.py took 0.348 seconds
[2026-08-17T12:42:27.709+0000] {processor.py:161} INFO - Started process (PID=3986) to work on /opt/airflow/dags/youtube_pipeline.py
[2026-08-17T12:42:27.711+0000] {processor.py:830} INFO - Processing file /opt/airflow/dags/youtube_pipeline.py for tasks to queue
[2026-08-17T12:42:27.715+0000] {logging_mixin.py:188} INFO - [2026-08-17T12:42:27.714+0000] {dagbag.py:545} INFO - Filling up the DagBag from /opt/airflow/dags/youtube_pipeline.py
[2026-08-17T12:42:27.833+0000] {processor.py:840} INFO - DAG(s) 'youtube_english_video_pipeline' retrieved from /opt/airflow/dags/youtube_pipeline.py
[2026-08-17T12:42:27.915+0000] {logging_mixin.py:188} INFO - [2026-08-17T12:42:27.914+0000] {dag.py:3089} INFO - Sync 1 DAGs
[2026-08-17T12:42:27.997+0000] {processor.py:183} INFO - Processing /opt/airflow/dags/youtube_pipeline.py took 0.303 seconds
[2026-08-17T12:42:58.520+0000] {processor.py:161} INFO - Started process (PID=4017) to work on /opt/airflow/dags/youtube_pipeline.py
[2026-08-17T12:42:58.523+0000] {processor.py:830} INFO - Processing file /opt/airflow/dags/youtube_pipeline.py for tasks to queue
[2026-08-17T12:42:58.528+0000] {logging_mixin.py:188} INFO - [2026-08-17T12:42:58.527+0000] {dagbag.py:545} INFO - Filling up the DagBag from /opt/airflow/dags/youtube_pipeline.py
[2026-08-17T12:42:58.628+0000] {processor.py:840} INFO - DAG(s) 'youtube_english_video_pipeline' retrieved from /opt/airflow/dags/youtube_pipeline.py
[2026-08-17T12:42:58.683+0000] {logging_mixin.py:188} INFO - [2026-08-17T12:42:58.683+0000] {dag.py:3089} INFO - Sync 1 DAGs
[2026-08-17T12:42:58.748+0000] {processor.py:183} INFO - Processing /opt/airflow/dags/youtube_pipeline.py took 0.241 seconds
[2026-08-17T12:43:29.046+0000] {processor.py:161} INFO - Started process (PID=4277) to work on /opt/airflow/dags/youtube_pipeline.py
[2026-08-17T12:43:29.050+0000] {processor.py:830} INFO - Processing file /opt/airflow/dags/youtube_pipeline.py for tasks to queue
[2026-08-17T12:43:29.054+0000] {logging_mixin.py:188} INFO - [2026-08-17T12:43:29.054+0000] {dagbag.py:545} INFO - Filling up the DagBag from /opt/airflow/dags/youtube_pipeline.py
[2026-08-17T12:43:29.178+0000] {processor.py:840} INFO - DAG(s) 'youtube_english_video_pipeline' retrieved from /opt/airflow/dags/youtube_pipeline.py
[2026-08-17T12:43:29.259+0000] {logging_mixin.py:188} INFO - [2026-08-17T12:43:29.259+0000] {dag.py:3089} INFO - Sync 1 DAGs
[2026-08-17T12:43:29.349+0000] {processor.py:183} INFO - Processing /opt/airflow/dags/youtube_pipeline.py took 0.318 seconds
[2026-08-17T12:43:59.847+0000] {processor.py:161} INFO - Started process (PID=4763) to work on /opt/airflow/dags/youtube_pipeline.py
[2026-08-17T12:43:59.851+0000] {processor.py:830} INFO - Processing file /opt/airflow/dags/youtube_pipeline.py for tasks to queue
[2026-08-17T12:43:59.855+0000] {logging_mixin.py:188} INFO - [2026-08-17T12:43:59.854+0000] {dagbag.py:545} INFO - Filling up the DagBag from /opt/airflow/dags/youtube_pipeline.py
[2026-08-17T12:44:00.025+0000] {processor.py:840} INFO - DAG(s) 'youtube_english_video_pipeline' retrieved from /opt/airflow/dags/youtube_pipeline.py
[2026-08-17T12:44:00.104+0000] {logging_mixin.py:188} INFO - [2026-08-17T12:44:00.103+0000] {dag.py:3089} INFO - Sync 1 DAGs
[2026-08-17T12:44:00.197+0000] {processor.py:183} INFO - Processing /opt/airflow/dags/youtube_pipeline.py took 0.368 seconds
[2026-08-17T12:44:31.058+0000] {processor.py:161} INFO - Started process (PID=5348) to work on /opt/airflow/dags/youtube_pipeline.py
[2026-08-17T12:44:31.066+0000] {processor.py:830} INFO - Processing file /opt/airflow/dags/youtube_pipeline.py for tasks to queue
[2026-08-17T12:44:31.075+0000] {logging_mixin.py:188} INFO - [2026-08-17T12:44:31.075+0000] {dagbag.py:545} INFO - Filling up the DagBag from /opt/airflow/dags/youtube_pipeline.py
[2026-08-17T12:44:31.392+0000] {processor.py:840} INFO - DAG(s) 'youtube_english_video_pipeline' retrieved from /opt/airflow/dags/youtube_pipeline.py
[2026-08-17T12:44:31.454+0000] {logging_mixin.py:188} INFO - [2026-08-17T12:44:31.454+0000] {dag.py:3089} INFO - Sync 1 DAGs
[2026-08-17T12:44:31.525+0000] {processor.py:183} INFO - Processing /opt/airflow/dags/youtube_pipeline.py took 0.489 seconds
[2026-08-17T12:45:01.967+0000] {processor.py:161} INFO - Started process (PID=5957) to work on /opt/airflow/dags/youtube_pipeline.py
[2026-08-17T12:45:01.974+0000] {processor.py:830} INFO - Processing file /opt/airflow/dags/youtube_pipeline.py for tasks to queue
[2026-08-17T12:45:01.980+0000] {logging_mixin.py:188} INFO - [2026-08-17T12:45:01.979+0000] {dagbag.py:545} INFO - Filling up the DagBag from /opt/airflow/dags/youtube_pipeline.py
[2026-08-17T12:45:02.222+0000] {processor.py:840} INFO - DAG(s) 'youtube_english_video_pipeline' retrieved from /opt/airflow/dags/youtube_pipeline.py
[2026-08-17T12:45:02.311+0000] {logging_mixin.py:188} INFO - [2026-08-17T12:45:02.311+0000] {dag.py:3089} INFO - Sync 1 DAGs
[2026-08-17T12:45:02.404+0000] {processor.py:183} INFO - Processing /opt/airflow/dags/youtube_pipeline.py took 0.453 seconds
[2026-08-17T12:45:33.019+0000] {processor.py:161} INFO - Started process (PID=6566) to work on /opt/airflow/dags/youtube_pipeline.py
[2026-08-17T12:45:33.022+0000] {processor.py:830} INFO - Processing file /opt/airflow/dags/youtube_pipeline.py for tasks to queue
[2026-08-17T12:45:33.025+0000] {logging_mixin.py:188} INFO - [2026-08-17T12:45:33.025+0000] {dagbag.py:545} INFO - Filling up the DagBag from /opt/airflow/dags/youtube_pipeline.py
[2026-08-17T12:45:33.119+0000] {processor.py:840} INFO - DAG(s) 'youtube_english_video_pipeline' retrieved from /opt/airflow/dags/youtube_pipeline.py
[2026-08-17T12:45:33.171+0000] {logging_mixin.py:188} INFO - [2026-08-17T12:45:33.171+0000] {dag.py:3089} INFO - Sync 1 DAGs
[2026-08-17T12:45:33.223+0000] {processor.py:183} INFO - Processing /opt/airflow/dags/youtube_pipeline.py took 0.214 seconds
[2026-08-17T12:46:03.377+0000] {processor.py:161} INFO - Started process (PID=7326) to work on /opt/airflow/dags/youtube_pipeline.py
[2026-08-17T12:46:03.379+0000] {processor.py:830} INFO - Processing file /opt/airflow/dags/youtube_pipeline.py for tasks to queue
[2026-08-17T12:46:03.383+0000] {logging_mixin.py:188} INFO - [2026-08-17T12:46:03.383+0000] {dagbag.py:545} INFO - Filling up the DagBag from /opt/airflow/dags/youtube_pipeline.py
[2026-08-17T12:46:03.465+0000] {processor.py:840} INFO - DAG(s) 'youtube_english_video_pipeline' retrieved from /opt/airflow/dags/youtube_pipeline.py
[2026-08-17T12:46:03.540+0000] {logging_mixin.py:188} INFO - [2026-08-17T12:46:03.540+0000] {dag.py:3089} INFO - Sync 1 DAGs
[2026-08-17T12:46:03.616+0000] {processor.py:183} INFO - Processing /opt/airflow/dags/youtube_pipeline.py took 0.255 seconds
[2026-08-17T12:46:34.153+0000] {processor.py:161} INFO - Started process (PID=7410) to work on /opt/airflow/dags/youtube_pipeline.py
[2026-08-17T12:46:34.158+0000] {processor.py:830} INFO - Processing file /opt/airflow/dags/youtube_pipeline.py for tasks to queue
[2026-08-17T12:46:34.164+0000] {logging_mixin.py:188} INFO - [2026-08-17T12:46:34.164+0000] {dagbag.py:545} INFO - Filling up the DagBag from /opt/airflow/dags/youtube_pipeline.py
[2026-08-17T12:46:34.341+0000] {processor.py:840} INFO - DAG(s) 'youtube_english_video_pipeline' retrieved from /opt/airflow/dags/youtube_pipeline.py
[2026-08-17T12:46:34.424+0000] {logging_mixin.py:188} INFO - [2026-08-17T12:46:34.424+0000] {dag.py:3089} INFO - Sync 1 DAGs
[2026-08-17T12:46:34.511+0000] {processor.py:183} INFO - Processing /opt/airflow/dags/youtube_pipeline.py took 0.381 seconds
[2026-08-17T12:47:04.771+0000] {processor.py:161} INFO - Started process (PID=7461) to work on /opt/airflow/dags/youtube_pipeline.py
[2026-08-17T12:47:04.774+0000] {processor.py:830} INFO - Processing file /opt/airflow/dags/youtube_pipeline.py for tasks to queue
[2026-08-17T12:47:04.777+0000] {logging_mixin.py:188} INFO - [2026-08-17T12:47:04.777+0000] {dagbag.py:545} INFO - Filling up the DagBag from /opt/airflow/dags/youtube_pipeline.py
[2026-08-17T12:47:04.906+0000] {processor.py:840} INFO - DAG(s) 'youtube_english_video_pipeline' retrieved from /opt/airflow/dags/youtube_pipeline.py
[2026-08-17T12:47:04.966+0000] {logging_mixin.py:188} INFO - [2026-08-17T12:47:04.965+0000] {dag.py:3089} INFO - Sync 1 DAGs
[2026-08-17T12:47:05.025+0000] {processor.py:183} INFO - Processing /opt/airflow/dags/youtube_pipeline.py took 0.264 seconds
[2026-08-17T12:47:35.927+0000] {processor.py:161} INFO - Started process (PID=7472) to work on /opt/airflow/dags/youtube_pipeline.py
[2026-08-17T12:47:35.933+0000] {processor.py:830} INFO - Processing file /opt/airflow/dags/youtube_pipeline.py for tasks to queue
[2026-08-17T12:47:35.942+0000] {logging_mixin.py:188} INFO - [2026-08-17T12:47:35.941+0000] {dagbag.py:545} INFO - Filling up the DagBag from /opt/airflow/dags/youtube_pipeline.py
[2026-08-17T12:47:36.122+0000] {processor.py:840} INFO - DAG(s) 'youtube_english_video_pipeline' retrieved from /opt/airflow/dags/youtube_pipeline.py
[2026-08-17T12:47:36.188+0000] {logging_mixin.py:188} INFO - [2026-08-17T12:47:36.187+0000] {dag.py:3089} INFO - Sync 1 DAGs
[2026-08-17T12:47:36.286+0000] {processor.py:183} INFO - Processing /opt/airflow/dags/youtube_pipeline.py took 0.374 seconds
[2026-08-17T12:48:07.447+0000] {processor.py:161} INFO - Started process (PID=7491) to work on /opt/airflow/dags/youtube_pipeline.py
[2026-08-17T12:48:07.452+0000] {processor.py:830} INFO - Processing file /opt/airflow/dags/youtube_pipeline.py for tasks to queue
[2026-08-17T12:48:07.458+0000] {logging_mixin.py:188} INFO - [2026-08-17T12:48:07.457+0000] {dagbag.py:545} INFO - Filling up the DagBag from /opt/airflow/dags/youtube_pipeline.py
[2026-08-17T12:48:07.566+0000] {processor.py:840} INFO - DAG(s) 'youtube_english_video_pipeline' retrieved from /opt/airflow/dags/youtube_pipeline.py
[2026-08-17T12:48:07.617+0000] {logging_mixin.py:188} INFO - [2026-08-17T12:48:07.617+0000] {dag.py:3089} INFO - Sync 1 DAGs
[2026-08-17T12:48:07.676+0000] {processor.py:183} INFO - Processing /opt/airflow/dags/youtube_pipeline.py took 0.242 seconds
[2026-08-17T12:48:37.936+0000] {processor.py:161} INFO - Started process (PID=7905) to work on /opt/airflow/dags/youtube_pipeline.py
[2026-08-17T12:48:37.940+0000] {processor.py:830} INFO - Processing file /opt/airflow/dags/youtube_pipeline.py for tasks to queue
[2026-08-17T12:48:37.948+0000] {logging_mixin.py:188} INFO - [2026-08-17T12:48:37.947+0000] {dagbag.py:545} INFO - Filling up the DagBag from /opt/airflow/dags/youtube_pipeline.py
[2026-08-17T12:48:38.132+0000] {processor.py:840} INFO - DAG(s) 'youtube_english_video_pipeline' retrieved from /opt/airflow/dags/youtube_pipeline.py
[2026-08-17T12:48:38.201+0000] {logging_mixin.py:188} INFO - [2026-08-17T12:48:38.200+0000] {dag.py:3089} INFO - Sync 1 DAGs
[2026-08-17T12:48:38.263+0000] {processor.py:183} INFO - Processing /opt/airflow/dags/youtube_pipeline.py took 0.345 seconds
[2026-08-17T12:49:08.414+0000] {processor.py:161} INFO - Started process (PID=8661) to work on /opt/airflow/dags/youtube_pipeline.py
[2026-08-17T12:49:08.417+0000] {processor.py:830} INFO - Processing file /opt/airflow/dags/youtube_pipeline.py for tasks to queue
[2026-08-17T12:49:08.420+0000] {logging_mixin.py:188} INFO - [2026-08-17T12:49:08.420+0000] {dagbag.py:545} INFO - Filling up the DagBag from /opt/airflow/dags/youtube_pipeline.py
[2026-08-17T12:49:08.488+0000] {processor.py:840} INFO - DAG(s) 'youtube_english_video_pipeline' retrieved from /opt/airflow/dags/youtube_pipeline.py
[2026-08-17T12:49:08.537+0000] {logging_mixin.py:188} INFO - [2026-08-17T12:49:08.537+0000] {dag.py:3089} INFO - Sync 1 DAGs
[2026-08-17T12:49:08.594+0000] {processor.py:183} INFO - Processing /opt/airflow/dags/youtube_pipeline.py took 0.190 seconds
[2026-08-17T12:49:38.997+0000] {processor.py:161} INFO - Started process (PID=9421) to work on /opt/airflow/dags/youtube_pipeline.py
[2026-08-17T12:49:39.002+0000] {processor.py:830} INFO - Processing file /opt/airflow/dags/youtube_pipeline.py for tasks to queue
[2026-08-17T12:49:39.006+0000] {logging_mixin.py:188} INFO - [2026-08-17T12:49:39.005+0000] {dagbag.py:545} INFO - Filling up the DagBag from /opt/airflow/dags/youtube_pipeline.py
[2026-08-17T12:49:39.142+0000] {processor.py:840} INFO - DAG(s) 'youtube_english_video_pipeline' retrieved from /opt/airflow/dags/youtube_pipeline.py
[2026-08-17T12:49:39.206+0000] {logging_mixin.py:188} INFO - [2026-08-17T12:49:39.205+0000] {dag.py:3089} INFO - Sync 1 DAGs
[2026-08-17T12:49:39.263+0000] {processor.py:183} INFO - Processing /opt/airflow/dags/youtube_pipeline.py took 0.277 seconds
[2026-08-17T12:50:09.450+0000] {processor.py:161} INFO - Started process (PID=10030) to work on /opt/airflow/dags/youtube_pipeline.py
[2026-08-17T12:50:09.451+0000] {processor.py:830} INFO - Processing file /opt/airflow/dags/youtube_pipeline.py for tasks to queue
[2026-08-17T12:50:09.455+0000] {logging_mixin.py:188} INFO - [2026-08-17T12:50:09.454+0000] {dagbag.py:545} INFO - Filling up the DagBag from /opt/airflow/dags/youtube_pipeline.py
[2026-08-17T12:50:09.545+0000] {processor.py:840} INFO - DAG(s) 'youtube_english_video_pipeline' retrieved from /opt/airflow/dags/youtube_pipeline.py
[2026-08-17T12:50:09.607+0000] {logging_mixin.py:188} INFO - [2026-08-17T12:50:09.607+0000] {dag.py:3089} INFO - Sync 1 DAGs
[2026-08-17T12:50:09.668+0000] {processor.py:183} INFO - Processing /opt/airflow/dags/youtube_pipeline.py took 0.229 seconds
[2026-08-17T12:50:40.067+0000] {processor.py:161} INFO - Started process (PID=10790) to work on /opt/airflow/dags/youtube_pipeline.py
[2026-08-17T12:50:40.069+0000] {processor.py:830} INFO - Processing file /opt/airflow/dags/youtube_pipeline.py for tasks to queue
[2026-08-17T12:50:40.072+0000] {logging_mixin.py:188} INFO - [2026-08-17T12:50:40.072+0000] {dagbag.py:545} INFO - Filling up the DagBag from /opt/airflow/dags/youtube_pipeline.py
[2026-08-17T12:50:40.149+0000] {processor.py:840} INFO - DAG(s) 'youtube_english_video_pipeline' retrieved from /opt/airflow/dags/youtube_pipeline.py
[2026-08-17T12:50:40.218+0000] {logging_mixin.py:188} INFO - [2026-08-17T12:50:40.217+0000] {dag.py:3089} INFO - Sync 1 DAGs
[2026-08-17T12:50:40.274+0000] {processor.py:183} INFO - Processing /opt/airflow/dags/youtube_pipeline.py took 0.216 seconds
[2026-08-17T12:51:10.891+0000] {processor.py:161} INFO - Started process (PID=10874) to work on /opt/airflow/dags/youtube_pipeline.py
[2026-08-17T12:51:10.898+0000] {processor.py:830} INFO - Processing file /opt/airflow/dags/youtube_pipeline.py for tasks to queue
[2026-08-17T12:51:10.904+0000] {logging_mixin.py:188} INFO - [2026-08-17T12:51:10.903+0000] {dagbag.py:545} INFO - Filling up the DagBag from /opt/airflow/dags/youtube_pipeline.py
[2026-08-17T12:51:11.125+0000] {processor.py:840} INFO - DAG(s) 'youtube_english_video_pipeline' retrieved from /opt/airflow/dags/youtube_pipeline.py
[2026-08-17T12:51:11.216+0000] {logging_mixin.py:188} INFO - [2026-08-17T12:51:11.215+0000] {dag.py:3089} INFO - Sync 1 DAGs
[2026-08-17T12:51:11.301+0000] {processor.py:183} INFO - Processing /opt/airflow/dags/youtube_pipeline.py took 0.427 seconds
[2026-08-17T12:51:41.886+0000] {processor.py:161} INFO - Started process (PID=10905) to work on /opt/airflow/dags/youtube_pipeline.py
[2026-08-17T12:51:41.889+0000] {processor.py:830} INFO - Processing file /opt/airflow/dags/youtube_pipeline.py for tasks to queue
[2026-08-17T12:51:41.895+0000] {logging_mixin.py:188} INFO - [2026-08-17T12:51:41.894+0000] {dagbag.py:545} INFO - Filling up the DagBag from /opt/airflow/dags/youtube_pipeline.py
[2026-08-17T12:51:42.020+0000] {processor.py:840} INFO - DAG(s) 'youtube_english_video_pipeline' retrieved from /opt/airflow/dags/youtube_pipeline.py
[2026-08-17T12:51:42.117+0000] {logging_mixin.py:188} INFO - [2026-08-17T12:51:42.116+0000] {dag.py:3089} INFO - Sync 1 DAGs
[2026-08-17T12:51:42.212+0000] {processor.py:183} INFO - Processing /opt/airflow/dags/youtube_pipeline.py took 0.344 seconds
[2026-08-17T12:52:12.461+0000] {processor.py:161} INFO - Started process (PID=11168) to work on /opt/airflow/dags/youtube_pipeline.py
[2026-08-17T12:52:12.465+0000] {processor.py:830} INFO - Processing file /opt/airflow/dags/youtube_pipeline.py for tasks to queue
[2026-08-17T12:52:12.471+0000] {logging_mixin.py:188} INFO - [2026-08-17T12:52:12.470+0000] {dagbag.py:545} INFO - Filling up the DagBag from /opt/airflow/dags/youtube_pipeline.py
[2026-08-17T12:52:12.702+0000] {processor.py:840} INFO - DAG(s) 'youtube_english_video_pipeline' retrieved from /opt/airflow/dags/youtube_pipeline.py
[2026-08-17T12:52:12.791+0000] {logging_mixin.py:188} INFO - [2026-08-17T12:52:12.790+0000] {dag.py:3089} INFO - Sync 1 DAGs
[2026-08-17T12:52:12.882+0000] {processor.py:183} INFO - Processing /opt/airflow/dags/youtube_pipeline.py took 0.440 seconds
[2026-08-17T12:52:43.443+0000] {processor.py:161} INFO - Started process (PID=11479) to work on /opt/airflow/dags/youtube_pipeline.py
[2026-08-17T12:52:43.445+0000] {processor.py:830} INFO - Processing file /opt/airflow/dags/youtube_pipeline.py for tasks to queue
[2026-08-17T12:52:43.451+0000] {logging_mixin.py:188} INFO - [2026-08-17T12:52:43.450+0000] {dagbag.py:545} INFO - Filling up the DagBag from /opt/airflow/dags/youtube_pipeline.py
[2026-08-17T12:52:43.637+0000] {processor.py:840} INFO - DAG(s) 'youtube_english_video_pipeline' retrieved from /opt/airflow/dags/youtube_pipeline.py
[2026-08-17T12:52:43.704+0000] {logging_mixin.py:188} INFO - [2026-08-17T12:52:43.704+0000] {dag.py:3089} INFO - Sync 1 DAGs
[2026-08-17T12:52:43.767+0000] {processor.py:183} INFO - Processing /opt/airflow/dags/youtube_pipeline.py took 0.341 seconds
[2026-08-17T12:53:14.496+0000] {processor.py:161} INFO - Started process (PID=12239) to work on /opt/airflow/dags/youtube_pipeline.py
[2026-08-17T12:53:14.503+0000] {processor.py:830} INFO - Processing file /opt/airflow/dags/youtube_pipeline.py for tasks to queue
[2026-08-17T12:53:14.508+0000] {logging_mixin.py:188} INFO - [2026-08-17T12:53:14.508+0000] {dagbag.py:545} INFO - Filling up the DagBag from /opt/airflow/dags/youtube_pipeline.py
[2026-08-17T12:53:14.705+0000] {processor.py:840} INFO - DAG(s) 'youtube_english_video_pipeline' retrieved from /opt/airflow/dags/youtube_pipeline.py
[2026-08-17T12:53:14.801+0000] {logging_mixin.py:188} INFO - [2026-08-17T12:53:14.801+0000] {dag.py:3089} INFO - Sync 1 DAGs
[2026-08-17T12:53:14.882+0000] {processor.py:183} INFO - Processing /opt/airflow/dags/youtube_pipeline.py took 0.407 seconds
[2026-08-17T12:53:45.446+0000] {processor.py:161} INFO - Started process (PID=12847) to work on /opt/airflow/dags/youtube_pipeline.py
[2026-08-17T12:53:45.448+0000] {processor.py:830} INFO - Processing file /opt/airflow/dags/youtube_pipeline.py for tasks to queue
[2026-08-17T12:53:45.455+0000] {logging_mixin.py:188} INFO - [2026-08-17T12:53:45.454+0000] {dagbag.py:545} INFO - Filling up the DagBag from /opt/airflow/dags/youtube_pipeline.py
[2026-08-17T12:53:45.542+0000] {processor.py:840} INFO - DAG(s) 'youtube_english_video_pipeline' retrieved from /opt/airflow/dags/youtube_pipeline.py
[2026-08-17T12:53:45.616+0000] {logging_mixin.py:188} INFO - [2026-08-17T12:53:45.615+0000] {dag.py:3089} INFO - Sync 1 DAGs
[2026-08-17T12:53:45.678+0000] {processor.py:183} INFO - Processing /opt/airflow/dags/youtube_pipeline.py took 0.241 seconds
[2026-08-17T12:54:15.920+0000] {processor.py:161} INFO - Started process (PID=13461) to work on /opt/airflow/dags/youtube_pipeline.py
[2026-08-17T12:54:15.923+0000] {processor.py:830} INFO - Processing file /opt/airflow/dags/youtube_pipeline.py for tasks to queue
[2026-08-17T12:54:15.929+0000] {logging_mixin.py:188} INFO - [2026-08-17T12:54:15.928+0000] {dagbag.py:545} INFO - Filling up the DagBag from /opt/airflow/dags/youtube_pipeline.py
[2026-08-17T12:54:16.090+0000] {processor.py:840} INFO - DAG(s) 'youtube_english_video_pipeline' retrieved from /opt/airflow/dags/youtube_pipeline.py
[2026-08-17T12:54:16.147+0000] {logging_mixin.py:188} INFO - [2026-08-17T12:54:16.147+0000] {dag.py:3089} INFO - Sync 1 DAGs
[2026-08-17T12:54:16.198+0000] {processor.py:183} INFO - Processing /opt/airflow/dags/youtube_pipeline.py took 0.295 seconds
[2026-08-17T12:54:46.637+0000] {processor.py:161} INFO - Started process (PID=14216) to work on /opt/airflow/dags/youtube_pipeline.py
[2026-08-17T12:54:46.640+0000] {processor.py:830} INFO - Processing file /opt/airflow/dags/youtube_pipeline.py for tasks to queue
[2026-08-17T12:54:46.645+0000] {logging_mixin.py:188} INFO - [2026-08-17T12:54:46.644+0000] {dagbag.py:545} INFO - Filling up the DagBag from /opt/airflow/dags/youtube_pipeline.py
[2026-08-17T12:54:46.773+0000] {processor.py:840} INFO - DAG(s) 'youtube_english_video_pipeline' retrieved from /opt/airflow/dags/youtube_pipeline.py
[2026-08-17T12:54:46.839+0000] {logging_mixin.py:188} INFO - [2026-08-17T12:54:46.839+0000] {dag.py:3089} INFO - Sync 1 DAGs
[2026-08-17T12:54:46.902+0000] {processor.py:183} INFO - Processing /opt/airflow/dags/youtube_pipeline.py took 0.275 seconds
[2026-08-17T12:55:17.121+0000] {processor.py:161} INFO - Started process (PID=14300) to work on /opt/airflow/dags/youtube_pipeline.py
[2026-08-17T12:55:17.123+0000] {processor.py:830} INFO - Processing file /opt/airflow/dags/youtube_pipeline.py for tasks to queue
[2026-08-17T12:55:17.128+0000] {logging_mixin.py:188} INFO - [2026-08-17T12:55:17.127+0000] {dagbag.py:545} INFO - Filling up the DagBag from /opt/airflow/dags/youtube_pipeline.py
[2026-08-17T12:55:17.268+0000] {processor.py:840} INFO - DAG(s) 'youtube_english_video_pipeline' retrieved from /opt/airflow/dags/youtube_pipeline.py
[2026-08-17T12:55:17.361+0000] {logging_mixin.py:188} INFO - [2026-08-17T12:55:17.361+0000] {dag.py:3089} INFO - Sync 1 DAGs
[2026-08-17T12:55:17.452+0000] {processor.py:183} INFO - Processing /opt/airflow/dags/youtube_pipeline.py took 0.348 seconds
[2026-08-17T12:55:47.744+0000] {processor.py:161} INFO - Started process (PID=14331) to work on /opt/airflow/dags/youtube_pipeline.py
[2026-08-17T12:55:47.745+0000] {processor.py:830} INFO - Processing file /opt/airflow/dags/youtube_pipeline.py for tasks to queue
[2026-08-17T12:55:47.749+0000] {logging_mixin.py:188} INFO - [2026-08-17T12:55:47.748+0000] {dagbag.py:545} INFO - Filling up the DagBag from /opt/airflow/dags/youtube_pipeline.py
[2026-08-17T12:55:47.817+0000] {processor.py:840} INFO - DAG(s) 'youtube_english_video_pipeline' retrieved from /opt/airflow/dags/youtube_pipeline.py
[2026-08-17T12:55:47.881+0000] {logging_mixin.py:188} INFO - [2026-08-17T12:55:47.880+0000] {dag.py:3089} INFO - Sync 1 DAGs
[2026-08-17T12:55:47.937+0000] {processor.py:183} INFO - Processing /opt/airflow/dags/youtube_pipeline.py took 0.203 seconds
[2026-08-17T12:56:18.355+0000] {processor.py:161} INFO - Started process (PID=14372) to work on /opt/airflow/dags/youtube_pipeline.py
[2026-08-17T12:56:18.357+0000] {processor.py:830} INFO - Processing file /opt/airflow/dags/youtube_pipeline.py for tasks to queue
[2026-08-17T12:56:18.360+0000] {logging_mixin.py:188} INFO - [2026-08-17T12:56:18.360+0000] {dagbag.py:545} INFO - Filling up the DagBag from /opt/airflow/dags/youtube_pipeline.py
[2026-08-17T12:56:18.442+0000] {processor.py:840} INFO - DAG(s) 'youtube_english_video_pipeline' retrieved from /opt/airflow/dags/youtube_pipeline.py
[2026-08-17T12:56:18.510+0000] {logging_mixin.py:188} INFO - [2026-08-17T12:56:18.509+0000] {dag.py:3089} INFO - Sync 1 DAGs
[2026-08-17T12:56:18.584+0000] {processor.py:183} INFO - Processing /opt/airflow/dags/youtube_pipeline.py took 0.240 seconds
[2026-08-17T12:56:48.753+0000] {processor.py:161} INFO - Started process (PID=14639) to work on /opt/airflow/dags/youtube_pipeline.py
[2026-08-17T12:56:48.755+0000] {processor.py:830} INFO - Processing file /opt/airflow/dags/youtube_pipeline.py for tasks to queue
[2026-08-17T12:56:48.760+0000] {logging_mixin.py:188} INFO - [2026-08-17T12:56:48.759+0000] {dagbag.py:545} INFO - Filling up the DagBag from /opt/airflow/dags/youtube_pipeline.py
[2026-08-17T12:56:48.828+0000] {processor.py:840} INFO - DAG(s) 'youtube_english_video_pipeline' retrieved from /opt/airflow/dags/youtube_pipeline.py
[2026-08-17T12:56:48.898+0000] {logging_mixin.py:188} INFO - [2026-08-17T12:56:48.898+0000] {dag.py:3089} INFO - Sync 1 DAGs
[2026-08-17T12:56:48.955+0000] {processor.py:183} INFO - Processing /opt/airflow/dags/youtube_pipeline.py took 0.218 seconds
[2026-08-17T12:57:19.439+0000] {processor.py:161} INFO - Started process (PID=15400) to work on /opt/airflow/dags/youtube_pipeline.py
[2026-08-17T12:57:19.442+0000] {processor.py:830} INFO - Processing file /opt/airflow/dags/youtube_pipeline.py for tasks to queue
[2026-08-17T12:57:19.447+0000] {logging_mixin.py:188} INFO - [2026-08-17T12:57:19.446+0000] {dagbag.py:545} INFO - Filling up the DagBag from /opt/airflow/dags/youtube_pipeline.py
[2026-08-17T12:57:19.529+0000] {processor.py:840} INFO - DAG(s) 'youtube_english_video_pipeline' retrieved from /opt/airflow/dags/youtube_pipeline.py
[2026-08-17T12:57:19.598+0000] {logging_mixin.py:188} INFO - [2026-08-17T12:57:19.597+0000] {dag.py:3089} INFO - Sync 1 DAGs
[2026-08-17T12:57:19.677+0000] {processor.py:183} INFO - Processing /opt/airflow/dags/youtube_pipeline.py took 0.254 seconds
[2026-08-17T12:57:49.905+0000] {processor.py:161} INFO - Started process (PID=16159) to work on /opt/airflow/dags/youtube_pipeline.py
[2026-08-17T12:57:49.911+0000] {processor.py:830} INFO - Processing file /opt/airflow/dags/youtube_pipeline.py for tasks to queue
[2026-08-17T12:57:49.916+0000] {logging_mixin.py:188} INFO - [2026-08-17T12:57:49.915+0000] {dagbag.py:545} INFO - Filling up the DagBag from /opt/airflow/dags/youtube_pipeline.py
[2026-08-17T12:57:50.071+0000] {processor.py:840} INFO - DAG(s) 'youtube_english_video_pipeline' retrieved from /opt/airflow/dags/youtube_pipeline.py
[2026-08-17T12:57:50.146+0000] {logging_mixin.py:188} INFO - [2026-08-17T12:57:50.146+0000] {dag.py:3089} INFO - Sync 1 DAGs
[2026-08-17T12:57:50.229+0000] {processor.py:183} INFO - Processing /opt/airflow/dags/youtube_pipeline.py took 0.336 seconds
[2026-08-17T12:58:21.106+0000] {processor.py:161} INFO - Started process (PID=16792) to work on /opt/airflow/dags/youtube_pipeline.py
[2026-08-17T12:58:21.108+0000] {processor.py:830} INFO - Processing file /opt/airflow/dags/youtube_pipeline.py for tasks to queue
[2026-08-17T12:58:21.113+0000] {logging_mixin.py:188} INFO - [2026-08-17T12:58:21.112+0000] {dagbag.py:545} INFO - Filling up the DagBag from /opt/airflow/dags/youtube_pipeline.py
[2026-08-17T12:58:21.267+0000] {processor.py:840} INFO - DAG(s) 'youtube_english_video_pipeline' retrieved from /opt/airflow/dags/youtube_pipeline.py
[2026-08-17T12:58:21.334+0000] {logging_mixin.py:188} INFO - [2026-08-17T12:58:21.333+0000] {dag.py:3089} INFO - Sync 1 DAGs
[2026-08-17T12:58:21.391+0000] {processor.py:183} INFO - Processing /opt/airflow/dags/youtube_pipeline.py took 0.294 seconds
[2026-08-17T12:58:51.508+0000] {processor.py:161} INFO - Started process (PID=17551) to work on /opt/airflow/dags/youtube_pipeline.py
[2026-08-17T12:58:51.510+0000] {processor.py:830} INFO - Processing file /opt/airflow/dags/youtube_pipeline.py for tasks to queue
[2026-08-17T12:58:51.514+0000] {logging_mixin.py:188} INFO - [2026-08-17T12:58:51.513+0000] {dagbag.py:545} INFO - Filling up the DagBag from /opt/airflow/dags/youtube_pipeline.py
[2026-08-17T12:58:51.579+0000] {processor.py:840} INFO - DAG(s) 'youtube_english_video_pipeline' retrieved from /opt/airflow/dags/youtube_pipeline.py
[2026-08-17T12:58:51.644+0000] {logging_mixin.py:188} INFO - [2026-08-17T12:58:51.644+0000] {dag.py:3089} INFO - Sync 1 DAGs
[2026-08-17T12:58:51.706+0000] {processor.py:183} INFO - Processing /opt/airflow/dags/youtube_pipeline.py took 0.208 seconds
[2026-08-17T12:59:22.416+0000] {processor.py:161} INFO - Started process (PID=17763) to work on /opt/airflow/dags/youtube_pipeline.py
[2026-08-17T12:59:22.424+0000] {processor.py:830} INFO - Processing file /opt/airflow/dags/youtube_pipeline.py for tasks to queue
[2026-08-17T12:59:22.431+0000] {logging_mixin.py:188} INFO - [2026-08-17T12:59:22.430+0000] {dagbag.py:545} INFO - Filling up the DagBag from /opt/airflow/dags/youtube_pipeline.py
[2026-08-17T12:59:22.626+0000] {processor.py:840} INFO - DAG(s) 'youtube_english_video_pipeline' retrieved from /opt/airflow/dags/youtube_pipeline.py
[2026-08-17T12:59:22.745+0000] {logging_mixin.py:188} INFO - [2026-08-17T12:59:22.745+0000] {dag.py:3089} INFO - Sync 1 DAGs
[2026-08-17T12:59:22.833+0000] {processor.py:183} INFO - Processing /opt/airflow/dags/youtube_pipeline.py took 0.430 seconds
[2026-08-17T12:59:53.418+0000] {processor.py:161} INFO - Started process (PID=17794) to work on /opt/airflow/dags/youtube_pipeline.py
[2026-08-17T12:59:53.427+0000] {processor.py:830} INFO - Processing file /opt/airflow/dags/youtube_pipeline.py for tasks to queue
[2026-08-17T12:59:53.434+0000] {logging_mixin.py:188} INFO - [2026-08-17T12:59:53.433+0000] {dagbag.py:545} INFO - Filling up the DagBag from /opt/airflow/dags/youtube_pipeline.py
[2026-08-17T12:59:53.592+0000] {processor.py:840} INFO - DAG(s) 'youtube_english_video_pipeline' retrieved from /opt/airflow/dags/youtube_pipeline.py
[2026-08-17T12:59:53.654+0000] {logging_mixin.py:188} INFO - [2026-08-17T12:59:53.654+0000] {dag.py:3089} INFO - Sync 1 DAGs
[2026-08-17T12:59:53.716+0000] {processor.py:183} INFO - Processing /opt/airflow/dags/youtube_pipeline.py took 0.312 seconds
[2026-08-17T13:00:24.174+0000] {processor.py:161} INFO - Started process (PID=17835) to work on /opt/airflow/dags/youtube_pipeline.py
[2026-08-17T13:00:24.177+0000] {processor.py:830} INFO - Processing file /opt/airflow/dags/youtube_pipeline.py for tasks to queue
[2026-08-17T13:00:24.184+0000] {logging_mixin.py:188} INFO - [2026-08-17T13:00:24.182+0000] {dagbag.py:545} INFO - Filling up the DagBag from /opt/airflow/dags/youtube_pipeline.py
[2026-08-17T13:00:24.291+0000] {processor.py:840} INFO - DAG(s) 'youtube_english_video_pipeline' retrieved from /opt/airflow/dags/youtube_pipeline.py
[2026-08-17T13:00:24.357+0000] {logging_mixin.py:188} INFO - [2026-08-17T13:00:24.357+0000] {dag.py:3089} INFO - Sync 1 DAGs
[2026-08-17T13:00:24.415+0000] {processor.py:183} INFO - Processing /opt/airflow/dags/youtube_pipeline.py took 0.260 seconds
[2026-08-17T13:00:54.809+0000] {processor.py:161} INFO - Started process (PID=18100) to work on /opt/airflow/dags/youtube_pipeline.py
[2026-08-17T13:00:54.811+0000] {processor.py:830} INFO - Processing file /opt/airflow/dags/youtube_pipeline.py for tasks to queue
[2026-08-17T13:00:54.814+0000] {logging_mixin.py:188} INFO - [2026-08-17T13:00:54.813+0000] {dagbag.py:545} INFO - Filling up the DagBag from /opt/airflow/dags/youtube_pipeline.py
[2026-08-17T13:00:54.904+0000] {processor.py:840} INFO - DAG(s) 'youtube_english_video_pipeline' retrieved from /opt/airflow/dags/youtube_pipeline.py
[2026-08-17T13:00:54.955+0000] {logging_mixin.py:188} INFO - [2026-08-17T13:00:54.955+0000] {dag.py:3089} INFO - Sync 1 DAGs
[2026-08-17T13:00:55.007+0000] {processor.py:183} INFO - Processing /opt/airflow/dags/youtube_pipeline.py took 0.212 seconds
[2026-08-17T13:01:25.403+0000] {processor.py:161} INFO - Started process (PID=18107) to work on /opt/airflow/dags/youtube_pipeline.py
[2026-08-17T13:01:25.404+0000] {processor.py:830} INFO - Processing file /opt/airflow/dags/youtube_pipeline.py for tasks to queue
[2026-08-17T13:01:25.407+0000] {logging_mixin.py:188} INFO - [2026-08-17T13:01:25.406+0000] {dagbag.py:545} INFO - Filling up the DagBag from /opt/airflow/dags/youtube_pipeline.py
[2026-08-17T13:01:25.453+0000] {processor.py:840} INFO - DAG(s) 'youtube_english_video_pipeline' retrieved from /opt/airflow/dags/youtube_pipeline.py
[2026-08-17T13:01:25.524+0000] {logging_mixin.py:188} INFO - [2026-08-17T13:01:25.524+0000] {dag.py:3089} INFO - Sync 1 DAGs
[2026-08-17T13:01:25.583+0000] {processor.py:183} INFO - Processing /opt/airflow/dags/youtube_pipeline.py took 0.193 seconds
[2026-08-17T13:01:55.735+0000] {processor.py:161} INFO - Started process (PID=18112) to work on /opt/airflow/dags/youtube_pipeline.py
[2026-08-17T13:01:55.739+0000] {processor.py:830} INFO - Processing file /opt/airflow/dags/youtube_pipeline.py for tasks to queue
[2026-08-17T13:01:55.743+0000] {logging_mixin.py:188} INFO - [2026-08-17T13:01:55.743+0000] {dagbag.py:545} INFO - Filling up the DagBag from /opt/airflow/dags/youtube_pipeline.py
[2026-08-17T13:01:55.859+0000] {processor.py:840} INFO - DAG(s) 'youtube_english_video_pipeline' retrieved from /opt/airflow/dags/youtube_pipeline.py
[2026-08-17T13:01:55.931+0000] {logging_mixin.py:188} INFO - [2026-08-17T13:01:55.931+0000] {dag.py:3089} INFO - Sync 1 DAGs
[2026-08-17T13:01:56.001+0000] {processor.py:183} INFO - Processing /opt/airflow/dags/youtube_pipeline.py took 0.278 seconds
[2026-08-17T13:02:26.298+0000] {processor.py:161} INFO - Started process (PID=18117) to work on /opt/airflow/dags/youtube_pipeline.py
[2026-08-17T13:02:26.300+0000] {processor.py:830} INFO - Processing file /opt/airflow/dags/youtube_pipeline.py for tasks to queue
[2026-08-17T13:02:26.306+0000] {logging_mixin.py:188} INFO - [2026-08-17T13:02:26.305+0000] {dagbag.py:545} INFO - Filling up the DagBag from /opt/airflow/dags/youtube_pipeline.py
[2026-08-17T13:02:26.411+0000] {processor.py:840} INFO - DAG(s) 'youtube_english_video_pipeline' retrieved from /opt/airflow/dags/youtube_pipeline.py
[2026-08-17T13:02:26.462+0000] {logging_mixin.py:188} INFO - [2026-08-17T13:02:26.462+0000] {dag.py:3089} INFO - Sync 1 DAGs
[2026-08-17T13:02:26.528+0000] {processor.py:183} INFO - Processing /opt/airflow/dags/youtube_pipeline.py took 0.246 seconds
[2026-08-17T13:02:56.911+0000] {processor.py:161} INFO - Started process (PID=18122) to work on /opt/airflow/dags/youtube_pipeline.py
[2026-08-17T13:02:56.913+0000] {processor.py:830} INFO - Processing file /opt/airflow/dags/youtube_pipeline.py for tasks to queue
[2026-08-17T13:02:56.917+0000] {logging_mixin.py:188} INFO - [2026-08-17T13:02:56.916+0000] {dagbag.py:545} INFO - Filling up the DagBag from /opt/airflow/dags/youtube_pipeline.py
[2026-08-17T13:02:57.018+0000] {processor.py:840} INFO - DAG(s) 'youtube_english_video_pipeline' retrieved from /opt/airflow/dags/youtube_pipeline.py
[2026-08-17T13:02:57.101+0000] {logging_mixin.py:188} INFO - [2026-08-17T13:02:57.101+0000] {dag.py:3089} INFO - Sync 1 DAGs
[2026-08-17T13:02:57.178+0000] {processor.py:183} INFO - Processing /opt/airflow/dags/youtube_pipeline.py took 0.279 seconds
[2026-08-17T13:03:27.313+0000] {processor.py:161} INFO - Started process (PID=18127) to work on /opt/airflow/dags/youtube_pipeline.py
[2026-08-17T13:03:27.318+0000] {processor.py:830} INFO - Processing file /opt/airflow/dags/youtube_pipeline.py for tasks to queue
[2026-08-17T13:03:27.326+0000] {logging_mixin.py:188} INFO - [2026-08-17T13:03:27.325+0000] {dagbag.py:545} INFO - Filling up the DagBag from /opt/airflow/dags/youtube_pipeline.py
[2026-08-17T13:03:27.473+0000] {processor.py:840} INFO - DAG(s) 'youtube_english_video_pipeline' retrieved from /opt/airflow/dags/youtube_pipeline.py
[2026-08-17T13:03:27.521+0000] {logging_mixin.py:188} INFO - [2026-08-17T13:03:27.521+0000] {dag.py:3089} INFO - Sync 1 DAGs
[2026-08-17T13:03:27.573+0000] {processor.py:183} INFO - Processing /opt/airflow/dags/youtube_pipeline.py took 0.271 seconds
[2026-08-17T13:03:58.129+0000] {processor.py:161} INFO - Started process (PID=18132) to work on /opt/airflow/dags/youtube_pipeline.py
[2026-08-17T13:03:58.132+0000] {processor.py:830} INFO - Processing file /opt/airflow/dags/youtube_pipeline.py for tasks to queue
[2026-08-17T13:03:58.137+0000] {logging_mixin.py:188} INFO - [2026-08-17T13:03:58.136+0000] {dagbag.py:545} INFO - Filling up the DagBag from /opt/airflow/dags/youtube_pipeline.py
[2026-08-17T13:03:58.284+0000] {processor.py:840} INFO - DAG(s) 'youtube_english_video_pipeline' retrieved from /opt/airflow/dags/youtube_pipeline.py
[2026-08-17T13:03:58.367+0000] {logging_mixin.py:188} INFO - [2026-08-17T13:03:58.366+0000] {dag.py:3089} INFO - Sync 1 DAGs
[2026-08-17T13:03:58.429+0000] {processor.py:183} INFO - Processing /opt/airflow/dags/youtube_pipeline.py took 0.318 seconds
[2026-08-17T13:04:28.868+0000] {processor.py:161} INFO - Started process (PID=18137) to work on /opt/airflow/dags/youtube_pipeline.py
[2026-08-17T13:04:28.871+0000] {processor.py:830} INFO - Processing file /opt/airflow/dags/youtube_pipeline.py for tasks to queue
[2026-08-17T13:04:28.873+0000] {logging_mixin.py:188} INFO - [2026-08-17T13:04:28.873+0000] {dagbag.py:545} INFO - Filling up the DagBag from /opt/airflow/dags/youtube_pipeline.py
[2026-08-17T13:04:28.942+0000] {processor.py:840} INFO - DAG(s) 'youtube_english_video_pipeline' retrieved from /opt/airflow/dags/youtube_pipeline.py
[2026-08-17T13:04:28.990+0000] {logging_mixin.py:188} INFO - [2026-08-17T13:04:28.990+0000] {dag.py:3089} INFO - Sync 1 DAGs
[2026-08-17T13:04:29.059+0000] {processor.py:183} INFO - Processing /opt/airflow/dags/youtube_pipeline.py took 0.200 seconds
[2026-08-17T13:04:59.184+0000] {processor.py:161} INFO - Started process (PID=18142) to work on /opt/airflow/dags/youtube_pipeline.py
[2026-08-17T13:04:59.186+0000] {processor.py:830} INFO - Processing file /opt/airflow/dags/youtube_pipeline.py for tasks to queue
[2026-08-17T13:04:59.191+0000] {logging_mixin.py:188} INFO - [2026-08-17T13:04:59.190+0000] {dagbag.py:545} INFO - Filling up the DagBag from /opt/airflow/dags/youtube_pipeline.py
[2026-08-17T13:04:59.258+0000] {processor.py:840} INFO - DAG(s) 'youtube_english_video_pipeline' retrieved from /opt/airflow/dags/youtube_pipeline.py
[2026-08-17T13:04:59.315+0000] {logging_mixin.py:188} INFO - [2026-08-17T13:04:59.314+0000] {dag.py:3089} INFO - Sync 1 DAGs
[2026-08-17T13:04:59.363+0000] {processor.py:183} INFO - Processing /opt/airflow/dags/youtube_pipeline.py took 0.193 seconds
[2026-08-17T13:05:29.809+0000] {processor.py:161} INFO - Started process (PID=18147) to work on /opt/airflow/dags/youtube_pipeline.py
[2026-08-17T13:05:29.811+0000] {processor.py:830} INFO - Processing file /opt/airflow/dags/youtube_pipeline.py for tasks to queue
[2026-08-17T13:05:29.816+0000] {logging_mixin.py:188} INFO - [2026-08-17T13:05:29.815+0000] {dagbag.py:545} INFO - Filling up the DagBag from /opt/airflow/dags/youtube_pipeline.py
[2026-08-17T13:05:29.914+0000] {processor.py:840} INFO - DAG(s) 'youtube_english_video_pipeline' retrieved from /opt/airflow/dags/youtube_pipeline.py
[2026-08-17T13:05:29.976+0000] {logging_mixin.py:188} INFO - [2026-08-17T13:05:29.976+0000] {dag.py:3089} INFO - Sync 1 DAGs
[2026-08-17T13:05:30.038+0000] {processor.py:183} INFO - Processing /opt/airflow/dags/youtube_pipeline.py took 0.245 seconds
[2026-08-17T13:06:00.449+0000] {processor.py:161} INFO - Started process (PID=18154) to work on /opt/airflow/dags/youtube_pipeline.py
[2026-08-17T13:06:00.451+0000] {processor.py:830} INFO - Processing file /opt/airflow/dags/youtube_pipeline.py for tasks to queue
[2026-08-17T13:06:00.454+0000] {logging_mixin.py:188} INFO - [2026-08-17T13:06:00.453+0000] {dagbag.py:545} INFO - Filling up the DagBag from /opt/airflow/dags/youtube_pipeline.py
[2026-08-17T13:06:00.522+0000] {processor.py:840} INFO - DAG(s) 'youtube_english_video_pipeline' retrieved from /opt/airflow/dags/youtube_pipeline.py
[2026-08-17T13:06:00.585+0000] {logging_mixin.py:188} INFO - [2026-08-17T13:06:00.585+0000] {dag.py:3089} INFO - Sync 1 DAGs
[2026-08-17T13:06:00.634+0000] {processor.py:183} INFO - Processing /opt/airflow/dags/youtube_pipeline.py took 0.198 seconds
[2026-08-17T13:06:30.840+0000] {processor.py:161} INFO - Started process (PID=18159) to work on /opt/airflow/dags/youtube_pipeline.py
[2026-08-17T13:06:30.843+0000] {processor.py:830} INFO - Processing file /opt/airflow/dags/youtube_pipeline.py for tasks to queue
[2026-08-17T13:06:30.848+0000] {logging_mixin.py:188} INFO - [2026-08-17T13:06:30.847+0000] {dagbag.py:545} INFO - Filling up the DagBag from /opt/airflow/dags/youtube_pipeline.py
[2026-08-17T13:06:30.958+0000] {processor.py:840} INFO - DAG(s) 'youtube_english_video_pipeline' retrieved from /opt/airflow/dags/youtube_pipeline.py
[2026-08-17T13:06:31.060+0000] {logging_mixin.py:188} INFO - [2026-08-17T13:06:31.059+0000] {dag.py:3089} INFO - Sync 1 DAGs
[2026-08-17T13:06:31.135+0000] {processor.py:183} INFO - Processing /opt/airflow/dags/youtube_pipeline.py took 0.304 seconds
[2026-08-17T13:07:01.489+0000] {processor.py:161} INFO - Started process (PID=18164) to work on /opt/airflow/dags/youtube_pipeline.py
[2026-08-17T13:07:01.491+0000] {processor.py:830} INFO - Processing file /opt/airflow/dags/youtube_pipeline.py for tasks to queue
[2026-08-17T13:07:01.494+0000] {logging_mixin.py:188} INFO - [2026-08-17T13:07:01.494+0000] {dagbag.py:545} INFO - Filling up the DagBag from /opt/airflow/dags/youtube_pipeline.py
[2026-08-17T13:07:01.577+0000] {processor.py:840} INFO - DAG(s) 'youtube_english_video_pipeline' retrieved from /opt/airflow/dags/youtube_pipeline.py
[2026-08-17T13:07:01.627+0000] {logging_mixin.py:188} INFO - [2026-08-17T13:07:01.626+0000] {dag.py:3089} INFO - Sync 1 DAGs
[2026-08-17T13:07:01.671+0000] {processor.py:183} INFO - Processing /opt/airflow/dags/youtube_pipeline.py took 0.193 seconds
[2026-08-17T13:07:31.916+0000] {processor.py:161} INFO - Started process (PID=18169) to work on /opt/airflow/dags/youtube_pipeline.py
[2026-08-17T13:07:31.918+0000] {processor.py:830} INFO - Processing file /opt/airflow/dags/youtube_pipeline.py for tasks to queue
[2026-08-17T13:07:31.920+0000] {logging_mixin.py:188} INFO - [2026-08-17T13:07:31.920+0000] {dagbag.py:545} INFO - Filling up the DagBag from /opt/airflow/dags/youtube_pipeline.py
[2026-08-17T13:07:32.027+0000] {processor.py:840} INFO - DAG(s) 'youtube_english_video_pipeline' retrieved from /opt/airflow/dags/youtube_pipeline.py
[2026-08-17T13:07:32.100+0000] {logging_mixin.py:188} INFO - [2026-08-17T13:07:32.100+0000] {dag.py:3089} INFO - Sync 1 DAGs
[2026-08-17T13:07:32.159+0000] {processor.py:183} INFO - Processing /opt/airflow/dags/youtube_pipeline.py took 0.255 seconds
[2026-08-17T13:08:02.393+0000] {processor.py:161} INFO - Started process (PID=18174) to work on /opt/airflow/dags/youtube_pipeline.py
[2026-08-17T13:08:02.395+0000] {processor.py:830} INFO - Processing file /opt/airflow/dags/youtube_pipeline.py for tasks to queue
[2026-08-17T13:08:02.397+0000] {logging_mixin.py:188} INFO - [2026-08-17T13:08:02.397+0000] {dagbag.py:545} INFO - Filling up the DagBag from /opt/airflow/dags/youtube_pipeline.py
[2026-08-17T13:08:02.461+0000] {processor.py:840} INFO - DAG(s) 'youtube_english_video_pipeline' retrieved from /opt/airflow/dags/youtube_pipeline.py
[2026-08-17T13:08:02.509+0000] {logging_mixin.py:188} INFO - [2026-08-17T13:08:02.509+0000] {dag.py:3089} INFO - Sync 1 DAGs
[2026-08-17T13:08:02.556+0000] {processor.py:183} INFO - Processing /opt/airflow/dags/youtube_pipeline.py took 0.172 seconds
[2026-08-17T13:08:32.949+0000] {processor.py:161} INFO - Started process (PID=18179) to work on /opt/airflow/dags/youtube_pipeline.py
[2026-08-17T13:08:32.952+0000] {processor.py:830} INFO - Processing file /opt/airflow/dags/youtube_pipeline.py for tasks to queue
[2026-08-17T13:08:32.957+0000] {logging_mixin.py:188} INFO - [2026-08-17T13:08:32.956+0000] {dagbag.py:545} INFO - Filling up the DagBag from /opt/airflow/dags/youtube_pipeline.py
[2026-08-17T13:08:33.116+0000] {processor.py:840} INFO - DAG(s) 'youtube_english_video_pipeline' retrieved from /opt/airflow/dags/youtube_pipeline.py
[2026-08-17T13:08:33.202+0000] {logging_mixin.py:188} INFO - [2026-08-17T13:08:33.201+0000] {dag.py:3089} INFO - Sync 1 DAGs
[2026-08-17T13:08:33.300+0000] {processor.py:183} INFO - Processing /opt/airflow/dags/youtube_pipeline.py took 0.368 seconds
[2026-08-17T13:09:03.788+0000] {processor.py:161} INFO - Started process (PID=18184) to work on /opt/airflow/dags/youtube_pipeline.py
[2026-08-17T13:09:03.790+0000] {processor.py:830} INFO - Processing file /opt/airflow/dags/youtube_pipeline.py for tasks to queue
[2026-08-17T13:09:03.794+0000] {logging_mixin.py:188} INFO - [2026-08-17T13:09:03.793+0000] {dagbag.py:545} INFO - Filling up the DagBag from /opt/airflow/dags/youtube_pipeline.py
[2026-08-17T13:09:03.914+0000] {processor.py:840} INFO - DAG(s) 'youtube_english_video_pipeline' retrieved from /opt/airflow/dags/youtube_pipeline.py
[2026-08-17T13:09:03.987+0000] {logging_mixin.py:188} INFO - [2026-08-17T13:09:03.986+0000] {dag.py:3089} INFO - Sync 1 DAGs
[2026-08-17T13:09:04.067+0000] {processor.py:183} INFO - Processing /opt/airflow/dags/youtube_pipeline.py took 0.293 seconds
[2026-08-17T13:09:34.545+0000] {processor.py:161} INFO - Started process (PID=18189) to work on /opt/airflow/dags/youtube_pipeline.py
[2026-08-17T13:09:34.549+0000] {processor.py:830} INFO - Processing file /opt/airflow/dags/youtube_pipeline.py for tasks to queue
[2026-08-17T13:09:34.552+0000] {logging_mixin.py:188} INFO - [2026-08-17T13:09:34.551+0000] {dagbag.py:545} INFO - Filling up the DagBag from /opt/airflow/dags/youtube_pipeline.py
[2026-08-17T13:09:34.658+0000] {processor.py:840} INFO - DAG(s) 'youtube_english_video_pipeline' retrieved from /opt/airflow/dags/youtube_pipeline.py
[2026-08-17T13:09:34.722+0000] {logging_mixin.py:188} INFO - [2026-08-17T13:09:34.721+0000] {dag.py:3089} INFO - Sync 1 DAGs
[2026-08-17T13:09:34.938+0000] {processor.py:183} INFO - Processing /opt/airflow/dags/youtube_pipeline.py took 0.409 seconds
[2026-08-17T13:10:05.396+0000] {processor.py:161} INFO - Started process (PID=18194) to work on /opt/airflow/dags/youtube_pipeline.py
[2026-08-17T13:10:05.401+0000] {processor.py:830} INFO - Processing file /opt/airflow/dags/youtube_pipeline.py for tasks to queue
[2026-08-17T13:10:05.405+0000] {logging_mixin.py:188} INFO - [2026-08-17T13:10:05.405+0000] {dagbag.py:545} INFO - Filling up the DagBag from /opt/airflow/dags/youtube_pipeline.py
[2026-08-17T13:10:05.522+0000] {processor.py:840} INFO - DAG(s) 'youtube_english_video_pipeline' retrieved from /opt/airflow/dags/youtube_pipeline.py
[2026-08-17T13:10:05.597+0000] {logging_mixin.py:188} INFO - [2026-08-17T13:10:05.597+0000] {dag.py:3089} INFO - Sync 1 DAGs
[2026-08-17T13:10:05.656+0000] {processor.py:183} INFO - Processing /opt/airflow/dags/youtube_pipeline.py took 0.277 seconds
[2026-08-17T13:10:36.078+0000] {processor.py:161} INFO - Started process (PID=18199) to work on /opt/airflow/dags/youtube_pipeline.py
[2026-08-17T13:10:36.080+0000] {processor.py:830} INFO - Processing file /opt/airflow/dags/youtube_pipeline.py for tasks to queue
[2026-08-17T13:10:36.083+0000] {logging_mixin.py:188} INFO - [2026-08-17T13:10:36.082+0000] {dagbag.py:545} INFO - Filling up the DagBag from /opt/airflow/dags/youtube_pipeline.py
[2026-08-17T13:10:36.153+0000] {processor.py:840} INFO - DAG(s) 'youtube_english_video_pipeline' retrieved from /opt/airflow/dags/youtube_pipeline.py
[2026-08-17T13:10:36.202+0000] {logging_mixin.py:188} INFO - [2026-08-17T13:10:36.202+0000] {dag.py:3089} INFO - Sync 1 DAGs
[2026-08-17T13:10:36.258+0000] {processor.py:183} INFO - Processing /opt/airflow/dags/youtube_pipeline.py took 0.191 seconds
[2026-08-17T13:11:06.674+0000] {processor.py:161} INFO - Started process (PID=18206) to work on /opt/airflow/dags/youtube_pipeline.py
[2026-08-17T13:11:06.679+0000] {processor.py:830} INFO - Processing file /opt/airflow/dags/youtube_pipeline.py for tasks to queue
[2026-08-17T13:11:06.685+0000] {logging_mixin.py:188} INFO - [2026-08-17T13:11:06.684+0000] {dagbag.py:545} INFO - Filling up the DagBag from /opt/airflow/dags/youtube_pipeline.py
[2026-08-17T13:11:06.798+0000] {processor.py:840} INFO - DAG(s) 'youtube_english_video_pipeline' retrieved from /opt/airflow/dags/youtube_pipeline.py
[2026-08-17T13:11:06.856+0000] {logging_mixin.py:188} INFO - [2026-08-17T13:11:06.856+0000] {dag.py:3089} INFO - Sync 1 DAGs
[2026-08-17T13:11:06.906+0000] {processor.py:183} INFO - Processing /opt/airflow/dags/youtube_pipeline.py took 0.253 seconds
[2026-08-17T13:11:37.228+0000] {processor.py:161} INFO - Started process (PID=18240) to work on /opt/airflow/dags/youtube_pipeline.py
[2026-08-17T13:11:37.234+0000] {processor.py:830} INFO - Processing file /opt/airflow/dags/youtube_pipeline.py for tasks to queue
[2026-08-17T13:11:37.239+0000] {logging_mixin.py:188} INFO - [2026-08-17T13:11:37.238+0000] {dagbag.py:545} INFO - Filling up the DagBag from /opt/airflow/dags/youtube_pipeline.py
[2026-08-17T13:11:37.328+0000] {processor.py:840} INFO - DAG(s) 'youtube_english_video_pipeline' retrieved from /opt/airflow/dags/youtube_pipeline.py
[2026-08-17T13:11:37.381+0000] {logging_mixin.py:188} INFO - [2026-08-17T13:11:37.380+0000] {dag.py:3089} INFO - Sync 1 DAGs
[2026-08-17T13:11:37.434+0000] {processor.py:183} INFO - Processing /opt/airflow/dags/youtube_pipeline.py took 0.224 seconds
[2026-08-17T13:12:07.667+0000] {processor.py:161} INFO - Started process (PID=18507) to work on /opt/airflow/dags/youtube_pipeline.py
[2026-08-17T13:12:07.670+0000] {processor.py:830} INFO - Processing file /opt/airflow/dags/youtube_pipeline.py for tasks to queue
[2026-08-17T13:12:07.673+0000] {logging_mixin.py:188} INFO - [2026-08-17T13:12:07.673+0000] {dagbag.py:545} INFO - Filling up the DagBag from /opt/airflow/dags/youtube_pipeline.py
[2026-08-17T13:12:07.756+0000] {processor.py:840} INFO - DAG(s) 'youtube_english_video_pipeline' retrieved from /opt/airflow/dags/youtube_pipeline.py
[2026-08-17T13:12:07.829+0000] {logging_mixin.py:188} INFO - [2026-08-17T13:12:07.829+0000] {dag.py:3089} INFO - Sync 1 DAGs
[2026-08-17T13:12:07.905+0000] {processor.py:183} INFO - Processing /opt/airflow/dags/youtube_pipeline.py took 0.250 seconds
[2026-08-17T13:12:38.192+0000] {processor.py:161} INFO - Started process (PID=18519) to work on /opt/airflow/dags/youtube_pipeline.py
[2026-08-17T13:12:38.194+0000] {processor.py:830} INFO - Processing file /opt/airflow/dags/youtube_pipeline.py for tasks to queue
[2026-08-17T13:12:38.199+0000] {logging_mixin.py:188} INFO - [2026-08-17T13:12:38.198+0000] {dagbag.py:545} INFO - Filling up the DagBag from /opt/airflow/dags/youtube_pipeline.py
[2026-08-17T13:12:38.295+0000] {processor.py:840} INFO - DAG(s) 'youtube_english_video_pipeline' retrieved from /opt/airflow/dags/youtube_pipeline.py
[2026-08-17T13:12:38.354+0000] {logging_mixin.py:188} INFO - [2026-08-17T13:12:38.354+0000] {dag.py:3089} INFO - Sync 1 DAGs
[2026-08-17T13:12:38.408+0000] {processor.py:183} INFO - Processing /opt/airflow/dags/youtube_pipeline.py took 0.232 seconds
[2026-08-17T13:13:08.905+0000] {processor.py:161} INFO - Started process (PID=18524) to work on /opt/airflow/dags/youtube_pipeline.py
[2026-08-17T13:13:08.912+0000] {processor.py:830} INFO - Processing file /opt/airflow/dags/youtube_pipeline.py for tasks to queue
[2026-08-17T13:13:08.917+0000] {logging_mixin.py:188} INFO - [2026-08-17T13:13:08.917+0000] {dagbag.py:545} INFO - Filling up the DagBag from /opt/airflow/dags/youtube_pipeline.py
[2026-08-17T13:13:09.043+0000] {processor.py:840} INFO - DAG(s) 'youtube_english_video_pipeline' retrieved from /opt/airflow/dags/youtube_pipeline.py
[2026-08-17T13:13:09.091+0000] {logging_mixin.py:188} INFO - [2026-08-17T13:13:09.090+0000] {dag.py:3089} INFO - Sync 1 DAGs
[2026-08-17T13:13:09.147+0000] {processor.py:183} INFO - Processing /opt/airflow/dags/youtube_pipeline.py took 0.251 seconds
[2026-08-17T13:13:39.573+0000] {processor.py:161} INFO - Started process (PID=18529) to work on /opt/airflow/dags/youtube_pipeline.py
[2026-08-17T13:13:39.576+0000] {processor.py:830} INFO - Processing file /opt/airflow/dags/youtube_pipeline.py for tasks to queue
[2026-08-17T13:13:39.579+0000] {logging_mixin.py:188} INFO - [2026-08-17T13:13:39.578+0000] {dagbag.py:545} INFO - Filling up the DagBag from /opt/airflow/dags/youtube_pipeline.py
[2026-08-17T13:13:39.656+0000] {processor.py:840} INFO - DAG(s) 'youtube_english_video_pipeline' retrieved from /opt/airflow/dags/youtube_pipeline.py
[2026-08-17T13:13:39.702+0000] {logging_mixin.py:188} INFO - [2026-08-17T13:13:39.702+0000] {dag.py:3089} INFO - Sync 1 DAGs
[2026-08-17T13:13:39.749+0000] {processor.py:183} INFO - Processing /opt/airflow/dags/youtube_pipeline.py took 0.188 seconds
[2026-08-17T13:14:09.928+0000] {processor.py:161} INFO - Started process (PID=18534) to work on /opt/airflow/dags/youtube_pipeline.py
[2026-08-17T13:14:09.932+0000] {processor.py:830} INFO - Processing file /opt/airflow/dags/youtube_pipeline.py for tasks to queue
[2026-08-17T13:14:09.937+0000] {logging_mixin.py:188} INFO - [2026-08-17T13:14:09.936+0000] {dagbag.py:545} INFO - Filling up the DagBag from /opt/airflow/dags/youtube_pipeline.py
[2026-08-17T13:14:10.029+0000] {processor.py:840} INFO - DAG(s) 'youtube_english_video_pipeline' retrieved from /opt/airflow/dags/youtube_pipeline.py
[2026-08-17T13:14:10.099+0000] {logging_mixin.py:188} INFO - [2026-08-17T13:14:10.099+0000] {dag.py:3089} INFO - Sync 1 DAGs
[2026-08-17T13:14:10.149+0000] {processor.py:183} INFO - Processing /opt/airflow/dags/youtube_pipeline.py took 0.239 seconds
[2026-08-17T13:14:40.516+0000] {processor.py:161} INFO - Started process (PID=18539) to work on /opt/airflow/dags/youtube_pipeline.py
[2026-08-17T13:14:40.518+0000] {processor.py:830} INFO - Processing file /opt/airflow/dags/youtube_pipeline.py for tasks to queue
[2026-08-17T13:14:40.521+0000] {logging_mixin.py:188} INFO - [2026-08-17T13:14:40.521+0000] {dagbag.py:545} INFO - Filling up the DagBag from /opt/airflow/dags/youtube_pipeline.py
[2026-08-17T13:14:40.651+0000] {processor.py:840} INFO - DAG(s) 'youtube_english_video_pipeline' retrieved from /opt/airflow/dags/youtube_pipeline.py
[2026-08-17T13:14:40.713+0000] {logging_mixin.py:188} INFO - [2026-08-17T13:14:40.713+0000] {dag.py:3089} INFO - Sync 1 DAGs
[2026-08-17T13:14:40.762+0000] {processor.py:183} INFO - Processing /opt/airflow/dags/youtube_pipeline.py took 0.258 seconds
[2026-08-17T13:15:11.268+0000] {processor.py:161} INFO - Started process (PID=18544) to work on /opt/airflow/dags/youtube_pipeline.py
[2026-08-17T13:15:11.272+0000] {processor.py:830} INFO - Processing file /opt/airflow/dags/youtube_pipeline.py for tasks to queue
[2026-08-17T13:15:11.277+0000] {logging_mixin.py:188} INFO - [2026-08-17T13:15:11.276+0000] {dagbag.py:545} INFO - Filling up the DagBag from /opt/airflow/dags/youtube_pipeline.py
[2026-08-17T13:15:11.393+0000] {processor.py:840} INFO - DAG(s) 'youtube_english_video_pipeline' retrieved from /opt/airflow/dags/youtube_pipeline.py
[2026-08-17T13:15:11.462+0000] {logging_mixin.py:188} INFO - [2026-08-17T13:15:11.462+0000] {dag.py:3089} INFO - Sync 1 DAGs
[2026-08-17T13:15:11.512+0000] {processor.py:183} INFO - Processing /opt/airflow/dags/youtube_pipeline.py took 0.261 seconds
[2026-08-17T13:15:41.979+0000] {processor.py:161} INFO - Started process (PID=18549) to work on /opt/airflow/dags/youtube_pipeline.py
[2026-08-17T13:15:41.981+0000] {processor.py:830} INFO - Processing file /opt/airflow/dags/youtube_pipeline.py for tasks to queue
[2026-08-17T13:15:41.983+0000] {logging_mixin.py:188} INFO - [2026-08-17T13:15:41.983+0000] {dagbag.py:545} INFO - Filling up the DagBag from /opt/airflow/dags/youtube_pipeline.py
[2026-08-17T13:15:42.076+0000] {processor.py:840} INFO - DAG(s) 'youtube_english_video_pipeline' retrieved from /opt/airflow/dags/youtube_pipeline.py
[2026-08-17T13:15:42.129+0000] {logging_mixin.py:188} INFO - [2026-08-17T13:15:42.128+0000] {dag.py:3089} INFO - Sync 1 DAGs
[2026-08-17T13:15:42.190+0000] {processor.py:183} INFO - Processing /opt/airflow/dags/youtube_pipeline.py took 0.220 seconds
[2026-08-17T13:16:12.372+0000] {processor.py:161} INFO - Started process (PID=18554) to work on /opt/airflow/dags/youtube_pipeline.py
[2026-08-17T13:16:12.375+0000] {processor.py:830} INFO - Processing file /opt/airflow/dags/youtube_pipeline.py for tasks to queue
[2026-08-17T13:16:12.380+0000] {logging_mixin.py:188} INFO - [2026-08-17T13:16:12.380+0000] {dagbag.py:545} INFO - Filling up the DagBag from /opt/airflow/dags/youtube_pipeline.py
[2026-08-17T13:16:12.510+0000] {processor.py:840} INFO - DAG(s) 'youtube_english_video_pipeline' retrieved from /opt/airflow/dags/youtube_pipeline.py
[2026-08-17T13:16:12.566+0000] {logging_mixin.py:188} INFO - [2026-08-17T13:16:12.565+0000] {dag.py:3089} INFO - Sync 1 DAGs
[2026-08-17T13:16:12.610+0000] {processor.py:183} INFO - Processing /opt/airflow/dags/youtube_pipeline.py took 0.256 seconds
[2026-08-17T13:16:42.941+0000] {processor.py:161} INFO - Started process (PID=18559) to work on /opt/airflow/dags/youtube_pipeline.py
[2026-08-17T13:16:42.944+0000] {processor.py:830} INFO - Processing file /opt/airflow/dags/youtube_pipeline.py for tasks to queue
[2026-08-17T13:16:42.949+0000] {logging_mixin.py:188} INFO - [2026-08-17T13:16:42.948+0000] {dagbag.py:545} INFO - Filling up the DagBag from /opt/airflow/dags/youtube_pipeline.py
[2026-08-17T13:16:43.062+0000] {processor.py:840} INFO - DAG(s) 'youtube_english_video_pipeline' retrieved from /opt/airflow/dags/youtube_pipeline.py
[2026-08-17T13:16:43.113+0000] {logging_mixin.py:188} INFO - [2026-08-17T13:16:43.113+0000] {dag.py:3089} INFO - Sync 1 DAGs
[2026-08-17T13:16:43.186+0000] {processor.py:183} INFO - Processing /opt/airflow/dags/youtube_pipeline.py took 0.261 seconds
[2026-08-17T13:17:13.374+0000] {processor.py:161} INFO - Started process (PID=18564) to work on /opt/airflow/dags/youtube_pipeline.py
[2026-08-17T13:17:13.377+0000] {processor.py:830} INFO - Processing file /opt/airflow/dags/youtube_pipeline.py for tasks to queue
[2026-08-17T13:17:13.382+0000] {logging_mixin.py:188} INFO - [2026-08-17T13:17:13.382+0000] {dagbag.py:545} INFO - Filling up the DagBag from /opt/airflow/dags/youtube_pipeline.py
[2026-08-17T13:17:13.482+0000] {processor.py:840} INFO - DAG(s) 'youtube_english_video_pipeline' retrieved from /opt/airflow/dags/youtube_pipeline.py
[2026-08-17T13:17:13.532+0000] {logging_mixin.py:188} INFO - [2026-08-17T13:17:13.532+0000] {dag.py:3089} INFO - Sync 1 DAGs
[2026-08-17T13:17:13.574+0000] {processor.py:183} INFO - Processing /opt/airflow/dags/youtube_pipeline.py took 0.215 seconds
[2026-08-17T13:17:43.945+0000] {processor.py:161} INFO - Started process (PID=18571) to work on /opt/airflow/dags/youtube_pipeline.py
[2026-08-17T13:17:43.946+0000] {processor.py:830} INFO - Processing file /opt/airflow/dags/youtube_pipeline.py for tasks to queue
[2026-08-17T13:17:43.949+0000] {logging_mixin.py:188} INFO - [2026-08-17T13:17:43.948+0000] {dagbag.py:545} INFO - Filling up the DagBag from /opt/airflow/dags/youtube_pipeline.py
[2026-08-17T13:17:43.996+0000] {processor.py:840} INFO - DAG(s) 'youtube_english_video_pipeline' retrieved from /opt/airflow/dags/youtube_pipeline.py
[2026-08-17T13:17:44.042+0000] {logging_mixin.py:188} INFO - [2026-08-17T13:17:44.041+0000] {dag.py:3089} INFO - Sync 1 DAGs
[2026-08-17T13:17:44.082+0000] {processor.py:183} INFO - Processing /opt/airflow/dags/youtube_pipeline.py took 0.146 seconds
[2026-08-17T13:18:14.574+0000] {processor.py:161} INFO - Started process (PID=18576) to work on /opt/airflow/dags/youtube_pipeline.py
[2026-08-17T13:18:14.576+0000] {processor.py:830} INFO - Processing file /opt/airflow/dags/youtube_pipeline.py for tasks to queue
[2026-08-17T13:18:14.579+0000] {logging_mixin.py:188} INFO - [2026-08-17T13:18:14.579+0000] {dagbag.py:545} INFO - Filling up the DagBag from /opt/airflow/dags/youtube_pipeline.py
[2026-08-17T13:18:14.664+0000] {processor.py:840} INFO - DAG(s) 'youtube_english_video_pipeline' retrieved from /opt/airflow/dags/youtube_pipeline.py
[2026-08-17T13:18:14.739+0000] {logging_mixin.py:188} INFO - [2026-08-17T13:18:14.738+0000] {dag.py:3089} INFO - Sync 1 DAGs
[2026-08-17T13:18:14.817+0000] {processor.py:183} INFO - Processing /opt/airflow/dags/youtube_pipeline.py took 0.255 seconds
[2026-08-17T13:18:45.200+0000] {processor.py:161} INFO - Started process (PID=18581) to work on /opt/airflow/dags/youtube_pipeline.py
[2026-08-17T13:18:45.203+0000] {processor.py:830} INFO - Processing file /opt/airflow/dags/youtube_pipeline.py for tasks to queue
[2026-08-17T13:18:45.206+0000] {logging_mixin.py:188} INFO - [2026-08-17T13:18:45.206+0000] {dagbag.py:545} INFO - Filling up the DagBag from /opt/airflow/dags/youtube_pipeline.py
[2026-08-17T13:18:45.286+0000] {processor.py:840} INFO - DAG(s) 'youtube_english_video_pipeline' retrieved from /opt/airflow/dags/youtube_pipeline.py
[2026-08-17T13:18:45.357+0000] {logging_mixin.py:188} INFO - [2026-08-17T13:18:45.357+0000] {dag.py:3089} INFO - Sync 1 DAGs
[2026-08-17T13:18:45.433+0000] {processor.py:183} INFO - Processing /opt/airflow/dags/youtube_pipeline.py took 0.247 seconds
[2026-08-17T13:19:15.820+0000] {processor.py:161} INFO - Started process (PID=18586) to work on /opt/airflow/dags/youtube_pipeline.py
[2026-08-17T13:19:15.822+0000] {processor.py:830} INFO - Processing file /opt/airflow/dags/youtube_pipeline.py for tasks to queue
[2026-08-17T13:19:15.826+0000] {logging_mixin.py:188} INFO - [2026-08-17T13:19:15.825+0000] {dagbag.py:545} INFO - Filling up the DagBag from /opt/airflow/dags/youtube_pipeline.py
[2026-08-17T13:19:15.909+0000] {processor.py:840} INFO - DAG(s) 'youtube_english_video_pipeline' retrieved from /opt/airflow/dags/youtube_pipeline.py
[2026-08-17T13:19:15.986+0000] {logging_mixin.py:188} INFO - [2026-08-17T13:19:15.986+0000] {dag.py:3089} INFO - Sync 1 DAGs
[2026-08-17T13:19:16.035+0000] {processor.py:183} INFO - Processing /opt/airflow/dags/youtube_pipeline.py took 0.226 seconds
[2026-08-17T13:19:46.374+0000] {processor.py:161} INFO - Started process (PID=18591) to work on /opt/airflow/dags/youtube_pipeline.py
[2026-08-17T13:19:46.376+0000] {processor.py:830} INFO - Processing file /opt/airflow/dags/youtube_pipeline.py for tasks to queue
[2026-08-17T13:19:46.379+0000] {logging_mixin.py:188} INFO - [2026-08-17T13:19:46.379+0000] {dagbag.py:545} INFO - Filling up the DagBag from /opt/airflow/dags/youtube_pipeline.py
[2026-08-17T13:19:46.443+0000] {processor.py:840} INFO - DAG(s) 'youtube_english_video_pipeline' retrieved from /opt/airflow/dags/youtube_pipeline.py
[2026-08-17T13:19:46.516+0000] {logging_mixin.py:188} INFO - [2026-08-17T13:19:46.516+0000] {dag.py:3089} INFO - Sync 1 DAGs
[2026-08-17T13:19:46.574+0000] {processor.py:183} INFO - Processing /opt/airflow/dags/youtube_pipeline.py took 0.211 seconds
[2026-08-17T13:20:16.908+0000] {processor.py:161} INFO - Started process (PID=18596) to work on /opt/airflow/dags/youtube_pipeline.py
[2026-08-17T13:20:16.910+0000] {processor.py:830} INFO - Processing file /opt/airflow/dags/youtube_pipeline.py for tasks to queue
[2026-08-17T13:20:16.913+0000] {logging_mixin.py:188} INFO - [2026-08-17T13:20:16.912+0000] {dagbag.py:545} INFO - Filling up the DagBag from /opt/airflow/dags/youtube_pipeline.py
[2026-08-17T13:20:16.974+0000] {processor.py:840} INFO - DAG(s) 'youtube_english_video_pipeline' retrieved from /opt/airflow/dags/youtube_pipeline.py
[2026-08-17T13:20:17.034+0000] {logging_mixin.py:188} INFO - [2026-08-17T13:20:17.033+0000] {dag.py:3089} INFO - Sync 1 DAGs
[2026-08-17T13:20:17.103+0000] {processor.py:183} INFO - Processing /opt/airflow/dags/youtube_pipeline.py took 0.207 seconds
[2026-08-17T13:20:47.444+0000] {processor.py:161} INFO - Started process (PID=18601) to work on /opt/airflow/dags/youtube_pipeline.py
[2026-08-17T13:20:47.446+0000] {processor.py:830} INFO - Processing file /opt/airflow/dags/youtube_pipeline.py for tasks to queue
[2026-08-17T13:20:47.449+0000] {logging_mixin.py:188} INFO - [2026-08-17T13:20:47.449+0000] {dagbag.py:545} INFO - Filling up the DagBag from /opt/airflow/dags/youtube_pipeline.py
[2026-08-17T13:20:47.522+0000] {processor.py:840} INFO - DAG(s) 'youtube_english_video_pipeline' retrieved from /opt/airflow/dags/youtube_pipeline.py
[2026-08-17T13:20:47.578+0000] {logging_mixin.py:188} INFO - [2026-08-17T13:20:47.578+0000] {dag.py:3089} INFO - Sync 1 DAGs
[2026-08-17T13:20:47.639+0000] {processor.py:183} INFO - Processing /opt/airflow/dags/youtube_pipeline.py took 0.206 seconds
[2026-08-17T13:21:17.966+0000] {processor.py:161} INFO - Started process (PID=18606) to work on /opt/airflow/dags/youtube_pipeline.py
[2026-08-17T13:21:17.968+0000] {processor.py:830} INFO - Processing file /opt/airflow/dags/youtube_pipeline.py for tasks to queue
[2026-08-17T13:21:17.971+0000] {logging_mixin.py:188} INFO - [2026-08-17T13:21:17.971+0000] {dagbag.py:545} INFO - Filling up the DagBag from /opt/airflow/dags/youtube_pipeline.py
[2026-08-17T13:21:18.032+0000] {processor.py:840} INFO - DAG(s) 'youtube_english_video_pipeline' retrieved from /opt/airflow/dags/youtube_pipeline.py
[2026-08-17T13:21:18.088+0000] {logging_mixin.py:188} INFO - [2026-08-17T13:21:18.088+0000] {dag.py:3089} INFO - Sync 1 DAGs
[2026-08-17T13:21:18.164+0000] {processor.py:183} INFO - Processing /opt/airflow/dags/youtube_pipeline.py took 0.208 seconds
[2026-08-17T13:21:48.500+0000] {processor.py:161} INFO - Started process (PID=18611) to work on /opt/airflow/dags/youtube_pipeline.py
[2026-08-17T13:21:48.502+0000] {processor.py:830} INFO - Processing file /opt/airflow/dags/youtube_pipeline.py for tasks to queue
[2026-08-17T13:21:48.506+0000] {logging_mixin.py:188} INFO - [2026-08-17T13:21:48.505+0000] {dagbag.py:545} INFO - Filling up the DagBag from /opt/airflow/dags/youtube_pipeline.py
[2026-08-17T13:21:48.576+0000] {processor.py:840} INFO - DAG(s) 'youtube_english_video_pipeline' retrieved from /opt/airflow/dags/youtube_pipeline.py
[2026-08-17T13:21:48.642+0000] {logging_mixin.py:188} INFO - [2026-08-17T13:21:48.642+0000] {dag.py:3089} INFO - Sync 1 DAGs
[2026-08-17T13:21:48.706+0000] {processor.py:183} INFO - Processing /opt/airflow/dags/youtube_pipeline.py took 0.218 seconds
[2026-08-17T13:22:19.058+0000] {processor.py:161} INFO - Started process (PID=18616) to work on /opt/airflow/dags/youtube_pipeline.py
[2026-08-17T13:22:19.060+0000] {processor.py:830} INFO - Processing file /opt/airflow/dags/youtube_pipeline.py for tasks to queue
[2026-08-17T13:22:19.064+0000] {logging_mixin.py:188} INFO - [2026-08-17T13:22:19.063+0000] {dagbag.py:545} INFO - Filling up the DagBag from /opt/airflow/dags/youtube_pipeline.py
[2026-08-17T13:22:19.127+0000] {processor.py:840} INFO - DAG(s) 'youtube_english_video_pipeline' retrieved from /opt/airflow/dags/youtube_pipeline.py
[2026-08-17T13:22:19.186+0000] {logging_mixin.py:188} INFO - [2026-08-17T13:22:19.186+0000] {dag.py:3089} INFO - Sync 1 DAGs
[2026-08-17T13:22:19.250+0000] {processor.py:183} INFO - Processing /opt/airflow/dags/youtube_pipeline.py took 0.203 seconds
