[2026-09-22T00:31:42.178+0000] {local_task_job_runner.py:120} INFO - ::group::Pre task execution logs
[2026-09-22T00:31:42.240+0000] {taskinstance.py:2076} INFO - Dependencies all met for dep_context=non-requeueable deps ti=<TaskInstance: youtube_english_video_pipeline.upload_long_video_5 scheduled__2026-09-20T12:00:00+00:00 [queued]>
[2026-09-22T00:31:42.257+0000] {taskinstance.py:2076} INFO - Dependencies all met for dep_context=requeueable deps ti=<TaskInstance: youtube_english_video_pipeline.upload_long_video_5 scheduled__2026-09-20T12:00:00+00:00 [queued]>
[2026-09-22T00:31:42.258+0000] {taskinstance.py:2306} INFO - Starting attempt 1 of 3
[2026-09-22T00:31:42.280+0000] {taskinstance.py:2330} INFO - Executing <Task(PythonOperator): upload_long_video_5> on 2026-09-20 12:00:00+00:00
[2026-09-22T00:31:42.289+0000] {standard_task_runner.py:64} INFO - Started process 17836 to run task
[2026-09-22T00:31:42.295+0000] {standard_task_runner.py:90} INFO - Running: ['airflow', 'tasks', 'run', 'youtube_english_video_pipeline', 'upload_long_video_5', 'scheduled__2026-09-20T12:00:00+00:00', '--job-id', '1481', '--raw', '--subdir', 'DAGS_FOLDER/youtube_pipeline.py', '--cfg-path', '/tmp/tmpvtixube8']
[2026-09-22T00:31:42.299+0000] {standard_task_runner.py:91} INFO - Job 1481: Subtask upload_long_video_5
[2026-09-22T00:31:42.390+0000] {task_command.py:426} INFO - Running <TaskInstance: youtube_english_video_pipeline.upload_long_video_5 scheduled__2026-09-20T12:00:00+00:00 [running]> on host 73b18333cdfe
[2026-09-22T00:31:42.739+0000] {taskinstance.py:2648} INFO - Exporting env vars: AIRFLOW_CTX_DAG_OWNER='taky' AIRFLOW_CTX_DAG_ID='youtube_english_video_pipeline' AIRFLOW_CTX_TASK_ID='upload_long_video_5' AIRFLOW_CTX_EXECUTION_DATE='2026-09-20T12:00:00+00:00' AIRFLOW_CTX_TRY_NUMBER='1' AIRFLOW_CTX_DAG_RUN_ID='scheduled__2026-09-20T12:00:00+00:00'
[2026-09-22T00:31:42.741+0000] {taskinstance.py:430} INFO - ::endgroup::
[2026-09-22T00:31:43.271+0000] {__init__.py:49} INFO - file_cache is only supported with oauth2client<4.0.0
[2026-09-22T00:31:43.286+0000] {logging_mixin.py:188} INFO - 2026-09-22 00:31:43,285 | INFO     | uploader.youtube_uploader | Uploading video 'Shopping English: Essential Phrases for Your Next Trip Abroad' (/opt/airflow/output/videos/long_3656.mp4) to YouTube...
[2026-09-22T00:31:48.773+0000] {logging_mixin.py:188} INFO - 2026-09-22 00:31:48,773 | INFO     | uploader.youtube_uploader | Upload complete. YouTube video id = tH-FxRmRob8
[2026-09-22T00:31:52.664+0000] {logging_mixin.py:188} INFO - 2026-09-22 00:31:52,664 | INFO     | uploader.youtube_uploader | Custom thumbnail uploaded.
[2026-09-22T00:31:52.688+0000] {python.py:237} INFO - Done. Returned value was: tH-FxRmRob8
[2026-09-22T00:31:52.691+0000] {taskinstance.py:441} INFO - ::group::Post task execution logs
[2026-09-22T00:31:52.741+0000] {taskinstance.py:1206} INFO - Marking task as SUCCESS. dag_id=youtube_english_video_pipeline, task_id=upload_long_video_5, run_id=scheduled__2026-09-20T12:00:00+00:00, execution_date=20260920T120000, start_date=20260922T003142, end_date=20260922T003152
[2026-09-22T00:31:52.818+0000] {local_task_job_runner.py:243} INFO - Task exited with return code 0
[2026-09-22T00:31:53.000+0000] {taskinstance.py:3503} INFO - 1 downstream tasks scheduled from follow-on schedule check
[2026-09-22T00:31:53.008+0000] {local_task_job_runner.py:222} INFO - ::endgroup::
