[2026-07-29T23:41:45.352+0000] {local_task_job_runner.py:120} INFO - ::group::Pre task execution logs
[2026-07-29T23:41:45.396+0000] {taskinstance.py:2076} INFO - Dependencies all met for dep_context=non-requeueable deps ti=<TaskInstance: youtube_english_video_pipeline.build_long_video_7 scheduled__2026-07-28T12:00:00+00:00 [queued]>
[2026-07-29T23:41:45.411+0000] {taskinstance.py:2076} INFO - Dependencies all met for dep_context=requeueable deps ti=<TaskInstance: youtube_english_video_pipeline.build_long_video_7 scheduled__2026-07-28T12:00:00+00:00 [queued]>
[2026-07-29T23:41:45.631+0000] {taskinstance.py:2306} INFO - Starting attempt 1 of 3
[2026-07-29T23:41:45.659+0000] {taskinstance.py:2330} INFO - Executing <Task(PythonOperator): build_long_video_7> on 2026-07-28 12:00:00+00:00
[2026-07-29T23:41:45.673+0000] {standard_task_runner.py:64} INFO - Started process 61306 to run task
[2026-07-29T23:41:45.677+0000] {standard_task_runner.py:90} INFO - Running: ['airflow', 'tasks', 'run', 'youtube_english_video_pipeline', 'build_long_video_7', 'scheduled__2026-07-28T12:00:00+00:00', '--job-id', '571', '--raw', '--subdir', 'DAGS_FOLDER/youtube_pipeline.py', '--cfg-path', '/tmp/tmpinybzcdp']
[2026-07-29T23:41:45.682+0000] {standard_task_runner.py:91} INFO - Job 571: Subtask build_long_video_7
[2026-07-29T23:41:45.825+0000] {task_command.py:426} INFO - Running <TaskInstance: youtube_english_video_pipeline.build_long_video_7 scheduled__2026-07-28T12:00:00+00:00 [running]> on host cc859d74cf38
[2026-07-29T23:41:46.210+0000] {taskinstance.py:2648} INFO - Exporting env vars: AIRFLOW_CTX_DAG_OWNER='taky' AIRFLOW_CTX_DAG_ID='youtube_english_video_pipeline' AIRFLOW_CTX_TASK_ID='build_long_video_7' AIRFLOW_CTX_EXECUTION_DATE='2026-07-28T12:00:00+00:00' AIRFLOW_CTX_TRY_NUMBER='1' AIRFLOW_CTX_DAG_RUN_ID='scheduled__2026-07-28T12:00:00+00:00'
[2026-07-29T23:41:46.215+0000] {taskinstance.py:430} INFO - ::endgroup::
[2026-07-29T23:41:48.335+0000] {logging_mixin.py:188} INFO - 2026-07-29 23:41:48,335 | INFO     | planner.video_planner | Only 8 phrases for topic='Business English', topping up without topic filter
[2026-07-29T23:41:48.348+0000] {logging_mixin.py:188} INFO - 2026-07-29 23:41:48,347 | INFO     | planner.video_planner | Planned LONG video: topic='Mixed English Expressions', phrases=20
[2026-07-29T23:41:48.769+0000] {logging_mixin.py:188} INFO - 2026-07-29 23:41:48,769 | INFO     | tts.edge_tts | Synthesized audio -> /opt/airflow/output/audio/phrase_1354.mp3
[2026-07-29T23:41:49.320+0000] {logging_mixin.py:188} INFO - 2026-07-29 23:41:49,320 | INFO     | tts.edge_tts | Synthesized audio -> /opt/airflow/output/audio/example_1354.mp3
[2026-07-29T23:41:49.711+0000] {logging_mixin.py:188} INFO - 2026-07-29 23:41:49,711 | INFO     | media.image_downloader | Downloaded background image for scene='office' -> /opt/airflow/output/images/long_1354.jpg
[2026-07-29T23:41:55.484+0000] {logging_mixin.py:188} INFO - 2026-07-29 23:41:55,484 | INFO     | tts.edge_tts | Synthesized audio -> /opt/airflow/output/audio/phrase_1358.mp3
[2026-07-29T23:41:55.953+0000] {logging_mixin.py:188} INFO - 2026-07-29 23:41:55,952 | INFO     | tts.edge_tts | Synthesized audio -> /opt/airflow/output/audio/example_1358.mp3
[2026-07-29T23:41:56.349+0000] {logging_mixin.py:188} INFO - 2026-07-29 23:41:56,349 | INFO     | media.image_downloader | Downloaded background image for scene='park' -> /opt/airflow/output/images/long_1358.jpg
[2026-07-29T23:42:06.447+0000] {logging_mixin.py:188} INFO - 2026-07-29 23:42:06,446 | INFO     | tts.edge_tts | Synthesized audio -> /opt/airflow/output/audio/phrase_1360.mp3
[2026-07-29T23:42:06.973+0000] {logging_mixin.py:188} INFO - 2026-07-29 23:42:06,973 | INFO     | tts.edge_tts | Synthesized audio -> /opt/airflow/output/audio/example_1360.mp3
[2026-07-29T23:42:07.364+0000] {logging_mixin.py:188} INFO - 2026-07-29 23:42:07,364 | INFO     | media.image_downloader | Downloaded background image for scene='hotel' -> /opt/airflow/output/images/long_1360.jpg
[2026-07-29T23:42:14.128+0000] {logging_mixin.py:188} INFO - 2026-07-29 23:42:14,128 | INFO     | tts.edge_tts | Synthesized audio -> /opt/airflow/output/audio/phrase_1361.mp3
[2026-07-29T23:42:14.559+0000] {logging_mixin.py:188} INFO - 2026-07-29 23:42:14,559 | INFO     | tts.edge_tts | Synthesized audio -> /opt/airflow/output/audio/example_1361.mp3
[2026-07-29T23:42:14.793+0000] {logging_mixin.py:188} INFO - 2026-07-29 23:42:14,793 | INFO     | media.image_downloader | Downloaded background image for scene='office' -> /opt/airflow/output/images/long_1361.jpg
[2026-07-29T23:42:22.894+0000] {logging_mixin.py:188} INFO - 2026-07-29 23:42:22,894 | INFO     | tts.edge_tts | Synthesized audio -> /opt/airflow/output/audio/phrase_1362.mp3
[2026-07-29T23:42:23.361+0000] {logging_mixin.py:188} INFO - 2026-07-29 23:42:23,361 | INFO     | tts.edge_tts | Synthesized audio -> /opt/airflow/output/audio/example_1362.mp3
[2026-07-29T23:42:23.598+0000] {logging_mixin.py:188} INFO - 2026-07-29 23:42:23,598 | INFO     | media.image_downloader | Downloaded background image for scene='hotel' -> /opt/airflow/output/images/long_1362.jpg
[2026-07-29T23:42:30.327+0000] {logging_mixin.py:188} INFO - 2026-07-29 23:42:30,327 | INFO     | tts.edge_tts | Synthesized audio -> /opt/airflow/output/audio/phrase_1367.mp3
[2026-07-29T23:42:30.764+0000] {logging_mixin.py:188} INFO - 2026-07-29 23:42:30,764 | INFO     | tts.edge_tts | Synthesized audio -> /opt/airflow/output/audio/example_1367.mp3
[2026-07-29T23:42:31.388+0000] {logging_mixin.py:188} INFO - 2026-07-29 23:42:31,388 | INFO     | media.image_downloader | Downloaded background image for scene='commute' -> /opt/airflow/output/images/long_1367.jpg
[2026-07-29T23:42:39.934+0000] {logging_mixin.py:188} INFO - 2026-07-29 23:42:39,934 | INFO     | tts.edge_tts | Synthesized audio -> /opt/airflow/output/audio/phrase_1368.mp3
[2026-07-29T23:42:40.409+0000] {logging_mixin.py:188} INFO - 2026-07-29 23:42:40,409 | INFO     | tts.edge_tts | Synthesized audio -> /opt/airflow/output/audio/example_1368.mp3
[2026-07-29T23:42:40.726+0000] {logging_mixin.py:188} INFO - 2026-07-29 23:42:40,726 | INFO     | media.image_downloader | Downloaded background image for scene='office' -> /opt/airflow/output/images/long_1368.jpg
[2026-07-29T23:42:48.355+0000] {logging_mixin.py:188} INFO - 2026-07-29 23:42:48,355 | INFO     | tts.edge_tts | Synthesized audio -> /opt/airflow/output/audio/phrase_1371.mp3
[2026-07-29T23:42:48.759+0000] {logging_mixin.py:188} INFO - 2026-07-29 23:42:48,759 | INFO     | tts.edge_tts | Synthesized audio -> /opt/airflow/output/audio/example_1371.mp3
[2026-07-29T23:42:48.974+0000] {logging_mixin.py:188} INFO - 2026-07-29 23:42:48,974 | INFO     | media.image_downloader | Downloaded background image for scene='party' -> /opt/airflow/output/images/long_1371.jpg
[2026-07-29T23:42:53.792+0000] {logging_mixin.py:188} INFO - 2026-07-29 23:42:53,792 | INFO     | tts.edge_tts | Synthesized audio -> /opt/airflow/output/audio/phrase_1373.mp3
[2026-07-29T23:42:54.281+0000] {logging_mixin.py:188} INFO - 2026-07-29 23:42:54,280 | INFO     | tts.edge_tts | Synthesized audio -> /opt/airflow/output/audio/example_1373.mp3
[2026-07-29T23:42:54.610+0000] {logging_mixin.py:188} INFO - 2026-07-29 23:42:54,610 | INFO     | media.image_downloader | Downloaded background image for scene='coffee' -> /opt/airflow/output/images/long_1373.jpg
[2026-07-29T23:42:59.476+0000] {logging_mixin.py:188} INFO - 2026-07-29 23:42:59,476 | INFO     | tts.edge_tts | Synthesized audio -> /opt/airflow/output/audio/phrase_1374.mp3
[2026-07-29T23:43:00.086+0000] {logging_mixin.py:188} INFO - 2026-07-29 23:43:00,086 | INFO     | tts.edge_tts | Synthesized audio -> /opt/airflow/output/audio/example_1374.mp3
[2026-07-29T23:43:00.420+0000] {logging_mixin.py:188} INFO - 2026-07-29 23:43:00,420 | INFO     | media.image_downloader | Downloaded background image for scene='park' -> /opt/airflow/output/images/long_1374.jpg
[2026-07-29T23:43:06.973+0000] {logging_mixin.py:188} INFO - 2026-07-29 23:43:06,973 | INFO     | tts.edge_tts | Synthesized audio -> /opt/airflow/output/audio/phrase_1375.mp3
[2026-07-29T23:43:07.441+0000] {logging_mixin.py:188} INFO - 2026-07-29 23:43:07,441 | INFO     | tts.edge_tts | Synthesized audio -> /opt/airflow/output/audio/example_1375.mp3
[2026-07-29T23:43:07.673+0000] {logging_mixin.py:188} INFO - 2026-07-29 23:43:07,673 | INFO     | media.image_downloader | Downloaded background image for scene='airport' -> /opt/airflow/output/images/long_1375.jpg
[2026-07-29T23:43:14.194+0000] {logging_mixin.py:188} INFO - 2026-07-29 23:43:14,194 | INFO     | tts.edge_tts | Synthesized audio -> /opt/airflow/output/audio/phrase_1376.mp3
[2026-07-29T23:43:14.710+0000] {logging_mixin.py:188} INFO - 2026-07-29 23:43:14,710 | INFO     | tts.edge_tts | Synthesized audio -> /opt/airflow/output/audio/example_1376.mp3
[2026-07-29T23:43:14.943+0000] {logging_mixin.py:188} INFO - 2026-07-29 23:43:14,943 | INFO     | media.image_downloader | Downloaded background image for scene='classroom' -> /opt/airflow/output/images/long_1376.jpg
[2026-07-29T23:43:20.208+0000] {logging_mixin.py:188} INFO - 2026-07-29 23:43:20,207 | INFO     | tts.edge_tts | Synthesized audio -> /opt/airflow/output/audio/phrase_1377.mp3
[2026-07-29T23:43:20.620+0000] {logging_mixin.py:188} INFO - 2026-07-29 23:43:20,620 | INFO     | tts.edge_tts | Synthesized audio -> /opt/airflow/output/audio/example_1377.mp3
[2026-07-29T23:43:20.908+0000] {logging_mixin.py:188} INFO - 2026-07-29 23:43:20,908 | INFO     | media.image_downloader | Downloaded background image for scene='cafeteria' -> /opt/airflow/output/images/long_1377.jpg
[2026-07-29T23:43:26.088+0000] {logging_mixin.py:188} INFO - 2026-07-29 23:43:26,088 | INFO     | tts.edge_tts | Synthesized audio -> /opt/airflow/output/audio/phrase_1378.mp3
[2026-07-29T23:43:26.479+0000] {logging_mixin.py:188} INFO - 2026-07-29 23:43:26,478 | INFO     | tts.edge_tts | Synthesized audio -> /opt/airflow/output/audio/example_1378.mp3
[2026-07-29T23:43:26.703+0000] {logging_mixin.py:188} INFO - 2026-07-29 23:43:26,703 | INFO     | media.image_downloader | Downloaded background image for scene='meeting' -> /opt/airflow/output/images/long_1378.jpg
[2026-07-29T23:43:31.767+0000] {logging_mixin.py:188} INFO - 2026-07-29 23:43:31,766 | INFO     | tts.edge_tts | Synthesized audio -> /opt/airflow/output/audio/phrase_1379.mp3
[2026-07-29T23:43:32.333+0000] {logging_mixin.py:188} INFO - 2026-07-29 23:43:32,333 | INFO     | tts.edge_tts | Synthesized audio -> /opt/airflow/output/audio/example_1379.mp3
[2026-07-29T23:43:32.626+0000] {logging_mixin.py:188} INFO - 2026-07-29 23:43:32,626 | INFO     | media.image_downloader | Downloaded background image for scene='office' -> /opt/airflow/output/images/long_1379.jpg
[2026-07-29T23:43:37.830+0000] {logging_mixin.py:188} INFO - 2026-07-29 23:43:37,829 | INFO     | tts.edge_tts | Synthesized audio -> /opt/airflow/output/audio/phrase_1381.mp3
[2026-07-29T23:43:38.348+0000] {logging_mixin.py:188} INFO - 2026-07-29 23:43:38,348 | INFO     | tts.edge_tts | Synthesized audio -> /opt/airflow/output/audio/example_1381.mp3
[2026-07-29T23:43:39.135+0000] {logging_mixin.py:188} INFO - 2026-07-29 23:43:39,135 | INFO     | media.image_downloader | Downloaded background image for scene='dinner' -> /opt/airflow/output/images/long_1381.jpg
[2026-07-29T23:43:43.660+0000] {logging_mixin.py:188} INFO - 2026-07-29 23:43:43,659 | INFO     | tts.edge_tts | Synthesized audio -> /opt/airflow/output/audio/phrase_1384.mp3
[2026-07-29T23:43:44.003+0000] {logging_mixin.py:188} INFO - 2026-07-29 23:43:44,003 | INFO     | tts.edge_tts | Synthesized audio -> /opt/airflow/output/audio/example_1384.mp3
[2026-07-29T23:43:44.235+0000] {logging_mixin.py:188} INFO - 2026-07-29 23:43:44,235 | INFO     | media.image_downloader | Downloaded background image for scene='phone' -> /opt/airflow/output/images/long_1384.jpg
[2026-07-29T23:43:48.635+0000] {logging_mixin.py:188} INFO - 2026-07-29 23:43:48,635 | INFO     | tts.edge_tts | Synthesized audio -> /opt/airflow/output/audio/phrase_1385.mp3
[2026-07-29T23:43:49.037+0000] {logging_mixin.py:188} INFO - 2026-07-29 23:43:49,037 | INFO     | tts.edge_tts | Synthesized audio -> /opt/airflow/output/audio/example_1385.mp3
[2026-07-29T23:43:49.335+0000] {logging_mixin.py:188} INFO - 2026-07-29 23:43:49,335 | INFO     | media.image_downloader | Downloaded background image for scene='store' -> /opt/airflow/output/images/long_1385.jpg
[2026-07-29T23:43:56.340+0000] {logging_mixin.py:188} INFO - 2026-07-29 23:43:56,340 | INFO     | tts.edge_tts | Synthesized audio -> /opt/airflow/output/audio/phrase_1387.mp3
[2026-07-29T23:43:56.793+0000] {logging_mixin.py:188} INFO - 2026-07-29 23:43:56,792 | INFO     | tts.edge_tts | Synthesized audio -> /opt/airflow/output/audio/example_1387.mp3
[2026-07-29T23:43:57.087+0000] {logging_mixin.py:188} INFO - 2026-07-29 23:43:57,086 | INFO     | media.image_downloader | Downloaded background image for scene='street' -> /opt/airflow/output/images/long_1387.jpg
[2026-07-29T23:44:07.436+0000] {logging_mixin.py:188} INFO - 2026-07-29 23:44:07,436 | INFO     | tts.edge_tts | Synthesized audio -> /opt/airflow/output/audio/phrase_1390.mp3
[2026-07-29T23:44:07.879+0000] {logging_mixin.py:188} INFO - 2026-07-29 23:44:07,879 | INFO     | tts.edge_tts | Synthesized audio -> /opt/airflow/output/audio/example_1390.mp3
[2026-07-29T23:44:08.169+0000] {logging_mixin.py:188} INFO - 2026-07-29 23:44:08,169 | INFO     | media.image_downloader | Downloaded background image for scene='hotel' -> /opt/airflow/output/images/long_1390.jpg
[2026-07-29T23:44:21.046+0000] {logging_mixin.py:188} INFO - 2026-07-29 23:44:21,046 | WARNING  | video.video_builder | BGM file not found at /opt/airflow/assets/bgm/long_bgm.mp3, rendering without background music
[2026-07-29T23:44:53.494+0000] {logging_mixin.py:188} INFO - 2026-07-29 23:44:53,493 | INFO     | video.video_builder | Final video rendered -> /opt/airflow/output/videos/long_1354.mp4
[2026-07-29T23:45:01.361+0000] {logging_mixin.py:188} INFO - 2026-07-29 23:45:01,361 | INFO     | media.thumbnail_builder | Built thumbnail -> /opt/airflow/output/thumbnails/long_1354.jpg
[2026-07-29T23:45:01.976+0000] {python.py:237} INFO - Done. Returned value was: {'video_id': 156, 'file_path': '/opt/airflow/output/videos/long_1354.mp4', 'thumbnail_path': '/opt/airflow/output/thumbnails/long_1354.jpg', 'title': '15+ Essential Everyday English Phrases You Need to Know | Spoken English Practice', 'description': "Master natural spoken English with Taky's Language School! In this lesson, you'll learn essential everyday English expressions used in daily conversations, travel, and at work.\n\nPhrases covered in this video:\n• Let's call it a day\n• How is your day going?\n• Could you give me a hand?\n• I'd like to check in, please\n• I'm running a bit late\n• How come?\n• To be honest...\n• Let's catch up soon\n• Mind if I join you?\n• That makes sense\n• It's up to you\n...and many more!\n\nPractice speaking along with our example sentences to boost your confidence and fluency. Don't forget to subscribe to Taky's Language School for more practical English lessons!", 'tags': ['English expressions', 'spoken English', "Taky's Language School", 'learn English', 'everyday English phrases', 'English conversation practice', 'speak English fluently', 'useful English phrases', 'daily English conversation', 'English for beginners'], 'video_type': 'long'}
[2026-07-29T23:45:01.980+0000] {taskinstance.py:441} INFO - ::group::Post task execution logs
[2026-07-29T23:45:02.032+0000] {taskinstance.py:1206} INFO - Marking task as SUCCESS. dag_id=youtube_english_video_pipeline, task_id=build_long_video_7, run_id=scheduled__2026-07-28T12:00:00+00:00, execution_date=20260728T120000, start_date=20260729T234145, end_date=20260729T234502
[2026-07-29T23:45:02.104+0000] {local_task_job_runner.py:243} INFO - Task exited with return code 0
[2026-07-29T23:45:02.385+0000] {taskinstance.py:3503} INFO - 1 downstream tasks scheduled from follow-on schedule check
[2026-07-29T23:45:02.392+0000] {local_task_job_runner.py:222} INFO - ::endgroup::
