[2026-07-25T01:21:14.217+0000] {local_task_job_runner.py:120} INFO - ::group::Pre task execution logs
[2026-07-25T01:21:14.352+0000] {taskinstance.py:2076} INFO - Dependencies all met for dep_context=non-requeueable deps ti=<TaskInstance: youtube_english_video_pipeline.upload_short_video manual__2026-07-25T01:15:55.579264+00:00 [queued]>
[2026-07-25T01:21:14.386+0000] {taskinstance.py:2076} INFO - Dependencies all met for dep_context=requeueable deps ti=<TaskInstance: youtube_english_video_pipeline.upload_short_video manual__2026-07-25T01:15:55.579264+00:00 [queued]>
[2026-07-25T01:21:14.395+0000] {taskinstance.py:2306} INFO - Starting attempt 1 of 3
[2026-07-25T01:21:14.432+0000] {taskinstance.py:2330} INFO - Executing <Task(PythonOperator): upload_short_video> on 2026-07-25 01:15:55.579264+00:00
[2026-07-25T01:21:14.465+0000] {standard_task_runner.py:64} INFO - Started process 671 to run task
[2026-07-25T01:21:14.471+0000] {standard_task_runner.py:90} INFO - Running: ['airflow', 'tasks', 'run', 'youtube_english_video_pipeline', 'upload_short_video', 'manual__2026-07-25T01:15:55.579264+00:00', '--job-id', '105', '--raw', '--subdir', 'DAGS_FOLDER/youtube_pipeline.py', '--cfg-path', '/tmp/tmplcjk_vrl']
[2026-07-25T01:21:14.507+0000] {standard_task_runner.py:91} INFO - Job 105: Subtask upload_short_video
[2026-07-25T01:21:15.395+0000] {task_command.py:426} INFO - Running <TaskInstance: youtube_english_video_pipeline.upload_short_video manual__2026-07-25T01:15:55.579264+00:00 [running]> on host 654b8331d764
[2026-07-25T01:21:16.197+0000] {taskinstance.py:2648} INFO - Exporting env vars: AIRFLOW_CTX_DAG_OWNER='taky' AIRFLOW_CTX_DAG_ID='youtube_english_video_pipeline' AIRFLOW_CTX_TASK_ID='upload_short_video' AIRFLOW_CTX_EXECUTION_DATE='2026-07-25T01:15:55.579264+00:00' AIRFLOW_CTX_TRY_NUMBER='1' AIRFLOW_CTX_DAG_RUN_ID='manual__2026-07-25T01:15:55.579264+00:00'
[2026-07-25T01:21:16.229+0000] {taskinstance.py:430} INFO - ::endgroup::
[2026-07-25T01:21:27.387+0000] {__init__.py:49} INFO - file_cache is only supported with oauth2client<4.0.0
[2026-07-25T01:21:27.528+0000] {logging_mixin.py:188} INFO - 2026-07-25 01:21:27,528 | INFO     | uploader.youtube_uploader | Uploading video 'Say THIS When You're Late! ⏰ Natural English Phrases #Shorts' (/opt/airflow/output/videos/short_73.mp4) to YouTube...
[2026-07-25T01:21:52.136+0000] {logging_mixin.py:188} INFO - 2026-07-25 01:21:52,136 | INFO     | uploader.youtube_uploader | Upload complete. YouTube video id = xkE4eNSW_h8
[2026-07-25T01:21:52.415+0000] {python.py:237} INFO - Done. Returned value was: xkE4eNSW_h8
[2026-07-25T01:21:52.520+0000] {taskinstance.py:441} INFO - ::group::Post task execution logs
[2026-07-25T01:21:52.579+0000] {taskinstance.py:1206} INFO - Marking task as SUCCESS. dag_id=youtube_english_video_pipeline, task_id=upload_short_video, run_id=manual__2026-07-25T01:15:55.579264+00:00, execution_date=20260725T011555, start_date=20260725T012114, end_date=20260725T012152
[2026-07-25T01:21:53.037+0000] {local_task_job_runner.py:243} INFO - Task exited with return code 0
[2026-07-25T01:21:53.194+0000] {taskinstance.py:3503} INFO - 0 downstream tasks scheduled from follow-on schedule check
[2026-07-25T01:21:53.329+0000] {local_task_job_runner.py:222} INFO - ::endgroup::
