[2026-09-15T00:18:09.327+0000] {local_task_job_runner.py:120} INFO - ::group::Pre task execution logs
[2026-09-15T00:18:09.355+0000] {taskinstance.py:2076} INFO - Dependencies all met for dep_context=non-requeueable deps ti=<TaskInstance: youtube_english_video_pipeline.upload_short_video_6 scheduled__2026-09-13T12:00:00+00:00 [queued]>
[2026-09-15T00:18:09.367+0000] {taskinstance.py:2076} INFO - Dependencies all met for dep_context=requeueable deps ti=<TaskInstance: youtube_english_video_pipeline.upload_short_video_6 scheduled__2026-09-13T12:00:00+00:00 [queued]>
[2026-09-15T00:18:09.368+0000] {taskinstance.py:2306} INFO - Starting attempt 1 of 3
[2026-09-15T00:18:09.380+0000] {taskinstance.py:2330} INFO - Executing <Task(PythonOperator): upload_short_video_6> on 2026-09-13 12:00:00+00:00
[2026-09-15T00:18:09.385+0000] {standard_task_runner.py:64} INFO - Started process 17843 to run task
[2026-09-15T00:18:09.390+0000] {standard_task_runner.py:90} INFO - Running: ['airflow', 'tasks', 'run', 'youtube_english_video_pipeline', 'upload_short_video_6', 'scheduled__2026-09-13T12:00:00+00:00', '--job-id', '1178', '--raw', '--subdir', 'DAGS_FOLDER/youtube_pipeline.py', '--cfg-path', '/tmp/tmp3w5tg66s']
[2026-09-15T00:18:09.394+0000] {standard_task_runner.py:91} INFO - Job 1178: Subtask upload_short_video_6
[2026-09-15T00:18:09.447+0000] {task_command.py:426} INFO - Running <TaskInstance: youtube_english_video_pipeline.upload_short_video_6 scheduled__2026-09-13T12:00:00+00:00 [running]> on host cc859d74cf38
[2026-09-15T00:18:09.637+0000] {taskinstance.py:2648} INFO - Exporting env vars: AIRFLOW_CTX_DAG_OWNER='taky' AIRFLOW_CTX_DAG_ID='youtube_english_video_pipeline' AIRFLOW_CTX_TASK_ID='upload_short_video_6' AIRFLOW_CTX_EXECUTION_DATE='2026-09-13T12:00:00+00:00' AIRFLOW_CTX_TRY_NUMBER='1' AIRFLOW_CTX_DAG_RUN_ID='scheduled__2026-09-13T12:00:00+00:00'
[2026-09-15T00:18:09.638+0000] {taskinstance.py:430} INFO - ::endgroup::
[2026-09-15T00:18:09.887+0000] {__init__.py:49} INFO - file_cache is only supported with oauth2client<4.0.0
[2026-09-15T00:18:09.893+0000] {logging_mixin.py:188} INFO - 2026-09-15 00:18:09,892 | INFO     | uploader.youtube_uploader | Uploading video 'Daily English Phrase | Airport English' (/opt/airflow/output/videos/short_2855.mp4) to YouTube...
[2026-09-15T00:18:12.971+0000] {logging_mixin.py:188} INFO - 2026-09-15 00:18:12,971 | INFO     | uploader.youtube_uploader | Upload complete. YouTube video id = -UtF2Rif5ME
[2026-09-15T00:18:12.981+0000] {python.py:237} INFO - Done. Returned value was: -UtF2Rif5ME
[2026-09-15T00:18:12.984+0000] {taskinstance.py:441} INFO - ::group::Post task execution logs
[2026-09-15T00:18:13.005+0000] {taskinstance.py:1206} INFO - Marking task as SUCCESS. dag_id=youtube_english_video_pipeline, task_id=upload_short_video_6, run_id=scheduled__2026-09-13T12:00:00+00:00, execution_date=20260913T120000, start_date=20260915T001809, end_date=20260915T001813
[2026-09-15T00:18:13.061+0000] {local_task_job_runner.py:243} INFO - Task exited with return code 0
[2026-09-15T00:18:13.090+0000] {taskinstance.py:3503} INFO - 1 downstream tasks scheduled from follow-on schedule check
[2026-09-15T00:18:13.095+0000] {local_task_job_runner.py:222} INFO - ::endgroup::
