[2026-08-11T12:24:55.012+0000] {local_task_job_runner.py:120} INFO - ::group::Pre task execution logs
[2026-08-11T12:24:55.076+0000] {taskinstance.py:2076} INFO - Dependencies all met for dep_context=non-requeueable deps ti=<TaskInstance: youtube_english_video_pipeline.upload_short_video_1 scheduled__2026-08-10T12:00:00+00:00 [queued]>
[2026-08-11T12:24:55.087+0000] {taskinstance.py:2076} INFO - Dependencies all met for dep_context=requeueable deps ti=<TaskInstance: youtube_english_video_pipeline.upload_short_video_1 scheduled__2026-08-10T12:00:00+00:00 [queued]>
[2026-08-11T12:24:55.090+0000] {taskinstance.py:2306} INFO - Starting attempt 1 of 3
[2026-08-11T12:24:55.109+0000] {taskinstance.py:2330} INFO - Executing <Task(PythonOperator): upload_short_video_1> on 2026-08-10 12:00:00+00:00
[2026-08-11T12:24:55.118+0000] {standard_task_runner.py:64} INFO - Started process 15724 to run task
[2026-08-11T12:24:55.122+0000] {standard_task_runner.py:90} INFO - Running: ['airflow', 'tasks', 'run', 'youtube_english_video_pipeline', 'upload_short_video_1', 'scheduled__2026-08-10T12:00:00+00:00', '--job-id', '686', '--raw', '--subdir', 'DAGS_FOLDER/youtube_pipeline.py', '--cfg-path', '/tmp/tmpi_5t0xbb']
[2026-08-11T12:24:55.128+0000] {standard_task_runner.py:91} INFO - Job 686: Subtask upload_short_video_1
[2026-08-11T12:24:55.232+0000] {task_command.py:426} INFO - Running <TaskInstance: youtube_english_video_pipeline.upload_short_video_1 scheduled__2026-08-10T12:00:00+00:00 [running]> on host cc859d74cf38
[2026-08-11T12:24:55.505+0000] {taskinstance.py:2648} INFO - Exporting env vars: AIRFLOW_CTX_DAG_OWNER='taky' AIRFLOW_CTX_DAG_ID='youtube_english_video_pipeline' AIRFLOW_CTX_TASK_ID='upload_short_video_1' AIRFLOW_CTX_EXECUTION_DATE='2026-08-10T12:00:00+00:00' AIRFLOW_CTX_TRY_NUMBER='1' AIRFLOW_CTX_DAG_RUN_ID='scheduled__2026-08-10T12:00:00+00:00'
[2026-08-11T12:24:55.508+0000] {taskinstance.py:430} INFO - ::endgroup::
[2026-08-11T12:24:57.113+0000] {__init__.py:49} INFO - file_cache is only supported with oauth2client<4.0.0
[2026-08-11T12:24:57.131+0000] {logging_mixin.py:188} INFO - 2026-08-11 12:24:57,131 | INFO     | uploader.youtube_uploader | Uploading video 'Airport English Phrases: Where is Baggage Claim? ✈️ #Shorts' (/opt/airflow/output/videos/short_1604.mp4) to YouTube...
[2026-08-11T12:25:00.287+0000] {logging_mixin.py:188} INFO - 2026-08-11 12:25:00,287 | INFO     | uploader.youtube_uploader | Upload complete. YouTube video id = BbMLSWUjC4s
[2026-08-11T12:25:00.339+0000] {python.py:237} INFO - Done. Returned value was: BbMLSWUjC4s
[2026-08-11T12:25:00.358+0000] {taskinstance.py:441} INFO - ::group::Post task execution logs
[2026-08-11T12:25:00.402+0000] {taskinstance.py:1206} INFO - Marking task as SUCCESS. dag_id=youtube_english_video_pipeline, task_id=upload_short_video_1, run_id=scheduled__2026-08-10T12:00:00+00:00, execution_date=20260810T120000, start_date=20260811T122455, end_date=20260811T122500
[2026-08-11T12:25:00.470+0000] {local_task_job_runner.py:243} INFO - Task exited with return code 0
[2026-08-11T12:25:00.657+0000] {taskinstance.py:3503} INFO - 1 downstream tasks scheduled from follow-on schedule check
[2026-08-11T12:25:00.666+0000] {local_task_job_runner.py:222} INFO - ::endgroup::
