[2026-07-22T12:00:04.260+0000] {local_task_job_runner.py:120} INFO - ::group::Pre task execution logs
[2026-07-22T12:00:04.286+0000] {taskinstance.py:2076} INFO - Dependencies all met for dep_context=non-requeueable deps ti=<TaskInstance: youtube_english_video_pipeline.build_short_video scheduled__2026-07-21T12:00:00+00:00 [queued]>
[2026-07-22T12:00:04.292+0000] {taskinstance.py:2076} INFO - Dependencies all met for dep_context=requeueable deps ti=<TaskInstance: youtube_english_video_pipeline.build_short_video scheduled__2026-07-21T12:00:00+00:00 [queued]>
[2026-07-22T12:00:04.293+0000] {taskinstance.py:2306} INFO - Starting attempt 1 of 3
[2026-07-22T12:00:04.302+0000] {taskinstance.py:2330} INFO - Executing <Task(PythonOperator): build_short_video> on 2026-07-21 12:00:00+00:00
[2026-07-22T12:00:04.308+0000] {standard_task_runner.py:64} INFO - Started process 5249 to run task
[2026-07-22T12:00:04.310+0000] {standard_task_runner.py:90} INFO - Running: ['airflow', 'tasks', 'run', 'youtube_english_video_pipeline', 'build_short_video', 'scheduled__2026-07-21T12:00:00+00:00', '--job-id', '33', '--raw', '--subdir', 'DAGS_FOLDER/youtube_pipeline.py', '--cfg-path', '/tmp/tmpmgcr_8zk']
[2026-07-22T12:00:04.312+0000] {standard_task_runner.py:91} INFO - Job 33: Subtask build_short_video
[2026-07-22T12:00:04.384+0000] {task_command.py:426} INFO - Running <TaskInstance: youtube_english_video_pipeline.build_short_video scheduled__2026-07-21T12:00:00+00:00 [running]> on host 38df6585cc26
[2026-07-22T12:00:04.583+0000] {taskinstance.py:2648} INFO - Exporting env vars: AIRFLOW_CTX_DAG_OWNER='taky' AIRFLOW_CTX_DAG_ID='youtube_english_video_pipeline' AIRFLOW_CTX_TASK_ID='build_short_video' AIRFLOW_CTX_EXECUTION_DATE='2026-07-21T12:00:00+00:00' AIRFLOW_CTX_TRY_NUMBER='1' AIRFLOW_CTX_DAG_RUN_ID='scheduled__2026-07-21T12:00:00+00:00'
[2026-07-22T12:00:04.584+0000] {taskinstance.py:430} INFO - ::endgroup::
[2026-07-22T12:00:05.091+0000] {logging_mixin.py:188} INFO - 2026-07-22 12:00:05,091 | INFO     | planner.video_planner | Planned SHORT video: topic='Restaurant English', phrases=1
[2026-07-22T12:00:05.614+0000] {logging_mixin.py:188} INFO - 2026-07-22 12:00:05,614 | INFO     | tts.edge_tts | Synthesized audio -> /opt/airflow/output/audio/phrase_2.mp3
[2026-07-22T12:00:06.084+0000] {logging_mixin.py:188} INFO - 2026-07-22 12:00:06,084 | INFO     | tts.edge_tts | Synthesized audio -> /opt/airflow/output/audio/example_2.mp3
[2026-07-22T12:00:06.874+0000] {logging_mixin.py:188} INFO - 2026-07-22 12:00:06,874 | INFO     | media.image_downloader | Downloaded background image for scene='restaurant' -> /opt/airflow/output/images/short_2.jpg
[2026-07-22T12:00:06.876+0000] {logging_mixin.py:188} INFO - 2026-07-22 12:00:06,876 | INFO     | video.video_builder | Running ffmpeg: ffmpeg -y -i /opt/airflow/output/audio/phrase_2.mp3 -i /opt/airflow/output/audio/example_2.mp3 -filter_complex [0:a]apad=pad_dur=0.4[a0];[a0][1:a]concat=n=2:v=0:a=1[aout] -map [aout] /opt/airflow/output/videos/_tmp/short_2_raw.audio.mp3
[2026-07-22T12:00:07.322+0000] {logging_mixin.py:188} INFO - 2026-07-22 12:00:07,322 | INFO     | video.video_builder | Running ffmpeg: ffmpeg -y -loop 1 -i /opt/airflow/output/images/short_2.jpg -i /opt/airflow/output/videos/_tmp/short_2_raw.audio.mp3 -vf scale=1080:1920:force_original_aspect_ratio=increase,crop=1080:1920,drawtext=fontfile='/opt/airflow/assets/fonts/NotoSansJP-Bold.ttf':text='I’d like to make a reservation.':fontcolor=FFFFFF:fontsize=72:x=(w-text_w)/2:y=(h*0.35):box=1:boxcolor=black@0.45:boxborderw=20,drawtext=fontfile='/opt/airflow/assets/fonts/NotoSansJP-Bold.ttf':text='I’d like to make a reservation for two at 7 PM.':fontcolor=FFD54A:fontsize=43:x=(w-text_w)/2:y=(h*0.55):box=1:boxcolor=black@0.45:boxborderw=16 -c:v libx264 -tune stillimage -pix_fmt yuv420p -c:a aac -b:a 192k -shortest -r 30 /opt/airflow/output/videos/_tmp/short_2_raw.mp4
[2026-07-22T12:00:13.072+0000] {logging_mixin.py:188} INFO - 2026-07-22 12:00:13,060 | INFO     | media.subtitle_generator | Wrote subtitle file -> /opt/airflow/output/subtitles/short_2.srt
[2026-07-22T12:00:13.099+0000] {logging_mixin.py:188} INFO - 2026-07-22 12:00:13,098 | WARNING  | video.video_builder | BGM file not found at /opt/airflow/assets/bgm/short_bgm.mp3, rendering without background music
[2026-07-22T12:00:13.100+0000] {logging_mixin.py:188} INFO - 2026-07-22 12:00:13,100 | INFO     | video.video_builder | Running ffmpeg: ffmpeg -y -i /opt/airflow/output/videos/_tmp/short_2_raw.mp4 -vf subtitles='/opt/airflow/output/subtitles/short_2.srt' -c:v libx264 -pix_fmt yuv420p -c:a aac -b:a 192k /opt/airflow/output/videos/short_2.mp4
[2026-07-22T12:00:16.620+0000] {logging_mixin.py:188} INFO - 2026-07-22 12:00:16,619 | INFO     | video.video_builder | Final video rendered -> /opt/airflow/output/videos/short_2.mp4
[2026-07-22T12:00:22.866+0000] {python.py:237} INFO - Done. Returned value was: {'video_id': 3, 'file_path': '/opt/airflow/output/videos/short_2.mp4', 'title': 'How to Make a Restaurant Reservation in English! 🍽️ #Shorts', 'description': 'Want to book a table at a restaurant in English? Learn this essential phrase with Taky\'s Language School!\n\nKey Phrase:\n👉 "I\'d like to make a reservation."\nExample: "I\'d like to make a reservation for two at 7 PM."\n\nMaster practical English for dining out, travel, and daily conversation. Subscribe to Taky\'s Language School for quick daily English tips!\n\n#LearnEnglish #RestaurantEnglish #EnglishPhrases #TakysLanguageSchool #Shorts', 'tags': ['Restaurant English', 'How to make a reservation in English', 'Learn English', 'English speaking practice', "Taky's Language School", 'Spoken English', 'English phrases for dining', 'ESL', 'English Shorts', 'Daily English phrases'], 'video_type': 'short'}
[2026-07-22T12:00:22.869+0000] {taskinstance.py:441} INFO - ::group::Post task execution logs
[2026-07-22T12:00:22.914+0000] {taskinstance.py:1206} INFO - Marking task as SUCCESS. dag_id=youtube_english_video_pipeline, task_id=build_short_video, run_id=scheduled__2026-07-21T12:00:00+00:00, execution_date=20260721T120000, start_date=20260722T120004, end_date=20260722T120022
[2026-07-22T12:00:22.981+0000] {local_task_job_runner.py:243} INFO - Task exited with return code 0
[2026-07-22T12:00:23.044+0000] {taskinstance.py:3503} INFO - 1 downstream tasks scheduled from follow-on schedule check
[2026-07-22T12:00:23.048+0000] {local_task_job_runner.py:222} INFO - ::endgroup::
