[2026-09-09T00:25:08.021+0000] {local_task_job_runner.py:120} INFO - ::group::Pre task execution logs
[2026-09-09T00:25:08.052+0000] {taskinstance.py:2076} INFO - Dependencies all met for dep_context=non-requeueable deps ti=<TaskInstance: youtube_english_video_pipeline.upload_long_video_1 manual__2026-09-09T00:16:13.135356+00:00 [queued]>
[2026-09-09T00:25:08.061+0000] {taskinstance.py:2076} INFO - Dependencies all met for dep_context=requeueable deps ti=<TaskInstance: youtube_english_video_pipeline.upload_long_video_1 manual__2026-09-09T00:16:13.135356+00:00 [queued]>
[2026-09-09T00:25:08.062+0000] {taskinstance.py:2306} INFO - Starting attempt 1 of 3
[2026-09-09T00:25:08.075+0000] {taskinstance.py:2330} INFO - Executing <Task(PythonOperator): upload_long_video_1> on 2026-09-09 00:16:13.135356+00:00
[2026-09-09T00:25:08.080+0000] {standard_task_runner.py:64} INFO - Started process 3937 to run task
[2026-09-09T00:25:08.085+0000] {standard_task_runner.py:90} INFO - Running: ['airflow', 'tasks', 'run', 'youtube_english_video_pipeline', 'upload_long_video_1', 'manual__2026-09-09T00:16:13.135356+00:00', '--job-id', '1037', '--raw', '--subdir', 'DAGS_FOLDER/youtube_pipeline.py', '--cfg-path', '/tmp/tmpaic9s99y']
[2026-09-09T00:25:08.088+0000] {standard_task_runner.py:91} INFO - Job 1037: Subtask upload_long_video_1
[2026-09-09T00:25:08.152+0000] {task_command.py:426} INFO - Running <TaskInstance: youtube_english_video_pipeline.upload_long_video_1 manual__2026-09-09T00:16:13.135356+00:00 [running]> on host cc859d74cf38
[2026-09-09T00:25:08.343+0000] {taskinstance.py:2648} INFO - Exporting env vars: AIRFLOW_CTX_DAG_OWNER='taky' AIRFLOW_CTX_DAG_ID='youtube_english_video_pipeline' AIRFLOW_CTX_TASK_ID='upload_long_video_1' AIRFLOW_CTX_EXECUTION_DATE='2026-09-09T00:16:13.135356+00:00' AIRFLOW_CTX_TRY_NUMBER='1' AIRFLOW_CTX_DAG_RUN_ID='manual__2026-09-09T00:16:13.135356+00:00'
[2026-09-09T00:25:08.344+0000] {taskinstance.py:430} INFO - ::endgroup::
[2026-09-09T00:25:08.574+0000] {__init__.py:49} INFO - file_cache is only supported with oauth2client<4.0.0
[2026-09-09T00:25:08.580+0000] {logging_mixin.py:188} INFO - 2026-09-09 00:25:08,580 | INFO     | uploader.youtube_uploader | Uploading video '20 Daily English Expressions | Mixed English Expressions' (/opt/airflow/output/videos/long_2662.mp4) to YouTube...
[2026-09-09T00:25:13.073+0000] {logging_mixin.py:188} INFO - 2026-09-09 00:25:13,073 | INFO     | uploader.youtube_uploader | Upload complete. YouTube video id = LmJp_BgjlKA
[2026-09-09T00:25:17.192+0000] {logging_mixin.py:188} INFO - 2026-09-09 00:25:17,192 | INFO     | uploader.youtube_uploader | Custom thumbnail uploaded.
[2026-09-09T00:25:17.208+0000] {python.py:237} INFO - Done. Returned value was: LmJp_BgjlKA
[2026-09-09T00:25:17.209+0000] {taskinstance.py:441} INFO - ::group::Post task execution logs
[2026-09-09T00:25:17.227+0000] {taskinstance.py:1206} INFO - Marking task as SUCCESS. dag_id=youtube_english_video_pipeline, task_id=upload_long_video_1, run_id=manual__2026-09-09T00:16:13.135356+00:00, execution_date=20260909T001613, start_date=20260909T002508, end_date=20260909T002517
[2026-09-09T00:25:17.287+0000] {local_task_job_runner.py:243} INFO - Task exited with return code 0
[2026-09-09T00:25:17.420+0000] {taskinstance.py:3503} INFO - 1 downstream tasks scheduled from follow-on schedule check
[2026-09-09T00:25:17.424+0000] {local_task_job_runner.py:222} INFO - ::endgroup::
