[2026-08-11T12:25:01.651+0000] {local_task_job_runner.py:120} INFO - ::group::Pre task execution logs
[2026-08-11T12:25:01.701+0000] {taskinstance.py:2076} INFO - Dependencies all met for dep_context=non-requeueable deps ti=<TaskInstance: youtube_english_video_pipeline.build_long_video_1 scheduled__2026-08-10T12:00:00+00:00 [queued]>
[2026-08-11T12:25:01.710+0000] {taskinstance.py:2076} INFO - Dependencies all met for dep_context=requeueable deps ti=<TaskInstance: youtube_english_video_pipeline.build_long_video_1 scheduled__2026-08-10T12:00:00+00:00 [queued]>
[2026-08-11T12:25:01.713+0000] {taskinstance.py:2306} INFO - Starting attempt 1 of 3
[2026-08-11T12:25:01.749+0000] {taskinstance.py:2330} INFO - Executing <Task(PythonOperator): build_long_video_1> on 2026-08-10 12:00:00+00:00
[2026-08-11T12:25:01.761+0000] {standard_task_runner.py:64} INFO - Started process 15726 to run task
[2026-08-11T12:25:01.764+0000] {standard_task_runner.py:90} INFO - Running: ['airflow', 'tasks', 'run', 'youtube_english_video_pipeline', 'build_long_video_1', 'scheduled__2026-08-10T12:00:00+00:00', '--job-id', '687', '--raw', '--subdir', 'DAGS_FOLDER/youtube_pipeline.py', '--cfg-path', '/tmp/tmpzs__9qly']
[2026-08-11T12:25:01.766+0000] {standard_task_runner.py:91} INFO - Job 687: Subtask build_long_video_1
[2026-08-11T12:25:01.857+0000] {task_command.py:426} INFO - Running <TaskInstance: youtube_english_video_pipeline.build_long_video_1 scheduled__2026-08-10T12:00:00+00:00 [running]> on host cc859d74cf38
[2026-08-11T12:25:02.118+0000] {taskinstance.py:2648} INFO - Exporting env vars: AIRFLOW_CTX_DAG_OWNER='taky' AIRFLOW_CTX_DAG_ID='youtube_english_video_pipeline' AIRFLOW_CTX_TASK_ID='build_long_video_1' AIRFLOW_CTX_EXECUTION_DATE='2026-08-10T12:00:00+00:00' AIRFLOW_CTX_TRY_NUMBER='1' AIRFLOW_CTX_DAG_RUN_ID='scheduled__2026-08-10T12:00:00+00:00'
[2026-08-11T12:25:02.119+0000] {taskinstance.py:430} INFO - ::endgroup::
[2026-08-11T12:25:04.376+0000] {logging_mixin.py:188} INFO - 2026-08-11 12:25:04,376 | INFO     | planner.video_planner | Planned LONG video: topic='Restaurant English', phrases=15
[2026-08-11T12:25:05.691+0000] {logging_mixin.py:188} INFO - 2026-08-11 12:25:05,691 | INFO     | tts.edge_tts | Synthesized audio -> /opt/airflow/output/audio/phrase_1611.mp3
[2026-08-11T12:25:06.686+0000] {logging_mixin.py:188} INFO - 2026-08-11 12:25:06,686 | INFO     | tts.edge_tts | Synthesized audio -> /opt/airflow/output/audio/example_1611.mp3
[2026-08-11T12:25:07.927+0000] {logging_mixin.py:188} INFO - 2026-08-11 12:25:07,927 | INFO     | media.image_downloader | Downloaded background image for scene='restaurant' -> /opt/airflow/output/images/long_1611.jpg
[2026-08-11T12:25:14.308+0000] {logging_mixin.py:188} INFO - 2026-08-11 12:25:14,308 | INFO     | tts.edge_tts | Synthesized audio -> /opt/airflow/output/audio/phrase_1620.mp3
[2026-08-11T12:25:15.444+0000] {logging_mixin.py:188} INFO - 2026-08-11 12:25:15,444 | INFO     | tts.edge_tts | Synthesized audio -> /opt/airflow/output/audio/example_1620.mp3
[2026-08-11T12:25:17.839+0000] {logging_mixin.py:188} INFO - 2026-08-11 12:25:17,839 | INFO     | media.image_downloader | Downloaded background image for scene='restaurant' -> /opt/airflow/output/images/long_1620.jpg
[2026-08-11T12:25:25.467+0000] {logging_mixin.py:188} INFO - 2026-08-11 12:25:25,466 | INFO     | tts.edge_tts | Synthesized audio -> /opt/airflow/output/audio/phrase_1626.mp3
[2026-08-11T12:25:26.462+0000] {logging_mixin.py:188} INFO - 2026-08-11 12:25:26,462 | INFO     | tts.edge_tts | Synthesized audio -> /opt/airflow/output/audio/example_1626.mp3
[2026-08-11T12:25:27.538+0000] {logging_mixin.py:188} INFO - 2026-08-11 12:25:27,538 | INFO     | media.image_downloader | Downloaded background image for scene='restaurant' -> /opt/airflow/output/images/long_1626.jpg
[2026-08-11T12:25:33.223+0000] {logging_mixin.py:188} INFO - 2026-08-11 12:25:33,223 | INFO     | tts.edge_tts | Synthesized audio -> /opt/airflow/output/audio/phrase_1636.mp3
[2026-08-11T12:25:34.154+0000] {logging_mixin.py:188} INFO - 2026-08-11 12:25:34,154 | INFO     | tts.edge_tts | Synthesized audio -> /opt/airflow/output/audio/example_1636.mp3
[2026-08-11T12:25:34.944+0000] {logging_mixin.py:188} INFO - 2026-08-11 12:25:34,944 | INFO     | media.image_downloader | Downloaded background image for scene='cafe' -> /opt/airflow/output/images/long_1636.jpg
[2026-08-11T12:25:42.904+0000] {logging_mixin.py:188} INFO - 2026-08-11 12:25:42,904 | INFO     | tts.edge_tts | Synthesized audio -> /opt/airflow/output/audio/phrase_1638.mp3
[2026-08-11T12:25:44.134+0000] {logging_mixin.py:188} INFO - 2026-08-11 12:25:44,134 | INFO     | tts.edge_tts | Synthesized audio -> /opt/airflow/output/audio/example_1638.mp3
[2026-08-11T12:25:44.525+0000] {logging_mixin.py:188} INFO - 2026-08-11 12:25:44,525 | INFO     | media.image_downloader | Downloaded background image for scene='restaurant' -> /opt/airflow/output/images/long_1638.jpg
[2026-08-11T12:25:50.340+0000] {logging_mixin.py:188} INFO - 2026-08-11 12:25:50,340 | INFO     | tts.edge_tts | Synthesized audio -> /opt/airflow/output/audio/phrase_1645.mp3
[2026-08-11T12:25:51.015+0000] {logging_mixin.py:188} INFO - 2026-08-11 12:25:51,015 | INFO     | tts.edge_tts | Synthesized audio -> /opt/airflow/output/audio/example_1645.mp3
[2026-08-11T12:25:51.529+0000] {logging_mixin.py:188} INFO - 2026-08-11 12:25:51,528 | INFO     | media.image_downloader | Downloaded background image for scene='restaurant' -> /opt/airflow/output/images/long_1645.jpg
[2026-08-11T12:25:57.658+0000] {logging_mixin.py:188} INFO - 2026-08-11 12:25:57,657 | INFO     | tts.edge_tts | Synthesized audio -> /opt/airflow/output/audio/phrase_1651.mp3
[2026-08-11T12:25:58.281+0000] {logging_mixin.py:188} INFO - 2026-08-11 12:25:58,281 | INFO     | tts.edge_tts | Synthesized audio -> /opt/airflow/output/audio/example_1651.mp3
[2026-08-11T12:25:59.302+0000] {logging_mixin.py:188} INFO - 2026-08-11 12:25:59,302 | INFO     | media.image_downloader | Downloaded background image for scene='diner' -> /opt/airflow/output/images/long_1651.jpg
[2026-08-11T12:26:06.425+0000] {logging_mixin.py:188} INFO - 2026-08-11 12:26:06,424 | INFO     | tts.edge_tts | Synthesized audio -> /opt/airflow/output/audio/phrase_1663.mp3
[2026-08-11T12:26:07.210+0000] {logging_mixin.py:188} INFO - 2026-08-11 12:26:07,210 | INFO     | tts.edge_tts | Synthesized audio -> /opt/airflow/output/audio/example_1663.mp3
[2026-08-11T12:26:07.878+0000] {logging_mixin.py:188} INFO - 2026-08-11 12:26:07,878 | INFO     | media.image_downloader | Downloaded background image for scene='cafe' -> /opt/airflow/output/images/long_1663.jpg
[2026-08-11T12:26:14.761+0000] {logging_mixin.py:188} INFO - 2026-08-11 12:26:14,760 | INFO     | tts.edge_tts | Synthesized audio -> /opt/airflow/output/audio/phrase_1664.mp3
[2026-08-11T12:26:15.539+0000] {logging_mixin.py:188} INFO - 2026-08-11 12:26:15,539 | INFO     | tts.edge_tts | Synthesized audio -> /opt/airflow/output/audio/example_1664.mp3
[2026-08-11T12:26:16.294+0000] {logging_mixin.py:188} INFO - 2026-08-11 12:26:16,294 | INFO     | media.image_downloader | Downloaded background image for scene='restaurant' -> /opt/airflow/output/images/long_1664.jpg
[2026-08-11T12:26:22.562+0000] {logging_mixin.py:188} INFO - 2026-08-11 12:26:22,562 | INFO     | tts.edge_tts | Synthesized audio -> /opt/airflow/output/audio/phrase_1675.mp3
[2026-08-11T12:26:24.445+0000] {logging_mixin.py:188} INFO - 2026-08-11 12:26:24,445 | INFO     | tts.edge_tts | Synthesized audio -> /opt/airflow/output/audio/example_1675.mp3
[2026-08-11T12:26:25.069+0000] {logging_mixin.py:188} INFO - 2026-08-11 12:26:25,069 | INFO     | media.image_downloader | Downloaded background image for scene='restaurant' -> /opt/airflow/output/images/long_1675.jpg
[2026-08-11T12:26:30.105+0000] {logging_mixin.py:188} INFO - 2026-08-11 12:26:30,105 | INFO     | tts.edge_tts | Synthesized audio -> /opt/airflow/output/audio/phrase_1684.mp3
[2026-08-11T12:26:31.130+0000] {logging_mixin.py:188} INFO - 2026-08-11 12:26:31,130 | INFO     | tts.edge_tts | Synthesized audio -> /opt/airflow/output/audio/example_1684.mp3
[2026-08-11T12:26:31.726+0000] {logging_mixin.py:188} INFO - 2026-08-11 12:26:31,726 | INFO     | media.image_downloader | Downloaded background image for scene='restaurant' -> /opt/airflow/output/images/long_1684.jpg
[2026-08-11T12:26:37.064+0000] {logging_mixin.py:188} INFO - 2026-08-11 12:26:37,064 | INFO     | tts.edge_tts | Synthesized audio -> /opt/airflow/output/audio/phrase_1686.mp3
[2026-08-11T12:26:37.602+0000] {logging_mixin.py:188} INFO - 2026-08-11 12:26:37,602 | INFO     | tts.edge_tts | Synthesized audio -> /opt/airflow/output/audio/example_1686.mp3
[2026-08-11T12:26:37.902+0000] {logging_mixin.py:188} INFO - 2026-08-11 12:26:37,902 | INFO     | media.image_downloader | Downloaded background image for scene='cafe' -> /opt/airflow/output/images/long_1686.jpg
[2026-08-11T13:37:00.794+0000] {logging_mixin.py:188} INFO - 2026-08-11 13:37:00,792 | INFO     | tts.edge_tts | Synthesized audio -> /opt/airflow/output/audio/phrase_1689.mp3
[2026-08-11T13:37:01.532+0000] {logging_mixin.py:188} INFO - 2026-08-11 13:37:01,532 | INFO     | tts.edge_tts | Synthesized audio -> /opt/airflow/output/audio/example_1689.mp3
[2026-08-11T13:37:02.244+0000] {logging_mixin.py:188} INFO - 2026-08-11 13:37:02,244 | INFO     | media.image_downloader | Downloaded background image for scene='restaurant' -> /opt/airflow/output/images/long_1689.jpg
[2026-08-11T13:37:07.551+0000] {logging_mixin.py:188} INFO - 2026-08-11 13:37:07,551 | INFO     | tts.edge_tts | Synthesized audio -> /opt/airflow/output/audio/phrase_1697.mp3
[2026-08-11T13:37:08.229+0000] {logging_mixin.py:188} INFO - 2026-08-11 13:37:08,229 | INFO     | tts.edge_tts | Synthesized audio -> /opt/airflow/output/audio/example_1697.mp3
[2026-08-11T13:37:08.742+0000] {logging_mixin.py:188} INFO - 2026-08-11 13:37:08,742 | INFO     | media.image_downloader | Downloaded background image for scene='restaurant' -> /opt/airflow/output/images/long_1697.jpg
[2026-08-11T13:37:15.398+0000] {logging_mixin.py:188} INFO - 2026-08-11 13:37:15,398 | INFO     | tts.edge_tts | Synthesized audio -> /opt/airflow/output/audio/phrase_1707.mp3
[2026-08-11T13:37:16.084+0000] {logging_mixin.py:188} INFO - 2026-08-11 13:37:16,084 | INFO     | tts.edge_tts | Synthesized audio -> /opt/airflow/output/audio/example_1707.mp3
[2026-08-11T13:37:17.355+0000] {logging_mixin.py:188} INFO - 2026-08-11 13:37:17,355 | INFO     | media.image_downloader | Downloaded background image for scene='diner' -> /opt/airflow/output/images/long_1707.jpg
[2026-08-11T13:37:25.947+0000] {logging_mixin.py:188} INFO - 2026-08-11 13:37:25,947 | WARNING  | video.video_builder | BGM file not found at /opt/airflow/assets/bgm/long_bgm.mp3, rendering without background music
[2026-08-11T13:37:48.089+0000] {logging_mixin.py:188} INFO - 2026-08-11 13:37:48,088 | INFO     | video.video_builder | Final video rendered -> /opt/airflow/output/videos/long_1611.mp4
[2026-08-11T13:37:56.246+0000] {logging_mixin.py:188} INFO - 2026-08-11 13:37:56,244 | INFO     | media.thumbnail_builder | Built thumbnail -> /opt/airflow/output/thumbnails/long_1611.jpg
[2026-08-11T13:37:56.905+0000] {python.py:237} INFO - Done. Returned value was: {'video_id': 193, 'file_path': '/opt/airflow/output/videos/long_1611.mp4', 'thumbnail_path': '/opt/airflow/output/thumbnails/long_1611.jpg', 'title': 'Order Food in English Like a Native! | Essential Restaurant English', 'description': 'Want to order food and dine out in English with confidence? In this lesson from Taky\'s Language School, you\'ll learn essential English phrases for restaurants, cafes, and everyday dining!\n\nMaster practical spoken English phrases like:\n• "Could I get this to go?"\n• "What do you recommend?"\n• "Could we get the check, please?"\n• "Can we split the bill?"\n• "How long is the wait?"\n• "Can I get a refill, please?"\n\nPractice these useful sentences with real-life context so you can speak English naturally next time you eat out.\n\nSubscribe to Taky\'s Language School for more practical English lessons!\n\n#RestaurantEnglish #LearnEnglish #EnglishPhrases #TakysLanguageSchool', 'tags': ['Restaurant English', 'Learn English', 'Order food in English', "Taky's Language School", 'English conversation', 'Practical English', 'English phrases', 'Speak English fluently', 'English for travel', 'ESL lesson', 'English dining vocabulary'], 'video_type': 'long'}
[2026-08-11T13:37:56.913+0000] {taskinstance.py:441} INFO - ::group::Post task execution logs
[2026-08-11T13:37:56.966+0000] {taskinstance.py:1206} INFO - Marking task as SUCCESS. dag_id=youtube_english_video_pipeline, task_id=build_long_video_1, run_id=scheduled__2026-08-10T12:00:00+00:00, execution_date=20260810T120000, start_date=20260811T122501, end_date=20260811T133756
[2026-08-11T13:37:57.079+0000] {local_task_job_runner.py:243} INFO - Task exited with return code 0
[2026-08-11T13:37:58.097+0000] {taskinstance.py:3503} INFO - 1 downstream tasks scheduled from follow-on schedule check
[2026-08-11T13:37:58.101+0000] {local_task_job_runner.py:222} INFO - ::endgroup::
