[2026-07-28T12:46:46.161+0000] {local_task_job_runner.py:120} INFO - ::group::Pre task execution logs
[2026-07-28T12:46:46.205+0000] {taskinstance.py:2076} INFO - Dependencies all met for dep_context=non-requeueable deps ti=<TaskInstance: youtube_english_video_pipeline.build_short_video_5 scheduled__2026-07-27T12:00:00+00:00 [queued]>
[2026-07-28T12:46:46.218+0000] {taskinstance.py:2076} INFO - Dependencies all met for dep_context=requeueable deps ti=<TaskInstance: youtube_english_video_pipeline.build_short_video_5 scheduled__2026-07-27T12:00:00+00:00 [queued]>
[2026-07-28T12:46:46.221+0000] {taskinstance.py:2306} INFO - Starting attempt 1 of 3
[2026-07-28T12:46:46.239+0000] {taskinstance.py:2330} INFO - Executing <Task(PythonOperator): build_short_video_5> on 2026-07-27 12:00:00+00:00
[2026-07-28T12:46:46.245+0000] {standard_task_runner.py:64} INFO - Started process 20887 to run task
[2026-07-28T12:46:46.248+0000] {standard_task_runner.py:90} INFO - Running: ['airflow', 'tasks', 'run', 'youtube_english_video_pipeline', 'build_short_video_5', 'scheduled__2026-07-27T12:00:00+00:00', '--job-id', '508', '--raw', '--subdir', 'DAGS_FOLDER/youtube_pipeline.py', '--cfg-path', '/tmp/tmp4vekk6ru']
[2026-07-28T12:46:46.251+0000] {standard_task_runner.py:91} INFO - Job 508: Subtask build_short_video_5
[2026-07-28T12:46:46.351+0000] {task_command.py:426} INFO - Running <TaskInstance: youtube_english_video_pipeline.build_short_video_5 scheduled__2026-07-27T12:00:00+00:00 [running]> on host cc859d74cf38
[2026-07-28T12:46:46.612+0000] {taskinstance.py:2648} INFO - Exporting env vars: AIRFLOW_CTX_DAG_OWNER='taky' AIRFLOW_CTX_DAG_ID='youtube_english_video_pipeline' AIRFLOW_CTX_TASK_ID='build_short_video_5' AIRFLOW_CTX_EXECUTION_DATE='2026-07-27T12:00:00+00:00' AIRFLOW_CTX_TRY_NUMBER='1' AIRFLOW_CTX_DAG_RUN_ID='scheduled__2026-07-27T12:00:00+00:00'
[2026-07-28T12:46:46.618+0000] {taskinstance.py:430} INFO - ::endgroup::
[2026-07-28T12:46:48.086+0000] {logging_mixin.py:188} INFO - 2026-07-28 12:46:48,086 | INFO     | planner.video_planner | Planned SHORT video: topic='Business English', phrases=1
[2026-07-28T12:46:48.393+0000] {logging_mixin.py:188} INFO - 2026-07-28 12:46:48,393 | INFO     | tts.edge_tts | Synthesized audio -> /opt/airflow/output/audio/phrase_1132.mp3
[2026-07-28T12:46:48.894+0000] {logging_mixin.py:188} INFO - 2026-07-28 12:46:48,894 | INFO     | tts.edge_tts | Synthesized audio -> /opt/airflow/output/audio/example_1132.mp3
[2026-07-28T12:46:49.187+0000] {logging_mixin.py:188} INFO - 2026-07-28 12:46:49,186 | INFO     | media.image_downloader | Downloaded background image for scene='office' -> /opt/airflow/output/images/short_1132.jpg
[2026-07-28T12:46:53.256+0000] {logging_mixin.py:188} INFO - 2026-07-28 12:46:53,256 | WARNING  | video.video_builder | BGM file not found at /opt/airflow/assets/bgm/short_bgm.mp3, rendering without background music
[2026-07-28T12:46:55.265+0000] {logging_mixin.py:188} INFO - 2026-07-28 12:46:55,265 | INFO     | video.video_builder | Final video rendered -> /opt/airflow/output/videos/short_1132.mp4
[2026-07-28T12:47:01.341+0000] {python.py:237} INFO - Done. Returned value was: {'video_id': 131, 'file_path': '/opt/airflow/output/videos/short_1132.mp4', 'title': 'How to Say "I Don\'t Know" Professionally! 💼 Business English Phrases #Shorts', 'description': 'Learn useful Business English with Taky\'s Language School! 💼✨\n\nInstead of saying "I don\'t know," try using this professional phrase in your next work meeting:\n👉 "I\'ll get back to you on that."\n\nExample:\n"I need to check our budget first, so I\'ll get back to you on that tomorrow."\n\nSubscribe to Taky\'s Language School for daily spoken English tips and practical business communication skills!\n\n#BusinessEnglish #LearnEnglish #EnglishPhrases #TakysLanguageSchool #Shorts', 'tags': ['Business English', 'Learn English', 'English Phrases', 'Takys Language School', 'Spoken English', 'Professional English', 'English for work', "How to say I don't know professionally", 'English conversation', 'Shorts'], 'video_type': 'short'}
[2026-07-28T12:47:01.344+0000] {taskinstance.py:441} INFO - ::group::Post task execution logs
[2026-07-28T12:47:01.378+0000] {taskinstance.py:1206} INFO - Marking task as SUCCESS. dag_id=youtube_english_video_pipeline, task_id=build_short_video_5, run_id=scheduled__2026-07-27T12:00:00+00:00, execution_date=20260727T120000, start_date=20260728T124646, end_date=20260728T124701
[2026-07-28T12:47:01.429+0000] {local_task_job_runner.py:243} INFO - Task exited with return code 0
[2026-07-28T12:47:01.633+0000] {taskinstance.py:3503} INFO - 1 downstream tasks scheduled from follow-on schedule check
[2026-07-28T12:47:01.644+0000] {local_task_job_runner.py:222} INFO - ::endgroup::
