[2026-08-11T02:49:26.254+0000] {local_task_job_runner.py:120} INFO - ::group::Pre task execution logs
[2026-08-11T02:49:26.287+0000] {taskinstance.py:2076} INFO - Dependencies all met for dep_context=non-requeueable deps ti=<TaskInstance: youtube_english_video_pipeline.upload_short_video_8 manual__2026-08-11T02:25:49.703167+00:00 [queued]>
[2026-08-11T02:49:26.295+0000] {taskinstance.py:2076} INFO - Dependencies all met for dep_context=requeueable deps ti=<TaskInstance: youtube_english_video_pipeline.upload_short_video_8 manual__2026-08-11T02:25:49.703167+00:00 [queued]>
[2026-08-11T02:49:26.296+0000] {taskinstance.py:2306} INFO - Starting attempt 1 of 3
[2026-08-11T02:49:26.306+0000] {taskinstance.py:2330} INFO - Executing <Task(PythonOperator): upload_short_video_8> on 2026-08-11 02:25:49.703167+00:00
[2026-08-11T02:49:26.312+0000] {standard_task_runner.py:64} INFO - Started process 6002 to run task
[2026-08-11T02:49:26.314+0000] {standard_task_runner.py:90} INFO - Running: ['airflow', 'tasks', 'run', 'youtube_english_video_pipeline', 'upload_short_video_8', 'manual__2026-08-11T02:25:49.703167+00:00', '--job-id', '671', '--raw', '--subdir', 'DAGS_FOLDER/youtube_pipeline.py', '--cfg-path', '/tmp/tmp5_gunoly']
[2026-08-11T02:49:26.320+0000] {standard_task_runner.py:91} INFO - Job 671: Subtask upload_short_video_8
[2026-08-11T02:49:26.380+0000] {task_command.py:426} INFO - Running <TaskInstance: youtube_english_video_pipeline.upload_short_video_8 manual__2026-08-11T02:25:49.703167+00:00 [running]> on host cc859d74cf38
[2026-08-11T02:49:26.572+0000] {taskinstance.py:2648} INFO - Exporting env vars: AIRFLOW_CTX_DAG_OWNER='taky' AIRFLOW_CTX_DAG_ID='youtube_english_video_pipeline' AIRFLOW_CTX_TASK_ID='upload_short_video_8' AIRFLOW_CTX_EXECUTION_DATE='2026-08-11T02:25:49.703167+00:00' AIRFLOW_CTX_TRY_NUMBER='1' AIRFLOW_CTX_DAG_RUN_ID='manual__2026-08-11T02:25:49.703167+00:00'
[2026-08-11T02:49:26.573+0000] {taskinstance.py:430} INFO - ::endgroup::
[2026-08-11T02:49:27.012+0000] {__init__.py:49} INFO - file_cache is only supported with oauth2client<4.0.0
[2026-08-11T02:49:27.029+0000] {logging_mixin.py:188} INFO - 2026-08-11 02:49:27,029 | INFO     | uploader.youtube_uploader | Uploading video 'Daily English Phrase | Small Talk' (/opt/airflow/output/videos/short_1596.mp4) to YouTube...
[2026-08-11T02:49:29.850+0000] {logging_mixin.py:188} INFO - 2026-08-11 02:49:29,850 | INFO     | uploader.youtube_uploader | Upload complete. YouTube video id = 409RXjYViUU
[2026-08-11T02:49:29.873+0000] {python.py:237} INFO - Done. Returned value was: 409RXjYViUU
[2026-08-11T02:49:29.875+0000] {taskinstance.py:441} INFO - ::group::Post task execution logs
[2026-08-11T02:49:29.914+0000] {taskinstance.py:1206} INFO - Marking task as SUCCESS. dag_id=youtube_english_video_pipeline, task_id=upload_short_video_8, run_id=manual__2026-08-11T02:25:49.703167+00:00, execution_date=20260811T022549, start_date=20260811T024926, end_date=20260811T024929
[2026-08-11T02:49:29.950+0000] {local_task_job_runner.py:243} INFO - Task exited with return code 0
[2026-08-11T02:49:30.082+0000] {taskinstance.py:3503} INFO - 1 downstream tasks scheduled from follow-on schedule check
[2026-08-11T02:49:30.087+0000] {local_task_job_runner.py:222} INFO - ::endgroup::
