[2026-07-25T04:11:00.315+0000] {local_task_job_runner.py:120} INFO - ::group::Pre task execution logs
[2026-07-25T04:11:00.340+0000] {taskinstance.py:2076} INFO - Dependencies all met for dep_context=non-requeueable deps ti=<TaskInstance: youtube_english_video_pipeline.build_long_video manual__2026-07-25T04:10:57.627931+00:00 [queued]>
[2026-07-25T04:11:00.345+0000] {taskinstance.py:2076} INFO - Dependencies all met for dep_context=requeueable deps ti=<TaskInstance: youtube_english_video_pipeline.build_long_video manual__2026-07-25T04:10:57.627931+00:00 [queued]>
[2026-07-25T04:11:00.346+0000] {taskinstance.py:2306} INFO - Starting attempt 1 of 3
[2026-07-25T04:11:00.354+0000] {taskinstance.py:2330} INFO - Executing <Task(PythonOperator): build_long_video> on 2026-07-25 04:10:57.627931+00:00
[2026-07-25T04:11:00.358+0000] {standard_task_runner.py:64} INFO - Started process 214 to run task
[2026-07-25T04:11:00.366+0000] {standard_task_runner.py:90} INFO - Running: ['airflow', 'tasks', 'run', 'youtube_english_video_pipeline', 'build_long_video', 'manual__2026-07-25T04:10:57.627931+00:00', '--job-id', '157', '--raw', '--subdir', 'DAGS_FOLDER/youtube_pipeline.py', '--cfg-path', '/tmp/tmplixthlvl']
[2026-07-25T04:11:00.368+0000] {standard_task_runner.py:91} INFO - Job 157: Subtask build_long_video
[2026-07-25T04:11:00.419+0000] {task_command.py:426} INFO - Running <TaskInstance: youtube_english_video_pipeline.build_long_video manual__2026-07-25T04:10:57.627931+00:00 [running]> on host ce8e21912c19
[2026-07-25T04:11:00.575+0000] {taskinstance.py:2648} INFO - Exporting env vars: AIRFLOW_CTX_DAG_OWNER='taky' AIRFLOW_CTX_DAG_ID='youtube_english_video_pipeline' AIRFLOW_CTX_TASK_ID='build_long_video' AIRFLOW_CTX_EXECUTION_DATE='2026-07-25T04:10:57.627931+00:00' AIRFLOW_CTX_TRY_NUMBER='1' AIRFLOW_CTX_DAG_RUN_ID='manual__2026-07-25T04:10:57.627931+00:00'
[2026-07-25T04:11:00.577+0000] {taskinstance.py:430} INFO - ::endgroup::
[2026-07-25T04:11:00.891+0000] {taskinstance.py:441} INFO - ::group::Post task execution logs
[2026-07-25T04:11:00.891+0000] {taskinstance.py:2905} ERROR - Task failed with exception
Traceback (most recent call last):
  File "/home/airflow/.local/lib/python3.11/site-packages/airflow/models/taskinstance.py", line 465, in _execute_task
    result = _execute_callable(context=context, **execute_callable_kwargs)
             ^^^^^^^^^^^^^^^^^^^^^^^^^^^^^^^^^^^^^^^^^^^^^^^^^^^^^^^^^^^^^
  File "/home/airflow/.local/lib/python3.11/site-packages/airflow/models/taskinstance.py", line 432, in _execute_callable
    return execute_callable(context=context, **execute_callable_kwargs)
           ^^^^^^^^^^^^^^^^^^^^^^^^^^^^^^^^^^^^^^^^^^^^^^^^^^^^^^^^^^^^
  File "/home/airflow/.local/lib/python3.11/site-packages/airflow/models/baseoperator.py", line 401, in wrapper
    return func(self, *args, **kwargs)
           ^^^^^^^^^^^^^^^^^^^^^^^^^^^
  File "/home/airflow/.local/lib/python3.11/site-packages/airflow/operators/python.py", line 235, in execute
    return_value = self.execute_callable()
                   ^^^^^^^^^^^^^^^^^^^^^^^
  File "/home/airflow/.local/lib/python3.11/site-packages/airflow/operators/python.py", line 252, in execute_callable
    return self.python_callable(*self.op_args, **self.op_kwargs)
           ^^^^^^^^^^^^^^^^^^^^^^^^^^^^^^^^^^^^^^^^^^^^^^^^^^^^^
  File "/opt/airflow/dags/youtube_pipeline.py", line 92, in task_build_long_video
    from video.long_video import build_long_video
  File "/opt/airflow/src/video/long_video.py", line 19, in <module>
    from video.video_builder import Segment, VideoBuilder
  File "/opt/airflow/src/video/video_builder.py", line 84
    drawtext=fontfile='...':text='...':
            ^
SyntaxError: invalid syntax
[2026-07-25T04:11:00.905+0000] {taskinstance.py:1206} INFO - Marking task as UP_FOR_RETRY. dag_id=youtube_english_video_pipeline, task_id=build_long_video, run_id=manual__2026-07-25T04:10:57.627931+00:00, execution_date=20260725T041057, start_date=20260725T041100, end_date=20260725T041100
[2026-07-25T04:11:00.912+0000] {standard_task_runner.py:110} ERROR - Failed to execute job 157 for task build_long_video (invalid syntax (video_builder.py, line 84); 214)
[2026-07-25T04:11:00.933+0000] {local_task_job_runner.py:243} INFO - Task exited with return code 1
[2026-07-25T04:11:00.953+0000] {taskinstance.py:3503} INFO - 0 downstream tasks scheduled from follow-on schedule check
[2026-07-25T04:11:00.956+0000] {local_task_job_runner.py:222} INFO - ::endgroup::
