[2026-09-05T18:23:29.651+0000] {local_task_job_runner.py:120} INFO - ::group::Pre task execution logs
[2026-09-05T18:23:29.677+0000] {taskinstance.py:2076} INFO - Dependencies all met for dep_context=non-requeueable deps ti=<TaskInstance: youtube_english_video_pipeline.build_long_video_1 scheduled__2026-09-04T12:00:00+00:00 [queued]>
[2026-09-05T18:23:29.685+0000] {taskinstance.py:2076} INFO - Dependencies all met for dep_context=requeueable deps ti=<TaskInstance: youtube_english_video_pipeline.build_long_video_1 scheduled__2026-09-04T12:00:00+00:00 [queued]>
[2026-09-05T18:23:29.686+0000] {taskinstance.py:2306} INFO - Starting attempt 1 of 3
[2026-09-05T18:23:29.696+0000] {taskinstance.py:2330} INFO - Executing <Task(PythonOperator): build_long_video_1> on 2026-09-04 12:00:00+00:00
[2026-09-05T18:23:29.700+0000] {standard_task_runner.py:64} INFO - Started process 29242 to run task
[2026-09-05T18:23:29.702+0000] {standard_task_runner.py:90} INFO - Running: ['airflow', 'tasks', 'run', 'youtube_english_video_pipeline', 'build_long_video_1', 'scheduled__2026-09-04T12:00:00+00:00', '--job-id', '992', '--raw', '--subdir', 'DAGS_FOLDER/youtube_pipeline.py', '--cfg-path', '/tmp/tmpekshvb0y']
[2026-09-05T18:23:29.704+0000] {standard_task_runner.py:91} INFO - Job 992: Subtask build_long_video_1
[2026-09-05T18:23:29.765+0000] {task_command.py:426} INFO - Running <TaskInstance: youtube_english_video_pipeline.build_long_video_1 scheduled__2026-09-04T12:00:00+00:00 [running]> on host cc859d74cf38
[2026-09-05T18:23:29.929+0000] {taskinstance.py:2648} INFO - Exporting env vars: AIRFLOW_CTX_DAG_OWNER='taky' AIRFLOW_CTX_DAG_ID='youtube_english_video_pipeline' AIRFLOW_CTX_TASK_ID='build_long_video_1' AIRFLOW_CTX_EXECUTION_DATE='2026-09-04T12:00:00+00:00' AIRFLOW_CTX_TRY_NUMBER='1' AIRFLOW_CTX_DAG_RUN_ID='scheduled__2026-09-04T12:00:00+00:00'
[2026-09-05T18:23:29.934+0000] {taskinstance.py:430} INFO - ::endgroup::
[2026-09-05T18:23:31.256+0000] {logging_mixin.py:188} INFO - 2026-09-05 18:23:31,256 | INFO     | planner.video_planner | Only 6 phrases for topic='Business English', topping up without topic filter
[2026-09-05T18:23:31.262+0000] {logging_mixin.py:188} INFO - 2026-09-05 18:23:31,262 | INFO     | planner.video_planner | Planned LONG video: topic='Mixed English Expressions', phrases=20
[2026-09-05T18:23:31.589+0000] {logging_mixin.py:188} INFO - 2026-09-05 18:23:31,589 | INFO     | tts.edge_tts | Synthesized audio -> /opt/airflow/output/audio/phrase_2580.mp3
[2026-09-05T18:23:31.944+0000] {logging_mixin.py:188} INFO - 2026-09-05 18:23:31,944 | INFO     | tts.edge_tts | Synthesized audio -> /opt/airflow/output/audio/example_2580.mp3
[2026-09-05T18:23:32.574+0000] {logging_mixin.py:188} INFO - 2026-09-05 18:23:32,574 | INFO     | media.image_downloader | Downloaded background image for scene='cafeteria' -> /opt/airflow/output/images/long_2580.jpg
[2026-09-05T18:23:35.679+0000] {logging_mixin.py:188} INFO - 2026-09-05 18:23:35,678 | INFO     | tts.edge_tts | Synthesized audio -> /opt/airflow/output/audio/phrase_2581.mp3
[2026-09-05T18:23:36.002+0000] {logging_mixin.py:188} INFO - 2026-09-05 18:23:36,001 | INFO     | tts.edge_tts | Synthesized audio -> /opt/airflow/output/audio/example_2581.mp3
[2026-09-05T18:23:36.155+0000] {logging_mixin.py:188} INFO - 2026-09-05 18:23:36,155 | INFO     | media.image_downloader | Downloaded background image for scene='airport' -> /opt/airflow/output/images/long_2581.jpg
[2026-09-05T18:23:39.487+0000] {logging_mixin.py:188} INFO - 2026-09-05 18:23:39,487 | INFO     | tts.edge_tts | Synthesized audio -> /opt/airflow/output/audio/phrase_2582.mp3
[2026-09-05T18:23:39.899+0000] {logging_mixin.py:188} INFO - 2026-09-05 18:23:39,899 | INFO     | tts.edge_tts | Synthesized audio -> /opt/airflow/output/audio/example_2582.mp3
[2026-09-05T18:23:40.718+0000] {logging_mixin.py:188} INFO - 2026-09-05 18:23:40,718 | INFO     | media.image_downloader | Downloaded background image for scene='clothing' -> /opt/airflow/output/images/long_2582.jpg
[2026-09-05T18:23:44.124+0000] {logging_mixin.py:188} INFO - 2026-09-05 18:23:44,124 | INFO     | tts.edge_tts | Synthesized audio -> /opt/airflow/output/audio/phrase_2583.mp3
[2026-09-05T18:23:44.458+0000] {logging_mixin.py:188} INFO - 2026-09-05 18:23:44,458 | INFO     | tts.edge_tts | Synthesized audio -> /opt/airflow/output/audio/example_2583.mp3
[2026-09-05T18:23:44.626+0000] {logging_mixin.py:188} INFO - 2026-09-05 18:23:44,626 | INFO     | media.image_downloader | Downloaded background image for scene='office' -> /opt/airflow/output/images/long_2583.jpg
[2026-09-05T18:23:47.941+0000] {logging_mixin.py:188} INFO - 2026-09-05 18:23:47,941 | INFO     | tts.edge_tts | Synthesized audio -> /opt/airflow/output/audio/phrase_2584.mp3
[2026-09-05T18:23:48.315+0000] {logging_mixin.py:188} INFO - 2026-09-05 18:23:48,315 | INFO     | tts.edge_tts | Synthesized audio -> /opt/airflow/output/audio/example_2584.mp3
[2026-09-05T18:23:48.651+0000] {logging_mixin.py:188} INFO - 2026-09-05 18:23:48,651 | INFO     | media.image_downloader | Downloaded background image for scene='bakery' -> /opt/airflow/output/images/long_2584.jpg
[2026-09-05T18:23:52.513+0000] {logging_mixin.py:188} INFO - 2026-09-05 18:23:52,513 | INFO     | tts.edge_tts | Synthesized audio -> /opt/airflow/output/audio/phrase_2585.mp3
[2026-09-05T18:23:52.929+0000] {logging_mixin.py:188} INFO - 2026-09-05 18:23:52,929 | INFO     | tts.edge_tts | Synthesized audio -> /opt/airflow/output/audio/example_2585.mp3
[2026-09-05T18:23:53.148+0000] {logging_mixin.py:188} INFO - 2026-09-05 18:23:53,148 | INFO     | media.image_downloader | Downloaded background image for scene='park' -> /opt/airflow/output/images/long_2585.jpg
[2026-09-05T18:23:57.604+0000] {logging_mixin.py:188} INFO - 2026-09-05 18:23:57,603 | INFO     | tts.edge_tts | Synthesized audio -> /opt/airflow/output/audio/phrase_2586.mp3
[2026-09-05T18:23:57.951+0000] {logging_mixin.py:188} INFO - 2026-09-05 18:23:57,951 | INFO     | tts.edge_tts | Synthesized audio -> /opt/airflow/output/audio/example_2586.mp3
[2026-09-05T18:23:58.111+0000] {logging_mixin.py:188} INFO - 2026-09-05 18:23:58,111 | INFO     | media.image_downloader | Downloaded background image for scene='restaurant' -> /opt/airflow/output/images/long_2586.jpg
[2026-09-05T18:24:01.609+0000] {logging_mixin.py:188} INFO - 2026-09-05 18:24:01,609 | INFO     | tts.edge_tts | Synthesized audio -> /opt/airflow/output/audio/phrase_2587.mp3
[2026-09-05T18:24:01.834+0000] {logging_mixin.py:188} INFO - 2026-09-05 18:24:01,834 | INFO     | tts.edge_tts | Synthesized audio -> /opt/airflow/output/audio/example_2587.mp3
[2026-09-05T18:24:01.986+0000] {logging_mixin.py:188} INFO - 2026-09-05 18:24:01,986 | INFO     | media.image_downloader | Downloaded background image for scene='boutique' -> /opt/airflow/output/images/long_2587.jpg
[2026-09-05T18:24:05.124+0000] {logging_mixin.py:188} INFO - 2026-09-05 18:24:05,124 | INFO     | tts.edge_tts | Synthesized audio -> /opt/airflow/output/audio/phrase_2588.mp3
[2026-09-05T18:24:05.514+0000] {logging_mixin.py:188} INFO - 2026-09-05 18:24:05,514 | INFO     | tts.edge_tts | Synthesized audio -> /opt/airflow/output/audio/example_2588.mp3
[2026-09-05T18:24:05.883+0000] {logging_mixin.py:188} INFO - 2026-09-05 18:24:05,883 | INFO     | media.image_downloader | Downloaded background image for scene='street' -> /opt/airflow/output/images/long_2588.jpg
[2026-09-05T18:24:10.033+0000] {logging_mixin.py:188} INFO - 2026-09-05 18:24:10,033 | INFO     | tts.edge_tts | Synthesized audio -> /opt/airflow/output/audio/phrase_2589.mp3
[2026-09-05T18:24:10.446+0000] {logging_mixin.py:188} INFO - 2026-09-05 18:24:10,446 | INFO     | tts.edge_tts | Synthesized audio -> /opt/airflow/output/audio/example_2589.mp3
[2026-09-05T18:24:10.631+0000] {logging_mixin.py:188} INFO - 2026-09-05 18:24:10,631 | INFO     | media.image_downloader | Downloaded background image for scene='office' -> /opt/airflow/output/images/long_2589.jpg
[2026-09-05T18:24:14.176+0000] {logging_mixin.py:188} INFO - 2026-09-05 18:24:14,176 | INFO     | tts.edge_tts | Synthesized audio -> /opt/airflow/output/audio/phrase_2590.mp3
[2026-09-05T18:24:14.586+0000] {logging_mixin.py:188} INFO - 2026-09-05 18:24:14,586 | INFO     | tts.edge_tts | Synthesized audio -> /opt/airflow/output/audio/example_2590.mp3
[2026-09-05T18:24:14.783+0000] {logging_mixin.py:188} INFO - 2026-09-05 18:24:14,782 | INFO     | media.image_downloader | Downloaded background image for scene='cafe' -> /opt/airflow/output/images/long_2590.jpg
[2026-09-05T18:24:18.862+0000] {logging_mixin.py:188} INFO - 2026-09-05 18:24:18,861 | INFO     | tts.edge_tts | Synthesized audio -> /opt/airflow/output/audio/phrase_2591.mp3
[2026-09-05T18:24:19.210+0000] {logging_mixin.py:188} INFO - 2026-09-05 18:24:19,210 | INFO     | tts.edge_tts | Synthesized audio -> /opt/airflow/output/audio/example_2591.mp3
[2026-09-05T18:24:19.366+0000] {logging_mixin.py:188} INFO - 2026-09-05 18:24:19,366 | INFO     | media.image_downloader | Downloaded background image for scene='hotel' -> /opt/airflow/output/images/long_2591.jpg
[2026-09-05T18:24:23.425+0000] {logging_mixin.py:188} INFO - 2026-09-05 18:24:23,425 | INFO     | tts.edge_tts | Synthesized audio -> /opt/airflow/output/audio/phrase_2592.mp3
[2026-09-05T18:24:23.724+0000] {logging_mixin.py:188} INFO - 2026-09-05 18:24:23,723 | INFO     | tts.edge_tts | Synthesized audio -> /opt/airflow/output/audio/example_2592.mp3
[2026-09-05T18:24:23.928+0000] {logging_mixin.py:188} INFO - 2026-09-05 18:24:23,927 | INFO     | media.image_downloader | Downloaded background image for scene='train' -> /opt/airflow/output/images/long_2592.jpg
[2026-09-05T18:24:27.733+0000] {logging_mixin.py:188} INFO - 2026-09-05 18:24:27,733 | INFO     | tts.edge_tts | Synthesized audio -> /opt/airflow/output/audio/phrase_2593.mp3
[2026-09-05T18:24:28.043+0000] {logging_mixin.py:188} INFO - 2026-09-05 18:24:28,043 | INFO     | tts.edge_tts | Synthesized audio -> /opt/airflow/output/audio/example_2593.mp3
[2026-09-05T18:24:28.211+0000] {logging_mixin.py:188} INFO - 2026-09-05 18:24:28,211 | INFO     | media.image_downloader | Downloaded background image for scene='commute' -> /opt/airflow/output/images/long_2593.jpg
[2026-09-05T18:24:32.050+0000] {logging_mixin.py:188} INFO - 2026-09-05 18:24:32,050 | INFO     | tts.edge_tts | Synthesized audio -> /opt/airflow/output/audio/phrase_2594.mp3
[2026-09-05T18:24:32.468+0000] {logging_mixin.py:188} INFO - 2026-09-05 18:24:32,468 | INFO     | tts.edge_tts | Synthesized audio -> /opt/airflow/output/audio/example_2594.mp3
[2026-09-05T18:24:32.615+0000] {logging_mixin.py:188} INFO - 2026-09-05 18:24:32,615 | INFO     | media.image_downloader | Downloaded background image for scene='airport' -> /opt/airflow/output/images/long_2594.jpg
[2026-09-05T18:24:36.074+0000] {logging_mixin.py:188} INFO - 2026-09-05 18:24:36,074 | INFO     | tts.edge_tts | Synthesized audio -> /opt/airflow/output/audio/phrase_2595.mp3
[2026-09-05T18:24:36.470+0000] {logging_mixin.py:188} INFO - 2026-09-05 18:24:36,470 | INFO     | tts.edge_tts | Synthesized audio -> /opt/airflow/output/audio/example_2595.mp3
[2026-09-05T18:24:37.125+0000] {logging_mixin.py:188} INFO - 2026-09-05 18:24:37,125 | INFO     | media.image_downloader | Downloaded background image for scene='supermarket' -> /opt/airflow/output/images/long_2595.jpg
[2026-09-05T18:24:40.963+0000] {logging_mixin.py:188} INFO - 2026-09-05 18:24:40,963 | INFO     | tts.edge_tts | Synthesized audio -> /opt/airflow/output/audio/phrase_2596.mp3
[2026-09-05T18:24:41.279+0000] {logging_mixin.py:188} INFO - 2026-09-05 18:24:41,279 | INFO     | tts.edge_tts | Synthesized audio -> /opt/airflow/output/audio/example_2596.mp3
[2026-09-05T18:24:41.455+0000] {logging_mixin.py:188} INFO - 2026-09-05 18:24:41,455 | INFO     | media.image_downloader | Downloaded background image for scene='conference' -> /opt/airflow/output/images/long_2596.jpg
[2026-09-05T18:24:45.006+0000] {logging_mixin.py:188} INFO - 2026-09-05 18:24:45,006 | INFO     | tts.edge_tts | Synthesized audio -> /opt/airflow/output/audio/phrase_2597.mp3
[2026-09-05T18:24:45.491+0000] {logging_mixin.py:188} INFO - 2026-09-05 18:24:45,491 | INFO     | tts.edge_tts | Synthesized audio -> /opt/airflow/output/audio/example_2597.mp3
[2026-09-05T18:24:45.661+0000] {logging_mixin.py:188} INFO - 2026-09-05 18:24:45,661 | INFO     | media.image_downloader | Downloaded background image for scene='terminal' -> /opt/airflow/output/images/long_2597.jpg
[2026-09-05T18:24:49.362+0000] {logging_mixin.py:188} INFO - 2026-09-05 18:24:49,362 | INFO     | tts.edge_tts | Synthesized audio -> /opt/airflow/output/audio/phrase_2598.mp3
[2026-09-05T18:24:49.794+0000] {logging_mixin.py:188} INFO - 2026-09-05 18:24:49,793 | INFO     | tts.edge_tts | Synthesized audio -> /opt/airflow/output/audio/example_2598.mp3
[2026-09-05T18:24:49.974+0000] {logging_mixin.py:188} INFO - 2026-09-05 18:24:49,974 | INFO     | media.image_downloader | Downloaded background image for scene='meeting' -> /opt/airflow/output/images/long_2598.jpg
[2026-09-05T18:24:52.967+0000] {logging_mixin.py:188} INFO - 2026-09-05 18:24:52,967 | INFO     | tts.edge_tts | Synthesized audio -> /opt/airflow/output/audio/phrase_2599.mp3
[2026-09-05T18:24:53.379+0000] {logging_mixin.py:188} INFO - 2026-09-05 18:24:53,379 | INFO     | tts.edge_tts | Synthesized audio -> /opt/airflow/output/audio/example_2599.mp3
[2026-09-05T18:24:53.548+0000] {logging_mixin.py:188} INFO - 2026-09-05 18:24:53,547 | INFO     | media.image_downloader | Downloaded background image for scene='clothing' -> /opt/airflow/output/images/long_2599.jpg
[2026-09-05T18:24:59.019+0000] {logging_mixin.py:188} INFO - 2026-09-05 18:24:59,019 | WARNING  | video.video_builder | BGM file not found at /opt/airflow/assets/bgm/long_bgm.mp3, rendering without background music
[2026-09-05T18:25:26.929+0000] {logging_mixin.py:188} INFO - 2026-09-05 18:25:26,929 | INFO     | video.video_builder | Final video rendered -> /opt/airflow/output/videos/long_2580.mp4
[2026-09-05T18:25:34.966+0000] {logging_mixin.py:188} INFO - 2026-09-05 18:25:34,966 | INFO     | media.thumbnail_builder | Built thumbnail -> /opt/airflow/output/thumbnails/long_2580.jpg
[2026-09-05T18:25:35.061+0000] {python.py:237} INFO - Done. Returned value was: {'video_id': 297, 'file_path': '/opt/airflow/output/videos/long_2580.mp4', 'thumbnail_path': '/opt/airflow/output/thumbnails/long_2580.jpg', 'title': '20 Must-Know English Expressions for Daily Conversations & Travel', 'description': 'Want to sound more natural when speaking English? In this lesson from Taky\'s Language School, you\'ll learn 20 essential English expressions used every day in real-life situations like traveling, dining out, shopping, and work.\n\nMaster practical phrases such as "Let\'s call it a day," "Do you mind if I join you?", and "Could I get the check, please?" Each phrase includes clear context and realistic example sentences so you can speak English with confidence.\n\n📌 In this video:\n- Everyday social expressions\n- Travel & airport phrases\n- Shopping & restaurant English\n- Office & meeting vocabulary\n\nSubscribe to Taky\'s Language School for weekly lessons and boost your fluency today!', 'tags': ['learn english', 'english expressions', 'daily english phrases', 'spoken english', 'english conversation', 'travel english', 'everyday english', 'takys language school', 'speak english fluently', 'english phrases', 'useful english phrases', 'natural english'], 'video_type': 'long'}
[2026-09-05T18:25:35.061+0000] {taskinstance.py:441} INFO - ::group::Post task execution logs
[2026-09-05T18:25:35.077+0000] {taskinstance.py:1206} INFO - Marking task as SUCCESS. dag_id=youtube_english_video_pipeline, task_id=build_long_video_1, run_id=scheduled__2026-09-04T12:00:00+00:00, execution_date=20260904T120000, start_date=20260905T182329, end_date=20260905T182535
[2026-09-05T18:25:35.123+0000] {local_task_job_runner.py:243} INFO - Task exited with return code 0
[2026-09-05T18:25:35.250+0000] {taskinstance.py:3503} INFO - 1 downstream tasks scheduled from follow-on schedule check
[2026-09-05T18:25:35.253+0000] {local_task_job_runner.py:222} INFO - ::endgroup::
