[2026-09-20T11:31:23.441+0000] {local_task_job_runner.py:120} INFO - ::group::Pre task execution logs
[2026-09-20T11:31:23.495+0000] {taskinstance.py:2076} INFO - Dependencies all met for dep_context=non-requeueable deps ti=<TaskInstance: youtube_english_video_pipeline.upload_long_video_10 manual__2026-09-20T11:03:20.949531+00:00 [queued]>
[2026-09-20T11:31:23.510+0000] {taskinstance.py:2076} INFO - Dependencies all met for dep_context=requeueable deps ti=<TaskInstance: youtube_english_video_pipeline.upload_long_video_10 manual__2026-09-20T11:03:20.949531+00:00 [queued]>
[2026-09-20T11:31:23.511+0000] {taskinstance.py:2306} INFO - Starting attempt 1 of 3
[2026-09-20T11:31:23.526+0000] {taskinstance.py:2330} INFO - Executing <Task(PythonOperator): upload_long_video_10> on 2026-09-20 11:03:20.949531+00:00
[2026-09-20T11:31:23.533+0000] {standard_task_runner.py:64} INFO - Started process 65240 to run task
[2026-09-20T11:31:23.538+0000] {standard_task_runner.py:90} INFO - Running: ['airflow', 'tasks', 'run', 'youtube_english_video_pipeline', 'upload_long_video_10', 'manual__2026-09-20T11:03:20.949531+00:00', '--job-id', '1361', '--raw', '--subdir', 'DAGS_FOLDER/youtube_pipeline.py', '--cfg-path', '/tmp/tmpopo5ynu7']
[2026-09-20T11:31:23.543+0000] {standard_task_runner.py:91} INFO - Job 1361: Subtask upload_long_video_10
[2026-09-20T11:31:23.633+0000] {task_command.py:426} INFO - Running <TaskInstance: youtube_english_video_pipeline.upload_long_video_10 manual__2026-09-20T11:03:20.949531+00:00 [running]> on host 73b18333cdfe
[2026-09-20T11:31:23.979+0000] {taskinstance.py:2648} INFO - Exporting env vars: AIRFLOW_CTX_DAG_OWNER='taky' AIRFLOW_CTX_DAG_ID='youtube_english_video_pipeline' AIRFLOW_CTX_TASK_ID='upload_long_video_10' AIRFLOW_CTX_EXECUTION_DATE='2026-09-20T11:03:20.949531+00:00' AIRFLOW_CTX_TRY_NUMBER='1' AIRFLOW_CTX_DAG_RUN_ID='manual__2026-09-20T11:03:20.949531+00:00'
[2026-09-20T11:31:23.980+0000] {taskinstance.py:430} INFO - ::endgroup::
[2026-09-20T11:31:24.303+0000] {__init__.py:49} INFO - file_cache is only supported with oauth2client<4.0.0
[2026-09-20T11:31:24.315+0000] {logging_mixin.py:188} INFO - 2026-09-20 11:31:24,315 | INFO     | uploader.youtube_uploader | Uploading video '20 Essential Small Talk Phrases for Everyday English Conversations' (/opt/airflow/output/videos/long_3281.mp4) to YouTube...
[2026-09-20T11:31:28.063+0000] {logging_mixin.py:188} INFO - 2026-09-20 11:31:28,063 | INFO     | uploader.youtube_uploader | Upload complete. YouTube video id = jeELnOPaE5g
[2026-09-20T11:31:31.767+0000] {logging_mixin.py:188} INFO - 2026-09-20 11:31:31,766 | INFO     | uploader.youtube_uploader | Custom thumbnail uploaded.
[2026-09-20T11:31:31.787+0000] {python.py:237} INFO - Done. Returned value was: jeELnOPaE5g
[2026-09-20T11:31:31.788+0000] {taskinstance.py:441} INFO - ::group::Post task execution logs
[2026-09-20T11:31:31.829+0000] {taskinstance.py:1206} INFO - Marking task as SUCCESS. dag_id=youtube_english_video_pipeline, task_id=upload_long_video_10, run_id=manual__2026-09-20T11:03:20.949531+00:00, execution_date=20260920T110320, start_date=20260920T113123, end_date=20260920T113131
[2026-09-20T11:31:31.864+0000] {local_task_job_runner.py:243} INFO - Task exited with return code 0
[2026-09-20T11:31:31.890+0000] {taskinstance.py:3503} INFO - 0 downstream tasks scheduled from follow-on schedule check
[2026-09-20T11:31:31.894+0000] {local_task_job_runner.py:222} INFO - ::endgroup::
