[2026-07-25T08:39:02.695+0000] {local_task_job_runner.py:120} INFO - ::group::Pre task execution logs
[2026-07-25T08:39:02.722+0000] {taskinstance.py:2076} INFO - Dependencies all met for dep_context=non-requeueable deps ti=<TaskInstance: youtube_english_video_pipeline.upload_long_video_6 manual__2026-07-25T08:23:54.309173+00:00 [queued]>
[2026-07-25T08:39:02.727+0000] {taskinstance.py:2076} INFO - Dependencies all met for dep_context=requeueable deps ti=<TaskInstance: youtube_english_video_pipeline.upload_long_video_6 manual__2026-07-25T08:23:54.309173+00:00 [queued]>
[2026-07-25T08:39:02.728+0000] {taskinstance.py:2306} INFO - Starting attempt 1 of 3
[2026-07-25T08:39:02.736+0000] {taskinstance.py:2330} INFO - Executing <Task(PythonOperator): upload_long_video_6> on 2026-07-25 08:23:54.309173+00:00
[2026-07-25T08:39:02.739+0000] {standard_task_runner.py:64} INFO - Started process 27310 to run task
[2026-07-25T08:39:02.741+0000] {standard_task_runner.py:90} INFO - Running: ['airflow', 'tasks', 'run', 'youtube_english_video_pipeline', 'upload_long_video_6', 'manual__2026-07-25T08:23:54.309173+00:00', '--job-id', '264', '--raw', '--subdir', 'DAGS_FOLDER/youtube_pipeline.py', '--cfg-path', '/tmp/tmpgnsz8vic']
[2026-07-25T08:39:02.743+0000] {standard_task_runner.py:91} INFO - Job 264: Subtask upload_long_video_6
[2026-07-25T08:39:02.793+0000] {task_command.py:426} INFO - Running <TaskInstance: youtube_english_video_pipeline.upload_long_video_6 manual__2026-07-25T08:23:54.309173+00:00 [running]> on host ce8e21912c19
[2026-07-25T08:39:02.998+0000] {taskinstance.py:2648} INFO - Exporting env vars: AIRFLOW_CTX_DAG_OWNER='taky' AIRFLOW_CTX_DAG_ID='youtube_english_video_pipeline' AIRFLOW_CTX_TASK_ID='upload_long_video_6' AIRFLOW_CTX_EXECUTION_DATE='2026-07-25T08:23:54.309173+00:00' AIRFLOW_CTX_TRY_NUMBER='1' AIRFLOW_CTX_DAG_RUN_ID='manual__2026-07-25T08:23:54.309173+00:00'
[2026-07-25T08:39:02.999+0000] {taskinstance.py:430} INFO - ::endgroup::
[2026-07-25T08:39:03.115+0000] {__init__.py:49} INFO - file_cache is only supported with oauth2client<4.0.0
[2026-07-25T08:39:03.120+0000] {logging_mixin.py:188} INFO - 2026-07-25 08:39:03,120 | INFO     | uploader.youtube_uploader | Uploading video 'Master 20 Practical English Expressions for Daily Life & Travel' (/opt/airflow/output/videos/long_271.mp4) to YouTube...
[2026-07-25T08:39:06.814+0000] {logging_mixin.py:188} INFO - 2026-07-25 08:39:06,814 | INFO     | uploader.youtube_uploader | Upload complete. YouTube video id = TN7ak3ahqaE
[2026-07-25T08:39:10.629+0000] {logging_mixin.py:188} INFO - 2026-07-25 08:39:10,628 | INFO     | uploader.youtube_uploader | Custom thumbnail uploaded.
[2026-07-25T08:39:10.642+0000] {python.py:237} INFO - Done. Returned value was: TN7ak3ahqaE
[2026-07-25T08:39:10.642+0000] {taskinstance.py:441} INFO - ::group::Post task execution logs
[2026-07-25T08:39:10.664+0000] {taskinstance.py:1206} INFO - Marking task as SUCCESS. dag_id=youtube_english_video_pipeline, task_id=upload_long_video_6, run_id=manual__2026-07-25T08:23:54.309173+00:00, execution_date=20260725T082354, start_date=20260725T083902, end_date=20260725T083910
[2026-07-25T08:39:10.709+0000] {local_task_job_runner.py:243} INFO - Task exited with return code 0
[2026-07-25T08:39:10.716+0000] {local_task_job_runner.py:222} INFO - ::endgroup::
