[2026-07-25T09:22:45.803+0000] {local_task_job_runner.py:120} INFO - ::group::Pre task execution logs
[2026-07-25T09:22:45.832+0000] {taskinstance.py:2076} INFO - Dependencies all met for dep_context=non-requeueable deps ti=<TaskInstance: youtube_english_video_pipeline.upload_short_video_3 manual__2026-07-25T09:17:10.519347+00:00 [queued]>
[2026-07-25T09:22:45.838+0000] {taskinstance.py:2076} INFO - Dependencies all met for dep_context=requeueable deps ti=<TaskInstance: youtube_english_video_pipeline.upload_short_video_3 manual__2026-07-25T09:17:10.519347+00:00 [queued]>
[2026-07-25T09:22:45.838+0000] {taskinstance.py:2306} INFO - Starting attempt 1 of 3
[2026-07-25T09:22:45.847+0000] {taskinstance.py:2330} INFO - Executing <Task(PythonOperator): upload_short_video_3> on 2026-07-25 09:17:10.519347+00:00
[2026-07-25T09:22:45.852+0000] {standard_task_runner.py:64} INFO - Started process 48390 to run task
[2026-07-25T09:22:45.854+0000] {standard_task_runner.py:90} INFO - Running: ['airflow', 'tasks', 'run', 'youtube_english_video_pipeline', 'upload_short_video_3', 'manual__2026-07-25T09:17:10.519347+00:00', '--job-id', '297', '--raw', '--subdir', 'DAGS_FOLDER/youtube_pipeline.py', '--cfg-path', '/tmp/tmpv5lrps2_']
[2026-07-25T09:22:45.856+0000] {standard_task_runner.py:91} INFO - Job 297: Subtask upload_short_video_3
[2026-07-25T09:22:45.915+0000] {task_command.py:426} INFO - Running <TaskInstance: youtube_english_video_pipeline.upload_short_video_3 manual__2026-07-25T09:17:10.519347+00:00 [running]> on host ce8e21912c19
[2026-07-25T09:22:46.090+0000] {taskinstance.py:2648} INFO - Exporting env vars: AIRFLOW_CTX_DAG_OWNER='taky' AIRFLOW_CTX_DAG_ID='youtube_english_video_pipeline' AIRFLOW_CTX_TASK_ID='upload_short_video_3' AIRFLOW_CTX_EXECUTION_DATE='2026-07-25T09:17:10.519347+00:00' AIRFLOW_CTX_TRY_NUMBER='1' AIRFLOW_CTX_DAG_RUN_ID='manual__2026-07-25T09:17:10.519347+00:00'
[2026-07-25T09:22:46.091+0000] {taskinstance.py:430} INFO - ::endgroup::
[2026-07-25T09:22:46.295+0000] {__init__.py:49} INFO - file_cache is only supported with oauth2client<4.0.0
[2026-07-25T09:22:46.300+0000] {logging_mixin.py:188} INFO - 2026-07-25 09:22:46,300 | INFO     | uploader.youtube_uploader | Uploading video 'Daily English Phrase | Restaurant English' (/opt/airflow/output/videos/short_445.mp4) to YouTube...
[2026-07-25T09:22:49.010+0000] {logging_mixin.py:188} INFO - 2026-07-25 09:22:49,010 | INFO     | uploader.youtube_uploader | Upload complete. YouTube video id = vGyqIvlOA7Q
[2026-07-25T09:22:49.032+0000] {python.py:237} INFO - Done. Returned value was: vGyqIvlOA7Q
[2026-07-25T09:22:49.035+0000] {taskinstance.py:441} INFO - ::group::Post task execution logs
[2026-07-25T09:22:49.063+0000] {taskinstance.py:1206} INFO - Marking task as SUCCESS. dag_id=youtube_english_video_pipeline, task_id=upload_short_video_3, run_id=manual__2026-07-25T09:17:10.519347+00:00, execution_date=20260725T091710, start_date=20260725T092245, end_date=20260725T092249
[2026-07-25T09:22:49.122+0000] {local_task_job_runner.py:243} INFO - Task exited with return code 0
[2026-07-25T09:22:49.250+0000] {taskinstance.py:3503} INFO - 1 downstream tasks scheduled from follow-on schedule check
[2026-07-25T09:22:49.254+0000] {local_task_job_runner.py:222} INFO - ::endgroup::
