[2026-08-11T02:55:15.523+0000] {local_task_job_runner.py:120} INFO - ::group::Pre task execution logs
[2026-08-11T02:55:15.569+0000] {taskinstance.py:2076} INFO - Dependencies all met for dep_context=non-requeueable deps ti=<TaskInstance: youtube_english_video_pipeline.upload_short_video_10 manual__2026-08-11T02:25:49.703167+00:00 [queued]>
[2026-08-11T02:55:15.579+0000] {taskinstance.py:2076} INFO - Dependencies all met for dep_context=requeueable deps ti=<TaskInstance: youtube_english_video_pipeline.upload_short_video_10 manual__2026-08-11T02:25:49.703167+00:00 [queued]>
[2026-08-11T02:55:15.581+0000] {taskinstance.py:2306} INFO - Starting attempt 1 of 3
[2026-08-11T02:55:15.594+0000] {taskinstance.py:2330} INFO - Executing <Task(PythonOperator): upload_short_video_10> on 2026-08-11 02:25:49.703167+00:00
[2026-08-11T02:55:15.600+0000] {standard_task_runner.py:64} INFO - Started process 12224 to run task
[2026-08-11T02:55:15.602+0000] {standard_task_runner.py:90} INFO - Running: ['airflow', 'tasks', 'run', 'youtube_english_video_pipeline', 'upload_short_video_10', 'manual__2026-08-11T02:25:49.703167+00:00', '--job-id', '681', '--raw', '--subdir', 'DAGS_FOLDER/youtube_pipeline.py', '--cfg-path', '/tmp/tmpzfeexeo4']
[2026-08-11T02:55:15.604+0000] {standard_task_runner.py:91} INFO - Job 681: Subtask upload_short_video_10
[2026-08-11T02:55:15.673+0000] {task_command.py:426} INFO - Running <TaskInstance: youtube_english_video_pipeline.upload_short_video_10 manual__2026-08-11T02:25:49.703167+00:00 [running]> on host cc859d74cf38
[2026-08-11T02:55:15.917+0000] {taskinstance.py:2648} INFO - Exporting env vars: AIRFLOW_CTX_DAG_OWNER='taky' AIRFLOW_CTX_DAG_ID='youtube_english_video_pipeline' AIRFLOW_CTX_TASK_ID='upload_short_video_10' AIRFLOW_CTX_EXECUTION_DATE='2026-08-11T02:25:49.703167+00:00' AIRFLOW_CTX_TRY_NUMBER='1' AIRFLOW_CTX_DAG_RUN_ID='manual__2026-08-11T02:25:49.703167+00:00'
[2026-08-11T02:55:15.919+0000] {taskinstance.py:430} INFO - ::endgroup::
[2026-08-11T02:55:16.564+0000] {__init__.py:49} INFO - file_cache is only supported with oauth2client<4.0.0
[2026-08-11T02:55:16.576+0000] {logging_mixin.py:188} INFO - 2026-08-11 02:55:16,576 | INFO     | uploader.youtube_uploader | Uploading video 'Natural English Small Talk: 'Mind if I join you?' #Shorts' (/opt/airflow/output/videos/short_1602.mp4) to YouTube...
[2026-08-11T02:55:19.206+0000] {logging_mixin.py:188} INFO - 2026-08-11 02:55:19,206 | INFO     | uploader.youtube_uploader | Upload complete. YouTube video id = tm6k0xJkEPs
[2026-08-11T02:55:19.224+0000] {python.py:237} INFO - Done. Returned value was: tm6k0xJkEPs
[2026-08-11T02:55:19.226+0000] {taskinstance.py:441} INFO - ::group::Post task execution logs
[2026-08-11T02:55:19.255+0000] {taskinstance.py:1206} INFO - Marking task as SUCCESS. dag_id=youtube_english_video_pipeline, task_id=upload_short_video_10, run_id=manual__2026-08-11T02:25:49.703167+00:00, execution_date=20260811T022549, start_date=20260811T025515, end_date=20260811T025519
[2026-08-11T02:55:19.280+0000] {local_task_job_runner.py:243} INFO - Task exited with return code 0
[2026-08-11T02:55:19.422+0000] {taskinstance.py:3503} INFO - 1 downstream tasks scheduled from follow-on schedule check
[2026-08-11T02:55:19.429+0000] {local_task_job_runner.py:222} INFO - ::endgroup::
