[2026-09-05T06:30:45.008+0000] {local_task_job_runner.py:120} INFO - ::group::Pre task execution logs
[2026-09-05T06:30:45.064+0000] {taskinstance.py:2076} INFO - Dependencies all met for dep_context=non-requeueable deps ti=<TaskInstance: youtube_english_video_pipeline.upload_short_video_1 manual__2026-09-05T06:29:37.349254+00:00 [queued]>
[2026-09-05T06:30:45.075+0000] {taskinstance.py:2076} INFO - Dependencies all met for dep_context=requeueable deps ti=<TaskInstance: youtube_english_video_pipeline.upload_short_video_1 manual__2026-09-05T06:29:37.349254+00:00 [queued]>
[2026-09-05T06:30:45.077+0000] {taskinstance.py:2306} INFO - Starting attempt 1 of 3
[2026-09-05T06:30:45.091+0000] {taskinstance.py:2330} INFO - Executing <Task(PythonOperator): upload_short_video_1> on 2026-09-05 06:29:37.349254+00:00
[2026-09-05T06:30:45.097+0000] {standard_task_runner.py:64} INFO - Started process 23902 to run task
[2026-09-05T06:30:45.101+0000] {standard_task_runner.py:90} INFO - Running: ['airflow', 'tasks', 'run', 'youtube_english_video_pipeline', 'upload_short_video_1', 'manual__2026-09-05T06:29:37.349254+00:00', '--job-id', '980', '--raw', '--subdir', 'DAGS_FOLDER/youtube_pipeline.py', '--cfg-path', '/tmp/tmp1uf3mg__']
[2026-09-05T06:30:45.104+0000] {standard_task_runner.py:91} INFO - Job 980: Subtask upload_short_video_1
[2026-09-05T06:30:45.196+0000] {task_command.py:426} INFO - Running <TaskInstance: youtube_english_video_pipeline.upload_short_video_1 manual__2026-09-05T06:29:37.349254+00:00 [running]> on host cc859d74cf38
[2026-09-05T06:30:45.519+0000] {taskinstance.py:2648} INFO - Exporting env vars: AIRFLOW_CTX_DAG_OWNER='taky' AIRFLOW_CTX_DAG_ID='youtube_english_video_pipeline' AIRFLOW_CTX_TASK_ID='upload_short_video_1' AIRFLOW_CTX_EXECUTION_DATE='2026-09-05T06:29:37.349254+00:00' AIRFLOW_CTX_TRY_NUMBER='1' AIRFLOW_CTX_DAG_RUN_ID='manual__2026-09-05T06:29:37.349254+00:00'
[2026-09-05T06:30:45.520+0000] {taskinstance.py:430} INFO - ::endgroup::
[2026-09-05T06:30:46.247+0000] {__init__.py:49} INFO - file_cache is only supported with oauth2client<4.0.0
[2026-09-05T06:30:46.261+0000] {logging_mixin.py:188} INFO - 2026-09-05 06:30:46,261 | INFO     | uploader.youtube_uploader | Uploading video 'Daily English Phrase | Daily Conversation' (/opt/airflow/output/videos/short_2557.mp4) to YouTube...
[2026-09-05T06:30:49.095+0000] {logging_mixin.py:188} INFO - 2026-09-05 06:30:49,095 | INFO     | uploader.youtube_uploader | Upload complete. YouTube video id = cjuBjaMF_l0
[2026-09-05T06:30:49.119+0000] {python.py:237} INFO - Done. Returned value was: cjuBjaMF_l0
[2026-09-05T06:30:49.120+0000] {taskinstance.py:441} INFO - ::group::Post task execution logs
[2026-09-05T06:30:49.166+0000] {taskinstance.py:1206} INFO - Marking task as SUCCESS. dag_id=youtube_english_video_pipeline, task_id=upload_short_video_1, run_id=manual__2026-09-05T06:29:37.349254+00:00, execution_date=20260905T062937, start_date=20260905T063045, end_date=20260905T063049
[2026-09-05T06:30:49.221+0000] {local_task_job_runner.py:243} INFO - Task exited with return code 0
[2026-09-05T06:30:49.489+0000] {taskinstance.py:3503} INFO - 1 downstream tasks scheduled from follow-on schedule check
[2026-09-05T06:30:49.495+0000] {local_task_job_runner.py:222} INFO - ::endgroup::
