[2026-07-28T12:50:29.329+0000] {local_task_job_runner.py:120} INFO - ::group::Pre task execution logs
[2026-07-28T12:50:29.370+0000] {taskinstance.py:2076} INFO - Dependencies all met for dep_context=non-requeueable deps ti=<TaskInstance: youtube_english_video_pipeline.upload_long_video_5 scheduled__2026-07-27T12:00:00+00:00 [queued]>
[2026-07-28T12:50:29.381+0000] {taskinstance.py:2076} INFO - Dependencies all met for dep_context=requeueable deps ti=<TaskInstance: youtube_english_video_pipeline.upload_long_video_5 scheduled__2026-07-27T12:00:00+00:00 [queued]>
[2026-07-28T12:50:29.391+0000] {taskinstance.py:2306} INFO - Starting attempt 1 of 3
[2026-07-28T12:50:29.410+0000] {taskinstance.py:2330} INFO - Executing <Task(PythonOperator): upload_long_video_5> on 2026-07-27 12:00:00+00:00
[2026-07-28T12:50:29.420+0000] {standard_task_runner.py:64} INFO - Started process 24300 to run task
[2026-07-28T12:50:29.424+0000] {standard_task_runner.py:90} INFO - Running: ['airflow', 'tasks', 'run', 'youtube_english_video_pipeline', 'upload_long_video_5', 'scheduled__2026-07-27T12:00:00+00:00', '--job-id', '511', '--raw', '--subdir', 'DAGS_FOLDER/youtube_pipeline.py', '--cfg-path', '/tmp/tmpcs53kpu9']
[2026-07-28T12:50:29.433+0000] {standard_task_runner.py:91} INFO - Job 511: Subtask upload_long_video_5
[2026-07-28T12:50:29.537+0000] {task_command.py:426} INFO - Running <TaskInstance: youtube_english_video_pipeline.upload_long_video_5 scheduled__2026-07-27T12:00:00+00:00 [running]> on host cc859d74cf38
[2026-07-28T12:50:29.792+0000] {taskinstance.py:2648} INFO - Exporting env vars: AIRFLOW_CTX_DAG_OWNER='taky' AIRFLOW_CTX_DAG_ID='youtube_english_video_pipeline' AIRFLOW_CTX_TASK_ID='upload_long_video_5' AIRFLOW_CTX_EXECUTION_DATE='2026-07-27T12:00:00+00:00' AIRFLOW_CTX_TRY_NUMBER='1' AIRFLOW_CTX_DAG_RUN_ID='scheduled__2026-07-27T12:00:00+00:00'
[2026-07-28T12:50:29.793+0000] {taskinstance.py:430} INFO - ::endgroup::
[2026-07-28T12:50:30.160+0000] {__init__.py:49} INFO - file_cache is only supported with oauth2client<4.0.0
[2026-07-28T12:50:30.169+0000] {logging_mixin.py:188} INFO - 2026-07-28 12:50:30,169 | INFO     | uploader.youtube_uploader | Uploading video 'Essential Shopping English Phrases You Must Know | Taky's Language School' (/opt/airflow/output/videos/long_1135.mp4) to YouTube...
[2026-07-28T12:50:36.470+0000] {logging_mixin.py:188} INFO - 2026-07-28 12:50:36,469 | INFO     | uploader.youtube_uploader | Upload complete. YouTube video id = jGE9G1vJJ5w
[2026-07-28T12:50:39.981+0000] {logging_mixin.py:188} INFO - 2026-07-28 12:50:39,981 | INFO     | uploader.youtube_uploader | Custom thumbnail uploaded.
[2026-07-28T12:50:39.996+0000] {python.py:237} INFO - Done. Returned value was: jGE9G1vJJ5w
[2026-07-28T12:50:39.997+0000] {taskinstance.py:441} INFO - ::group::Post task execution logs
[2026-07-28T12:50:40.038+0000] {taskinstance.py:1206} INFO - Marking task as SUCCESS. dag_id=youtube_english_video_pipeline, task_id=upload_long_video_5, run_id=scheduled__2026-07-27T12:00:00+00:00, execution_date=20260727T120000, start_date=20260728T125029, end_date=20260728T125040
[2026-07-28T12:50:40.085+0000] {local_task_job_runner.py:243} INFO - Task exited with return code 0
[2026-07-28T12:50:40.269+0000] {taskinstance.py:3503} INFO - 1 downstream tasks scheduled from follow-on schedule check
[2026-07-28T12:50:40.278+0000] {local_task_job_runner.py:222} INFO - ::endgroup::
