[2026-07-25T01:16:22.179+0000] {local_task_job_runner.py:120} INFO - ::group::Pre task execution logs
[2026-07-25T01:16:22.269+0000] {taskinstance.py:2076} INFO - Dependencies all met for dep_context=non-requeueable deps ti=<TaskInstance: youtube_english_video_pipeline.build_short_video manual__2026-07-25T01:15:55.579264+00:00 [queued]>
[2026-07-25T01:16:22.292+0000] {taskinstance.py:2076} INFO - Dependencies all met for dep_context=requeueable deps ti=<TaskInstance: youtube_english_video_pipeline.build_short_video manual__2026-07-25T01:15:55.579264+00:00 [queued]>
[2026-07-25T01:16:22.302+0000] {taskinstance.py:2306} INFO - Starting attempt 1 of 3
[2026-07-25T01:16:22.347+0000] {taskinstance.py:2330} INFO - Executing <Task(PythonOperator): build_short_video> on 2026-07-25 01:15:55.579264+00:00
[2026-07-25T01:16:22.371+0000] {standard_task_runner.py:64} INFO - Started process 222 to run task
[2026-07-25T01:16:22.380+0000] {standard_task_runner.py:90} INFO - Running: ['airflow', 'tasks', 'run', 'youtube_english_video_pipeline', 'build_short_video', 'manual__2026-07-25T01:15:55.579264+00:00', '--job-id', '103', '--raw', '--subdir', 'DAGS_FOLDER/youtube_pipeline.py', '--cfg-path', '/tmp/tmpc__e9t5v']
[2026-07-25T01:16:22.410+0000] {standard_task_runner.py:91} INFO - Job 103: Subtask build_short_video
[2026-07-25T01:16:22.635+0000] {task_command.py:426} INFO - Running <TaskInstance: youtube_english_video_pipeline.build_short_video manual__2026-07-25T01:15:55.579264+00:00 [running]> on host 654b8331d764
[2026-07-25T01:16:23.031+0000] {taskinstance.py:2648} INFO - Exporting env vars: AIRFLOW_CTX_DAG_OWNER='taky' AIRFLOW_CTX_DAG_ID='youtube_english_video_pipeline' AIRFLOW_CTX_TASK_ID='build_short_video' AIRFLOW_CTX_EXECUTION_DATE='2026-07-25T01:15:55.579264+00:00' AIRFLOW_CTX_TRY_NUMBER='1' AIRFLOW_CTX_DAG_RUN_ID='manual__2026-07-25T01:15:55.579264+00:00'
[2026-07-25T01:16:23.041+0000] {taskinstance.py:430} INFO - ::endgroup::
[2026-07-25T01:16:28.069+0000] {logging_mixin.py:188} INFO - 2026-07-25 01:16:28,069 | INFO     | planner.video_planner | Planned SHORT video: topic='Social English', phrases=1
[2026-07-25T01:16:28.436+0000] {logging_mixin.py:188} INFO - 2026-07-25 01:16:28,435 | INFO     | tts.edge_tts | Synthesized audio -> /opt/airflow/output/audio/phrase_73.mp3
[2026-07-25T01:16:28.840+0000] {logging_mixin.py:188} INFO - 2026-07-25 01:16:28,840 | INFO     | tts.edge_tts | Synthesized audio -> /opt/airflow/output/audio/example_73.mp3
[2026-07-25T01:16:33.356+0000] {logging_mixin.py:188} INFO - 2026-07-25 01:16:33,356 | INFO     | media.image_downloader | Downloaded background image for scene='meeting' -> /opt/airflow/output/images/short_73.jpg
[2026-07-25T01:16:33.369+0000] {logging_mixin.py:188} INFO - 2026-07-25 01:16:33,369 | INFO     | video.video_builder | Running ffmpeg: ffmpeg -y -i /opt/airflow/output/audio/phrase_73.mp3 -i /opt/airflow/output/audio/example_73.mp3 -filter_complex [0:a]apad=pad_dur=0.4[a0];[a0][1:a]concat=n=2:v=0:a=1[aout] -map [aout] /opt/airflow/output/videos/_tmp/short_73_raw.audio.mp3
[2026-07-25T01:16:35.900+0000] {logging_mixin.py:188} INFO - 2026-07-25 01:16:35,900 | INFO     | video.video_builder | Running ffmpeg: ffmpeg -y -loop 1 -i /opt/airflow/output/images/short_73.jpg -i /opt/airflow/output/videos/_tmp/short_73_raw.audio.mp3 -vf scale=1080:1920:force_original_aspect_ratio=increase,crop=1080:1920,drawtext=fontfile='/opt/airflow/assets/fonts/NotoSansJP-Bold.ttf':text='Sorry to keep you\nwaiting.':fontcolor=FFFFFF:fontsize=88:x=(w-text_w)/2:y=(h*0.16):line_spacing=12:box=1:boxcolor=black@0.45:boxborderw=20,drawtext=fontfile='/opt/airflow/assets/fonts/NotoSansJP-Bold.ttf':text='I got stuck in traffic,\nsorry to keep you\nwaiting.':fontcolor=FFD54A:fontsize=79:x=(w-text_w)/2:y=(h-text_h)/2+((h*0.15)):line_spacing=16:box=1:boxcolor=black@0.55:boxborderw=24 -c:v libx264 -preset slow -crf 18 -tune stillimage -pix_fmt yuv420p -c:a aac -b:a 192k -shortest -r 30 /opt/airflow/output/videos/_tmp/short_73_raw.mp4
[2026-07-25T01:20:47.511+0000] {logging_mixin.py:188} INFO - 2026-07-25 01:20:47,507 | WARNING  | video.video_builder | BGM file not found at /opt/airflow/assets/bgm/short_bgm.mp3, rendering without background music
[2026-07-25T01:20:47.621+0000] {logging_mixin.py:188} INFO - 2026-07-25 01:20:47,620 | INFO     | video.video_builder | Running ffmpeg: ffmpeg -y -i /opt/airflow/output/videos/_tmp/short_73_raw.mp4 -c:v libx264 -preset slow -crf 18 -pix_fmt yuv420p -c:a aac -b:a 192k /opt/airflow/output/videos/short_73.mp4
[2026-07-25T01:20:58.991+0000] {logging_mixin.py:188} INFO - 2026-07-25 01:20:58,991 | INFO     | video.video_builder | Final video rendered -> /opt/airflow/output/videos/short_73.mp4
[2026-07-25T01:21:10.579+0000] {python.py:237} INFO - Done. Returned value was: {'video_id': 20, 'file_path': '/opt/airflow/output/videos/short_73.mp4', 'title': "Say THIS When You're Late! ⏰ Natural English Phrases #Shorts", 'description': 'Learn natural social English with Taky\'s Language School! 💬\n\nAre you late for a meeting or hanging out with friends? Don\'t just say "Sorry I\'m late." Use this natural phrase instead:\n\n👉 "Sorry to keep you waiting."\nExample: "I got stuck in traffic, sorry to keep you waiting."\n\nSubscribe to Taky\'s Language School for more practical spoken English tips, useful vocabulary, and natural conversation phrases!\n\n#LearnEnglish #EnglishPhrases #SocialEnglish #SpeakEnglish #TakysLanguageSchool #Shorts', 'tags': ['learn english', 'spoken english', 'english phrases', 'social english', "taky's language school", 'sorry to keep you waiting', 'how to apologize in english', 'english speaking practice', 'daily english', 'english shorts'], 'video_type': 'short'}
[2026-07-25T01:21:10.721+0000] {taskinstance.py:441} INFO - ::group::Post task execution logs
[2026-07-25T01:21:10.848+0000] {taskinstance.py:1206} INFO - Marking task as SUCCESS. dag_id=youtube_english_video_pipeline, task_id=build_short_video, run_id=manual__2026-07-25T01:15:55.579264+00:00, execution_date=20260725T011555, start_date=20260725T011622, end_date=20260725T012110
[2026-07-25T01:21:11.081+0000] {local_task_job_runner.py:243} INFO - Task exited with return code 0
[2026-07-25T01:21:11.200+0000] {taskinstance.py:3503} INFO - 1 downstream tasks scheduled from follow-on schedule check
[2026-07-25T01:21:11.232+0000] {local_task_job_runner.py:222} INFO - ::endgroup::
