[2026-07-27T01:32:43.966+0000] {local_task_job_runner.py:120} INFO - ::group::Pre task execution logs
[2026-07-27T01:32:44.073+0000] {taskinstance.py:2076} INFO - Dependencies all met for dep_context=non-requeueable deps ti=<TaskInstance: youtube_english_video_pipeline.upload_long_video_2 scheduled__2026-07-25T12:00:00+00:00 [queued]>
[2026-07-27T01:32:44.100+0000] {taskinstance.py:2076} INFO - Dependencies all met for dep_context=requeueable deps ti=<TaskInstance: youtube_english_video_pipeline.upload_long_video_2 scheduled__2026-07-25T12:00:00+00:00 [queued]>
[2026-07-27T01:32:44.103+0000] {taskinstance.py:2306} INFO - Starting attempt 1 of 3
[2026-07-27T01:32:44.143+0000] {taskinstance.py:2330} INFO - Executing <Task(PythonOperator): upload_long_video_2> on 2026-07-25 12:00:00+00:00
[2026-07-27T01:32:44.156+0000] {standard_task_runner.py:64} INFO - Started process 34489 to run task
[2026-07-27T01:32:44.163+0000] {standard_task_runner.py:90} INFO - Running: ['airflow', 'tasks', 'run', 'youtube_english_video_pipeline', 'upload_long_video_2', 'scheduled__2026-07-25T12:00:00+00:00', '--job-id', '373', '--raw', '--subdir', 'DAGS_FOLDER/youtube_pipeline.py', '--cfg-path', '/tmp/tmp3oml0hkg']
[2026-07-27T01:32:44.171+0000] {standard_task_runner.py:91} INFO - Job 373: Subtask upload_long_video_2
[2026-07-27T01:32:44.499+0000] {task_command.py:426} INFO - Running <TaskInstance: youtube_english_video_pipeline.upload_long_video_2 scheduled__2026-07-25T12:00:00+00:00 [running]> on host cc859d74cf38
[2026-07-27T01:32:44.998+0000] {taskinstance.py:2648} INFO - Exporting env vars: AIRFLOW_CTX_DAG_OWNER='taky' AIRFLOW_CTX_DAG_ID='youtube_english_video_pipeline' AIRFLOW_CTX_TASK_ID='upload_long_video_2' AIRFLOW_CTX_EXECUTION_DATE='2026-07-25T12:00:00+00:00' AIRFLOW_CTX_TRY_NUMBER='1' AIRFLOW_CTX_DAG_RUN_ID='scheduled__2026-07-25T12:00:00+00:00'
[2026-07-27T01:32:45.000+0000] {taskinstance.py:430} INFO - ::endgroup::
[2026-07-27T01:32:45.758+0000] {__init__.py:49} INFO - file_cache is only supported with oauth2client<4.0.0
[2026-07-27T01:32:45.776+0000] {logging_mixin.py:188} INFO - 2026-07-27 01:32:45,776 | INFO     | uploader.youtube_uploader | Uploading video 'Shopping English Phrases You Must Know! | Taky's Language School' (/opt/airflow/output/videos/long_602.mp4) to YouTube...
[2026-07-27T01:32:53.020+0000] {logging_mixin.py:188} INFO - 2026-07-27 01:32:53,019 | INFO     | uploader.youtube_uploader | Upload complete. YouTube video id = pDqSPdV8OBw
[2026-07-27T01:32:57.656+0000] {logging_mixin.py:188} INFO - 2026-07-27 01:32:57,656 | INFO     | uploader.youtube_uploader | Custom thumbnail uploaded.
[2026-07-27T01:32:57.688+0000] {python.py:237} INFO - Done. Returned value was: pDqSPdV8OBw
[2026-07-27T01:32:57.690+0000] {taskinstance.py:441} INFO - ::group::Post task execution logs
[2026-07-27T01:32:57.770+0000] {taskinstance.py:1206} INFO - Marking task as SUCCESS. dag_id=youtube_english_video_pipeline, task_id=upload_long_video_2, run_id=scheduled__2026-07-25T12:00:00+00:00, execution_date=20260725T120000, start_date=20260727T013244, end_date=20260727T013257
[2026-07-27T01:32:57.834+0000] {local_task_job_runner.py:243} INFO - Task exited with return code 0
[2026-07-27T01:32:58.217+0000] {taskinstance.py:3503} INFO - 1 downstream tasks scheduled from follow-on schedule check
[2026-07-27T01:32:58.224+0000] {local_task_job_runner.py:222} INFO - ::endgroup::
