[2026-07-25T04:25:09.138+0000] {local_task_job_runner.py:120} INFO - ::group::Pre task execution logs
[2026-07-25T04:25:09.162+0000] {taskinstance.py:2076} INFO - Dependencies all met for dep_context=non-requeueable deps ti=<TaskInstance: youtube_english_video_pipeline.build_short_video manual__2026-07-25T04:25:07.117493+00:00 [queued]>
[2026-07-25T04:25:09.171+0000] {taskinstance.py:2076} INFO - Dependencies all met for dep_context=requeueable deps ti=<TaskInstance: youtube_english_video_pipeline.build_short_video manual__2026-07-25T04:25:07.117493+00:00 [queued]>
[2026-07-25T04:25:09.172+0000] {taskinstance.py:2306} INFO - Starting attempt 1 of 3
[2026-07-25T04:25:09.181+0000] {taskinstance.py:2330} INFO - Executing <Task(PythonOperator): build_short_video> on 2026-07-25 04:25:07.117493+00:00
[2026-07-25T04:25:09.185+0000] {standard_task_runner.py:64} INFO - Started process 211 to run task
[2026-07-25T04:25:09.187+0000] {standard_task_runner.py:90} INFO - Running: ['airflow', 'tasks', 'run', 'youtube_english_video_pipeline', 'build_short_video', 'manual__2026-07-25T04:25:07.117493+00:00', '--job-id', '182', '--raw', '--subdir', 'DAGS_FOLDER/youtube_pipeline.py', '--cfg-path', '/tmp/tmp3uf7dtm2']
[2026-07-25T04:25:09.190+0000] {standard_task_runner.py:91} INFO - Job 182: Subtask build_short_video
[2026-07-25T04:25:09.242+0000] {task_command.py:426} INFO - Running <TaskInstance: youtube_english_video_pipeline.build_short_video manual__2026-07-25T04:25:07.117493+00:00 [running]> on host ce8e21912c19
[2026-07-25T04:25:09.429+0000] {taskinstance.py:2648} INFO - Exporting env vars: AIRFLOW_CTX_DAG_OWNER='taky' AIRFLOW_CTX_DAG_ID='youtube_english_video_pipeline' AIRFLOW_CTX_TASK_ID='build_short_video' AIRFLOW_CTX_EXECUTION_DATE='2026-07-25T04:25:07.117493+00:00' AIRFLOW_CTX_TRY_NUMBER='1' AIRFLOW_CTX_DAG_RUN_ID='manual__2026-07-25T04:25:07.117493+00:00'
[2026-07-25T04:25:09.430+0000] {taskinstance.py:430} INFO - ::endgroup::
[2026-07-25T04:25:09.887+0000] {logging_mixin.py:188} INFO - 2026-07-25 04:25:09,887 | INFO     | planner.video_planner | Planned SHORT video: topic='Hotel English', phrases=1
[2026-07-25T04:25:10.268+0000] {logging_mixin.py:188} INFO - 2026-07-25 04:25:10,268 | INFO     | tts.edge_tts | Synthesized audio -> /opt/airflow/output/audio/phrase_90.mp3
[2026-07-25T04:25:10.521+0000] {logging_mixin.py:188} INFO - 2026-07-25 04:25:10,520 | INFO     | tts.edge_tts | Synthesized audio -> /opt/airflow/output/audio/example_90.mp3
[2026-07-25T04:25:10.714+0000] {logging_mixin.py:188} INFO - 2026-07-25 04:25:10,714 | INFO     | media.image_downloader | Downloaded background image for scene='hotel' -> /opt/airflow/output/images/short_90.jpg
[2026-07-25T04:25:10.721+0000] {logging_mixin.py:188} INFO - 2026-07-25 04:25:10,720 | INFO     | video.video_builder | Running ffmpeg: ffmpeg -y -i /opt/airflow/output/audio/phrase_90.mp3 -i /opt/airflow/output/audio/example_90.mp3 -filter_complex [0:a]apad=pad_dur=0.4[a0];[a0][1:a]concat=n=2:v=0:a=1[aout] -map [aout] /opt/airflow/output/videos/_tmp/short_90_raw.audio.mp3
[2026-07-25T04:25:10.809+0000] {logging_mixin.py:188} INFO - 2026-07-25 04:25:10,809 | INFO     | video.video_builder | Running ffmpeg: ffmpeg -y -loop 1 -i /opt/airflow/output/images/short_90.jpg -i /opt/airflow/output/videos/_tmp/short_90_raw.audio.mp3 -vf scale=1080:1920:force_original_aspect_ratio=increase,crop=1080:1920,drawtext=fontfile='/usr/share/fonts/truetype/noto/NotoSans-Regular.ttf':text='I\'d like to check \nin, please. ':fontcolor=FFFFFF:fontsize=88:x=w/2:y=(h*0.16):text_align=center:line_spacing=12:box=1:boxcolor=black@0.45:boxborderw=12,drawtext=fontfile='/usr/share/fonts/truetype/noto/NotoSans-Regular.ttf':text='Hello, I\'d like to check \nin, please, my name is \nSarah Jenkins. ':fontcolor=FFD54A:fontsize=79:x=w/2:y=(h-text_h)/2+(h*0.15):text_align=center:line_spacing=16:box=1:boxcolor=black@0.55:boxborderw=16 -c:v libx264 -preset medium -crf 23 -tune stillimage -pix_fmt yuv420p -c:a aac -b:a 192k -shortest -r 30 /opt/airflow/output/videos/_tmp/short_90_raw.mp4
[2026-07-25T04:25:10.946+0000] {taskinstance.py:441} INFO - ::group::Post task execution logs
[2026-07-25T04:25:10.947+0000] {taskinstance.py:2905} ERROR - Task failed with exception
Traceback (most recent call last):
  File "/home/airflow/.local/lib/python3.11/site-packages/airflow/models/taskinstance.py", line 465, in _execute_task
    result = _execute_callable(context=context, **execute_callable_kwargs)
             ^^^^^^^^^^^^^^^^^^^^^^^^^^^^^^^^^^^^^^^^^^^^^^^^^^^^^^^^^^^^^
  File "/home/airflow/.local/lib/python3.11/site-packages/airflow/models/taskinstance.py", line 432, in _execute_callable
    return execute_callable(context=context, **execute_callable_kwargs)
           ^^^^^^^^^^^^^^^^^^^^^^^^^^^^^^^^^^^^^^^^^^^^^^^^^^^^^^^^^^^^
  File "/home/airflow/.local/lib/python3.11/site-packages/airflow/models/baseoperator.py", line 401, in wrapper
    return func(self, *args, **kwargs)
           ^^^^^^^^^^^^^^^^^^^^^^^^^^^
  File "/home/airflow/.local/lib/python3.11/site-packages/airflow/operators/python.py", line 235, in execute
    return_value = self.execute_callable()
                   ^^^^^^^^^^^^^^^^^^^^^^^
  File "/home/airflow/.local/lib/python3.11/site-packages/airflow/operators/python.py", line 252, in execute_callable
    return self.python_callable(*self.op_args, **self.op_kwargs)
           ^^^^^^^^^^^^^^^^^^^^^^^^^^^^^^^^^^^^^^^^^^^^^^^^^^^^^
  File "/opt/airflow/dags/youtube_pipeline.py", line 64, in task_build_short_video
    result = build_short_video()
             ^^^^^^^^^^^^^^^^^^^
  File "/opt/airflow/src/video/short_video.py", line 91, in build_short_video
    result = ShortVideoPipeline().run()
             ^^^^^^^^^^^^^^^^^^^^^^^^^^
  File "/opt/airflow/src/video/short_video.py", line 59, in run
    self.builder.render_segment(segment, raw_segment_path)
  File "/opt/airflow/src/video/video_builder.py", line 166, in render_segment
    _run(cmd)
  File "/opt/airflow/src/video/video_builder.py", line 35, in _run
    subprocess.run(cmd, check=True, capture_output=True)
  File "/usr/local/lib/python3.11/subprocess.py", line 571, in run
    raise CalledProcessError(retcode, process.args,
subprocess.CalledProcessError: Command '['ffmpeg', '-y', '-loop', '1', '-i', '/opt/airflow/output/images/short_90.jpg', '-i', '/opt/airflow/output/videos/_tmp/short_90_raw.audio.mp3', '-vf', "scale=1080:1920:force_original_aspect_ratio=increase,crop=1080:1920,drawtext=fontfile='/usr/share/fonts/truetype/noto/NotoSans-Regular.ttf':text='I\\'d like to check \\nin, please. ':fontcolor=FFFFFF:fontsize=88:x=w/2:y=(h*0.16):text_align=center:line_spacing=12:box=1:boxcolor=black@0.45:boxborderw=12,drawtext=fontfile='/usr/share/fonts/truetype/noto/NotoSans-Regular.ttf':text='Hello, I\\'d like to check \\nin, please, my name is \\nSarah Jenkins. ':fontcolor=FFD54A:fontsize=79:x=w/2:y=(h-text_h)/2+(h*0.15):text_align=center:line_spacing=16:box=1:boxcolor=black@0.55:boxborderw=16", '-c:v', 'libx264', '-preset', 'medium', '-crf', '23', '-tune', 'stillimage', '-pix_fmt', 'yuv420p', '-c:a', 'aac', '-b:a', '192k', '-shortest', '-r', '30', '/opt/airflow/output/videos/_tmp/short_90_raw.mp4']' returned non-zero exit status 1.
[2026-07-25T04:25:10.964+0000] {taskinstance.py:1206} INFO - Marking task as UP_FOR_RETRY. dag_id=youtube_english_video_pipeline, task_id=build_short_video, run_id=manual__2026-07-25T04:25:07.117493+00:00, execution_date=20260725T042507, start_date=20260725T042509, end_date=20260725T042510
[2026-07-25T04:25:10.973+0000] {standard_task_runner.py:110} ERROR - Failed to execute job 182 for task build_short_video (Command '['ffmpeg', '-y', '-loop', '1', '-i', '/opt/airflow/output/images/short_90.jpg', '-i', '/opt/airflow/output/videos/_tmp/short_90_raw.audio.mp3', '-vf', "scale=1080:1920:force_original_aspect_ratio=increase,crop=1080:1920,drawtext=fontfile='/usr/share/fonts/truetype/noto/NotoSans-Regular.ttf':text='I\\'d like to check \\nin, please. ':fontcolor=FFFFFF:fontsize=88:x=w/2:y=(h*0.16):text_align=center:line_spacing=12:box=1:boxcolor=black@0.45:boxborderw=12,drawtext=fontfile='/usr/share/fonts/truetype/noto/NotoSans-Regular.ttf':text='Hello, I\\'d like to check \\nin, please, my name is \\nSarah Jenkins. ':fontcolor=FFD54A:fontsize=79:x=w/2:y=(h-text_h)/2+(h*0.15):text_align=center:line_spacing=16:box=1:boxcolor=black@0.55:boxborderw=16", '-c:v', 'libx264', '-preset', 'medium', '-crf', '23', '-tune', 'stillimage', '-pix_fmt', 'yuv420p', '-c:a', 'aac', '-b:a', '192k', '-shortest', '-r', '30', '/opt/airflow/output/videos/_tmp/short_90_raw.mp4']' returned non-zero exit status 1.; 211)
[2026-07-25T04:25:11.006+0000] {local_task_job_runner.py:243} INFO - Task exited with return code 1
[2026-07-25T04:25:11.023+0000] {taskinstance.py:3503} INFO - 0 downstream tasks scheduled from follow-on schedule check
[2026-07-25T04:25:11.025+0000] {local_task_job_runner.py:222} INFO - ::endgroup::
