[2026-08-22T07:08:15.613+0000] {local_task_job_runner.py:120} INFO - ::group::Pre task execution logs
[2026-08-22T07:08:15.696+0000] {taskinstance.py:2076} INFO - Dependencies all met for dep_context=non-requeueable deps ti=<TaskInstance: youtube_english_video_pipeline.upload_short_video_1 scheduled__2026-08-20T12:00:00+00:00 [queued]>
[2026-08-22T07:08:15.719+0000] {taskinstance.py:2076} INFO - Dependencies all met for dep_context=requeueable deps ti=<TaskInstance: youtube_english_video_pipeline.upload_short_video_1 scheduled__2026-08-20T12:00:00+00:00 [queued]>
[2026-08-22T07:08:15.721+0000] {taskinstance.py:2306} INFO - Starting attempt 1 of 3
[2026-08-22T07:08:15.742+0000] {taskinstance.py:2330} INFO - Executing <Task(PythonOperator): upload_short_video_1> on 2026-08-20 12:00:00+00:00
[2026-08-22T07:08:15.749+0000] {standard_task_runner.py:64} INFO - Started process 71238 to run task
[2026-08-22T07:08:15.753+0000] {standard_task_runner.py:90} INFO - Running: ['airflow', 'tasks', 'run', 'youtube_english_video_pipeline', 'upload_short_video_1', 'scheduled__2026-08-20T12:00:00+00:00', '--job-id', '871', '--raw', '--subdir', 'DAGS_FOLDER/youtube_pipeline.py', '--cfg-path', '/tmp/tmpupferwln']
[2026-08-22T07:08:15.756+0000] {standard_task_runner.py:91} INFO - Job 871: Subtask upload_short_video_1
[2026-08-22T07:08:15.843+0000] {task_command.py:426} INFO - Running <TaskInstance: youtube_english_video_pipeline.upload_short_video_1 scheduled__2026-08-20T12:00:00+00:00 [running]> on host cc859d74cf38
[2026-08-22T07:08:16.130+0000] {taskinstance.py:2648} INFO - Exporting env vars: AIRFLOW_CTX_DAG_OWNER='taky' AIRFLOW_CTX_DAG_ID='youtube_english_video_pipeline' AIRFLOW_CTX_TASK_ID='upload_short_video_1' AIRFLOW_CTX_EXECUTION_DATE='2026-08-20T12:00:00+00:00' AIRFLOW_CTX_TRY_NUMBER='1' AIRFLOW_CTX_DAG_RUN_ID='scheduled__2026-08-20T12:00:00+00:00'
[2026-08-22T07:08:16.131+0000] {taskinstance.py:430} INFO - ::endgroup::
[2026-08-22T07:08:16.457+0000] {__init__.py:49} INFO - file_cache is only supported with oauth2client<4.0.0
[2026-08-22T07:08:16.464+0000] {logging_mixin.py:188} INFO - 2026-08-22 07:08:16,464 | INFO     | uploader.youtube_uploader | Uploading video '"Could you give me a hand?" | Daily English Conversation #Shorts' (/opt/airflow/output/videos/short_2261.mp4) to YouTube...
[2026-08-22T07:08:19.365+0000] {logging_mixin.py:188} INFO - 2026-08-22 07:08:19,365 | INFO     | uploader.youtube_uploader | Upload complete. YouTube video id = RVueRqb3QEo
[2026-08-22T07:08:19.380+0000] {python.py:237} INFO - Done. Returned value was: RVueRqb3QEo
[2026-08-22T07:08:19.384+0000] {taskinstance.py:441} INFO - ::group::Post task execution logs
[2026-08-22T07:08:19.417+0000] {taskinstance.py:1206} INFO - Marking task as SUCCESS. dag_id=youtube_english_video_pipeline, task_id=upload_short_video_1, run_id=scheduled__2026-08-20T12:00:00+00:00, execution_date=20260820T120000, start_date=20260822T070815, end_date=20260822T070819
[2026-08-22T07:08:19.468+0000] {local_task_job_runner.py:243} INFO - Task exited with return code 0
[2026-08-22T07:08:19.708+0000] {taskinstance.py:3503} INFO - 1 downstream tasks scheduled from follow-on schedule check
[2026-08-22T07:08:19.714+0000] {local_task_job_runner.py:222} INFO - ::endgroup::
