[2026-09-21T05:54:24.891+0000] {local_task_job_runner.py:120} INFO - ::group::Pre task execution logs
[2026-09-21T05:54:24.932+0000] {taskinstance.py:2076} INFO - Dependencies all met for dep_context=non-requeueable deps ti=<TaskInstance: youtube_english_video_pipeline.build_long_video_1 manual__2026-09-21T05:53:40.285914+00:00 [queued]>
[2026-09-21T05:54:24.941+0000] {taskinstance.py:2076} INFO - Dependencies all met for dep_context=requeueable deps ti=<TaskInstance: youtube_english_video_pipeline.build_long_video_1 manual__2026-09-21T05:53:40.285914+00:00 [queued]>
[2026-09-21T05:54:24.942+0000] {taskinstance.py:2306} INFO - Starting attempt 1 of 3
[2026-09-21T05:54:24.952+0000] {taskinstance.py:2330} INFO - Executing <Task(PythonOperator): build_long_video_1> on 2026-09-21 05:53:40.285914+00:00
[2026-09-21T05:54:24.955+0000] {standard_task_runner.py:64} INFO - Started process 730 to run task
[2026-09-21T05:54:24.958+0000] {standard_task_runner.py:90} INFO - Running: ['airflow', 'tasks', 'run', 'youtube_english_video_pipeline', 'build_long_video_1', 'manual__2026-09-21T05:53:40.285914+00:00', '--job-id', '1433', '--raw', '--subdir', 'DAGS_FOLDER/youtube_pipeline.py', '--cfg-path', '/tmp/tmp04o5hdvq']
[2026-09-21T05:54:24.960+0000] {standard_task_runner.py:91} INFO - Job 1433: Subtask build_long_video_1
[2026-09-21T05:54:24.997+0000] {task_command.py:426} INFO - Running <TaskInstance: youtube_english_video_pipeline.build_long_video_1 manual__2026-09-21T05:53:40.285914+00:00 [running]> on host 73b18333cdfe
[2026-09-21T05:54:25.159+0000] {taskinstance.py:2648} INFO - Exporting env vars: AIRFLOW_CTX_DAG_OWNER='taky' AIRFLOW_CTX_DAG_ID='youtube_english_video_pipeline' AIRFLOW_CTX_TASK_ID='build_long_video_1' AIRFLOW_CTX_EXECUTION_DATE='2026-09-21T05:53:40.285914+00:00' AIRFLOW_CTX_TRY_NUMBER='1' AIRFLOW_CTX_DAG_RUN_ID='manual__2026-09-21T05:53:40.285914+00:00'
[2026-09-21T05:54:25.159+0000] {taskinstance.py:430} INFO - ::endgroup::
[2026-09-21T05:54:26.372+0000] {logging_mixin.py:188} INFO - 2026-09-21 05:54:26,372 | INFO     | planner.video_planner | Only 14 phrases for topic='Restaurant English', topping up without topic filter
[2026-09-21T05:54:26.379+0000] {logging_mixin.py:188} INFO - 2026-09-21 05:54:26,379 | INFO     | planner.video_planner | Planned LONG video: topic='Mixed English Expressions', phrases=20
[2026-09-21T05:54:26.623+0000] {logging_mixin.py:188} INFO - 2026-09-21 05:54:26,623 | INFO     | tts.edge_tts | Synthesized audio -> /opt/airflow/output/audio/phrase_3535.mp3
[2026-09-21T05:54:27.010+0000] {logging_mixin.py:188} INFO - 2026-09-21 05:54:27,010 | INFO     | tts.edge_tts | Synthesized audio -> /opt/airflow/output/audio/example_3535.mp3
[2026-09-21T05:54:27.381+0000] {logging_mixin.py:188} INFO - 2026-09-21 05:54:27,381 | INFO     | media.image_downloader | Downloaded background image for scene='hotel' -> /opt/airflow/output/images/long_3535.jpg
[2026-09-21T05:54:31.167+0000] {logging_mixin.py:188} INFO - 2026-09-21 05:54:31,167 | INFO     | tts.edge_tts | Synthesized audio -> /opt/airflow/output/audio/phrase_3527.mp3
[2026-09-21T05:54:31.492+0000] {logging_mixin.py:188} INFO - 2026-09-21 05:54:31,491 | INFO     | tts.edge_tts | Synthesized audio -> /opt/airflow/output/audio/example_3527.mp3
[2026-09-21T05:54:31.902+0000] {logging_mixin.py:188} INFO - 2026-09-21 05:54:31,902 | INFO     | media.image_downloader | Downloaded background image for scene='hotel' -> /opt/airflow/output/images/long_3527.jpg
[2026-09-21T05:54:34.904+0000] {logging_mixin.py:188} INFO - 2026-09-21 05:54:34,904 | INFO     | tts.edge_tts | Synthesized audio -> /opt/airflow/output/audio/phrase_3537.mp3
[2026-09-21T05:54:35.253+0000] {logging_mixin.py:188} INFO - 2026-09-21 05:54:35,253 | INFO     | tts.edge_tts | Synthesized audio -> /opt/airflow/output/audio/example_3537.mp3
[2026-09-21T05:54:35.851+0000] {logging_mixin.py:188} INFO - 2026-09-21 05:54:35,851 | INFO     | media.image_downloader | Downloaded background image for scene='conversation' -> /opt/airflow/output/images/long_3537.jpg
[2026-09-21T05:54:38.533+0000] {logging_mixin.py:188} INFO - 2026-09-21 05:54:38,533 | INFO     | tts.edge_tts | Synthesized audio -> /opt/airflow/output/audio/phrase_3522.mp3
[2026-09-21T05:54:38.857+0000] {logging_mixin.py:188} INFO - 2026-09-21 05:54:38,857 | INFO     | tts.edge_tts | Synthesized audio -> /opt/airflow/output/audio/example_3522.mp3
[2026-09-21T05:54:39.481+0000] {logging_mixin.py:188} INFO - 2026-09-21 05:54:39,481 | INFO     | media.image_downloader | Downloaded background image for scene='repair' -> /opt/airflow/output/images/long_3522.jpg
[2026-09-21T05:54:42.384+0000] {logging_mixin.py:188} INFO - 2026-09-21 05:54:42,384 | INFO     | tts.edge_tts | Synthesized audio -> /opt/airflow/output/audio/phrase_3531.mp3
[2026-09-21T05:54:42.857+0000] {logging_mixin.py:188} INFO - 2026-09-21 05:54:42,857 | INFO     | tts.edge_tts | Synthesized audio -> /opt/airflow/output/audio/example_3531.mp3
[2026-09-21T05:54:43.972+0000] {logging_mixin.py:188} INFO - 2026-09-21 05:54:43,972 | INFO     | media.image_downloader | Downloaded background image for scene='conversation' -> /opt/airflow/output/images/long_3531.jpg
[2026-09-21T05:54:47.123+0000] {logging_mixin.py:188} INFO - 2026-09-21 05:54:47,123 | INFO     | tts.edge_tts | Synthesized audio -> /opt/airflow/output/audio/phrase_3516.mp3
[2026-09-21T05:54:47.454+0000] {logging_mixin.py:188} INFO - 2026-09-21 05:54:47,454 | INFO     | tts.edge_tts | Synthesized audio -> /opt/airflow/output/audio/example_3516.mp3
[2026-09-21T05:54:48.048+0000] {logging_mixin.py:188} INFO - 2026-09-21 05:54:48,047 | INFO     | media.image_downloader | Downloaded background image for scene='meeting' -> /opt/airflow/output/images/long_3516.jpg
[2026-09-21T05:54:51.149+0000] {logging_mixin.py:188} INFO - 2026-09-21 05:54:51,149 | INFO     | tts.edge_tts | Synthesized audio -> /opt/airflow/output/audio/phrase_3508.mp3
[2026-09-21T05:54:51.493+0000] {logging_mixin.py:188} INFO - 2026-09-21 05:54:51,493 | INFO     | tts.edge_tts | Synthesized audio -> /opt/airflow/output/audio/example_3508.mp3
[2026-09-21T05:54:52.269+0000] {logging_mixin.py:188} INFO - 2026-09-21 05:54:52,269 | INFO     | media.image_downloader | Downloaded background image for scene='event' -> /opt/airflow/output/images/long_3508.jpg
[2026-09-21T05:54:55.532+0000] {logging_mixin.py:188} INFO - 2026-09-21 05:54:55,532 | INFO     | tts.edge_tts | Synthesized audio -> /opt/airflow/output/audio/phrase_3539.mp3
[2026-09-21T05:54:55.844+0000] {logging_mixin.py:188} INFO - 2026-09-21 05:54:55,844 | INFO     | tts.edge_tts | Synthesized audio -> /opt/airflow/output/audio/example_3539.mp3
[2026-09-21T05:54:56.240+0000] {logging_mixin.py:188} INFO - 2026-09-21 05:54:56,240 | INFO     | media.image_downloader | Downloaded background image for scene='hotel' -> /opt/airflow/output/images/long_3539.jpg
[2026-09-21T05:54:59.667+0000] {logging_mixin.py:188} INFO - 2026-09-21 05:54:59,667 | INFO     | tts.edge_tts | Synthesized audio -> /opt/airflow/output/audio/phrase_3515.mp3
[2026-09-21T05:55:00.001+0000] {logging_mixin.py:188} INFO - 2026-09-21 05:55:00,001 | INFO     | tts.edge_tts | Synthesized audio -> /opt/airflow/output/audio/example_3515.mp3
[2026-09-21T05:55:00.431+0000] {logging_mixin.py:188} INFO - 2026-09-21 05:55:00,431 | INFO     | media.image_downloader | Downloaded background image for scene='airport' -> /opt/airflow/output/images/long_3515.jpg
[2026-09-21T05:55:03.861+0000] {logging_mixin.py:188} INFO - 2026-09-21 05:55:03,861 | INFO     | tts.edge_tts | Synthesized audio -> /opt/airflow/output/audio/phrase_3523.mp3
[2026-09-21T05:55:04.177+0000] {logging_mixin.py:188} INFO - 2026-09-21 05:55:04,176 | INFO     | tts.edge_tts | Synthesized audio -> /opt/airflow/output/audio/example_3523.mp3
[2026-09-21T05:55:04.656+0000] {logging_mixin.py:188} INFO - 2026-09-21 05:55:04,656 | INFO     | media.image_downloader | Downloaded background image for scene='office' -> /opt/airflow/output/images/long_3523.jpg
[2026-09-21T05:55:07.903+0000] {logging_mixin.py:188} INFO - 2026-09-21 05:55:07,902 | INFO     | tts.edge_tts | Synthesized audio -> /opt/airflow/output/audio/phrase_3564.mp3
[2026-09-21T05:55:08.199+0000] {logging_mixin.py:188} INFO - 2026-09-21 05:55:08,199 | INFO     | tts.edge_tts | Synthesized audio -> /opt/airflow/output/audio/example_3564.mp3
[2026-09-21T05:55:08.637+0000] {logging_mixin.py:188} INFO - 2026-09-21 05:55:08,637 | INFO     | media.image_downloader | Downloaded background image for scene='dining' -> /opt/airflow/output/images/long_3564.jpg
[2026-09-21T05:55:11.535+0000] {logging_mixin.py:188} INFO - 2026-09-21 05:55:11,535 | INFO     | tts.edge_tts | Synthesized audio -> /opt/airflow/output/audio/phrase_3558.mp3
[2026-09-21T05:55:11.813+0000] {logging_mixin.py:188} INFO - 2026-09-21 05:55:11,813 | INFO     | tts.edge_tts | Synthesized audio -> /opt/airflow/output/audio/example_3558.mp3
[2026-09-21T05:55:12.428+0000] {logging_mixin.py:188} INFO - 2026-09-21 05:55:12,428 | INFO     | media.image_downloader | Downloaded background image for scene='conversation' -> /opt/airflow/output/images/long_3558.jpg
[2026-09-21T05:55:15.289+0000] {logging_mixin.py:188} INFO - 2026-09-21 05:55:15,289 | INFO     | tts.edge_tts | Synthesized audio -> /opt/airflow/output/audio/phrase_3555.mp3
[2026-09-21T05:55:15.539+0000] {logging_mixin.py:188} INFO - 2026-09-21 05:55:15,539 | INFO     | tts.edge_tts | Synthesized audio -> /opt/airflow/output/audio/example_3555.mp3
[2026-09-21T05:55:15.981+0000] {logging_mixin.py:188} INFO - 2026-09-21 05:55:15,980 | INFO     | media.image_downloader | Downloaded background image for scene='menu' -> /opt/airflow/output/images/long_3555.jpg
[2026-09-21T05:55:19.175+0000] {logging_mixin.py:188} INFO - 2026-09-21 05:55:19,175 | INFO     | tts.edge_tts | Synthesized audio -> /opt/airflow/output/audio/phrase_3565.mp3
[2026-09-21T05:55:19.466+0000] {logging_mixin.py:188} INFO - 2026-09-21 05:55:19,466 | INFO     | tts.edge_tts | Synthesized audio -> /opt/airflow/output/audio/example_3565.mp3
[2026-09-21T05:55:20.281+0000] {logging_mixin.py:188} INFO - 2026-09-21 05:55:20,281 | INFO     | media.image_downloader | Downloaded background image for scene='billing' -> /opt/airflow/output/images/long_3565.jpg
[2026-09-21T05:55:23.267+0000] {logging_mixin.py:188} INFO - 2026-09-21 05:55:23,267 | INFO     | tts.edge_tts | Synthesized audio -> /opt/airflow/output/audio/phrase_3576.mp3
[2026-09-21T05:55:23.623+0000] {logging_mixin.py:188} INFO - 2026-09-21 05:55:23,623 | INFO     | tts.edge_tts | Synthesized audio -> /opt/airflow/output/audio/example_3576.mp3
[2026-09-21T05:55:24.071+0000] {logging_mixin.py:188} INFO - 2026-09-21 05:55:24,071 | INFO     | media.image_downloader | Downloaded background image for scene='restaurant' -> /opt/airflow/output/images/long_3576.jpg
[2026-09-21T05:55:27.560+0000] {logging_mixin.py:188} INFO - 2026-09-21 05:55:27,560 | INFO     | tts.edge_tts | Synthesized audio -> /opt/airflow/output/audio/phrase_3572.mp3
[2026-09-21T05:55:27.900+0000] {logging_mixin.py:188} INFO - 2026-09-21 05:55:27,900 | INFO     | tts.edge_tts | Synthesized audio -> /opt/airflow/output/audio/example_3572.mp3
[2026-09-21T05:55:28.568+0000] {logging_mixin.py:188} INFO - 2026-09-21 05:55:28,568 | INFO     | media.image_downloader | Downloaded background image for scene='cafe' -> /opt/airflow/output/images/long_3572.jpg
[2026-09-21T05:55:32.654+0000] {logging_mixin.py:188} INFO - 2026-09-21 05:55:32,653 | INFO     | tts.edge_tts | Synthesized audio -> /opt/airflow/output/audio/phrase_3569.mp3
[2026-09-21T05:55:32.909+0000] {logging_mixin.py:188} INFO - 2026-09-21 05:55:32,909 | INFO     | tts.edge_tts | Synthesized audio -> /opt/airflow/output/audio/example_3569.mp3
[2026-09-21T05:55:33.896+0000] {logging_mixin.py:188} INFO - 2026-09-21 05:55:33,896 | INFO     | media.image_downloader | Downloaded background image for scene='conversation' -> /opt/airflow/output/images/long_3569.jpg
[2026-09-21T05:55:36.904+0000] {logging_mixin.py:188} INFO - 2026-09-21 05:55:36,904 | INFO     | tts.edge_tts | Synthesized audio -> /opt/airflow/output/audio/phrase_3568.mp3
[2026-09-21T05:55:37.257+0000] {logging_mixin.py:188} INFO - 2026-09-21 05:55:37,257 | INFO     | tts.edge_tts | Synthesized audio -> /opt/airflow/output/audio/example_3568.mp3
[2026-09-21T05:55:37.794+0000] {logging_mixin.py:188} INFO - 2026-09-21 05:55:37,794 | INFO     | media.image_downloader | Downloaded background image for scene='commute' -> /opt/airflow/output/images/long_3568.jpg
[2026-09-21T05:55:41.218+0000] {logging_mixin.py:188} INFO - 2026-09-21 05:55:41,218 | INFO     | tts.edge_tts | Synthesized audio -> /opt/airflow/output/audio/phrase_3566.mp3
[2026-09-21T05:55:41.548+0000] {logging_mixin.py:188} INFO - 2026-09-21 05:55:41,548 | INFO     | tts.edge_tts | Synthesized audio -> /opt/airflow/output/audio/example_3566.mp3
[2026-09-21T05:55:41.949+0000] {logging_mixin.py:188} INFO - 2026-09-21 05:55:41,949 | INFO     | media.image_downloader | Downloaded background image for scene='gratitude' -> /opt/airflow/output/images/long_3566.jpg
[2026-09-21T05:55:44.537+0000] {logging_mixin.py:188} INFO - 2026-09-21 05:55:44,536 | INFO     | tts.edge_tts | Synthesized audio -> /opt/airflow/output/audio/phrase_3551.mp3
[2026-09-21T05:55:44.887+0000] {logging_mixin.py:188} INFO - 2026-09-21 05:55:44,887 | INFO     | tts.edge_tts | Synthesized audio -> /opt/airflow/output/audio/example_3551.mp3
[2026-09-21T05:55:45.278+0000] {logging_mixin.py:188} INFO - 2026-09-21 05:55:45,278 | INFO     | media.image_downloader | Downloaded background image for scene='restaurant' -> /opt/airflow/output/images/long_3551.jpg
[2026-09-21T05:55:49.111+0000] {logging_mixin.py:188} INFO - 2026-09-21 05:55:49,111 | WARNING  | video.video_builder | BGM file not found at /opt/airflow/assets/bgm/long_bgm.mp3, rendering without background music
[2026-09-21T05:56:14.603+0000] {logging_mixin.py:188} INFO - 2026-09-21 05:56:14,603 | INFO     | video.video_builder | Final video rendered -> /opt/airflow/output/videos/long_3535.mp4
[2026-09-21T05:56:16.822+0000] {taskinstance.py:441} INFO - ::group::Post task execution logs
[2026-09-21T05:56:16.824+0000] {taskinstance.py:2905} ERROR - Task failed with exception
Traceback (most recent call last):
  File "/home/airflow/.local/lib/python3.11/site-packages/airflow/models/taskinstance.py", line 465, in _execute_task
    result = _execute_callable(context=context, **execute_callable_kwargs)
             ^^^^^^^^^^^^^^^^^^^^^^^^^^^^^^^^^^^^^^^^^^^^^^^^^^^^^^^^^^^^^
  File "/home/airflow/.local/lib/python3.11/site-packages/airflow/models/taskinstance.py", line 432, in _execute_callable
    return execute_callable(context=context, **execute_callable_kwargs)
           ^^^^^^^^^^^^^^^^^^^^^^^^^^^^^^^^^^^^^^^^^^^^^^^^^^^^^^^^^^^^
  File "/home/airflow/.local/lib/python3.11/site-packages/airflow/models/baseoperator.py", line 401, in wrapper
    return func(self, *args, **kwargs)
           ^^^^^^^^^^^^^^^^^^^^^^^^^^^
  File "/home/airflow/.local/lib/python3.11/site-packages/airflow/operators/python.py", line 235, in execute
    return_value = self.execute_callable()
                   ^^^^^^^^^^^^^^^^^^^^^^^
  File "/home/airflow/.local/lib/python3.11/site-packages/airflow/operators/python.py", line 252, in execute_callable
    return self.python_callable(*self.op_args, **self.op_kwargs)
           ^^^^^^^^^^^^^^^^^^^^^^^^^^^^^^^^^^^^^^^^^^^^^^^^^^^^^
  File "/opt/airflow/dags/youtube_pipeline.py", line 98, in task_build_long_video
    result = build_long_video()
             ^^^^^^^^^^^^^^^^^^
  File "/opt/airflow/src/video/long_video.py", line 134, in build_long_video
    result = LongVideoPipeline().run()
             ^^^^^^^^^^^^^^^^^^^^^^^^^
  File "/opt/airflow/src/video/long_video.py", line 99, in run
    hook_phrase=metadata.hook_phrase,
                ^^^^^^^^^^^^^^^^^^^^
AttributeError: 'VideoMetadata' object has no attribute 'hook_phrase'
[2026-09-21T05:56:16.852+0000] {taskinstance.py:1206} INFO - Marking task as UP_FOR_RETRY. dag_id=youtube_english_video_pipeline, task_id=build_long_video_1, run_id=manual__2026-09-21T05:53:40.285914+00:00, execution_date=20260921T055340, start_date=20260921T055424, end_date=20260921T055616
[2026-09-21T05:56:16.865+0000] {standard_task_runner.py:110} ERROR - Failed to execute job 1433 for task build_long_video_1 ('VideoMetadata' object has no attribute 'hook_phrase'; 730)
[2026-09-21T05:56:16.892+0000] {local_task_job_runner.py:243} INFO - Task exited with return code 1
[2026-09-21T05:56:17.035+0000] {taskinstance.py:3503} INFO - 0 downstream tasks scheduled from follow-on schedule check
[2026-09-21T05:56:17.038+0000] {local_task_job_runner.py:222} INFO - ::endgroup::
