[2026-09-09T23:28:03.022+0000] {local_task_job_runner.py:120} INFO - ::group::Pre task execution logs
[2026-09-09T23:28:03.073+0000] {taskinstance.py:2076} INFO - Dependencies all met for dep_context=non-requeueable deps ti=<TaskInstance: youtube_english_video_pipeline.upload_short_video_2 scheduled__2026-09-08T12:00:00+00:00 [queued]>
[2026-09-09T23:28:03.090+0000] {taskinstance.py:2076} INFO - Dependencies all met for dep_context=requeueable deps ti=<TaskInstance: youtube_english_video_pipeline.upload_short_video_2 scheduled__2026-09-08T12:00:00+00:00 [queued]>
[2026-09-09T23:28:03.091+0000] {taskinstance.py:2306} INFO - Starting attempt 1 of 3
[2026-09-09T23:28:03.101+0000] {taskinstance.py:2330} INFO - Executing <Task(PythonOperator): upload_short_video_2> on 2026-09-08 12:00:00+00:00
[2026-09-09T23:28:03.105+0000] {standard_task_runner.py:64} INFO - Started process 4026 to run task
[2026-09-09T23:28:03.108+0000] {standard_task_runner.py:90} INFO - Running: ['airflow', 'tasks', 'run', 'youtube_english_video_pipeline', 'upload_short_video_2', 'scheduled__2026-09-08T12:00:00+00:00', '--job-id', '1086', '--raw', '--subdir', 'DAGS_FOLDER/youtube_pipeline.py', '--cfg-path', '/tmp/tmpp3op5q7_']
[2026-09-09T23:28:03.109+0000] {standard_task_runner.py:91} INFO - Job 1086: Subtask upload_short_video_2
[2026-09-09T23:28:03.175+0000] {task_command.py:426} INFO - Running <TaskInstance: youtube_english_video_pipeline.upload_short_video_2 scheduled__2026-09-08T12:00:00+00:00 [running]> on host cc859d74cf38
[2026-09-09T23:28:03.363+0000] {taskinstance.py:2648} INFO - Exporting env vars: AIRFLOW_CTX_DAG_OWNER='taky' AIRFLOW_CTX_DAG_ID='youtube_english_video_pipeline' AIRFLOW_CTX_TASK_ID='upload_short_video_2' AIRFLOW_CTX_EXECUTION_DATE='2026-09-08T12:00:00+00:00' AIRFLOW_CTX_TRY_NUMBER='1' AIRFLOW_CTX_DAG_RUN_ID='scheduled__2026-09-08T12:00:00+00:00'
[2026-09-09T23:28:03.364+0000] {taskinstance.py:430} INFO - ::endgroup::
[2026-09-09T23:28:03.722+0000] {__init__.py:49} INFO - file_cache is only supported with oauth2client<4.0.0
[2026-09-09T23:28:03.726+0000] {logging_mixin.py:188} INFO - 2026-09-09 23:28:03,726 | INFO     | uploader.youtube_uploader | Uploading video 'Daily English Phrase | Hotel English' (/opt/airflow/output/videos/short_2704.mp4) to YouTube...
[2026-09-09T23:28:07.864+0000] {logging_mixin.py:188} INFO - 2026-09-09 23:28:07,864 | INFO     | uploader.youtube_uploader | Upload complete. YouTube video id = OL-N7Umh_Wk
[2026-09-09T23:28:07.887+0000] {python.py:237} INFO - Done. Returned value was: OL-N7Umh_Wk
[2026-09-09T23:28:07.890+0000] {taskinstance.py:441} INFO - ::group::Post task execution logs
[2026-09-09T23:28:07.911+0000] {taskinstance.py:1206} INFO - Marking task as SUCCESS. dag_id=youtube_english_video_pipeline, task_id=upload_short_video_2, run_id=scheduled__2026-09-08T12:00:00+00:00, execution_date=20260908T120000, start_date=20260909T232803, end_date=20260909T232807
[2026-09-09T23:28:07.942+0000] {local_task_job_runner.py:243} INFO - Task exited with return code 0
[2026-09-09T23:28:08.077+0000] {taskinstance.py:3503} INFO - 1 downstream tasks scheduled from follow-on schedule check
[2026-09-09T23:28:08.084+0000] {local_task_job_runner.py:222} INFO - ::endgroup::
