[2026-08-11T13:52:52.247+0000] {local_task_job_runner.py:120} INFO - ::group::Pre task execution logs
[2026-08-11T13:52:52.313+0000] {taskinstance.py:2076} INFO - Dependencies all met for dep_context=non-requeueable deps ti=<TaskInstance: youtube_english_video_pipeline.build_long_video_5 scheduled__2026-08-10T12:00:00+00:00 [queued]>
[2026-08-11T13:52:52.332+0000] {taskinstance.py:2076} INFO - Dependencies all met for dep_context=requeueable deps ti=<TaskInstance: youtube_english_video_pipeline.build_long_video_5 scheduled__2026-08-10T12:00:00+00:00 [queued]>
[2026-08-11T13:52:52.338+0000] {taskinstance.py:2306} INFO - Starting attempt 1 of 3
[2026-08-11T13:52:52.359+0000] {taskinstance.py:2330} INFO - Executing <Task(PythonOperator): build_long_video_5> on 2026-08-10 12:00:00+00:00
[2026-08-11T13:52:52.367+0000] {standard_task_runner.py:64} INFO - Started process 28251 to run task
[2026-08-11T13:52:52.370+0000] {standard_task_runner.py:90} INFO - Running: ['airflow', 'tasks', 'run', 'youtube_english_video_pipeline', 'build_long_video_5', 'scheduled__2026-08-10T12:00:00+00:00', '--job-id', '707', '--raw', '--subdir', 'DAGS_FOLDER/youtube_pipeline.py', '--cfg-path', '/tmp/tmpw4862rgz']
[2026-08-11T13:52:52.376+0000] {standard_task_runner.py:91} INFO - Job 707: Subtask build_long_video_5
[2026-08-11T13:52:52.496+0000] {task_command.py:426} INFO - Running <TaskInstance: youtube_english_video_pipeline.build_long_video_5 scheduled__2026-08-10T12:00:00+00:00 [running]> on host cc859d74cf38
[2026-08-11T13:52:52.769+0000] {taskinstance.py:2648} INFO - Exporting env vars: AIRFLOW_CTX_DAG_OWNER='taky' AIRFLOW_CTX_DAG_ID='youtube_english_video_pipeline' AIRFLOW_CTX_TASK_ID='build_long_video_5' AIRFLOW_CTX_EXECUTION_DATE='2026-08-10T12:00:00+00:00' AIRFLOW_CTX_TRY_NUMBER='1' AIRFLOW_CTX_DAG_RUN_ID='scheduled__2026-08-10T12:00:00+00:00'
[2026-08-11T13:52:52.774+0000] {taskinstance.py:430} INFO - ::endgroup::
[2026-08-11T13:52:55.078+0000] {logging_mixin.py:188} INFO - 2026-08-11 13:52:55,078 | INFO     | planner.video_planner | Planned LONG video: topic='Restaurant English', phrases=17
[2026-08-11T13:52:55.706+0000] {logging_mixin.py:188} INFO - 2026-08-11 13:52:55,706 | INFO     | tts.edge_tts | Synthesized audio -> /opt/airflow/output/audio/phrase_1711.mp3
[2026-08-11T13:52:56.969+0000] {logging_mixin.py:188} INFO - 2026-08-11 13:52:56,969 | INFO     | tts.edge_tts | Synthesized audio -> /opt/airflow/output/audio/example_1711.mp3
[2026-08-11T13:52:58.575+0000] {logging_mixin.py:188} INFO - 2026-08-11 13:52:58,575 | INFO     | media.image_downloader | Downloaded background image for scene='cafe' -> /opt/airflow/output/images/long_1711.jpg
[2026-08-11T13:53:06.688+0000] {logging_mixin.py:188} INFO - 2026-08-11 13:53:06,688 | INFO     | tts.edge_tts | Synthesized audio -> /opt/airflow/output/audio/phrase_1713.mp3
[2026-08-11T13:53:08.600+0000] {logging_mixin.py:188} INFO - 2026-08-11 13:53:08,600 | INFO     | tts.edge_tts | Synthesized audio -> /opt/airflow/output/audio/example_1713.mp3
[2026-08-11T13:53:09.454+0000] {logging_mixin.py:188} INFO - 2026-08-11 13:53:09,454 | INFO     | media.image_downloader | Downloaded background image for scene='restaurant' -> /opt/airflow/output/images/long_1713.jpg
[2026-08-11T13:53:14.455+0000] {logging_mixin.py:188} INFO - 2026-08-11 13:53:14,455 | INFO     | tts.edge_tts | Synthesized audio -> /opt/airflow/output/audio/phrase_1720.mp3
[2026-08-11T13:53:15.592+0000] {logging_mixin.py:188} INFO - 2026-08-11 13:53:15,591 | INFO     | tts.edge_tts | Synthesized audio -> /opt/airflow/output/audio/example_1720.mp3
[2026-08-11T13:53:16.363+0000] {logging_mixin.py:188} INFO - 2026-08-11 13:53:16,363 | INFO     | media.image_downloader | Downloaded background image for scene='restaurant' -> /opt/airflow/output/images/long_1720.jpg
[2026-08-11T13:53:20.586+0000] {logging_mixin.py:188} INFO - 2026-08-11 13:53:20,586 | INFO     | tts.edge_tts | Synthesized audio -> /opt/airflow/output/audio/phrase_1721.mp3
[2026-08-11T13:53:21.358+0000] {logging_mixin.py:188} INFO - 2026-08-11 13:53:21,358 | INFO     | tts.edge_tts | Synthesized audio -> /opt/airflow/output/audio/example_1721.mp3
[2026-08-11T13:53:22.332+0000] {logging_mixin.py:188} INFO - 2026-08-11 13:53:22,332 | INFO     | media.image_downloader | Downloaded background image for scene='restaurant' -> /opt/airflow/output/images/long_1721.jpg
[2026-08-11T13:53:27.651+0000] {logging_mixin.py:188} INFO - 2026-08-11 13:53:27,651 | INFO     | tts.edge_tts | Synthesized audio -> /opt/airflow/output/audio/phrase_1723.mp3
[2026-08-11T13:53:28.396+0000] {logging_mixin.py:188} INFO - 2026-08-11 13:53:28,396 | INFO     | tts.edge_tts | Synthesized audio -> /opt/airflow/output/audio/example_1723.mp3
[2026-08-11T13:53:29.056+0000] {logging_mixin.py:188} INFO - 2026-08-11 13:53:29,055 | INFO     | media.image_downloader | Downloaded background image for scene='restaurant' -> /opt/airflow/output/images/long_1723.jpg
[2026-08-11T13:53:33.679+0000] {logging_mixin.py:188} INFO - 2026-08-11 13:53:33,679 | INFO     | tts.edge_tts | Synthesized audio -> /opt/airflow/output/audio/phrase_1728.mp3
[2026-08-11T13:53:34.549+0000] {logging_mixin.py:188} INFO - 2026-08-11 13:53:34,549 | INFO     | tts.edge_tts | Synthesized audio -> /opt/airflow/output/audio/example_1728.mp3
[2026-08-11T13:53:35.391+0000] {logging_mixin.py:188} INFO - 2026-08-11 13:53:35,391 | INFO     | media.image_downloader | Downloaded background image for scene='restaurant' -> /opt/airflow/output/images/long_1728.jpg
[2026-08-11T13:53:39.276+0000] {logging_mixin.py:188} INFO - 2026-08-11 13:53:39,276 | INFO     | tts.edge_tts | Synthesized audio -> /opt/airflow/output/audio/phrase_1738.mp3
[2026-08-11T13:53:40.560+0000] {logging_mixin.py:188} INFO - 2026-08-11 13:53:40,560 | INFO     | tts.edge_tts | Synthesized audio -> /opt/airflow/output/audio/example_1738.mp3
[2026-08-11T13:53:41.174+0000] {logging_mixin.py:188} INFO - 2026-08-11 13:53:41,174 | INFO     | media.image_downloader | Downloaded background image for scene='restaurant' -> /opt/airflow/output/images/long_1738.jpg
[2026-08-11T13:53:45.924+0000] {logging_mixin.py:188} INFO - 2026-08-11 13:53:45,924 | INFO     | tts.edge_tts | Synthesized audio -> /opt/airflow/output/audio/phrase_1739.mp3
[2026-08-11T13:53:46.578+0000] {logging_mixin.py:188} INFO - 2026-08-11 13:53:46,578 | INFO     | tts.edge_tts | Synthesized audio -> /opt/airflow/output/audio/example_1739.mp3
[2026-08-11T13:53:49.596+0000] {logging_mixin.py:188} INFO - 2026-08-11 13:53:49,595 | INFO     | media.image_downloader | Downloaded background image for scene='restaurant' -> /opt/airflow/output/images/long_1739.jpg
[2026-08-11T13:53:53.714+0000] {logging_mixin.py:188} INFO - 2026-08-11 13:53:53,714 | INFO     | tts.edge_tts | Synthesized audio -> /opt/airflow/output/audio/phrase_1745.mp3
[2026-08-11T13:53:54.496+0000] {logging_mixin.py:188} INFO - 2026-08-11 13:53:54,496 | INFO     | tts.edge_tts | Synthesized audio -> /opt/airflow/output/audio/example_1745.mp3
[2026-08-11T13:53:56.404+0000] {logging_mixin.py:188} INFO - 2026-08-11 13:53:56,404 | INFO     | media.image_downloader | Downloaded background image for scene='restaurant' -> /opt/airflow/output/images/long_1745.jpg
[2026-08-11T13:54:01.351+0000] {logging_mixin.py:188} INFO - 2026-08-11 13:54:01,351 | INFO     | tts.edge_tts | Synthesized audio -> /opt/airflow/output/audio/phrase_1759.mp3
[2026-08-11T13:54:02.562+0000] {logging_mixin.py:188} INFO - 2026-08-11 13:54:02,561 | INFO     | tts.edge_tts | Synthesized audio -> /opt/airflow/output/audio/example_1759.mp3
[2026-08-11T13:54:06.459+0000] {logging_mixin.py:188} INFO - 2026-08-11 13:54:06,459 | INFO     | media.image_downloader | Downloaded background image for scene='restaurant' -> /opt/airflow/output/images/long_1759.jpg
[2026-08-11T13:54:12.257+0000] {logging_mixin.py:188} INFO - 2026-08-11 13:54:12,257 | INFO     | tts.edge_tts | Synthesized audio -> /opt/airflow/output/audio/phrase_1761.mp3
[2026-08-11T13:54:13.180+0000] {logging_mixin.py:188} INFO - 2026-08-11 13:54:13,180 | INFO     | tts.edge_tts | Synthesized audio -> /opt/airflow/output/audio/example_1761.mp3
[2026-08-11T13:54:14.205+0000] {logging_mixin.py:188} INFO - 2026-08-11 13:54:14,204 | INFO     | media.image_downloader | Downloaded background image for scene='cafe' -> /opt/airflow/output/images/long_1761.jpg
[2026-08-11T13:54:19.865+0000] {logging_mixin.py:188} INFO - 2026-08-11 13:54:19,865 | INFO     | tts.edge_tts | Synthesized audio -> /opt/airflow/output/audio/phrase_1769.mp3
[2026-08-11T13:54:21.112+0000] {logging_mixin.py:188} INFO - 2026-08-11 13:54:21,112 | INFO     | tts.edge_tts | Synthesized audio -> /opt/airflow/output/audio/example_1769.mp3
[2026-08-11T13:54:21.940+0000] {logging_mixin.py:188} INFO - 2026-08-11 13:54:21,939 | INFO     | media.image_downloader | Downloaded background image for scene='restaurant' -> /opt/airflow/output/images/long_1769.jpg
[2026-08-11T13:54:27.711+0000] {logging_mixin.py:188} INFO - 2026-08-11 13:54:27,710 | INFO     | tts.edge_tts | Synthesized audio -> /opt/airflow/output/audio/phrase_1780.mp3
[2026-08-11T13:54:28.843+0000] {logging_mixin.py:188} INFO - 2026-08-11 13:54:28,843 | INFO     | tts.edge_tts | Synthesized audio -> /opt/airflow/output/audio/example_1780.mp3
[2026-08-11T13:54:29.891+0000] {logging_mixin.py:188} INFO - 2026-08-11 13:54:29,891 | INFO     | media.image_downloader | Downloaded background image for scene='restaurant' -> /opt/airflow/output/images/long_1780.jpg
[2026-08-11T13:54:36.875+0000] {logging_mixin.py:188} INFO - 2026-08-11 13:54:36,875 | INFO     | tts.edge_tts | Synthesized audio -> /opt/airflow/output/audio/phrase_1786.mp3
[2026-08-11T13:54:39.809+0000] {logging_mixin.py:188} INFO - 2026-08-11 13:54:39,809 | INFO     | tts.edge_tts | Synthesized audio -> /opt/airflow/output/audio/example_1786.mp3
[2026-08-11T13:54:41.379+0000] {logging_mixin.py:188} INFO - 2026-08-11 13:54:41,379 | INFO     | media.image_downloader | Downloaded background image for scene='restaurant' -> /opt/airflow/output/images/long_1786.jpg
[2026-08-11T13:54:47.865+0000] {logging_mixin.py:188} INFO - 2026-08-11 13:54:47,865 | INFO     | tts.edge_tts | Synthesized audio -> /opt/airflow/output/audio/phrase_1794.mp3
[2026-08-11T13:54:48.770+0000] {logging_mixin.py:188} INFO - 2026-08-11 13:54:48,770 | INFO     | tts.edge_tts | Synthesized audio -> /opt/airflow/output/audio/example_1794.mp3
[2026-08-11T13:54:49.659+0000] {logging_mixin.py:188} INFO - 2026-08-11 13:54:49,658 | INFO     | media.image_downloader | Downloaded background image for scene='restaurant' -> /opt/airflow/output/images/long_1794.jpg
[2026-08-11T13:54:55.485+0000] {logging_mixin.py:188} INFO - 2026-08-11 13:54:55,485 | INFO     | tts.edge_tts | Synthesized audio -> /opt/airflow/output/audio/phrase_1796.mp3
[2026-08-11T13:54:56.129+0000] {logging_mixin.py:188} INFO - 2026-08-11 13:54:56,129 | INFO     | tts.edge_tts | Synthesized audio -> /opt/airflow/output/audio/example_1796.mp3
[2026-08-11T13:54:56.733+0000] {logging_mixin.py:188} INFO - 2026-08-11 13:54:56,733 | INFO     | media.image_downloader | Downloaded background image for scene='restaurant' -> /opt/airflow/output/images/long_1796.jpg
[2026-08-11T13:55:02.051+0000] {logging_mixin.py:188} INFO - 2026-08-11 13:55:02,051 | INFO     | tts.edge_tts | Synthesized audio -> /opt/airflow/output/audio/phrase_1810.mp3
[2026-08-11T13:55:02.827+0000] {logging_mixin.py:188} INFO - 2026-08-11 13:55:02,827 | INFO     | tts.edge_tts | Synthesized audio -> /opt/airflow/output/audio/example_1810.mp3
[2026-08-11T13:55:03.322+0000] {logging_mixin.py:188} INFO - 2026-08-11 13:55:03,322 | INFO     | media.image_downloader | Downloaded background image for scene='restaurant' -> /opt/airflow/output/images/long_1810.jpg
[2026-08-11T13:55:09.627+0000] {logging_mixin.py:188} INFO - 2026-08-11 13:55:09,627 | WARNING  | video.video_builder | BGM file not found at /opt/airflow/assets/bgm/long_bgm.mp3, rendering without background music
[2026-08-11T13:55:33.035+0000] {logging_mixin.py:188} INFO - 2026-08-11 13:55:33,035 | INFO     | video.video_builder | Final video rendered -> /opt/airflow/output/videos/long_1711.mp4
[2026-08-11T13:55:41.339+0000] {logging_mixin.py:188} INFO - 2026-08-11 13:55:41,339 | INFO     | media.thumbnail_builder | Built thumbnail -> /opt/airflow/output/thumbnails/long_1711.jpg
[2026-08-11T13:55:41.520+0000] {python.py:237} INFO - Done. Returned value was: {'video_id': 201, 'file_path': '/opt/airflow/output/videos/long_1711.mp4', 'thumbnail_path': '/opt/airflow/output/thumbnails/long_1711.jpg', 'title': '17 Essential English Phrases for Dining Out | Restaurant English', 'description': "Welcome to Taky's Language School! In this lesson, learn key English phrases for dining out at restaurants with confidence. Master how to make reservations, ask for recommendations, order food, take leftovers home, and pay the bill.\n\nPhrases covered include:\n- I'd like to make a reservation / under [Name]\n- What do you recommend?\n- Does this come with...?\n- Could I get this to go?\n- Could we get the bill? / Could we split the bill?\n\nPractice these practical conversational phrases for everyday real-life situations. Don't forget to like and subscribe for more useful English lessons!", 'tags': ['restaurant english', 'english for dining out', 'learn english', 'english phrases', 'spoken english', 'ordering food in english', 'takys language school', 'esl lesson', 'english conversation', 'practical english'], 'video_type': 'long'}
[2026-08-11T13:55:41.521+0000] {taskinstance.py:441} INFO - ::group::Post task execution logs
[2026-08-11T13:55:41.542+0000] {taskinstance.py:1206} INFO - Marking task as SUCCESS. dag_id=youtube_english_video_pipeline, task_id=build_long_video_5, run_id=scheduled__2026-08-10T12:00:00+00:00, execution_date=20260810T120000, start_date=20260811T135252, end_date=20260811T135541
[2026-08-11T13:55:41.617+0000] {local_task_job_runner.py:243} INFO - Task exited with return code 0
[2026-08-11T13:55:41.830+0000] {taskinstance.py:3503} INFO - 1 downstream tasks scheduled from follow-on schedule check
[2026-08-11T13:55:41.839+0000] {local_task_job_runner.py:222} INFO - ::endgroup::
