[2026-08-20T00:10:25.829+0000] {local_task_job_runner.py:120} INFO - ::group::Pre task execution logs
[2026-08-20T00:10:25.878+0000] {taskinstance.py:2076} INFO - Dependencies all met for dep_context=non-requeueable deps ti=<TaskInstance: youtube_english_video_pipeline.upload_short_video_2 scheduled__2026-08-18T12:00:00+00:00 [queued]>
[2026-08-20T00:10:25.890+0000] {taskinstance.py:2076} INFO - Dependencies all met for dep_context=requeueable deps ti=<TaskInstance: youtube_english_video_pipeline.upload_short_video_2 scheduled__2026-08-18T12:00:00+00:00 [queued]>
[2026-08-20T00:10:25.892+0000] {taskinstance.py:2306} INFO - Starting attempt 1 of 3
[2026-08-20T00:10:25.909+0000] {taskinstance.py:2330} INFO - Executing <Task(PythonOperator): upload_short_video_2> on 2026-08-18 12:00:00+00:00
[2026-08-20T00:10:25.915+0000] {standard_task_runner.py:64} INFO - Started process 38893 to run task
[2026-08-20T00:10:25.919+0000] {standard_task_runner.py:90} INFO - Running: ['airflow', 'tasks', 'run', 'youtube_english_video_pipeline', 'upload_short_video_2', 'scheduled__2026-08-18T12:00:00+00:00', '--job-id', '811', '--raw', '--subdir', 'DAGS_FOLDER/youtube_pipeline.py', '--cfg-path', '/tmp/tmp5fkpz25y']
[2026-08-20T00:10:25.922+0000] {standard_task_runner.py:91} INFO - Job 811: Subtask upload_short_video_2
[2026-08-20T00:10:26.040+0000] {task_command.py:426} INFO - Running <TaskInstance: youtube_english_video_pipeline.upload_short_video_2 scheduled__2026-08-18T12:00:00+00:00 [running]> on host cc859d74cf38
[2026-08-20T00:10:26.307+0000] {taskinstance.py:2648} INFO - Exporting env vars: AIRFLOW_CTX_DAG_OWNER='taky' AIRFLOW_CTX_DAG_ID='youtube_english_video_pipeline' AIRFLOW_CTX_TASK_ID='upload_short_video_2' AIRFLOW_CTX_EXECUTION_DATE='2026-08-18T12:00:00+00:00' AIRFLOW_CTX_TRY_NUMBER='1' AIRFLOW_CTX_DAG_RUN_ID='scheduled__2026-08-18T12:00:00+00:00'
[2026-08-20T00:10:26.309+0000] {taskinstance.py:430} INFO - ::endgroup::
[2026-08-20T00:10:26.927+0000] {__init__.py:49} INFO - file_cache is only supported with oauth2client<4.0.0
[2026-08-20T00:10:26.947+0000] {logging_mixin.py:188} INFO - 2026-08-20 00:10:26,947 | INFO     | uploader.youtube_uploader | Uploading video 'Master Daily English: How to Use "Keep the Change" 🚕 #Shorts' (/opt/airflow/output/videos/short_2060.mp4) to YouTube...
[2026-08-20T00:10:29.605+0000] {logging_mixin.py:188} INFO - 2026-08-20 00:10:29,604 | INFO     | uploader.youtube_uploader | Upload complete. YouTube video id = gXhJdLZ-H6I
[2026-08-20T00:10:29.622+0000] {python.py:237} INFO - Done. Returned value was: gXhJdLZ-H6I
[2026-08-20T00:10:29.625+0000] {taskinstance.py:441} INFO - ::group::Post task execution logs
[2026-08-20T00:10:29.654+0000] {taskinstance.py:1206} INFO - Marking task as SUCCESS. dag_id=youtube_english_video_pipeline, task_id=upload_short_video_2, run_id=scheduled__2026-08-18T12:00:00+00:00, execution_date=20260818T120000, start_date=20260820T001025, end_date=20260820T001029
[2026-08-20T00:10:29.714+0000] {local_task_job_runner.py:243} INFO - Task exited with return code 0
[2026-08-20T00:10:29.892+0000] {taskinstance.py:3503} INFO - 1 downstream tasks scheduled from follow-on schedule check
[2026-08-20T00:10:29.901+0000] {local_task_job_runner.py:222} INFO - ::endgroup::
