[2026-09-20T11:22:15.799+0000] {local_task_job_runner.py:120} INFO - ::group::Pre task execution logs
[2026-09-20T11:22:15.835+0000] {taskinstance.py:2076} INFO - Dependencies all met for dep_context=non-requeueable deps ti=<TaskInstance: youtube_english_video_pipeline.build_short_video_8 manual__2026-09-20T11:03:20.949531+00:00 [queued]>
[2026-09-20T11:22:15.844+0000] {taskinstance.py:2076} INFO - Dependencies all met for dep_context=requeueable deps ti=<TaskInstance: youtube_english_video_pipeline.build_short_video_8 manual__2026-09-20T11:03:20.949531+00:00 [queued]>
[2026-09-20T11:22:15.846+0000] {taskinstance.py:2306} INFO - Starting attempt 1 of 3
[2026-09-20T11:22:15.857+0000] {taskinstance.py:2330} INFO - Executing <Task(PythonOperator): build_short_video_8> on 2026-09-20 11:03:20.949531+00:00
[2026-09-20T11:22:15.861+0000] {standard_task_runner.py:64} INFO - Started process 55741 to run task
[2026-09-20T11:22:15.865+0000] {standard_task_runner.py:90} INFO - Running: ['airflow', 'tasks', 'run', 'youtube_english_video_pipeline', 'build_short_video_8', 'manual__2026-09-20T11:03:20.949531+00:00', '--job-id', '1348', '--raw', '--subdir', 'DAGS_FOLDER/youtube_pipeline.py', '--cfg-path', '/tmp/tmp93uisnr9']
[2026-09-20T11:22:15.867+0000] {standard_task_runner.py:91} INFO - Job 1348: Subtask build_short_video_8
[2026-09-20T11:22:15.916+0000] {task_command.py:426} INFO - Running <TaskInstance: youtube_english_video_pipeline.build_short_video_8 manual__2026-09-20T11:03:20.949531+00:00 [running]> on host 73b18333cdfe
[2026-09-20T11:22:16.155+0000] {taskinstance.py:2648} INFO - Exporting env vars: AIRFLOW_CTX_DAG_OWNER='taky' AIRFLOW_CTX_DAG_ID='youtube_english_video_pipeline' AIRFLOW_CTX_TASK_ID='build_short_video_8' AIRFLOW_CTX_EXECUTION_DATE='2026-09-20T11:03:20.949531+00:00' AIRFLOW_CTX_TRY_NUMBER='1' AIRFLOW_CTX_DAG_RUN_ID='manual__2026-09-20T11:03:20.949531+00:00'
[2026-09-20T11:22:16.156+0000] {taskinstance.py:430} INFO - ::endgroup::
[2026-09-20T11:22:16.687+0000] {logging_mixin.py:188} INFO - 2026-09-20 11:22:16,687 | INFO     | planner.video_planner | Planned SHORT video: topic='Hotel English', phrases=1
[2026-09-20T11:22:16.940+0000] {logging_mixin.py:188} INFO - 2026-09-20 11:22:16,940 | INFO     | tts.edge_tts | Synthesized audio -> /opt/airflow/output/audio/phrase_3086.mp3
[2026-09-20T11:22:17.205+0000] {logging_mixin.py:188} INFO - 2026-09-20 11:22:17,205 | INFO     | tts.edge_tts | Synthesized audio -> /opt/airflow/output/audio/example_3086.mp3
[2026-09-20T11:22:17.793+0000] {logging_mixin.py:188} INFO - 2026-09-20 11:22:17,793 | INFO     | media.image_downloader | Downloaded background image for scene='hotel' -> /opt/airflow/output/images/short_3086.jpg
[2026-09-20T11:22:20.555+0000] {logging_mixin.py:188} INFO - 2026-09-20 11:22:20,555 | WARNING  | video.video_builder | BGM file not found at /opt/airflow/assets/bgm/short_bgm.mp3, rendering without background music
[2026-09-20T11:22:22.020+0000] {logging_mixin.py:188} INFO - 2026-09-20 11:22:22,020 | INFO     | video.video_builder | Final video rendered -> /opt/airflow/output/videos/short_3086.mp4
[2026-09-20T11:22:24.776+0000] {python.py:237} INFO - Done. Returned value was: {'video_id': 408, 'file_path': '/opt/airflow/output/videos/short_3086.mp4', 'title': "Hotel English: How to ask for Check-Out time | Taky's Language School", 'description': "Planning a trip? Don't stress about hotel communication! In this quick lesson from Taky's Language School, learn the exact phrase to ask about check-out times with confidence. Perfect for travelers and English learners looking for practical, real-world speaking practice. Subscribe for more bite-sized English tips!", 'tags': ['Hotel English', 'Learn English', 'English Speaking Practice', 'Travel English', 'English for Beginners', "Taky's Language School", 'English Conversation', 'Check-out time', 'Short English lessons'], 'video_type': 'short'}
[2026-09-20T11:22:24.777+0000] {taskinstance.py:441} INFO - ::group::Post task execution logs
[2026-09-20T11:22:24.804+0000] {taskinstance.py:1206} INFO - Marking task as SUCCESS. dag_id=youtube_english_video_pipeline, task_id=build_short_video_8, run_id=manual__2026-09-20T11:03:20.949531+00:00, execution_date=20260920T110320, start_date=20260920T112215, end_date=20260920T112224
[2026-09-20T11:22:24.852+0000] {local_task_job_runner.py:243} INFO - Task exited with return code 0
[2026-09-20T11:22:25.040+0000] {taskinstance.py:3503} INFO - 1 downstream tasks scheduled from follow-on schedule check
[2026-09-20T11:22:25.044+0000] {local_task_job_runner.py:222} INFO - ::endgroup::
