[2026-09-14T11:23:51.998+0000] {local_task_job_runner.py:120} INFO - ::group::Pre task execution logs
[2026-09-14T11:23:52.054+0000] {taskinstance.py:2076} INFO - Dependencies all met for dep_context=non-requeueable deps ti=<TaskInstance: youtube_english_video_pipeline.build_short_video_1 scheduled__2026-09-10T12:00:00+00:00 [queued]>
[2026-09-14T11:23:52.073+0000] {taskinstance.py:2076} INFO - Dependencies all met for dep_context=requeueable deps ti=<TaskInstance: youtube_english_video_pipeline.build_short_video_1 scheduled__2026-09-10T12:00:00+00:00 [queued]>
[2026-09-14T11:23:52.079+0000] {taskinstance.py:2306} INFO - Starting attempt 1 of 3
[2026-09-14T11:23:52.103+0000] {taskinstance.py:2330} INFO - Executing <Task(PythonOperator): build_short_video_1> on 2026-09-10 12:00:00+00:00
[2026-09-14T11:23:52.116+0000] {standard_task_runner.py:64} INFO - Started process 495 to run task
[2026-09-14T11:23:52.120+0000] {standard_task_runner.py:90} INFO - Running: ['airflow', 'tasks', 'run', 'youtube_english_video_pipeline', 'build_short_video_1', 'scheduled__2026-09-10T12:00:00+00:00', '--job-id', '1114', '--raw', '--subdir', 'DAGS_FOLDER/youtube_pipeline.py', '--cfg-path', '/tmp/tmpdwcx7ndp']
[2026-09-14T11:23:52.137+0000] {standard_task_runner.py:91} INFO - Job 1114: Subtask build_short_video_1
[2026-09-14T11:23:52.259+0000] {task_command.py:426} INFO - Running <TaskInstance: youtube_english_video_pipeline.build_short_video_1 scheduled__2026-09-10T12:00:00+00:00 [running]> on host cc859d74cf38
[2026-09-14T11:23:52.531+0000] {taskinstance.py:2648} INFO - Exporting env vars: AIRFLOW_CTX_DAG_OWNER='taky' AIRFLOW_CTX_DAG_ID='youtube_english_video_pipeline' AIRFLOW_CTX_TASK_ID='build_short_video_1' AIRFLOW_CTX_EXECUTION_DATE='2026-09-10T12:00:00+00:00' AIRFLOW_CTX_TRY_NUMBER='1' AIRFLOW_CTX_DAG_RUN_ID='scheduled__2026-09-10T12:00:00+00:00'
[2026-09-14T11:23:52.537+0000] {taskinstance.py:430} INFO - ::endgroup::
[2026-09-14T11:23:57.386+0000] {logging_mixin.py:188} INFO - 2026-09-14 11:23:57,386 | INFO     | planner.video_planner | Planned SHORT video: topic='Hotel English', phrases=1
[2026-09-14T11:23:57.939+0000] {logging_mixin.py:188} INFO - 2026-09-14 11:23:57,939 | INFO     | tts.edge_tts | Synthesized audio -> /opt/airflow/output/audio/phrase_2749.mp3
[2026-09-14T11:23:58.395+0000] {logging_mixin.py:188} INFO - 2026-09-14 11:23:58,395 | INFO     | tts.edge_tts | Synthesized audio -> /opt/airflow/output/audio/example_2749.mp3
[2026-09-14T11:23:59.177+0000] {logging_mixin.py:188} INFO - 2026-09-14 11:23:59,176 | INFO     | media.image_downloader | Downloaded background image for scene='hotel' -> /opt/airflow/output/images/short_2749.jpg
[2026-09-14T11:24:13.094+0000] {logging_mixin.py:188} INFO - 2026-09-14 11:24:13,094 | WARNING  | video.video_builder | BGM file not found at /opt/airflow/assets/bgm/short_bgm.mp3, rendering without background music
[2026-09-14T11:24:15.863+0000] {logging_mixin.py:188} INFO - 2026-09-14 11:24:15,863 | INFO     | video.video_builder | Final video rendered -> /opt/airflow/output/videos/short_2749.mp4
[2026-09-14T11:24:25.100+0000] {python.py:237} INFO - Done. Returned value was: {'video_id': 318, 'file_path': '/opt/airflow/output/videos/short_2749.mp4', 'title': 'Say THIS to Get a Late Checkout at a Hotel | Travel English #Shorts', 'description': 'Have an evening flight and need to stay in your room a bit longer? Don\'t get stressed at the front desk! Here is the exact natural phrase native speakers use to ask for a late checkout without sounding awkward or demanding:\n\n"My flight isn\'t until evening, so can I get a late checkout tomorrow?"\n\nSubscribe to Taky\'s Language School for daily practical English tips for travel and real-life conversations!', 'tags': ['hotel english', 'travel english', 'spoken english', 'english phrases for travel', 'learn english', 'late checkout english', 'english speaking practice', 'takys language school', 'hotel front desk english'], 'video_type': 'short'}
[2026-09-14T11:24:25.129+0000] {taskinstance.py:441} INFO - ::group::Post task execution logs
[2026-09-14T11:24:25.254+0000] {taskinstance.py:1206} INFO - Marking task as SUCCESS. dag_id=youtube_english_video_pipeline, task_id=build_short_video_1, run_id=scheduled__2026-09-10T12:00:00+00:00, execution_date=20260910T120000, start_date=20260914T112352, end_date=20260914T112425
[2026-09-14T11:24:25.532+0000] {local_task_job_runner.py:243} INFO - Task exited with return code 0
[2026-09-14T11:24:26.392+0000] {taskinstance.py:3503} INFO - 1 downstream tasks scheduled from follow-on schedule check
[2026-09-14T11:24:26.398+0000] {local_task_job_runner.py:222} INFO - ::endgroup::
