[2026-09-20T11:27:37.938+0000] {local_task_job_runner.py:120} INFO - ::group::Pre task execution logs
[2026-09-20T11:27:37.990+0000] {taskinstance.py:2076} INFO - Dependencies all met for dep_context=non-requeueable deps ti=<TaskInstance: youtube_english_video_pipeline.upload_long_video_9 manual__2026-09-20T11:03:20.949531+00:00 [queued]>
[2026-09-20T11:27:38.003+0000] {taskinstance.py:2076} INFO - Dependencies all met for dep_context=requeueable deps ti=<TaskInstance: youtube_english_video_pipeline.upload_long_video_9 manual__2026-09-20T11:03:20.949531+00:00 [queued]>
[2026-09-20T11:27:38.006+0000] {taskinstance.py:2306} INFO - Starting attempt 1 of 3
[2026-09-20T11:27:38.020+0000] {taskinstance.py:2330} INFO - Executing <Task(PythonOperator): upload_long_video_9> on 2026-09-20 11:03:20.949531+00:00
[2026-09-20T11:27:38.028+0000] {standard_task_runner.py:64} INFO - Started process 61799 to run task
[2026-09-20T11:27:38.032+0000] {standard_task_runner.py:90} INFO - Running: ['airflow', 'tasks', 'run', 'youtube_english_video_pipeline', 'upload_long_video_9', 'manual__2026-09-20T11:03:20.949531+00:00', '--job-id', '1356', '--raw', '--subdir', 'DAGS_FOLDER/youtube_pipeline.py', '--cfg-path', '/tmp/tmps_gyrw83']
[2026-09-20T11:27:38.035+0000] {standard_task_runner.py:91} INFO - Job 1356: Subtask upload_long_video_9
[2026-09-20T11:27:38.109+0000] {task_command.py:426} INFO - Running <TaskInstance: youtube_english_video_pipeline.upload_long_video_9 manual__2026-09-20T11:03:20.949531+00:00 [running]> on host 73b18333cdfe
[2026-09-20T11:27:38.460+0000] {taskinstance.py:2648} INFO - Exporting env vars: AIRFLOW_CTX_DAG_OWNER='taky' AIRFLOW_CTX_DAG_ID='youtube_english_video_pipeline' AIRFLOW_CTX_TASK_ID='upload_long_video_9' AIRFLOW_CTX_EXECUTION_DATE='2026-09-20T11:03:20.949531+00:00' AIRFLOW_CTX_TRY_NUMBER='1' AIRFLOW_CTX_DAG_RUN_ID='manual__2026-09-20T11:03:20.949531+00:00'
[2026-09-20T11:27:38.462+0000] {taskinstance.py:430} INFO - ::endgroup::
[2026-09-20T11:27:39.253+0000] {__init__.py:49} INFO - file_cache is only supported with oauth2client<4.0.0
[2026-09-20T11:27:39.264+0000] {logging_mixin.py:188} INFO - 2026-09-20 11:27:39,263 | INFO     | uploader.youtube_uploader | Uploading video '20 Essential English Phrases for Daily Conversations | Taky's Language School' (/opt/airflow/output/videos/long_3099.mp4) to YouTube...
[2026-09-20T11:27:43.701+0000] {logging_mixin.py:188} INFO - 2026-09-20 11:27:43,700 | INFO     | uploader.youtube_uploader | Upload complete. YouTube video id = rTKqdxddb9M
[2026-09-20T11:27:47.591+0000] {logging_mixin.py:188} INFO - 2026-09-20 11:27:47,591 | INFO     | uploader.youtube_uploader | Custom thumbnail uploaded.
[2026-09-20T11:27:47.615+0000] {python.py:237} INFO - Done. Returned value was: rTKqdxddb9M
[2026-09-20T11:27:47.617+0000] {taskinstance.py:441} INFO - ::group::Post task execution logs
[2026-09-20T11:27:47.662+0000] {taskinstance.py:1206} INFO - Marking task as SUCCESS. dag_id=youtube_english_video_pipeline, task_id=upload_long_video_9, run_id=manual__2026-09-20T11:03:20.949531+00:00, execution_date=20260920T110320, start_date=20260920T112737, end_date=20260920T112747
[2026-09-20T11:27:47.722+0000] {local_task_job_runner.py:243} INFO - Task exited with return code 0
[2026-09-20T11:27:47.947+0000] {taskinstance.py:3503} INFO - 0 downstream tasks scheduled from follow-on schedule check
[2026-09-20T11:27:47.953+0000] {local_task_job_runner.py:222} INFO - ::endgroup::
