[2026-07-22T13:21:38.759+0000] {local_task_job_runner.py:120} INFO - ::group::Pre task execution logs
[2026-07-22T13:21:38.802+0000] {taskinstance.py:2076} INFO - Dependencies all met for dep_context=non-requeueable deps ti=<TaskInstance: youtube_english_video_pipeline.build_short_video manual__2026-07-22T13:21:35.721519+00:00 [queued]>
[2026-07-22T13:21:38.811+0000] {taskinstance.py:2076} INFO - Dependencies all met for dep_context=requeueable deps ti=<TaskInstance: youtube_english_video_pipeline.build_short_video manual__2026-07-22T13:21:35.721519+00:00 [queued]>
[2026-07-22T13:21:38.811+0000] {taskinstance.py:2306} INFO - Starting attempt 1 of 3
[2026-07-22T13:21:38.827+0000] {taskinstance.py:2330} INFO - Executing <Task(PythonOperator): build_short_video> on 2026-07-22 13:21:35.721519+00:00
[2026-07-22T13:21:38.835+0000] {standard_task_runner.py:64} INFO - Started process 9771 to run task
[2026-07-22T13:21:38.840+0000] {standard_task_runner.py:90} INFO - Running: ['airflow', 'tasks', 'run', 'youtube_english_video_pipeline', 'build_short_video', 'manual__2026-07-22T13:21:35.721519+00:00', '--job-id', '48', '--raw', '--subdir', 'DAGS_FOLDER/youtube_pipeline.py', '--cfg-path', '/tmp/tmp5j7vis7y']
[2026-07-22T13:21:38.843+0000] {standard_task_runner.py:91} INFO - Job 48: Subtask build_short_video
[2026-07-22T13:21:38.930+0000] {task_command.py:426} INFO - Running <TaskInstance: youtube_english_video_pipeline.build_short_video manual__2026-07-22T13:21:35.721519+00:00 [running]> on host 38df6585cc26
[2026-07-22T13:21:39.242+0000] {taskinstance.py:2648} INFO - Exporting env vars: AIRFLOW_CTX_DAG_OWNER='taky' AIRFLOW_CTX_DAG_ID='youtube_english_video_pipeline' AIRFLOW_CTX_TASK_ID='build_short_video' AIRFLOW_CTX_EXECUTION_DATE='2026-07-22T13:21:35.721519+00:00' AIRFLOW_CTX_TRY_NUMBER='1' AIRFLOW_CTX_DAG_RUN_ID='manual__2026-07-22T13:21:35.721519+00:00'
[2026-07-22T13:21:39.243+0000] {taskinstance.py:430} INFO - ::endgroup::
[2026-07-22T13:21:39.918+0000] {logging_mixin.py:188} INFO - 2026-07-22 13:21:39,918 | INFO     | planner.video_planner | Planned SHORT video: topic='Business English', phrases=1
[2026-07-22T13:21:40.480+0000] {logging_mixin.py:188} INFO - 2026-07-22 13:21:40,480 | INFO     | tts.edge_tts | Synthesized audio -> /opt/airflow/output/audio/phrase_29.mp3
[2026-07-22T13:21:41.067+0000] {logging_mixin.py:188} INFO - 2026-07-22 13:21:41,067 | INFO     | tts.edge_tts | Synthesized audio -> /opt/airflow/output/audio/example_29.mp3
[2026-07-22T13:21:42.054+0000] {logging_mixin.py:188} INFO - 2026-07-22 13:21:42,054 | INFO     | media.image_downloader | Downloaded background image for scene='office' -> /opt/airflow/output/images/short_29.jpg
[2026-07-22T13:21:42.064+0000] {logging_mixin.py:188} INFO - 2026-07-22 13:21:42,064 | INFO     | video.video_builder | Running ffmpeg: ffmpeg -y -i /opt/airflow/output/audio/phrase_29.mp3 -i /opt/airflow/output/audio/example_29.mp3 -filter_complex [0:a]apad=pad_dur=0.4[a0];[a0][1:a]concat=n=2:v=0:a=1[aout] -map [aout] /opt/airflow/output/videos/_tmp/short_29_raw.audio.mp3
[2026-07-22T13:21:42.235+0000] {logging_mixin.py:188} INFO - 2026-07-22 13:21:42,235 | INFO     | video.video_builder | Running ffmpeg: ffmpeg -y -loop 1 -i /opt/airflow/output/images/short_29.jpg -i /opt/airflow/output/videos/_tmp/short_29_raw.audio.mp3 -vf scale=1080:1920:force_original_aspect_ratio=increase,crop=1080:1920,drawtext=fontfile='/opt/airflow/assets/fonts/NotoSansJP-Bold.ttf':text='Let’s get down to business.':fontcolor=FFFFFF:fontsize=72:x=(w-text_w)/2:y=(h*0.35):box=1:boxcolor=black@0.45:boxborderw=20,drawtext=fontfile='/opt/airflow/assets/fonts/NotoSansJP-Bold.ttf':text='Now that everyone is here, let’s get down to business.':fontcolor=FFD54A:fontsize=43:x=(w-text_w)/2:y=(h*0.55):box=1:boxcolor=black@0.45:boxborderw=16 -c:v libx264 -tune stillimage -pix_fmt yuv420p -c:a aac -b:a 192k -shortest -r 30 /opt/airflow/output/videos/_tmp/short_29_raw.mp4
[2026-07-22T13:21:46.737+0000] {logging_mixin.py:188} INFO - 2026-07-22 13:21:46,736 | INFO     | media.subtitle_generator | Wrote subtitle file -> /opt/airflow/output/subtitles/short_29.srt
[2026-07-22T13:21:46.742+0000] {logging_mixin.py:188} INFO - 2026-07-22 13:21:46,742 | WARNING  | video.video_builder | BGM file not found at /opt/airflow/assets/bgm/short_bgm.mp3, rendering without background music
[2026-07-22T13:21:46.743+0000] {logging_mixin.py:188} INFO - 2026-07-22 13:21:46,743 | INFO     | video.video_builder | Running ffmpeg: ffmpeg -y -i /opt/airflow/output/videos/_tmp/short_29_raw.mp4 -vf subtitles='/opt/airflow/output/subtitles/short_29.srt' -c:v libx264 -pix_fmt yuv420p -c:a aac -b:a 192k /opt/airflow/output/videos/short_29.mp4
[2026-07-22T13:21:48.987+0000] {logging_mixin.py:188} INFO - 2026-07-22 13:21:48,986 | INFO     | video.video_builder | Final video rendered -> /opt/airflow/output/videos/short_29.mp4
[2026-07-22T13:21:56.524+0000] {python.py:237} INFO - Done. Returned value was: {'video_id': 6, 'file_path': '/opt/airflow/output/videos/short_29.mp4', 'title': 'Stop Saying "Let\'s Start the Meeting"! 💼 Business English #Shorts', 'description': 'Want to sound more natural in your English business meetings? Stop saying "let\'s start" and try this professional phrase instead!\n\nPhrase of the day:\n👉 "Let\'s get down to business."\n\nExample:\n"Now that everyone is here, let\'s get down to business."\n\nMeaning: To stop making small talk and start focusing on the main topic or work.\n\nSubscribe to Taky\'s Language School for daily Business English tips and practical spoken English lessons!\n\n#BusinessEnglish #LearnEnglish #EnglishShorts #TakysLanguageSchool', 'tags': ['Business English', 'Learn English', 'Lets get down to business', 'English phrases', 'Spoken English', 'Takys Language School', 'English vocabulary', 'Professional English', 'English Shorts', 'ESL'], 'video_type': 'short'}
[2026-07-22T13:21:56.530+0000] {taskinstance.py:441} INFO - ::group::Post task execution logs
[2026-07-22T13:21:56.598+0000] {taskinstance.py:1206} INFO - Marking task as SUCCESS. dag_id=youtube_english_video_pipeline, task_id=build_short_video, run_id=manual__2026-07-22T13:21:35.721519+00:00, execution_date=20260722T132135, start_date=20260722T132138, end_date=20260722T132156
[2026-07-22T13:21:56.675+0000] {local_task_job_runner.py:243} INFO - Task exited with return code 0
[2026-07-22T13:21:56.753+0000] {taskinstance.py:3503} INFO - 1 downstream tasks scheduled from follow-on schedule check
[2026-07-22T13:21:56.766+0000] {local_task_job_runner.py:222} INFO - ::endgroup::
