[2026-07-25T05:18:29.787+0000] {local_task_job_runner.py:120} INFO - ::group::Pre task execution logs
[2026-07-25T05:18:29.822+0000] {taskinstance.py:2076} INFO - Dependencies all met for dep_context=non-requeueable deps ti=<TaskInstance: youtube_english_video_pipeline.upload_long_video scheduled__2026-07-23T12:00:00+00:00 [queued]>
[2026-07-25T05:18:29.832+0000] {taskinstance.py:2076} INFO - Dependencies all met for dep_context=requeueable deps ti=<TaskInstance: youtube_english_video_pipeline.upload_long_video scheduled__2026-07-23T12:00:00+00:00 [queued]>
[2026-07-25T05:18:29.833+0000] {taskinstance.py:2306} INFO - Starting attempt 1 of 3
[2026-07-25T05:18:29.845+0000] {taskinstance.py:2330} INFO - Executing <Task(PythonOperator): upload_long_video> on 2026-07-23 12:00:00+00:00
[2026-07-25T05:18:29.852+0000] {standard_task_runner.py:64} INFO - Started process 8311 to run task
[2026-07-25T05:18:29.856+0000] {standard_task_runner.py:90} INFO - Running: ['airflow', 'tasks', 'run', 'youtube_english_video_pipeline', 'upload_long_video', 'scheduled__2026-07-23T12:00:00+00:00', '--job-id', '234', '--raw', '--subdir', 'DAGS_FOLDER/youtube_pipeline.py', '--cfg-path', '/tmp/tmpx49fhblf']
[2026-07-25T05:18:29.858+0000] {standard_task_runner.py:91} INFO - Job 234: Subtask upload_long_video
[2026-07-25T05:18:29.970+0000] {task_command.py:426} INFO - Running <TaskInstance: youtube_english_video_pipeline.upload_long_video scheduled__2026-07-23T12:00:00+00:00 [running]> on host ce8e21912c19
[2026-07-25T05:18:30.261+0000] {taskinstance.py:2648} INFO - Exporting env vars: AIRFLOW_CTX_DAG_OWNER='taky' AIRFLOW_CTX_DAG_ID='youtube_english_video_pipeline' AIRFLOW_CTX_TASK_ID='upload_long_video' AIRFLOW_CTX_EXECUTION_DATE='2026-07-23T12:00:00+00:00' AIRFLOW_CTX_TRY_NUMBER='1' AIRFLOW_CTX_DAG_RUN_ID='scheduled__2026-07-23T12:00:00+00:00'
[2026-07-25T05:18:30.263+0000] {taskinstance.py:430} INFO - ::endgroup::
[2026-07-25T05:18:31.053+0000] {__init__.py:49} INFO - file_cache is only supported with oauth2client<4.0.0
[2026-07-25T05:18:31.063+0000] {logging_mixin.py:188} INFO - 2026-07-25 05:18:31,063 | INFO     | uploader.youtube_uploader | Uploading video 'Essential Travel English: 17 Must-Know Phrases for Your Next Trip!' (/opt/airflow/output/videos/long_220.mp4) to YouTube...
[2026-07-25T05:18:35.348+0000] {logging_mixin.py:188} INFO - 2026-07-25 05:18:35,348 | INFO     | uploader.youtube_uploader | Upload complete. YouTube video id = cqYqkkxRXFY
[2026-07-25T05:18:39.339+0000] {logging_mixin.py:188} INFO - 2026-07-25 05:18:39,339 | INFO     | uploader.youtube_uploader | Custom thumbnail uploaded.
[2026-07-25T05:18:39.369+0000] {python.py:237} INFO - Done. Returned value was: cqYqkkxRXFY
[2026-07-25T05:18:39.370+0000] {taskinstance.py:441} INFO - ::group::Post task execution logs
[2026-07-25T05:18:39.409+0000] {taskinstance.py:1206} INFO - Marking task as SUCCESS. dag_id=youtube_english_video_pipeline, task_id=upload_long_video, run_id=scheduled__2026-07-23T12:00:00+00:00, execution_date=20260723T120000, start_date=20260725T051829, end_date=20260725T051839
[2026-07-25T05:18:39.471+0000] {local_task_job_runner.py:243} INFO - Task exited with return code 0
[2026-07-25T05:18:39.494+0000] {taskinstance.py:3503} INFO - 0 downstream tasks scheduled from follow-on schedule check
[2026-07-25T05:18:39.499+0000] {local_task_job_runner.py:222} INFO - ::endgroup::
