[2026-07-28T12:39:35.159+0000] {local_task_job_runner.py:120} INFO - ::group::Pre task execution logs
[2026-07-28T12:39:35.204+0000] {taskinstance.py:2076} INFO - Dependencies all met for dep_context=non-requeueable deps ti=<TaskInstance: youtube_english_video_pipeline.upload_long_video_2 scheduled__2026-07-27T12:00:00+00:00 [queued]>
[2026-07-28T12:39:35.215+0000] {taskinstance.py:2076} INFO - Dependencies all met for dep_context=requeueable deps ti=<TaskInstance: youtube_english_video_pipeline.upload_long_video_2 scheduled__2026-07-27T12:00:00+00:00 [queued]>
[2026-07-28T12:39:35.216+0000] {taskinstance.py:2306} INFO - Starting attempt 1 of 3
[2026-07-28T12:39:35.231+0000] {taskinstance.py:2330} INFO - Executing <Task(PythonOperator): upload_long_video_2> on 2026-07-27 12:00:00+00:00
[2026-07-28T12:39:35.238+0000] {standard_task_runner.py:64} INFO - Started process 14019 to run task
[2026-07-28T12:39:35.244+0000] {standard_task_runner.py:90} INFO - Running: ['airflow', 'tasks', 'run', 'youtube_english_video_pipeline', 'upload_long_video_2', 'scheduled__2026-07-27T12:00:00+00:00', '--job-id', '496', '--raw', '--subdir', 'DAGS_FOLDER/youtube_pipeline.py', '--cfg-path', '/tmp/tmpgzckvyml']
[2026-07-28T12:39:35.247+0000] {standard_task_runner.py:91} INFO - Job 496: Subtask upload_long_video_2
[2026-07-28T12:39:35.350+0000] {task_command.py:426} INFO - Running <TaskInstance: youtube_english_video_pipeline.upload_long_video_2 scheduled__2026-07-27T12:00:00+00:00 [running]> on host cc859d74cf38
[2026-07-28T12:39:35.618+0000] {taskinstance.py:2648} INFO - Exporting env vars: AIRFLOW_CTX_DAG_OWNER='taky' AIRFLOW_CTX_DAG_ID='youtube_english_video_pipeline' AIRFLOW_CTX_TASK_ID='upload_long_video_2' AIRFLOW_CTX_EXECUTION_DATE='2026-07-27T12:00:00+00:00' AIRFLOW_CTX_TRY_NUMBER='1' AIRFLOW_CTX_DAG_RUN_ID='scheduled__2026-07-27T12:00:00+00:00'
[2026-07-28T12:39:35.621+0000] {taskinstance.py:430} INFO - ::endgroup::
[2026-07-28T12:39:36.114+0000] {__init__.py:49} INFO - file_cache is only supported with oauth2client<4.0.0
[2026-07-28T12:39:36.137+0000] {logging_mixin.py:188} INFO - 2026-07-28 12:39:36,136 | INFO     | uploader.youtube_uploader | Uploading video '20 Essential Everyday English Phrases | Taky's Language School' (/opt/airflow/output/videos/long_1154.mp4) to YouTube...
[2026-07-28T12:39:42.313+0000] {logging_mixin.py:188} INFO - 2026-07-28 12:39:42,313 | INFO     | uploader.youtube_uploader | Upload complete. YouTube video id = 5jy5AJTIOIk
[2026-07-28T12:39:47.068+0000] {logging_mixin.py:188} INFO - 2026-07-28 12:39:47,068 | INFO     | uploader.youtube_uploader | Custom thumbnail uploaded.
[2026-07-28T12:39:47.079+0000] {python.py:237} INFO - Done. Returned value was: 5jy5AJTIOIk
[2026-07-28T12:39:47.080+0000] {taskinstance.py:441} INFO - ::group::Post task execution logs
[2026-07-28T12:39:47.108+0000] {taskinstance.py:1206} INFO - Marking task as SUCCESS. dag_id=youtube_english_video_pipeline, task_id=upload_long_video_2, run_id=scheduled__2026-07-27T12:00:00+00:00, execution_date=20260727T120000, start_date=20260728T123935, end_date=20260728T123947
[2026-07-28T12:39:47.169+0000] {local_task_job_runner.py:243} INFO - Task exited with return code 0
[2026-07-28T12:39:47.358+0000] {taskinstance.py:3503} INFO - 1 downstream tasks scheduled from follow-on schedule check
[2026-07-28T12:39:47.365+0000] {local_task_job_runner.py:222} INFO - ::endgroup::
