[2026-07-29T12:41:47.541+0000] {local_task_job_runner.py:120} INFO - ::group::Pre task execution logs
[2026-07-29T12:41:47.596+0000] {taskinstance.py:2076} INFO - Dependencies all met for dep_context=non-requeueable deps ti=<TaskInstance: youtube_english_video_pipeline.build_short_video_4 scheduled__2026-07-28T12:00:00+00:00 [queued]>
[2026-07-29T12:41:47.615+0000] {taskinstance.py:2076} INFO - Dependencies all met for dep_context=requeueable deps ti=<TaskInstance: youtube_english_video_pipeline.build_short_video_4 scheduled__2026-07-28T12:00:00+00:00 [queued]>
[2026-07-29T12:41:47.617+0000] {taskinstance.py:2306} INFO - Starting attempt 1 of 3
[2026-07-29T12:41:47.638+0000] {taskinstance.py:2330} INFO - Executing <Task(PythonOperator): build_short_video_4> on 2026-07-28 12:00:00+00:00
[2026-07-29T12:41:47.646+0000] {standard_task_runner.py:64} INFO - Started process 50260 to run task
[2026-07-29T12:41:47.652+0000] {standard_task_runner.py:90} INFO - Running: ['airflow', 'tasks', 'run', 'youtube_english_video_pipeline', 'build_short_video_4', 'scheduled__2026-07-28T12:00:00+00:00', '--job-id', '553', '--raw', '--subdir', 'DAGS_FOLDER/youtube_pipeline.py', '--cfg-path', '/tmp/tmpoab4q4g7']
[2026-07-29T12:41:47.656+0000] {standard_task_runner.py:91} INFO - Job 553: Subtask build_short_video_4
[2026-07-29T12:41:47.782+0000] {task_command.py:426} INFO - Running <TaskInstance: youtube_english_video_pipeline.build_short_video_4 scheduled__2026-07-28T12:00:00+00:00 [running]> on host cc859d74cf38
[2026-07-29T12:41:48.071+0000] {taskinstance.py:2648} INFO - Exporting env vars: AIRFLOW_CTX_DAG_OWNER='taky' AIRFLOW_CTX_DAG_ID='youtube_english_video_pipeline' AIRFLOW_CTX_TASK_ID='build_short_video_4' AIRFLOW_CTX_EXECUTION_DATE='2026-07-28T12:00:00+00:00' AIRFLOW_CTX_TRY_NUMBER='1' AIRFLOW_CTX_DAG_RUN_ID='scheduled__2026-07-28T12:00:00+00:00'
[2026-07-29T12:41:48.072+0000] {taskinstance.py:430} INFO - ::endgroup::
[2026-07-29T12:41:49.220+0000] {logging_mixin.py:188} INFO - 2026-07-29 12:41:49,220 | INFO     | planner.video_planner | Planned SHORT video: topic='Travel English', phrases=1
[2026-07-29T12:41:49.998+0000] {logging_mixin.py:188} INFO - 2026-07-29 12:41:49,998 | INFO     | tts.edge_tts | Synthesized audio -> /opt/airflow/output/audio/phrase_1295.mp3
[2026-07-29T12:41:50.497+0000] {logging_mixin.py:188} INFO - 2026-07-29 12:41:50,497 | INFO     | tts.edge_tts | Synthesized audio -> /opt/airflow/output/audio/example_1295.mp3
[2026-07-29T12:41:50.695+0000] {logging_mixin.py:188} INFO - 2026-07-29 12:41:50,695 | INFO     | media.image_downloader | Downloaded background image for scene='airport' -> /opt/airflow/output/images/short_1295.jpg
[2026-07-29T12:41:55.154+0000] {logging_mixin.py:188} INFO - 2026-07-29 12:41:55,153 | WARNING  | video.video_builder | BGM file not found at /opt/airflow/assets/bgm/short_bgm.mp3, rendering without background music
[2026-07-29T12:41:57.525+0000] {logging_mixin.py:188} INFO - 2026-07-29 12:41:57,525 | INFO     | video.video_builder | Final video rendered -> /opt/airflow/output/videos/short_1295.mp4
[2026-07-29T12:42:04.362+0000] {python.py:237} INFO - Done. Returned value was: {'video_id': 149, 'file_path': '/opt/airflow/output/videos/short_1295.mp4', 'title': 'Where is the Baggage Claim? ✈️ Travel English Phrases #Shorts', 'description': 'Are you traveling soon? Learn how to ask for your luggage at the airport in English! ✈️🧳\n\nIn this quick lesson from Taky\'s Language School, you\'ll learn an essential airport phrase:\n👉 "Excuse me, where is the baggage claim for flight 402?"\n\nMastering airport English makes traveling stress-free and easy. Practice repeating this phrase out loud to improve your spoken English pronunciation!\n\nSubscribe to Taky\'s Language School for daily Travel English tips and practical vocabulary!\n\n#TravelEnglish #LearnEnglish #EnglishVocabulary #AirportEnglish #Shorts', 'tags': ['travel english', 'airport english', 'where is the baggage claim', 'takys language school', 'learn english', 'english speaking practice', 'english for travelers', 'spoken english', 'english phrases', 'english vocabulary'], 'video_type': 'short'}
[2026-07-29T12:42:04.364+0000] {taskinstance.py:441} INFO - ::group::Post task execution logs
[2026-07-29T12:42:04.396+0000] {taskinstance.py:1206} INFO - Marking task as SUCCESS. dag_id=youtube_english_video_pipeline, task_id=build_short_video_4, run_id=scheduled__2026-07-28T12:00:00+00:00, execution_date=20260728T120000, start_date=20260729T124147, end_date=20260729T124204
[2026-07-29T12:42:04.466+0000] {local_task_job_runner.py:243} INFO - Task exited with return code 0
[2026-07-29T12:42:04.746+0000] {taskinstance.py:3503} INFO - 1 downstream tasks scheduled from follow-on schedule check
[2026-07-29T12:42:04.752+0000] {local_task_job_runner.py:222} INFO - ::endgroup::
