[2026-08-17T12:39:28.545+0000] {local_task_job_runner.py:120} INFO - ::group::Pre task execution logs
[2026-08-17T12:39:28.598+0000] {taskinstance.py:2076} INFO - Dependencies all met for dep_context=non-requeueable deps ti=<TaskInstance: youtube_english_video_pipeline.upload_short_video_1 scheduled__2026-08-11T12:00:00+00:00 [queued]>
[2026-08-17T12:39:28.612+0000] {taskinstance.py:2076} INFO - Dependencies all met for dep_context=requeueable deps ti=<TaskInstance: youtube_english_video_pipeline.upload_short_video_1 scheduled__2026-08-11T12:00:00+00:00 [queued]>
[2026-08-17T12:39:28.616+0000] {taskinstance.py:2306} INFO - Starting attempt 1 of 3
[2026-08-17T12:39:28.639+0000] {taskinstance.py:2330} INFO - Executing <Task(PythonOperator): upload_short_video_1> on 2026-08-11 12:00:00+00:00
[2026-08-17T12:39:28.650+0000] {standard_task_runner.py:64} INFO - Started process 859 to run task
[2026-08-17T12:39:28.654+0000] {standard_task_runner.py:90} INFO - Running: ['airflow', 'tasks', 'run', 'youtube_english_video_pipeline', 'upload_short_video_1', 'scheduled__2026-08-11T12:00:00+00:00', '--job-id', '737', '--raw', '--subdir', 'DAGS_FOLDER/youtube_pipeline.py', '--cfg-path', '/tmp/tmp4xp6_q5z']
[2026-08-17T12:39:28.663+0000] {standard_task_runner.py:91} INFO - Job 737: Subtask upload_short_video_1
[2026-08-17T12:39:28.821+0000] {task_command.py:426} INFO - Running <TaskInstance: youtube_english_video_pipeline.upload_short_video_1 scheduled__2026-08-11T12:00:00+00:00 [running]> on host cc859d74cf38
[2026-08-17T12:39:29.326+0000] {taskinstance.py:2648} INFO - Exporting env vars: AIRFLOW_CTX_DAG_OWNER='taky' AIRFLOW_CTX_DAG_ID='youtube_english_video_pipeline' AIRFLOW_CTX_TASK_ID='upload_short_video_1' AIRFLOW_CTX_EXECUTION_DATE='2026-08-11T12:00:00+00:00' AIRFLOW_CTX_TRY_NUMBER='1' AIRFLOW_CTX_DAG_RUN_ID='scheduled__2026-08-11T12:00:00+00:00'
[2026-08-17T12:39:29.331+0000] {taskinstance.py:430} INFO - ::endgroup::
[2026-08-17T12:39:30.974+0000] {__init__.py:49} INFO - file_cache is only supported with oauth2client<4.0.0
[2026-08-17T12:39:31.011+0000] {logging_mixin.py:188} INFO - 2026-08-17 12:39:31,010 | INFO     | uploader.youtube_uploader | Uploading video 'Say This When You're Busy at Work! 📞 Business English #Shorts' (/opt/airflow/output/videos/short_1849.mp4) to YouTube...
[2026-08-17T12:39:34.190+0000] {logging_mixin.py:188} INFO - 2026-08-17 12:39:34,190 | INFO     | uploader.youtube_uploader | Upload complete. YouTube video id = HtTw4KPuwSg
[2026-08-17T12:39:34.217+0000] {python.py:237} INFO - Done. Returned value was: HtTw4KPuwSg
[2026-08-17T12:39:34.221+0000] {taskinstance.py:441} INFO - ::group::Post task execution logs
[2026-08-17T12:39:34.259+0000] {taskinstance.py:1206} INFO - Marking task as SUCCESS. dag_id=youtube_english_video_pipeline, task_id=upload_short_video_1, run_id=scheduled__2026-08-11T12:00:00+00:00, execution_date=20260811T120000, start_date=20260817T123928, end_date=20260817T123934
[2026-08-17T12:39:34.354+0000] {local_task_job_runner.py:243} INFO - Task exited with return code 0
[2026-08-17T12:39:34.591+0000] {taskinstance.py:3503} INFO - 1 downstream tasks scheduled from follow-on schedule check
[2026-08-17T12:39:34.600+0000] {local_task_job_runner.py:222} INFO - ::endgroup::
