[2026-07-27T11:08:34.241+0000] {local_task_job_runner.py:120} INFO - ::group::Pre task execution logs
[2026-07-27T11:08:34.275+0000] {taskinstance.py:2076} INFO - Dependencies all met for dep_context=non-requeueable deps ti=<TaskInstance: youtube_english_video_pipeline.build_short_video_5 manual__2026-07-27T10:57:47.140907+00:00 [queued]>
[2026-07-27T11:08:34.282+0000] {taskinstance.py:2076} INFO - Dependencies all met for dep_context=requeueable deps ti=<TaskInstance: youtube_english_video_pipeline.build_short_video_5 manual__2026-07-27T10:57:47.140907+00:00 [queued]>
[2026-07-27T11:08:34.284+0000] {taskinstance.py:2306} INFO - Starting attempt 1 of 3
[2026-07-27T11:08:34.298+0000] {taskinstance.py:2330} INFO - Executing <Task(PythonOperator): build_short_video_5> on 2026-07-27 10:57:47.140907+00:00
[2026-07-27T11:08:34.304+0000] {standard_task_runner.py:64} INFO - Started process 72778 to run task
[2026-07-27T11:08:34.306+0000] {standard_task_runner.py:90} INFO - Running: ['airflow', 'tasks', 'run', 'youtube_english_video_pipeline', 'build_short_video_5', 'manual__2026-07-27T10:57:47.140907+00:00', '--job-id', '435', '--raw', '--subdir', 'DAGS_FOLDER/youtube_pipeline.py', '--cfg-path', '/tmp/tmps4jvd2bq']
[2026-07-27T11:08:34.308+0000] {standard_task_runner.py:91} INFO - Job 435: Subtask build_short_video_5
[2026-07-27T11:08:34.387+0000] {task_command.py:426} INFO - Running <TaskInstance: youtube_english_video_pipeline.build_short_video_5 manual__2026-07-27T10:57:47.140907+00:00 [running]> on host cc859d74cf38
[2026-07-27T11:08:34.603+0000] {taskinstance.py:2648} INFO - Exporting env vars: AIRFLOW_CTX_DAG_OWNER='taky' AIRFLOW_CTX_DAG_ID='youtube_english_video_pipeline' AIRFLOW_CTX_TASK_ID='build_short_video_5' AIRFLOW_CTX_EXECUTION_DATE='2026-07-27T10:57:47.140907+00:00' AIRFLOW_CTX_TRY_NUMBER='1' AIRFLOW_CTX_DAG_RUN_ID='manual__2026-07-27T10:57:47.140907+00:00'
[2026-07-27T11:08:34.604+0000] {taskinstance.py:430} INFO - ::endgroup::
[2026-07-27T11:08:35.271+0000] {logging_mixin.py:188} INFO - 2026-07-27 11:08:35,271 | INFO     | planner.video_planner | Planned SHORT video: topic='Small Talk', phrases=1
[2026-07-27T11:08:35.712+0000] {logging_mixin.py:188} INFO - 2026-07-27 11:08:35,712 | INFO     | tts.edge_tts | Synthesized audio -> /opt/airflow/output/audio/phrase_803.mp3
[2026-07-27T11:08:36.174+0000] {logging_mixin.py:188} INFO - 2026-07-27 11:08:36,174 | INFO     | tts.edge_tts | Synthesized audio -> /opt/airflow/output/audio/example_803.mp3
[2026-07-27T11:08:36.429+0000] {logging_mixin.py:188} INFO - 2026-07-27 11:08:36,429 | INFO     | media.image_downloader | Downloaded background image for scene='cafe' -> /opt/airflow/output/images/short_803.jpg
[2026-07-27T11:08:39.498+0000] {logging_mixin.py:188} INFO - 2026-07-27 11:08:39,498 | WARNING  | video.video_builder | BGM file not found at /opt/airflow/assets/bgm/short_bgm.mp3, rendering without background music
[2026-07-27T11:08:41.465+0000] {logging_mixin.py:188} INFO - 2026-07-27 11:08:41,464 | INFO     | video.video_builder | Final video rendered -> /opt/airflow/output/videos/short_803.mp4
[2026-07-27T11:08:48.924+0000] {python.py:237} INFO - Done. Returned value was: {'video_id': 103, 'file_path': '/opt/airflow/output/videos/short_803.mp4', 'title': 'Master English Small Talk: How Have You Been? 💬 #Shorts', 'description': 'Want to sound more natural in English conversations? Instead of always saying "How are you?", learn how to use "How have you been?" like a native speaker!\n\nIn this quick lesson from Taky\'s Language School, you\'ll learn natural phrases like:\n• "Long time no see!"\n• "How have you been keeping lately?"\n\nPractice these spoken English phrases to level up your small talk skills when catching up with friends or coworkers.\n\n🔔 Subscribe to Taky\'s Language School for daily practical English tips!\n\n#LearnEnglish #EnglishSmallTalk #SpokenEnglish #Shorts #TakysLanguageSchool', 'tags': ['learn english', 'english small talk', 'how have you been', 'spoken english', "taky's language school", 'english conversation', 'english phrases', 'daily english tips', 'how have you been keeping lately', 'english shorts'], 'video_type': 'short'}
[2026-07-27T11:08:48.926+0000] {taskinstance.py:441} INFO - ::group::Post task execution logs
[2026-07-27T11:08:48.951+0000] {taskinstance.py:1206} INFO - Marking task as SUCCESS. dag_id=youtube_english_video_pipeline, task_id=build_short_video_5, run_id=manual__2026-07-27T10:57:47.140907+00:00, execution_date=20260727T105747, start_date=20260727T110834, end_date=20260727T110848
[2026-07-27T11:08:48.991+0000] {local_task_job_runner.py:243} INFO - Task exited with return code 0
[2026-07-27T11:08:49.168+0000] {taskinstance.py:3503} INFO - 1 downstream tasks scheduled from follow-on schedule check
[2026-07-27T11:08:49.174+0000] {local_task_job_runner.py:222} INFO - ::endgroup::
