[2026-07-26T06:27:46.641+0000] {local_task_job_runner.py:120} INFO - ::group::Pre task execution logs
[2026-07-26T06:27:46.679+0000] {taskinstance.py:2076} INFO - Dependencies all met for dep_context=non-requeueable deps ti=<TaskInstance: youtube_english_video_pipeline.upload_short_video_4 manual__2026-07-26T06:16:19.799239+00:00 [queued]>
[2026-07-26T06:27:46.689+0000] {taskinstance.py:2076} INFO - Dependencies all met for dep_context=requeueable deps ti=<TaskInstance: youtube_english_video_pipeline.upload_short_video_4 manual__2026-07-26T06:16:19.799239+00:00 [queued]>
[2026-07-26T06:27:46.690+0000] {taskinstance.py:2306} INFO - Starting attempt 1 of 3
[2026-07-26T06:27:46.705+0000] {taskinstance.py:2330} INFO - Executing <Task(PythonOperator): upload_short_video_4> on 2026-07-26 06:16:19.799239+00:00
[2026-07-26T06:27:46.712+0000] {standard_task_runner.py:64} INFO - Started process 26876 to run task
[2026-07-26T06:27:46.716+0000] {standard_task_runner.py:90} INFO - Running: ['airflow', 'tasks', 'run', 'youtube_english_video_pipeline', 'upload_short_video_4', 'manual__2026-07-26T06:16:19.799239+00:00', '--job-id', '359', '--raw', '--subdir', 'DAGS_FOLDER/youtube_pipeline.py', '--cfg-path', '/tmp/tmp30n9lblz']
[2026-07-26T06:27:46.719+0000] {standard_task_runner.py:91} INFO - Job 359: Subtask upload_short_video_4
[2026-07-26T06:27:46.804+0000] {task_command.py:426} INFO - Running <TaskInstance: youtube_english_video_pipeline.upload_short_video_4 manual__2026-07-26T06:16:19.799239+00:00 [running]> on host cc859d74cf38
[2026-07-26T06:27:47.088+0000] {taskinstance.py:2648} INFO - Exporting env vars: AIRFLOW_CTX_DAG_OWNER='taky' AIRFLOW_CTX_DAG_ID='youtube_english_video_pipeline' AIRFLOW_CTX_TASK_ID='upload_short_video_4' AIRFLOW_CTX_EXECUTION_DATE='2026-07-26T06:16:19.799239+00:00' AIRFLOW_CTX_TRY_NUMBER='1' AIRFLOW_CTX_DAG_RUN_ID='manual__2026-07-26T06:16:19.799239+00:00'
[2026-07-26T06:27:47.089+0000] {taskinstance.py:430} INFO - ::endgroup::
[2026-07-26T06:27:47.421+0000] {__init__.py:49} INFO - file_cache is only supported with oauth2client<4.0.0
[2026-07-26T06:27:47.430+0000] {logging_mixin.py:188} INFO - 2026-07-26 06:27:47,429 | INFO     | uploader.youtube_uploader | Uploading video 'Daily English Phrase | Restaurant English' (/opt/airflow/output/videos/short_594.mp4) to YouTube...
[2026-07-26T06:27:50.240+0000] {logging_mixin.py:188} INFO - 2026-07-26 06:27:50,239 | INFO     | uploader.youtube_uploader | Upload complete. YouTube video id = e8kmOQaF75g
[2026-07-26T06:27:50.261+0000] {python.py:237} INFO - Done. Returned value was: e8kmOQaF75g
[2026-07-26T06:27:50.263+0000] {taskinstance.py:441} INFO - ::group::Post task execution logs
[2026-07-26T06:27:50.295+0000] {taskinstance.py:1206} INFO - Marking task as SUCCESS. dag_id=youtube_english_video_pipeline, task_id=upload_short_video_4, run_id=manual__2026-07-26T06:16:19.799239+00:00, execution_date=20260726T061619, start_date=20260726T062746, end_date=20260726T062750
[2026-07-26T06:27:50.354+0000] {local_task_job_runner.py:243} INFO - Task exited with return code 0
[2026-07-26T06:27:50.563+0000] {taskinstance.py:3503} INFO - 1 downstream tasks scheduled from follow-on schedule check
[2026-07-26T06:27:50.571+0000] {local_task_job_runner.py:222} INFO - ::endgroup::
