[2026-08-20T00:19:29.721+0000] {local_task_job_runner.py:120} INFO - ::group::Pre task execution logs
[2026-08-20T00:19:29.796+0000] {taskinstance.py:2076} INFO - Dependencies all met for dep_context=non-requeueable deps ti=<TaskInstance: youtube_english_video_pipeline.upload_short_video_5 scheduled__2026-08-18T12:00:00+00:00 [queued]>
[2026-08-20T00:19:29.815+0000] {taskinstance.py:2076} INFO - Dependencies all met for dep_context=requeueable deps ti=<TaskInstance: youtube_english_video_pipeline.upload_short_video_5 scheduled__2026-08-18T12:00:00+00:00 [queued]>
[2026-08-20T00:19:29.819+0000] {taskinstance.py:2306} INFO - Starting attempt 1 of 3
[2026-08-20T00:19:29.846+0000] {taskinstance.py:2330} INFO - Executing <Task(PythonOperator): upload_short_video_5> on 2026-08-18 12:00:00+00:00
[2026-08-20T00:19:29.857+0000] {standard_task_runner.py:64} INFO - Started process 47783 to run task
[2026-08-20T00:19:29.866+0000] {standard_task_runner.py:90} INFO - Running: ['airflow', 'tasks', 'run', 'youtube_english_video_pipeline', 'upload_short_video_5', 'scheduled__2026-08-18T12:00:00+00:00', '--job-id', '826', '--raw', '--subdir', 'DAGS_FOLDER/youtube_pipeline.py', '--cfg-path', '/tmp/tmpcsihdq74']
[2026-08-20T00:19:29.871+0000] {standard_task_runner.py:91} INFO - Job 826: Subtask upload_short_video_5
[2026-08-20T00:19:30.032+0000] {task_command.py:426} INFO - Running <TaskInstance: youtube_english_video_pipeline.upload_short_video_5 scheduled__2026-08-18T12:00:00+00:00 [running]> on host cc859d74cf38
[2026-08-20T00:19:30.403+0000] {taskinstance.py:2648} INFO - Exporting env vars: AIRFLOW_CTX_DAG_OWNER='taky' AIRFLOW_CTX_DAG_ID='youtube_english_video_pipeline' AIRFLOW_CTX_TASK_ID='upload_short_video_5' AIRFLOW_CTX_EXECUTION_DATE='2026-08-18T12:00:00+00:00' AIRFLOW_CTX_TRY_NUMBER='1' AIRFLOW_CTX_DAG_RUN_ID='scheduled__2026-08-18T12:00:00+00:00'
[2026-08-20T00:19:30.407+0000] {taskinstance.py:430} INFO - ::endgroup::
[2026-08-20T00:19:31.147+0000] {__init__.py:49} INFO - file_cache is only supported with oauth2client<4.0.0
[2026-08-20T00:19:31.170+0000] {logging_mixin.py:188} INFO - 2026-08-20 00:19:31,170 | INFO     | uploader.youtube_uploader | Uploading video 'Daily English Phrase | Shopping English' (/opt/airflow/output/videos/short_2101.mp4) to YouTube...
[2026-08-20T00:19:34.414+0000] {logging_mixin.py:188} INFO - 2026-08-20 00:19:34,414 | INFO     | uploader.youtube_uploader | Upload complete. YouTube video id = PX-HG-GOsII
[2026-08-20T00:19:34.431+0000] {python.py:237} INFO - Done. Returned value was: PX-HG-GOsII
[2026-08-20T00:19:34.433+0000] {taskinstance.py:441} INFO - ::group::Post task execution logs
[2026-08-20T00:19:34.466+0000] {taskinstance.py:1206} INFO - Marking task as SUCCESS. dag_id=youtube_english_video_pipeline, task_id=upload_short_video_5, run_id=scheduled__2026-08-18T12:00:00+00:00, execution_date=20260818T120000, start_date=20260820T001929, end_date=20260820T001934
[2026-08-20T00:19:34.510+0000] {local_task_job_runner.py:243} INFO - Task exited with return code 0
[2026-08-20T00:19:34.549+0000] {taskinstance.py:3503} INFO - 1 downstream tasks scheduled from follow-on schedule check
[2026-08-20T00:19:34.555+0000] {local_task_job_runner.py:222} INFO - ::endgroup::
