[2026-07-25T09:19:28.330+0000] {local_task_job_runner.py:120} INFO - ::group::Pre task execution logs
[2026-07-25T09:19:28.354+0000] {taskinstance.py:2076} INFO - Dependencies all met for dep_context=non-requeueable deps ti=<TaskInstance: youtube_english_video_pipeline.upload_long_video_1 manual__2026-07-25T09:17:10.519347+00:00 [queued]>
[2026-07-25T09:19:28.360+0000] {taskinstance.py:2076} INFO - Dependencies all met for dep_context=requeueable deps ti=<TaskInstance: youtube_english_video_pipeline.upload_long_video_1 manual__2026-07-25T09:17:10.519347+00:00 [queued]>
[2026-07-25T09:19:28.361+0000] {taskinstance.py:2306} INFO - Starting attempt 1 of 3
[2026-07-25T09:19:28.369+0000] {taskinstance.py:2330} INFO - Executing <Task(PythonOperator): upload_long_video_1> on 2026-07-25 09:17:10.519347+00:00
[2026-07-25T09:19:28.373+0000] {standard_task_runner.py:64} INFO - Started process 44662 to run task
[2026-07-25T09:19:28.376+0000] {standard_task_runner.py:90} INFO - Running: ['airflow', 'tasks', 'run', 'youtube_english_video_pipeline', 'upload_long_video_1', 'manual__2026-07-25T09:17:10.519347+00:00', '--job-id', '289', '--raw', '--subdir', 'DAGS_FOLDER/youtube_pipeline.py', '--cfg-path', '/tmp/tmp4n9aw73f']
[2026-07-25T09:19:28.377+0000] {standard_task_runner.py:91} INFO - Job 289: Subtask upload_long_video_1
[2026-07-25T09:19:28.437+0000] {task_command.py:426} INFO - Running <TaskInstance: youtube_english_video_pipeline.upload_long_video_1 manual__2026-07-25T09:17:10.519347+00:00 [running]> on host ce8e21912c19
[2026-07-25T09:19:28.616+0000] {taskinstance.py:2648} INFO - Exporting env vars: AIRFLOW_CTX_DAG_OWNER='taky' AIRFLOW_CTX_DAG_ID='youtube_english_video_pipeline' AIRFLOW_CTX_TASK_ID='upload_long_video_1' AIRFLOW_CTX_EXECUTION_DATE='2026-07-25T09:17:10.519347+00:00' AIRFLOW_CTX_TRY_NUMBER='1' AIRFLOW_CTX_DAG_RUN_ID='manual__2026-07-25T09:17:10.519347+00:00'
[2026-07-25T09:19:28.617+0000] {taskinstance.py:430} INFO - ::endgroup::
[2026-07-25T09:19:28.861+0000] {__init__.py:49} INFO - file_cache is only supported with oauth2client<4.0.0
[2026-07-25T09:19:28.866+0000] {logging_mixin.py:188} INFO - 2026-07-25 09:19:28,866 | INFO     | uploader.youtube_uploader | Uploading video '20 Daily English Expressions | Mixed English Expressions' (/opt/airflow/output/videos/long_389.mp4) to YouTube...
[2026-07-25T09:19:32.708+0000] {logging_mixin.py:188} INFO - 2026-07-25 09:19:32,708 | INFO     | uploader.youtube_uploader | Upload complete. YouTube video id = YHLuPB4ZF8E
[2026-07-25T09:19:36.435+0000] {logging_mixin.py:188} INFO - 2026-07-25 09:19:36,435 | INFO     | uploader.youtube_uploader | Custom thumbnail uploaded.
[2026-07-25T09:19:36.453+0000] {python.py:237} INFO - Done. Returned value was: YHLuPB4ZF8E
[2026-07-25T09:19:36.454+0000] {taskinstance.py:441} INFO - ::group::Post task execution logs
[2026-07-25T09:19:36.473+0000] {taskinstance.py:1206} INFO - Marking task as SUCCESS. dag_id=youtube_english_video_pipeline, task_id=upload_long_video_1, run_id=manual__2026-07-25T09:17:10.519347+00:00, execution_date=20260725T091710, start_date=20260725T091928, end_date=20260725T091936
[2026-07-25T09:19:36.510+0000] {local_task_job_runner.py:243} INFO - Task exited with return code 0
[2026-07-25T09:19:36.636+0000] {taskinstance.py:3503} INFO - 1 downstream tasks scheduled from follow-on schedule check
[2026-07-25T09:19:36.640+0000] {local_task_job_runner.py:222} INFO - ::endgroup::
