[2026-08-11T02:29:29.671+0000] {local_task_job_runner.py:120} INFO - ::group::Pre task execution logs
[2026-08-11T02:29:29.740+0000] {taskinstance.py:2076} INFO - Dependencies all met for dep_context=non-requeueable deps ti=<TaskInstance: youtube_english_video_pipeline.upload_long_video_1 manual__2026-08-11T02:25:49.703167+00:00 [queued]>
[2026-08-11T02:29:29.749+0000] {taskinstance.py:2076} INFO - Dependencies all met for dep_context=requeueable deps ti=<TaskInstance: youtube_english_video_pipeline.upload_long_video_1 manual__2026-08-11T02:25:49.703167+00:00 [queued]>
[2026-08-11T02:29:29.750+0000] {taskinstance.py:2306} INFO - Starting attempt 1 of 3
[2026-08-11T02:29:29.764+0000] {taskinstance.py:2330} INFO - Executing <Task(PythonOperator): upload_long_video_1> on 2026-08-11 02:25:49.703167+00:00
[2026-08-11T02:29:29.770+0000] {standard_task_runner.py:64} INFO - Started process 85805 to run task
[2026-08-11T02:29:29.774+0000] {standard_task_runner.py:90} INFO - Running: ['airflow', 'tasks', 'run', 'youtube_english_video_pipeline', 'upload_long_video_1', 'manual__2026-08-11T02:25:49.703167+00:00', '--job-id', '638', '--raw', '--subdir', 'DAGS_FOLDER/youtube_pipeline.py', '--cfg-path', '/tmp/tmpb119vz2l']
[2026-08-11T02:29:29.778+0000] {standard_task_runner.py:91} INFO - Job 638: Subtask upload_long_video_1
[2026-08-11T02:29:29.873+0000] {task_command.py:426} INFO - Running <TaskInstance: youtube_english_video_pipeline.upload_long_video_1 manual__2026-08-11T02:25:49.703167+00:00 [running]> on host cc859d74cf38
[2026-08-11T02:29:30.123+0000] {taskinstance.py:2648} INFO - Exporting env vars: AIRFLOW_CTX_DAG_OWNER='taky' AIRFLOW_CTX_DAG_ID='youtube_english_video_pipeline' AIRFLOW_CTX_TASK_ID='upload_long_video_1' AIRFLOW_CTX_EXECUTION_DATE='2026-08-11T02:25:49.703167+00:00' AIRFLOW_CTX_TRY_NUMBER='1' AIRFLOW_CTX_DAG_RUN_ID='manual__2026-08-11T02:25:49.703167+00:00'
[2026-08-11T02:29:30.125+0000] {taskinstance.py:430} INFO - ::endgroup::
[2026-08-11T02:29:30.777+0000] {__init__.py:49} INFO - file_cache is only supported with oauth2client<4.0.0
[2026-08-11T02:29:30.792+0000] {logging_mixin.py:188} INFO - 2026-08-11 02:29:30,792 | INFO     | uploader.youtube_uploader | Uploading video '20 Essential English Expressions for Daily Conversation | Taky's Language School' (/opt/airflow/output/videos/long_1418.mp4) to YouTube...
[2026-08-11T02:29:37.157+0000] {logging_mixin.py:188} INFO - 2026-08-11 02:29:37,157 | INFO     | uploader.youtube_uploader | Upload complete. YouTube video id = ZOOpcRsZJ98
[2026-08-11T02:29:41.089+0000] {logging_mixin.py:188} INFO - 2026-08-11 02:29:41,089 | INFO     | uploader.youtube_uploader | Custom thumbnail uploaded.
[2026-08-11T02:29:41.105+0000] {python.py:237} INFO - Done. Returned value was: ZOOpcRsZJ98
[2026-08-11T02:29:41.107+0000] {taskinstance.py:441} INFO - ::group::Post task execution logs
[2026-08-11T02:29:41.140+0000] {taskinstance.py:1206} INFO - Marking task as SUCCESS. dag_id=youtube_english_video_pipeline, task_id=upload_long_video_1, run_id=manual__2026-08-11T02:25:49.703167+00:00, execution_date=20260811T022549, start_date=20260811T022929, end_date=20260811T022941
[2026-08-11T02:29:41.199+0000] {local_task_job_runner.py:243} INFO - Task exited with return code 0
[2026-08-11T02:29:41.359+0000] {taskinstance.py:3503} INFO - 1 downstream tasks scheduled from follow-on schedule check
[2026-08-11T02:29:41.363+0000] {local_task_job_runner.py:222} INFO - ::endgroup::
