[2026-09-21T01:06:29.367+0000] {local_task_job_runner.py:120} INFO - ::group::Pre task execution logs
[2026-09-21T01:06:29.415+0000] {taskinstance.py:2076} INFO - Dependencies all met for dep_context=non-requeueable deps ti=<TaskInstance: youtube_english_video_pipeline.upload_long_video_2 manual__2026-09-21T01:00:56.686308+00:00 [queued]>
[2026-09-21T01:06:29.424+0000] {taskinstance.py:2076} INFO - Dependencies all met for dep_context=requeueable deps ti=<TaskInstance: youtube_english_video_pipeline.upload_long_video_2 manual__2026-09-21T01:00:56.686308+00:00 [queued]>
[2026-09-21T01:06:29.425+0000] {taskinstance.py:2306} INFO - Starting attempt 1 of 3
[2026-09-21T01:06:29.439+0000] {taskinstance.py:2330} INFO - Executing <Task(PythonOperator): upload_long_video_2> on 2026-09-21 01:00:56.686308+00:00
[2026-09-21T01:06:29.443+0000] {standard_task_runner.py:64} INFO - Started process 6979 to run task
[2026-09-21T01:06:29.448+0000] {standard_task_runner.py:90} INFO - Running: ['airflow', 'tasks', 'run', 'youtube_english_video_pipeline', 'upload_long_video_2', 'manual__2026-09-21T01:00:56.686308+00:00', '--job-id', '1421', '--raw', '--subdir', 'DAGS_FOLDER/youtube_pipeline.py', '--cfg-path', '/tmp/tmpazmw212v']
[2026-09-21T01:06:29.451+0000] {standard_task_runner.py:91} INFO - Job 1421: Subtask upload_long_video_2
[2026-09-21T01:06:29.509+0000] {task_command.py:426} INFO - Running <TaskInstance: youtube_english_video_pipeline.upload_long_video_2 manual__2026-09-21T01:00:56.686308+00:00 [running]> on host 73b18333cdfe
[2026-09-21T01:06:29.804+0000] {taskinstance.py:2648} INFO - Exporting env vars: AIRFLOW_CTX_DAG_OWNER='taky' AIRFLOW_CTX_DAG_ID='youtube_english_video_pipeline' AIRFLOW_CTX_TASK_ID='upload_long_video_2' AIRFLOW_CTX_EXECUTION_DATE='2026-09-21T01:00:56.686308+00:00' AIRFLOW_CTX_TRY_NUMBER='1' AIRFLOW_CTX_DAG_RUN_ID='manual__2026-09-21T01:00:56.686308+00:00'
[2026-09-21T01:06:29.805+0000] {taskinstance.py:430} INFO - ::endgroup::
[2026-09-21T01:06:30.547+0000] {__init__.py:49} INFO - file_cache is only supported with oauth2client<4.0.0
[2026-09-21T01:06:30.588+0000] {logging_mixin.py:188} INFO - 2026-09-21 01:06:30,587 | INFO     | uploader.youtube_uploader | Uploading video '20 Essential English Phrases for Small Talk | Speak English Confidently' (/opt/airflow/output/videos/long_3549.mp4) to YouTube...
[2026-09-21T01:06:34.481+0000] {logging_mixin.py:188} INFO - 2026-09-21 01:06:34,481 | INFO     | uploader.youtube_uploader | Upload complete. YouTube video id = M-_zDai4Ha0
[2026-09-21T01:06:40.216+0000] {logging_mixin.py:188} INFO - 2026-09-21 01:06:40,216 | INFO     | uploader.youtube_uploader | Custom thumbnail uploaded.
[2026-09-21T01:06:40.231+0000] {python.py:237} INFO - Done. Returned value was: M-_zDai4Ha0
[2026-09-21T01:06:40.231+0000] {taskinstance.py:441} INFO - ::group::Post task execution logs
[2026-09-21T01:06:40.261+0000] {taskinstance.py:1206} INFO - Marking task as SUCCESS. dag_id=youtube_english_video_pipeline, task_id=upload_long_video_2, run_id=manual__2026-09-21T01:00:56.686308+00:00, execution_date=20260921T010056, start_date=20260921T010629, end_date=20260921T010640
[2026-09-21T01:06:40.299+0000] {local_task_job_runner.py:243} INFO - Task exited with return code 0
[2026-09-21T01:06:40.475+0000] {taskinstance.py:3503} INFO - 1 downstream tasks scheduled from follow-on schedule check
[2026-09-21T01:06:40.478+0000] {local_task_job_runner.py:222} INFO - ::endgroup::
