[2026-08-11T13:47:26.049+0000] {local_task_job_runner.py:120} INFO - ::group::Pre task execution logs
[2026-08-11T13:47:26.104+0000] {taskinstance.py:2076} INFO - Dependencies all met for dep_context=non-requeueable deps ti=<TaskInstance: youtube_english_video_pipeline.upload_long_video_3 scheduled__2026-08-10T12:00:00+00:00 [queued]>
[2026-08-11T13:47:26.119+0000] {taskinstance.py:2076} INFO - Dependencies all met for dep_context=requeueable deps ti=<TaskInstance: youtube_english_video_pipeline.upload_long_video_3 scheduled__2026-08-10T12:00:00+00:00 [queued]>
[2026-08-11T13:47:26.123+0000] {taskinstance.py:2306} INFO - Starting attempt 1 of 3
[2026-08-11T13:47:26.141+0000] {taskinstance.py:2330} INFO - Executing <Task(PythonOperator): upload_long_video_3> on 2026-08-10 12:00:00+00:00
[2026-08-11T13:47:26.146+0000] {standard_task_runner.py:64} INFO - Started process 25008 to run task
[2026-08-11T13:47:26.149+0000] {standard_task_runner.py:90} INFO - Running: ['airflow', 'tasks', 'run', 'youtube_english_video_pipeline', 'upload_long_video_3', 'scheduled__2026-08-10T12:00:00+00:00', '--job-id', '698', '--raw', '--subdir', 'DAGS_FOLDER/youtube_pipeline.py', '--cfg-path', '/tmp/tmp4k1w66v8']
[2026-08-11T13:47:26.152+0000] {standard_task_runner.py:91} INFO - Job 698: Subtask upload_long_video_3
[2026-08-11T13:47:26.262+0000] {task_command.py:426} INFO - Running <TaskInstance: youtube_english_video_pipeline.upload_long_video_3 scheduled__2026-08-10T12:00:00+00:00 [running]> on host cc859d74cf38
[2026-08-11T13:47:26.540+0000] {taskinstance.py:2648} INFO - Exporting env vars: AIRFLOW_CTX_DAG_OWNER='taky' AIRFLOW_CTX_DAG_ID='youtube_english_video_pipeline' AIRFLOW_CTX_TASK_ID='upload_long_video_3' AIRFLOW_CTX_EXECUTION_DATE='2026-08-10T12:00:00+00:00' AIRFLOW_CTX_TRY_NUMBER='1' AIRFLOW_CTX_DAG_RUN_ID='scheduled__2026-08-10T12:00:00+00:00'
[2026-08-11T13:47:26.542+0000] {taskinstance.py:430} INFO - ::endgroup::
[2026-08-11T13:47:27.264+0000] {__init__.py:49} INFO - file_cache is only supported with oauth2client<4.0.0
[2026-08-11T13:47:27.292+0000] {logging_mixin.py:188} INFO - 2026-08-11 13:47:27,292 | INFO     | uploader.youtube_uploader | Uploading video '20 Essential English Phrases for Daily Conversations | Taky's Language School' (/opt/airflow/output/videos/long_1662.mp4) to YouTube...
[2026-08-11T13:47:39.503+0000] {logging_mixin.py:188} INFO - 2026-08-11 13:47:39,502 | INFO     | uploader.youtube_uploader | Upload complete. YouTube video id = H3BqWO2lZc0
[2026-08-11T13:47:46.532+0000] {logging_mixin.py:188} INFO - 2026-08-11 13:47:46,532 | INFO     | uploader.youtube_uploader | Custom thumbnail uploaded.
[2026-08-11T13:47:46.557+0000] {python.py:237} INFO - Done. Returned value was: H3BqWO2lZc0
[2026-08-11T13:47:46.561+0000] {taskinstance.py:441} INFO - ::group::Post task execution logs
[2026-08-11T13:47:46.594+0000] {taskinstance.py:1206} INFO - Marking task as SUCCESS. dag_id=youtube_english_video_pipeline, task_id=upload_long_video_3, run_id=scheduled__2026-08-10T12:00:00+00:00, execution_date=20260810T120000, start_date=20260811T134726, end_date=20260811T134746
[2026-08-11T13:47:46.633+0000] {local_task_job_runner.py:243} INFO - Task exited with return code 0
[2026-08-11T13:47:46.837+0000] {taskinstance.py:3503} INFO - 0 downstream tasks scheduled from follow-on schedule check
[2026-08-11T13:47:46.844+0000] {local_task_job_runner.py:222} INFO - ::endgroup::
