[2026-07-26T06:24:18.162+0000] {local_task_job_runner.py:120} INFO - ::group::Pre task execution logs
[2026-07-26T06:24:18.193+0000] {taskinstance.py:2076} INFO - Dependencies all met for dep_context=non-requeueable deps ti=<TaskInstance: youtube_english_video_pipeline.upload_short_video_3 manual__2026-07-26T06:16:19.799239+00:00 [queued]>
[2026-07-26T06:24:18.201+0000] {taskinstance.py:2076} INFO - Dependencies all met for dep_context=requeueable deps ti=<TaskInstance: youtube_english_video_pipeline.upload_short_video_3 manual__2026-07-26T06:16:19.799239+00:00 [queued]>
[2026-07-26T06:24:18.203+0000] {taskinstance.py:2306} INFO - Starting attempt 1 of 3
[2026-07-26T06:24:18.218+0000] {taskinstance.py:2330} INFO - Executing <Task(PythonOperator): upload_short_video_3> on 2026-07-26 06:16:19.799239+00:00
[2026-07-26T06:24:18.223+0000] {standard_task_runner.py:64} INFO - Started process 23418 to run task
[2026-07-26T06:24:18.226+0000] {standard_task_runner.py:90} INFO - Running: ['airflow', 'tasks', 'run', 'youtube_english_video_pipeline', 'upload_short_video_3', 'manual__2026-07-26T06:16:19.799239+00:00', '--job-id', '354', '--raw', '--subdir', 'DAGS_FOLDER/youtube_pipeline.py', '--cfg-path', '/tmp/tmpxow9s2u9']
[2026-07-26T06:24:18.228+0000] {standard_task_runner.py:91} INFO - Job 354: Subtask upload_short_video_3
[2026-07-26T06:24:18.284+0000] {task_command.py:426} INFO - Running <TaskInstance: youtube_english_video_pipeline.upload_short_video_3 manual__2026-07-26T06:16:19.799239+00:00 [running]> on host cc859d74cf38
[2026-07-26T06:24:18.467+0000] {taskinstance.py:2648} INFO - Exporting env vars: AIRFLOW_CTX_DAG_OWNER='taky' AIRFLOW_CTX_DAG_ID='youtube_english_video_pipeline' AIRFLOW_CTX_TASK_ID='upload_short_video_3' AIRFLOW_CTX_EXECUTION_DATE='2026-07-26T06:16:19.799239+00:00' AIRFLOW_CTX_TRY_NUMBER='1' AIRFLOW_CTX_DAG_RUN_ID='manual__2026-07-26T06:16:19.799239+00:00'
[2026-07-26T06:24:18.474+0000] {taskinstance.py:430} INFO - ::endgroup::
[2026-07-26T06:24:18.824+0000] {__init__.py:49} INFO - file_cache is only supported with oauth2client<4.0.0
[2026-07-26T06:24:18.831+0000] {logging_mixin.py:188} INFO - 2026-07-26 06:24:18,831 | INFO     | uploader.youtube_uploader | Uploading video 'Daily English Phrase | Shopping English' (/opt/airflow/output/videos/short_567.mp4) to YouTube...
[2026-07-26T06:24:23.086+0000] {logging_mixin.py:188} INFO - 2026-07-26 06:24:23,086 | INFO     | uploader.youtube_uploader | Upload complete. YouTube video id = bKzJZjWvIwg
[2026-07-26T06:24:23.107+0000] {python.py:237} INFO - Done. Returned value was: bKzJZjWvIwg
[2026-07-26T06:24:23.112+0000] {taskinstance.py:441} INFO - ::group::Post task execution logs
[2026-07-26T06:24:23.145+0000] {taskinstance.py:1206} INFO - Marking task as SUCCESS. dag_id=youtube_english_video_pipeline, task_id=upload_short_video_3, run_id=manual__2026-07-26T06:16:19.799239+00:00, execution_date=20260726T061619, start_date=20260726T062418, end_date=20260726T062423
[2026-07-26T06:24:23.194+0000] {local_task_job_runner.py:243} INFO - Task exited with return code 0
[2026-07-26T06:24:23.385+0000] {taskinstance.py:3503} INFO - 1 downstream tasks scheduled from follow-on schedule check
[2026-07-26T06:24:23.389+0000] {local_task_job_runner.py:222} INFO - ::endgroup::
