[2026-08-11T14:06:04.446+0000] {local_task_job_runner.py:120} INFO - ::group::Pre task execution logs
[2026-08-11T14:06:04.501+0000] {taskinstance.py:2076} INFO - Dependencies all met for dep_context=non-requeueable deps ti=<TaskInstance: youtube_english_video_pipeline.upload_long_video_8 scheduled__2026-08-10T12:00:00+00:00 [queued]>
[2026-08-11T14:06:04.514+0000] {taskinstance.py:2076} INFO - Dependencies all met for dep_context=requeueable deps ti=<TaskInstance: youtube_english_video_pipeline.upload_long_video_8 scheduled__2026-08-10T12:00:00+00:00 [queued]>
[2026-08-11T14:06:04.519+0000] {taskinstance.py:2306} INFO - Starting attempt 1 of 3
[2026-08-11T14:06:04.537+0000] {taskinstance.py:2330} INFO - Executing <Task(PythonOperator): upload_long_video_8> on 2026-08-10 12:00:00+00:00
[2026-08-11T14:06:04.544+0000] {standard_task_runner.py:64} INFO - Started process 40628 to run task
[2026-08-11T14:06:04.547+0000] {standard_task_runner.py:90} INFO - Running: ['airflow', 'tasks', 'run', 'youtube_english_video_pipeline', 'upload_long_video_8', 'scheduled__2026-08-10T12:00:00+00:00', '--job-id', '723', '--raw', '--subdir', 'DAGS_FOLDER/youtube_pipeline.py', '--cfg-path', '/tmp/tmp9g3xox9o']
[2026-08-11T14:06:04.551+0000] {standard_task_runner.py:91} INFO - Job 723: Subtask upload_long_video_8
[2026-08-11T14:06:04.619+0000] {task_command.py:426} INFO - Running <TaskInstance: youtube_english_video_pipeline.upload_long_video_8 scheduled__2026-08-10T12:00:00+00:00 [running]> on host cc859d74cf38
[2026-08-11T14:06:04.801+0000] {taskinstance.py:2648} INFO - Exporting env vars: AIRFLOW_CTX_DAG_OWNER='taky' AIRFLOW_CTX_DAG_ID='youtube_english_video_pipeline' AIRFLOW_CTX_TASK_ID='upload_long_video_8' AIRFLOW_CTX_EXECUTION_DATE='2026-08-10T12:00:00+00:00' AIRFLOW_CTX_TRY_NUMBER='1' AIRFLOW_CTX_DAG_RUN_ID='scheduled__2026-08-10T12:00:00+00:00'
[2026-08-11T14:06:04.802+0000] {taskinstance.py:430} INFO - ::endgroup::
[2026-08-11T14:06:05.111+0000] {__init__.py:49} INFO - file_cache is only supported with oauth2client<4.0.0
[2026-08-11T14:06:05.117+0000] {logging_mixin.py:188} INFO - 2026-08-11 14:06:05,117 | INFO     | uploader.youtube_uploader | Uploading video '20 Daily English Expressions | Daily Conversation' (/opt/airflow/output/videos/long_1724.mp4) to YouTube...
[2026-08-11T14:06:11.606+0000] {logging_mixin.py:188} INFO - 2026-08-11 14:06:11,606 | INFO     | uploader.youtube_uploader | Upload complete. YouTube video id = UcuCfd8J7ZA
[2026-08-11T14:06:20.204+0000] {logging_mixin.py:188} INFO - 2026-08-11 14:06:20,204 | INFO     | uploader.youtube_uploader | Custom thumbnail uploaded.
[2026-08-11T14:06:20.219+0000] {python.py:237} INFO - Done. Returned value was: UcuCfd8J7ZA
[2026-08-11T14:06:20.222+0000] {taskinstance.py:441} INFO - ::group::Post task execution logs
[2026-08-11T14:06:20.248+0000] {taskinstance.py:1206} INFO - Marking task as SUCCESS. dag_id=youtube_english_video_pipeline, task_id=upload_long_video_8, run_id=scheduled__2026-08-10T12:00:00+00:00, execution_date=20260810T120000, start_date=20260811T140604, end_date=20260811T140620
[2026-08-11T14:06:20.316+0000] {local_task_job_runner.py:243} INFO - Task exited with return code 0
[2026-08-11T14:06:20.459+0000] {taskinstance.py:3503} INFO - 1 downstream tasks scheduled from follow-on schedule check
[2026-08-11T14:06:20.465+0000] {local_task_job_runner.py:222} INFO - ::endgroup::
