[2026-09-22T00:34:59.371+0000] {local_task_job_runner.py:120} INFO - ::group::Pre task execution logs
[2026-09-22T00:34:59.435+0000] {taskinstance.py:2076} INFO - Dependencies all met for dep_context=non-requeueable deps ti=<TaskInstance: youtube_english_video_pipeline.build_short_video_7 scheduled__2026-09-20T12:00:00+00:00 [queued]>
[2026-09-22T00:34:59.453+0000] {taskinstance.py:2076} INFO - Dependencies all met for dep_context=requeueable deps ti=<TaskInstance: youtube_english_video_pipeline.build_short_video_7 scheduled__2026-09-20T12:00:00+00:00 [queued]>
[2026-09-22T00:34:59.455+0000] {taskinstance.py:2306} INFO - Starting attempt 1 of 3
[2026-09-22T00:34:59.479+0000] {taskinstance.py:2330} INFO - Executing <Task(PythonOperator): build_short_video_7> on 2026-09-20 12:00:00+00:00
[2026-09-22T00:34:59.489+0000] {standard_task_runner.py:64} INFO - Started process 21259 to run task
[2026-09-22T00:34:59.496+0000] {standard_task_runner.py:90} INFO - Running: ['airflow', 'tasks', 'run', 'youtube_english_video_pipeline', 'build_short_video_7', 'scheduled__2026-09-20T12:00:00+00:00', '--job-id', '1489', '--raw', '--subdir', 'DAGS_FOLDER/youtube_pipeline.py', '--cfg-path', '/tmp/tmpr3irf0li']
[2026-09-22T00:34:59.500+0000] {standard_task_runner.py:91} INFO - Job 1489: Subtask build_short_video_7
[2026-09-22T00:34:59.585+0000] {task_command.py:426} INFO - Running <TaskInstance: youtube_english_video_pipeline.build_short_video_7 scheduled__2026-09-20T12:00:00+00:00 [running]> on host 73b18333cdfe
[2026-09-22T00:34:59.927+0000] {taskinstance.py:2648} INFO - Exporting env vars: AIRFLOW_CTX_DAG_OWNER='taky' AIRFLOW_CTX_DAG_ID='youtube_english_video_pipeline' AIRFLOW_CTX_TASK_ID='build_short_video_7' AIRFLOW_CTX_EXECUTION_DATE='2026-09-20T12:00:00+00:00' AIRFLOW_CTX_TRY_NUMBER='1' AIRFLOW_CTX_DAG_RUN_ID='scheduled__2026-09-20T12:00:00+00:00'
[2026-09-22T00:34:59.928+0000] {taskinstance.py:430} INFO - ::endgroup::
[2026-09-22T00:35:01.390+0000] {logging_mixin.py:188} INFO - 2026-09-22 00:35:01,389 | INFO     | planner.video_planner | Planned SHORT video: topic='General English', phrases=1
[2026-09-22T00:35:01.680+0000] {logging_mixin.py:188} INFO - 2026-09-22 00:35:01,680 | INFO     | tts.edge_tts | Synthesized audio -> /opt/airflow/output/audio/phrase_3537.mp3
[2026-09-22T00:35:01.934+0000] {logging_mixin.py:188} INFO - 2026-09-22 00:35:01,934 | INFO     | tts.edge_tts | Synthesized audio -> /opt/airflow/output/audio/example_3537.mp3
[2026-09-22T00:35:02.652+0000] {logging_mixin.py:188} INFO - 2026-09-22 00:35:02,651 | INFO     | media.image_downloader | Downloaded background image for scene='conversation' -> /opt/airflow/output/images/short_3537.jpg
[2026-09-22T00:35:06.253+0000] {logging_mixin.py:188} INFO - 2026-09-22 00:35:06,252 | WARNING  | video.video_builder | BGM file not found at /opt/airflow/assets/bgm/short_bgm.mp3, rendering without background music
[2026-09-22T00:35:08.307+0000] {logging_mixin.py:188} INFO - 2026-09-22 00:35:08,307 | INFO     | video.video_builder | Final video rendered -> /opt/airflow/output/videos/short_3537.mp4
[2026-09-22T00:35:10.120+0000] {python.py:237} INFO - Done. Returned value was: {'video_id': 456, 'file_path': '/opt/airflow/output/videos/short_3537.mp4', 'title': 'General English: How to Ask Someone to Repeat Themselves Naturally', 'description': 'General English is all about knowing how to handle misunderstandings without sounding like a textbook. In this lesson, we teach you exactly how to ask someone to repeat information—like an address or a phone number—using natural, native-level phrasing. Stop relying on awkward, robotic questions and start speaking English that sounds like a local. Perfect for Japanese speakers looking to master practical, everyday conversation skills.', 'tags': ['General English', 'English for Japanese speakers', 'Speak English naturally', 'Practical English', 'English listening skills', "Taky's Language School", 'English conversation practice'], 'video_type': 'short'}
[2026-09-22T00:35:10.123+0000] {taskinstance.py:441} INFO - ::group::Post task execution logs
[2026-09-22T00:35:10.151+0000] {taskinstance.py:1206} INFO - Marking task as SUCCESS. dag_id=youtube_english_video_pipeline, task_id=build_short_video_7, run_id=scheduled__2026-09-20T12:00:00+00:00, execution_date=20260920T120000, start_date=20260922T003459, end_date=20260922T003510
[2026-09-22T00:35:10.212+0000] {local_task_job_runner.py:243} INFO - Task exited with return code 0
[2026-09-22T00:35:10.446+0000] {taskinstance.py:3503} INFO - 0 downstream tasks scheduled from follow-on schedule check
[2026-09-22T00:35:10.452+0000] {local_task_job_runner.py:222} INFO - ::endgroup::
