[2026-07-27T11:20:12.775+0000] {local_task_job_runner.py:120} INFO - ::group::Pre task execution logs
[2026-07-27T11:20:12.814+0000] {taskinstance.py:2076} INFO - Dependencies all met for dep_context=non-requeueable deps ti=<TaskInstance: youtube_english_video_pipeline.upload_short_video_9 manual__2026-07-27T10:57:47.140907+00:00 [queued]>
[2026-07-27T11:20:12.823+0000] {taskinstance.py:2076} INFO - Dependencies all met for dep_context=requeueable deps ti=<TaskInstance: youtube_english_video_pipeline.upload_short_video_9 manual__2026-07-27T10:57:47.140907+00:00 [queued]>
[2026-07-27T11:20:12.824+0000] {taskinstance.py:2306} INFO - Starting attempt 1 of 3
[2026-07-27T11:20:12.835+0000] {taskinstance.py:2330} INFO - Executing <Task(PythonOperator): upload_short_video_9> on 2026-07-27 10:57:47.140907+00:00
[2026-07-27T11:20:12.839+0000] {standard_task_runner.py:64} INFO - Started process 85500 to run task
[2026-07-27T11:20:12.842+0000] {standard_task_runner.py:90} INFO - Running: ['airflow', 'tasks', 'run', 'youtube_english_video_pipeline', 'upload_short_video_9', 'manual__2026-07-27T10:57:47.140907+00:00', '--job-id', '456', '--raw', '--subdir', 'DAGS_FOLDER/youtube_pipeline.py', '--cfg-path', '/tmp/tmpwknrqai_']
[2026-07-27T11:20:12.846+0000] {standard_task_runner.py:91} INFO - Job 456: Subtask upload_short_video_9
[2026-07-27T11:20:12.931+0000] {task_command.py:426} INFO - Running <TaskInstance: youtube_english_video_pipeline.upload_short_video_9 manual__2026-07-27T10:57:47.140907+00:00 [running]> on host cc859d74cf38
[2026-07-27T11:20:13.133+0000] {taskinstance.py:2648} INFO - Exporting env vars: AIRFLOW_CTX_DAG_OWNER='taky' AIRFLOW_CTX_DAG_ID='youtube_english_video_pipeline' AIRFLOW_CTX_TASK_ID='upload_short_video_9' AIRFLOW_CTX_EXECUTION_DATE='2026-07-27T10:57:47.140907+00:00' AIRFLOW_CTX_TRY_NUMBER='1' AIRFLOW_CTX_DAG_RUN_ID='manual__2026-07-27T10:57:47.140907+00:00'
[2026-07-27T11:20:13.134+0000] {taskinstance.py:430} INFO - ::endgroup::
[2026-07-27T11:20:13.579+0000] {__init__.py:49} INFO - file_cache is only supported with oauth2client<4.0.0
[2026-07-27T11:20:13.588+0000] {logging_mixin.py:188} INFO - 2026-07-27 11:20:13,588 | INFO     | uploader.youtube_uploader | Uploading video 'Daily English Phrase | Hotel English' (/opt/airflow/output/videos/short_837.mp4) to YouTube...
[2026-07-27T11:20:15.907+0000] {logging_mixin.py:188} INFO - 2026-07-27 11:20:15,907 | INFO     | uploader.youtube_uploader | Upload complete. YouTube video id = t2vkPdkR5IU
[2026-07-27T11:20:15.923+0000] {python.py:237} INFO - Done. Returned value was: t2vkPdkR5IU
[2026-07-27T11:20:15.924+0000] {taskinstance.py:441} INFO - ::group::Post task execution logs
[2026-07-27T11:20:15.954+0000] {taskinstance.py:1206} INFO - Marking task as SUCCESS. dag_id=youtube_english_video_pipeline, task_id=upload_short_video_9, run_id=manual__2026-07-27T10:57:47.140907+00:00, execution_date=20260727T105747, start_date=20260727T112012, end_date=20260727T112015
[2026-07-27T11:20:15.994+0000] {local_task_job_runner.py:243} INFO - Task exited with return code 0
[2026-07-27T11:20:16.025+0000] {taskinstance.py:3503} INFO - 1 downstream tasks scheduled from follow-on schedule check
[2026-07-27T11:20:16.031+0000] {local_task_job_runner.py:222} INFO - ::endgroup::
