[2026-08-17T12:51:33.172+0000] {local_task_job_runner.py:120} INFO - ::group::Pre task execution logs
[2026-08-17T12:51:33.235+0000] {taskinstance.py:2076} INFO - Dependencies all met for dep_context=non-requeueable deps ti=<TaskInstance: youtube_english_video_pipeline.upload_long_video_3 scheduled__2026-08-11T12:00:00+00:00 [queued]>
[2026-08-17T12:51:33.254+0000] {taskinstance.py:2076} INFO - Dependencies all met for dep_context=requeueable deps ti=<TaskInstance: youtube_english_video_pipeline.upload_long_video_3 scheduled__2026-08-11T12:00:00+00:00 [queued]>
[2026-08-17T12:51:33.258+0000] {taskinstance.py:2306} INFO - Starting attempt 1 of 3
[2026-08-17T12:51:33.282+0000] {taskinstance.py:2330} INFO - Executing <Task(PythonOperator): upload_long_video_3> on 2026-08-11 12:00:00+00:00
[2026-08-17T12:51:33.290+0000] {standard_task_runner.py:64} INFO - Started process 10904 to run task
[2026-08-17T12:51:33.295+0000] {standard_task_runner.py:90} INFO - Running: ['airflow', 'tasks', 'run', 'youtube_english_video_pipeline', 'upload_long_video_3', 'scheduled__2026-08-11T12:00:00+00:00', '--job-id', '749', '--raw', '--subdir', 'DAGS_FOLDER/youtube_pipeline.py', '--cfg-path', '/tmp/tmpcvbrovx0']
[2026-08-17T12:51:33.300+0000] {standard_task_runner.py:91} INFO - Job 749: Subtask upload_long_video_3
[2026-08-17T12:51:33.439+0000] {task_command.py:426} INFO - Running <TaskInstance: youtube_english_video_pipeline.upload_long_video_3 scheduled__2026-08-11T12:00:00+00:00 [running]> on host cc859d74cf38
[2026-08-17T12:51:33.792+0000] {taskinstance.py:2648} INFO - Exporting env vars: AIRFLOW_CTX_DAG_OWNER='taky' AIRFLOW_CTX_DAG_ID='youtube_english_video_pipeline' AIRFLOW_CTX_TASK_ID='upload_long_video_3' AIRFLOW_CTX_EXECUTION_DATE='2026-08-11T12:00:00+00:00' AIRFLOW_CTX_TRY_NUMBER='1' AIRFLOW_CTX_DAG_RUN_ID='scheduled__2026-08-11T12:00:00+00:00'
[2026-08-17T12:51:33.793+0000] {taskinstance.py:430} INFO - ::endgroup::
[2026-08-17T12:51:34.602+0000] {__init__.py:49} INFO - file_cache is only supported with oauth2client<4.0.0
[2026-08-17T12:51:34.622+0000] {logging_mixin.py:188} INFO - 2026-08-17 12:51:34,622 | INFO     | uploader.youtube_uploader | Uploading video '20 Daily English Expressions | Mixed English Expressions' (/opt/airflow/output/videos/long_1897.mp4) to YouTube...
[2026-08-17T12:51:42.270+0000] {logging_mixin.py:188} INFO - 2026-08-17 12:51:42,270 | INFO     | uploader.youtube_uploader | Upload complete. YouTube video id = gqscOYDqdsI
[2026-08-17T12:51:47.595+0000] {logging_mixin.py:188} INFO - 2026-08-17 12:51:47,595 | INFO     | uploader.youtube_uploader | Custom thumbnail uploaded.
[2026-08-17T12:51:47.625+0000] {python.py:237} INFO - Done. Returned value was: gqscOYDqdsI
[2026-08-17T12:51:47.629+0000] {taskinstance.py:441} INFO - ::group::Post task execution logs
[2026-08-17T12:51:47.683+0000] {taskinstance.py:1206} INFO - Marking task as SUCCESS. dag_id=youtube_english_video_pipeline, task_id=upload_long_video_3, run_id=scheduled__2026-08-11T12:00:00+00:00, execution_date=20260811T120000, start_date=20260817T125133, end_date=20260817T125147
[2026-08-17T12:51:47.783+0000] {local_task_job_runner.py:243} INFO - Task exited with return code 0
[2026-08-17T12:51:48.070+0000] {taskinstance.py:3503} INFO - 1 downstream tasks scheduled from follow-on schedule check
[2026-08-17T12:51:48.078+0000] {local_task_job_runner.py:222} INFO - ::endgroup::
