[2026-07-28T12:53:14.533+0000] {local_task_job_runner.py:120} INFO - ::group::Pre task execution logs
[2026-07-28T12:53:14.589+0000] {taskinstance.py:2076} INFO - Dependencies all met for dep_context=non-requeueable deps ti=<TaskInstance: youtube_english_video_pipeline.upload_long_video_6 scheduled__2026-07-27T12:00:00+00:00 [queued]>
[2026-07-28T12:53:14.608+0000] {taskinstance.py:2076} INFO - Dependencies all met for dep_context=requeueable deps ti=<TaskInstance: youtube_english_video_pipeline.upload_long_video_6 scheduled__2026-07-27T12:00:00+00:00 [queued]>
[2026-07-28T12:53:14.613+0000] {taskinstance.py:2306} INFO - Starting attempt 1 of 3
[2026-07-28T12:53:14.640+0000] {taskinstance.py:2330} INFO - Executing <Task(PythonOperator): upload_long_video_6> on 2026-07-27 12:00:00+00:00
[2026-07-28T12:53:14.649+0000] {standard_task_runner.py:64} INFO - Started process 27421 to run task
[2026-07-28T12:53:14.655+0000] {standard_task_runner.py:90} INFO - Running: ['airflow', 'tasks', 'run', 'youtube_english_video_pipeline', 'upload_long_video_6', 'scheduled__2026-07-27T12:00:00+00:00', '--job-id', '516', '--raw', '--subdir', 'DAGS_FOLDER/youtube_pipeline.py', '--cfg-path', '/tmp/tmpmw5no3yd']
[2026-07-28T12:53:14.665+0000] {standard_task_runner.py:91} INFO - Job 516: Subtask upload_long_video_6
[2026-07-28T12:53:14.777+0000] {task_command.py:426} INFO - Running <TaskInstance: youtube_english_video_pipeline.upload_long_video_6 scheduled__2026-07-27T12:00:00+00:00 [running]> on host cc859d74cf38
[2026-07-28T12:53:15.031+0000] {taskinstance.py:2648} INFO - Exporting env vars: AIRFLOW_CTX_DAG_OWNER='taky' AIRFLOW_CTX_DAG_ID='youtube_english_video_pipeline' AIRFLOW_CTX_TASK_ID='upload_long_video_6' AIRFLOW_CTX_EXECUTION_DATE='2026-07-27T12:00:00+00:00' AIRFLOW_CTX_TRY_NUMBER='1' AIRFLOW_CTX_DAG_RUN_ID='scheduled__2026-07-27T12:00:00+00:00'
[2026-07-28T12:53:15.037+0000] {taskinstance.py:430} INFO - ::endgroup::
[2026-07-28T12:53:16.233+0000] {__init__.py:49} INFO - file_cache is only supported with oauth2client<4.0.0
[2026-07-28T12:53:16.264+0000] {logging_mixin.py:188} INFO - 2026-07-28 12:53:16,264 | INFO     | uploader.youtube_uploader | Uploading video '18 Essential Travel English Phrases You Must Know | Taky's Language School' (/opt/airflow/output/videos/long_1142.mp4) to YouTube...
[2026-07-28T12:53:26.409+0000] {logging_mixin.py:188} INFO - 2026-07-28 12:53:26,409 | INFO     | uploader.youtube_uploader | Upload complete. YouTube video id = ZUBzj7Lhfsw
[2026-07-28T12:53:29.863+0000] {logging_mixin.py:188} INFO - 2026-07-28 12:53:29,863 | INFO     | uploader.youtube_uploader | Custom thumbnail uploaded.
[2026-07-28T12:53:29.882+0000] {python.py:237} INFO - Done. Returned value was: ZUBzj7Lhfsw
[2026-07-28T12:53:29.884+0000] {taskinstance.py:441} INFO - ::group::Post task execution logs
[2026-07-28T12:53:29.915+0000] {taskinstance.py:1206} INFO - Marking task as SUCCESS. dag_id=youtube_english_video_pipeline, task_id=upload_long_video_6, run_id=scheduled__2026-07-27T12:00:00+00:00, execution_date=20260727T120000, start_date=20260728T125314, end_date=20260728T125329
[2026-07-28T12:53:29.946+0000] {local_task_job_runner.py:243} INFO - Task exited with return code 0
[2026-07-28T12:53:30.119+0000] {taskinstance.py:3503} INFO - 1 downstream tasks scheduled from follow-on schedule check
[2026-07-28T12:53:30.125+0000] {local_task_job_runner.py:222} INFO - ::endgroup::
