[2026-07-27T11:15:17.407+0000] {local_task_job_runner.py:120} INFO - ::group::Pre task execution logs
[2026-07-27T11:15:17.447+0000] {taskinstance.py:2076} INFO - Dependencies all met for dep_context=non-requeueable deps ti=<TaskInstance: youtube_english_video_pipeline.build_short_video_7 manual__2026-07-27T10:57:47.140907+00:00 [queued]>
[2026-07-27T11:15:17.457+0000] {taskinstance.py:2076} INFO - Dependencies all met for dep_context=requeueable deps ti=<TaskInstance: youtube_english_video_pipeline.build_short_video_7 manual__2026-07-27T10:57:47.140907+00:00 [queued]>
[2026-07-27T11:15:17.458+0000] {taskinstance.py:2306} INFO - Starting attempt 1 of 3
[2026-07-27T11:15:17.469+0000] {taskinstance.py:2330} INFO - Executing <Task(PythonOperator): build_short_video_7> on 2026-07-27 10:57:47.140907+00:00
[2026-07-27T11:15:17.474+0000] {standard_task_runner.py:64} INFO - Started process 79639 to run task
[2026-07-27T11:15:17.476+0000] {standard_task_runner.py:90} INFO - Running: ['airflow', 'tasks', 'run', 'youtube_english_video_pipeline', 'build_short_video_7', 'manual__2026-07-27T10:57:47.140907+00:00', '--job-id', '445', '--raw', '--subdir', 'DAGS_FOLDER/youtube_pipeline.py', '--cfg-path', '/tmp/tmpi72_u499']
[2026-07-27T11:15:17.480+0000] {standard_task_runner.py:91} INFO - Job 445: Subtask build_short_video_7
[2026-07-27T11:15:17.567+0000] {task_command.py:426} INFO - Running <TaskInstance: youtube_english_video_pipeline.build_short_video_7 manual__2026-07-27T10:57:47.140907+00:00 [running]> on host cc859d74cf38
[2026-07-27T11:15:17.776+0000] {taskinstance.py:2648} INFO - Exporting env vars: AIRFLOW_CTX_DAG_OWNER='taky' AIRFLOW_CTX_DAG_ID='youtube_english_video_pipeline' AIRFLOW_CTX_TASK_ID='build_short_video_7' AIRFLOW_CTX_EXECUTION_DATE='2026-07-27T10:57:47.140907+00:00' AIRFLOW_CTX_TRY_NUMBER='1' AIRFLOW_CTX_DAG_RUN_ID='manual__2026-07-27T10:57:47.140907+00:00'
[2026-07-27T11:15:17.777+0000] {taskinstance.py:430} INFO - ::endgroup::
[2026-07-27T11:15:18.547+0000] {logging_mixin.py:188} INFO - 2026-07-27 11:15:18,547 | INFO     | planner.video_planner | Planned SHORT video: topic='Hotel English', phrases=1
[2026-07-27T11:15:19.532+0000] {logging_mixin.py:188} INFO - 2026-07-27 11:15:19,532 | INFO     | tts.edge_tts | Synthesized audio -> /opt/airflow/output/audio/phrase_818.mp3
[2026-07-27T11:15:21.250+0000] {logging_mixin.py:188} INFO - 2026-07-27 11:15:21,250 | INFO     | tts.edge_tts | Synthesized audio -> /opt/airflow/output/audio/example_818.mp3
[2026-07-27T11:15:21.641+0000] {logging_mixin.py:188} INFO - 2026-07-27 11:15:21,641 | INFO     | media.image_downloader | Downloaded background image for scene='hotel' -> /opt/airflow/output/images/short_818.jpg
[2026-07-27T11:15:25.207+0000] {logging_mixin.py:188} INFO - 2026-07-27 11:15:25,207 | WARNING  | video.video_builder | BGM file not found at /opt/airflow/assets/bgm/short_bgm.mp3, rendering without background music
[2026-07-27T11:15:26.954+0000] {logging_mixin.py:188} INFO - 2026-07-27 11:15:26,954 | INFO     | video.video_builder | Final video rendered -> /opt/airflow/output/videos/short_818.mp4
[2026-07-27T11:15:36.240+0000] {python.py:237} INFO - Done. Returned value was: {'video_id': 107, 'file_path': '/opt/airflow/output/videos/short_818.mp4', 'title': 'Useful Hotel English: "Put that on my room charge!" 🏨 #Shorts', 'description': 'Learn practical Hotel English with Taky\'s Language School! 🏨✨\n\nWant to charge your drinks, meals, or hotel services directly to your room? Here is the exact phrase you need to use:\n\n"I\'m staying in room 402. Could you put that on my room charge?"\n\nUsing this natural spoken English phrase will make you sound confident and fluent on your next trip!\n\nSubscribe to Taky\'s Language School for daily English tips, practical vocabulary, and travel phrases!\n\n#HotelEnglish #LearnEnglish #EnglishTips #SpokenEnglish #TravelEnglish #Shorts', 'tags': ['Hotel English', 'Learn English', 'Spoken English', "Taky's Language School", 'English Travel Phrases', 'Practical English', 'English Shorts', 'English Conversation', 'Hotel Phrases', 'ESL'], 'video_type': 'short'}
[2026-07-27T11:15:36.243+0000] {taskinstance.py:441} INFO - ::group::Post task execution logs
[2026-07-27T11:15:36.274+0000] {taskinstance.py:1206} INFO - Marking task as SUCCESS. dag_id=youtube_english_video_pipeline, task_id=build_short_video_7, run_id=manual__2026-07-27T10:57:47.140907+00:00, execution_date=20260727T105747, start_date=20260727T111517, end_date=20260727T111536
[2026-07-27T11:15:36.325+0000] {local_task_job_runner.py:243} INFO - Task exited with return code 0
[2026-07-27T11:15:36.487+0000] {taskinstance.py:3503} INFO - 1 downstream tasks scheduled from follow-on schedule check
[2026-07-27T11:15:36.490+0000] {local_task_job_runner.py:222} INFO - ::endgroup::
