[2026-07-25T05:09:26.340+0000] {local_task_job_runner.py:120} INFO - ::group::Pre task execution logs
[2026-07-25T05:09:26.380+0000] {taskinstance.py:2076} INFO - Dependencies all met for dep_context=non-requeueable deps ti=<TaskInstance: youtube_english_video_pipeline.upload_long_video manual__2026-07-25T05:07:14.003569+00:00 [queued]>
[2026-07-25T05:09:26.388+0000] {taskinstance.py:2076} INFO - Dependencies all met for dep_context=requeueable deps ti=<TaskInstance: youtube_english_video_pipeline.upload_long_video manual__2026-07-25T05:07:14.003569+00:00 [queued]>
[2026-07-25T05:09:26.389+0000] {taskinstance.py:2306} INFO - Starting attempt 1 of 3
[2026-07-25T05:09:26.402+0000] {taskinstance.py:2330} INFO - Executing <Task(PythonOperator): upload_long_video> on 2026-07-25 05:07:14.003569+00:00
[2026-07-25T05:09:26.408+0000] {standard_task_runner.py:64} INFO - Started process 3162 to run task
[2026-07-25T05:09:26.412+0000] {standard_task_runner.py:90} INFO - Running: ['airflow', 'tasks', 'run', 'youtube_english_video_pipeline', 'upload_long_video', 'manual__2026-07-25T05:07:14.003569+00:00', '--job-id', '227', '--raw', '--subdir', 'DAGS_FOLDER/youtube_pipeline.py', '--cfg-path', '/tmp/tmpeypslcsy']
[2026-07-25T05:09:26.414+0000] {standard_task_runner.py:91} INFO - Job 227: Subtask upload_long_video
[2026-07-25T05:09:26.493+0000] {task_command.py:426} INFO - Running <TaskInstance: youtube_english_video_pipeline.upload_long_video manual__2026-07-25T05:07:14.003569+00:00 [running]> on host ce8e21912c19
[2026-07-25T05:09:26.726+0000] {taskinstance.py:2648} INFO - Exporting env vars: AIRFLOW_CTX_DAG_OWNER='taky' AIRFLOW_CTX_DAG_ID='youtube_english_video_pipeline' AIRFLOW_CTX_TASK_ID='upload_long_video' AIRFLOW_CTX_EXECUTION_DATE='2026-07-25T05:07:14.003569+00:00' AIRFLOW_CTX_TRY_NUMBER='1' AIRFLOW_CTX_DAG_RUN_ID='manual__2026-07-25T05:07:14.003569+00:00'
[2026-07-25T05:09:26.728+0000] {taskinstance.py:430} INFO - ::endgroup::
[2026-07-25T05:09:27.175+0000] {__init__.py:49} INFO - file_cache is only supported with oauth2client<4.0.0
[2026-07-25T05:09:27.183+0000] {logging_mixin.py:188} INFO - 2026-07-25 05:09:27,183 | INFO     | uploader.youtube_uploader | Uploading video '15 Essential Business English Phrases for Work & Meetings | Taky's Language School' (/opt/airflow/output/videos/long_184.mp4) to YouTube...
[2026-07-25T05:09:30.700+0000] {logging_mixin.py:188} INFO - 2026-07-25 05:09:30,700 | INFO     | uploader.youtube_uploader | Upload complete. YouTube video id = Eb2YUx2y5EA
[2026-07-25T05:09:34.310+0000] {logging_mixin.py:188} INFO - 2026-07-25 05:09:34,310 | INFO     | uploader.youtube_uploader | Custom thumbnail uploaded.
[2026-07-25T05:09:34.334+0000] {python.py:237} INFO - Done. Returned value was: Eb2YUx2y5EA
[2026-07-25T05:09:34.336+0000] {taskinstance.py:441} INFO - ::group::Post task execution logs
[2026-07-25T05:09:34.367+0000] {taskinstance.py:1206} INFO - Marking task as SUCCESS. dag_id=youtube_english_video_pipeline, task_id=upload_long_video, run_id=manual__2026-07-25T05:07:14.003569+00:00, execution_date=20260725T050714, start_date=20260725T050926, end_date=20260725T050934
[2026-07-25T05:09:34.410+0000] {local_task_job_runner.py:243} INFO - Task exited with return code 0
[2026-07-25T05:09:34.432+0000] {taskinstance.py:3503} INFO - 0 downstream tasks scheduled from follow-on schedule check
[2026-07-25T05:09:34.439+0000] {local_task_job_runner.py:222} INFO - ::endgroup::
