[2026-09-22T00:41:30.296+0000] {local_task_job_runner.py:120} INFO - ::group::Pre task execution logs
[2026-09-22T00:41:30.333+0000] {taskinstance.py:2076} INFO - Dependencies all met for dep_context=non-requeueable deps ti=<TaskInstance: youtube_english_video_pipeline.build_short_video_9 scheduled__2026-09-20T12:00:00+00:00 [queued]>
[2026-09-22T00:41:30.344+0000] {taskinstance.py:2076} INFO - Dependencies all met for dep_context=requeueable deps ti=<TaskInstance: youtube_english_video_pipeline.build_short_video_9 scheduled__2026-09-20T12:00:00+00:00 [queued]>
[2026-09-22T00:41:30.345+0000] {taskinstance.py:2306} INFO - Starting attempt 1 of 3
[2026-09-22T00:41:30.359+0000] {taskinstance.py:2330} INFO - Executing <Task(PythonOperator): build_short_video_9> on 2026-09-20 12:00:00+00:00
[2026-09-22T00:41:30.364+0000] {standard_task_runner.py:64} INFO - Started process 27975 to run task
[2026-09-22T00:41:30.369+0000] {standard_task_runner.py:90} INFO - Running: ['airflow', 'tasks', 'run', 'youtube_english_video_pipeline', 'build_short_video_9', 'scheduled__2026-09-20T12:00:00+00:00', '--job-id', '1501', '--raw', '--subdir', 'DAGS_FOLDER/youtube_pipeline.py', '--cfg-path', '/tmp/tmpr9kswhd2']
[2026-09-22T00:41:30.372+0000] {standard_task_runner.py:91} INFO - Job 1501: Subtask build_short_video_9
[2026-09-22T00:41:30.429+0000] {task_command.py:426} INFO - Running <TaskInstance: youtube_english_video_pipeline.build_short_video_9 scheduled__2026-09-20T12:00:00+00:00 [running]> on host 73b18333cdfe
[2026-09-22T00:41:30.637+0000] {taskinstance.py:2648} INFO - Exporting env vars: AIRFLOW_CTX_DAG_OWNER='taky' AIRFLOW_CTX_DAG_ID='youtube_english_video_pipeline' AIRFLOW_CTX_TASK_ID='build_short_video_9' AIRFLOW_CTX_EXECUTION_DATE='2026-09-20T12:00:00+00:00' AIRFLOW_CTX_TRY_NUMBER='1' AIRFLOW_CTX_DAG_RUN_ID='scheduled__2026-09-20T12:00:00+00:00'
[2026-09-22T00:41:30.639+0000] {taskinstance.py:430} INFO - ::endgroup::
[2026-09-22T00:41:31.593+0000] {logging_mixin.py:188} INFO - 2026-09-22 00:41:31,593 | INFO     | planner.video_planner | Planned SHORT video: topic='General English', phrases=1
[2026-09-22T00:41:31.878+0000] {logging_mixin.py:188} INFO - 2026-09-22 00:41:31,878 | INFO     | tts.edge_tts | Synthesized audio -> /opt/airflow/output/audio/phrase_3558.mp3
[2026-09-22T00:41:32.160+0000] {logging_mixin.py:188} INFO - 2026-09-22 00:41:32,160 | INFO     | tts.edge_tts | Synthesized audio -> /opt/airflow/output/audio/example_3558.mp3
[2026-09-22T00:41:32.847+0000] {logging_mixin.py:188} INFO - 2026-09-22 00:41:32,847 | INFO     | media.image_downloader | Downloaded background image for scene='conversation' -> /opt/airflow/output/images/short_3558.jpg
[2026-09-22T00:41:36.042+0000] {logging_mixin.py:188} INFO - 2026-09-22 00:41:36,041 | WARNING  | video.video_builder | BGM file not found at /opt/airflow/assets/bgm/short_bgm.mp3, rendering without background music
[2026-09-22T00:41:37.970+0000] {logging_mixin.py:188} INFO - 2026-09-22 00:41:37,970 | INFO     | video.video_builder | Final video rendered -> /opt/airflow/output/videos/short_3558.mp4
[2026-09-22T00:41:39.840+0000] {python.py:237} INFO - Done. Returned value was: {'video_id': 460, 'file_path': '/opt/airflow/output/videos/short_3558.mp4', 'title': 'General English: How to Ask Someone to Speak Slower', 'description': "General English: Learn how to politely ask a native speaker to slow down when you are having trouble keeping up. If you feel nervous about asking someone to repeat themselves or speak more clearly, this phrase will help you communicate with confidence. Perfect for Japanese speakers looking for natural, practical English expressions to use in real-world conversations. Subscribe to Taky's Language School for more daily English tips.", 'tags': ['General English', 'English for Japanese speakers', 'Speak English clearly', 'English conversation tips', 'Learning English', "Taky's Language School", 'Practical English'], 'video_type': 'short'}
[2026-09-22T00:41:39.841+0000] {taskinstance.py:441} INFO - ::group::Post task execution logs
[2026-09-22T00:41:39.872+0000] {taskinstance.py:1206} INFO - Marking task as SUCCESS. dag_id=youtube_english_video_pipeline, task_id=build_short_video_9, run_id=scheduled__2026-09-20T12:00:00+00:00, execution_date=20260920T120000, start_date=20260922T004130, end_date=20260922T004139
[2026-09-22T00:41:39.945+0000] {local_task_job_runner.py:243} INFO - Task exited with return code 0
[2026-09-22T00:41:39.988+0000] {taskinstance.py:3503} INFO - 1 downstream tasks scheduled from follow-on schedule check
[2026-09-22T00:41:39.996+0000] {local_task_job_runner.py:222} INFO - ::endgroup::
