[2026-09-20T11:19:57.991+0000] {local_task_job_runner.py:120} INFO - ::group::Pre task execution logs
[2026-09-20T11:19:58.025+0000] {taskinstance.py:2076} INFO - Dependencies all met for dep_context=non-requeueable deps ti=<TaskInstance: youtube_english_video_pipeline.upload_long_video_6 manual__2026-09-20T11:03:20.949531+00:00 [queued]>
[2026-09-20T11:19:58.033+0000] {taskinstance.py:2076} INFO - Dependencies all met for dep_context=requeueable deps ti=<TaskInstance: youtube_english_video_pipeline.upload_long_video_6 manual__2026-09-20T11:03:20.949531+00:00 [queued]>
[2026-09-20T11:19:58.035+0000] {taskinstance.py:2306} INFO - Starting attempt 1 of 3
[2026-09-20T11:19:58.047+0000] {taskinstance.py:2330} INFO - Executing <Task(PythonOperator): upload_long_video_6> on 2026-09-20 11:03:20.949531+00:00
[2026-09-20T11:19:58.053+0000] {standard_task_runner.py:64} INFO - Started process 53086 to run task
[2026-09-20T11:19:58.057+0000] {standard_task_runner.py:90} INFO - Running: ['airflow', 'tasks', 'run', 'youtube_english_video_pipeline', 'upload_long_video_6', 'manual__2026-09-20T11:03:20.949531+00:00', '--job-id', '1341', '--raw', '--subdir', 'DAGS_FOLDER/youtube_pipeline.py', '--cfg-path', '/tmp/tmpxatjqduy']
[2026-09-20T11:19:58.060+0000] {standard_task_runner.py:91} INFO - Job 1341: Subtask upload_long_video_6
[2026-09-20T11:19:58.120+0000] {task_command.py:426} INFO - Running <TaskInstance: youtube_english_video_pipeline.upload_long_video_6 manual__2026-09-20T11:03:20.949531+00:00 [running]> on host 73b18333cdfe
[2026-09-20T11:19:58.373+0000] {taskinstance.py:2648} INFO - Exporting env vars: AIRFLOW_CTX_DAG_OWNER='taky' AIRFLOW_CTX_DAG_ID='youtube_english_video_pipeline' AIRFLOW_CTX_TASK_ID='upload_long_video_6' AIRFLOW_CTX_EXECUTION_DATE='2026-09-20T11:03:20.949531+00:00' AIRFLOW_CTX_TRY_NUMBER='1' AIRFLOW_CTX_DAG_RUN_ID='manual__2026-09-20T11:03:20.949531+00:00'
[2026-09-20T11:19:58.374+0000] {taskinstance.py:430} INFO - ::endgroup::
[2026-09-20T11:19:58.598+0000] {__init__.py:49} INFO - file_cache is only supported with oauth2client<4.0.0
[2026-09-20T11:19:58.606+0000] {logging_mixin.py:188} INFO - 2026-09-20 11:19:58,606 | INFO     | uploader.youtube_uploader | Uploading video 'Shopping in English: 15+ Essential Phrases for Stores & Malls | Taky's Language School' (/opt/airflow/output/videos/long_3184.mp4) to YouTube...
[2026-09-20T11:20:02.488+0000] {logging_mixin.py:188} INFO - 2026-09-20 11:20:02,488 | INFO     | uploader.youtube_uploader | Upload complete. YouTube video id = HBoOySqUpDU
[2026-09-20T11:20:09.245+0000] {logging_mixin.py:188} INFO - 2026-09-20 11:20:09,245 | INFO     | uploader.youtube_uploader | Custom thumbnail uploaded.
[2026-09-20T11:20:09.258+0000] {python.py:237} INFO - Done. Returned value was: HBoOySqUpDU
[2026-09-20T11:20:09.259+0000] {taskinstance.py:441} INFO - ::group::Post task execution logs
[2026-09-20T11:20:09.294+0000] {taskinstance.py:1206} INFO - Marking task as SUCCESS. dag_id=youtube_english_video_pipeline, task_id=upload_long_video_6, run_id=manual__2026-09-20T11:03:20.949531+00:00, execution_date=20260920T110320, start_date=20260920T111958, end_date=20260920T112009
[2026-09-20T11:20:09.348+0000] {local_task_job_runner.py:243} INFO - Task exited with return code 0
[2026-09-20T11:20:09.524+0000] {taskinstance.py:3503} INFO - 1 downstream tasks scheduled from follow-on schedule check
[2026-09-20T11:20:09.527+0000] {local_task_job_runner.py:222} INFO - ::endgroup::
