[2026-09-05T00:49:56.299+0000] {local_task_job_runner.py:120} INFO - ::group::Pre task execution logs
[2026-09-05T00:49:56.372+0000] {taskinstance.py:2076} INFO - Dependencies all met for dep_context=non-requeueable deps ti=<TaskInstance: youtube_english_video_pipeline.upload_long_video_5 scheduled__2026-08-26T12:00:00+00:00 [queued]>
[2026-09-05T00:49:56.395+0000] {taskinstance.py:2076} INFO - Dependencies all met for dep_context=requeueable deps ti=<TaskInstance: youtube_english_video_pipeline.upload_long_video_5 scheduled__2026-08-26T12:00:00+00:00 [queued]>
[2026-09-05T00:49:56.399+0000] {taskinstance.py:2306} INFO - Starting attempt 1 of 3
[2026-09-05T00:49:56.434+0000] {taskinstance.py:2330} INFO - Executing <Task(PythonOperator): upload_long_video_5> on 2026-08-26 12:00:00+00:00
[2026-09-05T00:49:56.445+0000] {standard_task_runner.py:64} INFO - Started process 15245 to run task
[2026-09-05T00:49:56.453+0000] {standard_task_runner.py:90} INFO - Running: ['airflow', 'tasks', 'run', 'youtube_english_video_pipeline', 'upload_long_video_5', 'scheduled__2026-08-26T12:00:00+00:00', '--job-id', '955', '--raw', '--subdir', 'DAGS_FOLDER/youtube_pipeline.py', '--cfg-path', '/tmp/tmpix08k_6s']
[2026-09-05T00:49:56.461+0000] {standard_task_runner.py:91} INFO - Job 955: Subtask upload_long_video_5
[2026-09-05T00:49:56.641+0000] {task_command.py:426} INFO - Running <TaskInstance: youtube_english_video_pipeline.upload_long_video_5 scheduled__2026-08-26T12:00:00+00:00 [running]> on host cc859d74cf38
[2026-09-05T00:49:56.971+0000] {taskinstance.py:2648} INFO - Exporting env vars: AIRFLOW_CTX_DAG_OWNER='taky' AIRFLOW_CTX_DAG_ID='youtube_english_video_pipeline' AIRFLOW_CTX_TASK_ID='upload_long_video_5' AIRFLOW_CTX_EXECUTION_DATE='2026-08-26T12:00:00+00:00' AIRFLOW_CTX_TRY_NUMBER='1' AIRFLOW_CTX_DAG_RUN_ID='scheduled__2026-08-26T12:00:00+00:00'
[2026-09-05T00:49:56.973+0000] {taskinstance.py:430} INFO - ::endgroup::
[2026-09-05T00:49:57.742+0000] {__init__.py:49} INFO - file_cache is only supported with oauth2client<4.0.0
[2026-09-05T00:49:57.757+0000] {logging_mixin.py:188} INFO - 2026-09-05 00:49:57,757 | INFO     | uploader.youtube_uploader | Uploading video '20 Daily English Expressions | Mixed English Expressions' (/opt/airflow/output/videos/long_2462.mp4) to YouTube...
[2026-09-05T00:50:07.487+0000] {logging_mixin.py:188} INFO - 2026-09-05 00:50:07,486 | INFO     | uploader.youtube_uploader | Upload complete. YouTube video id = Kqhj_oe32Ho
[2026-09-05T00:50:16.398+0000] {logging_mixin.py:188} INFO - 2026-09-05 00:50:16,398 | INFO     | uploader.youtube_uploader | Custom thumbnail uploaded.
[2026-09-05T00:50:16.417+0000] {python.py:237} INFO - Done. Returned value was: Kqhj_oe32Ho
[2026-09-05T00:50:16.420+0000] {taskinstance.py:441} INFO - ::group::Post task execution logs
[2026-09-05T00:50:16.452+0000] {taskinstance.py:1206} INFO - Marking task as SUCCESS. dag_id=youtube_english_video_pipeline, task_id=upload_long_video_5, run_id=scheduled__2026-08-26T12:00:00+00:00, execution_date=20260826T120000, start_date=20260905T004956, end_date=20260905T005016
[2026-09-05T00:50:16.540+0000] {local_task_job_runner.py:243} INFO - Task exited with return code 0
[2026-09-05T00:50:16.792+0000] {taskinstance.py:3503} INFO - 1 downstream tasks scheduled from follow-on schedule check
[2026-09-05T00:50:16.848+0000] {local_task_job_runner.py:222} INFO - ::endgroup::
