[2026-09-20T12:12:39.113+0000] {local_task_job_runner.py:120} INFO - ::group::Pre task execution logs
[2026-09-20T12:12:39.140+0000] {taskinstance.py:2076} INFO - Dependencies all met for dep_context=non-requeueable deps ti=<TaskInstance: youtube_english_video_pipeline.upload_long_video_5 scheduled__2026-09-19T12:00:00+00:00 [queued]>
[2026-09-20T12:12:39.145+0000] {taskinstance.py:2076} INFO - Dependencies all met for dep_context=requeueable deps ti=<TaskInstance: youtube_english_video_pipeline.upload_long_video_5 scheduled__2026-09-19T12:00:00+00:00 [queued]>
[2026-09-20T12:12:39.146+0000] {taskinstance.py:2306} INFO - Starting attempt 1 of 3
[2026-09-20T12:12:39.155+0000] {taskinstance.py:2330} INFO - Executing <Task(PythonOperator): upload_long_video_5> on 2026-09-19 12:00:00+00:00
[2026-09-20T12:12:39.159+0000] {standard_task_runner.py:64} INFO - Started process 82120 to run task
[2026-09-20T12:12:39.161+0000] {standard_task_runner.py:90} INFO - Running: ['airflow', 'tasks', 'run', 'youtube_english_video_pipeline', 'upload_long_video_5', 'scheduled__2026-09-19T12:00:00+00:00', '--job-id', '1386', '--raw', '--subdir', 'DAGS_FOLDER/youtube_pipeline.py', '--cfg-path', '/tmp/tmpgobmm6yt']
[2026-09-20T12:12:39.163+0000] {standard_task_runner.py:91} INFO - Job 1386: Subtask upload_long_video_5
[2026-09-20T12:12:39.200+0000] {task_command.py:426} INFO - Running <TaskInstance: youtube_english_video_pipeline.upload_long_video_5 scheduled__2026-09-19T12:00:00+00:00 [running]> on host 73b18333cdfe
[2026-09-20T12:12:39.358+0000] {taskinstance.py:2648} INFO - Exporting env vars: AIRFLOW_CTX_DAG_OWNER='taky' AIRFLOW_CTX_DAG_ID='youtube_english_video_pipeline' AIRFLOW_CTX_TASK_ID='upload_long_video_5' AIRFLOW_CTX_EXECUTION_DATE='2026-09-19T12:00:00+00:00' AIRFLOW_CTX_TRY_NUMBER='1' AIRFLOW_CTX_DAG_RUN_ID='scheduled__2026-09-19T12:00:00+00:00'
[2026-09-20T12:12:39.359+0000] {taskinstance.py:430} INFO - ::endgroup::
[2026-09-20T12:12:39.573+0000] {__init__.py:49} INFO - file_cache is only supported with oauth2client<4.0.0
[2026-09-20T12:12:39.579+0000] {logging_mixin.py:188} INFO - 2026-09-20 12:12:39,579 | INFO     | uploader.youtube_uploader | Uploading video 'Restaurant English: Essential Phrases for Dining Out | Taky's Language School' (/opt/airflow/output/videos/long_3426.mp4) to YouTube...
[2026-09-20T12:12:42.537+0000] {logging_mixin.py:188} INFO - 2026-09-20 12:12:42,537 | INFO     | uploader.youtube_uploader | Upload complete. YouTube video id = H0aIWY6G-ic
[2026-09-20T12:12:49.423+0000] {logging_mixin.py:188} INFO - 2026-09-20 12:12:49,423 | INFO     | uploader.youtube_uploader | Custom thumbnail uploaded.
[2026-09-20T12:12:49.432+0000] {python.py:237} INFO - Done. Returned value was: H0aIWY6G-ic
[2026-09-20T12:12:49.432+0000] {taskinstance.py:441} INFO - ::group::Post task execution logs
[2026-09-20T12:12:49.451+0000] {taskinstance.py:1206} INFO - Marking task as SUCCESS. dag_id=youtube_english_video_pipeline, task_id=upload_long_video_5, run_id=scheduled__2026-09-19T12:00:00+00:00, execution_date=20260919T120000, start_date=20260920T121239, end_date=20260920T121249
[2026-09-20T12:12:49.481+0000] {local_task_job_runner.py:243} INFO - Task exited with return code 0
[2026-09-20T12:12:49.613+0000] {taskinstance.py:3503} INFO - 1 downstream tasks scheduled from follow-on schedule check
[2026-09-20T12:12:49.616+0000] {local_task_job_runner.py:222} INFO - ::endgroup::
