[2026-08-03T12:00:04.475+0000] {local_task_job_runner.py:120} INFO - ::group::Pre task execution logs
[2026-08-03T12:00:04.508+0000] {taskinstance.py:2076} INFO - Dependencies all met for dep_context=non-requeueable deps ti=<TaskInstance: youtube_english_video_pipeline.build_short_video_1 scheduled__2026-08-02T12:00:00+00:00 [queued]>
[2026-08-03T12:00:04.514+0000] {taskinstance.py:2076} INFO - Dependencies all met for dep_context=requeueable deps ti=<TaskInstance: youtube_english_video_pipeline.build_short_video_1 scheduled__2026-08-02T12:00:00+00:00 [queued]>
[2026-08-03T12:00:04.515+0000] {taskinstance.py:2306} INFO - Starting attempt 1 of 3
[2026-08-03T12:00:04.525+0000] {taskinstance.py:2330} INFO - Executing <Task(PythonOperator): build_short_video_1> on 2026-08-02 12:00:00+00:00
[2026-08-03T12:00:04.531+0000] {standard_task_runner.py:64} INFO - Started process 77975 to run task
[2026-08-03T12:00:04.533+0000] {standard_task_runner.py:90} INFO - Running: ['airflow', 'tasks', 'run', 'youtube_english_video_pipeline', 'build_short_video_1', 'scheduled__2026-08-02T12:00:00+00:00', '--job-id', '605', '--raw', '--subdir', 'DAGS_FOLDER/youtube_pipeline.py', '--cfg-path', '/tmp/tmp8zq2jl02']
[2026-08-03T12:00:04.535+0000] {standard_task_runner.py:91} INFO - Job 605: Subtask build_short_video_1
[2026-08-03T12:00:04.601+0000] {task_command.py:426} INFO - Running <TaskInstance: youtube_english_video_pipeline.build_short_video_1 scheduled__2026-08-02T12:00:00+00:00 [running]> on host cc859d74cf38
[2026-08-03T12:00:04.792+0000] {taskinstance.py:2648} INFO - Exporting env vars: AIRFLOW_CTX_DAG_OWNER='taky' AIRFLOW_CTX_DAG_ID='youtube_english_video_pipeline' AIRFLOW_CTX_TASK_ID='build_short_video_1' AIRFLOW_CTX_EXECUTION_DATE='2026-08-02T12:00:00+00:00' AIRFLOW_CTX_TRY_NUMBER='1' AIRFLOW_CTX_DAG_RUN_ID='scheduled__2026-08-02T12:00:00+00:00'
[2026-08-03T12:00:04.792+0000] {taskinstance.py:430} INFO - ::endgroup::
[2026-08-03T12:00:05.521+0000] {logging_mixin.py:188} INFO - 2026-08-03 12:00:05,521 | INFO     | planner.video_planner | Planned SHORT video: topic='Small Talk', phrases=1
[2026-08-03T12:00:05.953+0000] {logging_mixin.py:188} INFO - 2026-08-03 12:00:05,953 | INFO     | tts.edge_tts | Synthesized audio -> /opt/airflow/output/audio/phrase_1405.mp3
[2026-08-03T12:00:06.333+0000] {logging_mixin.py:188} INFO - 2026-08-03 12:00:06,333 | INFO     | tts.edge_tts | Synthesized audio -> /opt/airflow/output/audio/example_1405.mp3
[2026-08-03T12:00:07.122+0000] {logging_mixin.py:188} INFO - 2026-08-03 12:00:07,122 | INFO     | media.image_downloader | Downloaded background image for scene='cafeteria' -> /opt/airflow/output/images/short_1405.jpg
[2026-08-03T12:00:11.621+0000] {logging_mixin.py:188} INFO - 2026-08-03 12:00:11,620 | WARNING  | video.video_builder | BGM file not found at /opt/airflow/assets/bgm/short_bgm.mp3, rendering without background music
[2026-08-03T12:00:13.738+0000] {logging_mixin.py:188} INFO - 2026-08-03 12:00:13,738 | INFO     | video.video_builder | Final video rendered -> /opt/airflow/output/videos/short_1405.mp4
[2026-08-03T12:00:20.707+0000] {python.py:237} INFO - Done. Returned value was: {'video_id': 166, 'file_path': '/opt/airflow/output/videos/short_1405.mp4', 'title': 'Natural English Small Talk: "Mind if I join you?" 💬 #Shorts', 'description': 'Want to sound more natural when making small talk in English? Learn how to use the phrase: "Mind if I join you?"\n\nExample:\n"I see an empty chair at your table; mind if I join you?"\n\nPractice saying this phrase out loud to boost your English speaking confidence!\n\nSubscribe to Taky\'s Language School for fast, practical spoken English lessons and everyday phrases!\n\n#LearnEnglish #EnglishSmallTalk #SpokenEnglish #Shorts #TakysLanguageSchool #EnglishPhrases', 'tags': ['Learn English', 'English Small Talk', 'Spoken English', 'Mind if I join you', 'English Phrases', 'Speak English Naturally', 'Takys Language School', 'Shorts', 'Daily English', 'English Conversation Practice'], 'video_type': 'short'}
[2026-08-03T12:00:20.709+0000] {taskinstance.py:441} INFO - ::group::Post task execution logs
[2026-08-03T12:00:20.737+0000] {taskinstance.py:1206} INFO - Marking task as SUCCESS. dag_id=youtube_english_video_pipeline, task_id=build_short_video_1, run_id=scheduled__2026-08-02T12:00:00+00:00, execution_date=20260802T120000, start_date=20260803T120004, end_date=20260803T120020
[2026-08-03T12:00:20.780+0000] {local_task_job_runner.py:243} INFO - Task exited with return code 0
[2026-08-03T12:00:21.177+0000] {taskinstance.py:3503} INFO - 1 downstream tasks scheduled from follow-on schedule check
[2026-08-03T12:00:21.181+0000] {local_task_job_runner.py:222} INFO - ::endgroup::
