[2026-09-10T12:42:15.769+0000] {local_task_job_runner.py:120} INFO - ::group::Pre task execution logs
[2026-09-10T12:42:15.801+0000] {taskinstance.py:2076} INFO - Dependencies all met for dep_context=non-requeueable deps ti=<TaskInstance: youtube_english_video_pipeline.upload_short_video_3 manual__2026-09-10T12:29:05.229650+00:00 [queued]>
[2026-09-10T12:42:15.810+0000] {taskinstance.py:2076} INFO - Dependencies all met for dep_context=requeueable deps ti=<TaskInstance: youtube_english_video_pipeline.upload_short_video_3 manual__2026-09-10T12:29:05.229650+00:00 [queued]>
[2026-09-10T12:42:15.814+0000] {taskinstance.py:2306} INFO - Starting attempt 1 of 3
[2026-09-10T12:42:15.824+0000] {taskinstance.py:2330} INFO - Executing <Task(PythonOperator): upload_short_video_3> on 2026-09-10 12:29:05.229650+00:00
[2026-09-10T12:42:15.831+0000] {standard_task_runner.py:64} INFO - Started process 11327 to run task
[2026-09-10T12:42:15.834+0000] {standard_task_runner.py:90} INFO - Running: ['airflow', 'tasks', 'run', 'youtube_english_video_pipeline', 'upload_short_video_3', 'manual__2026-09-10T12:29:05.229650+00:00', '--job-id', '1102', '--raw', '--subdir', 'DAGS_FOLDER/youtube_pipeline.py', '--cfg-path', '/tmp/tmpd0mrgwu6']
[2026-09-10T12:42:15.836+0000] {standard_task_runner.py:91} INFO - Job 1102: Subtask upload_short_video_3
[2026-09-10T12:42:15.895+0000] {task_command.py:426} INFO - Running <TaskInstance: youtube_english_video_pipeline.upload_short_video_3 manual__2026-09-10T12:29:05.229650+00:00 [running]> on host cc859d74cf38
[2026-09-10T12:42:16.064+0000] {taskinstance.py:2648} INFO - Exporting env vars: AIRFLOW_CTX_DAG_OWNER='taky' AIRFLOW_CTX_DAG_ID='youtube_english_video_pipeline' AIRFLOW_CTX_TASK_ID='upload_short_video_3' AIRFLOW_CTX_EXECUTION_DATE='2026-09-10T12:29:05.229650+00:00' AIRFLOW_CTX_TRY_NUMBER='1' AIRFLOW_CTX_DAG_RUN_ID='manual__2026-09-10T12:29:05.229650+00:00'
[2026-09-10T12:42:16.065+0000] {taskinstance.py:430} INFO - ::endgroup::
[2026-09-10T12:42:16.365+0000] {__init__.py:49} INFO - file_cache is only supported with oauth2client<4.0.0
[2026-09-10T12:42:16.372+0000] {logging_mixin.py:188} INFO - 2026-09-10 12:42:16,372 | INFO     | uploader.youtube_uploader | Uploading video 'Daily English Phrase | Daily Communication' (/opt/airflow/output/videos/short_2747.mp4) to YouTube...
[2026-09-10T12:42:19.375+0000] {logging_mixin.py:188} INFO - 2026-09-10 12:42:19,375 | INFO     | uploader.youtube_uploader | Upload complete. YouTube video id = zdeepP6V13c
[2026-09-10T12:42:19.386+0000] {python.py:237} INFO - Done. Returned value was: zdeepP6V13c
[2026-09-10T12:42:19.389+0000] {taskinstance.py:441} INFO - ::group::Post task execution logs
[2026-09-10T12:42:19.414+0000] {taskinstance.py:1206} INFO - Marking task as SUCCESS. dag_id=youtube_english_video_pipeline, task_id=upload_short_video_3, run_id=manual__2026-09-10T12:29:05.229650+00:00, execution_date=20260910T122905, start_date=20260910T124215, end_date=20260910T124219
[2026-09-10T12:42:19.467+0000] {local_task_job_runner.py:243} INFO - Task exited with return code 0
[2026-09-10T12:42:19.520+0000] {taskinstance.py:3503} INFO - 1 downstream tasks scheduled from follow-on schedule check
[2026-09-10T12:42:19.524+0000] {local_task_job_runner.py:222} INFO - ::endgroup::
