[2026-09-22T00:10:28.843+0000] {processor.py:161} INFO - Started process (PID=201) to work on /opt/airflow/dags/youtube_pipeline.py
[2026-09-22T00:10:28.845+0000] {processor.py:830} INFO - Processing file /opt/airflow/dags/youtube_pipeline.py for tasks to queue
[2026-09-22T00:10:28.847+0000] {logging_mixin.py:188} INFO - [2026-09-22T00:10:28.846+0000] {dagbag.py:545} INFO - Filling up the DagBag from /opt/airflow/dags/youtube_pipeline.py
[2026-09-22T00:10:28.944+0000] {processor.py:840} INFO - DAG(s) 'youtube_english_video_pipeline' retrieved from /opt/airflow/dags/youtube_pipeline.py
[2026-09-22T00:10:28.999+0000] {logging_mixin.py:188} INFO - [2026-09-22T00:10:28.998+0000] {dag.py:3089} INFO - Sync 1 DAGs
[2026-09-22T00:10:29.063+0000] {processor.py:183} INFO - Processing /opt/airflow/dags/youtube_pipeline.py took 0.229 seconds
[2026-09-22T00:10:59.640+0000] {processor.py:161} INFO - Started process (PID=837) to work on /opt/airflow/dags/youtube_pipeline.py
[2026-09-22T00:10:59.644+0000] {processor.py:830} INFO - Processing file /opt/airflow/dags/youtube_pipeline.py for tasks to queue
[2026-09-22T00:10:59.657+0000] {logging_mixin.py:188} INFO - [2026-09-22T00:10:59.655+0000] {dagbag.py:545} INFO - Filling up the DagBag from /opt/airflow/dags/youtube_pipeline.py
[2026-09-22T00:10:59.759+0000] {processor.py:840} INFO - DAG(s) 'youtube_english_video_pipeline' retrieved from /opt/airflow/dags/youtube_pipeline.py
[2026-09-22T00:11:00.427+0000] {logging_mixin.py:188} INFO - [2026-09-22T00:11:00.427+0000] {dag.py:3089} INFO - Sync 1 DAGs
[2026-09-22T00:11:00.452+0000] {logging_mixin.py:188} INFO - [2026-09-22T00:11:00.452+0000] {dag.py:3947} INFO - Setting next_dagrun for youtube_english_video_pipeline to 2026-09-20 12:00:00+00:00, run_after=2026-09-21 12:00:00+00:00
[2026-09-22T00:11:00.494+0000] {processor.py:183} INFO - Processing /opt/airflow/dags/youtube_pipeline.py took 0.920 seconds
[2026-09-22T00:11:31.273+0000] {processor.py:161} INFO - Started process (PID=1109) to work on /opt/airflow/dags/youtube_pipeline.py
[2026-09-22T00:11:31.277+0000] {processor.py:830} INFO - Processing file /opt/airflow/dags/youtube_pipeline.py for tasks to queue
[2026-09-22T00:11:31.282+0000] {logging_mixin.py:188} INFO - [2026-09-22T00:11:31.281+0000] {dagbag.py:545} INFO - Filling up the DagBag from /opt/airflow/dags/youtube_pipeline.py
[2026-09-22T00:11:31.396+0000] {processor.py:840} INFO - DAG(s) 'youtube_english_video_pipeline' retrieved from /opt/airflow/dags/youtube_pipeline.py
[2026-09-22T00:11:31.471+0000] {logging_mixin.py:188} INFO - [2026-09-22T00:11:31.471+0000] {dag.py:3089} INFO - Sync 1 DAGs
[2026-09-22T00:11:31.772+0000] {processor.py:183} INFO - Processing /opt/airflow/dags/youtube_pipeline.py took 0.512 seconds
[2026-09-22T00:12:02.225+0000] {processor.py:161} INFO - Started process (PID=2017) to work on /opt/airflow/dags/youtube_pipeline.py
[2026-09-22T00:12:02.227+0000] {processor.py:830} INFO - Processing file /opt/airflow/dags/youtube_pipeline.py for tasks to queue
[2026-09-22T00:12:02.232+0000] {logging_mixin.py:188} INFO - [2026-09-22T00:12:02.231+0000] {dagbag.py:545} INFO - Filling up the DagBag from /opt/airflow/dags/youtube_pipeline.py
[2026-09-22T00:12:02.300+0000] {processor.py:840} INFO - DAG(s) 'youtube_english_video_pipeline' retrieved from /opt/airflow/dags/youtube_pipeline.py
[2026-09-22T00:12:02.369+0000] {logging_mixin.py:188} INFO - [2026-09-22T00:12:02.368+0000] {dag.py:3089} INFO - Sync 1 DAGs
[2026-09-22T00:12:02.658+0000] {processor.py:183} INFO - Processing /opt/airflow/dags/youtube_pipeline.py took 0.445 seconds
[2026-09-22T00:12:33.185+0000] {processor.py:161} INFO - Started process (PID=2781) to work on /opt/airflow/dags/youtube_pipeline.py
[2026-09-22T00:12:33.188+0000] {processor.py:830} INFO - Processing file /opt/airflow/dags/youtube_pipeline.py for tasks to queue
[2026-09-22T00:12:33.194+0000] {logging_mixin.py:188} INFO - [2026-09-22T00:12:33.193+0000] {dagbag.py:545} INFO - Filling up the DagBag from /opt/airflow/dags/youtube_pipeline.py
[2026-09-22T00:12:33.360+0000] {processor.py:840} INFO - DAG(s) 'youtube_english_video_pipeline' retrieved from /opt/airflow/dags/youtube_pipeline.py
[2026-09-22T00:12:33.639+0000] {logging_mixin.py:188} INFO - [2026-09-22T00:12:33.639+0000] {dag.py:3089} INFO - Sync 1 DAGs
[2026-09-22T00:12:33.719+0000] {processor.py:183} INFO - Processing /opt/airflow/dags/youtube_pipeline.py took 0.544 seconds
[2026-09-22T00:13:04.093+0000] {processor.py:161} INFO - Started process (PID=3688) to work on /opt/airflow/dags/youtube_pipeline.py
[2026-09-22T00:13:04.099+0000] {processor.py:830} INFO - Processing file /opt/airflow/dags/youtube_pipeline.py for tasks to queue
[2026-09-22T00:13:04.106+0000] {logging_mixin.py:188} INFO - [2026-09-22T00:13:04.105+0000] {dagbag.py:545} INFO - Filling up the DagBag from /opt/airflow/dags/youtube_pipeline.py
[2026-09-22T00:13:04.468+0000] {processor.py:840} INFO - DAG(s) 'youtube_english_video_pipeline' retrieved from /opt/airflow/dags/youtube_pipeline.py
[2026-09-22T00:13:04.524+0000] {logging_mixin.py:188} INFO - [2026-09-22T00:13:04.524+0000] {dag.py:3089} INFO - Sync 1 DAGs
[2026-09-22T00:13:04.580+0000] {processor.py:183} INFO - Processing /opt/airflow/dags/youtube_pipeline.py took 0.497 seconds
[2026-09-22T00:13:35.412+0000] {processor.py:161} INFO - Started process (PID=4225) to work on /opt/airflow/dags/youtube_pipeline.py
[2026-09-22T00:13:35.415+0000] {processor.py:830} INFO - Processing file /opt/airflow/dags/youtube_pipeline.py for tasks to queue
[2026-09-22T00:13:35.420+0000] {logging_mixin.py:188} INFO - [2026-09-22T00:13:35.419+0000] {dagbag.py:545} INFO - Filling up the DagBag from /opt/airflow/dags/youtube_pipeline.py
[2026-09-22T00:13:35.539+0000] {processor.py:840} INFO - DAG(s) 'youtube_english_video_pipeline' retrieved from /opt/airflow/dags/youtube_pipeline.py
[2026-09-22T00:13:35.629+0000] {logging_mixin.py:188} INFO - [2026-09-22T00:13:35.629+0000] {dag.py:3089} INFO - Sync 1 DAGs
[2026-09-22T00:13:35.724+0000] {processor.py:183} INFO - Processing /opt/airflow/dags/youtube_pipeline.py took 0.323 seconds
[2026-09-22T00:14:06.117+0000] {processor.py:161} INFO - Started process (PID=4253) to work on /opt/airflow/dags/youtube_pipeline.py
[2026-09-22T00:14:06.120+0000] {processor.py:830} INFO - Processing file /opt/airflow/dags/youtube_pipeline.py for tasks to queue
[2026-09-22T00:14:06.124+0000] {logging_mixin.py:188} INFO - [2026-09-22T00:14:06.123+0000] {dagbag.py:545} INFO - Filling up the DagBag from /opt/airflow/dags/youtube_pipeline.py
[2026-09-22T00:14:06.239+0000] {processor.py:840} INFO - DAG(s) 'youtube_english_video_pipeline' retrieved from /opt/airflow/dags/youtube_pipeline.py
[2026-09-22T00:14:06.329+0000] {logging_mixin.py:188} INFO - [2026-09-22T00:14:06.329+0000] {dag.py:3089} INFO - Sync 1 DAGs
[2026-09-22T00:14:06.406+0000] {processor.py:183} INFO - Processing /opt/airflow/dags/youtube_pipeline.py took 0.302 seconds
[2026-09-22T00:14:36.866+0000] {processor.py:161} INFO - Started process (PID=4285) to work on /opt/airflow/dags/youtube_pipeline.py
[2026-09-22T00:14:36.870+0000] {processor.py:830} INFO - Processing file /opt/airflow/dags/youtube_pipeline.py for tasks to queue
[2026-09-22T00:14:36.877+0000] {logging_mixin.py:188} INFO - [2026-09-22T00:14:36.876+0000] {dagbag.py:545} INFO - Filling up the DagBag from /opt/airflow/dags/youtube_pipeline.py
[2026-09-22T00:14:36.966+0000] {processor.py:840} INFO - DAG(s) 'youtube_english_video_pipeline' retrieved from /opt/airflow/dags/youtube_pipeline.py
[2026-09-22T00:14:37.056+0000] {logging_mixin.py:188} INFO - [2026-09-22T00:14:37.056+0000] {dag.py:3089} INFO - Sync 1 DAGs
[2026-09-22T00:14:37.113+0000] {processor.py:183} INFO - Processing /opt/airflow/dags/youtube_pipeline.py took 0.265 seconds
[2026-09-22T00:15:07.574+0000] {processor.py:161} INFO - Started process (PID=4548) to work on /opt/airflow/dags/youtube_pipeline.py
[2026-09-22T00:15:07.577+0000] {processor.py:830} INFO - Processing file /opt/airflow/dags/youtube_pipeline.py for tasks to queue
[2026-09-22T00:15:07.582+0000] {logging_mixin.py:188} INFO - [2026-09-22T00:15:07.581+0000] {dagbag.py:545} INFO - Filling up the DagBag from /opt/airflow/dags/youtube_pipeline.py
[2026-09-22T00:15:07.649+0000] {processor.py:840} INFO - DAG(s) 'youtube_english_video_pipeline' retrieved from /opt/airflow/dags/youtube_pipeline.py
[2026-09-22T00:15:07.713+0000] {logging_mixin.py:188} INFO - [2026-09-22T00:15:07.713+0000] {dag.py:3089} INFO - Sync 1 DAGs
[2026-09-22T00:15:07.769+0000] {processor.py:183} INFO - Processing /opt/airflow/dags/youtube_pipeline.py took 0.211 seconds
[2026-09-22T00:15:38.020+0000] {processor.py:161} INFO - Started process (PID=5309) to work on /opt/airflow/dags/youtube_pipeline.py
[2026-09-22T00:15:38.022+0000] {processor.py:830} INFO - Processing file /opt/airflow/dags/youtube_pipeline.py for tasks to queue
[2026-09-22T00:15:38.026+0000] {logging_mixin.py:188} INFO - [2026-09-22T00:15:38.025+0000] {dagbag.py:545} INFO - Filling up the DagBag from /opt/airflow/dags/youtube_pipeline.py
[2026-09-22T00:15:38.096+0000] {processor.py:840} INFO - DAG(s) 'youtube_english_video_pipeline' retrieved from /opt/airflow/dags/youtube_pipeline.py
[2026-09-22T00:15:38.165+0000] {logging_mixin.py:188} INFO - [2026-09-22T00:15:38.165+0000] {dag.py:3089} INFO - Sync 1 DAGs
[2026-09-22T00:15:38.225+0000] {processor.py:183} INFO - Processing /opt/airflow/dags/youtube_pipeline.py took 0.217 seconds
[2026-09-22T00:16:08.354+0000] {processor.py:161} INFO - Started process (PID=6069) to work on /opt/airflow/dags/youtube_pipeline.py
[2026-09-22T00:16:08.355+0000] {processor.py:830} INFO - Processing file /opt/airflow/dags/youtube_pipeline.py for tasks to queue
[2026-09-22T00:16:08.358+0000] {logging_mixin.py:188} INFO - [2026-09-22T00:16:08.358+0000] {dagbag.py:545} INFO - Filling up the DagBag from /opt/airflow/dags/youtube_pipeline.py
[2026-09-22T00:16:08.414+0000] {processor.py:840} INFO - DAG(s) 'youtube_english_video_pipeline' retrieved from /opt/airflow/dags/youtube_pipeline.py
[2026-09-22T00:16:08.470+0000] {logging_mixin.py:188} INFO - [2026-09-22T00:16:08.470+0000] {dag.py:3089} INFO - Sync 1 DAGs
[2026-09-22T00:16:08.538+0000] {processor.py:183} INFO - Processing /opt/airflow/dags/youtube_pipeline.py took 0.194 seconds
[2026-09-22T00:16:38.905+0000] {processor.py:161} INFO - Started process (PID=6833) to work on /opt/airflow/dags/youtube_pipeline.py
[2026-09-22T00:16:38.909+0000] {processor.py:830} INFO - Processing file /opt/airflow/dags/youtube_pipeline.py for tasks to queue
[2026-09-22T00:16:38.915+0000] {logging_mixin.py:188} INFO - [2026-09-22T00:16:38.914+0000] {dagbag.py:545} INFO - Filling up the DagBag from /opt/airflow/dags/youtube_pipeline.py
[2026-09-22T00:16:39.025+0000] {processor.py:840} INFO - DAG(s) 'youtube_english_video_pipeline' retrieved from /opt/airflow/dags/youtube_pipeline.py
[2026-09-22T00:16:39.108+0000] {logging_mixin.py:188} INFO - [2026-09-22T00:16:39.108+0000] {dag.py:3089} INFO - Sync 1 DAGs
[2026-09-22T00:16:39.191+0000] {processor.py:183} INFO - Processing /opt/airflow/dags/youtube_pipeline.py took 0.301 seconds
[2026-09-22T00:17:09.597+0000] {processor.py:161} INFO - Started process (PID=7590) to work on /opt/airflow/dags/youtube_pipeline.py
[2026-09-22T00:17:09.600+0000] {processor.py:830} INFO - Processing file /opt/airflow/dags/youtube_pipeline.py for tasks to queue
[2026-09-22T00:17:09.605+0000] {logging_mixin.py:188} INFO - [2026-09-22T00:17:09.604+0000] {dagbag.py:545} INFO - Filling up the DagBag from /opt/airflow/dags/youtube_pipeline.py
[2026-09-22T00:17:09.720+0000] {processor.py:840} INFO - DAG(s) 'youtube_english_video_pipeline' retrieved from /opt/airflow/dags/youtube_pipeline.py
[2026-09-22T00:17:09.769+0000] {logging_mixin.py:188} INFO - [2026-09-22T00:17:09.769+0000] {dag.py:3089} INFO - Sync 1 DAGs
[2026-09-22T00:17:09.949+0000] {processor.py:183} INFO - Processing /opt/airflow/dags/youtube_pipeline.py took 0.364 seconds
[2026-09-22T00:17:40.437+0000] {processor.py:161} INFO - Started process (PID=7673) to work on /opt/airflow/dags/youtube_pipeline.py
[2026-09-22T00:17:40.439+0000] {processor.py:830} INFO - Processing file /opt/airflow/dags/youtube_pipeline.py for tasks to queue
[2026-09-22T00:17:40.442+0000] {logging_mixin.py:188} INFO - [2026-09-22T00:17:40.441+0000] {dagbag.py:545} INFO - Filling up the DagBag from /opt/airflow/dags/youtube_pipeline.py
[2026-09-22T00:17:40.511+0000] {processor.py:840} INFO - DAG(s) 'youtube_english_video_pipeline' retrieved from /opt/airflow/dags/youtube_pipeline.py
[2026-09-22T00:17:40.565+0000] {logging_mixin.py:188} INFO - [2026-09-22T00:17:40.565+0000] {dag.py:3089} INFO - Sync 1 DAGs
[2026-09-22T00:17:40.614+0000] {processor.py:183} INFO - Processing /opt/airflow/dags/youtube_pipeline.py took 0.188 seconds
[2026-09-22T00:18:10.782+0000] {processor.py:161} INFO - Started process (PID=7856) to work on /opt/airflow/dags/youtube_pipeline.py
[2026-09-22T00:18:10.786+0000] {processor.py:830} INFO - Processing file /opt/airflow/dags/youtube_pipeline.py for tasks to queue
[2026-09-22T00:18:10.791+0000] {logging_mixin.py:188} INFO - [2026-09-22T00:18:10.790+0000] {dagbag.py:545} INFO - Filling up the DagBag from /opt/airflow/dags/youtube_pipeline.py
[2026-09-22T00:18:10.881+0000] {processor.py:840} INFO - DAG(s) 'youtube_english_video_pipeline' retrieved from /opt/airflow/dags/youtube_pipeline.py
[2026-09-22T00:18:10.932+0000] {logging_mixin.py:188} INFO - [2026-09-22T00:18:10.932+0000] {dag.py:3089} INFO - Sync 1 DAGs
[2026-09-22T00:18:10.979+0000] {processor.py:183} INFO - Processing /opt/airflow/dags/youtube_pipeline.py took 0.215 seconds
[2026-09-22T00:18:41.316+0000] {processor.py:161} INFO - Started process (PID=8420) to work on /opt/airflow/dags/youtube_pipeline.py
[2026-09-22T00:18:41.320+0000] {processor.py:830} INFO - Processing file /opt/airflow/dags/youtube_pipeline.py for tasks to queue
[2026-09-22T00:18:41.324+0000] {logging_mixin.py:188} INFO - [2026-09-22T00:18:41.324+0000] {dagbag.py:545} INFO - Filling up the DagBag from /opt/airflow/dags/youtube_pipeline.py
[2026-09-22T00:18:41.428+0000] {processor.py:840} INFO - DAG(s) 'youtube_english_video_pipeline' retrieved from /opt/airflow/dags/youtube_pipeline.py
[2026-09-22T00:18:41.490+0000] {logging_mixin.py:188} INFO - [2026-09-22T00:18:41.489+0000] {dag.py:3089} INFO - Sync 1 DAGs
[2026-09-22T00:18:41.547+0000] {processor.py:183} INFO - Processing /opt/airflow/dags/youtube_pipeline.py took 0.241 seconds
[2026-09-22T00:19:11.710+0000] {processor.py:161} INFO - Started process (PID=9330) to work on /opt/airflow/dags/youtube_pipeline.py
[2026-09-22T00:19:11.711+0000] {processor.py:830} INFO - Processing file /opt/airflow/dags/youtube_pipeline.py for tasks to queue
[2026-09-22T00:19:11.715+0000] {logging_mixin.py:188} INFO - [2026-09-22T00:19:11.715+0000] {dagbag.py:545} INFO - Filling up the DagBag from /opt/airflow/dags/youtube_pipeline.py
[2026-09-22T00:19:11.784+0000] {processor.py:840} INFO - DAG(s) 'youtube_english_video_pipeline' retrieved from /opt/airflow/dags/youtube_pipeline.py
[2026-09-22T00:19:11.846+0000] {logging_mixin.py:188} INFO - [2026-09-22T00:19:11.846+0000] {dag.py:3089} INFO - Sync 1 DAGs
[2026-09-22T00:19:11.901+0000] {processor.py:183} INFO - Processing /opt/airflow/dags/youtube_pipeline.py took 0.203 seconds
[2026-09-22T00:19:42.181+0000] {processor.py:161} INFO - Started process (PID=9339) to work on /opt/airflow/dags/youtube_pipeline.py
[2026-09-22T00:19:42.184+0000] {processor.py:830} INFO - Processing file /opt/airflow/dags/youtube_pipeline.py for tasks to queue
[2026-09-22T00:19:42.189+0000] {logging_mixin.py:188} INFO - [2026-09-22T00:19:42.188+0000] {dagbag.py:545} INFO - Filling up the DagBag from /opt/airflow/dags/youtube_pipeline.py
[2026-09-22T00:19:42.303+0000] {processor.py:840} INFO - DAG(s) 'youtube_english_video_pipeline' retrieved from /opt/airflow/dags/youtube_pipeline.py
[2026-09-22T00:19:42.378+0000] {logging_mixin.py:188} INFO - [2026-09-22T00:19:42.378+0000] {dag.py:3089} INFO - Sync 1 DAGs
[2026-09-22T00:19:42.450+0000] {processor.py:183} INFO - Processing /opt/airflow/dags/youtube_pipeline.py took 0.283 seconds
[2026-09-22T00:20:12.835+0000] {processor.py:161} INFO - Started process (PID=9344) to work on /opt/airflow/dags/youtube_pipeline.py
[2026-09-22T00:20:12.838+0000] {processor.py:830} INFO - Processing file /opt/airflow/dags/youtube_pipeline.py for tasks to queue
[2026-09-22T00:20:12.844+0000] {logging_mixin.py:188} INFO - [2026-09-22T00:20:12.843+0000] {dagbag.py:545} INFO - Filling up the DagBag from /opt/airflow/dags/youtube_pipeline.py
[2026-09-22T00:20:12.921+0000] {processor.py:840} INFO - DAG(s) 'youtube_english_video_pipeline' retrieved from /opt/airflow/dags/youtube_pipeline.py
[2026-09-22T00:20:12.970+0000] {logging_mixin.py:188} INFO - [2026-09-22T00:20:12.970+0000] {dag.py:3089} INFO - Sync 1 DAGs
[2026-09-22T00:20:13.016+0000] {processor.py:183} INFO - Processing /opt/airflow/dags/youtube_pipeline.py took 0.193 seconds
[2026-09-22T00:20:43.297+0000] {processor.py:161} INFO - Started process (PID=9349) to work on /opt/airflow/dags/youtube_pipeline.py
[2026-09-22T00:20:43.300+0000] {processor.py:830} INFO - Processing file /opt/airflow/dags/youtube_pipeline.py for tasks to queue
[2026-09-22T00:20:43.304+0000] {logging_mixin.py:188} INFO - [2026-09-22T00:20:43.303+0000] {dagbag.py:545} INFO - Filling up the DagBag from /opt/airflow/dags/youtube_pipeline.py
[2026-09-22T00:20:43.371+0000] {processor.py:840} INFO - DAG(s) 'youtube_english_video_pipeline' retrieved from /opt/airflow/dags/youtube_pipeline.py
[2026-09-22T00:20:43.436+0000] {logging_mixin.py:188} INFO - [2026-09-22T00:20:43.435+0000] {dag.py:3089} INFO - Sync 1 DAGs
[2026-09-22T00:20:43.480+0000] {processor.py:183} INFO - Processing /opt/airflow/dags/youtube_pipeline.py took 0.195 seconds
[2026-09-22T00:21:13.697+0000] {processor.py:161} INFO - Started process (PID=9354) to work on /opt/airflow/dags/youtube_pipeline.py
[2026-09-22T00:21:13.701+0000] {processor.py:830} INFO - Processing file /opt/airflow/dags/youtube_pipeline.py for tasks to queue
[2026-09-22T00:21:13.707+0000] {logging_mixin.py:188} INFO - [2026-09-22T00:21:13.706+0000] {dagbag.py:545} INFO - Filling up the DagBag from /opt/airflow/dags/youtube_pipeline.py
[2026-09-22T00:21:13.798+0000] {processor.py:840} INFO - DAG(s) 'youtube_english_video_pipeline' retrieved from /opt/airflow/dags/youtube_pipeline.py
[2026-09-22T00:21:13.867+0000] {logging_mixin.py:188} INFO - [2026-09-22T00:21:13.867+0000] {dag.py:3089} INFO - Sync 1 DAGs
[2026-09-22T00:21:13.937+0000] {processor.py:183} INFO - Processing /opt/airflow/dags/youtube_pipeline.py took 0.257 seconds
[2026-09-22T00:21:44.140+0000] {processor.py:161} INFO - Started process (PID=9359) to work on /opt/airflow/dags/youtube_pipeline.py
[2026-09-22T00:21:44.143+0000] {processor.py:830} INFO - Processing file /opt/airflow/dags/youtube_pipeline.py for tasks to queue
[2026-09-22T00:21:44.148+0000] {logging_mixin.py:188} INFO - [2026-09-22T00:21:44.148+0000] {dagbag.py:545} INFO - Filling up the DagBag from /opt/airflow/dags/youtube_pipeline.py
[2026-09-22T00:21:44.264+0000] {processor.py:840} INFO - DAG(s) 'youtube_english_video_pipeline' retrieved from /opt/airflow/dags/youtube_pipeline.py
[2026-09-22T00:21:44.350+0000] {logging_mixin.py:188} INFO - [2026-09-22T00:21:44.350+0000] {dag.py:3089} INFO - Sync 1 DAGs
[2026-09-22T00:21:44.440+0000] {processor.py:183} INFO - Processing /opt/airflow/dags/youtube_pipeline.py took 0.315 seconds
[2026-09-22T00:22:14.670+0000] {processor.py:161} INFO - Started process (PID=9364) to work on /opt/airflow/dags/youtube_pipeline.py
[2026-09-22T00:22:14.673+0000] {processor.py:830} INFO - Processing file /opt/airflow/dags/youtube_pipeline.py for tasks to queue
[2026-09-22T00:22:14.677+0000] {logging_mixin.py:188} INFO - [2026-09-22T00:22:14.676+0000] {dagbag.py:545} INFO - Filling up the DagBag from /opt/airflow/dags/youtube_pipeline.py
[2026-09-22T00:22:14.780+0000] {processor.py:840} INFO - DAG(s) 'youtube_english_video_pipeline' retrieved from /opt/airflow/dags/youtube_pipeline.py
[2026-09-22T00:22:14.889+0000] {logging_mixin.py:188} INFO - [2026-09-22T00:22:14.889+0000] {dag.py:3089} INFO - Sync 1 DAGs
[2026-09-22T00:22:14.961+0000] {processor.py:183} INFO - Processing /opt/airflow/dags/youtube_pipeline.py took 0.307 seconds
[2026-09-22T00:22:45.186+0000] {processor.py:161} INFO - Started process (PID=9369) to work on /opt/airflow/dags/youtube_pipeline.py
[2026-09-22T00:22:45.189+0000] {processor.py:830} INFO - Processing file /opt/airflow/dags/youtube_pipeline.py for tasks to queue
[2026-09-22T00:22:45.195+0000] {logging_mixin.py:188} INFO - [2026-09-22T00:22:45.194+0000] {dagbag.py:545} INFO - Filling up the DagBag from /opt/airflow/dags/youtube_pipeline.py
[2026-09-22T00:22:45.285+0000] {processor.py:840} INFO - DAG(s) 'youtube_english_video_pipeline' retrieved from /opt/airflow/dags/youtube_pipeline.py
[2026-09-22T00:22:45.334+0000] {logging_mixin.py:188} INFO - [2026-09-22T00:22:45.334+0000] {dag.py:3089} INFO - Sync 1 DAGs
[2026-09-22T00:22:45.381+0000] {processor.py:183} INFO - Processing /opt/airflow/dags/youtube_pipeline.py took 0.213 seconds
[2026-09-22T00:23:15.820+0000] {processor.py:161} INFO - Started process (PID=9374) to work on /opt/airflow/dags/youtube_pipeline.py
[2026-09-22T00:23:15.822+0000] {processor.py:830} INFO - Processing file /opt/airflow/dags/youtube_pipeline.py for tasks to queue
[2026-09-22T00:23:15.825+0000] {logging_mixin.py:188} INFO - [2026-09-22T00:23:15.824+0000] {dagbag.py:545} INFO - Filling up the DagBag from /opt/airflow/dags/youtube_pipeline.py
[2026-09-22T00:23:15.927+0000] {processor.py:840} INFO - DAG(s) 'youtube_english_video_pipeline' retrieved from /opt/airflow/dags/youtube_pipeline.py
[2026-09-22T00:23:16.008+0000] {logging_mixin.py:188} INFO - [2026-09-22T00:23:16.008+0000] {dag.py:3089} INFO - Sync 1 DAGs
[2026-09-22T00:23:16.088+0000] {processor.py:183} INFO - Processing /opt/airflow/dags/youtube_pipeline.py took 0.278 seconds
[2026-09-22T00:23:46.490+0000] {processor.py:161} INFO - Started process (PID=9379) to work on /opt/airflow/dags/youtube_pipeline.py
[2026-09-22T00:23:46.493+0000] {processor.py:830} INFO - Processing file /opt/airflow/dags/youtube_pipeline.py for tasks to queue
[2026-09-22T00:23:46.497+0000] {logging_mixin.py:188} INFO - [2026-09-22T00:23:46.496+0000] {dagbag.py:545} INFO - Filling up the DagBag from /opt/airflow/dags/youtube_pipeline.py
[2026-09-22T00:23:46.588+0000] {processor.py:840} INFO - DAG(s) 'youtube_english_video_pipeline' retrieved from /opt/airflow/dags/youtube_pipeline.py
[2026-09-22T00:23:46.646+0000] {logging_mixin.py:188} INFO - [2026-09-22T00:23:46.646+0000] {dag.py:3089} INFO - Sync 1 DAGs
[2026-09-22T00:23:46.696+0000] {processor.py:183} INFO - Processing /opt/airflow/dags/youtube_pipeline.py took 0.220 seconds
[2026-09-22T00:24:16.841+0000] {processor.py:161} INFO - Started process (PID=9384) to work on /opt/airflow/dags/youtube_pipeline.py
[2026-09-22T00:24:16.845+0000] {processor.py:830} INFO - Processing file /opt/airflow/dags/youtube_pipeline.py for tasks to queue
[2026-09-22T00:24:16.848+0000] {logging_mixin.py:188} INFO - [2026-09-22T00:24:16.848+0000] {dagbag.py:545} INFO - Filling up the DagBag from /opt/airflow/dags/youtube_pipeline.py
[2026-09-22T00:24:16.989+0000] {processor.py:840} INFO - DAG(s) 'youtube_english_video_pipeline' retrieved from /opt/airflow/dags/youtube_pipeline.py
[2026-09-22T00:24:17.062+0000] {logging_mixin.py:188} INFO - [2026-09-22T00:24:17.062+0000] {dag.py:3089} INFO - Sync 1 DAGs
[2026-09-22T00:24:17.124+0000] {processor.py:183} INFO - Processing /opt/airflow/dags/youtube_pipeline.py took 0.296 seconds
[2026-09-22T00:24:47.359+0000] {processor.py:161} INFO - Started process (PID=9995) to work on /opt/airflow/dags/youtube_pipeline.py
[2026-09-22T00:24:47.362+0000] {processor.py:830} INFO - Processing file /opt/airflow/dags/youtube_pipeline.py for tasks to queue
[2026-09-22T00:24:47.365+0000] {logging_mixin.py:188} INFO - [2026-09-22T00:24:47.365+0000] {dagbag.py:545} INFO - Filling up the DagBag from /opt/airflow/dags/youtube_pipeline.py
[2026-09-22T00:24:47.430+0000] {processor.py:840} INFO - DAG(s) 'youtube_english_video_pipeline' retrieved from /opt/airflow/dags/youtube_pipeline.py
[2026-09-22T00:24:47.490+0000] {logging_mixin.py:188} INFO - [2026-09-22T00:24:47.489+0000] {dag.py:3089} INFO - Sync 1 DAGs
[2026-09-22T00:24:47.543+0000] {processor.py:183} INFO - Processing /opt/airflow/dags/youtube_pipeline.py took 0.193 seconds
[2026-09-22T00:25:17.811+0000] {processor.py:161} INFO - Started process (PID=10779) to work on /opt/airflow/dags/youtube_pipeline.py
[2026-09-22T00:25:17.815+0000] {processor.py:830} INFO - Processing file /opt/airflow/dags/youtube_pipeline.py for tasks to queue
[2026-09-22T00:25:17.821+0000] {logging_mixin.py:188} INFO - [2026-09-22T00:25:17.820+0000] {dagbag.py:545} INFO - Filling up the DagBag from /opt/airflow/dags/youtube_pipeline.py
[2026-09-22T00:25:17.931+0000] {processor.py:840} INFO - DAG(s) 'youtube_english_video_pipeline' retrieved from /opt/airflow/dags/youtube_pipeline.py
[2026-09-22T00:25:17.993+0000] {logging_mixin.py:188} INFO - [2026-09-22T00:25:17.993+0000] {dag.py:3089} INFO - Sync 1 DAGs
[2026-09-22T00:25:18.045+0000] {processor.py:183} INFO - Processing /opt/airflow/dags/youtube_pipeline.py took 0.254 seconds
[2026-09-22T00:25:48.329+0000] {processor.py:161} INFO - Started process (PID=11670) to work on /opt/airflow/dags/youtube_pipeline.py
[2026-09-22T00:25:48.330+0000] {processor.py:830} INFO - Processing file /opt/airflow/dags/youtube_pipeline.py for tasks to queue
[2026-09-22T00:25:48.332+0000] {logging_mixin.py:188} INFO - [2026-09-22T00:25:48.332+0000] {dagbag.py:545} INFO - Filling up the DagBag from /opt/airflow/dags/youtube_pipeline.py
[2026-09-22T00:25:48.380+0000] {processor.py:840} INFO - DAG(s) 'youtube_english_video_pipeline' retrieved from /opt/airflow/dags/youtube_pipeline.py
[2026-09-22T00:25:48.428+0000] {logging_mixin.py:188} INFO - [2026-09-22T00:25:48.428+0000] {dag.py:3089} INFO - Sync 1 DAGs
[2026-09-22T00:25:48.475+0000] {processor.py:183} INFO - Processing /opt/airflow/dags/youtube_pipeline.py took 0.154 seconds
[2026-09-22T00:26:18.710+0000] {processor.py:161} INFO - Started process (PID=12203) to work on /opt/airflow/dags/youtube_pipeline.py
[2026-09-22T00:26:18.714+0000] {processor.py:830} INFO - Processing file /opt/airflow/dags/youtube_pipeline.py for tasks to queue
[2026-09-22T00:26:18.720+0000] {logging_mixin.py:188} INFO - [2026-09-22T00:26:18.718+0000] {dagbag.py:545} INFO - Filling up the DagBag from /opt/airflow/dags/youtube_pipeline.py
[2026-09-22T00:26:18.846+0000] {processor.py:840} INFO - DAG(s) 'youtube_english_video_pipeline' retrieved from /opt/airflow/dags/youtube_pipeline.py
[2026-09-22T00:26:18.940+0000] {logging_mixin.py:188} INFO - [2026-09-22T00:26:18.940+0000] {dag.py:3089} INFO - Sync 1 DAGs
[2026-09-22T00:26:19.031+0000] {processor.py:183} INFO - Processing /opt/airflow/dags/youtube_pipeline.py took 0.338 seconds
[2026-09-22T00:26:49.222+0000] {processor.py:161} INFO - Started process (PID=12233) to work on /opt/airflow/dags/youtube_pipeline.py
[2026-09-22T00:26:49.225+0000] {processor.py:830} INFO - Processing file /opt/airflow/dags/youtube_pipeline.py for tasks to queue
[2026-09-22T00:26:49.231+0000] {logging_mixin.py:188} INFO - [2026-09-22T00:26:49.230+0000] {dagbag.py:545} INFO - Filling up the DagBag from /opt/airflow/dags/youtube_pipeline.py
[2026-09-22T00:26:49.347+0000] {processor.py:840} INFO - DAG(s) 'youtube_english_video_pipeline' retrieved from /opt/airflow/dags/youtube_pipeline.py
[2026-09-22T00:26:49.439+0000] {logging_mixin.py:188} INFO - [2026-09-22T00:26:49.439+0000] {dag.py:3089} INFO - Sync 1 DAGs
[2026-09-22T00:26:49.502+0000] {processor.py:183} INFO - Processing /opt/airflow/dags/youtube_pipeline.py took 0.298 seconds
[2026-09-22T00:27:19.772+0000] {processor.py:161} INFO - Started process (PID=12798) to work on /opt/airflow/dags/youtube_pipeline.py
[2026-09-22T00:27:19.774+0000] {processor.py:830} INFO - Processing file /opt/airflow/dags/youtube_pipeline.py for tasks to queue
[2026-09-22T00:27:19.777+0000] {logging_mixin.py:188} INFO - [2026-09-22T00:27:19.776+0000] {dagbag.py:545} INFO - Filling up the DagBag from /opt/airflow/dags/youtube_pipeline.py
[2026-09-22T00:27:19.859+0000] {processor.py:840} INFO - DAG(s) 'youtube_english_video_pipeline' retrieved from /opt/airflow/dags/youtube_pipeline.py
[2026-09-22T00:27:19.911+0000] {logging_mixin.py:188} INFO - [2026-09-22T00:27:19.911+0000] {dag.py:3089} INFO - Sync 1 DAGs
[2026-09-22T00:27:19.965+0000] {processor.py:183} INFO - Processing /opt/airflow/dags/youtube_pipeline.py took 0.205 seconds
[2026-09-22T00:27:50.069+0000] {processor.py:161} INFO - Started process (PID=13558) to work on /opt/airflow/dags/youtube_pipeline.py
[2026-09-22T00:27:50.070+0000] {processor.py:830} INFO - Processing file /opt/airflow/dags/youtube_pipeline.py for tasks to queue
[2026-09-22T00:27:50.073+0000] {logging_mixin.py:188} INFO - [2026-09-22T00:27:50.073+0000] {dagbag.py:545} INFO - Filling up the DagBag from /opt/airflow/dags/youtube_pipeline.py
[2026-09-22T00:27:50.124+0000] {processor.py:840} INFO - DAG(s) 'youtube_english_video_pipeline' retrieved from /opt/airflow/dags/youtube_pipeline.py
[2026-09-22T00:27:50.179+0000] {logging_mixin.py:188} INFO - [2026-09-22T00:27:50.179+0000] {dag.py:3089} INFO - Sync 1 DAGs
[2026-09-22T00:27:50.235+0000] {processor.py:183} INFO - Processing /opt/airflow/dags/youtube_pipeline.py took 0.178 seconds
[2026-09-22T00:28:20.560+0000] {processor.py:161} INFO - Started process (PID=14469) to work on /opt/airflow/dags/youtube_pipeline.py
[2026-09-22T00:28:20.562+0000] {processor.py:830} INFO - Processing file /opt/airflow/dags/youtube_pipeline.py for tasks to queue
[2026-09-22T00:28:20.565+0000] {logging_mixin.py:188} INFO - [2026-09-22T00:28:20.565+0000] {dagbag.py:545} INFO - Filling up the DagBag from /opt/airflow/dags/youtube_pipeline.py
[2026-09-22T00:28:20.639+0000] {processor.py:840} INFO - DAG(s) 'youtube_english_video_pipeline' retrieved from /opt/airflow/dags/youtube_pipeline.py
[2026-09-22T00:28:20.715+0000] {logging_mixin.py:188} INFO - [2026-09-22T00:28:20.715+0000] {dag.py:3089} INFO - Sync 1 DAGs
[2026-09-22T00:28:20.787+0000] {processor.py:183} INFO - Processing /opt/airflow/dags/youtube_pipeline.py took 0.240 seconds
[2026-09-22T00:28:51.211+0000] {processor.py:161} INFO - Started process (PID=15157) to work on /opt/airflow/dags/youtube_pipeline.py
[2026-09-22T00:28:51.214+0000] {processor.py:830} INFO - Processing file /opt/airflow/dags/youtube_pipeline.py for tasks to queue
[2026-09-22T00:28:51.221+0000] {logging_mixin.py:188} INFO - [2026-09-22T00:28:51.220+0000] {dagbag.py:545} INFO - Filling up the DagBag from /opt/airflow/dags/youtube_pipeline.py
[2026-09-22T00:28:51.303+0000] {processor.py:840} INFO - DAG(s) 'youtube_english_video_pipeline' retrieved from /opt/airflow/dags/youtube_pipeline.py
[2026-09-22T00:28:51.397+0000] {logging_mixin.py:188} INFO - [2026-09-22T00:28:51.396+0000] {dag.py:3089} INFO - Sync 1 DAGs
[2026-09-22T00:28:51.481+0000] {processor.py:183} INFO - Processing /opt/airflow/dags/youtube_pipeline.py took 0.283 seconds
[2026-09-22T00:29:21.884+0000] {processor.py:161} INFO - Started process (PID=15185) to work on /opt/airflow/dags/youtube_pipeline.py
[2026-09-22T00:29:21.888+0000] {processor.py:830} INFO - Processing file /opt/airflow/dags/youtube_pipeline.py for tasks to queue
[2026-09-22T00:29:21.894+0000] {logging_mixin.py:188} INFO - [2026-09-22T00:29:21.894+0000] {dagbag.py:545} INFO - Filling up the DagBag from /opt/airflow/dags/youtube_pipeline.py
[2026-09-22T00:29:21.997+0000] {processor.py:840} INFO - DAG(s) 'youtube_english_video_pipeline' retrieved from /opt/airflow/dags/youtube_pipeline.py
[2026-09-22T00:29:22.068+0000] {logging_mixin.py:188} INFO - [2026-09-22T00:29:22.067+0000] {dag.py:3089} INFO - Sync 1 DAGs
[2026-09-22T00:29:22.128+0000] {processor.py:183} INFO - Processing /opt/airflow/dags/youtube_pipeline.py took 0.259 seconds
[2026-09-22T00:29:52.533+0000] {processor.py:161} INFO - Started process (PID=15601) to work on /opt/airflow/dags/youtube_pipeline.py
[2026-09-22T00:29:52.536+0000] {processor.py:830} INFO - Processing file /opt/airflow/dags/youtube_pipeline.py for tasks to queue
[2026-09-22T00:29:52.540+0000] {logging_mixin.py:188} INFO - [2026-09-22T00:29:52.539+0000] {dagbag.py:545} INFO - Filling up the DagBag from /opt/airflow/dags/youtube_pipeline.py
[2026-09-22T00:29:52.616+0000] {processor.py:840} INFO - DAG(s) 'youtube_english_video_pipeline' retrieved from /opt/airflow/dags/youtube_pipeline.py
[2026-09-22T00:29:52.681+0000] {logging_mixin.py:188} INFO - [2026-09-22T00:29:52.681+0000] {dag.py:3089} INFO - Sync 1 DAGs
[2026-09-22T00:29:52.749+0000] {processor.py:183} INFO - Processing /opt/airflow/dags/youtube_pipeline.py took 0.230 seconds
[2026-09-22T00:30:23.083+0000] {processor.py:161} INFO - Started process (PID=16495) to work on /opt/airflow/dags/youtube_pipeline.py
[2026-09-22T00:30:23.087+0000] {processor.py:830} INFO - Processing file /opt/airflow/dags/youtube_pipeline.py for tasks to queue
[2026-09-22T00:30:23.090+0000] {logging_mixin.py:188} INFO - [2026-09-22T00:30:23.090+0000] {dagbag.py:545} INFO - Filling up the DagBag from /opt/airflow/dags/youtube_pipeline.py
[2026-09-22T00:30:23.160+0000] {processor.py:840} INFO - DAG(s) 'youtube_english_video_pipeline' retrieved from /opt/airflow/dags/youtube_pipeline.py
[2026-09-22T00:30:23.219+0000] {logging_mixin.py:188} INFO - [2026-09-22T00:30:23.219+0000] {dag.py:3089} INFO - Sync 1 DAGs
[2026-09-22T00:30:23.278+0000] {processor.py:183} INFO - Processing /opt/airflow/dags/youtube_pipeline.py took 0.206 seconds
[2026-09-22T00:30:53.445+0000] {processor.py:161} INFO - Started process (PID=17272) to work on /opt/airflow/dags/youtube_pipeline.py
[2026-09-22T00:30:53.447+0000] {processor.py:830} INFO - Processing file /opt/airflow/dags/youtube_pipeline.py for tasks to queue
[2026-09-22T00:30:53.450+0000] {logging_mixin.py:188} INFO - [2026-09-22T00:30:53.449+0000] {dagbag.py:545} INFO - Filling up the DagBag from /opt/airflow/dags/youtube_pipeline.py
[2026-09-22T00:30:53.514+0000] {processor.py:840} INFO - DAG(s) 'youtube_english_video_pipeline' retrieved from /opt/airflow/dags/youtube_pipeline.py
[2026-09-22T00:30:53.583+0000] {logging_mixin.py:188} INFO - [2026-09-22T00:30:53.583+0000] {dag.py:3089} INFO - Sync 1 DAGs
[2026-09-22T00:30:53.633+0000] {processor.py:183} INFO - Processing /opt/airflow/dags/youtube_pipeline.py took 0.198 seconds
[2026-09-22T00:31:23.996+0000] {processor.py:161} INFO - Started process (PID=17809) to work on /opt/airflow/dags/youtube_pipeline.py
[2026-09-22T00:31:23.999+0000] {processor.py:830} INFO - Processing file /opt/airflow/dags/youtube_pipeline.py for tasks to queue
[2026-09-22T00:31:24.004+0000] {logging_mixin.py:188} INFO - [2026-09-22T00:31:24.003+0000] {dagbag.py:545} INFO - Filling up the DagBag from /opt/airflow/dags/youtube_pipeline.py
[2026-09-22T00:31:24.110+0000] {processor.py:840} INFO - DAG(s) 'youtube_english_video_pipeline' retrieved from /opt/airflow/dags/youtube_pipeline.py
[2026-09-22T00:31:24.202+0000] {logging_mixin.py:188} INFO - [2026-09-22T00:31:24.201+0000] {dag.py:3089} INFO - Sync 1 DAGs
[2026-09-22T00:31:24.281+0000] {processor.py:183} INFO - Processing /opt/airflow/dags/youtube_pipeline.py took 0.302 seconds
[2026-09-22T00:31:54.446+0000] {processor.py:161} INFO - Started process (PID=17839) to work on /opt/airflow/dags/youtube_pipeline.py
[2026-09-22T00:31:54.449+0000] {processor.py:830} INFO - Processing file /opt/airflow/dags/youtube_pipeline.py for tasks to queue
[2026-09-22T00:31:54.453+0000] {logging_mixin.py:188} INFO - [2026-09-22T00:31:54.452+0000] {dagbag.py:545} INFO - Filling up the DagBag from /opt/airflow/dags/youtube_pipeline.py
[2026-09-22T00:31:54.557+0000] {processor.py:840} INFO - DAG(s) 'youtube_english_video_pipeline' retrieved from /opt/airflow/dags/youtube_pipeline.py
[2026-09-22T00:31:54.643+0000] {logging_mixin.py:188} INFO - [2026-09-22T00:31:54.643+0000] {dag.py:3089} INFO - Sync 1 DAGs
[2026-09-22T00:31:54.730+0000] {processor.py:183} INFO - Processing /opt/airflow/dags/youtube_pipeline.py took 0.299 seconds
[2026-09-22T00:32:24.932+0000] {processor.py:161} INFO - Started process (PID=18275) to work on /opt/airflow/dags/youtube_pipeline.py
[2026-09-22T00:32:24.935+0000] {processor.py:830} INFO - Processing file /opt/airflow/dags/youtube_pipeline.py for tasks to queue
[2026-09-22T00:32:24.939+0000] {logging_mixin.py:188} INFO - [2026-09-22T00:32:24.938+0000] {dagbag.py:545} INFO - Filling up the DagBag from /opt/airflow/dags/youtube_pipeline.py
[2026-09-22T00:32:25.024+0000] {processor.py:840} INFO - DAG(s) 'youtube_english_video_pipeline' retrieved from /opt/airflow/dags/youtube_pipeline.py
[2026-09-22T00:32:25.122+0000] {logging_mixin.py:188} INFO - [2026-09-22T00:32:25.121+0000] {dag.py:3089} INFO - Sync 1 DAGs
[2026-09-22T00:32:25.189+0000] {processor.py:183} INFO - Processing /opt/airflow/dags/youtube_pipeline.py took 0.270 seconds
[2026-09-22T00:32:55.448+0000] {processor.py:161} INFO - Started process (PID=19141) to work on /opt/airflow/dags/youtube_pipeline.py
[2026-09-22T00:32:55.454+0000] {processor.py:830} INFO - Processing file /opt/airflow/dags/youtube_pipeline.py for tasks to queue
[2026-09-22T00:32:55.458+0000] {logging_mixin.py:188} INFO - [2026-09-22T00:32:55.458+0000] {dagbag.py:545} INFO - Filling up the DagBag from /opt/airflow/dags/youtube_pipeline.py
[2026-09-22T00:32:55.544+0000] {processor.py:840} INFO - DAG(s) 'youtube_english_video_pipeline' retrieved from /opt/airflow/dags/youtube_pipeline.py
[2026-09-22T00:32:55.615+0000] {logging_mixin.py:188} INFO - [2026-09-22T00:32:55.615+0000] {dag.py:3089} INFO - Sync 1 DAGs
[2026-09-22T00:32:55.675+0000] {processor.py:183} INFO - Processing /opt/airflow/dags/youtube_pipeline.py took 0.237 seconds
[2026-09-22T00:33:25.834+0000] {processor.py:161} INFO - Started process (PID=19951) to work on /opt/airflow/dags/youtube_pipeline.py
[2026-09-22T00:33:25.836+0000] {processor.py:830} INFO - Processing file /opt/airflow/dags/youtube_pipeline.py for tasks to queue
[2026-09-22T00:33:25.839+0000] {logging_mixin.py:188} INFO - [2026-09-22T00:33:25.839+0000] {dagbag.py:545} INFO - Filling up the DagBag from /opt/airflow/dags/youtube_pipeline.py
[2026-09-22T00:33:25.937+0000] {processor.py:840} INFO - DAG(s) 'youtube_english_video_pipeline' retrieved from /opt/airflow/dags/youtube_pipeline.py
[2026-09-22T00:33:26.032+0000] {logging_mixin.py:188} INFO - [2026-09-22T00:33:26.032+0000] {dag.py:3089} INFO - Sync 1 DAGs
[2026-09-22T00:33:26.087+0000] {processor.py:183} INFO - Processing /opt/airflow/dags/youtube_pipeline.py took 0.262 seconds
[2026-09-22T00:33:56.488+0000] {processor.py:161} INFO - Started process (PID=20857) to work on /opt/airflow/dags/youtube_pipeline.py
[2026-09-22T00:33:56.490+0000] {processor.py:830} INFO - Processing file /opt/airflow/dags/youtube_pipeline.py for tasks to queue
[2026-09-22T00:33:56.493+0000] {logging_mixin.py:188} INFO - [2026-09-22T00:33:56.492+0000] {dagbag.py:545} INFO - Filling up the DagBag from /opt/airflow/dags/youtube_pipeline.py
[2026-09-22T00:33:56.567+0000] {processor.py:840} INFO - DAG(s) 'youtube_english_video_pipeline' retrieved from /opt/airflow/dags/youtube_pipeline.py
[2026-09-22T00:33:56.637+0000] {logging_mixin.py:188} INFO - [2026-09-22T00:33:56.637+0000] {dag.py:3089} INFO - Sync 1 DAGs
[2026-09-22T00:33:56.694+0000] {processor.py:183} INFO - Processing /opt/airflow/dags/youtube_pipeline.py took 0.219 seconds
[2026-09-22T00:34:26.877+0000] {processor.py:161} INFO - Started process (PID=21243) to work on /opt/airflow/dags/youtube_pipeline.py
[2026-09-22T00:34:26.881+0000] {processor.py:830} INFO - Processing file /opt/airflow/dags/youtube_pipeline.py for tasks to queue
[2026-09-22T00:34:26.885+0000] {logging_mixin.py:188} INFO - [2026-09-22T00:34:26.884+0000] {dagbag.py:545} INFO - Filling up the DagBag from /opt/airflow/dags/youtube_pipeline.py
[2026-09-22T00:34:27.017+0000] {processor.py:840} INFO - DAG(s) 'youtube_english_video_pipeline' retrieved from /opt/airflow/dags/youtube_pipeline.py
[2026-09-22T00:34:27.125+0000] {logging_mixin.py:188} INFO - [2026-09-22T00:34:27.124+0000] {dag.py:3089} INFO - Sync 1 DAGs
[2026-09-22T00:34:27.211+0000] {processor.py:183} INFO - Processing /opt/airflow/dags/youtube_pipeline.py took 0.355 seconds
[2026-09-22T00:34:57.394+0000] {processor.py:161} INFO - Started process (PID=21252) to work on /opt/airflow/dags/youtube_pipeline.py
[2026-09-22T00:34:57.396+0000] {processor.py:830} INFO - Processing file /opt/airflow/dags/youtube_pipeline.py for tasks to queue
[2026-09-22T00:34:57.399+0000] {logging_mixin.py:188} INFO - [2026-09-22T00:34:57.398+0000] {dagbag.py:545} INFO - Filling up the DagBag from /opt/airflow/dags/youtube_pipeline.py
[2026-09-22T00:34:57.492+0000] {processor.py:840} INFO - DAG(s) 'youtube_english_video_pipeline' retrieved from /opt/airflow/dags/youtube_pipeline.py
[2026-09-22T00:34:57.555+0000] {logging_mixin.py:188} INFO - [2026-09-22T00:34:57.555+0000] {dag.py:3089} INFO - Sync 1 DAGs
[2026-09-22T00:34:57.605+0000] {processor.py:183} INFO - Processing /opt/airflow/dags/youtube_pipeline.py took 0.221 seconds
[2026-09-22T00:35:27.952+0000] {processor.py:161} INFO - Started process (PID=21690) to work on /opt/airflow/dags/youtube_pipeline.py
[2026-09-22T00:35:27.955+0000] {processor.py:830} INFO - Processing file /opt/airflow/dags/youtube_pipeline.py for tasks to queue
[2026-09-22T00:35:27.960+0000] {logging_mixin.py:188} INFO - [2026-09-22T00:35:27.959+0000] {dagbag.py:545} INFO - Filling up the DagBag from /opt/airflow/dags/youtube_pipeline.py
[2026-09-22T00:35:28.061+0000] {processor.py:840} INFO - DAG(s) 'youtube_english_video_pipeline' retrieved from /opt/airflow/dags/youtube_pipeline.py
[2026-09-22T00:35:28.133+0000] {logging_mixin.py:188} INFO - [2026-09-22T00:35:28.133+0000] {dag.py:3089} INFO - Sync 1 DAGs
[2026-09-22T00:35:28.214+0000] {processor.py:183} INFO - Processing /opt/airflow/dags/youtube_pipeline.py took 0.278 seconds
[2026-09-22T00:35:58.708+0000] {processor.py:161} INFO - Started process (PID=22555) to work on /opt/airflow/dags/youtube_pipeline.py
[2026-09-22T00:35:58.710+0000] {processor.py:830} INFO - Processing file /opt/airflow/dags/youtube_pipeline.py for tasks to queue
[2026-09-22T00:35:58.713+0000] {logging_mixin.py:188} INFO - [2026-09-22T00:35:58.712+0000] {dagbag.py:545} INFO - Filling up the DagBag from /opt/airflow/dags/youtube_pipeline.py
[2026-09-22T00:35:58.779+0000] {processor.py:840} INFO - DAG(s) 'youtube_english_video_pipeline' retrieved from /opt/airflow/dags/youtube_pipeline.py
[2026-09-22T00:35:58.840+0000] {logging_mixin.py:188} INFO - [2026-09-22T00:35:58.839+0000] {dag.py:3089} INFO - Sync 1 DAGs
[2026-09-22T00:35:58.889+0000] {processor.py:183} INFO - Processing /opt/airflow/dags/youtube_pipeline.py took 0.190 seconds
[2026-09-22T00:36:29.230+0000] {processor.py:161} INFO - Started process (PID=23360) to work on /opt/airflow/dags/youtube_pipeline.py
[2026-09-22T00:36:29.232+0000] {processor.py:830} INFO - Processing file /opt/airflow/dags/youtube_pipeline.py for tasks to queue
[2026-09-22T00:36:29.235+0000] {logging_mixin.py:188} INFO - [2026-09-22T00:36:29.234+0000] {dagbag.py:545} INFO - Filling up the DagBag from /opt/airflow/dags/youtube_pipeline.py
[2026-09-22T00:36:29.299+0000] {processor.py:840} INFO - DAG(s) 'youtube_english_video_pipeline' retrieved from /opt/airflow/dags/youtube_pipeline.py
[2026-09-22T00:36:29.360+0000] {logging_mixin.py:188} INFO - [2026-09-22T00:36:29.360+0000] {dag.py:3089} INFO - Sync 1 DAGs
[2026-09-22T00:36:29.418+0000] {processor.py:183} INFO - Processing /opt/airflow/dags/youtube_pipeline.py took 0.198 seconds
[2026-09-22T00:36:59.786+0000] {processor.py:161} INFO - Started process (PID=23838) to work on /opt/airflow/dags/youtube_pipeline.py
[2026-09-22T00:36:59.788+0000] {processor.py:830} INFO - Processing file /opt/airflow/dags/youtube_pipeline.py for tasks to queue
[2026-09-22T00:36:59.791+0000] {logging_mixin.py:188} INFO - [2026-09-22T00:36:59.791+0000] {dagbag.py:545} INFO - Filling up the DagBag from /opt/airflow/dags/youtube_pipeline.py
[2026-09-22T00:36:59.861+0000] {processor.py:840} INFO - DAG(s) 'youtube_english_video_pipeline' retrieved from /opt/airflow/dags/youtube_pipeline.py
[2026-09-22T00:36:59.918+0000] {logging_mixin.py:188} INFO - [2026-09-22T00:36:59.918+0000] {dag.py:3089} INFO - Sync 1 DAGs
[2026-09-22T00:36:59.981+0000] {processor.py:183} INFO - Processing /opt/airflow/dags/youtube_pipeline.py took 0.212 seconds
[2026-09-22T00:37:30.303+0000] {processor.py:161} INFO - Started process (PID=24595) to work on /opt/airflow/dags/youtube_pipeline.py
[2026-09-22T00:37:30.305+0000] {processor.py:830} INFO - Processing file /opt/airflow/dags/youtube_pipeline.py for tasks to queue
[2026-09-22T00:37:30.308+0000] {logging_mixin.py:188} INFO - [2026-09-22T00:37:30.308+0000] {dagbag.py:545} INFO - Filling up the DagBag from /opt/airflow/dags/youtube_pipeline.py
[2026-09-22T00:37:30.392+0000] {processor.py:840} INFO - DAG(s) 'youtube_english_video_pipeline' retrieved from /opt/airflow/dags/youtube_pipeline.py
[2026-09-22T00:37:30.438+0000] {logging_mixin.py:188} INFO - [2026-09-22T00:37:30.438+0000] {dag.py:3089} INFO - Sync 1 DAGs
[2026-09-22T00:37:30.481+0000] {processor.py:183} INFO - Processing /opt/airflow/dags/youtube_pipeline.py took 0.189 seconds
[2026-09-22T00:38:00.656+0000] {processor.py:161} INFO - Started process (PID=24679) to work on /opt/airflow/dags/youtube_pipeline.py
[2026-09-22T00:38:00.659+0000] {processor.py:830} INFO - Processing file /opt/airflow/dags/youtube_pipeline.py for tasks to queue
[2026-09-22T00:38:00.665+0000] {logging_mixin.py:188} INFO - [2026-09-22T00:38:00.664+0000] {dagbag.py:545} INFO - Filling up the DagBag from /opt/airflow/dags/youtube_pipeline.py
[2026-09-22T00:38:00.769+0000] {processor.py:840} INFO - DAG(s) 'youtube_english_video_pipeline' retrieved from /opt/airflow/dags/youtube_pipeline.py
[2026-09-22T00:38:00.819+0000] {logging_mixin.py:188} INFO - [2026-09-22T00:38:00.818+0000] {dag.py:3089} INFO - Sync 1 DAGs
[2026-09-22T00:38:00.877+0000] {processor.py:183} INFO - Processing /opt/airflow/dags/youtube_pipeline.py took 0.235 seconds
[2026-09-22T00:38:31.107+0000] {processor.py:161} INFO - Started process (PID=24712) to work on /opt/airflow/dags/youtube_pipeline.py
[2026-09-22T00:38:31.109+0000] {processor.py:830} INFO - Processing file /opt/airflow/dags/youtube_pipeline.py for tasks to queue
[2026-09-22T00:38:31.112+0000] {logging_mixin.py:188} INFO - [2026-09-22T00:38:31.112+0000] {dagbag.py:545} INFO - Filling up the DagBag from /opt/airflow/dags/youtube_pipeline.py
[2026-09-22T00:38:31.172+0000] {processor.py:840} INFO - DAG(s) 'youtube_english_video_pipeline' retrieved from /opt/airflow/dags/youtube_pipeline.py
[2026-09-22T00:38:31.214+0000] {logging_mixin.py:188} INFO - [2026-09-22T00:38:31.214+0000] {dag.py:3089} INFO - Sync 1 DAGs
[2026-09-22T00:38:31.261+0000] {processor.py:183} INFO - Processing /opt/airflow/dags/youtube_pipeline.py took 0.166 seconds
[2026-09-22T00:39:01.560+0000] {processor.py:161} INFO - Started process (PID=24980) to work on /opt/airflow/dags/youtube_pipeline.py
[2026-09-22T00:39:01.562+0000] {processor.py:830} INFO - Processing file /opt/airflow/dags/youtube_pipeline.py for tasks to queue
[2026-09-22T00:39:01.567+0000] {logging_mixin.py:188} INFO - [2026-09-22T00:39:01.566+0000] {dagbag.py:545} INFO - Filling up the DagBag from /opt/airflow/dags/youtube_pipeline.py
[2026-09-22T00:39:01.670+0000] {processor.py:840} INFO - DAG(s) 'youtube_english_video_pipeline' retrieved from /opt/airflow/dags/youtube_pipeline.py
[2026-09-22T00:39:01.758+0000] {logging_mixin.py:188} INFO - [2026-09-22T00:39:01.758+0000] {dag.py:3089} INFO - Sync 1 DAGs
[2026-09-22T00:39:01.804+0000] {processor.py:183} INFO - Processing /opt/airflow/dags/youtube_pipeline.py took 0.264 seconds
[2026-09-22T00:39:32.074+0000] {processor.py:161} INFO - Started process (PID=25887) to work on /opt/airflow/dags/youtube_pipeline.py
[2026-09-22T00:39:32.076+0000] {processor.py:830} INFO - Processing file /opt/airflow/dags/youtube_pipeline.py for tasks to queue
[2026-09-22T00:39:32.080+0000] {logging_mixin.py:188} INFO - [2026-09-22T00:39:32.079+0000] {dagbag.py:545} INFO - Filling up the DagBag from /opt/airflow/dags/youtube_pipeline.py
[2026-09-22T00:39:32.127+0000] {processor.py:840} INFO - DAG(s) 'youtube_english_video_pipeline' retrieved from /opt/airflow/dags/youtube_pipeline.py
[2026-09-22T00:39:32.185+0000] {logging_mixin.py:188} INFO - [2026-09-22T00:39:32.184+0000] {dag.py:3089} INFO - Sync 1 DAGs
[2026-09-22T00:39:32.230+0000] {processor.py:183} INFO - Processing /opt/airflow/dags/youtube_pipeline.py took 0.168 seconds
[2026-09-22T00:40:02.413+0000] {processor.py:161} INFO - Started process (PID=26671) to work on /opt/airflow/dags/youtube_pipeline.py
[2026-09-22T00:40:02.419+0000] {processor.py:830} INFO - Processing file /opt/airflow/dags/youtube_pipeline.py for tasks to queue
[2026-09-22T00:40:02.426+0000] {logging_mixin.py:188} INFO - [2026-09-22T00:40:02.425+0000] {dagbag.py:545} INFO - Filling up the DagBag from /opt/airflow/dags/youtube_pipeline.py
[2026-09-22T00:40:02.565+0000] {processor.py:840} INFO - DAG(s) 'youtube_english_video_pipeline' retrieved from /opt/airflow/dags/youtube_pipeline.py
[2026-09-22T00:40:02.664+0000] {logging_mixin.py:188} INFO - [2026-09-22T00:40:02.663+0000] {dag.py:3089} INFO - Sync 1 DAGs
[2026-09-22T00:40:02.743+0000] {processor.py:183} INFO - Processing /opt/airflow/dags/youtube_pipeline.py took 0.347 seconds
[2026-09-22T00:40:32.867+0000] {processor.py:161} INFO - Started process (PID=27558) to work on /opt/airflow/dags/youtube_pipeline.py
[2026-09-22T00:40:32.869+0000] {processor.py:830} INFO - Processing file /opt/airflow/dags/youtube_pipeline.py for tasks to queue
[2026-09-22T00:40:32.872+0000] {logging_mixin.py:188} INFO - [2026-09-22T00:40:32.871+0000] {dagbag.py:545} INFO - Filling up the DagBag from /opt/airflow/dags/youtube_pipeline.py
[2026-09-22T00:40:32.937+0000] {processor.py:840} INFO - DAG(s) 'youtube_english_video_pipeline' retrieved from /opt/airflow/dags/youtube_pipeline.py
[2026-09-22T00:40:33.000+0000] {logging_mixin.py:188} INFO - [2026-09-22T00:40:33.000+0000] {dag.py:3089} INFO - Sync 1 DAGs
[2026-09-22T00:40:33.056+0000] {processor.py:183} INFO - Processing /opt/airflow/dags/youtube_pipeline.py took 0.202 seconds
[2026-09-22T00:41:03.292+0000] {processor.py:161} INFO - Started process (PID=27944) to work on /opt/airflow/dags/youtube_pipeline.py
[2026-09-22T00:41:03.294+0000] {processor.py:830} INFO - Processing file /opt/airflow/dags/youtube_pipeline.py for tasks to queue
[2026-09-22T00:41:03.297+0000] {logging_mixin.py:188} INFO - [2026-09-22T00:41:03.296+0000] {dagbag.py:545} INFO - Filling up the DagBag from /opt/airflow/dags/youtube_pipeline.py
[2026-09-22T00:41:03.375+0000] {processor.py:840} INFO - DAG(s) 'youtube_english_video_pipeline' retrieved from /opt/airflow/dags/youtube_pipeline.py
[2026-09-22T00:41:03.464+0000] {logging_mixin.py:188} INFO - [2026-09-22T00:41:03.464+0000] {dag.py:3089} INFO - Sync 1 DAGs
[2026-09-22T00:41:03.557+0000] {processor.py:183} INFO - Processing /opt/airflow/dags/youtube_pipeline.py took 0.276 seconds
[2026-09-22T00:41:33.900+0000] {processor.py:161} INFO - Started process (PID=28127) to work on /opt/airflow/dags/youtube_pipeline.py
[2026-09-22T00:41:33.902+0000] {processor.py:830} INFO - Processing file /opt/airflow/dags/youtube_pipeline.py for tasks to queue
[2026-09-22T00:41:33.904+0000] {logging_mixin.py:188} INFO - [2026-09-22T00:41:33.904+0000] {dagbag.py:545} INFO - Filling up the DagBag from /opt/airflow/dags/youtube_pipeline.py
[2026-09-22T00:41:33.959+0000] {processor.py:840} INFO - DAG(s) 'youtube_english_video_pipeline' retrieved from /opt/airflow/dags/youtube_pipeline.py
[2026-09-22T00:41:34.032+0000] {logging_mixin.py:188} INFO - [2026-09-22T00:41:34.032+0000] {dag.py:3089} INFO - Sync 1 DAGs
[2026-09-22T00:41:34.093+0000] {processor.py:183} INFO - Processing /opt/airflow/dags/youtube_pipeline.py took 0.202 seconds
[2026-09-22T00:42:04.405+0000] {processor.py:161} INFO - Started process (PID=28695) to work on /opt/airflow/dags/youtube_pipeline.py
[2026-09-22T00:42:04.406+0000] {processor.py:830} INFO - Processing file /opt/airflow/dags/youtube_pipeline.py for tasks to queue
[2026-09-22T00:42:04.409+0000] {logging_mixin.py:188} INFO - [2026-09-22T00:42:04.408+0000] {dagbag.py:545} INFO - Filling up the DagBag from /opt/airflow/dags/youtube_pipeline.py
[2026-09-22T00:42:04.463+0000] {processor.py:840} INFO - DAG(s) 'youtube_english_video_pipeline' retrieved from /opt/airflow/dags/youtube_pipeline.py
[2026-09-22T00:42:04.509+0000] {logging_mixin.py:188} INFO - [2026-09-22T00:42:04.509+0000] {dag.py:3089} INFO - Sync 1 DAGs
[2026-09-22T00:42:04.557+0000] {processor.py:183} INFO - Processing /opt/airflow/dags/youtube_pipeline.py took 0.161 seconds
[2026-09-22T00:42:34.640+0000] {processor.py:161} INFO - Started process (PID=29602) to work on /opt/airflow/dags/youtube_pipeline.py
[2026-09-22T00:42:34.641+0000] {processor.py:830} INFO - Processing file /opt/airflow/dags/youtube_pipeline.py for tasks to queue
[2026-09-22T00:42:34.644+0000] {logging_mixin.py:188} INFO - [2026-09-22T00:42:34.644+0000] {dagbag.py:545} INFO - Filling up the DagBag from /opt/airflow/dags/youtube_pipeline.py
[2026-09-22T00:42:34.705+0000] {processor.py:840} INFO - DAG(s) 'youtube_english_video_pipeline' retrieved from /opt/airflow/dags/youtube_pipeline.py
[2026-09-22T00:42:34.753+0000] {logging_mixin.py:188} INFO - [2026-09-22T00:42:34.752+0000] {dag.py:3089} INFO - Sync 1 DAGs
[2026-09-22T00:42:34.804+0000] {processor.py:183} INFO - Processing /opt/airflow/dags/youtube_pipeline.py took 0.174 seconds
[2026-09-22T00:43:05.169+0000] {processor.py:161} INFO - Started process (PID=30512) to work on /opt/airflow/dags/youtube_pipeline.py
[2026-09-22T00:43:05.171+0000] {processor.py:830} INFO - Processing file /opt/airflow/dags/youtube_pipeline.py for tasks to queue
[2026-09-22T00:43:05.173+0000] {logging_mixin.py:188} INFO - [2026-09-22T00:43:05.173+0000] {dagbag.py:545} INFO - Filling up the DagBag from /opt/airflow/dags/youtube_pipeline.py
[2026-09-22T00:43:05.217+0000] {processor.py:840} INFO - DAG(s) 'youtube_english_video_pipeline' retrieved from /opt/airflow/dags/youtube_pipeline.py
[2026-09-22T00:43:05.269+0000] {logging_mixin.py:188} INFO - [2026-09-22T00:43:05.269+0000] {dag.py:3089} INFO - Sync 1 DAGs
[2026-09-22T00:43:05.316+0000] {processor.py:183} INFO - Processing /opt/airflow/dags/youtube_pipeline.py took 0.156 seconds
[2026-09-22T00:43:35.439+0000] {processor.py:161} INFO - Started process (PID=30898) to work on /opt/airflow/dags/youtube_pipeline.py
[2026-09-22T00:43:35.440+0000] {processor.py:830} INFO - Processing file /opt/airflow/dags/youtube_pipeline.py for tasks to queue
[2026-09-22T00:43:35.443+0000] {logging_mixin.py:188} INFO - [2026-09-22T00:43:35.443+0000] {dagbag.py:545} INFO - Filling up the DagBag from /opt/airflow/dags/youtube_pipeline.py
[2026-09-22T00:43:35.496+0000] {processor.py:840} INFO - DAG(s) 'youtube_english_video_pipeline' retrieved from /opt/airflow/dags/youtube_pipeline.py
[2026-09-22T00:43:35.585+0000] {logging_mixin.py:188} INFO - [2026-09-22T00:43:35.585+0000] {dag.py:3089} INFO - Sync 1 DAGs
[2026-09-22T00:43:35.670+0000] {processor.py:183} INFO - Processing /opt/airflow/dags/youtube_pipeline.py took 0.242 seconds
[2026-09-22T00:44:05.842+0000] {processor.py:161} INFO - Started process (PID=31081) to work on /opt/airflow/dags/youtube_pipeline.py
[2026-09-22T00:44:05.844+0000] {processor.py:830} INFO - Processing file /opt/airflow/dags/youtube_pipeline.py for tasks to queue
[2026-09-22T00:44:05.847+0000] {logging_mixin.py:188} INFO - [2026-09-22T00:44:05.847+0000] {dagbag.py:545} INFO - Filling up the DagBag from /opt/airflow/dags/youtube_pipeline.py
[2026-09-22T00:44:05.904+0000] {processor.py:840} INFO - DAG(s) 'youtube_english_video_pipeline' retrieved from /opt/airflow/dags/youtube_pipeline.py
[2026-09-22T00:44:05.977+0000] {logging_mixin.py:188} INFO - [2026-09-22T00:44:05.976+0000] {dag.py:3089} INFO - Sync 1 DAGs
[2026-09-22T00:44:06.036+0000] {processor.py:183} INFO - Processing /opt/airflow/dags/youtube_pipeline.py took 0.206 seconds
[2026-09-22T00:44:36.315+0000] {processor.py:161} INFO - Started process (PID=31644) to work on /opt/airflow/dags/youtube_pipeline.py
[2026-09-22T00:44:36.317+0000] {processor.py:830} INFO - Processing file /opt/airflow/dags/youtube_pipeline.py for tasks to queue
[2026-09-22T00:44:36.321+0000] {logging_mixin.py:188} INFO - [2026-09-22T00:44:36.320+0000] {dagbag.py:545} INFO - Filling up the DagBag from /opt/airflow/dags/youtube_pipeline.py
[2026-09-22T00:44:36.440+0000] {processor.py:840} INFO - DAG(s) 'youtube_english_video_pipeline' retrieved from /opt/airflow/dags/youtube_pipeline.py
[2026-09-22T00:44:36.526+0000] {logging_mixin.py:188} INFO - [2026-09-22T00:44:36.525+0000] {dag.py:3089} INFO - Sync 1 DAGs
[2026-09-22T00:44:36.585+0000] {processor.py:183} INFO - Processing /opt/airflow/dags/youtube_pipeline.py took 0.279 seconds
[2026-09-22T00:45:06.882+0000] {processor.py:161} INFO - Started process (PID=32555) to work on /opt/airflow/dags/youtube_pipeline.py
[2026-09-22T00:45:06.884+0000] {processor.py:830} INFO - Processing file /opt/airflow/dags/youtube_pipeline.py for tasks to queue
[2026-09-22T00:45:06.886+0000] {logging_mixin.py:188} INFO - [2026-09-22T00:45:06.886+0000] {dagbag.py:545} INFO - Filling up the DagBag from /opt/airflow/dags/youtube_pipeline.py
[2026-09-22T00:45:06.955+0000] {processor.py:840} INFO - DAG(s) 'youtube_english_video_pipeline' retrieved from /opt/airflow/dags/youtube_pipeline.py
[2026-09-22T00:45:07.020+0000] {logging_mixin.py:188} INFO - [2026-09-22T00:45:07.020+0000] {dag.py:3089} INFO - Sync 1 DAGs
[2026-09-22T00:45:07.074+0000] {processor.py:183} INFO - Processing /opt/airflow/dags/youtube_pipeline.py took 0.202 seconds
[2026-09-22T00:45:37.223+0000] {processor.py:161} INFO - Started process (PID=33315) to work on /opt/airflow/dags/youtube_pipeline.py
[2026-09-22T00:45:37.225+0000] {processor.py:830} INFO - Processing file /opt/airflow/dags/youtube_pipeline.py for tasks to queue
[2026-09-22T00:45:37.228+0000] {logging_mixin.py:188} INFO - [2026-09-22T00:45:37.227+0000] {dagbag.py:545} INFO - Filling up the DagBag from /opt/airflow/dags/youtube_pipeline.py
[2026-09-22T00:45:37.284+0000] {processor.py:840} INFO - DAG(s) 'youtube_english_video_pipeline' retrieved from /opt/airflow/dags/youtube_pipeline.py
[2026-09-22T00:45:37.357+0000] {logging_mixin.py:188} INFO - [2026-09-22T00:45:37.357+0000] {dag.py:3089} INFO - Sync 1 DAGs
[2026-09-22T00:45:37.416+0000] {processor.py:183} INFO - Processing /opt/airflow/dags/youtube_pipeline.py took 0.204 seconds
[2026-09-22T00:46:07.653+0000] {processor.py:161} INFO - Started process (PID=33852) to work on /opt/airflow/dags/youtube_pipeline.py
[2026-09-22T00:46:07.659+0000] {processor.py:830} INFO - Processing file /opt/airflow/dags/youtube_pipeline.py for tasks to queue
[2026-09-22T00:46:07.668+0000] {logging_mixin.py:188} INFO - [2026-09-22T00:46:07.668+0000] {dagbag.py:545} INFO - Filling up the DagBag from /opt/airflow/dags/youtube_pipeline.py
[2026-09-22T00:46:07.778+0000] {processor.py:840} INFO - DAG(s) 'youtube_english_video_pipeline' retrieved from /opt/airflow/dags/youtube_pipeline.py
[2026-09-22T00:46:07.884+0000] {logging_mixin.py:188} INFO - [2026-09-22T00:46:07.884+0000] {dag.py:3089} INFO - Sync 1 DAGs
[2026-09-22T00:46:07.945+0000] {processor.py:183} INFO - Processing /opt/airflow/dags/youtube_pipeline.py took 0.309 seconds
[2026-09-22T00:46:38.320+0000] {processor.py:161} INFO - Started process (PID=33888) to work on /opt/airflow/dags/youtube_pipeline.py
[2026-09-22T00:46:38.322+0000] {processor.py:830} INFO - Processing file /opt/airflow/dags/youtube_pipeline.py for tasks to queue
[2026-09-22T00:46:38.326+0000] {logging_mixin.py:188} INFO - [2026-09-22T00:46:38.325+0000] {dagbag.py:545} INFO - Filling up the DagBag from /opt/airflow/dags/youtube_pipeline.py
[2026-09-22T00:46:38.391+0000] {processor.py:840} INFO - DAG(s) 'youtube_english_video_pipeline' retrieved from /opt/airflow/dags/youtube_pipeline.py
[2026-09-22T00:46:38.438+0000] {logging_mixin.py:188} INFO - [2026-09-22T00:46:38.438+0000] {dag.py:3089} INFO - Sync 1 DAGs
[2026-09-22T00:46:38.487+0000] {processor.py:183} INFO - Processing /opt/airflow/dags/youtube_pipeline.py took 0.182 seconds
[2026-09-22T00:47:08.791+0000] {processor.py:161} INFO - Started process (PID=34447) to work on /opt/airflow/dags/youtube_pipeline.py
[2026-09-22T00:47:08.793+0000] {processor.py:830} INFO - Processing file /opt/airflow/dags/youtube_pipeline.py for tasks to queue
[2026-09-22T00:47:08.796+0000] {logging_mixin.py:188} INFO - [2026-09-22T00:47:08.796+0000] {dagbag.py:545} INFO - Filling up the DagBag from /opt/airflow/dags/youtube_pipeline.py
[2026-09-22T00:47:08.852+0000] {processor.py:840} INFO - DAG(s) 'youtube_english_video_pipeline' retrieved from /opt/airflow/dags/youtube_pipeline.py
[2026-09-22T00:47:08.917+0000] {logging_mixin.py:188} INFO - [2026-09-22T00:47:08.917+0000] {dag.py:3089} INFO - Sync 1 DAGs
[2026-09-22T00:47:08.980+0000] {processor.py:183} INFO - Processing /opt/airflow/dags/youtube_pipeline.py took 0.200 seconds
[2026-09-22T00:47:39.331+0000] {processor.py:161} INFO - Started process (PID=35358) to work on /opt/airflow/dags/youtube_pipeline.py
[2026-09-22T00:47:39.333+0000] {processor.py:830} INFO - Processing file /opt/airflow/dags/youtube_pipeline.py for tasks to queue
[2026-09-22T00:47:39.340+0000] {logging_mixin.py:188} INFO - [2026-09-22T00:47:39.339+0000] {dagbag.py:545} INFO - Filling up the DagBag from /opt/airflow/dags/youtube_pipeline.py
[2026-09-22T00:47:39.393+0000] {processor.py:840} INFO - DAG(s) 'youtube_english_video_pipeline' retrieved from /opt/airflow/dags/youtube_pipeline.py
[2026-09-22T00:47:39.459+0000] {logging_mixin.py:188} INFO - [2026-09-22T00:47:39.459+0000] {dag.py:3089} INFO - Sync 1 DAGs
[2026-09-22T00:47:39.509+0000] {processor.py:183} INFO - Processing /opt/airflow/dags/youtube_pipeline.py took 0.188 seconds
[2026-09-22T01:46:11.465+0000] {processor.py:161} INFO - Started process (PID=36118) to work on /opt/airflow/dags/youtube_pipeline.py
[2026-09-22T01:46:11.566+0000] {processor.py:830} INFO - Processing file /opt/airflow/dags/youtube_pipeline.py for tasks to queue
[2026-09-22T01:46:11.655+0000] {logging_mixin.py:188} INFO - [2026-09-22T01:46:11.655+0000] {dagbag.py:545} INFO - Filling up the DagBag from /opt/airflow/dags/youtube_pipeline.py
[2026-09-22T07:44:27.738+0000] {processor.py:840} INFO - DAG(s) 'youtube_english_video_pipeline' retrieved from /opt/airflow/dags/youtube_pipeline.py
[2026-09-22T07:44:27.807+0000] {logging_mixin.py:188} INFO - [2026-09-22T07:44:27.806+0000] {dag.py:3089} INFO - Sync 1 DAGs
[2026-09-22T07:44:27.876+0000] {processor.py:183} INFO - Processing /opt/airflow/dags/youtube_pipeline.py took 4.023 seconds
[2026-09-22T13:13:43.683+0000] {processor.py:161} INFO - Started process (PID=36123) to work on /opt/airflow/dags/youtube_pipeline.py
[2026-09-22T13:13:43.713+0000] {processor.py:830} INFO - Processing file /opt/airflow/dags/youtube_pipeline.py for tasks to queue
[2026-09-22T13:13:43.748+0000] {logging_mixin.py:188} INFO - [2026-09-22T13:13:43.747+0000] {dagbag.py:545} INFO - Filling up the DagBag from /opt/airflow/dags/youtube_pipeline.py
[2026-09-22T13:13:44.692+0000] {processor.py:840} INFO - DAG(s) 'youtube_english_video_pipeline' retrieved from /opt/airflow/dags/youtube_pipeline.py
[2026-09-22T13:13:44.771+0000] {logging_mixin.py:188} INFO - [2026-09-22T13:13:44.770+0000] {dag.py:3089} INFO - Sync 1 DAGs
[2026-09-22T13:13:44.897+0000] {processor.py:183} INFO - Processing /opt/airflow/dags/youtube_pipeline.py took 1.286 seconds
[2026-09-22T13:14:15.234+0000] {processor.py:161} INFO - Started process (PID=36509) to work on /opt/airflow/dags/youtube_pipeline.py
[2026-09-22T13:14:15.238+0000] {processor.py:830} INFO - Processing file /opt/airflow/dags/youtube_pipeline.py for tasks to queue
[2026-09-22T13:14:15.243+0000] {logging_mixin.py:188} INFO - [2026-09-22T13:14:15.242+0000] {dagbag.py:545} INFO - Filling up the DagBag from /opt/airflow/dags/youtube_pipeline.py
[2026-09-22T13:14:15.353+0000] {processor.py:840} INFO - DAG(s) 'youtube_english_video_pipeline' retrieved from /opt/airflow/dags/youtube_pipeline.py
[2026-09-22T13:14:15.458+0000] {logging_mixin.py:188} INFO - [2026-09-22T13:14:15.457+0000] {taskinstance.py:2907} ERROR - {'DAG Id': 'youtube_english_video_pipeline', 'Task Id': 'build_long_video_1', 'Run Id': 'manual__2026-09-22T00:11:03.570129+00:00', 'Hostname': '73b18333cdfe'}
[2026-09-22T13:14:15.538+0000] {logging_mixin.py:188} INFO - [2026-09-22T13:14:15.538+0000] {taskinstance.py:1206} INFO - Marking task as UP_FOR_RETRY. dag_id=youtube_english_video_pipeline, task_id=build_long_video_1, run_id=manual__2026-09-22T00:11:03.570129+00:00, execution_date=20260922T001103, start_date=20260922T004654, end_date=20260922T131415
[2026-09-22T13:14:15.586+0000] {processor.py:791} INFO - Executed failure callback for <TaskInstance: youtube_english_video_pipeline.build_long_video_1 manual__2026-09-22T00:11:03.570129+00:00 [up_for_retry]> in state up_for_retry
[2026-09-22T13:14:15.697+0000] {logging_mixin.py:188} INFO - [2026-09-22T13:14:15.696+0000] {dag.py:3089} INFO - Sync 1 DAGs
[2026-09-22T13:14:15.779+0000] {processor.py:183} INFO - Processing /opt/airflow/dags/youtube_pipeline.py took 0.564 seconds
[2026-09-22T13:14:46.060+0000] {processor.py:161} INFO - Started process (PID=36514) to work on /opt/airflow/dags/youtube_pipeline.py
[2026-09-22T13:14:46.061+0000] {processor.py:830} INFO - Processing file /opt/airflow/dags/youtube_pipeline.py for tasks to queue
[2026-09-22T13:14:46.063+0000] {logging_mixin.py:188} INFO - [2026-09-22T13:14:46.063+0000] {dagbag.py:545} INFO - Filling up the DagBag from /opt/airflow/dags/youtube_pipeline.py
[2026-09-22T13:14:46.089+0000] {processor.py:840} INFO - DAG(s) 'youtube_english_video_pipeline' retrieved from /opt/airflow/dags/youtube_pipeline.py
[2026-09-22T13:14:46.123+0000] {logging_mixin.py:188} INFO - [2026-09-22T13:14:46.123+0000] {dag.py:3089} INFO - Sync 1 DAGs
[2026-09-22T13:14:46.152+0000] {processor.py:183} INFO - Processing /opt/airflow/dags/youtube_pipeline.py took 0.098 seconds
[2026-09-22T13:15:16.287+0000] {processor.py:161} INFO - Started process (PID=36519) to work on /opt/airflow/dags/youtube_pipeline.py
[2026-09-22T13:15:16.288+0000] {processor.py:830} INFO - Processing file /opt/airflow/dags/youtube_pipeline.py for tasks to queue
[2026-09-22T13:15:16.291+0000] {logging_mixin.py:188} INFO - [2026-09-22T13:15:16.291+0000] {dagbag.py:545} INFO - Filling up the DagBag from /opt/airflow/dags/youtube_pipeline.py
[2026-09-22T13:15:16.328+0000] {processor.py:840} INFO - DAG(s) 'youtube_english_video_pipeline' retrieved from /opt/airflow/dags/youtube_pipeline.py
[2026-09-22T13:15:16.367+0000] {logging_mixin.py:188} INFO - [2026-09-22T13:15:16.367+0000] {dag.py:3089} INFO - Sync 1 DAGs
[2026-09-22T13:15:16.401+0000] {processor.py:183} INFO - Processing /opt/airflow/dags/youtube_pipeline.py took 0.120 seconds
[2026-09-22T13:15:46.611+0000] {processor.py:161} INFO - Started process (PID=36524) to work on /opt/airflow/dags/youtube_pipeline.py
[2026-09-22T13:15:46.613+0000] {processor.py:830} INFO - Processing file /opt/airflow/dags/youtube_pipeline.py for tasks to queue
[2026-09-22T13:15:46.616+0000] {logging_mixin.py:188} INFO - [2026-09-22T13:15:46.615+0000] {dagbag.py:545} INFO - Filling up the DagBag from /opt/airflow/dags/youtube_pipeline.py
[2026-09-22T13:15:46.665+0000] {processor.py:840} INFO - DAG(s) 'youtube_english_video_pipeline' retrieved from /opt/airflow/dags/youtube_pipeline.py
[2026-09-22T13:15:46.698+0000] {logging_mixin.py:188} INFO - [2026-09-22T13:15:46.697+0000] {dag.py:3089} INFO - Sync 1 DAGs
[2026-09-22T13:15:46.728+0000] {processor.py:183} INFO - Processing /opt/airflow/dags/youtube_pipeline.py took 0.128 seconds
[2026-09-22T13:16:16.846+0000] {processor.py:161} INFO - Started process (PID=36529) to work on /opt/airflow/dags/youtube_pipeline.py
[2026-09-22T13:16:16.848+0000] {processor.py:830} INFO - Processing file /opt/airflow/dags/youtube_pipeline.py for tasks to queue
[2026-09-22T13:16:16.849+0000] {logging_mixin.py:188} INFO - [2026-09-22T13:16:16.849+0000] {dagbag.py:545} INFO - Filling up the DagBag from /opt/airflow/dags/youtube_pipeline.py
[2026-09-22T13:16:16.887+0000] {processor.py:840} INFO - DAG(s) 'youtube_english_video_pipeline' retrieved from /opt/airflow/dags/youtube_pipeline.py
[2026-09-22T13:16:16.919+0000] {logging_mixin.py:188} INFO - [2026-09-22T13:16:16.919+0000] {dag.py:3089} INFO - Sync 1 DAGs
[2026-09-22T13:16:16.951+0000] {processor.py:183} INFO - Processing /opt/airflow/dags/youtube_pipeline.py took 0.112 seconds
[2026-09-22T13:16:47.234+0000] {processor.py:161} INFO - Started process (PID=36534) to work on /opt/airflow/dags/youtube_pipeline.py
[2026-09-22T13:16:47.236+0000] {processor.py:830} INFO - Processing file /opt/airflow/dags/youtube_pipeline.py for tasks to queue
[2026-09-22T13:16:47.239+0000] {logging_mixin.py:188} INFO - [2026-09-22T13:16:47.239+0000] {dagbag.py:545} INFO - Filling up the DagBag from /opt/airflow/dags/youtube_pipeline.py
[2026-09-22T13:16:47.298+0000] {processor.py:840} INFO - DAG(s) 'youtube_english_video_pipeline' retrieved from /opt/airflow/dags/youtube_pipeline.py
[2026-09-22T13:16:47.343+0000] {logging_mixin.py:188} INFO - [2026-09-22T13:16:47.343+0000] {dag.py:3089} INFO - Sync 1 DAGs
[2026-09-22T13:16:47.397+0000] {processor.py:183} INFO - Processing /opt/airflow/dags/youtube_pipeline.py took 0.175 seconds
[2026-09-22T13:17:17.633+0000] {processor.py:161} INFO - Started process (PID=36539) to work on /opt/airflow/dags/youtube_pipeline.py
[2026-09-22T13:17:17.634+0000] {processor.py:830} INFO - Processing file /opt/airflow/dags/youtube_pipeline.py for tasks to queue
[2026-09-22T13:17:17.637+0000] {logging_mixin.py:188} INFO - [2026-09-22T13:17:17.636+0000] {dagbag.py:545} INFO - Filling up the DagBag from /opt/airflow/dags/youtube_pipeline.py
[2026-09-22T13:17:17.685+0000] {processor.py:840} INFO - DAG(s) 'youtube_english_video_pipeline' retrieved from /opt/airflow/dags/youtube_pipeline.py
[2026-09-22T13:17:17.718+0000] {logging_mixin.py:188} INFO - [2026-09-22T13:17:17.717+0000] {dag.py:3089} INFO - Sync 1 DAGs
[2026-09-22T13:17:17.752+0000] {processor.py:183} INFO - Processing /opt/airflow/dags/youtube_pipeline.py took 0.129 seconds
