[2026-09-06T12:54:19.879+0000] {local_task_job_runner.py:120} INFO - ::group::Pre task execution logs
[2026-09-06T12:54:19.919+0000] {taskinstance.py:2076} INFO - Dependencies all met for dep_context=non-requeueable deps ti=<TaskInstance: youtube_english_video_pipeline.build_short_video_1 scheduled__2026-09-05T12:00:00+00:00 [queued]>
[2026-09-06T12:54:19.933+0000] {taskinstance.py:2076} INFO - Dependencies all met for dep_context=requeueable deps ti=<TaskInstance: youtube_english_video_pipeline.build_short_video_1 scheduled__2026-09-05T12:00:00+00:00 [queued]>
[2026-09-06T12:54:19.935+0000] {taskinstance.py:2306} INFO - Starting attempt 1 of 3
[2026-09-06T12:54:19.948+0000] {taskinstance.py:2330} INFO - Executing <Task(PythonOperator): build_short_video_1> on 2026-09-05 12:00:00+00:00
[2026-09-06T12:54:19.955+0000] {standard_task_runner.py:64} INFO - Started process 32845 to run task
[2026-09-06T12:54:19.959+0000] {standard_task_runner.py:90} INFO - Running: ['airflow', 'tasks', 'run', 'youtube_english_video_pipeline', 'build_short_video_1', 'scheduled__2026-09-05T12:00:00+00:00', '--job-id', '1001', '--raw', '--subdir', 'DAGS_FOLDER/youtube_pipeline.py', '--cfg-path', '/tmp/tmp0g3eoy8u']
[2026-09-06T12:54:19.964+0000] {standard_task_runner.py:91} INFO - Job 1001: Subtask build_short_video_1
[2026-09-06T12:54:20.046+0000] {task_command.py:426} INFO - Running <TaskInstance: youtube_english_video_pipeline.build_short_video_1 scheduled__2026-09-05T12:00:00+00:00 [running]> on host cc859d74cf38
[2026-09-06T12:54:20.271+0000] {taskinstance.py:2648} INFO - Exporting env vars: AIRFLOW_CTX_DAG_OWNER='taky' AIRFLOW_CTX_DAG_ID='youtube_english_video_pipeline' AIRFLOW_CTX_TASK_ID='build_short_video_1' AIRFLOW_CTX_EXECUTION_DATE='2026-09-05T12:00:00+00:00' AIRFLOW_CTX_TRY_NUMBER='1' AIRFLOW_CTX_DAG_RUN_ID='scheduled__2026-09-05T12:00:00+00:00'
[2026-09-06T12:54:20.272+0000] {taskinstance.py:430} INFO - ::endgroup::
[2026-09-06T12:54:21.037+0000] {logging_mixin.py:188} INFO - 2026-09-06 12:54:21,037 | INFO     | planner.video_planner | Planned SHORT video: topic='Restaurant English', phrases=1
[2026-09-06T12:54:21.425+0000] {logging_mixin.py:188} INFO - 2026-09-06 12:54:21,425 | INFO     | tts.edge_tts | Synthesized audio -> /opt/airflow/output/audio/phrase_2601.mp3
[2026-09-06T12:54:21.909+0000] {logging_mixin.py:188} INFO - 2026-09-06 12:54:21,909 | INFO     | tts.edge_tts | Synthesized audio -> /opt/airflow/output/audio/example_2601.mp3
[2026-09-06T12:54:22.765+0000] {logging_mixin.py:188} INFO - 2026-09-06 12:54:22,765 | INFO     | media.image_downloader | Downloaded background image for scene='diner' -> /opt/airflow/output/images/short_2601.jpg
[2026-09-06T12:54:26.352+0000] {logging_mixin.py:188} INFO - 2026-09-06 12:54:26,351 | WARNING  | video.video_builder | BGM file not found at /opt/airflow/assets/bgm/short_bgm.mp3, rendering without background music
[2026-09-06T12:54:28.160+0000] {logging_mixin.py:188} INFO - 2026-09-06 12:54:28,160 | INFO     | video.video_builder | Final video rendered -> /opt/airflow/output/videos/short_2601.mp4
[2026-09-06T12:54:32.978+0000] {python.py:237} INFO - Done. Returned value was: {'video_id': 299, 'file_path': '/opt/airflow/output/videos/short_2601.mp4', 'title': '"Can I get this to go?" | Essential Restaurant English #Shorts', 'description': 'Can\'t finish your meal at a restaurant? Here is the natural phrase native English speakers use!\n\n👉 "Can I get this to go?"\nExample: "I don\'t have time to finish my sandwich, can I get this to go?"\n\nUse this everyday expression whenever you want your food packed up to take home.\n\n🔔 Subscribe to Taky\'s Language School for daily practical English tips and real-life conversation phrases!\n\n#LearnEnglish #RestaurantEnglish #SpokenEnglish #EnglishPhrases #ESL #Shorts', 'tags': ['restaurant english', 'can i get this to go', 'spoken english', 'learn english', 'english phrases', 'takys language school', 'ordering food in english', 'english for beginners', 'daily english', 'english shorts', 'takeout english', 'travel english'], 'video_type': 'short'}
[2026-09-06T12:54:32.980+0000] {taskinstance.py:441} INFO - ::group::Post task execution logs
[2026-09-06T12:54:33.009+0000] {taskinstance.py:1206} INFO - Marking task as SUCCESS. dag_id=youtube_english_video_pipeline, task_id=build_short_video_1, run_id=scheduled__2026-09-05T12:00:00+00:00, execution_date=20260905T120000, start_date=20260906T125419, end_date=20260906T125433
[2026-09-06T12:54:33.041+0000] {local_task_job_runner.py:243} INFO - Task exited with return code 0
[2026-09-06T12:54:33.247+0000] {taskinstance.py:3503} INFO - 1 downstream tasks scheduled from follow-on schedule check
[2026-09-06T12:54:33.252+0000] {local_task_job_runner.py:222} INFO - ::endgroup::
