[2026-09-22T00:29:25.885+0000] {local_task_job_runner.py:120} INFO - ::group::Pre task execution logs
[2026-09-22T00:29:25.931+0000] {taskinstance.py:2076} INFO - Dependencies all met for dep_context=non-requeueable deps ti=<TaskInstance: youtube_english_video_pipeline.build_short_video_5 scheduled__2026-09-20T12:00:00+00:00 [queued]>
[2026-09-22T00:29:25.941+0000] {taskinstance.py:2076} INFO - Dependencies all met for dep_context=requeueable deps ti=<TaskInstance: youtube_english_video_pipeline.build_short_video_5 scheduled__2026-09-20T12:00:00+00:00 [queued]>
[2026-09-22T00:29:25.942+0000] {taskinstance.py:2306} INFO - Starting attempt 1 of 3
[2026-09-22T00:29:25.962+0000] {taskinstance.py:2330} INFO - Executing <Task(PythonOperator): build_short_video_5> on 2026-09-20 12:00:00+00:00
[2026-09-22T00:29:25.970+0000] {standard_task_runner.py:64} INFO - Started process 15193 to run task
[2026-09-22T00:29:25.975+0000] {standard_task_runner.py:90} INFO - Running: ['airflow', 'tasks', 'run', 'youtube_english_video_pipeline', 'build_short_video_5', 'scheduled__2026-09-20T12:00:00+00:00', '--job-id', '1477', '--raw', '--subdir', 'DAGS_FOLDER/youtube_pipeline.py', '--cfg-path', '/tmp/tmp9gpt9nax']
[2026-09-22T00:29:25.978+0000] {standard_task_runner.py:91} INFO - Job 1477: Subtask build_short_video_5
[2026-09-22T00:29:26.068+0000] {task_command.py:426} INFO - Running <TaskInstance: youtube_english_video_pipeline.build_short_video_5 scheduled__2026-09-20T12:00:00+00:00 [running]> on host 73b18333cdfe
[2026-09-22T00:29:26.353+0000] {taskinstance.py:2648} INFO - Exporting env vars: AIRFLOW_CTX_DAG_OWNER='taky' AIRFLOW_CTX_DAG_ID='youtube_english_video_pipeline' AIRFLOW_CTX_TASK_ID='build_short_video_5' AIRFLOW_CTX_EXECUTION_DATE='2026-09-20T12:00:00+00:00' AIRFLOW_CTX_TRY_NUMBER='1' AIRFLOW_CTX_DAG_RUN_ID='scheduled__2026-09-20T12:00:00+00:00'
[2026-09-22T00:29:26.354+0000] {taskinstance.py:430} INFO - ::endgroup::
[2026-09-22T00:29:27.444+0000] {logging_mixin.py:188} INFO - 2026-09-22 00:29:27,444 | INFO     | planner.video_planner | Planned SHORT video: topic='General English', phrases=1
[2026-09-22T00:29:27.813+0000] {logging_mixin.py:188} INFO - 2026-09-22 00:29:27,813 | INFO     | tts.edge_tts | Synthesized audio -> /opt/airflow/output/audio/phrase_3531.mp3
[2026-09-22T00:29:28.126+0000] {logging_mixin.py:188} INFO - 2026-09-22 00:29:28,126 | INFO     | tts.edge_tts | Synthesized audio -> /opt/airflow/output/audio/example_3531.mp3
[2026-09-22T00:29:28.741+0000] {logging_mixin.py:188} INFO - 2026-09-22 00:29:28,741 | INFO     | media.image_downloader | Downloaded background image for scene='conversation' -> /opt/airflow/output/images/short_3531.jpg
[2026-09-22T00:29:32.612+0000] {logging_mixin.py:188} INFO - 2026-09-22 00:29:32,612 | WARNING  | video.video_builder | BGM file not found at /opt/airflow/assets/bgm/short_bgm.mp3, rendering without background music
[2026-09-22T00:29:34.642+0000] {logging_mixin.py:188} INFO - 2026-09-22 00:29:34,641 | INFO     | video.video_builder | Final video rendered -> /opt/airflow/output/videos/short_3531.mp4
[2026-09-22T00:29:36.463+0000] {python.py:237} INFO - Done. Returned value was: {'video_id': 452, 'file_path': '/opt/airflow/output/videos/short_3531.mp4', 'title': 'General English: How to Ask Someone to Speak Slower', 'description': 'General English: Learn the most natural way to ask a native speaker to slow down when you are struggling to keep up. In this lesson, we cover a polite and effective phrase that you can use immediately when you find yourself lost in a conversation. Stop feeling anxious about not understanding fast-paced English and use this simple, professional expression to take control of the conversation. Perfect for Japanese speakers looking to improve their practical, conversational English skills.', 'tags': ['General English', 'English conversation', 'Speak English naturally', 'English for Japanese speakers', 'Learn English fast', "Taky's Language School", 'Spoken English'], 'video_type': 'short'}
[2026-09-22T00:29:36.467+0000] {taskinstance.py:441} INFO - ::group::Post task execution logs
[2026-09-22T00:29:36.513+0000] {taskinstance.py:1206} INFO - Marking task as SUCCESS. dag_id=youtube_english_video_pipeline, task_id=build_short_video_5, run_id=scheduled__2026-09-20T12:00:00+00:00, execution_date=20260920T120000, start_date=20260922T002925, end_date=20260922T002936
[2026-09-22T00:29:36.593+0000] {local_task_job_runner.py:243} INFO - Task exited with return code 0
[2026-09-22T00:29:36.881+0000] {taskinstance.py:3503} INFO - 1 downstream tasks scheduled from follow-on schedule check
[2026-09-22T00:29:36.890+0000] {local_task_job_runner.py:222} INFO - ::endgroup::
