[2026-07-29T12:27:39.204+0000] {local_task_job_runner.py:120} INFO - ::group::Pre task execution logs
[2026-07-29T12:27:39.272+0000] {taskinstance.py:2076} INFO - Dependencies all met for dep_context=non-requeueable deps ti=<TaskInstance: youtube_english_video_pipeline.build_long_video_1 scheduled__2026-07-28T12:00:00+00:00 [queued]>
[2026-07-29T12:27:39.287+0000] {taskinstance.py:2076} INFO - Dependencies all met for dep_context=requeueable deps ti=<TaskInstance: youtube_english_video_pipeline.build_long_video_1 scheduled__2026-07-28T12:00:00+00:00 [queued]>
[2026-07-29T12:27:39.290+0000] {taskinstance.py:2306} INFO - Starting attempt 1 of 3
[2026-07-29T12:27:39.319+0000] {taskinstance.py:2330} INFO - Executing <Task(PythonOperator): build_long_video_1> on 2026-07-28 12:00:00+00:00
[2026-07-29T12:27:39.329+0000] {standard_task_runner.py:64} INFO - Started process 40209 to run task
[2026-07-29T12:27:39.334+0000] {standard_task_runner.py:90} INFO - Running: ['airflow', 'tasks', 'run', 'youtube_english_video_pipeline', 'build_long_video_1', 'scheduled__2026-07-28T12:00:00+00:00', '--job-id', '540', '--raw', '--subdir', 'DAGS_FOLDER/youtube_pipeline.py', '--cfg-path', '/tmp/tmpcgxoky_o']
[2026-07-29T12:27:39.340+0000] {standard_task_runner.py:91} INFO - Job 540: Subtask build_long_video_1
[2026-07-29T12:27:39.497+0000] {task_command.py:426} INFO - Running <TaskInstance: youtube_english_video_pipeline.build_long_video_1 scheduled__2026-07-28T12:00:00+00:00 [running]> on host cc859d74cf38
[2026-07-29T12:27:39.888+0000] {taskinstance.py:2648} INFO - Exporting env vars: AIRFLOW_CTX_DAG_OWNER='taky' AIRFLOW_CTX_DAG_ID='youtube_english_video_pipeline' AIRFLOW_CTX_TASK_ID='build_long_video_1' AIRFLOW_CTX_EXECUTION_DATE='2026-07-28T12:00:00+00:00' AIRFLOW_CTX_TRY_NUMBER='1' AIRFLOW_CTX_DAG_RUN_ID='scheduled__2026-07-28T12:00:00+00:00'
[2026-07-29T12:27:39.891+0000] {taskinstance.py:430} INFO - ::endgroup::
[2026-07-29T12:27:42.141+0000] {logging_mixin.py:188} INFO - 2026-07-29 12:27:42,140 | INFO     | planner.video_planner | Only 9 phrases for topic='Shopping English', topping up without topic filter
[2026-07-29T12:27:42.161+0000] {logging_mixin.py:188} INFO - 2026-07-29 12:27:42,161 | INFO     | planner.video_planner | Planned LONG video: topic='Mixed English Expressions', phrases=20
[2026-07-29T12:27:42.583+0000] {logging_mixin.py:188} INFO - 2026-07-29 12:27:42,583 | INFO     | tts.edge_tts | Synthesized audio -> /opt/airflow/output/audio/phrase_1235.mp3
[2026-07-29T12:27:43.081+0000] {logging_mixin.py:188} INFO - 2026-07-29 12:27:43,080 | INFO     | tts.edge_tts | Synthesized audio -> /opt/airflow/output/audio/example_1235.mp3
[2026-07-29T12:27:43.441+0000] {logging_mixin.py:188} INFO - 2026-07-29 12:27:43,440 | INFO     | media.image_downloader | Downloaded background image for scene='cafe' -> /opt/airflow/output/images/long_1235.jpg
[2026-07-29T12:27:50.819+0000] {logging_mixin.py:188} INFO - 2026-07-29 12:27:50,818 | INFO     | tts.edge_tts | Synthesized audio -> /opt/airflow/output/audio/phrase_1232.mp3
[2026-07-29T12:27:51.192+0000] {logging_mixin.py:188} INFO - 2026-07-29 12:27:51,192 | INFO     | tts.edge_tts | Synthesized audio -> /opt/airflow/output/audio/example_1232.mp3
[2026-07-29T12:27:51.482+0000] {logging_mixin.py:188} INFO - 2026-07-29 12:27:51,482 | INFO     | media.image_downloader | Downloaded background image for scene='hotel' -> /opt/airflow/output/images/long_1232.jpg
[2026-07-29T12:27:58.093+0000] {logging_mixin.py:188} INFO - 2026-07-29 12:27:58,092 | INFO     | tts.edge_tts | Synthesized audio -> /opt/airflow/output/audio/phrase_1217.mp3
[2026-07-29T12:27:58.863+0000] {logging_mixin.py:188} INFO - 2026-07-29 12:27:58,863 | INFO     | tts.edge_tts | Synthesized audio -> /opt/airflow/output/audio/example_1217.mp3
[2026-07-29T12:27:59.706+0000] {logging_mixin.py:188} INFO - 2026-07-29 12:27:59,706 | INFO     | media.image_downloader | Downloaded background image for scene='hotel' -> /opt/airflow/output/images/long_1217.jpg
[2026-07-29T12:28:10.027+0000] {logging_mixin.py:188} INFO - 2026-07-29 12:28:10,027 | INFO     | tts.edge_tts | Synthesized audio -> /opt/airflow/output/audio/phrase_1247.mp3
[2026-07-29T12:28:11.012+0000] {logging_mixin.py:188} INFO - 2026-07-29 12:28:11,012 | INFO     | tts.edge_tts | Synthesized audio -> /opt/airflow/output/audio/example_1247.mp3
[2026-07-29T12:28:11.612+0000] {logging_mixin.py:188} INFO - 2026-07-29 12:28:11,612 | INFO     | media.image_downloader | Downloaded background image for scene='party' -> /opt/airflow/output/images/long_1247.jpg
[2026-07-29T12:28:19.770+0000] {logging_mixin.py:188} INFO - 2026-07-29 12:28:19,770 | INFO     | tts.edge_tts | Synthesized audio -> /opt/airflow/output/audio/phrase_1237.mp3
[2026-07-29T12:28:20.581+0000] {logging_mixin.py:188} INFO - 2026-07-29 12:28:20,581 | INFO     | tts.edge_tts | Synthesized audio -> /opt/airflow/output/audio/example_1237.mp3
[2026-07-29T12:28:21.313+0000] {logging_mixin.py:188} INFO - 2026-07-29 12:28:21,313 | INFO     | media.image_downloader | Downloaded background image for scene='street' -> /opt/airflow/output/images/long_1237.jpg
[2026-07-29T12:28:37.661+0000] {logging_mixin.py:188} INFO - 2026-07-29 12:28:37,661 | INFO     | tts.edge_tts | Synthesized audio -> /opt/airflow/output/audio/phrase_1239.mp3
[2026-07-29T12:28:38.101+0000] {logging_mixin.py:188} INFO - 2026-07-29 12:28:38,101 | INFO     | tts.edge_tts | Synthesized audio -> /opt/airflow/output/audio/example_1239.mp3
[2026-07-29T12:28:38.409+0000] {logging_mixin.py:188} INFO - 2026-07-29 12:28:38,409 | INFO     | media.image_downloader | Downloaded background image for scene='hotel' -> /opt/airflow/output/images/long_1239.jpg
[2026-07-29T12:28:57.761+0000] {logging_mixin.py:188} INFO - 2026-07-29 12:28:57,761 | INFO     | tts.edge_tts | Synthesized audio -> /opt/airflow/output/audio/phrase_1227.mp3
[2026-07-29T12:28:58.290+0000] {logging_mixin.py:188} INFO - 2026-07-29 12:28:58,290 | INFO     | tts.edge_tts | Synthesized audio -> /opt/airflow/output/audio/example_1227.mp3
[2026-07-29T12:28:58.775+0000] {logging_mixin.py:188} INFO - 2026-07-29 12:28:58,775 | INFO     | media.image_downloader | Downloaded background image for scene='park' -> /opt/airflow/output/images/long_1227.jpg
[2026-07-29T12:29:12.783+0000] {logging_mixin.py:188} INFO - 2026-07-29 12:29:12,783 | INFO     | tts.edge_tts | Synthesized audio -> /opt/airflow/output/audio/phrase_1248.mp3
[2026-07-29T12:29:13.530+0000] {logging_mixin.py:188} INFO - 2026-07-29 12:29:13,530 | INFO     | tts.edge_tts | Synthesized audio -> /opt/airflow/output/audio/example_1248.mp3
[2026-07-29T12:29:14.026+0000] {logging_mixin.py:188} INFO - 2026-07-29 12:29:14,026 | INFO     | media.image_downloader | Downloaded background image for scene='classroom' -> /opt/airflow/output/images/long_1248.jpg
[2026-07-29T12:29:22.574+0000] {logging_mixin.py:188} INFO - 2026-07-29 12:29:22,574 | INFO     | tts.edge_tts | Synthesized audio -> /opt/airflow/output/audio/phrase_1236.mp3
[2026-07-29T12:29:23.168+0000] {logging_mixin.py:188} INFO - 2026-07-29 12:29:23,168 | INFO     | tts.edge_tts | Synthesized audio -> /opt/airflow/output/audio/example_1236.mp3
[2026-07-29T12:29:23.457+0000] {logging_mixin.py:188} INFO - 2026-07-29 12:29:23,457 | INFO     | media.image_downloader | Downloaded background image for scene='home' -> /opt/airflow/output/images/long_1236.jpg
[2026-07-29T12:29:32.750+0000] {logging_mixin.py:188} INFO - 2026-07-29 12:29:32,750 | INFO     | tts.edge_tts | Synthesized audio -> /opt/airflow/output/audio/phrase_1253.mp3
[2026-07-29T12:29:33.463+0000] {logging_mixin.py:188} INFO - 2026-07-29 12:29:33,462 | INFO     | tts.edge_tts | Synthesized audio -> /opt/airflow/output/audio/example_1253.mp3
[2026-07-29T12:29:35.907+0000] {logging_mixin.py:188} INFO - 2026-07-29 12:29:35,906 | INFO     | media.image_downloader | Downloaded background image for scene='terminal' -> /opt/airflow/output/images/long_1253.jpg
[2026-07-29T12:29:46.909+0000] {logging_mixin.py:188} INFO - 2026-07-29 12:29:46,909 | INFO     | tts.edge_tts | Synthesized audio -> /opt/airflow/output/audio/phrase_1256.mp3
[2026-07-29T12:29:47.544+0000] {logging_mixin.py:188} INFO - 2026-07-29 12:29:47,544 | INFO     | tts.edge_tts | Synthesized audio -> /opt/airflow/output/audio/example_1256.mp3
[2026-07-29T12:29:48.504+0000] {logging_mixin.py:188} INFO - 2026-07-29 12:29:48,504 | INFO     | media.image_downloader | Downloaded background image for scene='park' -> /opt/airflow/output/images/long_1256.jpg
[2026-07-29T12:29:59.469+0000] {logging_mixin.py:188} INFO - 2026-07-29 12:29:59,469 | INFO     | tts.edge_tts | Synthesized audio -> /opt/airflow/output/audio/phrase_1257.mp3
[2026-07-29T12:30:00.190+0000] {logging_mixin.py:188} INFO - 2026-07-29 12:30:00,190 | INFO     | tts.edge_tts | Synthesized audio -> /opt/airflow/output/audio/example_1257.mp3
[2026-07-29T12:30:01.238+0000] {logging_mixin.py:188} INFO - 2026-07-29 12:30:01,238 | INFO     | media.image_downloader | Downloaded background image for scene='reception' -> /opt/airflow/output/images/long_1257.jpg
[2026-07-29T12:30:07.417+0000] {logging_mixin.py:188} INFO - 2026-07-29 12:30:07,417 | INFO     | tts.edge_tts | Synthesized audio -> /opt/airflow/output/audio/phrase_1258.mp3
[2026-07-29T12:30:07.850+0000] {logging_mixin.py:188} INFO - 2026-07-29 12:30:07,849 | INFO     | tts.edge_tts | Synthesized audio -> /opt/airflow/output/audio/example_1258.mp3
[2026-07-29T12:30:08.141+0000] {logging_mixin.py:188} INFO - 2026-07-29 12:30:08,141 | INFO     | media.image_downloader | Downloaded background image for scene='clothing' -> /opt/airflow/output/images/long_1258.jpg
[2026-07-29T12:30:13.298+0000] {logging_mixin.py:188} INFO - 2026-07-29 12:30:13,298 | INFO     | tts.edge_tts | Synthesized audio -> /opt/airflow/output/audio/phrase_1259.mp3
[2026-07-29T12:30:13.790+0000] {logging_mixin.py:188} INFO - 2026-07-29 12:30:13,790 | INFO     | tts.edge_tts | Synthesized audio -> /opt/airflow/output/audio/example_1259.mp3
[2026-07-29T12:30:14.751+0000] {logging_mixin.py:188} INFO - 2026-07-29 12:30:14,751 | INFO     | media.image_downloader | Downloaded background image for scene='desk' -> /opt/airflow/output/images/long_1259.jpg
[2026-07-29T12:30:20.141+0000] {logging_mixin.py:188} INFO - 2026-07-29 12:30:20,141 | INFO     | tts.edge_tts | Synthesized audio -> /opt/airflow/output/audio/phrase_1246.mp3
[2026-07-29T12:30:20.508+0000] {logging_mixin.py:188} INFO - 2026-07-29 12:30:20,508 | INFO     | tts.edge_tts | Synthesized audio -> /opt/airflow/output/audio/example_1246.mp3
[2026-07-29T12:30:20.913+0000] {logging_mixin.py:188} INFO - 2026-07-29 12:30:20,913 | INFO     | media.image_downloader | Downloaded background image for scene='cafeteria' -> /opt/airflow/output/images/long_1246.jpg
[2026-07-29T12:30:26.225+0000] {logging_mixin.py:188} INFO - 2026-07-29 12:30:26,225 | INFO     | tts.edge_tts | Synthesized audio -> /opt/airflow/output/audio/phrase_1265.mp3
[2026-07-29T12:30:26.625+0000] {logging_mixin.py:188} INFO - 2026-07-29 12:30:26,625 | INFO     | tts.edge_tts | Synthesized audio -> /opt/airflow/output/audio/example_1265.mp3
[2026-07-29T12:30:26.875+0000] {logging_mixin.py:188} INFO - 2026-07-29 12:30:26,875 | INFO     | media.image_downloader | Downloaded background image for scene='shopping' -> /opt/airflow/output/images/long_1265.jpg
[2026-07-29T12:30:35.735+0000] {logging_mixin.py:188} INFO - 2026-07-29 12:30:35,735 | INFO     | tts.edge_tts | Synthesized audio -> /opt/airflow/output/audio/phrase_1264.mp3
[2026-07-29T12:30:36.433+0000] {logging_mixin.py:188} INFO - 2026-07-29 12:30:36,432 | INFO     | tts.edge_tts | Synthesized audio -> /opt/airflow/output/audio/example_1264.mp3
[2026-07-29T12:30:36.946+0000] {logging_mixin.py:188} INFO - 2026-07-29 12:30:36,946 | INFO     | media.image_downloader | Downloaded background image for scene='street' -> /opt/airflow/output/images/long_1264.jpg
[2026-07-29T12:30:43.011+0000] {logging_mixin.py:188} INFO - 2026-07-29 12:30:43,011 | INFO     | tts.edge_tts | Synthesized audio -> /opt/airflow/output/audio/phrase_1263.mp3
[2026-07-29T12:30:43.832+0000] {logging_mixin.py:188} INFO - 2026-07-29 12:30:43,832 | INFO     | tts.edge_tts | Synthesized audio -> /opt/airflow/output/audio/example_1263.mp3
[2026-07-29T12:30:44.575+0000] {logging_mixin.py:188} INFO - 2026-07-29 12:30:44,575 | INFO     | media.image_downloader | Downloaded background image for scene='restaurant' -> /opt/airflow/output/images/long_1263.jpg
[2026-07-29T12:30:49.692+0000] {logging_mixin.py:188} INFO - 2026-07-29 12:30:49,692 | INFO     | tts.edge_tts | Synthesized audio -> /opt/airflow/output/audio/phrase_1262.mp3
[2026-07-29T12:30:50.976+0000] {logging_mixin.py:188} INFO - 2026-07-29 12:30:50,975 | INFO     | tts.edge_tts | Synthesized audio -> /opt/airflow/output/audio/example_1262.mp3
[2026-07-29T12:30:51.684+0000] {logging_mixin.py:188} INFO - 2026-07-29 12:30:51,684 | INFO     | media.image_downloader | Downloaded background image for scene='cafe' -> /opt/airflow/output/images/long_1262.jpg
[2026-07-29T12:31:05.867+0000] {logging_mixin.py:188} INFO - 2026-07-29 12:31:05,866 | INFO     | tts.edge_tts | Synthesized audio -> /opt/airflow/output/audio/phrase_1261.mp3
[2026-07-29T12:31:06.454+0000] {logging_mixin.py:188} INFO - 2026-07-29 12:31:06,454 | INFO     | tts.edge_tts | Synthesized audio -> /opt/airflow/output/audio/example_1261.mp3
[2026-07-29T12:31:06.978+0000] {logging_mixin.py:188} INFO - 2026-07-29 12:31:06,978 | INFO     | media.image_downloader | Downloaded background image for scene='hotel' -> /opt/airflow/output/images/long_1261.jpg
[2026-07-29T12:31:19.704+0000] {logging_mixin.py:188} INFO - 2026-07-29 12:31:19,704 | WARNING  | video.video_builder | BGM file not found at /opt/airflow/assets/bgm/long_bgm.mp3, rendering without background music
[2026-07-29T12:31:57.371+0000] {logging_mixin.py:188} INFO - 2026-07-29 12:31:57,371 | INFO     | video.video_builder | Final video rendered -> /opt/airflow/output/videos/long_1235.mp4
[2026-07-29T12:32:04.845+0000] {logging_mixin.py:188} INFO - 2026-07-29 12:32:04,844 | INFO     | media.thumbnail_builder | Built thumbnail -> /opt/airflow/output/thumbnails/long_1235.jpg
[2026-07-29T12:32:05.324+0000] {python.py:237} INFO - Done. Returned value was: {'video_id': 144, 'file_path': '/opt/airflow/output/videos/long_1235.mp4', 'thumbnail_path': '/opt/airflow/output/thumbnails/long_1235.jpg', 'title': '20 Daily English Expressions You Must Know | Everyday Spoken English', 'description': "Welcome to Taky's Language School! In this video, you will learn 20 essential English expressions used in daily conversation, travel, hotels, and restaurants. Master practical phrases like 'Take your time', 'Could you speak a little slower, please?', 'I'd like to check in, please', and 'That sounds like a plan.'\n\nImprove your English speaking skills, sound more natural, and build confidence in real-life situations!\n\nKey topics covered:\n- Hotel & Travel English\n- Daily Socializing & Small Talk\n- Polite Requests & Shopping Phrases\n\nDon't forget to like, subscribe, and hit the notification bell for more practical English lessons!", 'tags': ['learn English', 'English expressions', 'daily English phrases', 'spoken English', "Taky's Language School", 'English conversation', 'practical English', 'travel English', 'everyday English', 'English speaking practice', 'useful English phrases'], 'video_type': 'long'}
[2026-07-29T12:32:05.335+0000] {taskinstance.py:441} INFO - ::group::Post task execution logs
[2026-07-29T12:32:05.426+0000] {taskinstance.py:1206} INFO - Marking task as SUCCESS. dag_id=youtube_english_video_pipeline, task_id=build_long_video_1, run_id=scheduled__2026-07-28T12:00:00+00:00, execution_date=20260728T120000, start_date=20260729T122739, end_date=20260729T123205
[2026-07-29T12:32:05.609+0000] {local_task_job_runner.py:243} INFO - Task exited with return code 0
[2026-07-29T12:32:07.810+0000] {taskinstance.py:3503} INFO - 1 downstream tasks scheduled from follow-on schedule check
[2026-07-29T12:32:07.820+0000] {local_task_job_runner.py:222} INFO - ::endgroup::
