[2026-09-22T00:35:15.739+0000] {local_task_job_runner.py:120} INFO - ::group::Pre task execution logs
[2026-09-22T00:35:15.804+0000] {taskinstance.py:2076} INFO - Dependencies all met for dep_context=non-requeueable deps ti=<TaskInstance: youtube_english_video_pipeline.should_build_long_video_7 scheduled__2026-09-20T12:00:00+00:00 [queued]>
[2026-09-22T00:35:15.822+0000] {taskinstance.py:2076} INFO - Dependencies all met for dep_context=requeueable deps ti=<TaskInstance: youtube_english_video_pipeline.should_build_long_video_7 scheduled__2026-09-20T12:00:00+00:00 [queued]>
[2026-09-22T00:35:15.824+0000] {taskinstance.py:2306} INFO - Starting attempt 1 of 3
[2026-09-22T00:35:15.848+0000] {taskinstance.py:2330} INFO - Executing <Task(ShortCircuitOperator): should_build_long_video_7> on 2026-09-20 12:00:00+00:00
[2026-09-22T00:35:15.857+0000] {standard_task_runner.py:64} INFO - Started process 21513 to run task
[2026-09-22T00:35:15.861+0000] {standard_task_runner.py:90} INFO - Running: ['airflow', 'tasks', 'run', 'youtube_english_video_pipeline', 'should_build_long_video_7', 'scheduled__2026-09-20T12:00:00+00:00', '--job-id', '1491', '--raw', '--subdir', 'DAGS_FOLDER/youtube_pipeline.py', '--cfg-path', '/tmp/tmpmzjldafj']
[2026-09-22T00:35:15.866+0000] {standard_task_runner.py:91} INFO - Job 1491: Subtask should_build_long_video_7
[2026-09-22T00:35:15.988+0000] {task_command.py:426} INFO - Running <TaskInstance: youtube_english_video_pipeline.should_build_long_video_7 scheduled__2026-09-20T12:00:00+00:00 [running]> on host 73b18333cdfe
[2026-09-22T00:35:16.311+0000] {taskinstance.py:2648} INFO - Exporting env vars: AIRFLOW_CTX_DAG_OWNER='taky' AIRFLOW_CTX_DAG_ID='youtube_english_video_pipeline' AIRFLOW_CTX_TASK_ID='should_build_long_video_7' AIRFLOW_CTX_EXECUTION_DATE='2026-09-20T12:00:00+00:00' AIRFLOW_CTX_TRY_NUMBER='1' AIRFLOW_CTX_DAG_RUN_ID='scheduled__2026-09-20T12:00:00+00:00'
[2026-09-22T00:35:16.312+0000] {taskinstance.py:430} INFO - ::endgroup::
[2026-09-22T00:35:16.322+0000] {baseoperator.py:400} WARNING - ShortCircuitOperator.execute cannot be called outside TaskInstance!
[2026-09-22T00:35:16.323+0000] {python.py:237} INFO - Done. Returned value was: True
[2026-09-22T00:35:16.324+0000] {python.py:304} INFO - Condition result is True
[2026-09-22T00:35:16.324+0000] {python.py:307} INFO - Proceeding with downstream tasks...
[2026-09-22T00:35:16.325+0000] {taskinstance.py:441} INFO - ::group::Post task execution logs
[2026-09-22T00:35:16.350+0000] {taskinstance.py:1206} INFO - Marking task as SUCCESS. dag_id=youtube_english_video_pipeline, task_id=should_build_long_video_7, run_id=scheduled__2026-09-20T12:00:00+00:00, execution_date=20260920T120000, start_date=20260922T003515, end_date=20260922T003516
[2026-09-22T00:35:16.399+0000] {local_task_job_runner.py:243} INFO - Task exited with return code 0
[2026-09-22T00:35:16.639+0000] {taskinstance.py:3503} INFO - 1 downstream tasks scheduled from follow-on schedule check
[2026-09-22T00:35:16.649+0000] {local_task_job_runner.py:222} INFO - ::endgroup::
