[2026-08-22T07:10:47.996+0000] {local_task_job_runner.py:120} INFO - ::group::Pre task execution logs
[2026-08-22T07:10:48.038+0000] {taskinstance.py:2076} INFO - Dependencies all met for dep_context=non-requeueable deps ti=<TaskInstance: youtube_english_video_pipeline.upload_long_video_1 scheduled__2026-08-20T12:00:00+00:00 [queued]>
[2026-08-22T07:10:48.048+0000] {taskinstance.py:2076} INFO - Dependencies all met for dep_context=requeueable deps ti=<TaskInstance: youtube_english_video_pipeline.upload_long_video_1 scheduled__2026-08-20T12:00:00+00:00 [queued]>
[2026-08-22T07:10:48.049+0000] {taskinstance.py:2306} INFO - Starting attempt 1 of 3
[2026-08-22T07:10:48.064+0000] {taskinstance.py:2330} INFO - Executing <Task(PythonOperator): upload_long_video_1> on 2026-08-20 12:00:00+00:00
[2026-08-22T07:10:48.070+0000] {standard_task_runner.py:64} INFO - Started process 73636 to run task
[2026-08-22T07:10:48.075+0000] {standard_task_runner.py:90} INFO - Running: ['airflow', 'tasks', 'run', 'youtube_english_video_pipeline', 'upload_long_video_1', 'scheduled__2026-08-20T12:00:00+00:00', '--job-id', '873', '--raw', '--subdir', 'DAGS_FOLDER/youtube_pipeline.py', '--cfg-path', '/tmp/tmpivl3e_r6']
[2026-08-22T07:10:48.077+0000] {standard_task_runner.py:91} INFO - Job 873: Subtask upload_long_video_1
[2026-08-22T07:10:48.171+0000] {task_command.py:426} INFO - Running <TaskInstance: youtube_english_video_pipeline.upload_long_video_1 scheduled__2026-08-20T12:00:00+00:00 [running]> on host cc859d74cf38
[2026-08-22T07:10:48.407+0000] {taskinstance.py:2648} INFO - Exporting env vars: AIRFLOW_CTX_DAG_OWNER='taky' AIRFLOW_CTX_DAG_ID='youtube_english_video_pipeline' AIRFLOW_CTX_TASK_ID='upload_long_video_1' AIRFLOW_CTX_EXECUTION_DATE='2026-08-20T12:00:00+00:00' AIRFLOW_CTX_TRY_NUMBER='1' AIRFLOW_CTX_DAG_RUN_ID='scheduled__2026-08-20T12:00:00+00:00'
[2026-08-22T07:10:48.408+0000] {taskinstance.py:430} INFO - ::endgroup::
[2026-08-22T07:10:48.807+0000] {__init__.py:49} INFO - file_cache is only supported with oauth2client<4.0.0
[2026-08-22T07:10:48.815+0000] {logging_mixin.py:188} INFO - 2026-08-22 07:10:48,815 | INFO     | uploader.youtube_uploader | Uploading video 'Speak Fluent Business English: Essential Phrases for Work & Meetings' (/opt/airflow/output/videos/long_2270.mp4) to YouTube...
[2026-08-22T07:10:53.135+0000] {logging_mixin.py:188} INFO - 2026-08-22 07:10:53,134 | INFO     | uploader.youtube_uploader | Upload complete. YouTube video id = AwiWwc4D7kU
[2026-08-22T07:10:57.731+0000] {logging_mixin.py:188} INFO - 2026-08-22 07:10:57,731 | INFO     | uploader.youtube_uploader | Custom thumbnail uploaded.
[2026-08-22T07:10:57.762+0000] {python.py:237} INFO - Done. Returned value was: AwiWwc4D7kU
[2026-08-22T07:10:57.763+0000] {taskinstance.py:441} INFO - ::group::Post task execution logs
[2026-08-22T07:10:57.798+0000] {taskinstance.py:1206} INFO - Marking task as SUCCESS. dag_id=youtube_english_video_pipeline, task_id=upload_long_video_1, run_id=scheduled__2026-08-20T12:00:00+00:00, execution_date=20260820T120000, start_date=20260822T071048, end_date=20260822T071057
[2026-08-22T07:10:57.873+0000] {local_task_job_runner.py:243} INFO - Task exited with return code 0
[2026-08-22T07:10:58.073+0000] {taskinstance.py:3503} INFO - 1 downstream tasks scheduled from follow-on schedule check
[2026-08-22T07:10:58.079+0000] {local_task_job_runner.py:222} INFO - ::endgroup::
