[2026-07-29T12:48:32.869+0000] {local_task_job_runner.py:120} INFO - ::group::Pre task execution logs
[2026-07-29T12:48:32.949+0000] {taskinstance.py:2076} INFO - Dependencies all met for dep_context=non-requeueable deps ti=<TaskInstance: youtube_english_video_pipeline.upload_long_video_5 scheduled__2026-07-28T12:00:00+00:00 [queued]>
[2026-07-29T12:48:32.973+0000] {taskinstance.py:2076} INFO - Dependencies all met for dep_context=requeueable deps ti=<TaskInstance: youtube_english_video_pipeline.upload_long_video_5 scheduled__2026-07-28T12:00:00+00:00 [queued]>
[2026-07-29T12:48:32.979+0000] {taskinstance.py:2306} INFO - Starting attempt 1 of 3
[2026-07-29T12:48:33.007+0000] {taskinstance.py:2330} INFO - Executing <Task(PythonOperator): upload_long_video_5> on 2026-07-28 12:00:00+00:00
[2026-07-29T12:48:33.017+0000] {standard_task_runner.py:64} INFO - Started process 56179 to run task
[2026-07-29T12:48:33.022+0000] {standard_task_runner.py:90} INFO - Running: ['airflow', 'tasks', 'run', 'youtube_english_video_pipeline', 'upload_long_video_5', 'scheduled__2026-07-28T12:00:00+00:00', '--job-id', '561', '--raw', '--subdir', 'DAGS_FOLDER/youtube_pipeline.py', '--cfg-path', '/tmp/tmppmep6wxf']
[2026-07-29T12:48:33.030+0000] {standard_task_runner.py:91} INFO - Job 561: Subtask upload_long_video_5
[2026-07-29T12:48:33.254+0000] {task_command.py:426} INFO - Running <TaskInstance: youtube_english_video_pipeline.upload_long_video_5 scheduled__2026-07-28T12:00:00+00:00 [running]> on host cc859d74cf38
[2026-07-29T12:48:33.685+0000] {taskinstance.py:2648} INFO - Exporting env vars: AIRFLOW_CTX_DAG_OWNER='taky' AIRFLOW_CTX_DAG_ID='youtube_english_video_pipeline' AIRFLOW_CTX_TASK_ID='upload_long_video_5' AIRFLOW_CTX_EXECUTION_DATE='2026-07-28T12:00:00+00:00' AIRFLOW_CTX_TRY_NUMBER='1' AIRFLOW_CTX_DAG_RUN_ID='scheduled__2026-07-28T12:00:00+00:00'
[2026-07-29T12:48:33.689+0000] {taskinstance.py:430} INFO - ::endgroup::
[2026-07-29T12:48:35.104+0000] {__init__.py:49} INFO - file_cache is only supported with oauth2client<4.0.0
[2026-07-29T12:48:35.131+0000] {logging_mixin.py:188} INFO - 2026-07-29 12:48:35,131 | INFO     | uploader.youtube_uploader | Uploading video '10 Must-Know Travel English Phrases | Airport, Taxi, & Hotel English' (/opt/airflow/output/videos/long_1304.mp4) to YouTube...
[2026-07-29T12:48:41.725+0000] {logging_mixin.py:188} INFO - 2026-07-29 12:48:41,724 | INFO     | uploader.youtube_uploader | Upload complete. YouTube video id = ZSEXW0e1Uvc
[2026-07-29T12:48:45.438+0000] {logging_mixin.py:188} INFO - 2026-07-29 12:48:45,438 | INFO     | uploader.youtube_uploader | Custom thumbnail uploaded.
[2026-07-29T12:48:45.463+0000] {python.py:237} INFO - Done. Returned value was: ZSEXW0e1Uvc
[2026-07-29T12:48:45.465+0000] {taskinstance.py:441} INFO - ::group::Post task execution logs
[2026-07-29T12:48:45.515+0000] {taskinstance.py:1206} INFO - Marking task as SUCCESS. dag_id=youtube_english_video_pipeline, task_id=upload_long_video_5, run_id=scheduled__2026-07-28T12:00:00+00:00, execution_date=20260728T120000, start_date=20260729T124832, end_date=20260729T124845
[2026-07-29T12:48:45.575+0000] {local_task_job_runner.py:243} INFO - Task exited with return code 0
[2026-07-29T12:48:45.850+0000] {taskinstance.py:3503} INFO - 1 downstream tasks scheduled from follow-on schedule check
[2026-07-29T12:48:45.857+0000] {local_task_job_runner.py:222} INFO - ::endgroup::
