[2026-07-25T01:40:03.817+0000] {local_task_job_runner.py:120} INFO - ::group::Pre task execution logs
[2026-07-25T01:40:03.951+0000] {taskinstance.py:2076} INFO - Dependencies all met for dep_context=non-requeueable deps ti=<TaskInstance: youtube_english_video_pipeline.upload_short_video manual__2026-07-25T01:35:54.822520+00:00 [queued]>
[2026-07-25T01:40:03.972+0000] {taskinstance.py:2076} INFO - Dependencies all met for dep_context=requeueable deps ti=<TaskInstance: youtube_english_video_pipeline.upload_short_video manual__2026-07-25T01:35:54.822520+00:00 [queued]>
[2026-07-25T01:40:03.986+0000] {taskinstance.py:2306} INFO - Starting attempt 1 of 3
[2026-07-25T01:40:04.017+0000] {taskinstance.py:2330} INFO - Executing <Task(PythonOperator): upload_short_video> on 2026-07-25 01:35:54.822520+00:00
[2026-07-25T01:40:04.032+0000] {standard_task_runner.py:64} INFO - Started process 1275 to run task
[2026-07-25T01:40:04.037+0000] {standard_task_runner.py:90} INFO - Running: ['airflow', 'tasks', 'run', 'youtube_english_video_pipeline', 'upload_short_video', 'manual__2026-07-25T01:35:54.822520+00:00', '--job-id', '113', '--raw', '--subdir', 'DAGS_FOLDER/youtube_pipeline.py', '--cfg-path', '/tmp/tmpaapeqwrk']
[2026-07-25T01:40:04.070+0000] {standard_task_runner.py:91} INFO - Job 113: Subtask upload_short_video
[2026-07-25T01:40:05.015+0000] {task_command.py:426} INFO - Running <TaskInstance: youtube_english_video_pipeline.upload_short_video manual__2026-07-25T01:35:54.822520+00:00 [running]> on host 654b8331d764
[2026-07-25T01:40:06.070+0000] {taskinstance.py:2648} INFO - Exporting env vars: AIRFLOW_CTX_DAG_OWNER='taky' AIRFLOW_CTX_DAG_ID='youtube_english_video_pipeline' AIRFLOW_CTX_TASK_ID='upload_short_video' AIRFLOW_CTX_EXECUTION_DATE='2026-07-25T01:35:54.822520+00:00' AIRFLOW_CTX_TRY_NUMBER='1' AIRFLOW_CTX_DAG_RUN_ID='manual__2026-07-25T01:35:54.822520+00:00'
[2026-07-25T01:40:06.124+0000] {taskinstance.py:430} INFO - ::endgroup::
[2026-07-25T01:40:24.838+0000] {__init__.py:49} INFO - file_cache is only supported with oauth2client<4.0.0
[2026-07-25T01:40:24.979+0000] {logging_mixin.py:188} INFO - 2026-07-25 01:40:24,979 | INFO     | uploader.youtube_uploader | Uploading video 'Hotel English: How to Ask for a Late Checkout! 🏨 #shorts' (/opt/airflow/output/videos/short_74.mp4) to YouTube...
[2026-07-25T01:40:41.546+0000] {logging_mixin.py:188} INFO - 2026-07-25 01:40:41,546 | INFO     | uploader.youtube_uploader | Upload complete. YouTube video id = bzCz8fETw58
[2026-07-25T01:40:41.604+0000] {python.py:237} INFO - Done. Returned value was: bzCz8fETw58
[2026-07-25T01:40:41.696+0000] {taskinstance.py:441} INFO - ::group::Post task execution logs
[2026-07-25T01:40:41.808+0000] {taskinstance.py:1206} INFO - Marking task as SUCCESS. dag_id=youtube_english_video_pipeline, task_id=upload_short_video, run_id=manual__2026-07-25T01:35:54.822520+00:00, execution_date=20260725T013554, start_date=20260725T014003, end_date=20260725T014041
[2026-07-25T01:40:41.914+0000] {local_task_job_runner.py:243} INFO - Task exited with return code 0
[2026-07-25T01:40:42.000+0000] {taskinstance.py:3503} INFO - 0 downstream tasks scheduled from follow-on schedule check
[2026-07-25T01:40:42.052+0000] {local_task_job_runner.py:222} INFO - ::endgroup::
