[2026-09-20T11:28:40.938+0000] {local_task_job_runner.py:120} INFO - ::group::Pre task execution logs
[2026-09-20T11:28:40.999+0000] {taskinstance.py:2076} INFO - Dependencies all met for dep_context=non-requeueable deps ti=<TaskInstance: youtube_english_video_pipeline.build_long_video_10 manual__2026-09-20T11:03:20.949531+00:00 [queued]>
[2026-09-20T11:28:41.012+0000] {taskinstance.py:2076} INFO - Dependencies all met for dep_context=requeueable deps ti=<TaskInstance: youtube_english_video_pipeline.build_long_video_10 manual__2026-09-20T11:03:20.949531+00:00 [queued]>
[2026-09-20T11:28:41.013+0000] {taskinstance.py:2306} INFO - Starting attempt 1 of 3
[2026-09-20T11:28:41.030+0000] {taskinstance.py:2330} INFO - Executing <Task(PythonOperator): build_long_video_10> on 2026-09-20 11:03:20.949531+00:00
[2026-09-20T11:28:41.037+0000] {standard_task_runner.py:64} INFO - Started process 62093 to run task
[2026-09-20T11:28:41.042+0000] {standard_task_runner.py:90} INFO - Running: ['airflow', 'tasks', 'run', 'youtube_english_video_pipeline', 'build_long_video_10', 'manual__2026-09-20T11:03:20.949531+00:00', '--job-id', '1360', '--raw', '--subdir', 'DAGS_FOLDER/youtube_pipeline.py', '--cfg-path', '/tmp/tmpa0jwferc']
[2026-09-20T11:28:41.048+0000] {standard_task_runner.py:91} INFO - Job 1360: Subtask build_long_video_10
[2026-09-20T11:28:41.132+0000] {task_command.py:426} INFO - Running <TaskInstance: youtube_english_video_pipeline.build_long_video_10 manual__2026-09-20T11:03:20.949531+00:00 [running]> on host 73b18333cdfe
[2026-09-20T11:28:41.484+0000] {taskinstance.py:2648} INFO - Exporting env vars: AIRFLOW_CTX_DAG_OWNER='taky' AIRFLOW_CTX_DAG_ID='youtube_english_video_pipeline' AIRFLOW_CTX_TASK_ID='build_long_video_10' AIRFLOW_CTX_EXECUTION_DATE='2026-09-20T11:03:20.949531+00:00' AIRFLOW_CTX_TRY_NUMBER='1' AIRFLOW_CTX_DAG_RUN_ID='manual__2026-09-20T11:03:20.949531+00:00'
[2026-09-20T11:28:41.485+0000] {taskinstance.py:430} INFO - ::endgroup::
[2026-09-20T11:28:42.362+0000] {logging_mixin.py:188} INFO - 2026-09-20 11:28:42,361 | INFO     | planner.video_planner | Planned LONG video: topic='Small Talk', phrases=20
[2026-09-20T11:28:42.634+0000] {logging_mixin.py:188} INFO - 2026-09-20 11:28:42,633 | INFO     | tts.edge_tts | Synthesized audio -> /opt/airflow/output/audio/phrase_3281.mp3
[2026-09-20T11:28:42.948+0000] {logging_mixin.py:188} INFO - 2026-09-20 11:28:42,948 | INFO     | tts.edge_tts | Synthesized audio -> /opt/airflow/output/audio/example_3281.mp3
[2026-09-20T11:28:43.646+0000] {logging_mixin.py:188} INFO - 2026-09-20 11:28:43,646 | INFO     | media.image_downloader | Downloaded background image for scene='cafe' -> /opt/airflow/output/images/long_3281.jpg
[2026-09-20T11:28:50.288+0000] {logging_mixin.py:188} INFO - 2026-09-20 11:28:50,288 | INFO     | tts.edge_tts | Synthesized audio -> /opt/airflow/output/audio/phrase_3285.mp3
[2026-09-20T11:28:50.650+0000] {logging_mixin.py:188} INFO - 2026-09-20 11:28:50,650 | INFO     | tts.edge_tts | Synthesized audio -> /opt/airflow/output/audio/example_3285.mp3
[2026-09-20T11:28:51.312+0000] {logging_mixin.py:188} INFO - 2026-09-20 11:28:51,312 | INFO     | media.image_downloader | Downloaded background image for scene='cafe' -> /opt/airflow/output/images/long_3285.jpg
[2026-09-20T11:28:57.569+0000] {logging_mixin.py:188} INFO - 2026-09-20 11:28:57,569 | INFO     | tts.edge_tts | Synthesized audio -> /opt/airflow/output/audio/phrase_3290.mp3
[2026-09-20T11:28:57.882+0000] {logging_mixin.py:188} INFO - 2026-09-20 11:28:57,882 | INFO     | tts.edge_tts | Synthesized audio -> /opt/airflow/output/audio/example_3290.mp3
[2026-09-20T11:28:58.329+0000] {logging_mixin.py:188} INFO - 2026-09-20 11:28:58,328 | INFO     | media.image_downloader | Downloaded background image for scene='coffee' -> /opt/airflow/output/images/long_3290.jpg
[2026-09-20T11:29:02.999+0000] {logging_mixin.py:188} INFO - 2026-09-20 11:29:02,999 | INFO     | tts.edge_tts | Synthesized audio -> /opt/airflow/output/audio/phrase_3291.mp3
[2026-09-20T11:29:03.219+0000] {logging_mixin.py:188} INFO - 2026-09-20 11:29:03,219 | INFO     | tts.edge_tts | Synthesized audio -> /opt/airflow/output/audio/example_3291.mp3
[2026-09-20T11:29:03.723+0000] {logging_mixin.py:188} INFO - 2026-09-20 11:29:03,722 | INFO     | media.image_downloader | Downloaded background image for scene='classroom' -> /opt/airflow/output/images/long_3291.jpg
[2026-09-20T11:29:08.635+0000] {logging_mixin.py:188} INFO - 2026-09-20 11:29:08,635 | INFO     | tts.edge_tts | Synthesized audio -> /opt/airflow/output/audio/phrase_3299.mp3
[2026-09-20T11:29:08.994+0000] {logging_mixin.py:188} INFO - 2026-09-20 11:29:08,994 | INFO     | tts.edge_tts | Synthesized audio -> /opt/airflow/output/audio/example_3299.mp3
[2026-09-20T11:29:09.644+0000] {logging_mixin.py:188} INFO - 2026-09-20 11:29:09,644 | INFO     | media.image_downloader | Downloaded background image for scene='meeting' -> /opt/airflow/output/images/long_3299.jpg
[2026-09-20T11:29:14.378+0000] {logging_mixin.py:188} INFO - 2026-09-20 11:29:14,378 | INFO     | tts.edge_tts | Synthesized audio -> /opt/airflow/output/audio/phrase_3308.mp3
[2026-09-20T11:29:14.842+0000] {logging_mixin.py:188} INFO - 2026-09-20 11:29:14,842 | INFO     | tts.edge_tts | Synthesized audio -> /opt/airflow/output/audio/example_3308.mp3
[2026-09-20T11:29:15.457+0000] {logging_mixin.py:188} INFO - 2026-09-20 11:29:15,457 | INFO     | media.image_downloader | Downloaded background image for scene='networking' -> /opt/airflow/output/images/long_3308.jpg
[2026-09-20T11:29:20.371+0000] {logging_mixin.py:188} INFO - 2026-09-20 11:29:20,371 | INFO     | tts.edge_tts | Synthesized audio -> /opt/airflow/output/audio/phrase_3323.mp3
[2026-09-20T11:29:20.732+0000] {logging_mixin.py:188} INFO - 2026-09-20 11:29:20,732 | INFO     | tts.edge_tts | Synthesized audio -> /opt/airflow/output/audio/example_3323.mp3
[2026-09-20T11:29:21.401+0000] {logging_mixin.py:188} INFO - 2026-09-20 11:29:21,401 | INFO     | media.image_downloader | Downloaded background image for scene='friends' -> /opt/airflow/output/images/long_3323.jpg
[2026-09-20T11:29:25.959+0000] {logging_mixin.py:188} INFO - 2026-09-20 11:29:25,959 | INFO     | tts.edge_tts | Synthesized audio -> /opt/airflow/output/audio/phrase_3324.mp3
[2026-09-20T11:29:26.196+0000] {logging_mixin.py:188} INFO - 2026-09-20 11:29:26,196 | INFO     | tts.edge_tts | Synthesized audio -> /opt/airflow/output/audio/example_3324.mp3
[2026-09-20T11:29:26.909+0000] {logging_mixin.py:188} INFO - 2026-09-20 11:29:26,909 | INFO     | media.image_downloader | Downloaded background image for scene='greeting' -> /opt/airflow/output/images/long_3324.jpg
[2026-09-20T11:29:31.240+0000] {logging_mixin.py:188} INFO - 2026-09-20 11:29:31,240 | INFO     | tts.edge_tts | Synthesized audio -> /opt/airflow/output/audio/phrase_3348.mp3
[2026-09-20T11:29:31.544+0000] {logging_mixin.py:188} INFO - 2026-09-20 11:29:31,544 | INFO     | tts.edge_tts | Synthesized audio -> /opt/airflow/output/audio/example_3348.mp3
[2026-09-20T11:29:31.995+0000] {logging_mixin.py:188} INFO - 2026-09-20 11:29:31,995 | INFO     | media.image_downloader | Downloaded background image for scene='office' -> /opt/airflow/output/images/long_3348.jpg
[2026-09-20T11:29:37.004+0000] {logging_mixin.py:188} INFO - 2026-09-20 11:29:37,004 | INFO     | tts.edge_tts | Synthesized audio -> /opt/airflow/output/audio/phrase_3273.mp3
[2026-09-20T11:29:37.319+0000] {logging_mixin.py:188} INFO - 2026-09-20 11:29:37,319 | INFO     | tts.edge_tts | Synthesized audio -> /opt/airflow/output/audio/example_3273.mp3
[2026-09-20T11:29:37.802+0000] {logging_mixin.py:188} INFO - 2026-09-20 11:29:37,802 | INFO     | media.image_downloader | Downloaded background image for scene='office' -> /opt/airflow/output/images/long_3273.jpg
[2026-09-20T11:29:42.806+0000] {logging_mixin.py:188} INFO - 2026-09-20 11:29:42,806 | INFO     | tts.edge_tts | Synthesized audio -> /opt/airflow/output/audio/phrase_3407.mp3
[2026-09-20T11:29:43.251+0000] {logging_mixin.py:188} INFO - 2026-09-20 11:29:43,251 | INFO     | tts.edge_tts | Synthesized audio -> /opt/airflow/output/audio/example_3407.mp3
[2026-09-20T11:29:43.910+0000] {logging_mixin.py:188} INFO - 2026-09-20 11:29:43,910 | INFO     | media.image_downloader | Downloaded background image for scene='conversation' -> /opt/airflow/output/images/long_3407.jpg
[2026-09-20T11:29:48.700+0000] {logging_mixin.py:188} INFO - 2026-09-20 11:29:48,700 | INFO     | tts.edge_tts | Synthesized audio -> /opt/airflow/output/audio/phrase_3408.mp3
[2026-09-20T11:29:48.963+0000] {logging_mixin.py:188} INFO - 2026-09-20 11:29:48,962 | INFO     | tts.edge_tts | Synthesized audio -> /opt/airflow/output/audio/example_3408.mp3
[2026-09-20T11:29:49.860+0000] {logging_mixin.py:188} INFO - 2026-09-20 11:29:49,859 | INFO     | media.image_downloader | Downloaded background image for scene='social' -> /opt/airflow/output/images/long_3408.jpg
[2026-09-20T11:29:54.608+0000] {logging_mixin.py:188} INFO - 2026-09-20 11:29:54,608 | INFO     | tts.edge_tts | Synthesized audio -> /opt/airflow/output/audio/phrase_3409.mp3
[2026-09-20T11:29:54.925+0000] {logging_mixin.py:188} INFO - 2026-09-20 11:29:54,924 | INFO     | tts.edge_tts | Synthesized audio -> /opt/airflow/output/audio/example_3409.mp3
[2026-09-20T11:29:55.389+0000] {logging_mixin.py:188} INFO - 2026-09-20 11:29:55,388 | INFO     | media.image_downloader | Downloaded background image for scene='office' -> /opt/airflow/output/images/long_3409.jpg
[2026-09-20T11:29:59.396+0000] {logging_mixin.py:188} INFO - 2026-09-20 11:29:59,395 | INFO     | tts.edge_tts | Synthesized audio -> /opt/airflow/output/audio/phrase_3415.mp3
[2026-09-20T11:29:59.741+0000] {logging_mixin.py:188} INFO - 2026-09-20 11:29:59,741 | INFO     | tts.edge_tts | Synthesized audio -> /opt/airflow/output/audio/example_3415.mp3
[2026-09-20T11:30:00.415+0000] {logging_mixin.py:188} INFO - 2026-09-20 11:30:00,415 | INFO     | media.image_downloader | Downloaded background image for scene='street' -> /opt/airflow/output/images/long_3415.jpg
[2026-09-20T11:30:05.800+0000] {logging_mixin.py:188} INFO - 2026-09-20 11:30:05,800 | INFO     | tts.edge_tts | Synthesized audio -> /opt/airflow/output/audio/phrase_3417.mp3
[2026-09-20T11:30:06.118+0000] {logging_mixin.py:188} INFO - 2026-09-20 11:30:06,118 | INFO     | tts.edge_tts | Synthesized audio -> /opt/airflow/output/audio/example_3417.mp3
[2026-09-20T11:30:06.656+0000] {logging_mixin.py:188} INFO - 2026-09-20 11:30:06,656 | INFO     | media.image_downloader | Downloaded background image for scene='classroom' -> /opt/airflow/output/images/long_3417.jpg
[2026-09-20T11:30:11.552+0000] {logging_mixin.py:188} INFO - 2026-09-20 11:30:11,552 | INFO     | tts.edge_tts | Synthesized audio -> /opt/airflow/output/audio/phrase_3422.mp3
[2026-09-20T11:30:11.907+0000] {logging_mixin.py:188} INFO - 2026-09-20 11:30:11,907 | INFO     | tts.edge_tts | Synthesized audio -> /opt/airflow/output/audio/example_3422.mp3
[2026-09-20T11:30:12.396+0000] {logging_mixin.py:188} INFO - 2026-09-20 11:30:12,396 | INFO     | media.image_downloader | Downloaded background image for scene='city' -> /opt/airflow/output/images/long_3422.jpg
[2026-09-20T11:30:18.239+0000] {logging_mixin.py:188} INFO - 2026-09-20 11:30:18,239 | INFO     | tts.edge_tts | Synthesized audio -> /opt/airflow/output/audio/phrase_3423.mp3
[2026-09-20T11:30:18.566+0000] {logging_mixin.py:188} INFO - 2026-09-20 11:30:18,566 | INFO     | tts.edge_tts | Synthesized audio -> /opt/airflow/output/audio/example_3423.mp3
[2026-09-20T11:30:19.046+0000] {logging_mixin.py:188} INFO - 2026-09-20 11:30:19,046 | INFO     | media.image_downloader | Downloaded background image for scene='office' -> /opt/airflow/output/images/long_3423.jpg
[2026-09-20T11:30:24.106+0000] {logging_mixin.py:188} INFO - 2026-09-20 11:30:24,106 | INFO     | tts.edge_tts | Synthesized audio -> /opt/airflow/output/audio/phrase_3424.mp3
[2026-09-20T11:30:24.330+0000] {logging_mixin.py:188} INFO - 2026-09-20 11:30:24,330 | INFO     | tts.edge_tts | Synthesized audio -> /opt/airflow/output/audio/example_3424.mp3
[2026-09-20T11:30:24.920+0000] {logging_mixin.py:188} INFO - 2026-09-20 11:30:24,920 | INFO     | media.image_downloader | Downloaded background image for scene='greeting' -> /opt/airflow/output/images/long_3424.jpg
[2026-09-20T11:30:29.273+0000] {logging_mixin.py:188} INFO - 2026-09-20 11:30:29,273 | INFO     | tts.edge_tts | Synthesized audio -> /opt/airflow/output/audio/phrase_3438.mp3
[2026-09-20T11:30:29.621+0000] {logging_mixin.py:188} INFO - 2026-09-20 11:30:29,621 | INFO     | tts.edge_tts | Synthesized audio -> /opt/airflow/output/audio/example_3438.mp3
[2026-09-20T11:30:30.220+0000] {logging_mixin.py:188} INFO - 2026-09-20 11:30:30,219 | INFO     | media.image_downloader | Downloaded background image for scene='commute' -> /opt/airflow/output/images/long_3438.jpg
[2026-09-20T11:30:35.366+0000] {logging_mixin.py:188} INFO - 2026-09-20 11:30:35,365 | INFO     | tts.edge_tts | Synthesized audio -> /opt/airflow/output/audio/phrase_3439.mp3
[2026-09-20T11:30:35.682+0000] {logging_mixin.py:188} INFO - 2026-09-20 11:30:35,682 | INFO     | tts.edge_tts | Synthesized audio -> /opt/airflow/output/audio/example_3439.mp3
[2026-09-20T11:30:36.393+0000] {logging_mixin.py:188} INFO - 2026-09-20 11:30:36,392 | INFO     | media.image_downloader | Downloaded background image for scene='cafe' -> /opt/airflow/output/images/long_3439.jpg
[2026-09-20T11:30:45.195+0000] {logging_mixin.py:188} INFO - 2026-09-20 11:30:45,195 | WARNING  | video.video_builder | BGM file not found at /opt/airflow/assets/bgm/long_bgm.mp3, rendering without background music
[2026-09-20T11:31:18.566+0000] {logging_mixin.py:188} INFO - 2026-09-20 11:31:18,566 | INFO     | video.video_builder | Final video rendered -> /opt/airflow/output/videos/long_3281.mp4
[2026-09-20T11:31:22.307+0000] {logging_mixin.py:188} INFO - 2026-09-20 11:31:22,307 | INFO     | media.thumbnail_builder | Built thumbnail -> /opt/airflow/output/thumbnails/long_3281.jpg
[2026-09-20T11:31:22.473+0000] {python.py:237} INFO - Done. Returned value was: {'video_id': 413, 'file_path': '/opt/airflow/output/videos/long_3281.mp4', 'thumbnail_path': '/opt/airflow/output/thumbnails/long_3281.jpg', 'title': '20 Essential Small Talk Phrases for Everyday English Conversations', 'description': "Struggling to keep a conversation going in English? In this video, Taky from Taky's Language School teaches you 20 essential small talk phrases to help you sound more natural and confident. Whether you are meeting someone new, catching up with a friend, or navigating daily errands, these practical expressions will help you communicate with ease. We cover everything from greetings like 'How's it going?' and 'Long time no see' to polite requests like 'Could you speak a bit slower?' and 'Could you repeat that?'. Perfect for beginners and intermediate learners looking to improve their social English skills. Don't forget to practice along with us and subscribe for more English lessons!", 'tags': ['English conversation', 'Small talk phrases', 'Learn English', 'English speaking practice', "Taky's Language School", 'Everyday English', 'English fluency', 'Speak English naturally', 'English for beginners', 'Spoken English'], 'video_type': 'long'}
[2026-09-20T11:31:22.474+0000] {taskinstance.py:441} INFO - ::group::Post task execution logs
[2026-09-20T11:31:22.505+0000] {taskinstance.py:1206} INFO - Marking task as SUCCESS. dag_id=youtube_english_video_pipeline, task_id=build_long_video_10, run_id=manual__2026-09-20T11:03:20.949531+00:00, execution_date=20260920T110320, start_date=20260920T112841, end_date=20260920T113122
[2026-09-20T11:31:22.563+0000] {local_task_job_runner.py:243} INFO - Task exited with return code 0
[2026-09-20T11:31:22.823+0000] {taskinstance.py:3503} INFO - 1 downstream tasks scheduled from follow-on schedule check
[2026-09-20T11:31:22.832+0000] {local_task_job_runner.py:222} INFO - ::endgroup::
