[2026-08-11T02:42:40.698+0000] {local_task_job_runner.py:120} INFO - ::group::Pre task execution logs
[2026-08-11T02:42:40.752+0000] {taskinstance.py:2076} INFO - Dependencies all met for dep_context=non-requeueable deps ti=<TaskInstance: youtube_english_video_pipeline.upload_short_video_6 manual__2026-08-11T02:25:49.703167+00:00 [queued]>
[2026-08-11T02:42:40.760+0000] {taskinstance.py:2076} INFO - Dependencies all met for dep_context=requeueable deps ti=<TaskInstance: youtube_english_video_pipeline.upload_short_video_6 manual__2026-08-11T02:25:49.703167+00:00 [queued]>
[2026-08-11T02:42:40.763+0000] {taskinstance.py:2306} INFO - Starting attempt 1 of 3
[2026-08-11T02:42:40.776+0000] {taskinstance.py:2330} INFO - Executing <Task(PythonOperator): upload_short_video_6> on 2026-08-11 02:25:49.703167+00:00
[2026-08-11T02:42:40.782+0000] {standard_task_runner.py:64} INFO - Started process 98839 to run task
[2026-08-11T02:42:40.787+0000] {standard_task_runner.py:90} INFO - Running: ['airflow', 'tasks', 'run', 'youtube_english_video_pipeline', 'upload_short_video_6', 'manual__2026-08-11T02:25:49.703167+00:00', '--job-id', '661', '--raw', '--subdir', 'DAGS_FOLDER/youtube_pipeline.py', '--cfg-path', '/tmp/tmpuk0lmlh9']
[2026-08-11T02:42:40.792+0000] {standard_task_runner.py:91} INFO - Job 661: Subtask upload_short_video_6
[2026-08-11T02:42:40.888+0000] {task_command.py:426} INFO - Running <TaskInstance: youtube_english_video_pipeline.upload_short_video_6 manual__2026-08-11T02:25:49.703167+00:00 [running]> on host cc859d74cf38
[2026-08-11T02:42:41.142+0000] {taskinstance.py:2648} INFO - Exporting env vars: AIRFLOW_CTX_DAG_OWNER='taky' AIRFLOW_CTX_DAG_ID='youtube_english_video_pipeline' AIRFLOW_CTX_TASK_ID='upload_short_video_6' AIRFLOW_CTX_EXECUTION_DATE='2026-08-11T02:25:49.703167+00:00' AIRFLOW_CTX_TRY_NUMBER='1' AIRFLOW_CTX_DAG_RUN_ID='manual__2026-08-11T02:25:49.703167+00:00'
[2026-08-11T02:42:41.143+0000] {taskinstance.py:430} INFO - ::endgroup::
[2026-08-11T02:42:41.839+0000] {__init__.py:49} INFO - file_cache is only supported with oauth2client<4.0.0
[2026-08-11T02:42:41.861+0000] {logging_mixin.py:188} INFO - 2026-08-11 02:42:41,860 | INFO     | uploader.youtube_uploader | Uploading video 'How to Ask to Try On Clothes in English! 🛍️ #Shorts' (/opt/airflow/output/videos/short_1532.mp4) to YouTube...
[2026-08-11T02:42:44.957+0000] {logging_mixin.py:188} INFO - 2026-08-11 02:42:44,957 | INFO     | uploader.youtube_uploader | Upload complete. YouTube video id = 3xCggaBBlxo
[2026-08-11T02:42:44.974+0000] {python.py:237} INFO - Done. Returned value was: 3xCggaBBlxo
[2026-08-11T02:42:44.975+0000] {taskinstance.py:441} INFO - ::group::Post task execution logs
[2026-08-11T02:42:45.009+0000] {taskinstance.py:1206} INFO - Marking task as SUCCESS. dag_id=youtube_english_video_pipeline, task_id=upload_short_video_6, run_id=manual__2026-08-11T02:25:49.703167+00:00, execution_date=20260811T022549, start_date=20260811T024240, end_date=20260811T024245
[2026-08-11T02:42:45.069+0000] {local_task_job_runner.py:243} INFO - Task exited with return code 0
[2026-08-11T02:42:45.226+0000] {taskinstance.py:3503} INFO - 1 downstream tasks scheduled from follow-on schedule check
[2026-08-11T02:42:45.233+0000] {local_task_job_runner.py:222} INFO - ::endgroup::
