[2026-08-10T11:41:52.089+0000] {local_task_job_runner.py:120} INFO - ::group::Pre task execution logs
[2026-08-10T11:41:52.184+0000] {taskinstance.py:2076} INFO - Dependencies all met for dep_context=non-requeueable deps ti=<TaskInstance: youtube_english_video_pipeline.build_short_video_1 scheduled__2026-08-05T12:00:00+00:00 [queued]>
[2026-08-10T11:41:52.208+0000] {taskinstance.py:2076} INFO - Dependencies all met for dep_context=requeueable deps ti=<TaskInstance: youtube_english_video_pipeline.build_short_video_1 scheduled__2026-08-05T12:00:00+00:00 [queued]>
[2026-08-10T11:41:52.225+0000] {taskinstance.py:2306} INFO - Starting attempt 1 of 3
[2026-08-10T11:41:52.267+0000] {taskinstance.py:2330} INFO - Executing <Task(PythonOperator): build_short_video_1> on 2026-08-05 12:00:00+00:00
[2026-08-10T11:41:52.302+0000] {standard_task_runner.py:64} INFO - Started process 80857 to run task
[2026-08-10T11:41:52.306+0000] {standard_task_runner.py:90} INFO - Running: ['airflow', 'tasks', 'run', 'youtube_english_video_pipeline', 'build_short_video_1', 'scheduled__2026-08-05T12:00:00+00:00', '--job-id', '620', '--raw', '--subdir', 'DAGS_FOLDER/youtube_pipeline.py', '--cfg-path', '/tmp/tmpxgqun91p']
[2026-08-10T11:41:52.344+0000] {standard_task_runner.py:91} INFO - Job 620: Subtask build_short_video_1
[2026-08-10T11:41:52.638+0000] {task_command.py:426} INFO - Running <TaskInstance: youtube_english_video_pipeline.build_short_video_1 scheduled__2026-08-05T12:00:00+00:00 [running]> on host cc859d74cf38
[2026-08-10T11:41:53.016+0000] {taskinstance.py:2648} INFO - Exporting env vars: AIRFLOW_CTX_DAG_OWNER='taky' AIRFLOW_CTX_DAG_ID='youtube_english_video_pipeline' AIRFLOW_CTX_TASK_ID='build_short_video_1' AIRFLOW_CTX_EXECUTION_DATE='2026-08-05T12:00:00+00:00' AIRFLOW_CTX_TRY_NUMBER='1' AIRFLOW_CTX_DAG_RUN_ID='scheduled__2026-08-05T12:00:00+00:00'
[2026-08-10T11:41:53.035+0000] {taskinstance.py:430} INFO - ::endgroup::
[2026-08-10T11:41:58.049+0000] {logging_mixin.py:188} INFO - 2026-08-10 11:41:58,048 | INFO     | planner.video_planner | Planned SHORT video: topic='Small Talk', phrases=1
[2026-08-10T11:42:00.299+0000] {logging_mixin.py:188} INFO - 2026-08-10 11:42:00,298 | INFO     | tts.edge_tts | Synthesized audio -> /opt/airflow/output/audio/phrase_1410.mp3
[2026-08-10T11:42:01.556+0000] {logging_mixin.py:188} INFO - 2026-08-10 11:42:01,556 | INFO     | tts.edge_tts | Synthesized audio -> /opt/airflow/output/audio/example_1410.mp3
[2026-08-10T11:42:05.220+0000] {logging_mixin.py:188} INFO - 2026-08-10 11:42:05,220 | INFO     | media.image_downloader | Downloaded background image for scene='street' -> /opt/airflow/output/images/short_1410.jpg
[2026-08-10T11:42:13.984+0000] {logging_mixin.py:188} INFO - 2026-08-10 11:42:13,982 | WARNING  | video.video_builder | BGM file not found at /opt/airflow/assets/bgm/short_bgm.mp3, rendering without background music
[2026-08-10T11:42:22.837+0000] {logging_mixin.py:188} INFO - 2026-08-10 11:42:22,837 | INFO     | video.video_builder | Final video rendered -> /opt/airflow/output/videos/short_1410.mp4
[2026-08-10T11:42:30.140+0000] {python.py:237} INFO - Done. Returned value was: {'video_id': 169, 'file_path': '/opt/airflow/output/videos/short_1410.mp4', 'title': 'Stop Saying "Goodbye"! Try "Catch You Later!" 🗣️ #Shorts', 'description': 'Want to sound more natural when ending a conversation in English? Instead of a formal "goodbye," try using the common native phrase: "Catch you later!" 💬\n\nExample:\n"I have to head to my next class now, so catch you later!"\n\nMaster real-life English small talk with Taky\'s Language School! Subscribe for daily spoken English lessons, useful vocabulary, and natural conversation tips.\n\n#LearnEnglish #SpokenEnglish #SmallTalk #EnglishTips #Shorts #TakysLanguageSchool', 'tags': ['catch you later', 'english small talk', 'learn english', 'spoken english', 'how to say goodbye in english', "taky's language school", 'english vocabulary', 'english phrases', 'daily english tips', 'english speaking practice'], 'video_type': 'short'}
[2026-08-10T11:42:30.145+0000] {taskinstance.py:441} INFO - ::group::Post task execution logs
[2026-08-10T11:42:30.197+0000] {taskinstance.py:1206} INFO - Marking task as SUCCESS. dag_id=youtube_english_video_pipeline, task_id=build_short_video_1, run_id=scheduled__2026-08-05T12:00:00+00:00, execution_date=20260805T120000, start_date=20260810T114152, end_date=20260810T114230
[2026-08-10T11:42:30.267+0000] {local_task_job_runner.py:243} INFO - Task exited with return code 0
[2026-08-10T11:42:31.047+0000] {taskinstance.py:3503} INFO - 1 downstream tasks scheduled from follow-on schedule check
[2026-08-10T11:42:31.053+0000] {local_task_job_runner.py:222} INFO - ::endgroup::
