[2026-08-22T06:25:20.490+0000] {local_task_job_runner.py:120} INFO - ::group::Pre task execution logs
[2026-08-22T06:25:20.717+0000] {taskinstance.py:2076} INFO - Dependencies all met for dep_context=non-requeueable deps ti=<TaskInstance: youtube_english_video_pipeline.ensure_phrase_inventory_1 manual__2026-08-20T00:10:11.781260+00:00 [queued]>
[2026-08-22T06:25:20.753+0000] {taskinstance.py:2076} INFO - Dependencies all met for dep_context=requeueable deps ti=<TaskInstance: youtube_english_video_pipeline.ensure_phrase_inventory_1 manual__2026-08-20T00:10:11.781260+00:00 [queued]>
[2026-08-22T06:25:20.776+0000] {taskinstance.py:2306} INFO - Starting attempt 2 of 3
[2026-08-22T06:25:20.830+0000] {taskinstance.py:2330} INFO - Executing <Task(PythonOperator): ensure_phrase_inventory_1> on 2026-08-20 00:10:11.781260+00:00
[2026-08-22T06:25:20.867+0000] {standard_task_runner.py:64} INFO - Started process 52767 to run task
[2026-08-22T06:25:20.870+0000] {standard_task_runner.py:90} INFO - Running: ['airflow', 'tasks', 'run', 'youtube_english_video_pipeline', 'ensure_phrase_inventory_1', 'manual__2026-08-20T00:10:11.781260+00:00', '--job-id', '836', '--raw', '--subdir', 'DAGS_FOLDER/youtube_pipeline.py', '--cfg-path', '/tmp/tmplv0ipptp']
[2026-08-22T06:25:20.974+0000] {standard_task_runner.py:91} INFO - Job 836: Subtask ensure_phrase_inventory_1
[2026-08-22T06:25:21.201+0000] {task_command.py:426} INFO - Running <TaskInstance: youtube_english_video_pipeline.ensure_phrase_inventory_1 manual__2026-08-20T00:10:11.781260+00:00 [running]> on host cc859d74cf38
[2026-08-22T06:25:21.691+0000] {taskinstance.py:2648} INFO - Exporting env vars: AIRFLOW_CTX_DAG_OWNER='taky' AIRFLOW_CTX_DAG_ID='youtube_english_video_pipeline' AIRFLOW_CTX_TASK_ID='ensure_phrase_inventory_1' AIRFLOW_CTX_EXECUTION_DATE='2026-08-20T00:10:11.781260+00:00' AIRFLOW_CTX_TRY_NUMBER='2' AIRFLOW_CTX_DAG_RUN_ID='manual__2026-08-20T00:10:11.781260+00:00'
[2026-08-22T06:25:21.739+0000] {taskinstance.py:430} INFO - ::endgroup::
[2026-08-22T06:25:31.031+0000] {local_task_job_runner.py:313} WARNING - State of this instance has been externally set to up_for_retry. Terminating instance.
[2026-08-22T06:25:31.097+0000] {local_task_job_runner.py:222} INFO - ::endgroup::
[2026-08-22T06:25:31.130+0000] {process_utils.py:132} INFO - Sending 15 to group 52767. PIDs of all processes in the group: [52767]
[2026-08-22T06:25:31.167+0000] {process_utils.py:87} INFO - Sending the signal 15 to group 52767
[2026-08-22T06:25:31.468+0000] {taskinstance.py:2611} ERROR - Received SIGTERM. Terminating subprocesses.
[2026-08-22T06:25:31.501+0000] {taskinstance.py:441} INFO - ::group::Post task execution logs
[2026-08-22T06:25:31.589+0000] {taskinstance.py:2905} ERROR - Task failed with exception
Traceback (most recent call last):
  File "/home/airflow/.local/lib/python3.11/site-packages/airflow/models/taskinstance.py", line 465, in _execute_task
    result = _execute_callable(context=context, **execute_callable_kwargs)
             ^^^^^^^^^^^^^^^^^^^^^^^^^^^^^^^^^^^^^^^^^^^^^^^^^^^^^^^^^^^^^
  File "/home/airflow/.local/lib/python3.11/site-packages/airflow/models/taskinstance.py", line 432, in _execute_callable
    return execute_callable(context=context, **execute_callable_kwargs)
           ^^^^^^^^^^^^^^^^^^^^^^^^^^^^^^^^^^^^^^^^^^^^^^^^^^^^^^^^^^^^
  File "/home/airflow/.local/lib/python3.11/site-packages/airflow/models/baseoperator.py", line 401, in wrapper
    return func(self, *args, **kwargs)
           ^^^^^^^^^^^^^^^^^^^^^^^^^^^
  File "/home/airflow/.local/lib/python3.11/site-packages/airflow/operators/python.py", line 235, in execute
    return_value = self.execute_callable()
                   ^^^^^^^^^^^^^^^^^^^^^^^
  File "/home/airflow/.local/lib/python3.11/site-packages/airflow/operators/python.py", line 252, in execute_callable
    return self.python_callable(*self.op_args, **self.op_kwargs)
           ^^^^^^^^^^^^^^^^^^^^^^^^^^^^^^^^^^^^^^^^^^^^^^^^^^^^^
  File "/opt/airflow/dags/youtube_pipeline.py", line 56, in task_ensure_phrase_inventory
    from generators.phrase_generator import ensure_phrase_inventory
  File "/opt/airflow/src/generators/phrase_generator.py", line 17, in <module>
    from database.repository import Repository
  File "/opt/airflow/src/database/repository.py", line 17, in <module>
    from utils.logger import get_logger
  File "<frozen importlib._bootstrap>", line 1176, in _find_and_load
  File "<frozen importlib._bootstrap>", line 1138, in _find_and_load_unlocked
  File "<frozen importlib._bootstrap>", line 1078, in _find_spec
  File "<frozen importlib._bootstrap_external>", line 1507, in find_spec
  File "<frozen importlib._bootstrap_external>", line 1479, in _get_spec
  File "<frozen importlib._bootstrap_external>", line 1634, in find_spec
  File "<frozen importlib._bootstrap_external>", line 161, in _path_isfile
  File "<frozen importlib._bootstrap_external>", line 153, in _path_is_mode_type
  File "<frozen importlib._bootstrap_external>", line 147, in _path_stat
  File "/home/airflow/.local/lib/python3.11/site-packages/airflow/models/taskinstance.py", line 2613, in signal_handler
    raise AirflowTaskTerminated("Task received SIGTERM signal")
airflow.exceptions.AirflowTaskTerminated: Task received SIGTERM signal
[2026-08-22T06:25:33.769+0000] {taskinstance.py:1206} INFO - Marking task as FAILED. dag_id=youtube_english_video_pipeline, task_id=ensure_phrase_inventory_1, run_id=manual__2026-08-20T00:10:11.781260+00:00, execution_date=20260820T001011, start_date=20260822T062520, end_date=20260822T062533
[2026-08-22T06:25:33.909+0000] {process_utils.py:80} INFO - Process psutil.Process(pid=52767, status='terminated', exitcode=2, started='06:25:20') (52767) terminated with exit code 2
