[2026-08-26T18:25:35.404+0000] {local_task_job_runner.py:120} INFO - ::group::Pre task execution logs
[2026-08-26T18:25:35.432+0000] {taskinstance.py:2076} INFO - Dependencies all met for dep_context=non-requeueable deps ti=<TaskInstance: youtube_english_video_pipeline.build_long_video_2 scheduled__2026-08-25T12:00:00+00:00 [queued]>
[2026-08-26T18:25:35.441+0000] {taskinstance.py:2076} INFO - Dependencies all met for dep_context=requeueable deps ti=<TaskInstance: youtube_english_video_pipeline.build_long_video_2 scheduled__2026-08-25T12:00:00+00:00 [queued]>
[2026-08-26T18:25:35.443+0000] {taskinstance.py:2306} INFO - Starting attempt 1 of 3
[2026-08-26T18:25:35.457+0000] {taskinstance.py:2330} INFO - Executing <Task(PythonOperator): build_long_video_2> on 2026-08-25 12:00:00+00:00
[2026-08-26T18:25:35.461+0000] {standard_task_runner.py:64} INFO - Started process 4151 to run task
[2026-08-26T18:25:35.466+0000] {standard_task_runner.py:90} INFO - Running: ['airflow', 'tasks', 'run', 'youtube_english_video_pipeline', 'build_long_video_2', 'scheduled__2026-08-25T12:00:00+00:00', '--job-id', '925', '--raw', '--subdir', 'DAGS_FOLDER/youtube_pipeline.py', '--cfg-path', '/tmp/tmpurqb02m0']
[2026-08-26T18:25:35.469+0000] {standard_task_runner.py:91} INFO - Job 925: Subtask build_long_video_2
[2026-08-26T18:25:35.555+0000] {task_command.py:426} INFO - Running <TaskInstance: youtube_english_video_pipeline.build_long_video_2 scheduled__2026-08-25T12:00:00+00:00 [running]> on host cc859d74cf38
[2026-08-26T18:25:35.744+0000] {taskinstance.py:2648} INFO - Exporting env vars: AIRFLOW_CTX_DAG_OWNER='taky' AIRFLOW_CTX_DAG_ID='youtube_english_video_pipeline' AIRFLOW_CTX_TASK_ID='build_long_video_2' AIRFLOW_CTX_EXECUTION_DATE='2026-08-25T12:00:00+00:00' AIRFLOW_CTX_TRY_NUMBER='1' AIRFLOW_CTX_DAG_RUN_ID='scheduled__2026-08-25T12:00:00+00:00'
[2026-08-26T18:25:35.746+0000] {taskinstance.py:430} INFO - ::endgroup::
[2026-08-26T18:25:36.523+0000] {logging_mixin.py:188} INFO - 2026-08-26 18:25:36,523 | INFO     | planner.video_planner | Only 3 phrases for topic='Small Talk', topping up without topic filter
[2026-08-26T18:25:36.534+0000] {taskinstance.py:441} INFO - ::group::Post task execution logs
[2026-08-26T18:25:36.535+0000] {taskinstance.py:2905} ERROR - Task failed with exception
Traceback (most recent call last):
  File "/home/airflow/.local/lib/python3.11/site-packages/airflow/models/taskinstance.py", line 465, in _execute_task
    result = _execute_callable(context=context, **execute_callable_kwargs)
             ^^^^^^^^^^^^^^^^^^^^^^^^^^^^^^^^^^^^^^^^^^^^^^^^^^^^^^^^^^^^^
  File "/home/airflow/.local/lib/python3.11/site-packages/airflow/models/taskinstance.py", line 432, in _execute_callable
    return execute_callable(context=context, **execute_callable_kwargs)
           ^^^^^^^^^^^^^^^^^^^^^^^^^^^^^^^^^^^^^^^^^^^^^^^^^^^^^^^^^^^^
  File "/home/airflow/.local/lib/python3.11/site-packages/airflow/models/baseoperator.py", line 401, in wrapper
    return func(self, *args, **kwargs)
           ^^^^^^^^^^^^^^^^^^^^^^^^^^^
  File "/home/airflow/.local/lib/python3.11/site-packages/airflow/operators/python.py", line 235, in execute
    return_value = self.execute_callable()
                   ^^^^^^^^^^^^^^^^^^^^^^^
  File "/home/airflow/.local/lib/python3.11/site-packages/airflow/operators/python.py", line 252, in execute_callable
    return self.python_callable(*self.op_args, **self.op_kwargs)
           ^^^^^^^^^^^^^^^^^^^^^^^^^^^^^^^^^^^^^^^^^^^^^^^^^^^^^
  File "/opt/airflow/dags/youtube_pipeline.py", line 98, in task_build_long_video
    result = build_long_video()
             ^^^^^^^^^^^^^^^^^^
  File "/opt/airflow/src/video/long_video.py", line 121, in build_long_video
    result = LongVideoPipeline().run()
             ^^^^^^^^^^^^^^^^^^^^^^^^^
  File "/opt/airflow/src/video/long_video.py", line 46, in run
    plan = self.planner.plan("long")
           ^^^^^^^^^^^^^^^^^^^^^^^^^
  File "/opt/airflow/src/planner/video_planner.py", line 67, in plan
    return self.plan_long()
           ^^^^^^^^^^^^^^^^
  File "/opt/airflow/src/planner/video_planner.py", line 55, in plan_long
    raise RuntimeError(
RuntimeError: Not enough unused phrases for a Long video (have 14, need at least 15)
[2026-08-26T18:25:36.658+0000] {taskinstance.py:1206} INFO - Marking task as UP_FOR_RETRY. dag_id=youtube_english_video_pipeline, task_id=build_long_video_2, run_id=scheduled__2026-08-25T12:00:00+00:00, execution_date=20260825T120000, start_date=20260826T182535, end_date=20260826T182536
[2026-08-26T18:25:36.677+0000] {standard_task_runner.py:110} ERROR - Failed to execute job 925 for task build_long_video_2 (Not enough unused phrases for a Long video (have 14, need at least 15); 4151)
[2026-08-26T18:25:36.724+0000] {local_task_job_runner.py:243} INFO - Task exited with return code 1
[2026-08-26T18:25:36.855+0000] {taskinstance.py:3503} INFO - 0 downstream tasks scheduled from follow-on schedule check
[2026-08-26T18:25:36.860+0000] {local_task_job_runner.py:222} INFO - ::endgroup::
