[2026-07-28T12:56:17.012+0000] {local_task_job_runner.py:120} INFO - ::group::Pre task execution logs
[2026-07-28T12:56:17.055+0000] {taskinstance.py:2076} INFO - Dependencies all met for dep_context=non-requeueable deps ti=<TaskInstance: youtube_english_video_pipeline.build_short_video_8 scheduled__2026-07-27T12:00:00+00:00 [queued]>
[2026-07-28T12:56:17.066+0000] {taskinstance.py:2076} INFO - Dependencies all met for dep_context=requeueable deps ti=<TaskInstance: youtube_english_video_pipeline.build_short_video_8 scheduled__2026-07-27T12:00:00+00:00 [queued]>
[2026-07-28T12:56:17.070+0000] {taskinstance.py:2306} INFO - Starting attempt 1 of 3
[2026-07-28T12:56:17.084+0000] {taskinstance.py:2330} INFO - Executing <Task(PythonOperator): build_short_video_8> on 2026-07-27 12:00:00+00:00
[2026-07-28T12:56:17.092+0000] {standard_task_runner.py:64} INFO - Started process 30388 to run task
[2026-07-28T12:56:17.094+0000] {standard_task_runner.py:90} INFO - Running: ['airflow', 'tasks', 'run', 'youtube_english_video_pipeline', 'build_short_video_8', 'scheduled__2026-07-27T12:00:00+00:00', '--job-id', '523', '--raw', '--subdir', 'DAGS_FOLDER/youtube_pipeline.py', '--cfg-path', '/tmp/tmpdzpvsm2f']
[2026-07-28T12:56:17.099+0000] {standard_task_runner.py:91} INFO - Job 523: Subtask build_short_video_8
[2026-07-28T12:56:17.204+0000] {task_command.py:426} INFO - Running <TaskInstance: youtube_english_video_pipeline.build_short_video_8 scheduled__2026-07-27T12:00:00+00:00 [running]> on host cc859d74cf38
[2026-07-28T12:56:17.432+0000] {taskinstance.py:2648} INFO - Exporting env vars: AIRFLOW_CTX_DAG_OWNER='taky' AIRFLOW_CTX_DAG_ID='youtube_english_video_pipeline' AIRFLOW_CTX_TASK_ID='build_short_video_8' AIRFLOW_CTX_EXECUTION_DATE='2026-07-27T12:00:00+00:00' AIRFLOW_CTX_TRY_NUMBER='1' AIRFLOW_CTX_DAG_RUN_ID='scheduled__2026-07-27T12:00:00+00:00'
[2026-07-28T12:56:17.434+0000] {taskinstance.py:430} INFO - ::endgroup::
[2026-07-28T12:56:20.050+0000] {logging_mixin.py:188} INFO - 2026-07-28 12:56:20,050 | INFO     | planner.video_planner | Planned SHORT video: topic='Daily Conversation', phrases=1
[2026-07-28T12:56:20.412+0000] {logging_mixin.py:188} INFO - 2026-07-28 12:56:20,412 | INFO     | tts.edge_tts | Synthesized audio -> /opt/airflow/output/audio/phrase_1137.mp3
[2026-07-28T12:56:20.917+0000] {logging_mixin.py:188} INFO - 2026-07-28 12:56:20,917 | INFO     | tts.edge_tts | Synthesized audio -> /opt/airflow/output/audio/example_1137.mp3
[2026-07-28T12:56:21.327+0000] {logging_mixin.py:188} INFO - 2026-07-28 12:56:21,327 | INFO     | media.image_downloader | Downloaded background image for scene='street' -> /opt/airflow/output/images/short_1137.jpg
[2026-07-28T12:56:27.238+0000] {logging_mixin.py:188} INFO - 2026-07-28 12:56:27,237 | WARNING  | video.video_builder | BGM file not found at /opt/airflow/assets/bgm/short_bgm.mp3, rendering without background music
[2026-07-28T12:56:29.103+0000] {logging_mixin.py:188} INFO - 2026-07-28 12:56:29,103 | INFO     | video.video_builder | Final video rendered -> /opt/airflow/output/videos/short_1137.mp4
[2026-07-28T12:56:38.210+0000] {python.py:237} INFO - Done. Returned value was: {'video_id': 137, 'file_path': '/opt/airflow/output/videos/short_1137.mp4', 'title': "How to Say 'I'm Late' in Natural English! ⏱️ #Shorts", 'description': 'Are you running late for a meeting? Stop saying \'I am late\' and sound like a native speaker with this practical daily phrase!\n\n✨ Phrase of the Day:\n"I\'m running a bit late."\n\n💬 Example:\n"I\'m running a bit late, so please go ahead and start the meeting without me."\n\nMaster spoken English with quick daily lessons from Taky\'s Language School! Subscribe for more English conversation tips.\n\n#LearnEnglish #SpokenEnglish #EnglishPhrases #DailyEnglish #Shorts', 'tags': ['learn english', 'spoken english', 'english phrases', 'im running a bit late', 'daily conversation english', "taky's language school", 'native english phrases', 'english shorts', 'business english phrases', 'english learning'], 'video_type': 'short'}
[2026-07-28T12:56:38.211+0000] {taskinstance.py:441} INFO - ::group::Post task execution logs
[2026-07-28T12:56:38.236+0000] {taskinstance.py:1206} INFO - Marking task as SUCCESS. dag_id=youtube_english_video_pipeline, task_id=build_short_video_8, run_id=scheduled__2026-07-27T12:00:00+00:00, execution_date=20260727T120000, start_date=20260728T125617, end_date=20260728T125638
[2026-07-28T12:56:38.268+0000] {local_task_job_runner.py:243} INFO - Task exited with return code 0
[2026-07-28T12:56:38.442+0000] {taskinstance.py:3503} INFO - 1 downstream tasks scheduled from follow-on schedule check
[2026-07-28T12:56:38.452+0000] {local_task_job_runner.py:222} INFO - ::endgroup::
