[2026-09-22T00:46:23.450+0000] {local_task_job_runner.py:120} INFO - ::group::Pre task execution logs
[2026-09-22T00:46:23.492+0000] {taskinstance.py:2076} INFO - Dependencies all met for dep_context=non-requeueable deps ti=<TaskInstance: youtube_english_video_pipeline.upload_long_video_10 scheduled__2026-09-20T12:00:00+00:00 [queued]>
[2026-09-22T00:46:23.504+0000] {taskinstance.py:2076} INFO - Dependencies all met for dep_context=requeueable deps ti=<TaskInstance: youtube_english_video_pipeline.upload_long_video_10 scheduled__2026-09-20T12:00:00+00:00 [queued]>
[2026-09-22T00:46:23.506+0000] {taskinstance.py:2306} INFO - Starting attempt 1 of 3
[2026-09-22T00:46:23.520+0000] {taskinstance.py:2330} INFO - Executing <Task(PythonOperator): upload_long_video_10> on 2026-09-20 12:00:00+00:00
[2026-09-22T00:46:23.525+0000] {standard_task_runner.py:64} INFO - Started process 33879 to run task
[2026-09-22T00:46:23.529+0000] {standard_task_runner.py:90} INFO - Running: ['airflow', 'tasks', 'run', 'youtube_english_video_pipeline', 'upload_long_video_10', 'scheduled__2026-09-20T12:00:00+00:00', '--job-id', '1511', '--raw', '--subdir', 'DAGS_FOLDER/youtube_pipeline.py', '--cfg-path', '/tmp/tmp889lmbpj']
[2026-09-22T00:46:23.532+0000] {standard_task_runner.py:91} INFO - Job 1511: Subtask upload_long_video_10
[2026-09-22T00:46:23.594+0000] {task_command.py:426} INFO - Running <TaskInstance: youtube_english_video_pipeline.upload_long_video_10 scheduled__2026-09-20T12:00:00+00:00 [running]> on host 73b18333cdfe
[2026-09-22T00:46:23.840+0000] {taskinstance.py:2648} INFO - Exporting env vars: AIRFLOW_CTX_DAG_OWNER='taky' AIRFLOW_CTX_DAG_ID='youtube_english_video_pipeline' AIRFLOW_CTX_TASK_ID='upload_long_video_10' AIRFLOW_CTX_EXECUTION_DATE='2026-09-20T12:00:00+00:00' AIRFLOW_CTX_TRY_NUMBER='1' AIRFLOW_CTX_DAG_RUN_ID='scheduled__2026-09-20T12:00:00+00:00'
[2026-09-22T00:46:23.841+0000] {taskinstance.py:430} INFO - ::endgroup::
[2026-09-22T00:46:24.331+0000] {__init__.py:49} INFO - file_cache is only supported with oauth2client<4.0.0
[2026-09-22T00:46:24.340+0000] {logging_mixin.py:188} INFO - 2026-09-22 00:46:24,340 | INFO     | uploader.youtube_uploader | Uploading video 'Small Talk: 17 Natural English Phrases You'll Actually Use' (/opt/airflow/output/videos/long_3768.mp4) to YouTube...
[2026-09-22T00:46:28.570+0000] {logging_mixin.py:188} INFO - 2026-09-22 00:46:28,570 | INFO     | uploader.youtube_uploader | Upload complete. YouTube video id = wccw7F0oMUI
[2026-09-22T00:46:32.330+0000] {logging_mixin.py:188} INFO - 2026-09-22 00:46:32,330 | INFO     | uploader.youtube_uploader | Custom thumbnail uploaded.
[2026-09-22T00:46:32.358+0000] {python.py:237} INFO - Done. Returned value was: wccw7F0oMUI
[2026-09-22T00:46:32.360+0000] {taskinstance.py:441} INFO - ::group::Post task execution logs
[2026-09-22T00:46:32.405+0000] {taskinstance.py:1206} INFO - Marking task as SUCCESS. dag_id=youtube_english_video_pipeline, task_id=upload_long_video_10, run_id=scheduled__2026-09-20T12:00:00+00:00, execution_date=20260920T120000, start_date=20260922T004623, end_date=20260922T004632
[2026-09-22T00:46:32.446+0000] {local_task_job_runner.py:243} INFO - Task exited with return code 0
[2026-09-22T00:46:32.468+0000] {taskinstance.py:3503} INFO - 0 downstream tasks scheduled from follow-on schedule check
[2026-09-22T00:46:32.473+0000] {local_task_job_runner.py:222} INFO - ::endgroup::
