[2026-08-11T02:39:05.994+0000] {local_task_job_runner.py:120} INFO - ::group::Pre task execution logs
[2026-08-11T02:39:06.035+0000] {taskinstance.py:2076} INFO - Dependencies all met for dep_context=non-requeueable deps ti=<TaskInstance: youtube_english_video_pipeline.upload_long_video_4 manual__2026-08-11T02:25:49.703167+00:00 [queued]>
[2026-08-11T02:39:06.043+0000] {taskinstance.py:2076} INFO - Dependencies all met for dep_context=requeueable deps ti=<TaskInstance: youtube_english_video_pipeline.upload_long_video_4 manual__2026-08-11T02:25:49.703167+00:00 [queued]>
[2026-08-11T02:39:06.045+0000] {taskinstance.py:2306} INFO - Starting attempt 1 of 3
[2026-08-11T02:39:06.059+0000] {taskinstance.py:2330} INFO - Executing <Task(PythonOperator): upload_long_video_4> on 2026-08-11 02:25:49.703167+00:00
[2026-08-11T02:39:06.069+0000] {standard_task_runner.py:64} INFO - Started process 95165 to run task
[2026-08-11T02:39:06.074+0000] {standard_task_runner.py:90} INFO - Running: ['airflow', 'tasks', 'run', 'youtube_english_video_pipeline', 'upload_long_video_4', 'manual__2026-08-11T02:25:49.703167+00:00', '--job-id', '653', '--raw', '--subdir', 'DAGS_FOLDER/youtube_pipeline.py', '--cfg-path', '/tmp/tmpzvkn7ogc']
[2026-08-11T02:39:06.078+0000] {standard_task_runner.py:91} INFO - Job 653: Subtask upload_long_video_4
[2026-08-11T02:39:06.157+0000] {task_command.py:426} INFO - Running <TaskInstance: youtube_english_video_pipeline.upload_long_video_4 manual__2026-08-11T02:25:49.703167+00:00 [running]> on host cc859d74cf38
[2026-08-11T02:39:06.405+0000] {taskinstance.py:2648} INFO - Exporting env vars: AIRFLOW_CTX_DAG_OWNER='taky' AIRFLOW_CTX_DAG_ID='youtube_english_video_pipeline' AIRFLOW_CTX_TASK_ID='upload_long_video_4' AIRFLOW_CTX_EXECUTION_DATE='2026-08-11T02:25:49.703167+00:00' AIRFLOW_CTX_TRY_NUMBER='1' AIRFLOW_CTX_DAG_RUN_ID='manual__2026-08-11T02:25:49.703167+00:00'
[2026-08-11T02:39:06.407+0000] {taskinstance.py:430} INFO - ::endgroup::
[2026-08-11T02:39:06.942+0000] {__init__.py:49} INFO - file_cache is only supported with oauth2client<4.0.0
[2026-08-11T02:39:06.957+0000] {logging_mixin.py:188} INFO - 2026-08-11 02:39:06,956 | INFO     | uploader.youtube_uploader | Uploading video '15+ Essential English Phrases for Restaurants | Taky's Language School' (/opt/airflow/output/videos/long_1513.mp4) to YouTube...
[2026-08-11T02:39:12.126+0000] {logging_mixin.py:188} INFO - 2026-08-11 02:39:12,126 | INFO     | uploader.youtube_uploader | Upload complete. YouTube video id = p2VE1ryNOs8
[2026-08-11T02:39:16.450+0000] {logging_mixin.py:188} INFO - 2026-08-11 02:39:16,450 | INFO     | uploader.youtube_uploader | Custom thumbnail uploaded.
[2026-08-11T02:39:16.466+0000] {python.py:237} INFO - Done. Returned value was: p2VE1ryNOs8
[2026-08-11T02:39:16.468+0000] {taskinstance.py:441} INFO - ::group::Post task execution logs
[2026-08-11T02:39:16.499+0000] {taskinstance.py:1206} INFO - Marking task as SUCCESS. dag_id=youtube_english_video_pipeline, task_id=upload_long_video_4, run_id=manual__2026-08-11T02:25:49.703167+00:00, execution_date=20260811T022549, start_date=20260811T023906, end_date=20260811T023916
[2026-08-11T02:39:16.536+0000] {local_task_job_runner.py:243} INFO - Task exited with return code 0
[2026-08-11T02:39:16.677+0000] {taskinstance.py:3503} INFO - 1 downstream tasks scheduled from follow-on schedule check
[2026-08-11T02:39:16.683+0000] {local_task_job_runner.py:222} INFO - ::endgroup::
