[2026-07-28T12:56:02.541+0000] {local_task_job_runner.py:120} INFO - ::group::Pre task execution logs
[2026-07-28T12:56:02.606+0000] {taskinstance.py:2076} INFO - Dependencies all met for dep_context=non-requeueable deps ti=<TaskInstance: youtube_english_video_pipeline.upload_long_video_7 scheduled__2026-07-27T12:00:00+00:00 [queued]>
[2026-07-28T12:56:02.626+0000] {taskinstance.py:2076} INFO - Dependencies all met for dep_context=requeueable deps ti=<TaskInstance: youtube_english_video_pipeline.upload_long_video_7 scheduled__2026-07-27T12:00:00+00:00 [queued]>
[2026-07-28T12:56:02.637+0000] {taskinstance.py:2306} INFO - Starting attempt 1 of 3
[2026-07-28T12:56:02.664+0000] {taskinstance.py:2330} INFO - Executing <Task(PythonOperator): upload_long_video_7> on 2026-07-27 12:00:00+00:00
[2026-07-28T12:56:02.686+0000] {standard_task_runner.py:64} INFO - Started process 30384 to run task
[2026-07-28T12:56:02.692+0000] {standard_task_runner.py:90} INFO - Running: ['airflow', 'tasks', 'run', 'youtube_english_video_pipeline', 'upload_long_video_7', 'scheduled__2026-07-27T12:00:00+00:00', '--job-id', '521', '--raw', '--subdir', 'DAGS_FOLDER/youtube_pipeline.py', '--cfg-path', '/tmp/tmp0xxtg5_j']
[2026-07-28T12:56:02.705+0000] {standard_task_runner.py:91} INFO - Job 521: Subtask upload_long_video_7
[2026-07-28T12:56:02.887+0000] {task_command.py:426} INFO - Running <TaskInstance: youtube_english_video_pipeline.upload_long_video_7 scheduled__2026-07-27T12:00:00+00:00 [running]> on host cc859d74cf38
[2026-07-28T12:56:03.149+0000] {taskinstance.py:2648} INFO - Exporting env vars: AIRFLOW_CTX_DAG_OWNER='taky' AIRFLOW_CTX_DAG_ID='youtube_english_video_pipeline' AIRFLOW_CTX_TASK_ID='upload_long_video_7' AIRFLOW_CTX_EXECUTION_DATE='2026-07-27T12:00:00+00:00' AIRFLOW_CTX_TRY_NUMBER='1' AIRFLOW_CTX_DAG_RUN_ID='scheduled__2026-07-27T12:00:00+00:00'
[2026-07-28T12:56:03.157+0000] {taskinstance.py:430} INFO - ::endgroup::
[2026-07-28T12:56:04.172+0000] {__init__.py:49} INFO - file_cache is only supported with oauth2client<4.0.0
[2026-07-28T12:56:04.187+0000] {logging_mixin.py:188} INFO - 2026-07-28 12:56:04,187 | INFO     | uploader.youtube_uploader | Uploading video '17 Daily English Expressions | Business English' (/opt/airflow/output/videos/long_1148.mp4) to YouTube...
[2026-07-28T12:56:08.801+0000] {logging_mixin.py:188} INFO - 2026-07-28 12:56:08,801 | INFO     | uploader.youtube_uploader | Upload complete. YouTube video id = gmIAvR8mH7Q
[2026-07-28T12:56:12.958+0000] {logging_mixin.py:188} INFO - 2026-07-28 12:56:12,958 | INFO     | uploader.youtube_uploader | Custom thumbnail uploaded.
[2026-07-28T12:56:13.020+0000] {python.py:237} INFO - Done. Returned value was: gmIAvR8mH7Q
[2026-07-28T12:56:13.031+0000] {taskinstance.py:441} INFO - ::group::Post task execution logs
[2026-07-28T12:56:13.070+0000] {taskinstance.py:1206} INFO - Marking task as SUCCESS. dag_id=youtube_english_video_pipeline, task_id=upload_long_video_7, run_id=scheduled__2026-07-27T12:00:00+00:00, execution_date=20260727T120000, start_date=20260728T125602, end_date=20260728T125613
[2026-07-28T12:56:13.122+0000] {local_task_job_runner.py:243} INFO - Task exited with return code 0
[2026-07-28T12:56:13.304+0000] {taskinstance.py:3503} INFO - 1 downstream tasks scheduled from follow-on schedule check
[2026-07-28T12:56:13.326+0000] {local_task_job_runner.py:222} INFO - ::endgroup::
