[2026-07-25T03:20:26.344+0000] {local_task_job_runner.py:120} INFO - ::group::Pre task execution logs
[2026-07-25T03:20:26.372+0000] {taskinstance.py:2076} INFO - Dependencies all met for dep_context=non-requeueable deps ti=<TaskInstance: youtube_english_video_pipeline.build_short_video manual__2026-07-25T03:19:33.053262+00:00 [queued]>
[2026-07-25T03:20:26.378+0000] {taskinstance.py:2076} INFO - Dependencies all met for dep_context=requeueable deps ti=<TaskInstance: youtube_english_video_pipeline.build_short_video manual__2026-07-25T03:19:33.053262+00:00 [queued]>
[2026-07-25T03:20:26.378+0000] {taskinstance.py:2306} INFO - Starting attempt 1 of 3
[2026-07-25T03:20:26.389+0000] {taskinstance.py:2330} INFO - Executing <Task(PythonOperator): build_short_video> on 2026-07-25 03:19:33.053262+00:00
[2026-07-25T03:20:26.394+0000] {standard_task_runner.py:64} INFO - Started process 5334 to run task
[2026-07-25T03:20:26.396+0000] {standard_task_runner.py:90} INFO - Running: ['airflow', 'tasks', 'run', 'youtube_english_video_pipeline', 'build_short_video', 'manual__2026-07-25T03:19:33.053262+00:00', '--job-id', '122', '--raw', '--subdir', 'DAGS_FOLDER/youtube_pipeline.py', '--cfg-path', '/tmp/tmpw021_qqm']
[2026-07-25T03:20:26.398+0000] {standard_task_runner.py:91} INFO - Job 122: Subtask build_short_video
[2026-07-25T03:20:26.467+0000] {task_command.py:426} INFO - Running <TaskInstance: youtube_english_video_pipeline.build_short_video manual__2026-07-25T03:19:33.053262+00:00 [running]> on host 654b8331d764
[2026-07-25T03:20:26.762+0000] {taskinstance.py:2648} INFO - Exporting env vars: AIRFLOW_CTX_DAG_OWNER='taky' AIRFLOW_CTX_DAG_ID='youtube_english_video_pipeline' AIRFLOW_CTX_TASK_ID='build_short_video' AIRFLOW_CTX_EXECUTION_DATE='2026-07-25T03:19:33.053262+00:00' AIRFLOW_CTX_TRY_NUMBER='1' AIRFLOW_CTX_DAG_RUN_ID='manual__2026-07-25T03:19:33.053262+00:00'
[2026-07-25T03:20:26.763+0000] {taskinstance.py:430} INFO - ::endgroup::
[2026-07-25T03:20:27.325+0000] {logging_mixin.py:188} INFO - 2026-07-25 03:20:27,325 | INFO     | planner.video_planner | Planned SHORT video: topic='Social English', phrases=1
[2026-07-25T03:20:27.808+0000] {logging_mixin.py:188} INFO - 2026-07-25 03:20:27,808 | INFO     | tts.edge_tts | Synthesized audio -> /opt/airflow/output/audio/phrase_80.mp3
[2026-07-25T03:20:28.343+0000] {logging_mixin.py:188} INFO - 2026-07-25 03:20:28,343 | INFO     | tts.edge_tts | Synthesized audio -> /opt/airflow/output/audio/example_80.mp3
[2026-07-25T03:20:29.148+0000] {logging_mixin.py:188} INFO - 2026-07-25 03:20:29,147 | INFO     | media.image_downloader | Downloaded background image for scene='desk' -> /opt/airflow/output/images/short_80.jpg
[2026-07-25T03:20:29.152+0000] {logging_mixin.py:188} INFO - 2026-07-25 03:20:29,152 | INFO     | video.video_builder | Running ffmpeg: ffmpeg -y -i /opt/airflow/output/audio/phrase_80.mp3 -i /opt/airflow/output/audio/example_80.mp3 -filter_complex [0:a]apad=pad_dur=0.4[a0];[a0][1:a]concat=n=2:v=0:a=1[aout] -map [aout] /opt/airflow/output/videos/_tmp/short_80_raw.audio.mp3
[2026-07-25T03:20:29.485+0000] {logging_mixin.py:188} INFO - 2026-07-25 03:20:29,485 | INFO     | video.video_builder | Running ffmpeg: ffmpeg -y -loop 1 -i /opt/airflow/output/images/short_80.jpg -i /opt/airflow/output/videos/_tmp/short_80_raw.audio.mp3 -vf scale=1080:1920:force_original_aspect_ratio=increase,crop=1080:1920,drawtext=fontfile='/opt/airflow/assets/fonts/NotoSansJP-Bold.ttf':text='I really appreciate\nyour help.':fontcolor=FFFFFF:fontsize=88:x=(w-text_w)/2:y=(h*0.16):line_spacing=12:box=1:boxcolor=black@0.45:boxborderw=20,drawtext=fontfile='/opt/airflow/assets/fonts/NotoSansJP-Bold.ttf':text='Thank you for showing me\nhow to use this\nsoftware. I really\nappreciate your help.':fontcolor=FFD54A:fontsize=79:x=(w-text_w)/2:y=(h-text_h)/2+((h*0.15)):line_spacing=16:box=1:boxcolor=black@0.55:boxborderw=24 -c:v libx264 -preset medium -crf 23 -tune stillimage -pix_fmt yuv420p -c:a aac -b:a 192k -shortest -r 30 /opt/airflow/output/videos/_tmp/short_80_raw.mp4
[2026-07-25T03:20:33.846+0000] {logging_mixin.py:188} INFO - 2026-07-25 03:20:33,846 | WARNING  | video.video_builder | BGM file not found at /opt/airflow/assets/bgm/short_bgm.mp3, rendering without background music
[2026-07-25T03:20:33.848+0000] {logging_mixin.py:188} INFO - 2026-07-25 03:20:33,848 | INFO     | video.video_builder | Running ffmpeg: ffmpeg -y -i /opt/airflow/output/videos/_tmp/short_80_raw.mp4 -c:v libx264 -preset medium -crf 23 -pix_fmt yuv420p -c:a aac -b:a 192k /opt/airflow/output/videos/short_80.mp4
[2026-07-25T03:20:35.606+0000] {logging_mixin.py:188} INFO - 2026-07-25 03:20:35,606 | INFO     | video.video_builder | Final video rendered -> /opt/airflow/output/videos/short_80.mp4
[2026-07-25T03:20:40.731+0000] {python.py:237} INFO - Done. Returned value was: {'video_id': 24, 'file_path': '/opt/airflow/output/videos/short_80.mp4', 'title': 'How to Use "I Really Appreciate Your Help" in English! #Shorts', 'description': 'Want to sound more natural when thanking someone in English? Learn how to use "I really appreciate your help" in everyday conversations!\n\nExample:\n"Thank you for showing me how to use this software. I really appreciate your help."\n\nSubscribe to Taky\'s Language School for quick, daily spoken English tips, social English phrases, and vocabulary practice!\n\n#LearnEnglish #SpokenEnglish #SocialEnglish #EnglishPhrases #TakysLanguageSchool #Shorts', 'tags': ['learn english', 'spoken english', 'social english', 'english phrases', 'i really appreciate your help', 'how to thank someone in english', "taky's language school", 'takys language school', 'english conversation practice', 'daily english phrases', 'english vocabulary', 'english shorts'], 'video_type': 'short'}
[2026-07-25T03:20:40.732+0000] {taskinstance.py:441} INFO - ::group::Post task execution logs
[2026-07-25T03:20:40.759+0000] {taskinstance.py:1206} INFO - Marking task as SUCCESS. dag_id=youtube_english_video_pipeline, task_id=build_short_video, run_id=manual__2026-07-25T03:19:33.053262+00:00, execution_date=20260725T031933, start_date=20260725T032026, end_date=20260725T032040
[2026-07-25T03:20:40.798+0000] {local_task_job_runner.py:243} INFO - Task exited with return code 0
[2026-07-25T03:20:40.828+0000] {taskinstance.py:3503} INFO - 1 downstream tasks scheduled from follow-on schedule check
[2026-07-25T03:20:40.831+0000] {local_task_job_runner.py:222} INFO - ::endgroup::
