[2026-07-25T03:49:34.052+0000] {local_task_job_runner.py:120} INFO - ::group::Pre task execution logs
[2026-07-25T03:49:34.073+0000] {taskinstance.py:2076} INFO - Dependencies all met for dep_context=non-requeueable deps ti=<TaskInstance: youtube_english_video_pipeline.build_short_video manual__2026-07-25T03:49:32.310062+00:00 [queued]>
[2026-07-25T03:49:34.078+0000] {taskinstance.py:2076} INFO - Dependencies all met for dep_context=requeueable deps ti=<TaskInstance: youtube_english_video_pipeline.build_short_video manual__2026-07-25T03:49:32.310062+00:00 [queued]>
[2026-07-25T03:49:34.079+0000] {taskinstance.py:2306} INFO - Starting attempt 1 of 3
[2026-07-25T03:49:34.087+0000] {taskinstance.py:2330} INFO - Executing <Task(PythonOperator): build_short_video> on 2026-07-25 03:49:32.310062+00:00
[2026-07-25T03:49:34.091+0000] {standard_task_runner.py:64} INFO - Started process 1214 to run task
[2026-07-25T03:49:34.093+0000] {standard_task_runner.py:90} INFO - Running: ['airflow', 'tasks', 'run', 'youtube_english_video_pipeline', 'build_short_video', 'manual__2026-07-25T03:49:32.310062+00:00', '--job-id', '130', '--raw', '--subdir', 'DAGS_FOLDER/youtube_pipeline.py', '--cfg-path', '/tmp/tmplnka0298']
[2026-07-25T03:49:34.094+0000] {standard_task_runner.py:91} INFO - Job 130: Subtask build_short_video
[2026-07-25T03:49:34.150+0000] {task_command.py:426} INFO - Running <TaskInstance: youtube_english_video_pipeline.build_short_video manual__2026-07-25T03:49:32.310062+00:00 [running]> on host c4a896dee999
[2026-07-25T03:49:34.334+0000] {taskinstance.py:2648} INFO - Exporting env vars: AIRFLOW_CTX_DAG_OWNER='taky' AIRFLOW_CTX_DAG_ID='youtube_english_video_pipeline' AIRFLOW_CTX_TASK_ID='build_short_video' AIRFLOW_CTX_EXECUTION_DATE='2026-07-25T03:49:32.310062+00:00' AIRFLOW_CTX_TRY_NUMBER='1' AIRFLOW_CTX_DAG_RUN_ID='manual__2026-07-25T03:49:32.310062+00:00'
[2026-07-25T03:49:34.334+0000] {taskinstance.py:430} INFO - ::endgroup::
[2026-07-25T03:49:34.697+0000] {logging_mixin.py:188} INFO - 2026-07-25 03:49:34,697 | INFO     | planner.video_planner | Planned SHORT video: topic='Hotel English', phrases=1
[2026-07-25T03:49:35.089+0000] {logging_mixin.py:188} INFO - 2026-07-25 03:49:35,089 | INFO     | tts.edge_tts | Synthesized audio -> /opt/airflow/output/audio/phrase_84.mp3
[2026-07-25T03:49:35.536+0000] {logging_mixin.py:188} INFO - 2026-07-25 03:49:35,536 | INFO     | tts.edge_tts | Synthesized audio -> /opt/airflow/output/audio/example_84.mp3
[2026-07-25T03:49:36.494+0000] {logging_mixin.py:188} INFO - 2026-07-25 03:49:36,494 | INFO     | media.image_downloader | Downloaded background image for scene='bathroom' -> /opt/airflow/output/images/short_84.jpg
[2026-07-25T03:49:36.502+0000] {logging_mixin.py:188} INFO - 2026-07-25 03:49:36,501 | INFO     | video.video_builder | Running ffmpeg: ffmpeg -y -i /opt/airflow/output/audio/phrase_84.mp3 -i /opt/airflow/output/audio/example_84.mp3 -filter_complex [0:a]apad=pad_dur=0.4[a0];[a0][1:a]concat=n=2:v=0:a=1[aout] -map [aout] /opt/airflow/output/videos/_tmp/short_84_raw.audio.mp3
[2026-07-25T03:49:36.611+0000] {logging_mixin.py:188} INFO - 2026-07-25 03:49:36,611 | INFO     | video.video_builder | Running ffmpeg: ffmpeg -y -loop 1 -i /opt/airflow/output/images/short_84.jpg -i /opt/airflow/output/videos/_tmp/short_84_raw.audio.mp3 -vf scale=1080:1920:force_original_aspect_ratio=increase,crop=1080:1920,drawtext=fontfile='/usr/share/fonts/truetype/noto/NotoSans-Regular.ttf':text='Do you have any\nextra towels?':fontcolor=FFFFFF:fontsize=88:x=(w-text_w)/2:y=(h*0.16):line_spacing=12:box=1:boxcolor=black@0.45:boxborderw=20,drawtext=fontfile='/usr/share/fonts/truetype/noto/NotoSans-Regular.ttf':text='We need some more\nsupplies for our\nbathroom. Do you have\nany extra towels?':fontcolor=FFD54A:fontsize=79:x=(w-text_w)/2:y=(h-text_h)/2+((h*0.15)):line_spacing=16:box=1:boxcolor=black@0.55:boxborderw=24 -c:v libx264 -preset medium -crf 23 -tune stillimage -pix_fmt yuv420p -c:a aac -b:a 192k -shortest -r 30 /opt/airflow/output/videos/_tmp/short_84_raw.mp4
[2026-07-25T03:49:40.903+0000] {logging_mixin.py:188} INFO - 2026-07-25 03:49:40,901 | WARNING  | video.video_builder | BGM file not found at /opt/airflow/assets/bgm/short_bgm.mp3, rendering without background music
[2026-07-25T03:49:40.908+0000] {logging_mixin.py:188} INFO - 2026-07-25 03:49:40,908 | INFO     | video.video_builder | Running ffmpeg: ffmpeg -y -i /opt/airflow/output/videos/_tmp/short_84_raw.mp4 -c:v libx264 -preset medium -crf 23 -pix_fmt yuv420p -c:a aac -b:a 192k /opt/airflow/output/videos/short_84.mp4
[2026-07-25T03:49:43.499+0000] {logging_mixin.py:188} INFO - 2026-07-25 03:49:43,499 | INFO     | video.video_builder | Final video rendered -> /opt/airflow/output/videos/short_84.mp4
[2026-07-25T03:49:49.519+0000] {python.py:237} INFO - Done. Returned value was: {'video_id': 25, 'file_path': '/opt/airflow/output/videos/short_84.mp4', 'title': 'How to Ask for Extra Towels in English 🏨 | Hotel English #Shorts', 'description': 'Need extra towels at your hotel? Here is a natural, polite English phrase you can use on your next trip!\n\n💬 "We need some more supplies for our bathroom. Do you have any extra towels?"\n\nMaster real-life travel English with Taky\'s Language School! Subscribe for quick and practical daily English lessons.\n\n#HotelEnglish #LearnEnglish #TravelEnglish #EnglishShorts #SpeakEnglish', 'tags': ['hotel english', 'learn english', 'travel english', 'english phrases for travel', 'spoken english', 'hotel phrases', "taky's language school", 'english shorts', 'how to ask for towels in english', 'practical english'], 'video_type': 'short'}
[2026-07-25T03:49:49.520+0000] {taskinstance.py:441} INFO - ::group::Post task execution logs
[2026-07-25T03:49:49.556+0000] {taskinstance.py:1206} INFO - Marking task as SUCCESS. dag_id=youtube_english_video_pipeline, task_id=build_short_video, run_id=manual__2026-07-25T03:49:32.310062+00:00, execution_date=20260725T034932, start_date=20260725T034934, end_date=20260725T034949
[2026-07-25T03:49:49.640+0000] {local_task_job_runner.py:243} INFO - Task exited with return code 0
[2026-07-25T03:49:49.685+0000] {taskinstance.py:3503} INFO - 1 downstream tasks scheduled from follow-on schedule check
[2026-07-25T03:49:49.690+0000] {local_task_job_runner.py:222} INFO - ::endgroup::
