[2026-07-27T11:06:01.362+0000] {local_task_job_runner.py:120} INFO - ::group::Pre task execution logs
[2026-07-27T11:06:01.392+0000] {taskinstance.py:2076} INFO - Dependencies all met for dep_context=non-requeueable deps ti=<TaskInstance: youtube_english_video_pipeline.build_short_video_4 manual__2026-07-27T10:57:47.140907+00:00 [queued]>
[2026-07-27T11:06:01.399+0000] {taskinstance.py:2076} INFO - Dependencies all met for dep_context=requeueable deps ti=<TaskInstance: youtube_english_video_pipeline.build_short_video_4 manual__2026-07-27T10:57:47.140907+00:00 [queued]>
[2026-07-27T11:06:01.400+0000] {taskinstance.py:2306} INFO - Starting attempt 1 of 3
[2026-07-27T11:06:01.410+0000] {taskinstance.py:2330} INFO - Executing <Task(PythonOperator): build_short_video_4> on 2026-07-27 10:57:47.140907+00:00
[2026-07-27T11:06:01.415+0000] {standard_task_runner.py:64} INFO - Started process 69975 to run task
[2026-07-27T11:06:01.417+0000] {standard_task_runner.py:90} INFO - Running: ['airflow', 'tasks', 'run', 'youtube_english_video_pipeline', 'build_short_video_4', 'manual__2026-07-27T10:57:47.140907+00:00', '--job-id', '430', '--raw', '--subdir', 'DAGS_FOLDER/youtube_pipeline.py', '--cfg-path', '/tmp/tmplkvb9att']
[2026-07-27T11:06:01.420+0000] {standard_task_runner.py:91} INFO - Job 430: Subtask build_short_video_4
[2026-07-27T11:06:01.498+0000] {task_command.py:426} INFO - Running <TaskInstance: youtube_english_video_pipeline.build_short_video_4 manual__2026-07-27T10:57:47.140907+00:00 [running]> on host cc859d74cf38
[2026-07-27T11:06:01.706+0000] {taskinstance.py:2648} INFO - Exporting env vars: AIRFLOW_CTX_DAG_OWNER='taky' AIRFLOW_CTX_DAG_ID='youtube_english_video_pipeline' AIRFLOW_CTX_TASK_ID='build_short_video_4' AIRFLOW_CTX_EXECUTION_DATE='2026-07-27T10:57:47.140907+00:00' AIRFLOW_CTX_TRY_NUMBER='1' AIRFLOW_CTX_DAG_RUN_ID='manual__2026-07-27T10:57:47.140907+00:00'
[2026-07-27T11:06:01.706+0000] {taskinstance.py:430} INFO - ::endgroup::
[2026-07-27T11:06:02.282+0000] {logging_mixin.py:188} INFO - 2026-07-27 11:06:02,282 | INFO     | planner.video_planner | Planned SHORT video: topic='Small Talk', phrases=1
[2026-07-27T11:06:02.700+0000] {logging_mixin.py:188} INFO - 2026-07-27 11:06:02,700 | INFO     | tts.edge_tts | Synthesized audio -> /opt/airflow/output/audio/phrase_802.mp3
[2026-07-27T11:06:03.114+0000] {logging_mixin.py:188} INFO - 2026-07-27 11:06:03,114 | INFO     | tts.edge_tts | Synthesized audio -> /opt/airflow/output/audio/example_802.mp3
[2026-07-27T11:06:03.965+0000] {logging_mixin.py:188} INFO - 2026-07-27 11:06:03,965 | INFO     | media.image_downloader | Downloaded background image for scene='street' -> /opt/airflow/output/images/short_802.jpg
[2026-07-27T11:06:07.308+0000] {logging_mixin.py:188} INFO - 2026-07-27 11:06:07,307 | WARNING  | video.video_builder | BGM file not found at /opt/airflow/assets/bgm/short_bgm.mp3, rendering without background music
[2026-07-27T11:06:09.087+0000] {logging_mixin.py:188} INFO - 2026-07-27 11:06:09,086 | INFO     | video.video_builder | Final video rendered -> /opt/airflow/output/videos/short_802.mp4
[2026-07-27T11:06:16.096+0000] {python.py:237} INFO - Done. Returned value was: {'video_id': 101, 'file_path': '/opt/airflow/output/videos/short_802.mp4', 'title': 'Stop Saying "I Am Late"! Say THIS Instead 🚗 #Shorts', 'description': 'Learn natural spoken English with Taky\'s Language School!\n\nAre you running late? Don\'t just say "I am late." Use this natural phrase for everyday small talk:\n\n👉 "I\'m running a few minutes late."\nExample: "Sorry, traffic is terrible so I\'m running a few minutes late."\n\nSubscribe to Taky\'s Language School for quick daily English lessons and practical spoken-English tips!\n\n#EnglishLearners #SpokenEnglish #LearnEnglish #Shorts #SmallTalk #EnglishPhrases', 'tags': ['Takys Language School', 'learn english', 'spoken english', 'english small talk', 'im running a few minutes late', 'english phrases', 'daily english', 'english conversation', 'practical english', 'english vocabulary', 'youtube shorts'], 'video_type': 'short'}
[2026-07-27T11:06:16.099+0000] {taskinstance.py:441} INFO - ::group::Post task execution logs
[2026-07-27T11:06:16.132+0000] {taskinstance.py:1206} INFO - Marking task as SUCCESS. dag_id=youtube_english_video_pipeline, task_id=build_short_video_4, run_id=manual__2026-07-27T10:57:47.140907+00:00, execution_date=20260727T105747, start_date=20260727T110601, end_date=20260727T110616
[2026-07-27T11:06:16.166+0000] {local_task_job_runner.py:243} INFO - Task exited with return code 0
[2026-07-27T11:06:16.350+0000] {taskinstance.py:3503} INFO - 1 downstream tasks scheduled from follow-on schedule check
[2026-07-27T11:06:16.354+0000] {local_task_job_runner.py:222} INFO - ::endgroup::
