[2026-08-26T18:24:36.550+0000] {local_task_job_runner.py:120} INFO - ::group::Pre task execution logs
[2026-08-26T18:24:36.576+0000] {taskinstance.py:2076} INFO - Dependencies all met for dep_context=non-requeueable deps ti=<TaskInstance: youtube_english_video_pipeline.upload_long_video_1 scheduled__2026-08-25T12:00:00+00:00 [queued]>
[2026-08-26T18:24:36.581+0000] {taskinstance.py:2076} INFO - Dependencies all met for dep_context=requeueable deps ti=<TaskInstance: youtube_english_video_pipeline.upload_long_video_1 scheduled__2026-08-25T12:00:00+00:00 [queued]>
[2026-08-26T18:24:36.585+0000] {taskinstance.py:2306} INFO - Starting attempt 1 of 3
[2026-08-26T18:24:36.596+0000] {taskinstance.py:2330} INFO - Executing <Task(PythonOperator): upload_long_video_1> on 2026-08-25 12:00:00+00:00
[2026-08-26T18:24:36.602+0000] {standard_task_runner.py:64} INFO - Started process 3843 to run task
[2026-08-26T18:24:36.608+0000] {standard_task_runner.py:90} INFO - Running: ['airflow', 'tasks', 'run', 'youtube_english_video_pipeline', 'upload_long_video_1', 'scheduled__2026-08-25T12:00:00+00:00', '--job-id', '921', '--raw', '--subdir', 'DAGS_FOLDER/youtube_pipeline.py', '--cfg-path', '/tmp/tmpkkzabr1v']
[2026-08-26T18:24:36.611+0000] {standard_task_runner.py:91} INFO - Job 921: Subtask upload_long_video_1
[2026-08-26T18:24:36.692+0000] {task_command.py:426} INFO - Running <TaskInstance: youtube_english_video_pipeline.upload_long_video_1 scheduled__2026-08-25T12:00:00+00:00 [running]> on host cc859d74cf38
[2026-08-26T18:24:36.882+0000] {taskinstance.py:2648} INFO - Exporting env vars: AIRFLOW_CTX_DAG_OWNER='taky' AIRFLOW_CTX_DAG_ID='youtube_english_video_pipeline' AIRFLOW_CTX_TASK_ID='upload_long_video_1' AIRFLOW_CTX_EXECUTION_DATE='2026-08-25T12:00:00+00:00' AIRFLOW_CTX_TRY_NUMBER='1' AIRFLOW_CTX_DAG_RUN_ID='scheduled__2026-08-25T12:00:00+00:00'
[2026-08-26T18:24:36.885+0000] {taskinstance.py:430} INFO - ::endgroup::
[2026-08-26T18:24:37.227+0000] {__init__.py:49} INFO - file_cache is only supported with oauth2client<4.0.0
[2026-08-26T18:24:37.238+0000] {logging_mixin.py:188} INFO - 2026-08-26 18:24:37,238 | INFO     | uploader.youtube_uploader | Uploading video '20 Daily English Expressions | Mixed English Expressions' (/opt/airflow/output/videos/long_2401.mp4) to YouTube...
[2026-08-26T18:24:43.764+0000] {logging_mixin.py:188} INFO - 2026-08-26 18:24:43,764 | INFO     | uploader.youtube_uploader | Upload complete. YouTube video id = nqfHOlmCUdA
[2026-08-26T18:24:47.657+0000] {logging_mixin.py:188} INFO - 2026-08-26 18:24:47,657 | INFO     | uploader.youtube_uploader | Custom thumbnail uploaded.
[2026-08-26T18:24:47.668+0000] {python.py:237} INFO - Done. Returned value was: nqfHOlmCUdA
[2026-08-26T18:24:47.670+0000] {taskinstance.py:441} INFO - ::group::Post task execution logs
[2026-08-26T18:24:47.692+0000] {taskinstance.py:1206} INFO - Marking task as SUCCESS. dag_id=youtube_english_video_pipeline, task_id=upload_long_video_1, run_id=scheduled__2026-08-25T12:00:00+00:00, execution_date=20260825T120000, start_date=20260826T182436, end_date=20260826T182447
[2026-08-26T18:24:47.747+0000] {local_task_job_runner.py:243} INFO - Task exited with return code 0
[2026-08-26T18:24:47.875+0000] {taskinstance.py:3503} INFO - 1 downstream tasks scheduled from follow-on schedule check
[2026-08-26T18:24:47.880+0000] {local_task_job_runner.py:222} INFO - ::endgroup::
