[2026-09-22T00:18:03.802+0000] {local_task_job_runner.py:120} INFO - ::group::Pre task execution logs
[2026-09-22T00:18:03.871+0000] {taskinstance.py:2076} INFO - Dependencies all met for dep_context=non-requeueable deps ti=<TaskInstance: youtube_english_video_pipeline.build_short_video_3 scheduled__2026-09-20T12:00:00+00:00 [queued]>
[2026-09-22T00:18:03.887+0000] {taskinstance.py:2076} INFO - Dependencies all met for dep_context=requeueable deps ti=<TaskInstance: youtube_english_video_pipeline.build_short_video_3 scheduled__2026-09-20T12:00:00+00:00 [queued]>
[2026-09-22T00:18:03.890+0000] {taskinstance.py:2306} INFO - Starting attempt 1 of 3
[2026-09-22T00:18:03.918+0000] {taskinstance.py:2330} INFO - Executing <Task(PythonOperator): build_short_video_3> on 2026-09-20 12:00:00+00:00
[2026-09-22T00:18:03.927+0000] {standard_task_runner.py:64} INFO - Started process 7704 to run task
[2026-09-22T00:18:03.933+0000] {standard_task_runner.py:90} INFO - Running: ['airflow', 'tasks', 'run', 'youtube_english_video_pipeline', 'build_short_video_3', 'scheduled__2026-09-20T12:00:00+00:00', '--job-id', '1464', '--raw', '--subdir', 'DAGS_FOLDER/youtube_pipeline.py', '--cfg-path', '/tmp/tmpz_xl3dwv']
[2026-09-22T00:18:03.938+0000] {standard_task_runner.py:91} INFO - Job 1464: Subtask build_short_video_3
[2026-09-22T00:18:04.034+0000] {task_command.py:426} INFO - Running <TaskInstance: youtube_english_video_pipeline.build_short_video_3 scheduled__2026-09-20T12:00:00+00:00 [running]> on host 73b18333cdfe
[2026-09-22T00:18:04.323+0000] {taskinstance.py:2648} INFO - Exporting env vars: AIRFLOW_CTX_DAG_OWNER='taky' AIRFLOW_CTX_DAG_ID='youtube_english_video_pipeline' AIRFLOW_CTX_TASK_ID='build_short_video_3' AIRFLOW_CTX_EXECUTION_DATE='2026-09-20T12:00:00+00:00' AIRFLOW_CTX_TRY_NUMBER='1' AIRFLOW_CTX_DAG_RUN_ID='scheduled__2026-09-20T12:00:00+00:00'
[2026-09-22T00:18:04.325+0000] {taskinstance.py:430} INFO - ::endgroup::
[2026-09-22T00:18:05.586+0000] {logging_mixin.py:188} INFO - 2026-09-22 00:18:05,586 | INFO     | planner.video_planner | Planned SHORT video: topic='Daily Conversation', phrases=1
[2026-09-22T00:18:05.878+0000] {logging_mixin.py:188} INFO - 2026-09-22 00:18:05,878 | INFO     | tts.edge_tts | Synthesized audio -> /opt/airflow/output/audio/phrase_3523.mp3
[2026-09-22T00:18:06.153+0000] {logging_mixin.py:188} INFO - 2026-09-22 00:18:06,152 | INFO     | tts.edge_tts | Synthesized audio -> /opt/airflow/output/audio/example_3523.mp3
[2026-09-22T00:18:06.931+0000] {logging_mixin.py:188} INFO - 2026-09-22 00:18:06,931 | INFO     | media.image_downloader | Downloaded background image for scene='office' -> /opt/airflow/output/images/short_3523.jpg
[2026-09-22T00:18:11.001+0000] {logging_mixin.py:188} INFO - 2026-09-22 00:18:11,000 | WARNING  | video.video_builder | BGM file not found at /opt/airflow/assets/bgm/short_bgm.mp3, rendering without background music
[2026-09-22T00:18:12.886+0000] {logging_mixin.py:188} INFO - 2026-09-22 00:18:12,886 | INFO     | video.video_builder | Final video rendered -> /opt/airflow/output/videos/short_3523.mp4
[2026-09-22T00:18:14.791+0000] {python.py:237} INFO - Done. Returned value was: {'video_id': 448, 'file_path': '/opt/airflow/output/videos/short_3523.mp4', 'title': 'Daily Conversation: How to Say Thank You Like a Native', 'description': "Daily Conversation: Master the most natural way to express gratitude in English. Are you still using textbook phrases that sound robotic? In this lesson, we break down how to move beyond basic thank yous and use 'Thanks for your help' with the correct nuance and tone. Perfect for Japanese speakers looking to sound more authentic in their daily English interactions. Join Taky's Language School to bridge the gap between classroom English and real-world conversation.", 'tags': ['English for Japanese speakers', 'Daily Conversation', 'Spoken English', 'English phrases', 'Natural English', "Taky's Language School", 'How to speak English'], 'video_type': 'short'}
[2026-09-22T00:18:14.793+0000] {taskinstance.py:441} INFO - ::group::Post task execution logs
[2026-09-22T00:18:14.845+0000] {taskinstance.py:1206} INFO - Marking task as SUCCESS. dag_id=youtube_english_video_pipeline, task_id=build_short_video_3, run_id=scheduled__2026-09-20T12:00:00+00:00, execution_date=20260920T120000, start_date=20260922T001803, end_date=20260922T001814
[2026-09-22T00:18:14.907+0000] {local_task_job_runner.py:243} INFO - Task exited with return code 0
[2026-09-22T00:18:15.209+0000] {taskinstance.py:3503} INFO - 1 downstream tasks scheduled from follow-on schedule check
[2026-09-22T00:18:15.217+0000] {local_task_job_runner.py:222} INFO - ::endgroup::
