[2026-07-25T08:36:12.787+0000] {local_task_job_runner.py:120} INFO - ::group::Pre task execution logs
[2026-07-25T08:36:12.810+0000] {taskinstance.py:2076} INFO - Dependencies all met for dep_context=non-requeueable deps ti=<TaskInstance: youtube_english_video_pipeline.build_short_video_6 manual__2026-07-25T08:23:54.309173+00:00 [queued]>
[2026-07-25T08:36:12.817+0000] {taskinstance.py:2076} INFO - Dependencies all met for dep_context=requeueable deps ti=<TaskInstance: youtube_english_video_pipeline.build_short_video_6 manual__2026-07-25T08:23:54.309173+00:00 [queued]>
[2026-07-25T08:36:12.822+0000] {taskinstance.py:2306} INFO - Starting attempt 1 of 3
[2026-07-25T08:36:12.831+0000] {taskinstance.py:2330} INFO - Executing <Task(PythonOperator): build_short_video_6> on 2026-07-25 08:23:54.309173+00:00
[2026-07-25T08:36:12.836+0000] {standard_task_runner.py:64} INFO - Started process 23886 to run task
[2026-07-25T08:36:12.838+0000] {standard_task_runner.py:90} INFO - Running: ['airflow', 'tasks', 'run', 'youtube_english_video_pipeline', 'build_short_video_6', 'manual__2026-07-25T08:23:54.309173+00:00', '--job-id', '261', '--raw', '--subdir', 'DAGS_FOLDER/youtube_pipeline.py', '--cfg-path', '/tmp/tmpfjgs9tqg']
[2026-07-25T08:36:12.839+0000] {standard_task_runner.py:91} INFO - Job 261: Subtask build_short_video_6
[2026-07-25T08:36:12.892+0000] {task_command.py:426} INFO - Running <TaskInstance: youtube_english_video_pipeline.build_short_video_6 manual__2026-07-25T08:23:54.309173+00:00 [running]> on host ce8e21912c19
[2026-07-25T08:36:13.051+0000] {taskinstance.py:2648} INFO - Exporting env vars: AIRFLOW_CTX_DAG_OWNER='taky' AIRFLOW_CTX_DAG_ID='youtube_english_video_pipeline' AIRFLOW_CTX_TASK_ID='build_short_video_6' AIRFLOW_CTX_EXECUTION_DATE='2026-07-25T08:23:54.309173+00:00' AIRFLOW_CTX_TRY_NUMBER='1' AIRFLOW_CTX_DAG_RUN_ID='manual__2026-07-25T08:23:54.309173+00:00'
[2026-07-25T08:36:13.052+0000] {taskinstance.py:430} INFO - ::endgroup::
[2026-07-25T08:36:13.337+0000] {logging_mixin.py:188} INFO - 2026-07-25 08:36:13,337 | INFO     | planner.video_planner | Planned SHORT video: topic='Airport English', phrases=1
[2026-07-25T08:36:13.702+0000] {logging_mixin.py:188} INFO - 2026-07-25 08:36:13,702 | INFO     | tts.edge_tts | Synthesized audio -> /opt/airflow/output/audio/phrase_241.mp3
[2026-07-25T08:36:14.047+0000] {logging_mixin.py:188} INFO - 2026-07-25 08:36:14,047 | INFO     | tts.edge_tts | Synthesized audio -> /opt/airflow/output/audio/example_241.mp3
[2026-07-25T08:36:14.196+0000] {logging_mixin.py:188} INFO - 2026-07-25 08:36:14,196 | INFO     | media.image_downloader | Downloaded background image for scene='airport' -> /opt/airflow/output/images/short_241.jpg
[2026-07-25T08:36:16.753+0000] {logging_mixin.py:188} INFO - 2026-07-25 08:36:16,752 | WARNING  | video.video_builder | BGM file not found at /opt/airflow/assets/bgm/short_bgm.mp3, rendering without background music
[2026-07-25T08:36:18.499+0000] {logging_mixin.py:188} INFO - 2026-07-25 08:36:18,499 | INFO     | video.video_builder | Final video rendered -> /opt/airflow/output/videos/short_241.mp4
[2026-07-25T08:36:24.470+0000] {python.py:237} INFO - Done. Returned value was: {'video_id': 43, 'file_path': '/opt/airflow/output/videos/short_241.mp4', 'title': 'How to Ask for Your Boarding Gate in English! ✈️ Airport English #Shorts', 'description': 'Are you traveling soon? Learn essential Airport English with Taky\'s Language School! ✈️\n\nIn this quick lesson, learn how to politely ask for your boarding gate:\n👉 "Could you tell me where the boarding gate for flight 204 is?"\n\nMaster practical English for travel and speak with confidence at the airport!\n\nSubscribe to Taky\'s Language School for quick, daily spoken English tips! 💡\n\n#AirportEnglish #TravelEnglish #LearnEnglish #EnglishPhrases #Shorts', 'tags': ['airport english', 'travel english', 'boarding gate english', 'english for travel', 'learn english', 'takys language school', 'spoken english', 'english phrases', 'english speaking practice', 'english shorts'], 'video_type': 'short'}
[2026-07-25T08:36:24.473+0000] {taskinstance.py:441} INFO - ::group::Post task execution logs
[2026-07-25T08:36:24.516+0000] {taskinstance.py:1206} INFO - Marking task as SUCCESS. dag_id=youtube_english_video_pipeline, task_id=build_short_video_6, run_id=manual__2026-07-25T08:23:54.309173+00:00, execution_date=20260725T082354, start_date=20260725T083612, end_date=20260725T083624
[2026-07-25T08:36:24.559+0000] {local_task_job_runner.py:243} INFO - Task exited with return code 0
[2026-07-25T08:36:24.713+0000] {taskinstance.py:3503} INFO - 1 downstream tasks scheduled from follow-on schedule check
[2026-07-25T08:36:24.718+0000] {local_task_job_runner.py:222} INFO - ::endgroup::
