[2026-07-29T23:37:13.753+0000] {local_task_job_runner.py:120} INFO - ::group::Pre task execution logs
[2026-07-29T23:37:14.116+0000] {taskinstance.py:2076} INFO - Dependencies all met for dep_context=non-requeueable deps ti=<TaskInstance: youtube_english_video_pipeline.build_long_video_6 scheduled__2026-07-28T12:00:00+00:00 [queued]>
[2026-07-29T23:37:14.158+0000] {taskinstance.py:2076} INFO - Dependencies all met for dep_context=requeueable deps ti=<TaskInstance: youtube_english_video_pipeline.build_long_video_6 scheduled__2026-07-28T12:00:00+00:00 [queued]>
[2026-07-29T23:37:14.167+0000] {taskinstance.py:2306} INFO - Starting attempt 2 of 3
[2026-07-29T23:37:14.244+0000] {taskinstance.py:2330} INFO - Executing <Task(PythonOperator): build_long_video_6> on 2026-07-28 12:00:00+00:00
[2026-07-29T23:37:14.254+0000] {standard_task_runner.py:64} INFO - Started process 57879 to run task
[2026-07-29T23:37:14.260+0000] {standard_task_runner.py:90} INFO - Running: ['airflow', 'tasks', 'run', 'youtube_english_video_pipeline', 'build_long_video_6', 'scheduled__2026-07-28T12:00:00+00:00', '--job-id', '566', '--raw', '--subdir', 'DAGS_FOLDER/youtube_pipeline.py', '--cfg-path', '/tmp/tmpxfwo32og']
[2026-07-29T23:37:14.274+0000] {standard_task_runner.py:91} INFO - Job 566: Subtask build_long_video_6
[2026-07-29T23:37:14.535+0000] {task_command.py:426} INFO - Running <TaskInstance: youtube_english_video_pipeline.build_long_video_6 scheduled__2026-07-28T12:00:00+00:00 [running]> on host cc859d74cf38
[2026-07-29T23:37:16.220+0000] {taskinstance.py:2648} INFO - Exporting env vars: AIRFLOW_CTX_DAG_OWNER='taky' AIRFLOW_CTX_DAG_ID='youtube_english_video_pipeline' AIRFLOW_CTX_TASK_ID='build_long_video_6' AIRFLOW_CTX_EXECUTION_DATE='2026-07-28T12:00:00+00:00' AIRFLOW_CTX_TRY_NUMBER='2' AIRFLOW_CTX_DAG_RUN_ID='scheduled__2026-07-28T12:00:00+00:00'
[2026-07-29T23:37:16.229+0000] {taskinstance.py:430} INFO - ::endgroup::
[2026-07-29T23:37:22.302+0000] {logging_mixin.py:188} INFO - 2026-07-29 23:37:22,302 | INFO     | planner.video_planner | Only 13 phrases for topic='Business English', topping up without topic filter
[2026-07-29T23:37:22.335+0000] {logging_mixin.py:188} INFO - 2026-07-29 23:37:22,335 | INFO     | planner.video_planner | Planned LONG video: topic='Mixed English Expressions', phrases=20
[2026-07-29T23:37:23.047+0000] {logging_mixin.py:188} INFO - 2026-07-29 23:37:23,047 | INFO     | tts.edge_tts | Synthesized audio -> /opt/airflow/output/audio/phrase_1308.mp3
[2026-07-29T23:37:23.548+0000] {logging_mixin.py:188} INFO - 2026-07-29 23:37:23,548 | INFO     | tts.edge_tts | Synthesized audio -> /opt/airflow/output/audio/example_1308.mp3
[2026-07-29T23:37:24.062+0000] {logging_mixin.py:188} INFO - 2026-07-29 23:37:24,062 | INFO     | media.image_downloader | Downloaded background image for scene='hotel' -> /opt/airflow/output/images/long_1308.jpg
[2026-07-29T23:37:36.675+0000] {logging_mixin.py:188} INFO - 2026-07-29 23:37:36,674 | INFO     | tts.edge_tts | Synthesized audio -> /opt/airflow/output/audio/phrase_1314.mp3
[2026-07-29T23:37:37.237+0000] {logging_mixin.py:188} INFO - 2026-07-29 23:37:37,237 | INFO     | tts.edge_tts | Synthesized audio -> /opt/airflow/output/audio/example_1314.mp3
[2026-07-29T23:37:37.619+0000] {logging_mixin.py:188} INFO - 2026-07-29 23:37:37,619 | INFO     | media.image_downloader | Downloaded background image for scene='hotel' -> /opt/airflow/output/images/long_1314.jpg
[2026-07-29T23:37:45.932+0000] {logging_mixin.py:188} INFO - 2026-07-29 23:37:45,932 | INFO     | tts.edge_tts | Synthesized audio -> /opt/airflow/output/audio/phrase_1338.mp3
[2026-07-29T23:37:46.374+0000] {logging_mixin.py:188} INFO - 2026-07-29 23:37:46,374 | INFO     | tts.edge_tts | Synthesized audio -> /opt/airflow/output/audio/example_1338.mp3
[2026-07-29T23:37:46.867+0000] {logging_mixin.py:188} INFO - 2026-07-29 23:37:46,867 | INFO     | media.image_downloader | Downloaded background image for scene='hotel' -> /opt/airflow/output/images/long_1338.jpg
[2026-07-29T23:37:55.073+0000] {logging_mixin.py:188} INFO - 2026-07-29 23:37:55,073 | INFO     | tts.edge_tts | Synthesized audio -> /opt/airflow/output/audio/phrase_1317.mp3
[2026-07-29T23:37:55.506+0000] {logging_mixin.py:188} INFO - 2026-07-29 23:37:55,506 | INFO     | tts.edge_tts | Synthesized audio -> /opt/airflow/output/audio/example_1317.mp3
[2026-07-29T23:37:55.801+0000] {logging_mixin.py:188} INFO - 2026-07-29 23:37:55,801 | INFO     | media.image_downloader | Downloaded background image for scene='airport' -> /opt/airflow/output/images/long_1317.jpg
[2026-07-29T23:38:03.227+0000] {logging_mixin.py:188} INFO - 2026-07-29 23:38:03,227 | INFO     | tts.edge_tts | Synthesized audio -> /opt/airflow/output/audio/phrase_1318.mp3
[2026-07-29T23:38:03.578+0000] {logging_mixin.py:188} INFO - 2026-07-29 23:38:03,578 | INFO     | tts.edge_tts | Synthesized audio -> /opt/airflow/output/audio/example_1318.mp3
[2026-07-29T23:38:03.851+0000] {logging_mixin.py:188} INFO - 2026-07-29 23:38:03,851 | INFO     | media.image_downloader | Downloaded background image for scene='office' -> /opt/airflow/output/images/long_1318.jpg
[2026-07-29T23:38:10.392+0000] {logging_mixin.py:188} INFO - 2026-07-29 23:38:10,392 | INFO     | tts.edge_tts | Synthesized audio -> /opt/airflow/output/audio/phrase_1321.mp3
[2026-07-29T23:38:10.852+0000] {logging_mixin.py:188} INFO - 2026-07-29 23:38:10,852 | INFO     | tts.edge_tts | Synthesized audio -> /opt/airflow/output/audio/example_1321.mp3
[2026-07-29T23:38:11.204+0000] {logging_mixin.py:188} INFO - 2026-07-29 23:38:11,204 | INFO     | media.image_downloader | Downloaded background image for scene='traffic' -> /opt/airflow/output/images/long_1321.jpg
[2026-07-29T23:38:21.872+0000] {logging_mixin.py:188} INFO - 2026-07-29 23:38:21,872 | INFO     | tts.edge_tts | Synthesized audio -> /opt/airflow/output/audio/phrase_1322.mp3
[2026-07-29T23:38:22.331+0000] {logging_mixin.py:188} INFO - 2026-07-29 23:38:22,331 | INFO     | tts.edge_tts | Synthesized audio -> /opt/airflow/output/audio/example_1322.mp3
[2026-07-29T23:38:22.746+0000] {logging_mixin.py:188} INFO - 2026-07-29 23:38:22,745 | INFO     | media.image_downloader | Downloaded background image for scene='cafe' -> /opt/airflow/output/images/long_1322.jpg
[2026-07-29T23:38:31.258+0000] {logging_mixin.py:188} INFO - 2026-07-29 23:38:31,258 | INFO     | tts.edge_tts | Synthesized audio -> /opt/airflow/output/audio/phrase_1325.mp3
[2026-07-29T23:38:31.623+0000] {logging_mixin.py:188} INFO - 2026-07-29 23:38:31,623 | INFO     | tts.edge_tts | Synthesized audio -> /opt/airflow/output/audio/example_1325.mp3
[2026-07-29T23:38:32.014+0000] {logging_mixin.py:188} INFO - 2026-07-29 23:38:32,013 | INFO     | media.image_downloader | Downloaded background image for scene='airport' -> /opt/airflow/output/images/long_1325.jpg
[2026-07-29T23:38:38.212+0000] {logging_mixin.py:188} INFO - 2026-07-29 23:38:38,212 | INFO     | tts.edge_tts | Synthesized audio -> /opt/airflow/output/audio/phrase_1326.mp3
[2026-07-29T23:38:38.564+0000] {logging_mixin.py:188} INFO - 2026-07-29 23:38:38,564 | INFO     | tts.edge_tts | Synthesized audio -> /opt/airflow/output/audio/example_1326.mp3
[2026-07-29T23:38:38.804+0000] {logging_mixin.py:188} INFO - 2026-07-29 23:38:38,803 | INFO     | media.image_downloader | Downloaded background image for scene='office' -> /opt/airflow/output/images/long_1326.jpg
[2026-07-29T23:38:47.078+0000] {logging_mixin.py:188} INFO - 2026-07-29 23:38:47,077 | INFO     | tts.edge_tts | Synthesized audio -> /opt/airflow/output/audio/phrase_1327.mp3
[2026-07-29T23:38:47.489+0000] {logging_mixin.py:188} INFO - 2026-07-29 23:38:47,488 | INFO     | tts.edge_tts | Synthesized audio -> /opt/airflow/output/audio/example_1327.mp3
[2026-07-29T23:38:47.735+0000] {logging_mixin.py:188} INFO - 2026-07-29 23:38:47,734 | INFO     | media.image_downloader | Downloaded background image for scene='hotel' -> /opt/airflow/output/images/long_1327.jpg
[2026-07-29T23:38:55.333+0000] {logging_mixin.py:188} INFO - 2026-07-29 23:38:55,332 | INFO     | tts.edge_tts | Synthesized audio -> /opt/airflow/output/audio/phrase_1329.mp3
[2026-07-29T23:38:55.783+0000] {logging_mixin.py:188} INFO - 2026-07-29 23:38:55,783 | INFO     | tts.edge_tts | Synthesized audio -> /opt/airflow/output/audio/example_1329.mp3
[2026-07-29T23:38:56.025+0000] {logging_mixin.py:188} INFO - 2026-07-29 23:38:56,025 | INFO     | media.image_downloader | Downloaded background image for scene='airport' -> /opt/airflow/output/images/long_1329.jpg
[2026-07-29T23:39:02.489+0000] {logging_mixin.py:188} INFO - 2026-07-29 23:39:02,488 | INFO     | tts.edge_tts | Synthesized audio -> /opt/airflow/output/audio/phrase_1331.mp3
[2026-07-29T23:39:02.938+0000] {logging_mixin.py:188} INFO - 2026-07-29 23:39:02,938 | INFO     | tts.edge_tts | Synthesized audio -> /opt/airflow/output/audio/example_1331.mp3
[2026-07-29T23:39:03.151+0000] {logging_mixin.py:188} INFO - 2026-07-29 23:39:03,151 | INFO     | media.image_downloader | Downloaded background image for scene='meeting' -> /opt/airflow/output/images/long_1331.jpg
[2026-07-29T23:39:08.407+0000] {logging_mixin.py:188} INFO - 2026-07-29 23:39:08,407 | INFO     | tts.edge_tts | Synthesized audio -> /opt/airflow/output/audio/phrase_1333.mp3
[2026-07-29T23:39:08.815+0000] {logging_mixin.py:188} INFO - 2026-07-29 23:39:08,815 | INFO     | tts.edge_tts | Synthesized audio -> /opt/airflow/output/audio/example_1333.mp3
[2026-07-29T23:39:09.484+0000] {logging_mixin.py:188} INFO - 2026-07-29 23:39:09,484 | INFO     | media.image_downloader | Downloaded background image for scene='conversation' -> /opt/airflow/output/images/long_1333.jpg
[2026-07-29T23:39:15.103+0000] {logging_mixin.py:188} INFO - 2026-07-29 23:39:15,102 | INFO     | tts.edge_tts | Synthesized audio -> /opt/airflow/output/audio/phrase_1335.mp3
[2026-07-29T23:39:15.574+0000] {logging_mixin.py:188} INFO - 2026-07-29 23:39:15,574 | INFO     | tts.edge_tts | Synthesized audio -> /opt/airflow/output/audio/example_1335.mp3
[2026-07-29T23:39:15.861+0000] {logging_mixin.py:188} INFO - 2026-07-29 23:39:15,860 | INFO     | media.image_downloader | Downloaded background image for scene='restaurant' -> /opt/airflow/output/images/long_1335.jpg
[2026-07-29T23:39:23.846+0000] {logging_mixin.py:188} INFO - 2026-07-29 23:39:23,846 | INFO     | tts.edge_tts | Synthesized audio -> /opt/airflow/output/audio/phrase_1316.mp3
[2026-07-29T23:39:24.402+0000] {logging_mixin.py:188} INFO - 2026-07-29 23:39:24,402 | INFO     | tts.edge_tts | Synthesized audio -> /opt/airflow/output/audio/example_1316.mp3
[2026-07-29T23:39:24.785+0000] {logging_mixin.py:188} INFO - 2026-07-29 23:39:24,784 | INFO     | media.image_downloader | Downloaded background image for scene='street' -> /opt/airflow/output/images/long_1316.jpg
[2026-07-29T23:39:30.375+0000] {logging_mixin.py:188} INFO - 2026-07-29 23:39:30,375 | INFO     | tts.edge_tts | Synthesized audio -> /opt/airflow/output/audio/phrase_1340.mp3
[2026-07-29T23:39:30.797+0000] {logging_mixin.py:188} INFO - 2026-07-29 23:39:30,797 | INFO     | tts.edge_tts | Synthesized audio -> /opt/airflow/output/audio/example_1340.mp3
[2026-07-29T23:39:31.051+0000] {logging_mixin.py:188} INFO - 2026-07-29 23:39:31,051 | INFO     | media.image_downloader | Downloaded background image for scene='office' -> /opt/airflow/output/images/long_1340.jpg
[2026-07-29T23:39:36.528+0000] {logging_mixin.py:188} INFO - 2026-07-29 23:39:36,527 | INFO     | tts.edge_tts | Synthesized audio -> /opt/airflow/output/audio/phrase_1342.mp3
[2026-07-29T23:39:37.022+0000] {logging_mixin.py:188} INFO - 2026-07-29 23:39:37,022 | INFO     | tts.edge_tts | Synthesized audio -> /opt/airflow/output/audio/example_1342.mp3
[2026-07-29T23:39:37.278+0000] {logging_mixin.py:188} INFO - 2026-07-29 23:39:37,278 | INFO     | media.image_downloader | Downloaded background image for scene='traffic' -> /opt/airflow/output/images/long_1342.jpg
[2026-07-29T23:39:43.615+0000] {logging_mixin.py:188} INFO - 2026-07-29 23:39:43,614 | INFO     | tts.edge_tts | Synthesized audio -> /opt/airflow/output/audio/phrase_1346.mp3
[2026-07-29T23:39:44.096+0000] {logging_mixin.py:188} INFO - 2026-07-29 23:39:44,096 | INFO     | tts.edge_tts | Synthesized audio -> /opt/airflow/output/audio/example_1346.mp3
[2026-07-29T23:39:44.401+0000] {logging_mixin.py:188} INFO - 2026-07-29 23:39:44,401 | INFO     | media.image_downloader | Downloaded background image for scene='cafeteria' -> /opt/airflow/output/images/long_1346.jpg
[2026-07-29T23:39:50.331+0000] {logging_mixin.py:188} INFO - 2026-07-29 23:39:50,330 | INFO     | tts.edge_tts | Synthesized audio -> /opt/airflow/output/audio/phrase_1347.mp3
[2026-07-29T23:39:50.787+0000] {logging_mixin.py:188} INFO - 2026-07-29 23:39:50,786 | INFO     | tts.edge_tts | Synthesized audio -> /opt/airflow/output/audio/example_1347.mp3
[2026-07-29T23:39:51.046+0000] {logging_mixin.py:188} INFO - 2026-07-29 23:39:51,046 | INFO     | media.image_downloader | Downloaded background image for scene='meeting' -> /opt/airflow/output/images/long_1347.jpg
[2026-07-29T23:39:56.121+0000] {logging_mixin.py:188} INFO - 2026-07-29 23:39:56,121 | INFO     | tts.edge_tts | Synthesized audio -> /opt/airflow/output/audio/phrase_1313.mp3
[2026-07-29T23:39:56.597+0000] {logging_mixin.py:188} INFO - 2026-07-29 23:39:56,597 | INFO     | tts.edge_tts | Synthesized audio -> /opt/airflow/output/audio/example_1313.mp3
[2026-07-29T23:39:57.052+0000] {logging_mixin.py:188} INFO - 2026-07-29 23:39:57,052 | INFO     | media.image_downloader | Downloaded background image for scene='party' -> /opt/airflow/output/images/long_1313.jpg
[2026-07-29T23:40:12.313+0000] {logging_mixin.py:188} INFO - 2026-07-29 23:40:12,313 | WARNING  | video.video_builder | BGM file not found at /opt/airflow/assets/bgm/long_bgm.mp3, rendering without background music
[2026-07-29T23:40:43.158+0000] {logging_mixin.py:188} INFO - 2026-07-29 23:40:43,157 | INFO     | video.video_builder | Final video rendered -> /opt/airflow/output/videos/long_1308.mp4
[2026-07-29T23:40:50.667+0000] {logging_mixin.py:188} INFO - 2026-07-29 23:40:50,666 | INFO     | media.thumbnail_builder | Built thumbnail -> /opt/airflow/output/thumbnails/long_1308.jpg
[2026-07-29T23:40:51.382+0000] {python.py:237} INFO - Done. Returned value was: {'video_id': 154, 'file_path': '/opt/airflow/output/videos/long_1308.mp4', 'thumbnail_path': '/opt/airflow/output/thumbnails/long_1308.jpg', 'title': '20 Essential Everyday English Phrases You Need to Know | Spoken English Practice', 'description': 'Master 20 essential English expressions for daily life, travel, and work! In this lesson from Taky\'s Language School, you will learn key practical phrases like "I have a reservation under...", "Let\'s touch base," "I\'m running a bit late," and "It\'s on the tip of my tongue."\n\nImprove your English speaking and listening skills with easy real-life example sentences. Perfect for ESL learners who want to speak English fluently and naturally.\n\nSubscribe to Taky\'s Language School for more practical English lessons!\n\n#LearnEnglish #SpokenEnglish #EnglishPhrases #TakysLanguageSchool', 'tags': ['Learn English', 'Spoken English', 'English Phrases', 'Daily English Expressions', 'English Speaking Practice', 'Travel English', 'Business English', 'ESL', "Taky's Language School", 'Everyday English', 'English Vocabulary'], 'video_type': 'long'}
[2026-07-29T23:40:51.388+0000] {taskinstance.py:441} INFO - ::group::Post task execution logs
[2026-07-29T23:40:51.445+0000] {taskinstance.py:1206} INFO - Marking task as SUCCESS. dag_id=youtube_english_video_pipeline, task_id=build_long_video_6, run_id=scheduled__2026-07-28T12:00:00+00:00, execution_date=20260728T120000, start_date=20260729T233714, end_date=20260729T234051
[2026-07-29T23:40:51.533+0000] {local_task_job_runner.py:243} INFO - Task exited with return code 0
[2026-07-29T23:40:52.089+0000] {taskinstance.py:3503} INFO - 1 downstream tasks scheduled from follow-on schedule check
[2026-07-29T23:40:52.101+0000] {local_task_job_runner.py:222} INFO - ::endgroup::
