[2026-07-31T00:22:16.445+0000] {local_task_job_runner.py:120} INFO - ::group::Pre task execution logs
[2026-07-31T00:22:16.519+0000] {taskinstance.py:2076} INFO - Dependencies all met for dep_context=non-requeueable deps ti=<TaskInstance: youtube_english_video_pipeline.build_short_video_1 scheduled__2026-07-29T12:00:00+00:00 [queued]>
[2026-07-31T00:22:16.537+0000] {taskinstance.py:2076} INFO - Dependencies all met for dep_context=requeueable deps ti=<TaskInstance: youtube_english_video_pipeline.build_short_video_1 scheduled__2026-07-29T12:00:00+00:00 [queued]>
[2026-07-31T00:22:16.544+0000] {taskinstance.py:2306} INFO - Starting attempt 1 of 3
[2026-07-31T00:22:16.570+0000] {taskinstance.py:2330} INFO - Executing <Task(PythonOperator): build_short_video_1> on 2026-07-29 12:00:00+00:00
[2026-07-31T00:22:16.583+0000] {standard_task_runner.py:64} INFO - Started process 73933 to run task
[2026-07-31T00:22:16.587+0000] {standard_task_runner.py:90} INFO - Running: ['airflow', 'tasks', 'run', 'youtube_english_video_pipeline', 'build_short_video_1', 'scheduled__2026-07-29T12:00:00+00:00', '--job-id', '589', '--raw', '--subdir', 'DAGS_FOLDER/youtube_pipeline.py', '--cfg-path', '/tmp/tmpcz4j_xa8']
[2026-07-31T00:22:16.597+0000] {standard_task_runner.py:91} INFO - Job 589: Subtask build_short_video_1
[2026-07-31T00:22:16.737+0000] {task_command.py:426} INFO - Running <TaskInstance: youtube_english_video_pipeline.build_short_video_1 scheduled__2026-07-29T12:00:00+00:00 [running]> on host cc859d74cf38
[2026-07-31T00:22:17.001+0000] {taskinstance.py:2648} INFO - Exporting env vars: AIRFLOW_CTX_DAG_OWNER='taky' AIRFLOW_CTX_DAG_ID='youtube_english_video_pipeline' AIRFLOW_CTX_TASK_ID='build_short_video_1' AIRFLOW_CTX_EXECUTION_DATE='2026-07-29T12:00:00+00:00' AIRFLOW_CTX_TRY_NUMBER='1' AIRFLOW_CTX_DAG_RUN_ID='scheduled__2026-07-29T12:00:00+00:00'
[2026-07-31T00:22:17.011+0000] {taskinstance.py:430} INFO - ::endgroup::
[2026-07-31T00:22:35.414+0000] {logging_mixin.py:188} INFO - 2026-07-31 00:22:35,414 | INFO     | planner.video_planner | Planned SHORT video: topic='Hotel English', phrases=1
[2026-07-31T00:22:38.970+0000] {logging_mixin.py:188} INFO - 2026-07-31 00:22:38,970 | INFO     | tts.edge_tts | Synthesized audio -> /opt/airflow/output/audio/phrase_1398.mp3
[2026-07-31T00:22:39.915+0000] {logging_mixin.py:188} INFO - 2026-07-31 00:22:39,915 | INFO     | tts.edge_tts | Synthesized audio -> /opt/airflow/output/audio/example_1398.mp3
[2026-07-31T00:22:41.189+0000] {logging_mixin.py:188} INFO - 2026-07-31 00:22:41,188 | INFO     | media.image_downloader | Downloaded background image for scene='hotel' -> /opt/airflow/output/images/short_1398.jpg
[2026-07-31T00:22:51.563+0000] {logging_mixin.py:188} INFO - 2026-07-31 00:22:51,563 | WARNING  | video.video_builder | BGM file not found at /opt/airflow/assets/bgm/short_bgm.mp3, rendering without background music
[2026-07-31T00:22:54.152+0000] {logging_mixin.py:188} INFO - 2026-07-31 00:22:54,151 | INFO     | video.video_builder | Final video rendered -> /opt/airflow/output/videos/short_1398.mp4
[2026-07-31T00:23:01.733+0000] {python.py:237} INFO - Done. Returned value was: {'video_id': 163, 'file_path': '/opt/airflow/output/videos/short_1398.mp4', 'title': 'How to Ask for a LATE CHECK-OUT in English 🏨 | Hotel English #Shorts', 'description': 'Need extra time before leaving your hotel? Learn how to ask for a late check-out politely and naturally in English!\n\nFeatured Phrase:\n"My flight isn\'t until this evening, so could I have a late check-out?"\n\nImprove your practical spoken English for travel with Taky\'s Language School. Don\'t forget to like, comment, and subscribe for more daily English Shorts!\n\n#HotelEnglish #TravelEnglish #LearnEnglish #EnglishShorts #SpeakEnglish #TakysLanguageSchool', 'tags': ['hotel english', 'travel english', 'learn english', 'spoken english', 'english phrases for travel', 'how to ask for late check out', 'english conversation', 'takys language school', 'esl', 'english shorts', 'practical english'], 'video_type': 'short'}
[2026-07-31T00:23:01.735+0000] {taskinstance.py:441} INFO - ::group::Post task execution logs
[2026-07-31T00:23:01.781+0000] {taskinstance.py:1206} INFO - Marking task as SUCCESS. dag_id=youtube_english_video_pipeline, task_id=build_short_video_1, run_id=scheduled__2026-07-29T12:00:00+00:00, execution_date=20260729T120000, start_date=20260731T002216, end_date=20260731T002301
[2026-07-31T00:23:01.875+0000] {local_task_job_runner.py:243} INFO - Task exited with return code 0
[2026-07-31T00:23:01.911+0000] {local_task_job_runner.py:222} INFO - ::endgroup::
