[2026-07-25T12:23:03.411+0000] {local_task_job_runner.py:120} INFO - ::group::Pre task execution logs
[2026-07-25T12:23:03.446+0000] {taskinstance.py:2076} INFO - Dependencies all met for dep_context=non-requeueable deps ti=<TaskInstance: youtube_english_video_pipeline.upload_short_video_1 manual__2026-07-25T12:21:18.111929+00:00 [queued]>
[2026-07-25T12:23:03.453+0000] {taskinstance.py:2076} INFO - Dependencies all met for dep_context=requeueable deps ti=<TaskInstance: youtube_english_video_pipeline.upload_short_video_1 manual__2026-07-25T12:21:18.111929+00:00 [queued]>
[2026-07-25T12:23:03.455+0000] {taskinstance.py:2306} INFO - Starting attempt 1 of 3
[2026-07-25T12:23:03.467+0000] {taskinstance.py:2330} INFO - Executing <Task(PythonOperator): upload_short_video_1> on 2026-07-25 12:21:18.111929+00:00
[2026-07-25T12:23:03.472+0000] {standard_task_runner.py:64} INFO - Started process 6324 to run task
[2026-07-25T12:23:03.475+0000] {standard_task_runner.py:90} INFO - Running: ['airflow', 'tasks', 'run', 'youtube_english_video_pipeline', 'upload_short_video_1', 'manual__2026-07-25T12:21:18.111929+00:00', '--job-id', '323', '--raw', '--subdir', 'DAGS_FOLDER/youtube_pipeline.py', '--cfg-path', '/tmp/tmp7__bxqi8']
[2026-07-25T12:23:03.477+0000] {standard_task_runner.py:91} INFO - Job 323: Subtask upload_short_video_1
[2026-07-25T12:23:03.553+0000] {task_command.py:426} INFO - Running <TaskInstance: youtube_english_video_pipeline.upload_short_video_1 manual__2026-07-25T12:21:18.111929+00:00 [running]> on host cc859d74cf38
[2026-07-25T12:23:03.767+0000] {taskinstance.py:2648} INFO - Exporting env vars: AIRFLOW_CTX_DAG_OWNER='taky' AIRFLOW_CTX_DAG_ID='youtube_english_video_pipeline' AIRFLOW_CTX_TASK_ID='upload_short_video_1' AIRFLOW_CTX_EXECUTION_DATE='2026-07-25T12:21:18.111929+00:00' AIRFLOW_CTX_TRY_NUMBER='1' AIRFLOW_CTX_DAG_RUN_ID='manual__2026-07-25T12:21:18.111929+00:00'
[2026-07-25T12:23:03.768+0000] {taskinstance.py:430} INFO - ::endgroup::
[2026-07-25T12:23:04.046+0000] {__init__.py:49} INFO - file_cache is only supported with oauth2client<4.0.0
[2026-07-25T12:23:04.054+0000] {logging_mixin.py:188} INFO - 2026-07-25 12:23:04,054 | INFO     | uploader.youtube_uploader | Uploading video 'Daily English Phrase | Hotel English' (/opt/airflow/output/videos/short_463.mp4) to YouTube...
[2026-07-25T12:23:07.017+0000] {logging_mixin.py:188} INFO - 2026-07-25 12:23:07,017 | INFO     | uploader.youtube_uploader | Upload complete. YouTube video id = a7J3NKf6bH0
[2026-07-25T12:23:07.048+0000] {python.py:237} INFO - Done. Returned value was: a7J3NKf6bH0
[2026-07-25T12:23:07.054+0000] {taskinstance.py:441} INFO - ::group::Post task execution logs
[2026-07-25T12:23:07.085+0000] {taskinstance.py:1206} INFO - Marking task as SUCCESS. dag_id=youtube_english_video_pipeline, task_id=upload_short_video_1, run_id=manual__2026-07-25T12:21:18.111929+00:00, execution_date=20260725T122118, start_date=20260725T122303, end_date=20260725T122307
[2026-07-25T12:23:07.114+0000] {local_task_job_runner.py:243} INFO - Task exited with return code 0
[2026-07-25T12:23:07.294+0000] {taskinstance.py:3503} INFO - 1 downstream tasks scheduled from follow-on schedule check
[2026-07-25T12:23:07.299+0000] {local_task_job_runner.py:222} INFO - ::endgroup::
