[2026-07-28T12:37:03.470+0000] {local_task_job_runner.py:120} INFO - ::group::Pre task execution logs
[2026-07-28T12:37:03.505+0000] {taskinstance.py:2076} INFO - Dependencies all met for dep_context=non-requeueable deps ti=<TaskInstance: youtube_english_video_pipeline.build_long_video_2 scheduled__2026-07-27T12:00:00+00:00 [queued]>
[2026-07-28T12:37:03.513+0000] {taskinstance.py:2076} INFO - Dependencies all met for dep_context=requeueable deps ti=<TaskInstance: youtube_english_video_pipeline.build_long_video_2 scheduled__2026-07-27T12:00:00+00:00 [queued]>
[2026-07-28T12:37:03.514+0000] {taskinstance.py:2306} INFO - Starting attempt 1 of 3
[2026-07-28T12:37:03.529+0000] {taskinstance.py:2330} INFO - Executing <Task(PythonOperator): build_long_video_2> on 2026-07-27 12:00:00+00:00
[2026-07-28T12:37:03.535+0000] {standard_task_runner.py:64} INFO - Started process 10871 to run task
[2026-07-28T12:37:03.538+0000] {standard_task_runner.py:90} INFO - Running: ['airflow', 'tasks', 'run', 'youtube_english_video_pipeline', 'build_long_video_2', 'scheduled__2026-07-27T12:00:00+00:00', '--job-id', '495', '--raw', '--subdir', 'DAGS_FOLDER/youtube_pipeline.py', '--cfg-path', '/tmp/tmp7zs9mwfe']
[2026-07-28T12:37:03.540+0000] {standard_task_runner.py:91} INFO - Job 495: Subtask build_long_video_2
[2026-07-28T12:37:03.605+0000] {task_command.py:426} INFO - Running <TaskInstance: youtube_english_video_pipeline.build_long_video_2 scheduled__2026-07-27T12:00:00+00:00 [running]> on host cc859d74cf38
[2026-07-28T12:37:03.843+0000] {taskinstance.py:2648} INFO - Exporting env vars: AIRFLOW_CTX_DAG_OWNER='taky' AIRFLOW_CTX_DAG_ID='youtube_english_video_pipeline' AIRFLOW_CTX_TASK_ID='build_long_video_2' AIRFLOW_CTX_EXECUTION_DATE='2026-07-27T12:00:00+00:00' AIRFLOW_CTX_TRY_NUMBER='1' AIRFLOW_CTX_DAG_RUN_ID='scheduled__2026-07-27T12:00:00+00:00'
[2026-07-28T12:37:03.845+0000] {taskinstance.py:430} INFO - ::endgroup::
[2026-07-28T12:37:04.554+0000] {logging_mixin.py:188} INFO - 2026-07-28 12:37:04,554 | INFO     | planner.video_planner | Only 14 phrases for topic='Business English', topping up without topic filter
[2026-07-28T12:37:04.563+0000] {logging_mixin.py:188} INFO - 2026-07-28 12:37:04,563 | INFO     | planner.video_planner | Planned LONG video: topic='Mixed English Expressions', phrases=20
[2026-07-28T12:37:04.891+0000] {logging_mixin.py:188} INFO - 2026-07-28 12:37:04,891 | INFO     | tts.edge_tts | Synthesized audio -> /opt/airflow/output/audio/phrase_1154.mp3
[2026-07-28T12:37:05.343+0000] {logging_mixin.py:188} INFO - 2026-07-28 12:37:05,343 | INFO     | tts.edge_tts | Synthesized audio -> /opt/airflow/output/audio/example_1154.mp3
[2026-07-28T12:37:05.942+0000] {logging_mixin.py:188} INFO - 2026-07-28 12:37:05,942 | INFO     | media.image_downloader | Downloaded background image for scene='library' -> /opt/airflow/output/images/long_1154.jpg
[2026-07-28T12:37:10.258+0000] {logging_mixin.py:188} INFO - 2026-07-28 12:37:10,258 | INFO     | tts.edge_tts | Synthesized audio -> /opt/airflow/output/audio/phrase_1155.mp3
[2026-07-28T12:37:10.650+0000] {logging_mixin.py:188} INFO - 2026-07-28 12:37:10,650 | INFO     | tts.edge_tts | Synthesized audio -> /opt/airflow/output/audio/example_1155.mp3
[2026-07-28T12:37:10.918+0000] {logging_mixin.py:188} INFO - 2026-07-28 12:37:10,918 | INFO     | media.image_downloader | Downloaded background image for scene='office' -> /opt/airflow/output/images/long_1155.jpg
[2026-07-28T12:37:14.534+0000] {logging_mixin.py:188} INFO - 2026-07-28 12:37:14,534 | INFO     | tts.edge_tts | Synthesized audio -> /opt/airflow/output/audio/phrase_1156.mp3
[2026-07-28T12:37:14.909+0000] {logging_mixin.py:188} INFO - 2026-07-28 12:37:14,909 | INFO     | tts.edge_tts | Synthesized audio -> /opt/airflow/output/audio/example_1156.mp3
[2026-07-28T12:37:15.141+0000] {logging_mixin.py:188} INFO - 2026-07-28 12:37:15,140 | INFO     | media.image_downloader | Downloaded background image for scene='airport' -> /opt/airflow/output/images/long_1156.jpg
[2026-07-28T12:37:18.989+0000] {logging_mixin.py:188} INFO - 2026-07-28 12:37:18,989 | INFO     | tts.edge_tts | Synthesized audio -> /opt/airflow/output/audio/phrase_1062.mp3
[2026-07-28T12:37:19.477+0000] {logging_mixin.py:188} INFO - 2026-07-28 12:37:19,476 | INFO     | tts.edge_tts | Synthesized audio -> /opt/airflow/output/audio/example_1062.mp3
[2026-07-28T12:37:19.662+0000] {logging_mixin.py:188} INFO - 2026-07-28 12:37:19,662 | INFO     | media.image_downloader | Downloaded background image for scene='airport' -> /opt/airflow/output/images/long_1062.jpg
[2026-07-28T12:37:24.413+0000] {logging_mixin.py:188} INFO - 2026-07-28 12:37:24,413 | INFO     | tts.edge_tts | Synthesized audio -> /opt/airflow/output/audio/phrase_1063.mp3
[2026-07-28T12:37:24.805+0000] {logging_mixin.py:188} INFO - 2026-07-28 12:37:24,805 | INFO     | tts.edge_tts | Synthesized audio -> /opt/airflow/output/audio/example_1063.mp3
[2026-07-28T12:37:25.082+0000] {logging_mixin.py:188} INFO - 2026-07-28 12:37:25,082 | INFO     | media.image_downloader | Downloaded background image for scene='office' -> /opt/airflow/output/images/long_1063.jpg
[2026-07-28T12:37:29.007+0000] {logging_mixin.py:188} INFO - 2026-07-28 12:37:29,007 | INFO     | tts.edge_tts | Synthesized audio -> /opt/airflow/output/audio/phrase_1064.mp3
[2026-07-28T12:37:29.542+0000] {logging_mixin.py:188} INFO - 2026-07-28 12:37:29,542 | INFO     | tts.edge_tts | Synthesized audio -> /opt/airflow/output/audio/example_1064.mp3
[2026-07-28T12:37:29.850+0000] {logging_mixin.py:188} INFO - 2026-07-28 12:37:29,850 | INFO     | media.image_downloader | Downloaded background image for scene='shopping' -> /opt/airflow/output/images/long_1064.jpg
[2026-07-28T12:37:34.572+0000] {logging_mixin.py:188} INFO - 2026-07-28 12:37:34,572 | INFO     | tts.edge_tts | Synthesized audio -> /opt/airflow/output/audio/phrase_1065.mp3
[2026-07-28T12:37:34.934+0000] {logging_mixin.py:188} INFO - 2026-07-28 12:37:34,934 | INFO     | tts.edge_tts | Synthesized audio -> /opt/airflow/output/audio/example_1065.mp3
[2026-07-28T12:37:35.096+0000] {logging_mixin.py:188} INFO - 2026-07-28 12:37:35,096 | INFO     | media.image_downloader | Downloaded background image for scene='hotel' -> /opt/airflow/output/images/long_1065.jpg
[2026-07-28T12:37:39.201+0000] {logging_mixin.py:188} INFO - 2026-07-28 12:37:39,201 | INFO     | tts.edge_tts | Synthesized audio -> /opt/airflow/output/audio/phrase_1067.mp3
[2026-07-28T12:37:39.647+0000] {logging_mixin.py:188} INFO - 2026-07-28 12:37:39,647 | INFO     | tts.edge_tts | Synthesized audio -> /opt/airflow/output/audio/example_1067.mp3
[2026-07-28T12:37:40.964+0000] {logging_mixin.py:188} INFO - 2026-07-28 12:37:40,964 | INFO     | media.image_downloader | Downloaded background image for scene='meeting' -> /opt/airflow/output/images/long_1067.jpg
[2026-07-28T12:37:45.480+0000] {logging_mixin.py:188} INFO - 2026-07-28 12:37:45,480 | INFO     | tts.edge_tts | Synthesized audio -> /opt/airflow/output/audio/phrase_1068.mp3
[2026-07-28T12:37:45.963+0000] {logging_mixin.py:188} INFO - 2026-07-28 12:37:45,963 | INFO     | tts.edge_tts | Synthesized audio -> /opt/airflow/output/audio/example_1068.mp3
[2026-07-28T12:37:46.199+0000] {logging_mixin.py:188} INFO - 2026-07-28 12:37:46,199 | INFO     | media.image_downloader | Downloaded background image for scene='street' -> /opt/airflow/output/images/long_1068.jpg
[2026-07-28T12:37:51.150+0000] {logging_mixin.py:188} INFO - 2026-07-28 12:37:51,150 | INFO     | tts.edge_tts | Synthesized audio -> /opt/airflow/output/audio/phrase_1069.mp3
[2026-07-28T12:37:51.543+0000] {logging_mixin.py:188} INFO - 2026-07-28 12:37:51,543 | INFO     | tts.edge_tts | Synthesized audio -> /opt/airflow/output/audio/example_1069.mp3
[2026-07-28T12:37:51.747+0000] {logging_mixin.py:188} INFO - 2026-07-28 12:37:51,747 | INFO     | media.image_downloader | Downloaded background image for scene='store' -> /opt/airflow/output/images/long_1069.jpg
[2026-07-28T12:37:56.500+0000] {logging_mixin.py:188} INFO - 2026-07-28 12:37:56,499 | INFO     | tts.edge_tts | Synthesized audio -> /opt/airflow/output/audio/phrase_1071.mp3
[2026-07-28T12:37:56.860+0000] {logging_mixin.py:188} INFO - 2026-07-28 12:37:56,860 | INFO     | tts.edge_tts | Synthesized audio -> /opt/airflow/output/audio/example_1071.mp3
[2026-07-28T12:37:57.055+0000] {logging_mixin.py:188} INFO - 2026-07-28 12:37:57,055 | INFO     | media.image_downloader | Downloaded background image for scene='hotel' -> /opt/airflow/output/images/long_1071.jpg
[2026-07-28T12:38:01.428+0000] {logging_mixin.py:188} INFO - 2026-07-28 12:38:01,428 | INFO     | tts.edge_tts | Synthesized audio -> /opt/airflow/output/audio/phrase_1072.mp3
[2026-07-28T12:38:01.893+0000] {logging_mixin.py:188} INFO - 2026-07-28 12:38:01,893 | INFO     | tts.edge_tts | Synthesized audio -> /opt/airflow/output/audio/example_1072.mp3
[2026-07-28T12:38:02.146+0000] {logging_mixin.py:188} INFO - 2026-07-28 12:38:02,146 | INFO     | media.image_downloader | Downloaded background image for scene='office' -> /opt/airflow/output/images/long_1072.jpg
[2026-07-28T12:38:06.656+0000] {logging_mixin.py:188} INFO - 2026-07-28 12:38:06,656 | INFO     | tts.edge_tts | Synthesized audio -> /opt/airflow/output/audio/phrase_1073.mp3
[2026-07-28T12:38:07.313+0000] {logging_mixin.py:188} INFO - 2026-07-28 12:38:07,313 | INFO     | tts.edge_tts | Synthesized audio -> /opt/airflow/output/audio/example_1073.mp3
[2026-07-28T12:38:07.600+0000] {logging_mixin.py:188} INFO - 2026-07-28 12:38:07,600 | INFO     | media.image_downloader | Downloaded background image for scene='subway' -> /opt/airflow/output/images/long_1073.jpg
[2026-07-28T12:38:11.875+0000] {logging_mixin.py:188} INFO - 2026-07-28 12:38:11,875 | INFO     | tts.edge_tts | Synthesized audio -> /opt/airflow/output/audio/phrase_1074.mp3
[2026-07-28T12:38:12.298+0000] {logging_mixin.py:188} INFO - 2026-07-28 12:38:12,298 | INFO     | tts.edge_tts | Synthesized audio -> /opt/airflow/output/audio/example_1074.mp3
[2026-07-28T12:38:12.531+0000] {logging_mixin.py:188} INFO - 2026-07-28 12:38:12,531 | INFO     | media.image_downloader | Downloaded background image for scene='store' -> /opt/airflow/output/images/long_1074.jpg
[2026-07-28T12:38:16.691+0000] {logging_mixin.py:188} INFO - 2026-07-28 12:38:16,691 | INFO     | tts.edge_tts | Synthesized audio -> /opt/airflow/output/audio/phrase_1075.mp3
[2026-07-28T12:38:17.197+0000] {logging_mixin.py:188} INFO - 2026-07-28 12:38:17,197 | INFO     | tts.edge_tts | Synthesized audio -> /opt/airflow/output/audio/example_1075.mp3
[2026-07-28T12:38:17.438+0000] {logging_mixin.py:188} INFO - 2026-07-28 12:38:17,438 | INFO     | media.image_downloader | Downloaded background image for scene='bus' -> /opt/airflow/output/images/long_1075.jpg
[2026-07-28T12:38:21.885+0000] {logging_mixin.py:188} INFO - 2026-07-28 12:38:21,885 | INFO     | tts.edge_tts | Synthesized audio -> /opt/airflow/output/audio/phrase_1076.mp3
[2026-07-28T12:38:22.283+0000] {logging_mixin.py:188} INFO - 2026-07-28 12:38:22,283 | INFO     | tts.edge_tts | Synthesized audio -> /opt/airflow/output/audio/example_1076.mp3
[2026-07-28T12:38:22.523+0000] {logging_mixin.py:188} INFO - 2026-07-28 12:38:22,523 | INFO     | media.image_downloader | Downloaded background image for scene='office' -> /opt/airflow/output/images/long_1076.jpg
[2026-07-28T12:38:26.740+0000] {logging_mixin.py:188} INFO - 2026-07-28 12:38:26,740 | INFO     | tts.edge_tts | Synthesized audio -> /opt/airflow/output/audio/phrase_1078.mp3
[2026-07-28T12:38:27.122+0000] {logging_mixin.py:188} INFO - 2026-07-28 12:38:27,122 | INFO     | tts.edge_tts | Synthesized audio -> /opt/airflow/output/audio/example_1078.mp3
[2026-07-28T12:38:27.313+0000] {logging_mixin.py:188} INFO - 2026-07-28 12:38:27,313 | INFO     | media.image_downloader | Downloaded background image for scene='hotel' -> /opt/airflow/output/images/long_1078.jpg
[2026-07-28T12:38:31.146+0000] {logging_mixin.py:188} INFO - 2026-07-28 12:38:31,146 | INFO     | tts.edge_tts | Synthesized audio -> /opt/airflow/output/audio/phrase_1079.mp3
[2026-07-28T12:38:31.495+0000] {logging_mixin.py:188} INFO - 2026-07-28 12:38:31,495 | INFO     | tts.edge_tts | Synthesized audio -> /opt/airflow/output/audio/example_1079.mp3
[2026-07-28T12:38:31.676+0000] {logging_mixin.py:188} INFO - 2026-07-28 12:38:31,676 | INFO     | media.image_downloader | Downloaded background image for scene='airport' -> /opt/airflow/output/images/long_1079.jpg
[2026-07-28T12:38:35.622+0000] {logging_mixin.py:188} INFO - 2026-07-28 12:38:35,622 | INFO     | tts.edge_tts | Synthesized audio -> /opt/airflow/output/audio/phrase_1080.mp3
[2026-07-28T12:38:36.127+0000] {logging_mixin.py:188} INFO - 2026-07-28 12:38:36,127 | INFO     | tts.edge_tts | Synthesized audio -> /opt/airflow/output/audio/example_1080.mp3
[2026-07-28T12:38:36.447+0000] {logging_mixin.py:188} INFO - 2026-07-28 12:38:36,447 | INFO     | media.image_downloader | Downloaded background image for scene='street' -> /opt/airflow/output/images/long_1080.jpg
[2026-07-28T12:38:40.710+0000] {logging_mixin.py:188} INFO - 2026-07-28 12:38:40,709 | INFO     | tts.edge_tts | Synthesized audio -> /opt/airflow/output/audio/phrase_1153.mp3
[2026-07-28T12:38:41.102+0000] {logging_mixin.py:188} INFO - 2026-07-28 12:38:41,102 | INFO     | tts.edge_tts | Synthesized audio -> /opt/airflow/output/audio/example_1153.mp3
[2026-07-28T12:38:41.649+0000] {logging_mixin.py:188} INFO - 2026-07-28 12:38:41,648 | INFO     | media.image_downloader | Downloaded background image for scene='park' -> /opt/airflow/output/images/long_1153.jpg
[2026-07-28T12:38:48.127+0000] {logging_mixin.py:188} INFO - 2026-07-28 12:38:48,127 | WARNING  | video.video_builder | BGM file not found at /opt/airflow/assets/bgm/long_bgm.mp3, rendering without background music
[2026-07-28T12:39:25.677+0000] {logging_mixin.py:188} INFO - 2026-07-28 12:39:25,677 | INFO     | video.video_builder | Final video rendered -> /opt/airflow/output/videos/long_1154.mp4
[2026-07-28T12:39:33.378+0000] {logging_mixin.py:188} INFO - 2026-07-28 12:39:33,378 | INFO     | media.thumbnail_builder | Built thumbnail -> /opt/airflow/output/thumbnails/long_1154.jpg
[2026-07-28T12:39:33.556+0000] {python.py:237} INFO - Done. Returned value was: {'video_id': 126, 'file_path': '/opt/airflow/output/videos/long_1154.mp4', 'thumbnail_path': '/opt/airflow/output/thumbnails/long_1154.jpg', 'title': "20 Essential Everyday English Phrases | Taky's Language School", 'description': "Master 20 practical English expressions for daily conversation, travel, shopping, and work! In this video, Taky's Language School breaks down key spoken English phrases so you can communicate naturally and confidently in any real-world situation.\n\nPhrases covered include:\n- Sorry to bother you\n- That makes sense\n- Where is the baggage claim?\n- Is there a delay on my flight?\n- I'm running a bit behind schedule\n- Do you have this in a smaller size?\n- Let's touch base next week\n- Could you point me in the right direction?\n- I'll get back to you on that\n- Mind if I sit here?\n...and 10 more!\n\nSubscribe to Taky's Language School for practical English lessons every week!", 'tags': ['learn english', 'english expressions', 'spoken english', 'daily english phrases', 'travel english', 'business english', 'practical english', 'english conversation', 'takys language school', 'speak english fluently'], 'video_type': 'long'}
[2026-07-28T12:39:33.559+0000] {taskinstance.py:441} INFO - ::group::Post task execution logs
[2026-07-28T12:39:33.588+0000] {taskinstance.py:1206} INFO - Marking task as SUCCESS. dag_id=youtube_english_video_pipeline, task_id=build_long_video_2, run_id=scheduled__2026-07-27T12:00:00+00:00, execution_date=20260727T120000, start_date=20260728T123703, end_date=20260728T123933
[2026-07-28T12:39:33.665+0000] {local_task_job_runner.py:243} INFO - Task exited with return code 0
[2026-07-28T12:39:33.871+0000] {taskinstance.py:3503} INFO - 1 downstream tasks scheduled from follow-on schedule check
[2026-07-28T12:39:33.876+0000] {local_task_job_runner.py:222} INFO - ::endgroup::
