[2026-09-20T11:22:26.030+0000] {local_task_job_runner.py:120} INFO - ::group::Pre task execution logs
[2026-09-20T11:22:26.071+0000] {taskinstance.py:2076} INFO - Dependencies all met for dep_context=non-requeueable deps ti=<TaskInstance: youtube_english_video_pipeline.upload_short_video_8 manual__2026-09-20T11:03:20.949531+00:00 [queued]>
[2026-09-20T11:22:26.080+0000] {taskinstance.py:2076} INFO - Dependencies all met for dep_context=requeueable deps ti=<TaskInstance: youtube_english_video_pipeline.upload_short_video_8 manual__2026-09-20T11:03:20.949531+00:00 [queued]>
[2026-09-20T11:22:26.083+0000] {taskinstance.py:2306} INFO - Starting attempt 1 of 3
[2026-09-20T11:22:26.096+0000] {taskinstance.py:2330} INFO - Executing <Task(PythonOperator): upload_short_video_8> on 2026-09-20 11:03:20.949531+00:00
[2026-09-20T11:22:26.102+0000] {standard_task_runner.py:64} INFO - Started process 55993 to run task
[2026-09-20T11:22:26.106+0000] {standard_task_runner.py:90} INFO - Running: ['airflow', 'tasks', 'run', 'youtube_english_video_pipeline', 'upload_short_video_8', 'manual__2026-09-20T11:03:20.949531+00:00', '--job-id', '1349', '--raw', '--subdir', 'DAGS_FOLDER/youtube_pipeline.py', '--cfg-path', '/tmp/tmp6tu8t_w3']
[2026-09-20T11:22:26.109+0000] {standard_task_runner.py:91} INFO - Job 1349: Subtask upload_short_video_8
[2026-09-20T11:22:26.166+0000] {task_command.py:426} INFO - Running <TaskInstance: youtube_english_video_pipeline.upload_short_video_8 manual__2026-09-20T11:03:20.949531+00:00 [running]> on host 73b18333cdfe
[2026-09-20T11:22:26.385+0000] {taskinstance.py:2648} INFO - Exporting env vars: AIRFLOW_CTX_DAG_OWNER='taky' AIRFLOW_CTX_DAG_ID='youtube_english_video_pipeline' AIRFLOW_CTX_TASK_ID='upload_short_video_8' AIRFLOW_CTX_EXECUTION_DATE='2026-09-20T11:03:20.949531+00:00' AIRFLOW_CTX_TRY_NUMBER='1' AIRFLOW_CTX_DAG_RUN_ID='manual__2026-09-20T11:03:20.949531+00:00'
[2026-09-20T11:22:26.386+0000] {taskinstance.py:430} INFO - ::endgroup::
[2026-09-20T11:22:26.796+0000] {__init__.py:49} INFO - file_cache is only supported with oauth2client<4.0.0
[2026-09-20T11:22:26.806+0000] {logging_mixin.py:188} INFO - 2026-09-20 11:22:26,806 | INFO     | uploader.youtube_uploader | Uploading video 'Hotel English: How to ask for Check-Out time | Taky's Language School' (/opt/airflow/output/videos/short_3086.mp4) to YouTube...
[2026-09-20T11:22:29.537+0000] {logging_mixin.py:188} INFO - 2026-09-20 11:22:29,537 | INFO     | uploader.youtube_uploader | Upload complete. YouTube video id = xt7hXDRsf6s
[2026-09-20T11:22:29.565+0000] {python.py:237} INFO - Done. Returned value was: xt7hXDRsf6s
[2026-09-20T11:22:29.566+0000] {taskinstance.py:441} INFO - ::group::Post task execution logs
[2026-09-20T11:22:29.595+0000] {taskinstance.py:1206} INFO - Marking task as SUCCESS. dag_id=youtube_english_video_pipeline, task_id=upload_short_video_8, run_id=manual__2026-09-20T11:03:20.949531+00:00, execution_date=20260920T110320, start_date=20260920T112226, end_date=20260920T112229
[2026-09-20T11:22:29.622+0000] {local_task_job_runner.py:243} INFO - Task exited with return code 0
[2026-09-20T11:22:29.789+0000] {taskinstance.py:3503} INFO - 1 downstream tasks scheduled from follow-on schedule check
[2026-09-20T11:22:29.793+0000] {local_task_job_runner.py:222} INFO - ::endgroup::
