[2026-09-21T05:53:55.325+0000] {local_task_job_runner.py:120} INFO - ::group::Pre task execution logs
[2026-09-21T05:53:55.349+0000] {taskinstance.py:2076} INFO - Dependencies all met for dep_context=non-requeueable deps ti=<TaskInstance: youtube_english_video_pipeline.build_short_video_4 manual__2026-09-21T01:00:56.686308+00:00 [queued]>
[2026-09-21T05:53:55.354+0000] {taskinstance.py:2076} INFO - Dependencies all met for dep_context=requeueable deps ti=<TaskInstance: youtube_english_video_pipeline.build_short_video_4 manual__2026-09-21T01:00:56.686308+00:00 [queued]>
[2026-09-21T05:53:55.358+0000] {taskinstance.py:2306} INFO - Starting attempt 1 of 3
[2026-09-21T05:53:55.368+0000] {taskinstance.py:2330} INFO - Executing <Task(PythonOperator): build_short_video_4> on 2026-09-21 01:00:56.686308+00:00
[2026-09-21T05:53:55.371+0000] {standard_task_runner.py:64} INFO - Started process 217 to run task
[2026-09-21T05:53:55.374+0000] {standard_task_runner.py:90} INFO - Running: ['airflow', 'tasks', 'run', 'youtube_english_video_pipeline', 'build_short_video_4', 'manual__2026-09-21T01:00:56.686308+00:00', '--job-id', '1429', '--raw', '--subdir', 'DAGS_FOLDER/youtube_pipeline.py', '--cfg-path', '/tmp/tmph8ox5eb1']
[2026-09-21T05:53:55.377+0000] {standard_task_runner.py:91} INFO - Job 1429: Subtask build_short_video_4
[2026-09-21T05:53:55.417+0000] {task_command.py:426} INFO - Running <TaskInstance: youtube_english_video_pipeline.build_short_video_4 manual__2026-09-21T01:00:56.686308+00:00 [running]> on host 73b18333cdfe
[2026-09-21T05:53:55.587+0000] {taskinstance.py:2648} INFO - Exporting env vars: AIRFLOW_CTX_DAG_OWNER='taky' AIRFLOW_CTX_DAG_ID='youtube_english_video_pipeline' AIRFLOW_CTX_TASK_ID='build_short_video_4' AIRFLOW_CTX_EXECUTION_DATE='2026-09-21T01:00:56.686308+00:00' AIRFLOW_CTX_TRY_NUMBER='1' AIRFLOW_CTX_DAG_RUN_ID='manual__2026-09-21T01:00:56.686308+00:00'
[2026-09-21T05:53:55.589+0000] {taskinstance.py:430} INFO - ::endgroup::
[2026-09-21T05:53:56.669+0000] {logging_mixin.py:188} INFO - 2026-09-21 05:53:56,669 | INFO     | planner.video_planner | Planned SHORT video: topic='Daily Conversation', phrases=1
[2026-09-21T05:53:56.970+0000] {logging_mixin.py:188} INFO - 2026-09-21 05:53:56,970 | INFO     | tts.edge_tts | Synthesized audio -> /opt/airflow/output/audio/phrase_3504.mp3
[2026-09-21T05:53:57.240+0000] {logging_mixin.py:188} INFO - 2026-09-21 05:53:57,240 | INFO     | tts.edge_tts | Synthesized audio -> /opt/airflow/output/audio/example_3504.mp3
[2026-09-21T05:53:57.958+0000] {logging_mixin.py:188} INFO - 2026-09-21 05:53:57,958 | INFO     | media.image_downloader | Downloaded background image for scene='cafe' -> /opt/airflow/output/images/short_3504.jpg
[2026-09-21T05:54:02.534+0000] {logging_mixin.py:188} INFO - 2026-09-21 05:54:02,533 | WARNING  | video.video_builder | BGM file not found at /opt/airflow/assets/bgm/short_bgm.mp3, rendering without background music
[2026-09-21T05:54:04.120+0000] {logging_mixin.py:188} INFO - 2026-09-21 05:54:04,120 | INFO     | video.video_builder | Final video rendered -> /opt/airflow/output/videos/short_3504.mp4
[2026-09-21T05:54:07.328+0000] {python.py:237} INFO - Done. Returned value was: {'video_id': 440, 'file_path': '/opt/airflow/output/videos/short_3504.mp4', 'title': "How to Ask for Wi-Fi Password in English | Taky's Language School", 'description': "Need to connect to the internet while traveling or at a cafe? In this short lesson, learn how to politely ask for a Wi-Fi password. We use the phrase 'Is there a Wi-Fi password?' in a real-life scenario so you can practice your speaking and listening skills. Perfect for English learners looking to improve their daily conversation confidence! Don't forget to like, subscribe, and hit the bell for more quick English tips from Taky's Language School. #LearnEnglish #EnglishSpeaking #DailyEnglish #EnglishShorts #ESL", 'tags': ['Learn English', 'English Speaking', 'Daily English Conversation', 'English Short', 'ESL', "Taky's Language School", 'English Phrases', 'Travel English', 'English for Beginners', 'Speak English Fluently'], 'video_type': 'short'}
[2026-09-21T05:54:07.330+0000] {taskinstance.py:441} INFO - ::group::Post task execution logs
[2026-09-21T05:54:07.347+0000] {taskinstance.py:1206} INFO - Marking task as SUCCESS. dag_id=youtube_english_video_pipeline, task_id=build_short_video_4, run_id=manual__2026-09-21T01:00:56.686308+00:00, execution_date=20260921T010056, start_date=20260921T055355, end_date=20260921T055407
[2026-09-21T05:54:07.382+0000] {local_task_job_runner.py:243} INFO - Task exited with return code 0
[2026-09-21T05:54:07.502+0000] {taskinstance.py:3503} INFO - 1 downstream tasks scheduled from follow-on schedule check
[2026-09-21T05:54:07.507+0000] {local_task_job_runner.py:222} INFO - ::endgroup::
