[2026-07-27T11:15:01.419+0000] {local_task_job_runner.py:120} INFO - ::group::Pre task execution logs
[2026-07-27T11:15:01.470+0000] {taskinstance.py:2076} INFO - Dependencies all met for dep_context=non-requeueable deps ti=<TaskInstance: youtube_english_video_pipeline.upload_long_video_6 manual__2026-07-27T10:57:47.140907+00:00 [queued]>
[2026-07-27T11:15:01.483+0000] {taskinstance.py:2076} INFO - Dependencies all met for dep_context=requeueable deps ti=<TaskInstance: youtube_english_video_pipeline.upload_long_video_6 manual__2026-07-27T10:57:47.140907+00:00 [queued]>
[2026-07-27T11:15:01.484+0000] {taskinstance.py:2306} INFO - Starting attempt 1 of 3
[2026-07-27T11:15:01.500+0000] {taskinstance.py:2330} INFO - Executing <Task(PythonOperator): upload_long_video_6> on 2026-07-27 10:57:47.140907+00:00
[2026-07-27T11:15:01.508+0000] {standard_task_runner.py:64} INFO - Started process 79630 to run task
[2026-07-27T11:15:01.510+0000] {standard_task_runner.py:90} INFO - Running: ['airflow', 'tasks', 'run', 'youtube_english_video_pipeline', 'upload_long_video_6', 'manual__2026-07-27T10:57:47.140907+00:00', '--job-id', '443', '--raw', '--subdir', 'DAGS_FOLDER/youtube_pipeline.py', '--cfg-path', '/tmp/tmprkxf5ftx']
[2026-07-27T11:15:01.513+0000] {standard_task_runner.py:91} INFO - Job 443: Subtask upload_long_video_6
[2026-07-27T11:15:01.603+0000] {task_command.py:426} INFO - Running <TaskInstance: youtube_english_video_pipeline.upload_long_video_6 manual__2026-07-27T10:57:47.140907+00:00 [running]> on host cc859d74cf38
[2026-07-27T11:15:01.883+0000] {taskinstance.py:2648} INFO - Exporting env vars: AIRFLOW_CTX_DAG_OWNER='taky' AIRFLOW_CTX_DAG_ID='youtube_english_video_pipeline' AIRFLOW_CTX_TASK_ID='upload_long_video_6' AIRFLOW_CTX_EXECUTION_DATE='2026-07-27T10:57:47.140907+00:00' AIRFLOW_CTX_TRY_NUMBER='1' AIRFLOW_CTX_DAG_RUN_ID='manual__2026-07-27T10:57:47.140907+00:00'
[2026-07-27T11:15:01.885+0000] {taskinstance.py:430} INFO - ::endgroup::
[2026-07-27T11:15:02.272+0000] {__init__.py:49} INFO - file_cache is only supported with oauth2client<4.0.0
[2026-07-27T11:15:02.287+0000] {logging_mixin.py:188} INFO - 2026-07-27 11:15:02,287 | INFO     | uploader.youtube_uploader | Uploading video '15 Essential English Phrases for Daily Conversation | Learn English' (/opt/airflow/output/videos/long_901.mp4) to YouTube...
[2026-07-27T11:15:10.040+0000] {logging_mixin.py:188} INFO - 2026-07-27 11:15:10,040 | INFO     | uploader.youtube_uploader | Upload complete. YouTube video id = XF5LESJu2vA
[2026-07-27T11:15:13.664+0000] {logging_mixin.py:188} INFO - 2026-07-27 11:15:13,664 | INFO     | uploader.youtube_uploader | Custom thumbnail uploaded.
[2026-07-27T11:15:13.688+0000] {python.py:237} INFO - Done. Returned value was: XF5LESJu2vA
[2026-07-27T11:15:13.692+0000] {taskinstance.py:441} INFO - ::group::Post task execution logs
[2026-07-27T11:15:13.716+0000] {taskinstance.py:1206} INFO - Marking task as SUCCESS. dag_id=youtube_english_video_pipeline, task_id=upload_long_video_6, run_id=manual__2026-07-27T10:57:47.140907+00:00, execution_date=20260727T105747, start_date=20260727T111501, end_date=20260727T111513
[2026-07-27T11:15:13.778+0000] {local_task_job_runner.py:243} INFO - Task exited with return code 0
[2026-07-27T11:15:13.932+0000] {taskinstance.py:3503} INFO - 1 downstream tasks scheduled from follow-on schedule check
[2026-07-27T11:15:13.936+0000] {local_task_job_runner.py:222} INFO - ::endgroup::
