[2026-08-22T06:53:39.714+0000] {local_task_job_runner.py:120} INFO - ::group::Pre task execution logs
[2026-08-22T06:53:39.761+0000] {taskinstance.py:2076} INFO - Dependencies all met for dep_context=non-requeueable deps ti=<TaskInstance: youtube_english_video_pipeline.upload_long_video_6 manual__2026-08-20T23:20:20.409177+00:00 [queued]>
[2026-08-22T06:53:39.771+0000] {taskinstance.py:2076} INFO - Dependencies all met for dep_context=requeueable deps ti=<TaskInstance: youtube_english_video_pipeline.upload_long_video_6 manual__2026-08-20T23:20:20.409177+00:00 [queued]>
[2026-08-22T06:53:39.772+0000] {taskinstance.py:2306} INFO - Starting attempt 1 of 3
[2026-08-22T06:53:39.787+0000] {taskinstance.py:2330} INFO - Executing <Task(PythonOperator): upload_long_video_6> on 2026-08-20 23:20:20.409177+00:00
[2026-08-22T06:53:39.794+0000] {standard_task_runner.py:64} INFO - Started process 70724 to run task
[2026-08-22T06:53:39.797+0000] {standard_task_runner.py:90} INFO - Running: ['airflow', 'tasks', 'run', 'youtube_english_video_pipeline', 'upload_long_video_6', 'manual__2026-08-20T23:20:20.409177+00:00', '--job-id', '866', '--raw', '--subdir', 'DAGS_FOLDER/youtube_pipeline.py', '--cfg-path', '/tmp/tmps66vs3et']
[2026-08-22T06:53:39.800+0000] {standard_task_runner.py:91} INFO - Job 866: Subtask upload_long_video_6
[2026-08-22T06:53:39.895+0000] {task_command.py:426} INFO - Running <TaskInstance: youtube_english_video_pipeline.upload_long_video_6 manual__2026-08-20T23:20:20.409177+00:00 [running]> on host cc859d74cf38
[2026-08-22T06:53:40.204+0000] {taskinstance.py:2648} INFO - Exporting env vars: AIRFLOW_CTX_DAG_OWNER='taky' AIRFLOW_CTX_DAG_ID='youtube_english_video_pipeline' AIRFLOW_CTX_TASK_ID='upload_long_video_6' AIRFLOW_CTX_EXECUTION_DATE='2026-08-20T23:20:20.409177+00:00' AIRFLOW_CTX_TRY_NUMBER='1' AIRFLOW_CTX_DAG_RUN_ID='manual__2026-08-20T23:20:20.409177+00:00'
[2026-08-22T06:53:40.206+0000] {taskinstance.py:430} INFO - ::endgroup::
[2026-08-22T06:53:40.763+0000] {__init__.py:49} INFO - file_cache is only supported with oauth2client<4.0.0
[2026-08-22T06:53:40.778+0000] {logging_mixin.py:188} INFO - 2026-08-22 06:53:40,777 | INFO     | uploader.youtube_uploader | Uploading video '19 Daily English Expressions | Mixed English Expressions' (/opt/airflow/output/videos/long_2223.mp4) to YouTube...
[2026-08-22T06:53:50.056+0000] {logging_mixin.py:188} INFO - 2026-08-22 06:53:50,056 | INFO     | uploader.youtube_uploader | Upload complete. YouTube video id = jq1g2ZLONnM
[2026-08-22T06:53:54.003+0000] {logging_mixin.py:188} INFO - 2026-08-22 06:53:54,003 | INFO     | uploader.youtube_uploader | Custom thumbnail uploaded.
[2026-08-22T06:53:54.020+0000] {python.py:237} INFO - Done. Returned value was: jq1g2ZLONnM
[2026-08-22T06:53:54.021+0000] {taskinstance.py:441} INFO - ::group::Post task execution logs
[2026-08-22T06:53:54.048+0000] {taskinstance.py:1206} INFO - Marking task as SUCCESS. dag_id=youtube_english_video_pipeline, task_id=upload_long_video_6, run_id=manual__2026-08-20T23:20:20.409177+00:00, execution_date=20260820T232020, start_date=20260822T065339, end_date=20260822T065354
[2026-08-22T06:53:54.093+0000] {local_task_job_runner.py:243} INFO - Task exited with return code 0
[2026-08-22T06:53:54.262+0000] {taskinstance.py:3503} INFO - 1 downstream tasks scheduled from follow-on schedule check
[2026-08-22T06:53:54.276+0000] {local_task_job_runner.py:222} INFO - ::endgroup::
