[2026-08-11T13:43:52.562+0000] {local_task_job_runner.py:120} INFO - ::group::Pre task execution logs
[2026-08-11T13:43:52.619+0000] {taskinstance.py:2076} INFO - Dependencies all met for dep_context=non-requeueable deps ti=<TaskInstance: youtube_english_video_pipeline.upload_short_video_3 scheduled__2026-08-10T12:00:00+00:00 [queued]>
[2026-08-11T13:43:52.631+0000] {taskinstance.py:2076} INFO - Dependencies all met for dep_context=requeueable deps ti=<TaskInstance: youtube_english_video_pipeline.upload_short_video_3 scheduled__2026-08-10T12:00:00+00:00 [queued]>
[2026-08-11T13:43:52.635+0000] {taskinstance.py:2306} INFO - Starting attempt 1 of 3
[2026-08-11T13:43:52.653+0000] {taskinstance.py:2330} INFO - Executing <Task(PythonOperator): upload_short_video_3> on 2026-08-10 12:00:00+00:00
[2026-08-11T13:43:52.661+0000] {standard_task_runner.py:64} INFO - Started process 21848 to run task
[2026-08-11T13:43:52.663+0000] {standard_task_runner.py:90} INFO - Running: ['airflow', 'tasks', 'run', 'youtube_english_video_pipeline', 'upload_short_video_3', 'scheduled__2026-08-10T12:00:00+00:00', '--job-id', '696', '--raw', '--subdir', 'DAGS_FOLDER/youtube_pipeline.py', '--cfg-path', '/tmp/tmpninxr59m']
[2026-08-11T13:43:52.666+0000] {standard_task_runner.py:91} INFO - Job 696: Subtask upload_short_video_3
[2026-08-11T13:43:52.767+0000] {task_command.py:426} INFO - Running <TaskInstance: youtube_english_video_pipeline.upload_short_video_3 scheduled__2026-08-10T12:00:00+00:00 [running]> on host cc859d74cf38
[2026-08-11T13:43:53.034+0000] {taskinstance.py:2648} INFO - Exporting env vars: AIRFLOW_CTX_DAG_OWNER='taky' AIRFLOW_CTX_DAG_ID='youtube_english_video_pipeline' AIRFLOW_CTX_TASK_ID='upload_short_video_3' AIRFLOW_CTX_EXECUTION_DATE='2026-08-10T12:00:00+00:00' AIRFLOW_CTX_TRY_NUMBER='1' AIRFLOW_CTX_DAG_RUN_ID='scheduled__2026-08-10T12:00:00+00:00'
[2026-08-11T13:43:53.038+0000] {taskinstance.py:430} INFO - ::endgroup::
[2026-08-11T13:43:53.774+0000] {__init__.py:49} INFO - file_cache is only supported with oauth2client<4.0.0
[2026-08-11T13:43:53.788+0000] {logging_mixin.py:188} INFO - 2026-08-11 13:43:53,788 | INFO     | uploader.youtube_uploader | Uploading video 'How to Ask for Help in English: "Could you give me a hand?" #Shorts' (/opt/airflow/output/videos/short_1661.mp4) to YouTube...
[2026-08-11T13:43:56.882+0000] {logging_mixin.py:188} INFO - 2026-08-11 13:43:56,882 | INFO     | uploader.youtube_uploader | Upload complete. YouTube video id = pecJGai7eZE
[2026-08-11T13:43:56.910+0000] {python.py:237} INFO - Done. Returned value was: pecJGai7eZE
[2026-08-11T13:43:56.913+0000] {taskinstance.py:441} INFO - ::group::Post task execution logs
[2026-08-11T13:43:56.944+0000] {taskinstance.py:1206} INFO - Marking task as SUCCESS. dag_id=youtube_english_video_pipeline, task_id=upload_short_video_3, run_id=scheduled__2026-08-10T12:00:00+00:00, execution_date=20260810T120000, start_date=20260811T134352, end_date=20260811T134356
[2026-08-11T13:43:56.976+0000] {local_task_job_runner.py:243} INFO - Task exited with return code 0
[2026-08-11T13:43:57.135+0000] {taskinstance.py:3503} INFO - 1 downstream tasks scheduled from follow-on schedule check
[2026-08-11T13:43:57.143+0000] {local_task_job_runner.py:222} INFO - ::endgroup::
