[2026-08-11T13:59:12.266+0000] {local_task_job_runner.py:120} INFO - ::group::Pre task execution logs
[2026-08-11T13:59:12.312+0000] {taskinstance.py:2076} INFO - Dependencies all met for dep_context=non-requeueable deps ti=<TaskInstance: youtube_english_video_pipeline.build_short_video_7 scheduled__2026-08-10T12:00:00+00:00 [queued]>
[2026-08-11T13:59:12.322+0000] {taskinstance.py:2076} INFO - Dependencies all met for dep_context=requeueable deps ti=<TaskInstance: youtube_english_video_pipeline.build_short_video_7 scheduled__2026-08-10T12:00:00+00:00 [queued]>
[2026-08-11T13:59:12.327+0000] {taskinstance.py:2306} INFO - Starting attempt 1 of 3
[2026-08-11T13:59:12.344+0000] {taskinstance.py:2330} INFO - Executing <Task(PythonOperator): build_short_video_7> on 2026-08-10 12:00:00+00:00
[2026-08-11T13:59:12.353+0000] {standard_task_runner.py:64} INFO - Started process 33763 to run task
[2026-08-11T13:59:12.357+0000] {standard_task_runner.py:90} INFO - Running: ['airflow', 'tasks', 'run', 'youtube_english_video_pipeline', 'build_short_video_7', 'scheduled__2026-08-10T12:00:00+00:00', '--job-id', '715', '--raw', '--subdir', 'DAGS_FOLDER/youtube_pipeline.py', '--cfg-path', '/tmp/tmpltgf6hny']
[2026-08-11T13:59:12.361+0000] {standard_task_runner.py:91} INFO - Job 715: Subtask build_short_video_7
[2026-08-11T13:59:12.448+0000] {task_command.py:426} INFO - Running <TaskInstance: youtube_english_video_pipeline.build_short_video_7 scheduled__2026-08-10T12:00:00+00:00 [running]> on host cc859d74cf38
[2026-08-11T13:59:12.697+0000] {taskinstance.py:2648} INFO - Exporting env vars: AIRFLOW_CTX_DAG_OWNER='taky' AIRFLOW_CTX_DAG_ID='youtube_english_video_pipeline' AIRFLOW_CTX_TASK_ID='build_short_video_7' AIRFLOW_CTX_EXECUTION_DATE='2026-08-10T12:00:00+00:00' AIRFLOW_CTX_TRY_NUMBER='1' AIRFLOW_CTX_DAG_RUN_ID='scheduled__2026-08-10T12:00:00+00:00'
[2026-08-11T13:59:12.698+0000] {taskinstance.py:430} INFO - ::endgroup::
[2026-08-11T13:59:14.106+0000] {logging_mixin.py:188} INFO - 2026-08-11 13:59:14,106 | INFO     | planner.video_planner | Planned SHORT video: topic='Small Talk', phrases=1
[2026-08-11T13:59:14.663+0000] {logging_mixin.py:188} INFO - 2026-08-11 13:59:14,663 | INFO     | tts.edge_tts | Synthesized audio -> /opt/airflow/output/audio/phrase_1687.mp3
[2026-08-11T13:59:15.079+0000] {logging_mixin.py:188} INFO - 2026-08-11 13:59:15,079 | INFO     | tts.edge_tts | Synthesized audio -> /opt/airflow/output/audio/example_1687.mp3
[2026-08-11T13:59:15.461+0000] {logging_mixin.py:188} INFO - 2026-08-11 13:59:15,461 | INFO     | media.image_downloader | Downloaded background image for scene='cafeteria' -> /opt/airflow/output/images/short_1687.jpg
[2026-08-11T13:59:18.955+0000] {logging_mixin.py:188} INFO - 2026-08-11 13:59:18,955 | WARNING  | video.video_builder | BGM file not found at /opt/airflow/assets/bgm/short_bgm.mp3, rendering without background music
[2026-08-11T13:59:20.566+0000] {logging_mixin.py:188} INFO - 2026-08-11 13:59:20,566 | INFO     | video.video_builder | Final video rendered -> /opt/airflow/output/videos/short_1687.mp4
[2026-08-11T13:59:26.746+0000] {python.py:237} INFO - Done. Returned value was: {'video_id': 204, 'file_path': '/opt/airflow/output/videos/short_1687.mp4', 'title': "How to Use 'Mind If I Join You?' in English | Small Talk Phrase #Shorts", 'description': 'Want to start a conversation naturally in English? Learn how to use the common small talk phrase: "Mind if I join you?"\n\nExample:\n"I see an empty chair at your table—mind if I join you?"\n\nMaster real-life spoken English with Taky\'s Language School! Subscribe for daily short English lessons and boost your speaking confidence.\n\n#LearnEnglish #EnglishShorts #SmallTalk #SpokenEnglish #EnglishPhrases #TakysLanguageSchool', 'tags': ['mind if i join you', 'english small talk', 'learn english', 'spoken english', "taky's language school", 'english phrases', 'how to start a conversation in english', 'english shorts', 'daily english conversation', 'english vocabulary'], 'video_type': 'short'}
[2026-08-11T13:59:26.748+0000] {taskinstance.py:441} INFO - ::group::Post task execution logs
[2026-08-11T13:59:26.779+0000] {taskinstance.py:1206} INFO - Marking task as SUCCESS. dag_id=youtube_english_video_pipeline, task_id=build_short_video_7, run_id=scheduled__2026-08-10T12:00:00+00:00, execution_date=20260810T120000, start_date=20260811T135912, end_date=20260811T135926
[2026-08-11T13:59:26.819+0000] {local_task_job_runner.py:243} INFO - Task exited with return code 0
[2026-08-11T13:59:26.955+0000] {taskinstance.py:3503} INFO - 1 downstream tasks scheduled from follow-on schedule check
[2026-08-11T13:59:26.960+0000] {local_task_job_runner.py:222} INFO - ::endgroup::
