[2026-09-06T12:54:33.881+0000] {local_task_job_runner.py:120} INFO - ::group::Pre task execution logs
[2026-09-06T12:54:33.921+0000] {taskinstance.py:2076} INFO - Dependencies all met for dep_context=non-requeueable deps ti=<TaskInstance: youtube_english_video_pipeline.upload_short_video_1 scheduled__2026-09-05T12:00:00+00:00 [queued]>
[2026-09-06T12:54:33.930+0000] {taskinstance.py:2076} INFO - Dependencies all met for dep_context=requeueable deps ti=<TaskInstance: youtube_english_video_pipeline.upload_short_video_1 scheduled__2026-09-05T12:00:00+00:00 [queued]>
[2026-09-06T12:54:33.932+0000] {taskinstance.py:2306} INFO - Starting attempt 1 of 3
[2026-09-06T12:54:33.946+0000] {taskinstance.py:2330} INFO - Executing <Task(PythonOperator): upload_short_video_1> on 2026-09-05 12:00:00+00:00
[2026-09-06T12:54:33.951+0000] {standard_task_runner.py:64} INFO - Started process 33097 to run task
[2026-09-06T12:54:33.954+0000] {standard_task_runner.py:90} INFO - Running: ['airflow', 'tasks', 'run', 'youtube_english_video_pipeline', 'upload_short_video_1', 'scheduled__2026-09-05T12:00:00+00:00', '--job-id', '1002', '--raw', '--subdir', 'DAGS_FOLDER/youtube_pipeline.py', '--cfg-path', '/tmp/tmp2yjvuu1j']
[2026-09-06T12:54:33.957+0000] {standard_task_runner.py:91} INFO - Job 1002: Subtask upload_short_video_1
[2026-09-06T12:54:34.080+0000] {task_command.py:426} INFO - Running <TaskInstance: youtube_english_video_pipeline.upload_short_video_1 scheduled__2026-09-05T12:00:00+00:00 [running]> on host cc859d74cf38
[2026-09-06T12:54:34.387+0000] {taskinstance.py:2648} INFO - Exporting env vars: AIRFLOW_CTX_DAG_OWNER='taky' AIRFLOW_CTX_DAG_ID='youtube_english_video_pipeline' AIRFLOW_CTX_TASK_ID='upload_short_video_1' AIRFLOW_CTX_EXECUTION_DATE='2026-09-05T12:00:00+00:00' AIRFLOW_CTX_TRY_NUMBER='1' AIRFLOW_CTX_DAG_RUN_ID='scheduled__2026-09-05T12:00:00+00:00'
[2026-09-06T12:54:34.389+0000] {taskinstance.py:430} INFO - ::endgroup::
[2026-09-06T12:54:35.146+0000] {__init__.py:49} INFO - file_cache is only supported with oauth2client<4.0.0
[2026-09-06T12:54:35.160+0000] {logging_mixin.py:188} INFO - 2026-09-06 12:54:35,159 | INFO     | uploader.youtube_uploader | Uploading video '"Can I get this to go?" | Essential Restaurant English #Shorts' (/opt/airflow/output/videos/short_2601.mp4) to YouTube...
[2026-09-06T12:54:38.091+0000] {logging_mixin.py:188} INFO - 2026-09-06 12:54:38,091 | INFO     | uploader.youtube_uploader | Upload complete. YouTube video id = EL4erSYc_qk
[2026-09-06T12:54:38.101+0000] {python.py:237} INFO - Done. Returned value was: EL4erSYc_qk
[2026-09-06T12:54:38.102+0000] {taskinstance.py:441} INFO - ::group::Post task execution logs
[2026-09-06T12:54:38.125+0000] {taskinstance.py:1206} INFO - Marking task as SUCCESS. dag_id=youtube_english_video_pipeline, task_id=upload_short_video_1, run_id=scheduled__2026-09-05T12:00:00+00:00, execution_date=20260905T120000, start_date=20260906T125433, end_date=20260906T125438
[2026-09-06T12:54:38.150+0000] {local_task_job_runner.py:243} INFO - Task exited with return code 0
[2026-09-06T12:54:38.338+0000] {taskinstance.py:3503} INFO - 1 downstream tasks scheduled from follow-on schedule check
[2026-09-06T12:54:38.345+0000] {local_task_job_runner.py:222} INFO - ::endgroup::
