[2026-09-22T00:18:23.860+0000] {local_task_job_runner.py:120} INFO - ::group::Pre task execution logs
[2026-09-22T00:18:23.911+0000] {taskinstance.py:2076} INFO - Dependencies all met for dep_context=non-requeueable deps ti=<TaskInstance: youtube_english_video_pipeline.build_long_video_3 scheduled__2026-09-20T12:00:00+00:00 [queued]>
[2026-09-22T00:18:23.926+0000] {taskinstance.py:2076} INFO - Dependencies all met for dep_context=requeueable deps ti=<TaskInstance: youtube_english_video_pipeline.build_long_video_3 scheduled__2026-09-20T12:00:00+00:00 [queued]>
[2026-09-22T00:18:23.927+0000] {taskinstance.py:2306} INFO - Starting attempt 1 of 3
[2026-09-22T00:18:23.945+0000] {taskinstance.py:2330} INFO - Executing <Task(PythonOperator): build_long_video_3> on 2026-09-20 12:00:00+00:00
[2026-09-22T00:18:23.951+0000] {standard_task_runner.py:64} INFO - Started process 7965 to run task
[2026-09-22T00:18:23.955+0000] {standard_task_runner.py:90} INFO - Running: ['airflow', 'tasks', 'run', 'youtube_english_video_pipeline', 'build_long_video_3', 'scheduled__2026-09-20T12:00:00+00:00', '--job-id', '1467', '--raw', '--subdir', 'DAGS_FOLDER/youtube_pipeline.py', '--cfg-path', '/tmp/tmp0nrig6se']
[2026-09-22T00:18:23.962+0000] {standard_task_runner.py:91} INFO - Job 1467: Subtask build_long_video_3
[2026-09-22T00:18:24.031+0000] {task_command.py:426} INFO - Running <TaskInstance: youtube_english_video_pipeline.build_long_video_3 scheduled__2026-09-20T12:00:00+00:00 [running]> on host 73b18333cdfe
[2026-09-22T00:18:24.323+0000] {taskinstance.py:2648} INFO - Exporting env vars: AIRFLOW_CTX_DAG_OWNER='taky' AIRFLOW_CTX_DAG_ID='youtube_english_video_pipeline' AIRFLOW_CTX_TASK_ID='build_long_video_3' AIRFLOW_CTX_EXECUTION_DATE='2026-09-20T12:00:00+00:00' AIRFLOW_CTX_TRY_NUMBER='1' AIRFLOW_CTX_DAG_RUN_ID='scheduled__2026-09-20T12:00:00+00:00'
[2026-09-22T00:18:24.324+0000] {taskinstance.py:430} INFO - ::endgroup::
[2026-09-22T00:18:25.660+0000] {logging_mixin.py:188} INFO - 2026-09-22 00:18:25,660 | INFO     | planner.video_planner | Planned LONG video: topic='Business English', phrases=18
[2026-09-22T00:18:25.949+0000] {logging_mixin.py:188} INFO - 2026-09-22 00:18:25,949 | INFO     | tts.edge_tts | Synthesized audio -> /opt/airflow/output/audio/phrase_3643.mp3
[2026-09-22T00:18:26.254+0000] {logging_mixin.py:188} INFO - 2026-09-22 00:18:26,254 | INFO     | tts.edge_tts | Synthesized audio -> /opt/airflow/output/audio/example_3643.mp3
[2026-09-22T00:18:26.765+0000] {logging_mixin.py:188} INFO - 2026-09-22 00:18:26,765 | INFO     | media.image_downloader | Downloaded background image for scene='office' -> /opt/airflow/output/images/long_3643.jpg
[2026-09-22T00:18:31.339+0000] {logging_mixin.py:188} INFO - 2026-09-22 00:18:31,339 | INFO     | tts.edge_tts | Synthesized audio -> /opt/airflow/output/audio/phrase_3645.mp3
[2026-09-22T00:18:31.684+0000] {logging_mixin.py:188} INFO - 2026-09-22 00:18:31,684 | INFO     | tts.edge_tts | Synthesized audio -> /opt/airflow/output/audio/example_3645.mp3
[2026-09-22T00:18:32.178+0000] {logging_mixin.py:188} INFO - 2026-09-22 00:18:32,177 | INFO     | media.image_downloader | Downloaded background image for scene='office' -> /opt/airflow/output/images/long_3645.jpg
[2026-09-22T00:18:36.368+0000] {logging_mixin.py:188} INFO - 2026-09-22 00:18:36,368 | INFO     | tts.edge_tts | Synthesized audio -> /opt/airflow/output/audio/phrase_3667.mp3
[2026-09-22T00:18:36.614+0000] {logging_mixin.py:188} INFO - 2026-09-22 00:18:36,614 | INFO     | tts.edge_tts | Synthesized audio -> /opt/airflow/output/audio/example_3667.mp3
[2026-09-22T00:18:37.075+0000] {logging_mixin.py:188} INFO - 2026-09-22 00:18:37,075 | INFO     | media.image_downloader | Downloaded background image for scene='office' -> /opt/airflow/output/images/long_3667.jpg
[2026-09-22T00:18:41.273+0000] {logging_mixin.py:188} INFO - 2026-09-22 00:18:41,273 | INFO     | tts.edge_tts | Synthesized audio -> /opt/airflow/output/audio/phrase_3670.mp3
[2026-09-22T00:18:41.553+0000] {logging_mixin.py:188} INFO - 2026-09-22 00:18:41,553 | INFO     | tts.edge_tts | Synthesized audio -> /opt/airflow/output/audio/example_3670.mp3
[2026-09-22T00:18:42.097+0000] {logging_mixin.py:188} INFO - 2026-09-22 00:18:42,097 | INFO     | media.image_downloader | Downloaded background image for scene='office' -> /opt/airflow/output/images/long_3670.jpg
[2026-09-22T00:18:46.441+0000] {logging_mixin.py:188} INFO - 2026-09-22 00:18:46,441 | INFO     | tts.edge_tts | Synthesized audio -> /opt/airflow/output/audio/phrase_3674.mp3
[2026-09-22T00:18:46.724+0000] {logging_mixin.py:188} INFO - 2026-09-22 00:18:46,724 | INFO     | tts.edge_tts | Synthesized audio -> /opt/airflow/output/audio/example_3674.mp3
[2026-09-22T00:18:47.412+0000] {logging_mixin.py:188} INFO - 2026-09-22 00:18:47,412 | INFO     | media.image_downloader | Downloaded background image for scene='phone' -> /opt/airflow/output/images/long_3674.jpg
[2026-09-22T00:18:51.436+0000] {logging_mixin.py:188} INFO - 2026-09-22 00:18:51,436 | INFO     | tts.edge_tts | Synthesized audio -> /opt/airflow/output/audio/phrase_3677.mp3
[2026-09-22T00:18:51.739+0000] {logging_mixin.py:188} INFO - 2026-09-22 00:18:51,739 | INFO     | tts.edge_tts | Synthesized audio -> /opt/airflow/output/audio/example_3677.mp3
[2026-09-22T00:18:52.445+0000] {logging_mixin.py:188} INFO - 2026-09-22 00:18:52,445 | INFO     | media.image_downloader | Downloaded background image for scene='car' -> /opt/airflow/output/images/long_3677.jpg
[2026-09-22T00:18:57.528+0000] {logging_mixin.py:188} INFO - 2026-09-22 00:18:57,528 | INFO     | tts.edge_tts | Synthesized audio -> /opt/airflow/output/audio/phrase_3691.mp3
[2026-09-22T00:18:57.794+0000] {logging_mixin.py:188} INFO - 2026-09-22 00:18:57,794 | INFO     | tts.edge_tts | Synthesized audio -> /opt/airflow/output/audio/example_3691.mp3
[2026-09-22T00:18:58.286+0000] {logging_mixin.py:188} INFO - 2026-09-22 00:18:58,286 | INFO     | media.image_downloader | Downloaded background image for scene='office' -> /opt/airflow/output/images/long_3691.jpg
[2026-09-22T00:19:02.722+0000] {logging_mixin.py:188} INFO - 2026-09-22 00:19:02,722 | INFO     | tts.edge_tts | Synthesized audio -> /opt/airflow/output/audio/phrase_3696.mp3
[2026-09-22T00:19:03.154+0000] {logging_mixin.py:188} INFO - 2026-09-22 00:19:03,154 | INFO     | tts.edge_tts | Synthesized audio -> /opt/airflow/output/audio/example_3696.mp3
[2026-09-22T00:19:03.884+0000] {logging_mixin.py:188} INFO - 2026-09-22 00:19:03,884 | INFO     | media.image_downloader | Downloaded background image for scene='meeting' -> /opt/airflow/output/images/long_3696.jpg
[2026-09-22T00:19:08.015+0000] {logging_mixin.py:188} INFO - 2026-09-22 00:19:08,015 | INFO     | tts.edge_tts | Synthesized audio -> /opt/airflow/output/audio/phrase_3698.mp3
[2026-09-22T00:19:08.390+0000] {logging_mixin.py:188} INFO - 2026-09-22 00:19:08,390 | INFO     | tts.edge_tts | Synthesized audio -> /opt/airflow/output/audio/example_3698.mp3
[2026-09-22T00:19:09.048+0000] {logging_mixin.py:188} INFO - 2026-09-22 00:19:09,048 | INFO     | media.image_downloader | Downloaded background image for scene='meeting' -> /opt/airflow/output/images/long_3698.jpg
[2026-09-22T00:19:13.425+0000] {logging_mixin.py:188} INFO - 2026-09-22 00:19:13,424 | INFO     | tts.edge_tts | Synthesized audio -> /opt/airflow/output/audio/phrase_3702.mp3
[2026-09-22T00:19:23.604+0000] {taskinstance.py:441} INFO - ::group::Post task execution logs
[2026-09-22T00:19:23.606+0000] {taskinstance.py:2905} ERROR - Task failed with exception
Traceback (most recent call last):
  File "/home/airflow/.local/lib/python3.11/site-packages/aiohttp/connector.py", line 1025, in _wrap_create_connection
    return await self._loop.create_connection(*args, **kwargs)
           ^^^^^^^^^^^^^^^^^^^^^^^^^^^^^^^^^^^^^^^^^^^^^^^^^^^
  File "/usr/local/lib/python3.11/asyncio/base_events.py", line 1070, in create_connection
    sock = await self._connect_sock(
           ^^^^^^^^^^^^^^^^^^^^^^^^^
  File "/usr/local/lib/python3.11/asyncio/base_events.py", line 974, in _connect_sock
    await self.sock_connect(sock, address)
  File "/usr/local/lib/python3.11/asyncio/selector_events.py", line 638, in sock_connect
    return await fut
           ^^^^^^^^^
asyncio.exceptions.CancelledError

The above exception was the direct cause of the following exception:

Traceback (most recent call last):
  File "/home/airflow/.local/lib/python3.11/site-packages/aiohttp/client.py", line 581, in _request
    conn = await self._connector.connect(
           ^^^^^^^^^^^^^^^^^^^^^^^^^^^^^^
  File "/home/airflow/.local/lib/python3.11/site-packages/aiohttp/connector.py", line 544, in connect
    proto = await self._create_connection(req, traces, timeout)
            ^^^^^^^^^^^^^^^^^^^^^^^^^^^^^^^^^^^^^^^^^^^^^^^^^^^
  File "/home/airflow/.local/lib/python3.11/site-packages/aiohttp/connector.py", line 944, in _create_connection
    _, proto = await self._create_direct_connection(req, traces, timeout)
               ^^^^^^^^^^^^^^^^^^^^^^^^^^^^^^^^^^^^^^^^^^^^^^^^^^^^^^^^^^
  File "/home/airflow/.local/lib/python3.11/site-packages/aiohttp/connector.py", line 1226, in _create_direct_connection
    transp, proto = await self._wrap_create_connection(
                    ^^^^^^^^^^^^^^^^^^^^^^^^^^^^^^^^^^^
  File "/home/airflow/.local/lib/python3.11/site-packages/aiohttp/connector.py", line 1022, in _wrap_create_connection
    async with ceil_timeout(
  File "/usr/local/lib/python3.11/asyncio/timeouts.py", line 115, in __aexit__
    raise TimeoutError from exc_val
TimeoutError

The above exception was the direct cause of the following exception:

Traceback (most recent call last):
  File "/home/airflow/.local/lib/python3.11/site-packages/airflow/models/taskinstance.py", line 465, in _execute_task
    result = _execute_callable(context=context, **execute_callable_kwargs)
             ^^^^^^^^^^^^^^^^^^^^^^^^^^^^^^^^^^^^^^^^^^^^^^^^^^^^^^^^^^^^^
  File "/home/airflow/.local/lib/python3.11/site-packages/airflow/models/taskinstance.py", line 432, in _execute_callable
    return execute_callable(context=context, **execute_callable_kwargs)
           ^^^^^^^^^^^^^^^^^^^^^^^^^^^^^^^^^^^^^^^^^^^^^^^^^^^^^^^^^^^^
  File "/home/airflow/.local/lib/python3.11/site-packages/airflow/models/baseoperator.py", line 401, in wrapper
    return func(self, *args, **kwargs)
           ^^^^^^^^^^^^^^^^^^^^^^^^^^^
  File "/home/airflow/.local/lib/python3.11/site-packages/airflow/operators/python.py", line 235, in execute
    return_value = self.execute_callable()
                   ^^^^^^^^^^^^^^^^^^^^^^^
  File "/home/airflow/.local/lib/python3.11/site-packages/airflow/operators/python.py", line 252, in execute_callable
    return self.python_callable(*self.op_args, **self.op_kwargs)
           ^^^^^^^^^^^^^^^^^^^^^^^^^^^^^^^^^^^^^^^^^^^^^^^^^^^^^
  File "/opt/airflow/dags/youtube_pipeline.py", line 109, in task_build_long_video
    result = build_long_video()
             ^^^^^^^^^^^^^^^^^^
  File "/opt/airflow/src/video/long_video.py", line 134, in build_long_video
    result = LongVideoPipeline().run()
             ^^^^^^^^^^^^^^^^^^^^^^^^^
  File "/opt/airflow/src/video/long_video.py", line 56, in run
    audio = self.tts.generate_for_phrase(phrase.id, phrase.phrase, phrase.example)
            ^^^^^^^^^^^^^^^^^^^^^^^^^^^^^^^^^^^^^^^^^^^^^^^^^^^^^^^^^^^^^^^^^^^^^^
  File "/opt/airflow/src/tts/edge_tts.py", line 51, in generate_for_phrase
    "example_audio": self.generate_example_audio(phrase_id, example),
                     ^^^^^^^^^^^^^^^^^^^^^^^^^^^^^^^^^^^^^^^^^^^^^^^
  File "/opt/airflow/src/tts/edge_tts.py", line 46, in generate_example_audio
    return synthesize_sync(text, self.example_voice, out_path)
           ^^^^^^^^^^^^^^^^^^^^^^^^^^^^^^^^^^^^^^^^^^^^^^^^^^^
  File "/opt/airflow/src/tts/edge_tts.py", line 28, in synthesize_sync
    asyncio.run(_synthesize(text, voice, out_path))
  File "/usr/local/lib/python3.11/asyncio/runners.py", line 190, in run
    return runner.run(main)
           ^^^^^^^^^^^^^^^^
  File "/usr/local/lib/python3.11/asyncio/runners.py", line 118, in run
    return self._loop.run_until_complete(task)
           ^^^^^^^^^^^^^^^^^^^^^^^^^^^^^^^^^^^
  File "/usr/local/lib/python3.11/asyncio/base_events.py", line 654, in run_until_complete
    return future.result()
           ^^^^^^^^^^^^^^^
  File "/opt/airflow/src/tts/edge_tts.py", line 23, in _synthesize
    await communicate.save(str(out_path))
  File "/home/airflow/.local/lib/python3.11/site-packages/edge_tts/communicate.py", line 613, in save
    async for message in self.stream():
  File "/home/airflow/.local/lib/python3.11/site-packages/edge_tts/communicate.py", line 588, in stream
    async for message in self.__stream():
  File "/home/airflow/.local/lib/python3.11/site-packages/edge_tts/communicate.py", line 461, in __stream
    async with aiohttp.ClientSession(
  File "/home/airflow/.local/lib/python3.11/site-packages/aiohttp/client.py", line 1197, in __aenter__
    self._resp = await self._coro
                 ^^^^^^^^^^^^^^^^
  File "/home/airflow/.local/lib/python3.11/site-packages/aiohttp/client.py", line 835, in _ws_connect
    resp = await self.request(
           ^^^^^^^^^^^^^^^^^^^
  File "/home/airflow/.local/lib/python3.11/site-packages/aiohttp/client.py", line 585, in _request
    raise ServerTimeoutError(
aiohttp.client_exceptions.ServerTimeoutError: Connection timeout to host wss://speech.platform.bing.com/consumer/speech/synthesize/readaloud/edge/v1?TrustedClientToken=6A5AA1D4EAFF4E9FB37E23D68491D6F4&ConnectionId=492e3e73848646d9990032a43396e169&Sec-MS-GEC=0511E564DABCF9D237F31BA0D465EB263815168F283402A7760D92BEFA7CF1C9&Sec-MS-GEC-Version=1-143.0.3650.75
[2026-09-22T00:19:23.851+0000] {taskinstance.py:1206} INFO - Marking task as UP_FOR_RETRY. dag_id=youtube_english_video_pipeline, task_id=build_long_video_3, run_id=scheduled__2026-09-20T12:00:00+00:00, execution_date=20260920T120000, start_date=20260922T001823, end_date=20260922T001923
[2026-09-22T00:19:23.882+0000] {standard_task_runner.py:110} ERROR - Failed to execute job 1467 for task build_long_video_3 (Connection timeout to host wss://speech.platform.bing.com/consumer/speech/synthesize/readaloud/edge/v1?TrustedClientToken=6A5AA1D4EAFF4E9FB37E23D68491D6F4&ConnectionId=492e3e73848646d9990032a43396e169&Sec-MS-GEC=0511E564DABCF9D237F31BA0D465EB263815168F283402A7760D92BEFA7CF1C9&Sec-MS-GEC-Version=1-143.0.3650.75; 7965)
[2026-09-22T00:19:23.923+0000] {local_task_job_runner.py:243} INFO - Task exited with return code 1
[2026-09-22T00:19:24.130+0000] {taskinstance.py:3503} INFO - 0 downstream tasks scheduled from follow-on schedule check
[2026-09-22T00:19:24.137+0000] {local_task_job_runner.py:222} INFO - ::endgroup::
