[2026-09-22T00:24:25.228+0000] {local_task_job_runner.py:120} INFO - ::group::Pre task execution logs
[2026-09-22T00:24:25.297+0000] {taskinstance.py:2076} INFO - Dependencies all met for dep_context=non-requeueable deps ti=<TaskInstance: youtube_english_video_pipeline.build_long_video_3 scheduled__2026-09-20T12:00:00+00:00 [queued]>
[2026-09-22T00:24:25.307+0000] {taskinstance.py:2076} INFO - Dependencies all met for dep_context=requeueable deps ti=<TaskInstance: youtube_english_video_pipeline.build_long_video_3 scheduled__2026-09-20T12:00:00+00:00 [queued]>
[2026-09-22T00:24:25.309+0000] {taskinstance.py:2306} INFO - Starting attempt 2 of 3
[2026-09-22T00:24:25.323+0000] {taskinstance.py:2330} INFO - Executing <Task(PythonOperator): build_long_video_3> on 2026-09-20 12:00:00+00:00
[2026-09-22T00:24:25.328+0000] {standard_task_runner.py:64} INFO - Started process 9390 to run task
[2026-09-22T00:24:25.332+0000] {standard_task_runner.py:90} INFO - Running: ['airflow', 'tasks', 'run', 'youtube_english_video_pipeline', 'build_long_video_3', 'scheduled__2026-09-20T12:00:00+00:00', '--job-id', '1468', '--raw', '--subdir', 'DAGS_FOLDER/youtube_pipeline.py', '--cfg-path', '/tmp/tmp4ldmgawy']
[2026-09-22T00:24:25.334+0000] {standard_task_runner.py:91} INFO - Job 1468: Subtask build_long_video_3
[2026-09-22T00:24:25.397+0000] {task_command.py:426} INFO - Running <TaskInstance: youtube_english_video_pipeline.build_long_video_3 scheduled__2026-09-20T12:00:00+00:00 [running]> on host 73b18333cdfe
[2026-09-22T00:24:25.698+0000] {taskinstance.py:2648} INFO - Exporting env vars: AIRFLOW_CTX_DAG_OWNER='taky' AIRFLOW_CTX_DAG_ID='youtube_english_video_pipeline' AIRFLOW_CTX_TASK_ID='build_long_video_3' AIRFLOW_CTX_EXECUTION_DATE='2026-09-20T12:00:00+00:00' AIRFLOW_CTX_TRY_NUMBER='2' AIRFLOW_CTX_DAG_RUN_ID='scheduled__2026-09-20T12:00:00+00:00'
[2026-09-22T00:24:25.699+0000] {taskinstance.py:430} INFO - ::endgroup::
[2026-09-22T00:24:26.863+0000] {logging_mixin.py:188} INFO - 2026-09-22 00:24:26,863 | INFO     | planner.video_planner | Planned LONG video: topic='Business English', phrases=18
[2026-09-22T00:24:27.172+0000] {logging_mixin.py:188} INFO - 2026-09-22 00:24:27,172 | INFO     | tts.edge_tts | Synthesized audio -> /opt/airflow/output/audio/phrase_3643.mp3
[2026-09-22T00:24:27.431+0000] {logging_mixin.py:188} INFO - 2026-09-22 00:24:27,431 | INFO     | tts.edge_tts | Synthesized audio -> /opt/airflow/output/audio/example_3643.mp3
[2026-09-22T00:24:27.929+0000] {logging_mixin.py:188} INFO - 2026-09-22 00:24:27,929 | INFO     | media.image_downloader | Downloaded background image for scene='office' -> /opt/airflow/output/images/long_3643.jpg
[2026-09-22T00:24:32.429+0000] {logging_mixin.py:188} INFO - 2026-09-22 00:24:32,429 | INFO     | tts.edge_tts | Synthesized audio -> /opt/airflow/output/audio/phrase_3645.mp3
[2026-09-22T00:24:32.786+0000] {logging_mixin.py:188} INFO - 2026-09-22 00:24:32,786 | INFO     | tts.edge_tts | Synthesized audio -> /opt/airflow/output/audio/example_3645.mp3
[2026-09-22T00:24:33.310+0000] {logging_mixin.py:188} INFO - 2026-09-22 00:24:33,310 | INFO     | media.image_downloader | Downloaded background image for scene='office' -> /opt/airflow/output/images/long_3645.jpg
[2026-09-22T00:24:37.528+0000] {logging_mixin.py:188} INFO - 2026-09-22 00:24:37,528 | INFO     | tts.edge_tts | Synthesized audio -> /opt/airflow/output/audio/phrase_3667.mp3
[2026-09-22T00:24:37.785+0000] {logging_mixin.py:188} INFO - 2026-09-22 00:24:37,785 | INFO     | tts.edge_tts | Synthesized audio -> /opt/airflow/output/audio/example_3667.mp3
[2026-09-22T00:24:38.316+0000] {logging_mixin.py:188} INFO - 2026-09-22 00:24:38,316 | INFO     | media.image_downloader | Downloaded background image for scene='office' -> /opt/airflow/output/images/long_3667.jpg
[2026-09-22T00:24:43.076+0000] {logging_mixin.py:188} INFO - 2026-09-22 00:24:43,076 | INFO     | tts.edge_tts | Synthesized audio -> /opt/airflow/output/audio/phrase_3670.mp3
[2026-09-22T00:24:43.357+0000] {logging_mixin.py:188} INFO - 2026-09-22 00:24:43,357 | INFO     | tts.edge_tts | Synthesized audio -> /opt/airflow/output/audio/example_3670.mp3
[2026-09-22T00:24:43.843+0000] {logging_mixin.py:188} INFO - 2026-09-22 00:24:43,843 | INFO     | media.image_downloader | Downloaded background image for scene='office' -> /opt/airflow/output/images/long_3670.jpg
[2026-09-22T00:24:48.424+0000] {logging_mixin.py:188} INFO - 2026-09-22 00:24:48,424 | INFO     | tts.edge_tts | Synthesized audio -> /opt/airflow/output/audio/phrase_3674.mp3
[2026-09-22T00:24:48.750+0000] {logging_mixin.py:188} INFO - 2026-09-22 00:24:48,750 | INFO     | tts.edge_tts | Synthesized audio -> /opt/airflow/output/audio/example_3674.mp3
[2026-09-22T00:24:49.368+0000] {logging_mixin.py:188} INFO - 2026-09-22 00:24:49,368 | INFO     | media.image_downloader | Downloaded background image for scene='phone' -> /opt/airflow/output/images/long_3674.jpg
[2026-09-22T00:24:53.473+0000] {logging_mixin.py:188} INFO - 2026-09-22 00:24:53,473 | INFO     | tts.edge_tts | Synthesized audio -> /opt/airflow/output/audio/phrase_3677.mp3
[2026-09-22T00:24:53.730+0000] {logging_mixin.py:188} INFO - 2026-09-22 00:24:53,730 | INFO     | tts.edge_tts | Synthesized audio -> /opt/airflow/output/audio/example_3677.mp3
[2026-09-22T00:24:54.319+0000] {logging_mixin.py:188} INFO - 2026-09-22 00:24:54,319 | INFO     | media.image_downloader | Downloaded background image for scene='car' -> /opt/airflow/output/images/long_3677.jpg
[2026-09-22T00:24:59.701+0000] {logging_mixin.py:188} INFO - 2026-09-22 00:24:59,700 | INFO     | tts.edge_tts | Synthesized audio -> /opt/airflow/output/audio/phrase_3691.mp3
[2026-09-22T00:24:59.964+0000] {logging_mixin.py:188} INFO - 2026-09-22 00:24:59,964 | INFO     | tts.edge_tts | Synthesized audio -> /opt/airflow/output/audio/example_3691.mp3
[2026-09-22T00:25:00.409+0000] {logging_mixin.py:188} INFO - 2026-09-22 00:25:00,408 | INFO     | media.image_downloader | Downloaded background image for scene='office' -> /opt/airflow/output/images/long_3691.jpg
[2026-09-22T00:25:04.877+0000] {logging_mixin.py:188} INFO - 2026-09-22 00:25:04,877 | INFO     | tts.edge_tts | Synthesized audio -> /opt/airflow/output/audio/phrase_3696.mp3
[2026-09-22T00:25:05.120+0000] {logging_mixin.py:188} INFO - 2026-09-22 00:25:05,120 | INFO     | tts.edge_tts | Synthesized audio -> /opt/airflow/output/audio/example_3696.mp3
[2026-09-22T00:25:05.842+0000] {logging_mixin.py:188} INFO - 2026-09-22 00:25:05,842 | INFO     | media.image_downloader | Downloaded background image for scene='meeting' -> /opt/airflow/output/images/long_3696.jpg
[2026-09-22T00:25:09.999+0000] {logging_mixin.py:188} INFO - 2026-09-22 00:25:09,999 | INFO     | tts.edge_tts | Synthesized audio -> /opt/airflow/output/audio/phrase_3698.mp3
[2026-09-22T00:25:10.279+0000] {logging_mixin.py:188} INFO - 2026-09-22 00:25:10,279 | INFO     | tts.edge_tts | Synthesized audio -> /opt/airflow/output/audio/example_3698.mp3
[2026-09-22T00:25:10.976+0000] {logging_mixin.py:188} INFO - 2026-09-22 00:25:10,976 | INFO     | media.image_downloader | Downloaded background image for scene='meeting' -> /opt/airflow/output/images/long_3698.jpg
[2026-09-22T00:25:15.802+0000] {logging_mixin.py:188} INFO - 2026-09-22 00:25:15,801 | INFO     | tts.edge_tts | Synthesized audio -> /opt/airflow/output/audio/phrase_3702.mp3
[2026-09-22T00:25:16.175+0000] {logging_mixin.py:188} INFO - 2026-09-22 00:25:16,175 | INFO     | tts.edge_tts | Synthesized audio -> /opt/airflow/output/audio/example_3702.mp3
[2026-09-22T00:25:17.128+0000] {logging_mixin.py:188} INFO - 2026-09-22 00:25:17,128 | INFO     | media.image_downloader | Downloaded background image for scene='counter' -> /opt/airflow/output/images/long_3702.jpg
[2026-09-22T00:25:21.209+0000] {logging_mixin.py:188} INFO - 2026-09-22 00:25:21,209 | INFO     | tts.edge_tts | Synthesized audio -> /opt/airflow/output/audio/phrase_3718.mp3
[2026-09-22T00:25:21.428+0000] {logging_mixin.py:188} INFO - 2026-09-22 00:25:21,428 | INFO     | tts.edge_tts | Synthesized audio -> /opt/airflow/output/audio/example_3718.mp3
[2026-09-22T00:25:22.014+0000] {logging_mixin.py:188} INFO - 2026-09-22 00:25:22,013 | INFO     | media.image_downloader | Downloaded background image for scene='office' -> /opt/airflow/output/images/long_3718.jpg
[2026-09-22T00:25:26.157+0000] {logging_mixin.py:188} INFO - 2026-09-22 00:25:26,157 | INFO     | tts.edge_tts | Synthesized audio -> /opt/airflow/output/audio/phrase_3719.mp3
[2026-09-22T00:25:26.444+0000] {logging_mixin.py:188} INFO - 2026-09-22 00:25:26,443 | INFO     | tts.edge_tts | Synthesized audio -> /opt/airflow/output/audio/example_3719.mp3
[2026-09-22T00:25:26.945+0000] {logging_mixin.py:188} INFO - 2026-09-22 00:25:26,944 | INFO     | media.image_downloader | Downloaded background image for scene='office' -> /opt/airflow/output/images/long_3719.jpg
[2026-09-22T00:25:31.365+0000] {logging_mixin.py:188} INFO - 2026-09-22 00:25:31,364 | INFO     | tts.edge_tts | Synthesized audio -> /opt/airflow/output/audio/phrase_3720.mp3
[2026-09-22T00:25:31.751+0000] {logging_mixin.py:188} INFO - 2026-09-22 00:25:31,751 | INFO     | tts.edge_tts | Synthesized audio -> /opt/airflow/output/audio/example_3720.mp3
[2026-09-22T00:25:32.493+0000] {logging_mixin.py:188} INFO - 2026-09-22 00:25:32,493 | INFO     | media.image_downloader | Downloaded background image for scene='meeting' -> /opt/airflow/output/images/long_3720.jpg
[2026-09-22T00:25:36.671+0000] {logging_mixin.py:188} INFO - 2026-09-22 00:25:36,670 | INFO     | tts.edge_tts | Synthesized audio -> /opt/airflow/output/audio/phrase_3734.mp3
[2026-09-22T00:25:37.082+0000] {logging_mixin.py:188} INFO - 2026-09-22 00:25:37,082 | INFO     | tts.edge_tts | Synthesized audio -> /opt/airflow/output/audio/example_3734.mp3
[2026-09-22T00:25:37.811+0000] {logging_mixin.py:188} INFO - 2026-09-22 00:25:37,811 | INFO     | media.image_downloader | Downloaded background image for scene='office' -> /opt/airflow/output/images/long_3734.jpg
[2026-09-22T00:25:42.399+0000] {logging_mixin.py:188} INFO - 2026-09-22 00:25:42,399 | INFO     | tts.edge_tts | Synthesized audio -> /opt/airflow/output/audio/phrase_3743.mp3
[2026-09-22T00:25:42.815+0000] {logging_mixin.py:188} INFO - 2026-09-22 00:25:42,814 | INFO     | tts.edge_tts | Synthesized audio -> /opt/airflow/output/audio/example_3743.mp3
[2026-09-22T00:25:43.308+0000] {logging_mixin.py:188} INFO - 2026-09-22 00:25:43,308 | INFO     | media.image_downloader | Downloaded background image for scene='office' -> /opt/airflow/output/images/long_3743.jpg
[2026-09-22T00:25:47.731+0000] {logging_mixin.py:188} INFO - 2026-09-22 00:25:47,731 | INFO     | tts.edge_tts | Synthesized audio -> /opt/airflow/output/audio/phrase_3749.mp3
[2026-09-22T00:25:48.108+0000] {logging_mixin.py:188} INFO - 2026-09-22 00:25:48,108 | INFO     | tts.edge_tts | Synthesized audio -> /opt/airflow/output/audio/example_3749.mp3
[2026-09-22T00:25:48.811+0000] {logging_mixin.py:188} INFO - 2026-09-22 00:25:48,811 | INFO     | media.image_downloader | Downloaded background image for scene='meeting' -> /opt/airflow/output/images/long_3749.jpg
[2026-09-22T00:25:52.588+0000] {logging_mixin.py:188} INFO - 2026-09-22 00:25:52,587 | INFO     | tts.edge_tts | Synthesized audio -> /opt/airflow/output/audio/phrase_3750.mp3
[2026-09-22T00:25:52.961+0000] {logging_mixin.py:188} INFO - 2026-09-22 00:25:52,960 | INFO     | tts.edge_tts | Synthesized audio -> /opt/airflow/output/audio/example_3750.mp3
[2026-09-22T00:25:53.557+0000] {logging_mixin.py:188} INFO - 2026-09-22 00:25:53,557 | INFO     | media.image_downloader | Downloaded background image for scene='office' -> /opt/airflow/output/images/long_3750.jpg
[2026-09-22T00:25:57.699+0000] {logging_mixin.py:188} INFO - 2026-09-22 00:25:57,699 | INFO     | tts.edge_tts | Synthesized audio -> /opt/airflow/output/audio/phrase_3754.mp3
[2026-09-22T00:25:58.081+0000] {logging_mixin.py:188} INFO - 2026-09-22 00:25:58,081 | INFO     | tts.edge_tts | Synthesized audio -> /opt/airflow/output/audio/example_3754.mp3
[2026-09-22T00:25:58.661+0000] {logging_mixin.py:188} INFO - 2026-09-22 00:25:58,661 | INFO     | media.image_downloader | Downloaded background image for scene='office' -> /opt/airflow/output/images/long_3754.jpg
[2026-09-22T00:26:04.945+0000] {logging_mixin.py:188} INFO - 2026-09-22 00:26:04,945 | WARNING  | video.video_builder | BGM file not found at /opt/airflow/assets/bgm/long_bgm.mp3, rendering without background music
[2026-09-22T00:26:33.233+0000] {logging_mixin.py:188} INFO - 2026-09-22 00:26:33,233 | INFO     | video.video_builder | Final video rendered -> /opt/airflow/output/videos/long_3643.mp4
[2026-09-22T00:26:36.182+0000] {logging_mixin.py:188} INFO - 2026-09-22 00:26:36,182 | WARNING  | generators.metadata_generator | ng_ok_pair 'ok' did not match any taught phrase, discarding: "I'm not sure what you mean"
[2026-09-22T00:26:36.433+0000] {logging_mixin.py:188} INFO - 2026-09-22 00:26:36,432 | INFO     | media.thumbnail_builder | Built thumbnail -> /opt/airflow/output/thumbnails/long_3643.jpg
[2026-09-22T00:26:36.654+0000] {python.py:237} INFO - Done. Returned value was: {'video_id': 449, 'file_path': '/opt/airflow/output/videos/long_3643.mp4', 'thumbnail_path': '/opt/airflow/output/thumbnails/long_3643.jpg', 'title': 'Business English: 18 Natural Phrases You’ll Actually Use at Work', 'description': 'Business English mastery starts with sounding natural, not robotic. In this video, we cover 18 essential phrases that Japanese speakers need to navigate office communication, meetings, and professional calls with confidence. Stop relying on textbook translations and start using the exact expressions native speakers use to handle delays, clarify information, and touch base with colleagues. Whether you are nervous about your next Zoom call or want to sound more professional in your emails, these practical phrases will help you communicate clearly and effectively. Perfect for busy professionals looking to upgrade their spoken English skills.', 'tags': ['Business English', 'English for Japanese speakers', 'Spoken English', 'Office English', 'English phrases', "Taky's Language School", 'Professional English', 'Business communication'], 'video_type': 'long'}
[2026-09-22T00:26:36.656+0000] {taskinstance.py:441} INFO - ::group::Post task execution logs
[2026-09-22T00:26:36.693+0000] {taskinstance.py:1206} INFO - Marking task as SUCCESS. dag_id=youtube_english_video_pipeline, task_id=build_long_video_3, run_id=scheduled__2026-09-20T12:00:00+00:00, execution_date=20260920T120000, start_date=20260922T002425, end_date=20260922T002636
[2026-09-22T00:26:36.769+0000] {local_task_job_runner.py:243} INFO - Task exited with return code 0
[2026-09-22T00:26:37.045+0000] {taskinstance.py:3503} INFO - 1 downstream tasks scheduled from follow-on schedule check
[2026-09-22T00:26:37.050+0000] {local_task_job_runner.py:222} INFO - ::endgroup::
