[2026-07-28T12:59:07.082+0000] {local_task_job_runner.py:120} INFO - ::group::Pre task execution logs
[2026-07-28T12:59:07.119+0000] {taskinstance.py:2076} INFO - Dependencies all met for dep_context=non-requeueable deps ti=<TaskInstance: youtube_english_video_pipeline.upload_short_video_9 scheduled__2026-07-27T12:00:00+00:00 [queued]>
[2026-07-28T12:59:07.129+0000] {taskinstance.py:2076} INFO - Dependencies all met for dep_context=requeueable deps ti=<TaskInstance: youtube_english_video_pipeline.upload_short_video_9 scheduled__2026-07-27T12:00:00+00:00 [queued]>
[2026-07-28T12:59:07.132+0000] {taskinstance.py:2306} INFO - Starting attempt 1 of 3
[2026-07-28T12:59:07.148+0000] {taskinstance.py:2330} INFO - Executing <Task(PythonOperator): upload_short_video_9> on 2026-07-27 12:00:00+00:00
[2026-07-28T12:59:07.152+0000] {standard_task_runner.py:64} INFO - Started process 33303 to run task
[2026-07-28T12:59:07.157+0000] {standard_task_runner.py:90} INFO - Running: ['airflow', 'tasks', 'run', 'youtube_english_video_pipeline', 'upload_short_video_9', 'scheduled__2026-07-27T12:00:00+00:00', '--job-id', '529', '--raw', '--subdir', 'DAGS_FOLDER/youtube_pipeline.py', '--cfg-path', '/tmp/tmp1efumezw']
[2026-07-28T12:59:07.162+0000] {standard_task_runner.py:91} INFO - Job 529: Subtask upload_short_video_9
[2026-07-28T12:59:07.262+0000] {task_command.py:426} INFO - Running <TaskInstance: youtube_english_video_pipeline.upload_short_video_9 scheduled__2026-07-27T12:00:00+00:00 [running]> on host cc859d74cf38
[2026-07-28T12:59:07.534+0000] {taskinstance.py:2648} INFO - Exporting env vars: AIRFLOW_CTX_DAG_OWNER='taky' AIRFLOW_CTX_DAG_ID='youtube_english_video_pipeline' AIRFLOW_CTX_TASK_ID='upload_short_video_9' AIRFLOW_CTX_EXECUTION_DATE='2026-07-27T12:00:00+00:00' AIRFLOW_CTX_TRY_NUMBER='1' AIRFLOW_CTX_DAG_RUN_ID='scheduled__2026-07-27T12:00:00+00:00'
[2026-07-28T12:59:07.536+0000] {taskinstance.py:430} INFO - ::endgroup::
[2026-07-28T12:59:08.021+0000] {__init__.py:49} INFO - file_cache is only supported with oauth2client<4.0.0
[2026-07-28T12:59:08.038+0000] {logging_mixin.py:188} INFO - 2026-07-28 12:59:08,038 | INFO     | uploader.youtube_uploader | Uploading video 'Daily English Phrase | Daily Conversation' (/opt/airflow/output/videos/short_1143.mp4) to YouTube...
[2026-07-28T12:59:10.987+0000] {logging_mixin.py:188} INFO - 2026-07-28 12:59:10,986 | INFO     | uploader.youtube_uploader | Upload complete. YouTube video id = w1vm94O7iFM
[2026-07-28T12:59:11.010+0000] {python.py:237} INFO - Done. Returned value was: w1vm94O7iFM
[2026-07-28T12:59:11.017+0000] {taskinstance.py:441} INFO - ::group::Post task execution logs
[2026-07-28T12:59:11.052+0000] {taskinstance.py:1206} INFO - Marking task as SUCCESS. dag_id=youtube_english_video_pipeline, task_id=upload_short_video_9, run_id=scheduled__2026-07-27T12:00:00+00:00, execution_date=20260727T120000, start_date=20260728T125907, end_date=20260728T125911
[2026-07-28T12:59:11.114+0000] {local_task_job_runner.py:243} INFO - Task exited with return code 0
[2026-07-28T12:59:11.157+0000] {taskinstance.py:3503} INFO - 1 downstream tasks scheduled from follow-on schedule check
[2026-07-28T12:59:11.163+0000] {local_task_job_runner.py:222} INFO - ::endgroup::
