[2026-08-11T02:37:03.661+0000] {local_task_job_runner.py:120} INFO - ::group::Pre task execution logs
[2026-08-11T02:37:03.720+0000] {taskinstance.py:2076} INFO - Dependencies all met for dep_context=non-requeueable deps ti=<TaskInstance: youtube_english_video_pipeline.upload_short_video_4 manual__2026-08-11T02:25:49.703167+00:00 [queued]>
[2026-08-11T02:37:03.731+0000] {taskinstance.py:2076} INFO - Dependencies all met for dep_context=requeueable deps ti=<TaskInstance: youtube_english_video_pipeline.upload_short_video_4 manual__2026-08-11T02:25:49.703167+00:00 [queued]>
[2026-08-11T02:37:03.734+0000] {taskinstance.py:2306} INFO - Starting attempt 1 of 3
[2026-08-11T02:37:03.750+0000] {taskinstance.py:2330} INFO - Executing <Task(PythonOperator): upload_short_video_4> on 2026-08-11 02:25:49.703167+00:00
[2026-08-11T02:37:03.758+0000] {standard_task_runner.py:64} INFO - Started process 92473 to run task
[2026-08-11T02:37:03.760+0000] {standard_task_runner.py:90} INFO - Running: ['airflow', 'tasks', 'run', 'youtube_english_video_pipeline', 'upload_short_video_4', 'manual__2026-08-11T02:25:49.703167+00:00', '--job-id', '651', '--raw', '--subdir', 'DAGS_FOLDER/youtube_pipeline.py', '--cfg-path', '/tmp/tmpjytjm8d4']
[2026-08-11T02:37:03.764+0000] {standard_task_runner.py:91} INFO - Job 651: Subtask upload_short_video_4
[2026-08-11T02:37:03.840+0000] {task_command.py:426} INFO - Running <TaskInstance: youtube_english_video_pipeline.upload_short_video_4 manual__2026-08-11T02:25:49.703167+00:00 [running]> on host cc859d74cf38
[2026-08-11T02:37:04.100+0000] {taskinstance.py:2648} INFO - Exporting env vars: AIRFLOW_CTX_DAG_OWNER='taky' AIRFLOW_CTX_DAG_ID='youtube_english_video_pipeline' AIRFLOW_CTX_TASK_ID='upload_short_video_4' AIRFLOW_CTX_EXECUTION_DATE='2026-08-11T02:25:49.703167+00:00' AIRFLOW_CTX_TRY_NUMBER='1' AIRFLOW_CTX_DAG_RUN_ID='manual__2026-08-11T02:25:49.703167+00:00'
[2026-08-11T02:37:04.107+0000] {taskinstance.py:430} INFO - ::endgroup::
[2026-08-11T02:37:05.168+0000] {__init__.py:49} INFO - file_cache is only supported with oauth2client<4.0.0
[2026-08-11T02:37:05.193+0000] {logging_mixin.py:188} INFO - 2026-08-11 02:37:05,193 | INFO     | uploader.youtube_uploader | Uploading video 'Ask for a seat like a native! "Mind if I sit here?" | Daily English #Shorts' (/opt/airflow/output/videos/short_1495.mp4) to YouTube...
[2026-08-11T02:37:07.904+0000] {logging_mixin.py:188} INFO - 2026-08-11 02:37:07,904 | INFO     | uploader.youtube_uploader | Upload complete. YouTube video id = OZjyYkteMvM
[2026-08-11T02:37:07.923+0000] {python.py:237} INFO - Done. Returned value was: OZjyYkteMvM
[2026-08-11T02:37:07.926+0000] {taskinstance.py:441} INFO - ::group::Post task execution logs
[2026-08-11T02:37:07.964+0000] {taskinstance.py:1206} INFO - Marking task as SUCCESS. dag_id=youtube_english_video_pipeline, task_id=upload_short_video_4, run_id=manual__2026-08-11T02:25:49.703167+00:00, execution_date=20260811T022549, start_date=20260811T023703, end_date=20260811T023707
[2026-08-11T02:37:07.999+0000] {local_task_job_runner.py:243} INFO - Task exited with return code 0
[2026-08-11T02:37:08.159+0000] {taskinstance.py:3503} INFO - 1 downstream tasks scheduled from follow-on schedule check
[2026-08-11T02:37:08.162+0000] {local_task_job_runner.py:222} INFO - ::endgroup::
