[2026-07-28T12:34:24.538+0000] {local_task_job_runner.py:120} INFO - ::group::Pre task execution logs
[2026-07-28T12:34:24.565+0000] {taskinstance.py:2076} INFO - Dependencies all met for dep_context=non-requeueable deps ti=<TaskInstance: youtube_english_video_pipeline.upload_short_video_1 scheduled__2026-07-27T12:00:00+00:00 [queued]>
[2026-07-28T12:34:24.571+0000] {taskinstance.py:2076} INFO - Dependencies all met for dep_context=requeueable deps ti=<TaskInstance: youtube_english_video_pipeline.upload_short_video_1 scheduled__2026-07-27T12:00:00+00:00 [queued]>
[2026-07-28T12:34:24.573+0000] {taskinstance.py:2306} INFO - Starting attempt 1 of 3
[2026-07-28T12:34:24.585+0000] {taskinstance.py:2330} INFO - Executing <Task(PythonOperator): upload_short_video_1> on 2026-07-27 12:00:00+00:00
[2026-07-28T12:34:24.590+0000] {standard_task_runner.py:64} INFO - Started process 7764 to run task
[2026-07-28T12:34:24.592+0000] {standard_task_runner.py:90} INFO - Running: ['airflow', 'tasks', 'run', 'youtube_english_video_pipeline', 'upload_short_video_1', 'scheduled__2026-07-27T12:00:00+00:00', '--job-id', '489', '--raw', '--subdir', 'DAGS_FOLDER/youtube_pipeline.py', '--cfg-path', '/tmp/tmpykhea5va']
[2026-07-28T12:34:24.597+0000] {standard_task_runner.py:91} INFO - Job 489: Subtask upload_short_video_1
[2026-07-28T12:34:24.671+0000] {task_command.py:426} INFO - Running <TaskInstance: youtube_english_video_pipeline.upload_short_video_1 scheduled__2026-07-27T12:00:00+00:00 [running]> on host cc859d74cf38
[2026-07-28T12:34:24.870+0000] {taskinstance.py:2648} INFO - Exporting env vars: AIRFLOW_CTX_DAG_OWNER='taky' AIRFLOW_CTX_DAG_ID='youtube_english_video_pipeline' AIRFLOW_CTX_TASK_ID='upload_short_video_1' AIRFLOW_CTX_EXECUTION_DATE='2026-07-27T12:00:00+00:00' AIRFLOW_CTX_TRY_NUMBER='1' AIRFLOW_CTX_DAG_RUN_ID='scheduled__2026-07-27T12:00:00+00:00'
[2026-07-28T12:34:24.871+0000] {taskinstance.py:430} INFO - ::endgroup::
[2026-07-28T12:34:25.463+0000] {__init__.py:49} INFO - file_cache is only supported with oauth2client<4.0.0
[2026-07-28T12:34:25.476+0000] {logging_mixin.py:188} INFO - 2026-07-28 12:34:25,476 | INFO     | uploader.youtube_uploader | Uploading video 'Restaurant English: "What do you recommend?" 🍽️ | Taky's Language School' (/opt/airflow/output/videos/short_1151.mp4) to YouTube...
[2026-07-28T12:34:27.970+0000] {logging_mixin.py:188} INFO - 2026-07-28 12:34:27,970 | INFO     | uploader.youtube_uploader | Upload complete. YouTube video id = 6aBjR8NBnII
[2026-07-28T12:34:27.980+0000] {python.py:237} INFO - Done. Returned value was: 6aBjR8NBnII
[2026-07-28T12:34:27.986+0000] {taskinstance.py:441} INFO - ::group::Post task execution logs
[2026-07-28T12:34:28.011+0000] {taskinstance.py:1206} INFO - Marking task as SUCCESS. dag_id=youtube_english_video_pipeline, task_id=upload_short_video_1, run_id=scheduled__2026-07-27T12:00:00+00:00, execution_date=20260727T120000, start_date=20260728T123424, end_date=20260728T123428
[2026-07-28T12:34:28.060+0000] {local_task_job_runner.py:243} INFO - Task exited with return code 0
[2026-07-28T12:34:28.245+0000] {taskinstance.py:3503} INFO - 1 downstream tasks scheduled from follow-on schedule check
[2026-07-28T12:34:28.249+0000] {local_task_job_runner.py:222} INFO - ::endgroup::
