[2026-09-20T12:10:32.585+0000] {local_task_job_runner.py:120} INFO - ::group::Pre task execution logs
[2026-09-20T12:10:32.614+0000] {taskinstance.py:2076} INFO - Dependencies all met for dep_context=non-requeueable deps ti=<TaskInstance: youtube_english_video_pipeline.upload_short_video_5 scheduled__2026-09-19T12:00:00+00:00 [queued]>
[2026-09-20T12:10:32.620+0000] {taskinstance.py:2076} INFO - Dependencies all met for dep_context=requeueable deps ti=<TaskInstance: youtube_english_video_pipeline.upload_short_video_5 scheduled__2026-09-19T12:00:00+00:00 [queued]>
[2026-09-20T12:10:32.621+0000] {taskinstance.py:2306} INFO - Starting attempt 1 of 3
[2026-09-20T12:10:32.630+0000] {taskinstance.py:2330} INFO - Executing <Task(PythonOperator): upload_short_video_5> on 2026-09-19 12:00:00+00:00
[2026-09-20T12:10:32.634+0000] {standard_task_runner.py:64} INFO - Started process 78975 to run task
[2026-09-20T12:10:32.636+0000] {standard_task_runner.py:90} INFO - Running: ['airflow', 'tasks', 'run', 'youtube_english_video_pipeline', 'upload_short_video_5', 'scheduled__2026-09-19T12:00:00+00:00', '--job-id', '1384', '--raw', '--subdir', 'DAGS_FOLDER/youtube_pipeline.py', '--cfg-path', '/tmp/tmp1np514ie']
[2026-09-20T12:10:32.638+0000] {standard_task_runner.py:91} INFO - Job 1384: Subtask upload_short_video_5
[2026-09-20T12:10:32.677+0000] {task_command.py:426} INFO - Running <TaskInstance: youtube_english_video_pipeline.upload_short_video_5 scheduled__2026-09-19T12:00:00+00:00 [running]> on host 73b18333cdfe
[2026-09-20T12:10:32.866+0000] {taskinstance.py:2648} INFO - Exporting env vars: AIRFLOW_CTX_DAG_OWNER='taky' AIRFLOW_CTX_DAG_ID='youtube_english_video_pipeline' AIRFLOW_CTX_TASK_ID='upload_short_video_5' AIRFLOW_CTX_EXECUTION_DATE='2026-09-19T12:00:00+00:00' AIRFLOW_CTX_TRY_NUMBER='1' AIRFLOW_CTX_DAG_RUN_ID='scheduled__2026-09-19T12:00:00+00:00'
[2026-09-20T12:10:32.867+0000] {taskinstance.py:430} INFO - ::endgroup::
[2026-09-20T12:10:33.062+0000] {__init__.py:49} INFO - file_cache is only supported with oauth2client<4.0.0
[2026-09-20T12:10:33.068+0000] {logging_mixin.py:188} INFO - 2026-09-20 12:10:33,068 | INFO     | uploader.youtube_uploader | Uploading video 'Restaurant English: How to Book a Table Like a Pro! 🍽️ | Taky's Language School' (/opt/airflow/output/videos/short_3402.mp4) to YouTube...
[2026-09-20T12:10:36.112+0000] {logging_mixin.py:188} INFO - 2026-09-20 12:10:36,112 | INFO     | uploader.youtube_uploader | Upload complete. YouTube video id = muvbXnfgHaU
[2026-09-20T12:10:36.129+0000] {python.py:237} INFO - Done. Returned value was: muvbXnfgHaU
[2026-09-20T12:10:36.133+0000] {taskinstance.py:441} INFO - ::group::Post task execution logs
[2026-09-20T12:10:36.157+0000] {taskinstance.py:1206} INFO - Marking task as SUCCESS. dag_id=youtube_english_video_pipeline, task_id=upload_short_video_5, run_id=scheduled__2026-09-19T12:00:00+00:00, execution_date=20260919T120000, start_date=20260920T121032, end_date=20260920T121036
[2026-09-20T12:10:36.185+0000] {local_task_job_runner.py:243} INFO - Task exited with return code 0
[2026-09-20T12:10:36.316+0000] {taskinstance.py:3503} INFO - 1 downstream tasks scheduled from follow-on schedule check
[2026-09-20T12:10:36.321+0000] {local_task_job_runner.py:222} INFO - ::endgroup::
