[2026-09-05T00:39:49.769+0000] {local_task_job_runner.py:120} INFO - ::group::Pre task execution logs
[2026-09-05T00:39:49.830+0000] {taskinstance.py:2076} INFO - Dependencies all met for dep_context=non-requeueable deps ti=<TaskInstance: youtube_english_video_pipeline.upload_short_video_3 scheduled__2026-08-26T12:00:00+00:00 [queued]>
[2026-09-05T00:39:49.846+0000] {taskinstance.py:2076} INFO - Dependencies all met for dep_context=requeueable deps ti=<TaskInstance: youtube_english_video_pipeline.upload_short_video_3 scheduled__2026-08-26T12:00:00+00:00 [queued]>
[2026-09-05T00:39:49.848+0000] {taskinstance.py:2306} INFO - Starting attempt 1 of 3
[2026-09-05T00:39:49.864+0000] {taskinstance.py:2330} INFO - Executing <Task(PythonOperator): upload_short_video_3> on 2026-08-26 12:00:00+00:00
[2026-09-05T00:39:49.870+0000] {standard_task_runner.py:64} INFO - Started process 6001 to run task
[2026-09-05T00:39:49.873+0000] {standard_task_runner.py:90} INFO - Running: ['airflow', 'tasks', 'run', 'youtube_english_video_pipeline', 'upload_short_video_3', 'scheduled__2026-08-26T12:00:00+00:00', '--job-id', '943', '--raw', '--subdir', 'DAGS_FOLDER/youtube_pipeline.py', '--cfg-path', '/tmp/tmpok0bajdx']
[2026-09-05T00:39:49.877+0000] {standard_task_runner.py:91} INFO - Job 943: Subtask upload_short_video_3
[2026-09-05T00:39:49.978+0000] {task_command.py:426} INFO - Running <TaskInstance: youtube_english_video_pipeline.upload_short_video_3 scheduled__2026-08-26T12:00:00+00:00 [running]> on host cc859d74cf38
[2026-09-05T00:39:50.323+0000] {taskinstance.py:2648} INFO - Exporting env vars: AIRFLOW_CTX_DAG_OWNER='taky' AIRFLOW_CTX_DAG_ID='youtube_english_video_pipeline' AIRFLOW_CTX_TASK_ID='upload_short_video_3' AIRFLOW_CTX_EXECUTION_DATE='2026-08-26T12:00:00+00:00' AIRFLOW_CTX_TRY_NUMBER='1' AIRFLOW_CTX_DAG_RUN_ID='scheduled__2026-08-26T12:00:00+00:00'
[2026-09-05T00:39:50.325+0000] {taskinstance.py:430} INFO - ::endgroup::
[2026-09-05T00:39:52.527+0000] {__init__.py:49} INFO - file_cache is only supported with oauth2client<4.0.0
[2026-09-05T00:39:52.542+0000] {logging_mixin.py:188} INFO - 2026-09-05 00:39:52,542 | INFO     | uploader.youtube_uploader | Uploading video 'Daily English Phrase | Shopping English' (/opt/airflow/output/videos/short_2424.mp4) to YouTube...
[2026-09-05T00:39:56.364+0000] {logging_mixin.py:188} INFO - 2026-09-05 00:39:56,363 | INFO     | uploader.youtube_uploader | Upload complete. YouTube video id = a8uDbvymsH8
[2026-09-05T00:39:56.379+0000] {python.py:237} INFO - Done. Returned value was: a8uDbvymsH8
[2026-09-05T00:39:56.381+0000] {taskinstance.py:441} INFO - ::group::Post task execution logs
[2026-09-05T00:39:56.418+0000] {taskinstance.py:1206} INFO - Marking task as SUCCESS. dag_id=youtube_english_video_pipeline, task_id=upload_short_video_3, run_id=scheduled__2026-08-26T12:00:00+00:00, execution_date=20260826T120000, start_date=20260905T003949, end_date=20260905T003956
[2026-09-05T00:39:56.493+0000] {local_task_job_runner.py:243} INFO - Task exited with return code 0
[2026-09-05T00:39:56.696+0000] {taskinstance.py:3503} INFO - 1 downstream tasks scheduled from follow-on schedule check
[2026-09-05T00:39:56.703+0000] {local_task_job_runner.py:222} INFO - ::endgroup::
