[2026-08-23T00:40:39.143+0000] {processor.py:161} INFO - Started process (PID=88437) to work on /opt/airflow/dags/youtube_pipeline.py
[2026-08-23T00:40:39.172+0000] {processor.py:830} INFO - Processing file /opt/airflow/dags/youtube_pipeline.py for tasks to queue
[2026-08-23T00:40:39.230+0000] {logging_mixin.py:188} INFO - [2026-08-23T00:40:39.229+0000] {dagbag.py:545} INFO - Filling up the DagBag from /opt/airflow/dags/youtube_pipeline.py
[2026-08-23T00:40:40.481+0000] {processor.py:840} INFO - DAG(s) 'youtube_english_video_pipeline' retrieved from /opt/airflow/dags/youtube_pipeline.py
[2026-08-23T00:40:40.558+0000] {logging_mixin.py:188} INFO - [2026-08-23T00:40:40.557+0000] {dag.py:3089} INFO - Sync 1 DAGs
[2026-08-23T00:40:40.686+0000] {processor.py:183} INFO - Processing /opt/airflow/dags/youtube_pipeline.py took 1.608 seconds
[2026-08-23T00:41:11.561+0000] {processor.py:161} INFO - Started process (PID=88447) to work on /opt/airflow/dags/youtube_pipeline.py
[2026-08-23T00:41:13.521+0000] {processor.py:830} INFO - Processing file /opt/airflow/dags/youtube_pipeline.py for tasks to queue
[2026-08-23T00:41:13.536+0000] {logging_mixin.py:188} INFO - [2026-08-23T00:41:13.535+0000] {dagbag.py:545} INFO - Filling up the DagBag from /opt/airflow/dags/youtube_pipeline.py
[2026-08-23T00:41:13.698+0000] {processor.py:840} INFO - DAG(s) 'youtube_english_video_pipeline' retrieved from /opt/airflow/dags/youtube_pipeline.py
[2026-08-23T00:41:13.747+0000] {logging_mixin.py:188} INFO - [2026-08-23T00:41:13.747+0000] {dag.py:3089} INFO - Sync 1 DAGs
[2026-08-23T00:41:13.956+0000] {processor.py:183} INFO - Processing /opt/airflow/dags/youtube_pipeline.py took 2.402 seconds
[2026-08-23T00:41:44.532+0000] {processor.py:161} INFO - Started process (PID=88714) to work on /opt/airflow/dags/youtube_pipeline.py
[2026-08-23T00:41:44.534+0000] {processor.py:830} INFO - Processing file /opt/airflow/dags/youtube_pipeline.py for tasks to queue
[2026-08-23T00:41:44.541+0000] {logging_mixin.py:188} INFO - [2026-08-23T00:41:44.541+0000] {dagbag.py:545} INFO - Filling up the DagBag from /opt/airflow/dags/youtube_pipeline.py
[2026-08-23T00:41:44.658+0000] {processor.py:840} INFO - DAG(s) 'youtube_english_video_pipeline' retrieved from /opt/airflow/dags/youtube_pipeline.py
[2026-08-23T00:41:44.714+0000] {logging_mixin.py:188} INFO - [2026-08-23T00:41:44.714+0000] {dag.py:3089} INFO - Sync 1 DAGs
[2026-08-23T00:41:44.977+0000] {processor.py:183} INFO - Processing /opt/airflow/dags/youtube_pipeline.py took 0.457 seconds
[2026-08-23T00:42:15.287+0000] {processor.py:161} INFO - Started process (PID=89328) to work on /opt/airflow/dags/youtube_pipeline.py
[2026-08-23T00:42:15.291+0000] {processor.py:830} INFO - Processing file /opt/airflow/dags/youtube_pipeline.py for tasks to queue
[2026-08-23T00:42:15.297+0000] {logging_mixin.py:188} INFO - [2026-08-23T00:42:15.297+0000] {dagbag.py:545} INFO - Filling up the DagBag from /opt/airflow/dags/youtube_pipeline.py
[2026-08-23T00:42:15.394+0000] {processor.py:840} INFO - DAG(s) 'youtube_english_video_pipeline' retrieved from /opt/airflow/dags/youtube_pipeline.py
[2026-08-23T00:42:15.470+0000] {logging_mixin.py:188} INFO - [2026-08-23T00:42:15.469+0000] {dag.py:3089} INFO - Sync 1 DAGs
[2026-08-23T00:42:15.538+0000] {processor.py:183} INFO - Processing /opt/airflow/dags/youtube_pipeline.py took 0.264 seconds
[2026-08-23T00:42:46.169+0000] {processor.py:161} INFO - Started process (PID=89635) to work on /opt/airflow/dags/youtube_pipeline.py
[2026-08-23T00:42:46.173+0000] {processor.py:830} INFO - Processing file /opt/airflow/dags/youtube_pipeline.py for tasks to queue
[2026-08-23T00:42:46.181+0000] {logging_mixin.py:188} INFO - [2026-08-23T00:42:46.180+0000] {dagbag.py:545} INFO - Filling up the DagBag from /opt/airflow/dags/youtube_pipeline.py
[2026-08-23T00:42:46.456+0000] {processor.py:840} INFO - DAG(s) 'youtube_english_video_pipeline' retrieved from /opt/airflow/dags/youtube_pipeline.py
[2026-08-23T00:42:46.513+0000] {logging_mixin.py:188} INFO - [2026-08-23T00:42:46.513+0000] {dag.py:3089} INFO - Sync 1 DAGs
[2026-08-23T00:42:46.580+0000] {processor.py:183} INFO - Processing /opt/airflow/dags/youtube_pipeline.py took 0.422 seconds
[2026-08-23T00:43:17.600+0000] {processor.py:161} INFO - Started process (PID=89791) to work on /opt/airflow/dags/youtube_pipeline.py
[2026-08-23T00:43:17.614+0000] {processor.py:830} INFO - Processing file /opt/airflow/dags/youtube_pipeline.py for tasks to queue
[2026-08-23T00:43:17.623+0000] {logging_mixin.py:188} INFO - [2026-08-23T00:43:17.623+0000] {dagbag.py:545} INFO - Filling up the DagBag from /opt/airflow/dags/youtube_pipeline.py
[2026-08-23T00:43:18.309+0000] {processor.py:840} INFO - DAG(s) 'youtube_english_video_pipeline' retrieved from /opt/airflow/dags/youtube_pipeline.py
[2026-08-23T00:43:18.374+0000] {logging_mixin.py:188} INFO - [2026-08-23T00:43:18.374+0000] {dag.py:3089} INFO - Sync 1 DAGs
[2026-08-23T00:43:18.460+0000] {processor.py:183} INFO - Processing /opt/airflow/dags/youtube_pipeline.py took 0.885 seconds
[2026-08-23T00:43:49.210+0000] {processor.py:161} INFO - Started process (PID=89947) to work on /opt/airflow/dags/youtube_pipeline.py
[2026-08-23T00:43:49.221+0000] {processor.py:830} INFO - Processing file /opt/airflow/dags/youtube_pipeline.py for tasks to queue
[2026-08-23T00:43:49.233+0000] {logging_mixin.py:188} INFO - [2026-08-23T00:43:49.233+0000] {dagbag.py:545} INFO - Filling up the DagBag from /opt/airflow/dags/youtube_pipeline.py
[2026-08-23T00:43:49.618+0000] {processor.py:840} INFO - DAG(s) 'youtube_english_video_pipeline' retrieved from /opt/airflow/dags/youtube_pipeline.py
[2026-08-23T00:43:49.686+0000] {logging_mixin.py:188} INFO - [2026-08-23T00:43:49.686+0000] {dag.py:3089} INFO - Sync 1 DAGs
[2026-08-23T00:43:49.951+0000] {processor.py:183} INFO - Processing /opt/airflow/dags/youtube_pipeline.py took 0.759 seconds
[2026-08-23T00:44:21.010+0000] {processor.py:161} INFO - Started process (PID=90254) to work on /opt/airflow/dags/youtube_pipeline.py
[2026-08-23T00:44:21.012+0000] {processor.py:830} INFO - Processing file /opt/airflow/dags/youtube_pipeline.py for tasks to queue
[2026-08-23T00:44:21.015+0000] {logging_mixin.py:188} INFO - [2026-08-23T00:44:21.014+0000] {dagbag.py:545} INFO - Filling up the DagBag from /opt/airflow/dags/youtube_pipeline.py
[2026-08-23T00:44:21.093+0000] {processor.py:840} INFO - DAG(s) 'youtube_english_video_pipeline' retrieved from /opt/airflow/dags/youtube_pipeline.py
[2026-08-23T00:44:21.320+0000] {logging_mixin.py:188} INFO - [2026-08-23T00:44:21.320+0000] {dag.py:3089} INFO - Sync 1 DAGs
[2026-08-23T00:44:21.362+0000] {processor.py:183} INFO - Processing /opt/airflow/dags/youtube_pipeline.py took 0.362 seconds
[2026-08-23T00:44:51.616+0000] {processor.py:161} INFO - Started process (PID=90736) to work on /opt/airflow/dags/youtube_pipeline.py
[2026-08-23T00:44:51.621+0000] {processor.py:830} INFO - Processing file /opt/airflow/dags/youtube_pipeline.py for tasks to queue
[2026-08-23T00:44:51.625+0000] {logging_mixin.py:188} INFO - [2026-08-23T00:44:51.624+0000] {dagbag.py:545} INFO - Filling up the DagBag from /opt/airflow/dags/youtube_pipeline.py
[2026-08-23T00:44:51.837+0000] {processor.py:840} INFO - DAG(s) 'youtube_english_video_pipeline' retrieved from /opt/airflow/dags/youtube_pipeline.py
[2026-08-23T00:44:51.902+0000] {logging_mixin.py:188} INFO - [2026-08-23T00:44:51.901+0000] {dag.py:3089} INFO - Sync 1 DAGs
[2026-08-23T00:44:51.984+0000] {processor.py:183} INFO - Processing /opt/airflow/dags/youtube_pipeline.py took 0.389 seconds
[2026-08-23T00:45:22.883+0000] {processor.py:161} INFO - Started process (PID=91194) to work on /opt/airflow/dags/youtube_pipeline.py
[2026-08-23T00:45:22.888+0000] {processor.py:830} INFO - Processing file /opt/airflow/dags/youtube_pipeline.py for tasks to queue
[2026-08-23T00:45:22.892+0000] {logging_mixin.py:188} INFO - [2026-08-23T00:45:22.892+0000] {dagbag.py:545} INFO - Filling up the DagBag from /opt/airflow/dags/youtube_pipeline.py
[2026-08-23T00:45:23.044+0000] {processor.py:840} INFO - DAG(s) 'youtube_english_video_pipeline' retrieved from /opt/airflow/dags/youtube_pipeline.py
[2026-08-23T00:45:23.115+0000] {logging_mixin.py:188} INFO - [2026-08-23T00:45:23.114+0000] {dag.py:3089} INFO - Sync 1 DAGs
[2026-08-23T00:45:23.181+0000] {processor.py:183} INFO - Processing /opt/airflow/dags/youtube_pipeline.py took 0.311 seconds
[2026-08-23T00:45:54.256+0000] {processor.py:161} INFO - Started process (PID=91858) to work on /opt/airflow/dags/youtube_pipeline.py
[2026-08-23T00:45:54.259+0000] {processor.py:830} INFO - Processing file /opt/airflow/dags/youtube_pipeline.py for tasks to queue
[2026-08-23T00:45:54.263+0000] {logging_mixin.py:188} INFO - [2026-08-23T00:45:54.262+0000] {dagbag.py:545} INFO - Filling up the DagBag from /opt/airflow/dags/youtube_pipeline.py
[2026-08-23T00:45:54.361+0000] {processor.py:840} INFO - DAG(s) 'youtube_english_video_pipeline' retrieved from /opt/airflow/dags/youtube_pipeline.py
[2026-08-23T00:45:54.449+0000] {logging_mixin.py:188} INFO - [2026-08-23T00:45:54.449+0000] {dag.py:3089} INFO - Sync 1 DAGs
[2026-08-23T00:45:54.805+0000] {processor.py:183} INFO - Processing /opt/airflow/dags/youtube_pipeline.py took 0.567 seconds
[2026-08-23T00:46:25.661+0000] {processor.py:161} INFO - Started process (PID=91863) to work on /opt/airflow/dags/youtube_pipeline.py
[2026-08-23T00:46:25.669+0000] {processor.py:830} INFO - Processing file /opt/airflow/dags/youtube_pipeline.py for tasks to queue
[2026-08-23T00:46:25.677+0000] {logging_mixin.py:188} INFO - [2026-08-23T00:46:25.676+0000] {dagbag.py:545} INFO - Filling up the DagBag from /opt/airflow/dags/youtube_pipeline.py
[2026-08-23T00:46:25.959+0000] {processor.py:840} INFO - DAG(s) 'youtube_english_video_pipeline' retrieved from /opt/airflow/dags/youtube_pipeline.py
[2026-08-23T00:46:26.413+0000] {logging_mixin.py:188} INFO - [2026-08-23T00:46:26.412+0000] {dag.py:3089} INFO - Sync 1 DAGs
[2026-08-23T00:46:26.528+0000] {processor.py:183} INFO - Processing /opt/airflow/dags/youtube_pipeline.py took 0.888 seconds
[2026-08-23T00:46:57.202+0000] {processor.py:161} INFO - Started process (PID=91895) to work on /opt/airflow/dags/youtube_pipeline.py
[2026-08-23T00:46:57.205+0000] {processor.py:830} INFO - Processing file /opt/airflow/dags/youtube_pipeline.py for tasks to queue
[2026-08-23T00:46:57.209+0000] {logging_mixin.py:188} INFO - [2026-08-23T00:46:57.209+0000] {dagbag.py:545} INFO - Filling up the DagBag from /opt/airflow/dags/youtube_pipeline.py
[2026-08-23T00:46:57.324+0000] {processor.py:840} INFO - DAG(s) 'youtube_english_video_pipeline' retrieved from /opt/airflow/dags/youtube_pipeline.py
[2026-08-23T00:46:57.401+0000] {logging_mixin.py:188} INFO - [2026-08-23T00:46:57.400+0000] {dag.py:3089} INFO - Sync 1 DAGs
[2026-08-23T00:46:57.475+0000] {processor.py:183} INFO - Processing /opt/airflow/dags/youtube_pipeline.py took 0.284 seconds
[2026-08-23T00:47:27.648+0000] {processor.py:161} INFO - Started process (PID=92158) to work on /opt/airflow/dags/youtube_pipeline.py
[2026-08-23T00:47:27.651+0000] {processor.py:830} INFO - Processing file /opt/airflow/dags/youtube_pipeline.py for tasks to queue
[2026-08-23T00:47:27.654+0000] {logging_mixin.py:188} INFO - [2026-08-23T00:47:27.653+0000] {dagbag.py:545} INFO - Filling up the DagBag from /opt/airflow/dags/youtube_pipeline.py
[2026-08-23T00:47:27.747+0000] {processor.py:840} INFO - DAG(s) 'youtube_english_video_pipeline' retrieved from /opt/airflow/dags/youtube_pipeline.py
[2026-08-23T00:47:27.804+0000] {logging_mixin.py:188} INFO - [2026-08-23T00:47:27.804+0000] {dag.py:3089} INFO - Sync 1 DAGs
[2026-08-23T00:47:27.856+0000] {processor.py:183} INFO - Processing /opt/airflow/dags/youtube_pipeline.py took 0.217 seconds
[2026-08-23T00:47:58.117+0000] {processor.py:161} INFO - Started process (PID=92619) to work on /opt/airflow/dags/youtube_pipeline.py
[2026-08-23T00:47:58.121+0000] {processor.py:830} INFO - Processing file /opt/airflow/dags/youtube_pipeline.py for tasks to queue
[2026-08-23T00:47:58.126+0000] {logging_mixin.py:188} INFO - [2026-08-23T00:47:58.126+0000] {dagbag.py:545} INFO - Filling up the DagBag from /opt/airflow/dags/youtube_pipeline.py
[2026-08-23T00:47:58.205+0000] {processor.py:840} INFO - DAG(s) 'youtube_english_video_pipeline' retrieved from /opt/airflow/dags/youtube_pipeline.py
[2026-08-23T00:47:58.268+0000] {logging_mixin.py:188} INFO - [2026-08-23T00:47:58.268+0000] {dag.py:3089} INFO - Sync 1 DAGs
[2026-08-23T00:47:58.608+0000] {processor.py:183} INFO - Processing /opt/airflow/dags/youtube_pipeline.py took 0.504 seconds
[2026-08-23T00:48:29.202+0000] {processor.py:161} INFO - Started process (PID=93380) to work on /opt/airflow/dags/youtube_pipeline.py
[2026-08-23T00:48:29.210+0000] {processor.py:830} INFO - Processing file /opt/airflow/dags/youtube_pipeline.py for tasks to queue
[2026-08-23T00:48:29.227+0000] {logging_mixin.py:188} INFO - [2026-08-23T00:48:29.226+0000] {dagbag.py:545} INFO - Filling up the DagBag from /opt/airflow/dags/youtube_pipeline.py
[2026-08-23T00:48:29.392+0000] {processor.py:840} INFO - DAG(s) 'youtube_english_video_pipeline' retrieved from /opt/airflow/dags/youtube_pipeline.py
[2026-08-23T00:48:29.641+0000] {logging_mixin.py:188} INFO - [2026-08-23T00:48:29.641+0000] {dag.py:3089} INFO - Sync 1 DAGs
[2026-08-23T00:48:29.716+0000] {processor.py:183} INFO - Processing /opt/airflow/dags/youtube_pipeline.py took 0.531 seconds
[2026-08-23T00:49:00.527+0000] {processor.py:161} INFO - Started process (PID=94139) to work on /opt/airflow/dags/youtube_pipeline.py
[2026-08-23T00:49:00.531+0000] {processor.py:830} INFO - Processing file /opt/airflow/dags/youtube_pipeline.py for tasks to queue
[2026-08-23T00:49:00.536+0000] {logging_mixin.py:188} INFO - [2026-08-23T00:49:00.536+0000] {dagbag.py:545} INFO - Filling up the DagBag from /opt/airflow/dags/youtube_pipeline.py
[2026-08-23T00:49:00.777+0000] {processor.py:840} INFO - DAG(s) 'youtube_english_video_pipeline' retrieved from /opt/airflow/dags/youtube_pipeline.py
[2026-08-23T00:49:00.839+0000] {logging_mixin.py:188} INFO - [2026-08-23T00:49:00.839+0000] {dag.py:3089} INFO - Sync 1 DAGs
[2026-08-23T00:49:00.935+0000] {processor.py:183} INFO - Processing /opt/airflow/dags/youtube_pipeline.py took 0.419 seconds
[2026-08-23T00:49:31.511+0000] {processor.py:161} INFO - Started process (PID=94748) to work on /opt/airflow/dags/youtube_pipeline.py
[2026-08-23T00:49:31.515+0000] {processor.py:830} INFO - Processing file /opt/airflow/dags/youtube_pipeline.py for tasks to queue
[2026-08-23T00:49:31.520+0000] {logging_mixin.py:188} INFO - [2026-08-23T00:49:31.519+0000] {dagbag.py:545} INFO - Filling up the DagBag from /opt/airflow/dags/youtube_pipeline.py
[2026-08-23T00:49:31.623+0000] {processor.py:840} INFO - DAG(s) 'youtube_english_video_pipeline' retrieved from /opt/airflow/dags/youtube_pipeline.py
[2026-08-23T00:49:31.710+0000] {logging_mixin.py:188} INFO - [2026-08-23T00:49:31.710+0000] {dag.py:3089} INFO - Sync 1 DAGs
[2026-08-23T00:49:31.827+0000] {processor.py:183} INFO - Processing /opt/airflow/dags/youtube_pipeline.py took 0.330 seconds
[2026-08-23T00:50:02.596+0000] {processor.py:161} INFO - Started process (PID=95285) to work on /opt/airflow/dags/youtube_pipeline.py
[2026-08-23T00:50:02.610+0000] {processor.py:830} INFO - Processing file /opt/airflow/dags/youtube_pipeline.py for tasks to queue
[2026-08-23T00:50:02.626+0000] {logging_mixin.py:188} INFO - [2026-08-23T00:50:02.625+0000] {dagbag.py:545} INFO - Filling up the DagBag from /opt/airflow/dags/youtube_pipeline.py
[2026-08-23T00:50:02.886+0000] {processor.py:840} INFO - DAG(s) 'youtube_english_video_pipeline' retrieved from /opt/airflow/dags/youtube_pipeline.py
[2026-08-23T00:50:02.987+0000] {logging_mixin.py:188} INFO - [2026-08-23T00:50:02.987+0000] {dag.py:3089} INFO - Sync 1 DAGs
[2026-08-23T00:50:03.526+0000] {processor.py:183} INFO - Processing /opt/airflow/dags/youtube_pipeline.py took 0.957 seconds
[2026-08-23T00:50:34.042+0000] {processor.py:161} INFO - Started process (PID=95290) to work on /opt/airflow/dags/youtube_pipeline.py
[2026-08-23T00:50:34.043+0000] {processor.py:830} INFO - Processing file /opt/airflow/dags/youtube_pipeline.py for tasks to queue
[2026-08-23T00:50:34.047+0000] {logging_mixin.py:188} INFO - [2026-08-23T00:50:34.046+0000] {dagbag.py:545} INFO - Filling up the DagBag from /opt/airflow/dags/youtube_pipeline.py
[2026-08-23T00:50:34.188+0000] {processor.py:840} INFO - DAG(s) 'youtube_english_video_pipeline' retrieved from /opt/airflow/dags/youtube_pipeline.py
[2026-08-23T00:50:34.521+0000] {logging_mixin.py:188} INFO - [2026-08-23T00:50:34.520+0000] {dag.py:3089} INFO - Sync 1 DAGs
[2026-08-23T00:50:34.595+0000] {processor.py:183} INFO - Processing /opt/airflow/dags/youtube_pipeline.py took 0.570 seconds
[2026-08-23T00:51:05.317+0000] {processor.py:161} INFO - Started process (PID=95321) to work on /opt/airflow/dags/youtube_pipeline.py
[2026-08-23T00:51:05.321+0000] {processor.py:830} INFO - Processing file /opt/airflow/dags/youtube_pipeline.py for tasks to queue
[2026-08-23T00:51:05.325+0000] {logging_mixin.py:188} INFO - [2026-08-23T00:51:05.324+0000] {dagbag.py:545} INFO - Filling up the DagBag from /opt/airflow/dags/youtube_pipeline.py
[2026-08-23T00:51:05.418+0000] {processor.py:840} INFO - DAG(s) 'youtube_english_video_pipeline' retrieved from /opt/airflow/dags/youtube_pipeline.py
[2026-08-23T00:51:05.474+0000] {logging_mixin.py:188} INFO - [2026-08-23T00:51:05.474+0000] {dag.py:3089} INFO - Sync 1 DAGs
[2026-08-23T00:51:05.527+0000] {processor.py:183} INFO - Processing /opt/airflow/dags/youtube_pipeline.py took 0.225 seconds
[2026-08-23T00:51:35.929+0000] {processor.py:161} INFO - Started process (PID=95364) to work on /opt/airflow/dags/youtube_pipeline.py
[2026-08-23T00:51:35.933+0000] {processor.py:830} INFO - Processing file /opt/airflow/dags/youtube_pipeline.py for tasks to queue
[2026-08-23T00:51:35.941+0000] {logging_mixin.py:188} INFO - [2026-08-23T00:51:35.940+0000] {dagbag.py:545} INFO - Filling up the DagBag from /opt/airflow/dags/youtube_pipeline.py
[2026-08-23T00:51:36.055+0000] {processor.py:840} INFO - DAG(s) 'youtube_english_video_pipeline' retrieved from /opt/airflow/dags/youtube_pipeline.py
[2026-08-23T00:51:36.146+0000] {logging_mixin.py:188} INFO - [2026-08-23T00:51:36.146+0000] {dag.py:3089} INFO - Sync 1 DAGs
[2026-08-23T00:51:36.228+0000] {processor.py:183} INFO - Processing /opt/airflow/dags/youtube_pipeline.py took 0.321 seconds
[2026-08-23T00:52:06.845+0000] {processor.py:161} INFO - Started process (PID=95629) to work on /opt/airflow/dags/youtube_pipeline.py
[2026-08-23T00:52:06.851+0000] {processor.py:830} INFO - Processing file /opt/airflow/dags/youtube_pipeline.py for tasks to queue
[2026-08-23T00:52:06.854+0000] {logging_mixin.py:188} INFO - [2026-08-23T00:52:06.854+0000] {dagbag.py:545} INFO - Filling up the DagBag from /opt/airflow/dags/youtube_pipeline.py
[2026-08-23T00:52:06.973+0000] {processor.py:840} INFO - DAG(s) 'youtube_english_video_pipeline' retrieved from /opt/airflow/dags/youtube_pipeline.py
[2026-08-23T00:52:07.022+0000] {logging_mixin.py:188} INFO - [2026-08-23T00:52:07.022+0000] {dag.py:3089} INFO - Sync 1 DAGs
[2026-08-23T00:52:07.248+0000] {processor.py:183} INFO - Processing /opt/airflow/dags/youtube_pipeline.py took 0.414 seconds
[2026-08-23T00:52:37.801+0000] {processor.py:161} INFO - Started process (PID=95634) to work on /opt/airflow/dags/youtube_pipeline.py
[2026-08-23T00:52:37.807+0000] {processor.py:830} INFO - Processing file /opt/airflow/dags/youtube_pipeline.py for tasks to queue
[2026-08-23T00:52:37.810+0000] {logging_mixin.py:188} INFO - [2026-08-23T00:52:37.809+0000] {dagbag.py:545} INFO - Filling up the DagBag from /opt/airflow/dags/youtube_pipeline.py
[2026-08-23T00:52:37.856+0000] {processor.py:840} INFO - DAG(s) 'youtube_english_video_pipeline' retrieved from /opt/airflow/dags/youtube_pipeline.py
[2026-08-23T00:52:38.057+0000] {logging_mixin.py:188} INFO - [2026-08-23T00:52:38.056+0000] {dag.py:3089} INFO - Sync 1 DAGs
[2026-08-23T00:52:38.124+0000] {processor.py:183} INFO - Processing /opt/airflow/dags/youtube_pipeline.py took 0.333 seconds
[2026-08-23T00:53:08.294+0000] {processor.py:161} INFO - Started process (PID=95639) to work on /opt/airflow/dags/youtube_pipeline.py
[2026-08-23T00:53:08.299+0000] {processor.py:830} INFO - Processing file /opt/airflow/dags/youtube_pipeline.py for tasks to queue
[2026-08-23T00:53:08.304+0000] {logging_mixin.py:188} INFO - [2026-08-23T00:53:08.304+0000] {dagbag.py:545} INFO - Filling up the DagBag from /opt/airflow/dags/youtube_pipeline.py
[2026-08-23T00:53:08.423+0000] {processor.py:840} INFO - DAG(s) 'youtube_english_video_pipeline' retrieved from /opt/airflow/dags/youtube_pipeline.py
[2026-08-23T00:53:08.489+0000] {logging_mixin.py:188} INFO - [2026-08-23T00:53:08.488+0000] {dag.py:3089} INFO - Sync 1 DAGs
[2026-08-23T00:53:08.566+0000] {processor.py:183} INFO - Processing /opt/airflow/dags/youtube_pipeline.py took 0.285 seconds
[2026-08-23T00:53:38.671+0000] {processor.py:161} INFO - Started process (PID=95644) to work on /opt/airflow/dags/youtube_pipeline.py
[2026-08-23T00:53:38.673+0000] {processor.py:830} INFO - Processing file /opt/airflow/dags/youtube_pipeline.py for tasks to queue
[2026-08-23T00:53:38.676+0000] {logging_mixin.py:188} INFO - [2026-08-23T00:53:38.675+0000] {dagbag.py:545} INFO - Filling up the DagBag from /opt/airflow/dags/youtube_pipeline.py
[2026-08-23T00:53:38.744+0000] {processor.py:840} INFO - DAG(s) 'youtube_english_video_pipeline' retrieved from /opt/airflow/dags/youtube_pipeline.py
[2026-08-23T00:53:38.810+0000] {logging_mixin.py:188} INFO - [2026-08-23T00:53:38.810+0000] {dag.py:3089} INFO - Sync 1 DAGs
[2026-08-23T00:53:38.864+0000] {processor.py:183} INFO - Processing /opt/airflow/dags/youtube_pipeline.py took 0.202 seconds
[2026-08-23T00:54:09.292+0000] {processor.py:161} INFO - Started process (PID=95649) to work on /opt/airflow/dags/youtube_pipeline.py
[2026-08-23T00:54:09.294+0000] {processor.py:830} INFO - Processing file /opt/airflow/dags/youtube_pipeline.py for tasks to queue
[2026-08-23T00:54:09.298+0000] {logging_mixin.py:188} INFO - [2026-08-23T00:54:09.297+0000] {dagbag.py:545} INFO - Filling up the DagBag from /opt/airflow/dags/youtube_pipeline.py
[2026-08-23T00:54:09.382+0000] {processor.py:840} INFO - DAG(s) 'youtube_english_video_pipeline' retrieved from /opt/airflow/dags/youtube_pipeline.py
[2026-08-23T00:54:09.426+0000] {logging_mixin.py:188} INFO - [2026-08-23T00:54:09.426+0000] {dag.py:3089} INFO - Sync 1 DAGs
[2026-08-23T00:54:09.658+0000] {processor.py:183} INFO - Processing /opt/airflow/dags/youtube_pipeline.py took 0.378 seconds
[2026-08-23T00:54:40.093+0000] {processor.py:161} INFO - Started process (PID=95654) to work on /opt/airflow/dags/youtube_pipeline.py
[2026-08-23T00:54:40.096+0000] {processor.py:830} INFO - Processing file /opt/airflow/dags/youtube_pipeline.py for tasks to queue
[2026-08-23T00:54:40.103+0000] {logging_mixin.py:188} INFO - [2026-08-23T00:54:40.103+0000] {dagbag.py:545} INFO - Filling up the DagBag from /opt/airflow/dags/youtube_pipeline.py
[2026-08-23T00:54:40.235+0000] {processor.py:840} INFO - DAG(s) 'youtube_english_video_pipeline' retrieved from /opt/airflow/dags/youtube_pipeline.py
[2026-08-23T00:54:40.288+0000] {logging_mixin.py:188} INFO - [2026-08-23T00:54:40.288+0000] {dag.py:3089} INFO - Sync 1 DAGs
[2026-08-23T00:54:40.504+0000] {processor.py:183} INFO - Processing /opt/airflow/dags/youtube_pipeline.py took 0.425 seconds
[2026-08-23T00:55:11.039+0000] {processor.py:161} INFO - Started process (PID=95659) to work on /opt/airflow/dags/youtube_pipeline.py
[2026-08-23T00:55:11.042+0000] {processor.py:830} INFO - Processing file /opt/airflow/dags/youtube_pipeline.py for tasks to queue
[2026-08-23T00:55:11.045+0000] {logging_mixin.py:188} INFO - [2026-08-23T00:55:11.044+0000] {dagbag.py:545} INFO - Filling up the DagBag from /opt/airflow/dags/youtube_pipeline.py
[2026-08-23T00:55:11.109+0000] {processor.py:840} INFO - DAG(s) 'youtube_english_video_pipeline' retrieved from /opt/airflow/dags/youtube_pipeline.py
[2026-08-23T00:55:11.271+0000] {logging_mixin.py:188} INFO - [2026-08-23T00:55:11.270+0000] {dag.py:3089} INFO - Sync 1 DAGs
[2026-08-23T00:55:11.303+0000] {processor.py:183} INFO - Processing /opt/airflow/dags/youtube_pipeline.py took 0.272 seconds
