[2026-09-21T01:06:54.875+0000] {local_task_job_runner.py:120} INFO - ::group::Pre task execution logs
[2026-09-21T01:06:54.924+0000] {taskinstance.py:2076} INFO - Dependencies all met for dep_context=non-requeueable deps ti=<TaskInstance: youtube_english_video_pipeline.upload_short_video_3 manual__2026-09-21T01:00:56.686308+00:00 [queued]>
[2026-09-21T01:06:54.937+0000] {taskinstance.py:2076} INFO - Dependencies all met for dep_context=requeueable deps ti=<TaskInstance: youtube_english_video_pipeline.upload_short_video_3 manual__2026-09-21T01:00:56.686308+00:00 [queued]>
[2026-09-21T01:06:54.938+0000] {taskinstance.py:2306} INFO - Starting attempt 1 of 3
[2026-09-21T01:06:54.952+0000] {taskinstance.py:2330} INFO - Executing <Task(PythonOperator): upload_short_video_3> on 2026-09-21 01:00:56.686308+00:00
[2026-09-21T01:06:54.958+0000] {standard_task_runner.py:64} INFO - Started process 7235 to run task
[2026-09-21T01:06:54.961+0000] {standard_task_runner.py:90} INFO - Running: ['airflow', 'tasks', 'run', 'youtube_english_video_pipeline', 'upload_short_video_3', 'manual__2026-09-21T01:00:56.686308+00:00', '--job-id', '1424', '--raw', '--subdir', 'DAGS_FOLDER/youtube_pipeline.py', '--cfg-path', '/tmp/tmpqjijtw18']
[2026-09-21T01:06:54.964+0000] {standard_task_runner.py:91} INFO - Job 1424: Subtask upload_short_video_3
[2026-09-21T01:06:55.023+0000] {task_command.py:426} INFO - Running <TaskInstance: youtube_english_video_pipeline.upload_short_video_3 manual__2026-09-21T01:00:56.686308+00:00 [running]> on host 73b18333cdfe
[2026-09-21T01:06:55.257+0000] {taskinstance.py:2648} INFO - Exporting env vars: AIRFLOW_CTX_DAG_OWNER='taky' AIRFLOW_CTX_DAG_ID='youtube_english_video_pipeline' AIRFLOW_CTX_TASK_ID='upload_short_video_3' AIRFLOW_CTX_EXECUTION_DATE='2026-09-21T01:00:56.686308+00:00' AIRFLOW_CTX_TRY_NUMBER='1' AIRFLOW_CTX_DAG_RUN_ID='manual__2026-09-21T01:00:56.686308+00:00'
[2026-09-21T01:06:55.259+0000] {taskinstance.py:430} INFO - ::endgroup::
[2026-09-21T01:06:55.673+0000] {__init__.py:49} INFO - file_cache is only supported with oauth2client<4.0.0
[2026-09-21T01:06:55.686+0000] {logging_mixin.py:188} INFO - 2026-09-21 01:06:55,686 | INFO     | uploader.youtube_uploader | Uploading video 'How to say 'How's it going?' | Daily English Conversation Practice' (/opt/airflow/output/videos/short_3499.mp4) to YouTube...
[2026-09-21T01:06:59.059+0000] {logging_mixin.py:188} INFO - 2026-09-21 01:06:59,059 | INFO     | uploader.youtube_uploader | Upload complete. YouTube video id = Z0Ensxe0aVc
[2026-09-21T01:06:59.075+0000] {python.py:237} INFO - Done. Returned value was: Z0Ensxe0aVc
[2026-09-21T01:06:59.078+0000] {taskinstance.py:441} INFO - ::group::Post task execution logs
[2026-09-21T01:06:59.104+0000] {taskinstance.py:1206} INFO - Marking task as SUCCESS. dag_id=youtube_english_video_pipeline, task_id=upload_short_video_3, run_id=manual__2026-09-21T01:00:56.686308+00:00, execution_date=20260921T010056, start_date=20260921T010654, end_date=20260921T010659
[2026-09-21T01:06:59.158+0000] {local_task_job_runner.py:243} INFO - Task exited with return code 0
[2026-09-21T01:06:59.352+0000] {taskinstance.py:3503} INFO - 1 downstream tasks scheduled from follow-on schedule check
[2026-09-21T01:06:59.356+0000] {local_task_job_runner.py:222} INFO - ::endgroup::
