[2026-09-09T23:27:06.236+0000] {local_task_job_runner.py:120} INFO - ::group::Pre task execution logs
[2026-09-09T23:27:06.284+0000] {taskinstance.py:2076} INFO - Dependencies all met for dep_context=non-requeueable deps ti=<TaskInstance: youtube_english_video_pipeline.upload_long_video_1 scheduled__2026-09-08T12:00:00+00:00 [queued]>
[2026-09-09T23:27:06.292+0000] {taskinstance.py:2076} INFO - Dependencies all met for dep_context=requeueable deps ti=<TaskInstance: youtube_english_video_pipeline.upload_long_video_1 scheduled__2026-09-08T12:00:00+00:00 [queued]>
[2026-09-09T23:27:06.293+0000] {taskinstance.py:2306} INFO - Starting attempt 1 of 3
[2026-09-09T23:27:06.312+0000] {taskinstance.py:2330} INFO - Executing <Task(PythonOperator): upload_long_video_1> on 2026-09-08 12:00:00+00:00
[2026-09-09T23:27:06.318+0000] {standard_task_runner.py:64} INFO - Started process 3720 to run task
[2026-09-09T23:27:06.320+0000] {standard_task_runner.py:90} INFO - Running: ['airflow', 'tasks', 'run', 'youtube_english_video_pipeline', 'upload_long_video_1', 'scheduled__2026-09-08T12:00:00+00:00', '--job-id', '1083', '--raw', '--subdir', 'DAGS_FOLDER/youtube_pipeline.py', '--cfg-path', '/tmp/tmp01c8rnu3']
[2026-09-09T23:27:06.323+0000] {standard_task_runner.py:91} INFO - Job 1083: Subtask upload_long_video_1
[2026-09-09T23:27:06.395+0000] {task_command.py:426} INFO - Running <TaskInstance: youtube_english_video_pipeline.upload_long_video_1 scheduled__2026-09-08T12:00:00+00:00 [running]> on host cc859d74cf38
[2026-09-09T23:27:06.629+0000] {taskinstance.py:2648} INFO - Exporting env vars: AIRFLOW_CTX_DAG_OWNER='taky' AIRFLOW_CTX_DAG_ID='youtube_english_video_pipeline' AIRFLOW_CTX_TASK_ID='upload_long_video_1' AIRFLOW_CTX_EXECUTION_DATE='2026-09-08T12:00:00+00:00' AIRFLOW_CTX_TRY_NUMBER='1' AIRFLOW_CTX_DAG_RUN_ID='scheduled__2026-09-08T12:00:00+00:00'
[2026-09-09T23:27:06.630+0000] {taskinstance.py:430} INFO - ::endgroup::
[2026-09-09T23:27:06.943+0000] {__init__.py:49} INFO - file_cache is only supported with oauth2client<4.0.0
[2026-09-09T23:27:06.951+0000] {logging_mixin.py:188} INFO - 2026-09-09 23:27:06,951 | INFO     | uploader.youtube_uploader | Uploading video '20 Daily English Expressions | Mixed English Expressions' (/opt/airflow/output/videos/long_2684.mp4) to YouTube...
[2026-09-09T23:27:12.482+0000] {logging_mixin.py:188} INFO - 2026-09-09 23:27:12,482 | INFO     | uploader.youtube_uploader | Upload complete. YouTube video id = BvdNkvB0oLY
[2026-09-09T23:27:16.657+0000] {logging_mixin.py:188} INFO - 2026-09-09 23:27:16,657 | INFO     | uploader.youtube_uploader | Custom thumbnail uploaded.
[2026-09-09T23:27:16.677+0000] {python.py:237} INFO - Done. Returned value was: BvdNkvB0oLY
[2026-09-09T23:27:16.677+0000] {taskinstance.py:441} INFO - ::group::Post task execution logs
[2026-09-09T23:27:16.700+0000] {taskinstance.py:1206} INFO - Marking task as SUCCESS. dag_id=youtube_english_video_pipeline, task_id=upload_long_video_1, run_id=scheduled__2026-09-08T12:00:00+00:00, execution_date=20260908T120000, start_date=20260909T232706, end_date=20260909T232716
[2026-09-09T23:27:16.722+0000] {local_task_job_runner.py:243} INFO - Task exited with return code 0
[2026-09-09T23:27:16.860+0000] {taskinstance.py:3503} INFO - 1 downstream tasks scheduled from follow-on schedule check
[2026-09-09T23:27:16.867+0000] {local_task_job_runner.py:222} INFO - ::endgroup::
