[2026-09-21T01:01:19.590+0000] {local_task_job_runner.py:120} INFO - ::group::Pre task execution logs
[2026-09-21T01:01:19.639+0000] {taskinstance.py:2076} INFO - Dependencies all met for dep_context=non-requeueable deps ti=<TaskInstance: youtube_english_video_pipeline.upload_short_video_1 manual__2026-09-21T01:00:56.686308+00:00 [queued]>
[2026-09-21T01:01:19.650+0000] {taskinstance.py:2076} INFO - Dependencies all met for dep_context=requeueable deps ti=<TaskInstance: youtube_english_video_pipeline.upload_short_video_1 manual__2026-09-21T01:00:56.686308+00:00 [queued]>
[2026-09-21T01:01:19.651+0000] {taskinstance.py:2306} INFO - Starting attempt 1 of 3
[2026-09-21T01:01:19.670+0000] {taskinstance.py:2330} INFO - Executing <Task(PythonOperator): upload_short_video_1> on 2026-09-21 01:00:56.686308+00:00
[2026-09-21T01:01:19.677+0000] {standard_task_runner.py:64} INFO - Started process 420 to run task
[2026-09-21T01:01:19.680+0000] {standard_task_runner.py:90} INFO - Running: ['airflow', 'tasks', 'run', 'youtube_english_video_pipeline', 'upload_short_video_1', 'manual__2026-09-21T01:00:56.686308+00:00', '--job-id', '1414', '--raw', '--subdir', 'DAGS_FOLDER/youtube_pipeline.py', '--cfg-path', '/tmp/tmpvn48cs3f']
[2026-09-21T01:01:19.683+0000] {standard_task_runner.py:91} INFO - Job 1414: Subtask upload_short_video_1
[2026-09-21T01:01:19.744+0000] {task_command.py:426} INFO - Running <TaskInstance: youtube_english_video_pipeline.upload_short_video_1 manual__2026-09-21T01:00:56.686308+00:00 [running]> on host 73b18333cdfe
[2026-09-21T01:01:20.001+0000] {taskinstance.py:2648} INFO - Exporting env vars: AIRFLOW_CTX_DAG_OWNER='taky' AIRFLOW_CTX_DAG_ID='youtube_english_video_pipeline' AIRFLOW_CTX_TASK_ID='upload_short_video_1' AIRFLOW_CTX_EXECUTION_DATE='2026-09-21T01:00:56.686308+00:00' AIRFLOW_CTX_TRY_NUMBER='1' AIRFLOW_CTX_DAG_RUN_ID='manual__2026-09-21T01:00:56.686308+00:00'
[2026-09-21T01:01:20.002+0000] {taskinstance.py:430} INFO - ::endgroup::
[2026-09-21T01:01:20.465+0000] {__init__.py:49} INFO - file_cache is only supported with oauth2client<4.0.0
[2026-09-21T01:01:20.495+0000] {logging_mixin.py:188} INFO - 2026-09-21 01:01:20,495 | INFO     | uploader.youtube_uploader | Uploading video 'How to Tip in English: 'Keep the Change' Explained | Taky's Language School' (/opt/airflow/output/videos/short_3494.mp4) to YouTube...
[2026-09-21T01:01:23.489+0000] {logging_mixin.py:188} INFO - 2026-09-21 01:01:23,488 | INFO     | uploader.youtube_uploader | Upload complete. YouTube video id = ivnvcFDGewQ
[2026-09-21T01:01:23.507+0000] {python.py:237} INFO - Done. Returned value was: ivnvcFDGewQ
[2026-09-21T01:01:23.508+0000] {taskinstance.py:441} INFO - ::group::Post task execution logs
[2026-09-21T01:01:23.539+0000] {taskinstance.py:1206} INFO - Marking task as SUCCESS. dag_id=youtube_english_video_pipeline, task_id=upload_short_video_1, run_id=manual__2026-09-21T01:00:56.686308+00:00, execution_date=20260921T010056, start_date=20260921T010119, end_date=20260921T010123
[2026-09-21T01:01:23.576+0000] {local_task_job_runner.py:243} INFO - Task exited with return code 0
[2026-09-21T01:01:23.774+0000] {taskinstance.py:3503} INFO - 1 downstream tasks scheduled from follow-on schedule check
[2026-09-21T01:01:23.778+0000] {local_task_job_runner.py:222} INFO - ::endgroup::
