[2026-09-20T12:02:47.461+0000] {local_task_job_runner.py:120} INFO - ::group::Pre task execution logs
[2026-09-20T12:02:47.492+0000] {taskinstance.py:2076} INFO - Dependencies all met for dep_context=non-requeueable deps ti=<TaskInstance: youtube_english_video_pipeline.upload_short_video_2 scheduled__2026-09-19T12:00:00+00:00 [queued]>
[2026-09-20T12:02:47.498+0000] {taskinstance.py:2076} INFO - Dependencies all met for dep_context=requeueable deps ti=<TaskInstance: youtube_english_video_pipeline.upload_short_video_2 scheduled__2026-09-19T12:00:00+00:00 [queued]>
[2026-09-20T12:02:47.498+0000] {taskinstance.py:2306} INFO - Starting attempt 1 of 3
[2026-09-20T12:02:47.507+0000] {taskinstance.py:2330} INFO - Executing <Task(PythonOperator): upload_short_video_2> on 2026-09-19 12:00:00+00:00
[2026-09-20T12:02:47.511+0000] {standard_task_runner.py:64} INFO - Started process 69186 to run task
[2026-09-20T12:02:47.513+0000] {standard_task_runner.py:90} INFO - Running: ['airflow', 'tasks', 'run', 'youtube_english_video_pipeline', 'upload_short_video_2', 'scheduled__2026-09-19T12:00:00+00:00', '--job-id', '1369', '--raw', '--subdir', 'DAGS_FOLDER/youtube_pipeline.py', '--cfg-path', '/tmp/tmpiir01yft']
[2026-09-20T12:02:47.515+0000] {standard_task_runner.py:91} INFO - Job 1369: Subtask upload_short_video_2
[2026-09-20T12:02:47.557+0000] {task_command.py:426} INFO - Running <TaskInstance: youtube_english_video_pipeline.upload_short_video_2 scheduled__2026-09-19T12:00:00+00:00 [running]> on host 73b18333cdfe
[2026-09-20T12:02:47.721+0000] {taskinstance.py:2648} INFO - Exporting env vars: AIRFLOW_CTX_DAG_OWNER='taky' AIRFLOW_CTX_DAG_ID='youtube_english_video_pipeline' AIRFLOW_CTX_TASK_ID='upload_short_video_2' AIRFLOW_CTX_EXECUTION_DATE='2026-09-19T12:00:00+00:00' AIRFLOW_CTX_TRY_NUMBER='1' AIRFLOW_CTX_DAG_RUN_ID='scheduled__2026-09-19T12:00:00+00:00'
[2026-09-20T12:02:47.722+0000] {taskinstance.py:430} INFO - ::endgroup::
[2026-09-20T12:02:47.940+0000] {__init__.py:49} INFO - file_cache is only supported with oauth2client<4.0.0
[2026-09-20T12:02:47.945+0000] {logging_mixin.py:188} INFO - 2026-09-20 12:02:47,945 | INFO     | uploader.youtube_uploader | Uploading video 'Master Customer Service English: How to Help Customers Professionally' (/opt/airflow/output/videos/short_3272.mp4) to YouTube...
[2026-09-20T12:02:51.599+0000] {logging_mixin.py:188} INFO - 2026-09-20 12:02:51,599 | INFO     | uploader.youtube_uploader | Upload complete. YouTube video id = rAO-AAPnSvw
[2026-09-20T12:02:51.610+0000] {python.py:237} INFO - Done. Returned value was: rAO-AAPnSvw
[2026-09-20T12:02:51.611+0000] {taskinstance.py:441} INFO - ::group::Post task execution logs
[2026-09-20T12:02:51.636+0000] {taskinstance.py:1206} INFO - Marking task as SUCCESS. dag_id=youtube_english_video_pipeline, task_id=upload_short_video_2, run_id=scheduled__2026-09-19T12:00:00+00:00, execution_date=20260919T120000, start_date=20260920T120247, end_date=20260920T120251
[2026-09-20T12:02:51.662+0000] {local_task_job_runner.py:243} INFO - Task exited with return code 0
[2026-09-20T12:02:51.818+0000] {taskinstance.py:3503} INFO - 1 downstream tasks scheduled from follow-on schedule check
[2026-09-20T12:02:51.821+0000] {local_task_job_runner.py:222} INFO - ::endgroup::
