[2026-08-31T11:50:46.378+0000] {processor.py:161} INFO - Started process (PID=5240) to work on /opt/airflow/dags/youtube_pipeline.py
[2026-08-31T11:50:46.457+0000] {processor.py:830} INFO - Processing file /opt/airflow/dags/youtube_pipeline.py for tasks to queue
[2026-08-31T11:50:46.503+0000] {logging_mixin.py:188} INFO - [2026-08-31T11:50:46.502+0000] {dagbag.py:545} INFO - Filling up the DagBag from /opt/airflow/dags/youtube_pipeline.py
[2026-08-31T11:50:48.859+0000] {processor.py:840} INFO - DAG(s) 'youtube_english_video_pipeline' retrieved from /opt/airflow/dags/youtube_pipeline.py
[2026-08-31T11:50:48.961+0000] {logging_mixin.py:188} INFO - [2026-08-31T11:50:48.961+0000] {dag.py:3089} INFO - Sync 1 DAGs
[2026-08-31T11:50:49.168+0000] {processor.py:183} INFO - Processing /opt/airflow/dags/youtube_pipeline.py took 2.835 seconds
[2026-08-31T11:51:20.084+0000] {processor.py:161} INFO - Started process (PID=5245) to work on /opt/airflow/dags/youtube_pipeline.py
[2026-08-31T11:51:20.085+0000] {processor.py:830} INFO - Processing file /opt/airflow/dags/youtube_pipeline.py for tasks to queue
[2026-08-31T11:51:20.087+0000] {logging_mixin.py:188} INFO - [2026-08-31T11:51:20.086+0000] {dagbag.py:545} INFO - Filling up the DagBag from /opt/airflow/dags/youtube_pipeline.py
[2026-08-31T11:51:20.126+0000] {processor.py:840} INFO - DAG(s) 'youtube_english_video_pipeline' retrieved from /opt/airflow/dags/youtube_pipeline.py
[2026-08-31T11:51:20.181+0000] {logging_mixin.py:188} INFO - [2026-08-31T11:51:20.181+0000] {dag.py:3089} INFO - Sync 1 DAGs
[2026-08-31T11:51:20.221+0000] {processor.py:183} INFO - Processing /opt/airflow/dags/youtube_pipeline.py took 0.145 seconds
[2026-08-31T11:51:50.416+0000] {processor.py:161} INFO - Started process (PID=5250) to work on /opt/airflow/dags/youtube_pipeline.py
[2026-08-31T11:51:50.417+0000] {processor.py:830} INFO - Processing file /opt/airflow/dags/youtube_pipeline.py for tasks to queue
[2026-08-31T11:51:50.418+0000] {logging_mixin.py:188} INFO - [2026-08-31T11:51:50.418+0000] {dagbag.py:545} INFO - Filling up the DagBag from /opt/airflow/dags/youtube_pipeline.py
[2026-08-31T11:51:50.448+0000] {processor.py:840} INFO - DAG(s) 'youtube_english_video_pipeline' retrieved from /opt/airflow/dags/youtube_pipeline.py
[2026-08-31T11:51:50.482+0000] {logging_mixin.py:188} INFO - [2026-08-31T11:51:50.482+0000] {dag.py:3089} INFO - Sync 1 DAGs
[2026-08-31T11:51:50.513+0000] {processor.py:183} INFO - Processing /opt/airflow/dags/youtube_pipeline.py took 0.103 seconds
[2026-08-31T11:52:20.672+0000] {processor.py:161} INFO - Started process (PID=5255) to work on /opt/airflow/dags/youtube_pipeline.py
[2026-08-31T11:52:20.674+0000] {processor.py:830} INFO - Processing file /opt/airflow/dags/youtube_pipeline.py for tasks to queue
[2026-08-31T11:52:20.675+0000] {logging_mixin.py:188} INFO - [2026-08-31T11:52:20.675+0000] {dagbag.py:545} INFO - Filling up the DagBag from /opt/airflow/dags/youtube_pipeline.py
[2026-08-31T11:52:20.726+0000] {processor.py:840} INFO - DAG(s) 'youtube_english_video_pipeline' retrieved from /opt/airflow/dags/youtube_pipeline.py
[2026-08-31T11:52:20.771+0000] {logging_mixin.py:188} INFO - [2026-08-31T11:52:20.770+0000] {dag.py:3089} INFO - Sync 1 DAGs
[2026-08-31T11:52:20.811+0000] {processor.py:183} INFO - Processing /opt/airflow/dags/youtube_pipeline.py took 0.147 seconds
[2026-08-31T11:52:51.139+0000] {processor.py:161} INFO - Started process (PID=5262) to work on /opt/airflow/dags/youtube_pipeline.py
[2026-08-31T11:52:51.140+0000] {processor.py:830} INFO - Processing file /opt/airflow/dags/youtube_pipeline.py for tasks to queue
[2026-08-31T11:52:51.142+0000] {logging_mixin.py:188} INFO - [2026-08-31T11:52:51.142+0000] {dagbag.py:545} INFO - Filling up the DagBag from /opt/airflow/dags/youtube_pipeline.py
[2026-08-31T11:52:51.214+0000] {processor.py:840} INFO - DAG(s) 'youtube_english_video_pipeline' retrieved from /opt/airflow/dags/youtube_pipeline.py
[2026-08-31T11:52:51.270+0000] {logging_mixin.py:188} INFO - [2026-08-31T11:52:51.270+0000] {dag.py:3089} INFO - Sync 1 DAGs
[2026-08-31T11:52:51.319+0000] {processor.py:183} INFO - Processing /opt/airflow/dags/youtube_pipeline.py took 0.188 seconds
[2026-08-31T11:53:21.610+0000] {processor.py:161} INFO - Started process (PID=5267) to work on /opt/airflow/dags/youtube_pipeline.py
[2026-08-31T11:53:21.614+0000] {processor.py:830} INFO - Processing file /opt/airflow/dags/youtube_pipeline.py for tasks to queue
[2026-08-31T11:53:21.618+0000] {logging_mixin.py:188} INFO - [2026-08-31T11:53:21.617+0000] {dagbag.py:545} INFO - Filling up the DagBag from /opt/airflow/dags/youtube_pipeline.py
[2026-08-31T11:53:21.755+0000] {processor.py:840} INFO - DAG(s) 'youtube_english_video_pipeline' retrieved from /opt/airflow/dags/youtube_pipeline.py
[2026-08-31T11:53:21.805+0000] {logging_mixin.py:188} INFO - [2026-08-31T11:53:21.804+0000] {dag.py:3089} INFO - Sync 1 DAGs
[2026-08-31T11:53:21.867+0000] {processor.py:183} INFO - Processing /opt/airflow/dags/youtube_pipeline.py took 0.273 seconds
[2026-08-31T11:53:52.401+0000] {processor.py:161} INFO - Started process (PID=5272) to work on /opt/airflow/dags/youtube_pipeline.py
[2026-08-31T11:53:52.404+0000] {processor.py:830} INFO - Processing file /opt/airflow/dags/youtube_pipeline.py for tasks to queue
[2026-08-31T11:53:52.411+0000] {logging_mixin.py:188} INFO - [2026-08-31T11:53:52.410+0000] {dagbag.py:545} INFO - Filling up the DagBag from /opt/airflow/dags/youtube_pipeline.py
[2026-08-31T11:53:52.557+0000] {processor.py:840} INFO - DAG(s) 'youtube_english_video_pipeline' retrieved from /opt/airflow/dags/youtube_pipeline.py
[2026-08-31T11:53:52.657+0000] {logging_mixin.py:188} INFO - [2026-08-31T11:53:52.657+0000] {dag.py:3089} INFO - Sync 1 DAGs
[2026-08-31T11:53:52.742+0000] {processor.py:183} INFO - Processing /opt/airflow/dags/youtube_pipeline.py took 0.356 seconds
