[2026-07-26T06:18:00.776+0000] {local_task_job_runner.py:120} INFO - ::group::Pre task execution logs
[2026-07-26T06:18:00.825+0000] {taskinstance.py:2076} INFO - Dependencies all met for dep_context=non-requeueable deps ti=<TaskInstance: youtube_english_video_pipeline.upload_short_video_1 manual__2026-07-26T06:16:19.799239+00:00 [queued]>
[2026-07-26T06:18:00.834+0000] {taskinstance.py:2076} INFO - Dependencies all met for dep_context=requeueable deps ti=<TaskInstance: youtube_english_video_pipeline.upload_short_video_1 manual__2026-07-26T06:16:19.799239+00:00 [queued]>
[2026-07-26T06:18:00.836+0000] {taskinstance.py:2306} INFO - Starting attempt 1 of 3
[2026-07-26T06:18:00.854+0000] {taskinstance.py:2330} INFO - Executing <Task(PythonOperator): upload_short_video_1> on 2026-07-26 06:16:19.799239+00:00
[2026-07-26T06:18:00.859+0000] {standard_task_runner.py:64} INFO - Started process 16872 to run task
[2026-07-26T06:18:00.863+0000] {standard_task_runner.py:90} INFO - Running: ['airflow', 'tasks', 'run', 'youtube_english_video_pipeline', 'upload_short_video_1', 'manual__2026-07-26T06:16:19.799239+00:00', '--job-id', '344', '--raw', '--subdir', 'DAGS_FOLDER/youtube_pipeline.py', '--cfg-path', '/tmp/tmp5aqi_wz5']
[2026-07-26T06:18:00.867+0000] {standard_task_runner.py:91} INFO - Job 344: Subtask upload_short_video_1
[2026-07-26T06:18:00.970+0000] {task_command.py:426} INFO - Running <TaskInstance: youtube_english_video_pipeline.upload_short_video_1 manual__2026-07-26T06:16:19.799239+00:00 [running]> on host cc859d74cf38
[2026-07-26T06:18:01.284+0000] {taskinstance.py:2648} INFO - Exporting env vars: AIRFLOW_CTX_DAG_OWNER='taky' AIRFLOW_CTX_DAG_ID='youtube_english_video_pipeline' AIRFLOW_CTX_TASK_ID='upload_short_video_1' AIRFLOW_CTX_EXECUTION_DATE='2026-07-26T06:16:19.799239+00:00' AIRFLOW_CTX_TRY_NUMBER='1' AIRFLOW_CTX_DAG_RUN_ID='manual__2026-07-26T06:16:19.799239+00:00'
[2026-07-26T06:18:01.286+0000] {taskinstance.py:430} INFO - ::endgroup::
[2026-07-26T06:18:02.289+0000] {__init__.py:49} INFO - file_cache is only supported with oauth2client<4.0.0
[2026-07-26T06:18:02.314+0000] {logging_mixin.py:188} INFO - 2026-07-26 06:18:02,314 | INFO     | uploader.youtube_uploader | Uploading video 'How to Order Food "To Go" in English! 🍔 #Shorts' (/opt/airflow/output/videos/short_536.mp4) to YouTube...
[2026-07-26T06:18:07.283+0000] {logging_mixin.py:188} INFO - 2026-07-26 06:18:07,283 | INFO     | uploader.youtube_uploader | Upload complete. YouTube video id = MfYxHZOM1cs
[2026-07-26T06:18:07.302+0000] {python.py:237} INFO - Done. Returned value was: MfYxHZOM1cs
[2026-07-26T06:18:07.304+0000] {taskinstance.py:441} INFO - ::group::Post task execution logs
[2026-07-26T06:18:07.346+0000] {taskinstance.py:1206} INFO - Marking task as SUCCESS. dag_id=youtube_english_video_pipeline, task_id=upload_short_video_1, run_id=manual__2026-07-26T06:16:19.799239+00:00, execution_date=20260726T061619, start_date=20260726T061800, end_date=20260726T061807
[2026-07-26T06:18:07.377+0000] {local_task_job_runner.py:243} INFO - Task exited with return code 0
[2026-07-26T06:18:07.631+0000] {taskinstance.py:3503} INFO - 1 downstream tasks scheduled from follow-on schedule check
[2026-07-26T06:18:07.636+0000] {local_task_job_runner.py:222} INFO - ::endgroup::
