[2026-08-11T02:34:10.227+0000] {local_task_job_runner.py:120} INFO - ::group::Pre task execution logs
[2026-08-11T02:34:10.298+0000] {taskinstance.py:2076} INFO - Dependencies all met for dep_context=non-requeueable deps ti=<TaskInstance: youtube_english_video_pipeline.upload_short_video_3 manual__2026-08-11T02:25:49.703167+00:00 [queued]>
[2026-08-11T02:34:10.322+0000] {taskinstance.py:2076} INFO - Dependencies all met for dep_context=requeueable deps ti=<TaskInstance: youtube_english_video_pipeline.upload_short_video_3 manual__2026-08-11T02:25:49.703167+00:00 [queued]>
[2026-08-11T02:34:10.330+0000] {taskinstance.py:2306} INFO - Starting attempt 1 of 3
[2026-08-11T02:34:10.352+0000] {taskinstance.py:2330} INFO - Executing <Task(PythonOperator): upload_short_video_3> on 2026-08-11 02:25:49.703167+00:00
[2026-08-11T02:34:10.362+0000] {standard_task_runner.py:64} INFO - Started process 89514 to run task
[2026-08-11T02:34:10.365+0000] {standard_task_runner.py:90} INFO - Running: ['airflow', 'tasks', 'run', 'youtube_english_video_pipeline', 'upload_short_video_3', 'manual__2026-08-11T02:25:49.703167+00:00', '--job-id', '646', '--raw', '--subdir', 'DAGS_FOLDER/youtube_pipeline.py', '--cfg-path', '/tmp/tmpgo946txs']
[2026-08-11T02:34:10.371+0000] {standard_task_runner.py:91} INFO - Job 646: Subtask upload_short_video_3
[2026-08-11T02:34:10.464+0000] {task_command.py:426} INFO - Running <TaskInstance: youtube_english_video_pipeline.upload_short_video_3 manual__2026-08-11T02:25:49.703167+00:00 [running]> on host cc859d74cf38
[2026-08-11T02:34:10.711+0000] {taskinstance.py:2648} INFO - Exporting env vars: AIRFLOW_CTX_DAG_OWNER='taky' AIRFLOW_CTX_DAG_ID='youtube_english_video_pipeline' AIRFLOW_CTX_TASK_ID='upload_short_video_3' AIRFLOW_CTX_EXECUTION_DATE='2026-08-11T02:25:49.703167+00:00' AIRFLOW_CTX_TRY_NUMBER='1' AIRFLOW_CTX_DAG_RUN_ID='manual__2026-08-11T02:25:49.703167+00:00'
[2026-08-11T02:34:10.714+0000] {taskinstance.py:430} INFO - ::endgroup::
[2026-08-11T02:34:11.522+0000] {__init__.py:49} INFO - file_cache is only supported with oauth2client<4.0.0
[2026-08-11T02:34:11.544+0000] {logging_mixin.py:188} INFO - 2026-08-11 02:34:11,543 | INFO     | uploader.youtube_uploader | Uploading video 'Essential Airport English: Where is the baggage claim? ✈️ #Shorts' (/opt/airflow/output/videos/short_1493.mp4) to YouTube...
[2026-08-11T02:34:14.177+0000] {logging_mixin.py:188} INFO - 2026-08-11 02:34:14,177 | INFO     | uploader.youtube_uploader | Upload complete. YouTube video id = HbfvkyroowI
[2026-08-11T02:34:14.197+0000] {python.py:237} INFO - Done. Returned value was: HbfvkyroowI
[2026-08-11T02:34:14.200+0000] {taskinstance.py:441} INFO - ::group::Post task execution logs
[2026-08-11T02:34:14.229+0000] {taskinstance.py:1206} INFO - Marking task as SUCCESS. dag_id=youtube_english_video_pipeline, task_id=upload_short_video_3, run_id=manual__2026-08-11T02:25:49.703167+00:00, execution_date=20260811T022549, start_date=20260811T023410, end_date=20260811T023414
[2026-08-11T02:34:14.282+0000] {local_task_job_runner.py:243} INFO - Task exited with return code 0
[2026-08-11T02:34:14.470+0000] {taskinstance.py:3503} INFO - 1 downstream tasks scheduled from follow-on schedule check
[2026-08-11T02:34:14.476+0000] {local_task_job_runner.py:222} INFO - ::endgroup::
