[2026-08-05T13:21:56.239+0000] {local_task_job_runner.py:120} INFO - ::group::Pre task execution logs
[2026-08-05T13:21:56.284+0000] {taskinstance.py:2076} INFO - Dependencies all met for dep_context=non-requeueable deps ti=<TaskInstance: youtube_english_video_pipeline.build_short_video_1 scheduled__2026-08-04T12:00:00+00:00 [queued]>
[2026-08-05T13:21:56.297+0000] {taskinstance.py:2076} INFO - Dependencies all met for dep_context=requeueable deps ti=<TaskInstance: youtube_english_video_pipeline.build_short_video_1 scheduled__2026-08-04T12:00:00+00:00 [queued]>
[2026-08-05T13:21:56.303+0000] {taskinstance.py:2306} INFO - Starting attempt 1 of 3
[2026-08-05T13:21:56.319+0000] {taskinstance.py:2330} INFO - Executing <Task(PythonOperator): build_short_video_1> on 2026-08-04 12:00:00+00:00
[2026-08-05T13:21:56.335+0000] {standard_task_runner.py:64} INFO - Started process 79975 to run task
[2026-08-05T13:21:56.337+0000] {standard_task_runner.py:90} INFO - Running: ['airflow', 'tasks', 'run', 'youtube_english_video_pipeline', 'build_short_video_1', 'scheduled__2026-08-04T12:00:00+00:00', '--job-id', '615', '--raw', '--subdir', 'DAGS_FOLDER/youtube_pipeline.py', '--cfg-path', '/tmp/tmpkdzpvd48']
[2026-08-05T13:21:56.350+0000] {standard_task_runner.py:91} INFO - Job 615: Subtask build_short_video_1
[2026-08-05T13:21:56.478+0000] {task_command.py:426} INFO - Running <TaskInstance: youtube_english_video_pipeline.build_short_video_1 scheduled__2026-08-04T12:00:00+00:00 [running]> on host cc859d74cf38
[2026-08-05T13:21:56.722+0000] {taskinstance.py:2648} INFO - Exporting env vars: AIRFLOW_CTX_DAG_OWNER='taky' AIRFLOW_CTX_DAG_ID='youtube_english_video_pipeline' AIRFLOW_CTX_TASK_ID='build_short_video_1' AIRFLOW_CTX_EXECUTION_DATE='2026-08-04T12:00:00+00:00' AIRFLOW_CTX_TRY_NUMBER='1' AIRFLOW_CTX_DAG_RUN_ID='scheduled__2026-08-04T12:00:00+00:00'
[2026-08-05T13:21:56.724+0000] {taskinstance.py:430} INFO - ::endgroup::
[2026-08-05T13:21:57.805+0000] {logging_mixin.py:188} INFO - 2026-08-05 13:21:57,805 | INFO     | planner.video_planner | Planned SHORT video: topic='Airport English', phrases=1
[2026-08-05T13:21:58.648+0000] {logging_mixin.py:188} INFO - 2026-08-05 13:21:58,647 | INFO     | tts.edge_tts | Synthesized audio -> /opt/airflow/output/audio/phrase_1409.mp3
[2026-08-05T13:21:59.345+0000] {logging_mixin.py:188} INFO - 2026-08-05 13:21:59,345 | INFO     | tts.edge_tts | Synthesized audio -> /opt/airflow/output/audio/example_1409.mp3
[2026-08-05T13:22:00.737+0000] {logging_mixin.py:188} INFO - 2026-08-05 13:22:00,737 | INFO     | media.image_downloader | Downloaded background image for scene='airport' -> /opt/airflow/output/images/short_1409.jpg
[2026-08-05T13:22:05.915+0000] {logging_mixin.py:188} INFO - 2026-08-05 13:22:05,915 | WARNING  | video.video_builder | BGM file not found at /opt/airflow/assets/bgm/short_bgm.mp3, rendering without background music
[2026-08-05T13:22:08.449+0000] {logging_mixin.py:188} INFO - 2026-08-05 13:22:08,449 | INFO     | video.video_builder | Final video rendered -> /opt/airflow/output/videos/short_1409.mp4
[2026-08-05T13:22:16.127+0000] {python.py:237} INFO - Done. Returned value was: {'video_id': 168, 'file_path': '/opt/airflow/output/videos/short_1409.mp4', 'title': 'Essential Airport English: What Time Is Final Boarding? ✈️', 'description': 'Are you traveling soon? Learn crucial Airport English with Taky\'s Language School! ✈️\n\nBefore grabbing a quick snack at the airport, make sure you don\'t miss your flight! Use this practical phrase:\n\n🗣️ "What time is final boarding for flight 402?"\n\nMaster real-world spoken English for travel and speak with confidence at the gate.\n\nSubscribe to Taky\'s Language School for daily quick English lessons, travel vocabulary, and real-life conversation tips!\n\n#AirportEnglish #LearnEnglish #EnglishShorts #TravelEnglish #TakysLanguageSchool', 'tags': ['Airport English', 'Learn English', 'Travel English', 'Spoken English', "Taky's Language School", 'English Phrases', 'English Shorts', 'Airport Phrases', 'English Conversation', 'English Vocabulary'], 'video_type': 'short'}
[2026-08-05T13:22:16.128+0000] {taskinstance.py:441} INFO - ::group::Post task execution logs
[2026-08-05T13:22:16.214+0000] {taskinstance.py:1206} INFO - Marking task as SUCCESS. dag_id=youtube_english_video_pipeline, task_id=build_short_video_1, run_id=scheduled__2026-08-04T12:00:00+00:00, execution_date=20260804T120000, start_date=20260805T132156, end_date=20260805T132216
[2026-08-05T13:22:16.314+0000] {local_task_job_runner.py:243} INFO - Task exited with return code 0
[2026-08-05T13:22:15.526+0000] {taskinstance.py:3503} INFO - 1 downstream tasks scheduled from follow-on schedule check
[2026-08-05T13:22:15.533+0000] {local_task_job_runner.py:222} INFO - ::endgroup::
