[2026-08-11T02:42:13.298+0000] {local_task_job_runner.py:120} INFO - ::group::Pre task execution logs
[2026-08-11T02:42:13.351+0000] {taskinstance.py:2076} INFO - Dependencies all met for dep_context=non-requeueable deps ti=<TaskInstance: youtube_english_video_pipeline.upload_long_video_5 manual__2026-08-11T02:25:49.703167+00:00 [queued]>
[2026-08-11T02:42:13.372+0000] {taskinstance.py:2076} INFO - Dependencies all met for dep_context=requeueable deps ti=<TaskInstance: youtube_english_video_pipeline.upload_long_video_5 manual__2026-08-11T02:25:49.703167+00:00 [queued]>
[2026-08-11T02:42:13.377+0000] {taskinstance.py:2306} INFO - Starting attempt 1 of 3
[2026-08-11T02:42:13.400+0000] {taskinstance.py:2330} INFO - Executing <Task(PythonOperator): upload_long_video_5> on 2026-08-11 02:25:49.703167+00:00
[2026-08-11T02:42:13.409+0000] {standard_task_runner.py:64} INFO - Started process 98577 to run task
[2026-08-11T02:42:13.414+0000] {standard_task_runner.py:90} INFO - Running: ['airflow', 'tasks', 'run', 'youtube_english_video_pipeline', 'upload_long_video_5', 'manual__2026-08-11T02:25:49.703167+00:00', '--job-id', '658', '--raw', '--subdir', 'DAGS_FOLDER/youtube_pipeline.py', '--cfg-path', '/tmp/tmph4t4zw6l']
[2026-08-11T02:42:13.419+0000] {standard_task_runner.py:91} INFO - Job 658: Subtask upload_long_video_5
[2026-08-11T02:42:13.514+0000] {task_command.py:426} INFO - Running <TaskInstance: youtube_english_video_pipeline.upload_long_video_5 manual__2026-08-11T02:25:49.703167+00:00 [running]> on host cc859d74cf38
[2026-08-11T02:42:13.797+0000] {taskinstance.py:2648} INFO - Exporting env vars: AIRFLOW_CTX_DAG_OWNER='taky' AIRFLOW_CTX_DAG_ID='youtube_english_video_pipeline' AIRFLOW_CTX_TASK_ID='upload_long_video_5' AIRFLOW_CTX_EXECUTION_DATE='2026-08-11T02:25:49.703167+00:00' AIRFLOW_CTX_TRY_NUMBER='1' AIRFLOW_CTX_DAG_RUN_ID='manual__2026-08-11T02:25:49.703167+00:00'
[2026-08-11T02:42:13.799+0000] {taskinstance.py:430} INFO - ::endgroup::
[2026-08-11T02:42:14.352+0000] {__init__.py:49} INFO - file_cache is only supported with oauth2client<4.0.0
[2026-08-11T02:42:14.365+0000] {logging_mixin.py:188} INFO - 2026-08-11 02:42:14,365 | INFO     | uploader.youtube_uploader | Uploading video '20 Essential English Phrases For Daily Conversation | Speak Naturally' (/opt/airflow/output/videos/long_1500.mp4) to YouTube...
[2026-08-11T02:42:19.688+0000] {logging_mixin.py:188} INFO - 2026-08-11 02:42:19,688 | INFO     | uploader.youtube_uploader | Upload complete. YouTube video id = 49Yr59mzqoE
[2026-08-11T02:42:23.838+0000] {logging_mixin.py:188} INFO - 2026-08-11 02:42:23,838 | INFO     | uploader.youtube_uploader | Custom thumbnail uploaded.
[2026-08-11T02:42:23.854+0000] {python.py:237} INFO - Done. Returned value was: 49Yr59mzqoE
[2026-08-11T02:42:23.856+0000] {taskinstance.py:441} INFO - ::group::Post task execution logs
[2026-08-11T02:42:23.892+0000] {taskinstance.py:1206} INFO - Marking task as SUCCESS. dag_id=youtube_english_video_pipeline, task_id=upload_long_video_5, run_id=manual__2026-08-11T02:25:49.703167+00:00, execution_date=20260811T022549, start_date=20260811T024213, end_date=20260811T024223
[2026-08-11T02:42:23.945+0000] {local_task_job_runner.py:243} INFO - Task exited with return code 0
[2026-08-11T02:42:24.117+0000] {taskinstance.py:3503} INFO - 0 downstream tasks scheduled from follow-on schedule check
[2026-08-11T02:42:24.121+0000] {local_task_job_runner.py:222} INFO - ::endgroup::
