[2026-08-22T07:14:41.140+0000] {local_task_job_runner.py:120} INFO - ::group::Pre task execution logs
[2026-08-22T07:14:41.167+0000] {taskinstance.py:2076} INFO - Dependencies all met for dep_context=non-requeueable deps ti=<TaskInstance: youtube_english_video_pipeline.upload_long_video_2 scheduled__2026-08-20T12:00:00+00:00 [queued]>
[2026-08-22T07:14:41.173+0000] {taskinstance.py:2076} INFO - Dependencies all met for dep_context=requeueable deps ti=<TaskInstance: youtube_english_video_pipeline.upload_long_video_2 scheduled__2026-08-20T12:00:00+00:00 [queued]>
[2026-08-22T07:14:41.174+0000] {taskinstance.py:2306} INFO - Starting attempt 1 of 3
[2026-08-22T07:14:41.183+0000] {taskinstance.py:2330} INFO - Executing <Task(PythonOperator): upload_long_video_2> on 2026-08-20 12:00:00+00:00
[2026-08-22T07:14:41.187+0000] {standard_task_runner.py:64} INFO - Started process 76305 to run task
[2026-08-22T07:14:41.190+0000] {standard_task_runner.py:90} INFO - Running: ['airflow', 'tasks', 'run', 'youtube_english_video_pipeline', 'upload_long_video_2', 'scheduled__2026-08-20T12:00:00+00:00', '--job-id', '878', '--raw', '--subdir', 'DAGS_FOLDER/youtube_pipeline.py', '--cfg-path', '/tmp/tmpd0ib223z']
[2026-08-22T07:14:41.192+0000] {standard_task_runner.py:91} INFO - Job 878: Subtask upload_long_video_2
[2026-08-22T07:14:41.267+0000] {task_command.py:426} INFO - Running <TaskInstance: youtube_english_video_pipeline.upload_long_video_2 scheduled__2026-08-20T12:00:00+00:00 [running]> on host cc859d74cf38
[2026-08-22T07:14:41.457+0000] {taskinstance.py:2648} INFO - Exporting env vars: AIRFLOW_CTX_DAG_OWNER='taky' AIRFLOW_CTX_DAG_ID='youtube_english_video_pipeline' AIRFLOW_CTX_TASK_ID='upload_long_video_2' AIRFLOW_CTX_EXECUTION_DATE='2026-08-20T12:00:00+00:00' AIRFLOW_CTX_TRY_NUMBER='1' AIRFLOW_CTX_DAG_RUN_ID='scheduled__2026-08-20T12:00:00+00:00'
[2026-08-22T07:14:41.458+0000] {taskinstance.py:430} INFO - ::endgroup::
[2026-08-22T07:14:41.751+0000] {__init__.py:49} INFO - file_cache is only supported with oauth2client<4.0.0
[2026-08-22T07:14:41.760+0000] {logging_mixin.py:188} INFO - 2026-08-22 07:14:41,760 | INFO     | uploader.youtube_uploader | Uploading video '15 Daily English Expressions | Restaurant English' (/opt/airflow/output/videos/long_2263.mp4) to YouTube...
[2026-08-22T07:14:45.283+0000] {logging_mixin.py:188} INFO - 2026-08-22 07:14:45,283 | INFO     | uploader.youtube_uploader | Upload complete. YouTube video id = 1L7GabUme2k
[2026-08-22T07:14:49.119+0000] {logging_mixin.py:188} INFO - 2026-08-22 07:14:49,119 | INFO     | uploader.youtube_uploader | Custom thumbnail uploaded.
[2026-08-22T07:14:49.129+0000] {python.py:237} INFO - Done. Returned value was: 1L7GabUme2k
[2026-08-22T07:14:49.130+0000] {taskinstance.py:441} INFO - ::group::Post task execution logs
[2026-08-22T07:14:49.151+0000] {taskinstance.py:1206} INFO - Marking task as SUCCESS. dag_id=youtube_english_video_pipeline, task_id=upload_long_video_2, run_id=scheduled__2026-08-20T12:00:00+00:00, execution_date=20260820T120000, start_date=20260822T071441, end_date=20260822T071449
[2026-08-22T07:14:49.201+0000] {local_task_job_runner.py:243} INFO - Task exited with return code 0
[2026-08-22T07:14:49.350+0000] {taskinstance.py:3503} INFO - 1 downstream tasks scheduled from follow-on schedule check
[2026-08-22T07:14:49.353+0000] {local_task_job_runner.py:222} INFO - ::endgroup::
