[2026-07-28T12:43:09.006+0000] {local_task_job_runner.py:120} INFO - ::group::Pre task execution logs
[2026-07-28T12:43:09.042+0000] {taskinstance.py:2076} INFO - Dependencies all met for dep_context=non-requeueable deps ti=<TaskInstance: youtube_english_video_pipeline.upload_short_video_4 scheduled__2026-07-27T12:00:00+00:00 [queued]>
[2026-07-28T12:43:09.052+0000] {taskinstance.py:2076} INFO - Dependencies all met for dep_context=requeueable deps ti=<TaskInstance: youtube_english_video_pipeline.upload_short_video_4 scheduled__2026-07-27T12:00:00+00:00 [queued]>
[2026-07-28T12:43:09.054+0000] {taskinstance.py:2306} INFO - Starting attempt 1 of 3
[2026-07-28T12:43:09.071+0000] {taskinstance.py:2330} INFO - Executing <Task(PythonOperator): upload_short_video_4> on 2026-07-27 12:00:00+00:00
[2026-07-28T12:43:09.078+0000] {standard_task_runner.py:64} INFO - Started process 17693 to run task
[2026-07-28T12:43:09.083+0000] {standard_task_runner.py:90} INFO - Running: ['airflow', 'tasks', 'run', 'youtube_english_video_pipeline', 'upload_short_video_4', 'scheduled__2026-07-27T12:00:00+00:00', '--job-id', '504', '--raw', '--subdir', 'DAGS_FOLDER/youtube_pipeline.py', '--cfg-path', '/tmp/tmpoouid4i9']
[2026-07-28T12:43:09.086+0000] {standard_task_runner.py:91} INFO - Job 504: Subtask upload_short_video_4
[2026-07-28T12:43:09.178+0000] {task_command.py:426} INFO - Running <TaskInstance: youtube_english_video_pipeline.upload_short_video_4 scheduled__2026-07-27T12:00:00+00:00 [running]> on host cc859d74cf38
[2026-07-28T12:43:09.438+0000] {taskinstance.py:2648} INFO - Exporting env vars: AIRFLOW_CTX_DAG_OWNER='taky' AIRFLOW_CTX_DAG_ID='youtube_english_video_pipeline' AIRFLOW_CTX_TASK_ID='upload_short_video_4' AIRFLOW_CTX_EXECUTION_DATE='2026-07-27T12:00:00+00:00' AIRFLOW_CTX_TRY_NUMBER='1' AIRFLOW_CTX_DAG_RUN_ID='scheduled__2026-07-27T12:00:00+00:00'
[2026-07-28T12:43:09.440+0000] {taskinstance.py:430} INFO - ::endgroup::
[2026-07-28T12:43:09.801+0000] {__init__.py:49} INFO - file_cache is only supported with oauth2client<4.0.0
[2026-07-28T12:43:09.810+0000] {logging_mixin.py:188} INFO - 2026-07-28 12:43:09,810 | INFO     | uploader.youtube_uploader | Uploading video 'Sound Natural in English Small Talk! 💬 "That Sounds Great!" #Shorts' (/opt/airflow/output/videos/short_1107.mp4) to YouTube...
[2026-07-28T12:43:12.470+0000] {logging_mixin.py:188} INFO - 2026-07-28 12:43:12,470 | INFO     | uploader.youtube_uploader | Upload complete. YouTube video id = VzbxNpvM8IY
[2026-07-28T12:43:12.485+0000] {python.py:237} INFO - Done. Returned value was: VzbxNpvM8IY
[2026-07-28T12:43:12.486+0000] {taskinstance.py:441} INFO - ::group::Post task execution logs
[2026-07-28T12:43:12.518+0000] {taskinstance.py:1206} INFO - Marking task as SUCCESS. dag_id=youtube_english_video_pipeline, task_id=upload_short_video_4, run_id=scheduled__2026-07-27T12:00:00+00:00, execution_date=20260727T120000, start_date=20260728T124309, end_date=20260728T124312
[2026-07-28T12:43:12.557+0000] {local_task_job_runner.py:243} INFO - Task exited with return code 0
[2026-07-28T12:43:12.740+0000] {taskinstance.py:3503} INFO - 1 downstream tasks scheduled from follow-on schedule check
[2026-07-28T12:43:12.745+0000] {local_task_job_runner.py:222} INFO - ::endgroup::
