[2026-09-20T11:24:25.195+0000] {local_task_job_runner.py:120} INFO - ::group::Pre task execution logs
[2026-09-20T11:24:25.244+0000] {taskinstance.py:2076} INFO - Dependencies all met for dep_context=non-requeueable deps ti=<TaskInstance: youtube_english_video_pipeline.upload_long_video_8 manual__2026-09-20T11:03:20.949531+00:00 [queued]>
[2026-09-20T11:24:25.255+0000] {taskinstance.py:2076} INFO - Dependencies all met for dep_context=requeueable deps ti=<TaskInstance: youtube_english_video_pipeline.upload_long_video_8 manual__2026-09-20T11:03:20.949531+00:00 [queued]>
[2026-09-20T11:24:25.258+0000] {taskinstance.py:2306} INFO - Starting attempt 1 of 3
[2026-09-20T11:24:25.273+0000] {taskinstance.py:2330} INFO - Executing <Task(PythonOperator): upload_long_video_8> on 2026-09-20 11:03:20.949531+00:00
[2026-09-20T11:24:25.279+0000] {standard_task_runner.py:64} INFO - Started process 58383 to run task
[2026-09-20T11:24:25.284+0000] {standard_task_runner.py:90} INFO - Running: ['airflow', 'tasks', 'run', 'youtube_english_video_pipeline', 'upload_long_video_8', 'manual__2026-09-20T11:03:20.949531+00:00', '--job-id', '1351', '--raw', '--subdir', 'DAGS_FOLDER/youtube_pipeline.py', '--cfg-path', '/tmp/tmp_qczrfum']
[2026-09-20T11:24:25.287+0000] {standard_task_runner.py:91} INFO - Job 1351: Subtask upload_long_video_8
[2026-09-20T11:24:25.361+0000] {task_command.py:426} INFO - Running <TaskInstance: youtube_english_video_pipeline.upload_long_video_8 manual__2026-09-20T11:03:20.949531+00:00 [running]> on host 73b18333cdfe
[2026-09-20T11:24:25.660+0000] {taskinstance.py:2648} INFO - Exporting env vars: AIRFLOW_CTX_DAG_OWNER='taky' AIRFLOW_CTX_DAG_ID='youtube_english_video_pipeline' AIRFLOW_CTX_TASK_ID='upload_long_video_8' AIRFLOW_CTX_EXECUTION_DATE='2026-09-20T11:03:20.949531+00:00' AIRFLOW_CTX_TRY_NUMBER='1' AIRFLOW_CTX_DAG_RUN_ID='manual__2026-09-20T11:03:20.949531+00:00'
[2026-09-20T11:24:25.663+0000] {taskinstance.py:430} INFO - ::endgroup::
[2026-09-20T11:24:26.015+0000] {__init__.py:49} INFO - file_cache is only supported with oauth2client<4.0.0
[2026-09-20T11:24:26.025+0000] {logging_mixin.py:188} INFO - 2026-09-20 11:24:26,025 | INFO     | uploader.youtube_uploader | Uploading video 'Restaurant English: Essential Phrases for Ordering Food & Dining Out Like a Pro' (/opt/airflow/output/videos/long_3251.mp4) to YouTube...
[2026-09-20T11:24:29.652+0000] {logging_mixin.py:188} INFO - 2026-09-20 11:24:29,652 | INFO     | uploader.youtube_uploader | Upload complete. YouTube video id = Sk4yoA_zMHI
[2026-09-20T11:24:36.317+0000] {logging_mixin.py:188} INFO - 2026-09-20 11:24:36,316 | INFO     | uploader.youtube_uploader | Custom thumbnail uploaded.
[2026-09-20T11:24:36.344+0000] {python.py:237} INFO - Done. Returned value was: Sk4yoA_zMHI
[2026-09-20T11:24:36.344+0000] {taskinstance.py:441} INFO - ::group::Post task execution logs
[2026-09-20T11:24:36.383+0000] {taskinstance.py:1206} INFO - Marking task as SUCCESS. dag_id=youtube_english_video_pipeline, task_id=upload_long_video_8, run_id=manual__2026-09-20T11:03:20.949531+00:00, execution_date=20260920T110320, start_date=20260920T112425, end_date=20260920T112436
[2026-09-20T11:24:36.422+0000] {local_task_job_runner.py:243} INFO - Task exited with return code 0
[2026-09-20T11:24:36.665+0000] {taskinstance.py:3503} INFO - 1 downstream tasks scheduled from follow-on schedule check
[2026-09-20T11:24:36.678+0000] {local_task_job_runner.py:222} INFO - ::endgroup::
