[2026-08-22T06:41:37.472+0000] {local_task_job_runner.py:120} INFO - ::group::Pre task execution logs
[2026-08-22T06:41:37.513+0000] {taskinstance.py:2076} INFO - Dependencies all met for dep_context=non-requeueable deps ti=<TaskInstance: youtube_english_video_pipeline.upload_short_video_3 manual__2026-08-20T23:20:20.409177+00:00 [queued]>
[2026-08-22T06:41:37.530+0000] {taskinstance.py:2076} INFO - Dependencies all met for dep_context=requeueable deps ti=<TaskInstance: youtube_english_video_pipeline.upload_short_video_3 manual__2026-08-20T23:20:20.409177+00:00 [queued]>
[2026-08-22T06:41:37.533+0000] {taskinstance.py:2306} INFO - Starting attempt 1 of 3
[2026-08-22T06:41:37.553+0000] {taskinstance.py:2330} INFO - Executing <Task(PythonOperator): upload_short_video_3> on 2026-08-20 23:20:20.409177+00:00
[2026-08-22T06:41:37.560+0000] {standard_task_runner.py:64} INFO - Started process 58792 to run task
[2026-08-22T06:41:37.563+0000] {standard_task_runner.py:90} INFO - Running: ['airflow', 'tasks', 'run', 'youtube_english_video_pipeline', 'upload_short_video_3', 'manual__2026-08-20T23:20:20.409177+00:00', '--job-id', '849', '--raw', '--subdir', 'DAGS_FOLDER/youtube_pipeline.py', '--cfg-path', '/tmp/tmp2cgnzs7n']
[2026-08-22T06:41:37.566+0000] {standard_task_runner.py:91} INFO - Job 849: Subtask upload_short_video_3
[2026-08-22T06:41:37.664+0000] {task_command.py:426} INFO - Running <TaskInstance: youtube_english_video_pipeline.upload_short_video_3 manual__2026-08-20T23:20:20.409177+00:00 [running]> on host cc859d74cf38
[2026-08-22T06:41:37.967+0000] {taskinstance.py:2648} INFO - Exporting env vars: AIRFLOW_CTX_DAG_OWNER='taky' AIRFLOW_CTX_DAG_ID='youtube_english_video_pipeline' AIRFLOW_CTX_TASK_ID='upload_short_video_3' AIRFLOW_CTX_EXECUTION_DATE='2026-08-20T23:20:20.409177+00:00' AIRFLOW_CTX_TRY_NUMBER='1' AIRFLOW_CTX_DAG_RUN_ID='manual__2026-08-20T23:20:20.409177+00:00'
[2026-08-22T06:41:37.968+0000] {taskinstance.py:430} INFO - ::endgroup::
[2026-08-22T06:41:38.380+0000] {__init__.py:49} INFO - file_cache is only supported with oauth2client<4.0.0
[2026-08-22T06:41:38.388+0000] {logging_mixin.py:188} INFO - 2026-08-22 06:41:38,388 | INFO     | uploader.youtube_uploader | Uploading video 'Daily English Phrase | Airport English' (/opt/airflow/output/videos/short_2150.mp4) to YouTube...
[2026-08-22T06:41:40.875+0000] {logging_mixin.py:188} INFO - 2026-08-22 06:41:40,875 | INFO     | uploader.youtube_uploader | Upload complete. YouTube video id = o5JKak_sS5A
[2026-08-22T06:41:40.897+0000] {python.py:237} INFO - Done. Returned value was: o5JKak_sS5A
[2026-08-22T06:41:40.901+0000] {taskinstance.py:441} INFO - ::group::Post task execution logs
[2026-08-22T06:41:40.926+0000] {taskinstance.py:1206} INFO - Marking task as SUCCESS. dag_id=youtube_english_video_pipeline, task_id=upload_short_video_3, run_id=manual__2026-08-20T23:20:20.409177+00:00, execution_date=20260820T232020, start_date=20260822T064137, end_date=20260822T064140
[2026-08-22T06:41:40.959+0000] {local_task_job_runner.py:243} INFO - Task exited with return code 0
[2026-08-22T06:41:41.149+0000] {taskinstance.py:3503} INFO - 1 downstream tasks scheduled from follow-on schedule check
[2026-08-22T06:41:41.160+0000] {local_task_job_runner.py:222} INFO - ::endgroup::
