[2026-07-28T12:42:47.653+0000] {local_task_job_runner.py:120} INFO - ::group::Pre task execution logs
[2026-07-28T12:42:47.693+0000] {taskinstance.py:2076} INFO - Dependencies all met for dep_context=non-requeueable deps ti=<TaskInstance: youtube_english_video_pipeline.build_short_video_4 scheduled__2026-07-27T12:00:00+00:00 [queued]>
[2026-07-28T12:42:47.705+0000] {taskinstance.py:2076} INFO - Dependencies all met for dep_context=requeueable deps ti=<TaskInstance: youtube_english_video_pipeline.build_short_video_4 scheduled__2026-07-27T12:00:00+00:00 [queued]>
[2026-07-28T12:42:47.706+0000] {taskinstance.py:2306} INFO - Starting attempt 1 of 3
[2026-07-28T12:42:47.718+0000] {taskinstance.py:2330} INFO - Executing <Task(PythonOperator): build_short_video_4> on 2026-07-27 12:00:00+00:00
[2026-07-28T12:42:47.723+0000] {standard_task_runner.py:64} INFO - Started process 17440 to run task
[2026-07-28T12:42:47.728+0000] {standard_task_runner.py:90} INFO - Running: ['airflow', 'tasks', 'run', 'youtube_english_video_pipeline', 'build_short_video_4', 'scheduled__2026-07-27T12:00:00+00:00', '--job-id', '503', '--raw', '--subdir', 'DAGS_FOLDER/youtube_pipeline.py', '--cfg-path', '/tmp/tmpuunx96tt']
[2026-07-28T12:42:47.731+0000] {standard_task_runner.py:91} INFO - Job 503: Subtask build_short_video_4
[2026-07-28T12:42:47.816+0000] {task_command.py:426} INFO - Running <TaskInstance: youtube_english_video_pipeline.build_short_video_4 scheduled__2026-07-27T12:00:00+00:00 [running]> on host cc859d74cf38
[2026-07-28T12:42:48.056+0000] {taskinstance.py:2648} INFO - Exporting env vars: AIRFLOW_CTX_DAG_OWNER='taky' AIRFLOW_CTX_DAG_ID='youtube_english_video_pipeline' AIRFLOW_CTX_TASK_ID='build_short_video_4' AIRFLOW_CTX_EXECUTION_DATE='2026-07-27T12:00:00+00:00' AIRFLOW_CTX_TRY_NUMBER='1' AIRFLOW_CTX_DAG_RUN_ID='scheduled__2026-07-27T12:00:00+00:00'
[2026-07-28T12:42:48.058+0000] {taskinstance.py:430} INFO - ::endgroup::
[2026-07-28T12:42:49.036+0000] {logging_mixin.py:188} INFO - 2026-07-28 12:42:49,036 | INFO     | planner.video_planner | Planned SHORT video: topic='Small Talk', phrases=1
[2026-07-28T12:42:49.461+0000] {logging_mixin.py:188} INFO - 2026-07-28 12:42:49,461 | INFO     | tts.edge_tts | Synthesized audio -> /opt/airflow/output/audio/phrase_1107.mp3
[2026-07-28T12:42:50.020+0000] {logging_mixin.py:188} INFO - 2026-07-28 12:42:50,020 | INFO     | tts.edge_tts | Synthesized audio -> /opt/airflow/output/audio/example_1107.mp3
[2026-07-28T12:42:50.722+0000] {logging_mixin.py:188} INFO - 2026-07-28 12:42:50,722 | INFO     | media.image_downloader | Downloaded background image for scene='nature' -> /opt/airflow/output/images/short_1107.jpg
[2026-07-28T12:42:56.373+0000] {logging_mixin.py:188} INFO - 2026-07-28 12:42:56,373 | WARNING  | video.video_builder | BGM file not found at /opt/airflow/assets/bgm/short_bgm.mp3, rendering without background music
[2026-07-28T12:42:58.359+0000] {logging_mixin.py:188} INFO - 2026-07-28 12:42:58,359 | INFO     | video.video_builder | Final video rendered -> /opt/airflow/output/videos/short_1107.mp4
[2026-07-28T12:43:08.197+0000] {python.py:237} INFO - Done. Returned value was: {'video_id': 129, 'file_path': '/opt/airflow/output/videos/short_1107.mp4', 'title': 'Sound Natural in English Small Talk! 💬 "That Sounds Great!" #Shorts', 'description': 'Improve your spoken English with Taky\'s Language School! 💬\n\nLearn how to use the phrase "That sounds great!" in everyday English small talk. Use this expression when someone makes a suggestion or plan that you agree with!\n\nExample:\n"If you want to go hiking on Saturday, that sounds great to me!"\n\nSubscribe to Taky\'s Language School for daily spoken English tips and natural conversation phrases!\n\n#LearnEnglish #EnglishPhrases #SmallTalk #TakysLanguageSchool #SpeakEnglish #ESL #EnglishShorts', 'tags': ["Taky's Language School", 'English small talk', 'that sounds great', 'learn English phrases', 'speak English naturally', 'spoken English', 'English conversation tips', 'ESL learning', 'English shorts', 'daily English phrases'], 'video_type': 'short'}
[2026-07-28T12:43:08.198+0000] {taskinstance.py:441} INFO - ::group::Post task execution logs
[2026-07-28T12:43:08.227+0000] {taskinstance.py:1206} INFO - Marking task as SUCCESS. dag_id=youtube_english_video_pipeline, task_id=build_short_video_4, run_id=scheduled__2026-07-27T12:00:00+00:00, execution_date=20260727T120000, start_date=20260728T124247, end_date=20260728T124308
[2026-07-28T12:43:08.300+0000] {local_task_job_runner.py:243} INFO - Task exited with return code 0
[2026-07-28T12:43:08.473+0000] {taskinstance.py:3503} INFO - 1 downstream tasks scheduled from follow-on schedule check
[2026-07-28T12:43:08.477+0000] {local_task_job_runner.py:222} INFO - ::endgroup::
