[2026-08-11T13:43:28.783+0000] {local_task_job_runner.py:120} INFO - ::group::Pre task execution logs
[2026-08-11T13:43:28.833+0000] {taskinstance.py:2076} INFO - Dependencies all met for dep_context=non-requeueable deps ti=<TaskInstance: youtube_english_video_pipeline.build_short_video_3 scheduled__2026-08-10T12:00:00+00:00 [queued]>
[2026-08-11T13:43:28.850+0000] {taskinstance.py:2076} INFO - Dependencies all met for dep_context=requeueable deps ti=<TaskInstance: youtube_english_video_pipeline.build_short_video_3 scheduled__2026-08-10T12:00:00+00:00 [queued]>
[2026-08-11T13:43:28.856+0000] {taskinstance.py:2306} INFO - Starting attempt 1 of 3
[2026-08-11T13:43:28.874+0000] {taskinstance.py:2330} INFO - Executing <Task(PythonOperator): build_short_video_3> on 2026-08-10 12:00:00+00:00
[2026-08-11T13:43:28.885+0000] {standard_task_runner.py:64} INFO - Started process 21595 to run task
[2026-08-11T13:43:28.888+0000] {standard_task_runner.py:90} INFO - Running: ['airflow', 'tasks', 'run', 'youtube_english_video_pipeline', 'build_short_video_3', 'scheduled__2026-08-10T12:00:00+00:00', '--job-id', '695', '--raw', '--subdir', 'DAGS_FOLDER/youtube_pipeline.py', '--cfg-path', '/tmp/tmpnddiaw73']
[2026-08-11T13:43:28.893+0000] {standard_task_runner.py:91} INFO - Job 695: Subtask build_short_video_3
[2026-08-11T13:43:28.998+0000] {task_command.py:426} INFO - Running <TaskInstance: youtube_english_video_pipeline.build_short_video_3 scheduled__2026-08-10T12:00:00+00:00 [running]> on host cc859d74cf38
[2026-08-11T13:43:29.254+0000] {taskinstance.py:2648} INFO - Exporting env vars: AIRFLOW_CTX_DAG_OWNER='taky' AIRFLOW_CTX_DAG_ID='youtube_english_video_pipeline' AIRFLOW_CTX_TASK_ID='build_short_video_3' AIRFLOW_CTX_EXECUTION_DATE='2026-08-10T12:00:00+00:00' AIRFLOW_CTX_TRY_NUMBER='1' AIRFLOW_CTX_DAG_RUN_ID='scheduled__2026-08-10T12:00:00+00:00'
[2026-08-11T13:43:29.255+0000] {taskinstance.py:430} INFO - ::endgroup::
[2026-08-11T13:43:31.156+0000] {logging_mixin.py:188} INFO - 2026-08-11 13:43:31,155 | INFO     | planner.video_planner | Planned SHORT video: topic='Daily Conversation', phrases=1
[2026-08-11T13:43:31.880+0000] {logging_mixin.py:188} INFO - 2026-08-11 13:43:31,880 | INFO     | tts.edge_tts | Synthesized audio -> /opt/airflow/output/audio/phrase_1661.mp3
[2026-08-11T13:43:32.476+0000] {logging_mixin.py:188} INFO - 2026-08-11 13:43:32,476 | INFO     | tts.edge_tts | Synthesized audio -> /opt/airflow/output/audio/example_1661.mp3
[2026-08-11T13:43:33.722+0000] {logging_mixin.py:188} INFO - 2026-08-11 13:43:33,722 | INFO     | media.image_downloader | Downloaded background image for scene='office' -> /opt/airflow/output/images/short_1661.jpg
[2026-08-11T13:43:40.656+0000] {logging_mixin.py:188} INFO - 2026-08-11 13:43:40,656 | WARNING  | video.video_builder | BGM file not found at /opt/airflow/assets/bgm/short_bgm.mp3, rendering without background music
[2026-08-11T13:43:42.461+0000] {logging_mixin.py:188} INFO - 2026-08-11 13:43:42,461 | INFO     | video.video_builder | Final video rendered -> /opt/airflow/output/videos/short_1661.mp4
[2026-08-11T13:43:51.449+0000] {python.py:237} INFO - Done. Returned value was: {'video_id': 196, 'file_path': '/opt/airflow/output/videos/short_1661.mp4', 'title': 'How to Ask for Help in English: "Could you give me a hand?" #Shorts', 'description': 'Learn how to ask for help naturally in daily English with Taky\'s Language School! 💬\n\nIn this short lesson, learn how to use the popular spoken phrase: "Could you give me a hand?"\n\nExample:\n"I am trying to move this heavy desk, could you give me a hand?"\n\nMeaning:\nThis is a friendly, common way to ask someone to help you with a physical or everyday task.\n\nSubscribe to Taky\'s Language School for quick daily English tips and phrases!\n\n#LearnEnglish #EnglishPhrases #DailyEnglish #SpokenEnglish #Shorts #TakysLanguageSchool', 'tags': ['learn english', 'english phrases', 'daily english conversation', 'could you give me a hand', 'how to ask for help in english', 'spoken english', 'english lesson', "taky's language school", 'english shorts', 'speak english naturally', 'english vocabulary'], 'video_type': 'short'}
[2026-08-11T13:43:51.454+0000] {taskinstance.py:441} INFO - ::group::Post task execution logs
[2026-08-11T13:43:51.482+0000] {taskinstance.py:1206} INFO - Marking task as SUCCESS. dag_id=youtube_english_video_pipeline, task_id=build_short_video_3, run_id=scheduled__2026-08-10T12:00:00+00:00, execution_date=20260810T120000, start_date=20260811T134328, end_date=20260811T134351
[2026-08-11T13:43:51.554+0000] {local_task_job_runner.py:243} INFO - Task exited with return code 0
[2026-08-11T13:43:51.747+0000] {taskinstance.py:3503} INFO - 1 downstream tasks scheduled from follow-on schedule check
[2026-08-11T13:43:51.758+0000] {local_task_job_runner.py:222} INFO - ::endgroup::
