[2026-07-23T12:37:51.538+0000] {local_task_job_runner.py:120} INFO - ::group::Pre task execution logs
[2026-07-23T12:37:51.562+0000] {taskinstance.py:2076} INFO - Dependencies all met for dep_context=non-requeueable deps ti=<TaskInstance: youtube_english_video_pipeline.build_short_video manual__2026-07-23T12:37:48.903095+00:00 [queued]>
[2026-07-23T12:37:51.566+0000] {taskinstance.py:2076} INFO - Dependencies all met for dep_context=requeueable deps ti=<TaskInstance: youtube_english_video_pipeline.build_short_video manual__2026-07-23T12:37:48.903095+00:00 [queued]>
[2026-07-23T12:37:51.567+0000] {taskinstance.py:2306} INFO - Starting attempt 1 of 3
[2026-07-23T12:37:51.576+0000] {taskinstance.py:2330} INFO - Executing <Task(PythonOperator): build_short_video> on 2026-07-23 12:37:48.903095+00:00
[2026-07-23T12:37:51.580+0000] {standard_task_runner.py:64} INFO - Started process 3812 to run task
[2026-07-23T12:37:51.582+0000] {standard_task_runner.py:90} INFO - Running: ['airflow', 'tasks', 'run', 'youtube_english_video_pipeline', 'build_short_video', 'manual__2026-07-23T12:37:48.903095+00:00', '--job-id', '65', '--raw', '--subdir', 'DAGS_FOLDER/youtube_pipeline.py', '--cfg-path', '/tmp/tmpy0j3o203']
[2026-07-23T12:37:51.584+0000] {standard_task_runner.py:91} INFO - Job 65: Subtask build_short_video
[2026-07-23T12:37:51.652+0000] {task_command.py:426} INFO - Running <TaskInstance: youtube_english_video_pipeline.build_short_video manual__2026-07-23T12:37:48.903095+00:00 [running]> on host 78117f1d7858
[2026-07-23T12:37:51.863+0000] {taskinstance.py:2648} INFO - Exporting env vars: AIRFLOW_CTX_DAG_OWNER='taky' AIRFLOW_CTX_DAG_ID='youtube_english_video_pipeline' AIRFLOW_CTX_TASK_ID='build_short_video' AIRFLOW_CTX_EXECUTION_DATE='2026-07-23T12:37:48.903095+00:00' AIRFLOW_CTX_TRY_NUMBER='1' AIRFLOW_CTX_DAG_RUN_ID='manual__2026-07-23T12:37:48.903095+00:00'
[2026-07-23T12:37:51.867+0000] {taskinstance.py:430} INFO - ::endgroup::
[2026-07-23T12:37:52.824+0000] {logging_mixin.py:188} INFO - 2026-07-23 12:37:52,824 | INFO     | planner.video_planner | Planned SHORT video: topic='Daily English', phrases=1
[2026-07-23T12:37:53.274+0000] {logging_mixin.py:188} INFO - 2026-07-23 12:37:53,274 | INFO     | tts.edge_tts | Synthesized audio -> /opt/airflow/output/audio/phrase_59.mp3
[2026-07-23T12:37:53.559+0000] {logging_mixin.py:188} INFO - 2026-07-23 12:37:53,559 | INFO     | tts.edge_tts | Synthesized audio -> /opt/airflow/output/audio/example_59.mp3
[2026-07-23T12:37:54.320+0000] {logging_mixin.py:188} INFO - 2026-07-23 12:37:54,320 | INFO     | media.image_downloader | Downloaded background image for scene='cafe' -> /opt/airflow/output/images/short_59.jpg
[2026-07-23T12:37:54.324+0000] {logging_mixin.py:188} INFO - 2026-07-23 12:37:54,324 | INFO     | video.video_builder | Running ffmpeg: ffmpeg -y -i /opt/airflow/output/audio/phrase_59.mp3 -i /opt/airflow/output/audio/example_59.mp3 -filter_complex [0:a]apad=pad_dur=0.4[a0];[a0][1:a]concat=n=2:v=0:a=1[aout] -map [aout] /opt/airflow/output/videos/_tmp/short_59_raw.audio.mp3
[2026-07-23T12:37:54.424+0000] {logging_mixin.py:188} INFO - 2026-07-23 12:37:54,424 | INFO     | video.video_builder | Running ffmpeg: ffmpeg -y -loop 1 -i /opt/airflow/output/images/short_59.jpg -i /opt/airflow/output/videos/_tmp/short_59_raw.audio.mp3 -vf scale=1080:1920:force_original_aspect_ratio=increase,crop=1080:1920,drawtext=fontfile='/opt/airflow/assets/fonts/NotoSansJP-Bold.ttf':text='Do you have free Wi-Fi?':fontcolor=FFFFFF:fontsize=72:x=(w-text_w)/2:y=(h*0.35):box=1:boxcolor=black@0.45:boxborderw=20,drawtext=fontfile='/opt/airflow/assets/fonts/NotoSansJP-Bold.ttf':text='Excuse me, do you have free Wi-Fi here?':fontcolor=FFD54A:fontsize=43:x=(w-text_w)/2:y=(h*0.55):box=1:boxcolor=black@0.45:boxborderw=16 -c:v libx264 -tune stillimage -pix_fmt yuv420p -c:a aac -b:a 192k -shortest -r 30 /opt/airflow/output/videos/_tmp/short_59_raw.mp4
[2026-07-23T12:37:57.084+0000] {logging_mixin.py:188} INFO - 2026-07-23 12:37:57,084 | INFO     | media.subtitle_generator | Wrote subtitle file -> /opt/airflow/output/subtitles/short_59.srt
[2026-07-23T12:37:57.087+0000] {logging_mixin.py:188} INFO - 2026-07-23 12:37:57,087 | WARNING  | video.video_builder | BGM file not found at /opt/airflow/assets/bgm/short_bgm.mp3, rendering without background music
[2026-07-23T12:37:57.088+0000] {logging_mixin.py:188} INFO - 2026-07-23 12:37:57,088 | INFO     | video.video_builder | Running ffmpeg: ffmpeg -y -i /opt/airflow/output/videos/_tmp/short_59_raw.mp4 -vf subtitles='/opt/airflow/output/subtitles/short_59.srt' -c:v libx264 -pix_fmt yuv420p -c:a aac -b:a 192k /opt/airflow/output/videos/short_59.mp4
[2026-07-23T12:38:00.810+0000] {logging_mixin.py:188} INFO - 2026-07-23 12:38:00,809 | INFO     | video.video_builder | Final video rendered -> /opt/airflow/output/videos/short_59.mp4
[2026-07-23T12:38:07.398+0000] {python.py:237} INFO - Done. Returned value was: {'video_id': 11, 'file_path': '/opt/airflow/output/videos/short_59.mp4', 'title': 'Ask for Free Wi-Fi Like a Native Speaker! 📶 #Shorts', 'description': 'Need internet while traveling? Learn how to ask for free Wi-Fi in English naturally!\n\nIn this quick Daily English lesson from Taky\'s Language School, you\'ll learn a super useful phrase for everyday situations:\n\n👉 "Excuse me, do you have free Wi-Fi here?"\n\nPractice your spoken English with us and sound more confident every day!\n\nSubscribe to Taky\'s Language School for more daily English tips, practical phrases, and shorts!\n\n#DailyEnglish #LearnEnglish #EnglishPhrases #SpeakEnglish #TakysLanguageSchool #Shorts', 'tags': ['learn english', 'daily english', 'english phrases', 'spoken english', 'takys language school', 'ask for wifi in english', 'english for beginners', 'practical english', 'travel english', 'english shorts'], 'video_type': 'short'}
[2026-07-23T12:38:07.398+0000] {taskinstance.py:441} INFO - ::group::Post task execution logs
[2026-07-23T12:38:07.413+0000] {taskinstance.py:1206} INFO - Marking task as SUCCESS. dag_id=youtube_english_video_pipeline, task_id=build_short_video, run_id=manual__2026-07-23T12:37:48.903095+00:00, execution_date=20260723T123748, start_date=20260723T123751, end_date=20260723T123807
[2026-07-23T12:38:07.452+0000] {local_task_job_runner.py:243} INFO - Task exited with return code 0
[2026-07-23T12:38:07.466+0000] {taskinstance.py:3503} INFO - 1 downstream tasks scheduled from follow-on schedule check
[2026-07-23T12:38:07.469+0000] {local_task_job_runner.py:222} INFO - ::endgroup::
