[2026-09-20T12:00:18.069+0000] {local_task_job_runner.py:120} INFO - ::group::Pre task execution logs
[2026-09-20T12:00:18.094+0000] {taskinstance.py:2076} INFO - Dependencies all met for dep_context=non-requeueable deps ti=<TaskInstance: youtube_english_video_pipeline.build_long_video_1 scheduled__2026-09-19T12:00:00+00:00 [queued]>
[2026-09-20T12:00:18.099+0000] {taskinstance.py:2076} INFO - Dependencies all met for dep_context=requeueable deps ti=<TaskInstance: youtube_english_video_pipeline.build_long_video_1 scheduled__2026-09-19T12:00:00+00:00 [queued]>
[2026-09-20T12:00:18.099+0000] {taskinstance.py:2306} INFO - Starting attempt 1 of 3
[2026-09-20T12:00:18.108+0000] {taskinstance.py:2330} INFO - Executing <Task(PythonOperator): build_long_video_1> on 2026-09-19 12:00:00+00:00
[2026-09-20T12:00:18.111+0000] {standard_task_runner.py:64} INFO - Started process 65783 to run task
[2026-09-20T12:00:18.114+0000] {standard_task_runner.py:90} INFO - Running: ['airflow', 'tasks', 'run', 'youtube_english_video_pipeline', 'build_long_video_1', 'scheduled__2026-09-19T12:00:00+00:00', '--job-id', '1365', '--raw', '--subdir', 'DAGS_FOLDER/youtube_pipeline.py', '--cfg-path', '/tmp/tmp_02dg9uk']
[2026-09-20T12:00:18.115+0000] {standard_task_runner.py:91} INFO - Job 1365: Subtask build_long_video_1
[2026-09-20T12:00:18.163+0000] {task_command.py:426} INFO - Running <TaskInstance: youtube_english_video_pipeline.build_long_video_1 scheduled__2026-09-19T12:00:00+00:00 [running]> on host 73b18333cdfe
[2026-09-20T12:00:18.330+0000] {taskinstance.py:2648} INFO - Exporting env vars: AIRFLOW_CTX_DAG_OWNER='taky' AIRFLOW_CTX_DAG_ID='youtube_english_video_pipeline' AIRFLOW_CTX_TASK_ID='build_long_video_1' AIRFLOW_CTX_EXECUTION_DATE='2026-09-19T12:00:00+00:00' AIRFLOW_CTX_TRY_NUMBER='1' AIRFLOW_CTX_DAG_RUN_ID='scheduled__2026-09-19T12:00:00+00:00'
[2026-09-20T12:00:18.331+0000] {taskinstance.py:430} INFO - ::endgroup::
[2026-09-20T12:00:18.742+0000] {logging_mixin.py:188} INFO - 2026-09-20 12:00:18,742 | INFO     | planner.video_planner | Planned LONG video: topic='Travel English', phrases=20
[2026-09-20T12:00:18.949+0000] {logging_mixin.py:188} INFO - 2026-09-20 12:00:18,949 | INFO     | tts.edge_tts | Synthesized audio -> /opt/airflow/output/audio/phrase_3335.mp3
[2026-09-20T12:00:19.462+0000] {logging_mixin.py:188} INFO - 2026-09-20 12:00:19,462 | INFO     | tts.edge_tts | Synthesized audio -> /opt/airflow/output/audio/example_3335.mp3
[2026-09-20T12:00:19.897+0000] {logging_mixin.py:188} INFO - 2026-09-20 12:00:19,896 | INFO     | media.image_downloader | Downloaded background image for scene='hotel' -> /opt/airflow/output/images/long_3335.jpg
[2026-09-20T12:00:22.971+0000] {logging_mixin.py:188} INFO - 2026-09-20 12:00:22,971 | INFO     | tts.edge_tts | Synthesized audio -> /opt/airflow/output/audio/phrase_3344.mp3
[2026-09-20T12:00:23.289+0000] {logging_mixin.py:188} INFO - 2026-09-20 12:00:23,289 | INFO     | tts.edge_tts | Synthesized audio -> /opt/airflow/output/audio/example_3344.mp3
[2026-09-20T12:00:23.704+0000] {logging_mixin.py:188} INFO - 2026-09-20 12:00:23,704 | INFO     | media.image_downloader | Downloaded background image for scene='taxi' -> /opt/airflow/output/images/long_3344.jpg
[2026-09-20T12:00:27.385+0000] {logging_mixin.py:188} INFO - 2026-09-20 12:00:27,385 | INFO     | tts.edge_tts | Synthesized audio -> /opt/airflow/output/audio/phrase_3333.mp3
[2026-09-20T12:00:27.751+0000] {logging_mixin.py:188} INFO - 2026-09-20 12:00:27,751 | INFO     | tts.edge_tts | Synthesized audio -> /opt/airflow/output/audio/example_3333.mp3
[2026-09-20T12:00:28.510+0000] {logging_mixin.py:188} INFO - 2026-09-20 12:00:28,509 | INFO     | media.image_downloader | Downloaded background image for scene='street' -> /opt/airflow/output/images/long_3333.jpg
[2026-09-20T12:00:32.682+0000] {logging_mixin.py:188} INFO - 2026-09-20 12:00:32,681 | INFO     | tts.edge_tts | Synthesized audio -> /opt/airflow/output/audio/phrase_3334.mp3
[2026-09-20T12:00:33.036+0000] {logging_mixin.py:188} INFO - 2026-09-20 12:00:33,036 | INFO     | tts.edge_tts | Synthesized audio -> /opt/airflow/output/audio/example_3334.mp3
[2026-09-20T12:00:33.571+0000] {logging_mixin.py:188} INFO - 2026-09-20 12:00:33,571 | INFO     | media.image_downloader | Downloaded background image for scene='hotel' -> /opt/airflow/output/images/long_3334.jpg
[2026-09-20T12:00:37.214+0000] {logging_mixin.py:188} INFO - 2026-09-20 12:00:37,214 | INFO     | tts.edge_tts | Synthesized audio -> /opt/airflow/output/audio/phrase_3377.mp3
[2026-09-20T12:00:37.579+0000] {logging_mixin.py:188} INFO - 2026-09-20 12:00:37,578 | INFO     | tts.edge_tts | Synthesized audio -> /opt/airflow/output/audio/example_3377.mp3
[2026-09-20T12:00:38.195+0000] {logging_mixin.py:188} INFO - 2026-09-20 12:00:38,195 | INFO     | media.image_downloader | Downloaded background image for scene='street' -> /opt/airflow/output/images/long_3377.jpg
[2026-09-20T12:00:42.505+0000] {logging_mixin.py:188} INFO - 2026-09-20 12:00:42,505 | INFO     | tts.edge_tts | Synthesized audio -> /opt/airflow/output/audio/phrase_3380.mp3
[2026-09-20T12:00:42.848+0000] {logging_mixin.py:188} INFO - 2026-09-20 12:00:42,848 | INFO     | tts.edge_tts | Synthesized audio -> /opt/airflow/output/audio/example_3380.mp3
[2026-09-20T12:00:43.671+0000] {logging_mixin.py:188} INFO - 2026-09-20 12:00:43,671 | INFO     | media.image_downloader | Downloaded background image for scene='hotel lobby' -> /opt/airflow/output/images/long_3380.jpg
[2026-09-20T12:00:47.700+0000] {logging_mixin.py:188} INFO - 2026-09-20 12:00:47,700 | INFO     | tts.edge_tts | Synthesized audio -> /opt/airflow/output/audio/phrase_3381.mp3
[2026-09-20T12:00:48.089+0000] {logging_mixin.py:188} INFO - 2026-09-20 12:00:48,089 | INFO     | tts.edge_tts | Synthesized audio -> /opt/airflow/output/audio/example_3381.mp3
[2026-09-20T12:00:48.802+0000] {logging_mixin.py:188} INFO - 2026-09-20 12:00:48,802 | INFO     | media.image_downloader | Downloaded background image for scene='hotel room' -> /opt/airflow/output/images/long_3381.jpg
[2026-09-20T12:00:52.179+0000] {logging_mixin.py:188} INFO - 2026-09-20 12:00:52,179 | INFO     | tts.edge_tts | Synthesized audio -> /opt/airflow/output/audio/phrase_3391.mp3
[2026-09-20T12:00:52.460+0000] {logging_mixin.py:188} INFO - 2026-09-20 12:00:52,460 | INFO     | tts.edge_tts | Synthesized audio -> /opt/airflow/output/audio/example_3391.mp3
[2026-09-20T12:00:53.080+0000] {logging_mixin.py:188} INFO - 2026-09-20 12:00:53,080 | INFO     | media.image_downloader | Downloaded background image for scene='street' -> /opt/airflow/output/images/long_3391.jpg
[2026-09-20T12:00:56.451+0000] {logging_mixin.py:188} INFO - 2026-09-20 12:00:56,451 | INFO     | tts.edge_tts | Synthesized audio -> /opt/airflow/output/audio/phrase_3394.mp3
[2026-09-20T12:00:56.645+0000] {logging_mixin.py:188} INFO - 2026-09-20 12:00:56,645 | INFO     | tts.edge_tts | Synthesized audio -> /opt/airflow/output/audio/example_3394.mp3
[2026-09-20T12:00:57.055+0000] {logging_mixin.py:188} INFO - 2026-09-20 12:00:57,055 | INFO     | media.image_downloader | Downloaded background image for scene='bus stop' -> /opt/airflow/output/images/long_3394.jpg
[2026-09-20T12:01:00.202+0000] {logging_mixin.py:188} INFO - 2026-09-20 12:01:00,202 | INFO     | tts.edge_tts | Synthesized audio -> /opt/airflow/output/audio/phrase_3399.mp3
[2026-09-20T12:01:00.526+0000] {logging_mixin.py:188} INFO - 2026-09-20 12:01:00,526 | INFO     | tts.edge_tts | Synthesized audio -> /opt/airflow/output/audio/example_3399.mp3
[2026-09-20T12:01:01.201+0000] {logging_mixin.py:188} INFO - 2026-09-20 12:01:01,201 | INFO     | media.image_downloader | Downloaded background image for scene='street' -> /opt/airflow/output/images/long_3399.jpg
[2026-09-20T12:01:04.770+0000] {logging_mixin.py:188} INFO - 2026-09-20 12:01:04,770 | INFO     | tts.edge_tts | Synthesized audio -> /opt/airflow/output/audio/phrase_3406.mp3
[2026-09-20T12:01:05.127+0000] {logging_mixin.py:188} INFO - 2026-09-20 12:01:05,127 | INFO     | tts.edge_tts | Synthesized audio -> /opt/airflow/output/audio/example_3406.mp3
[2026-09-20T12:01:05.560+0000] {logging_mixin.py:188} INFO - 2026-09-20 12:01:05,560 | INFO     | media.image_downloader | Downloaded background image for scene='hotel' -> /opt/airflow/output/images/long_3406.jpg
[2026-09-20T12:01:09.382+0000] {logging_mixin.py:188} INFO - 2026-09-20 12:01:09,382 | INFO     | tts.edge_tts | Synthesized audio -> /opt/airflow/output/audio/phrase_3413.mp3
[2026-09-20T12:01:09.889+0000] {logging_mixin.py:188} INFO - 2026-09-20 12:01:09,889 | INFO     | tts.edge_tts | Synthesized audio -> /opt/airflow/output/audio/example_3413.mp3
[2026-09-20T12:01:10.309+0000] {logging_mixin.py:188} INFO - 2026-09-20 12:01:10,309 | INFO     | media.image_downloader | Downloaded background image for scene='airport' -> /opt/airflow/output/images/long_3413.jpg
[2026-09-20T12:01:14.305+0000] {logging_mixin.py:188} INFO - 2026-09-20 12:01:14,305 | INFO     | tts.edge_tts | Synthesized audio -> /opt/airflow/output/audio/phrase_3414.mp3
[2026-09-20T12:01:14.836+0000] {logging_mixin.py:188} INFO - 2026-09-20 12:01:14,836 | INFO     | tts.edge_tts | Synthesized audio -> /opt/airflow/output/audio/example_3414.mp3
[2026-09-20T12:01:15.536+0000] {logging_mixin.py:188} INFO - 2026-09-20 12:01:15,536 | INFO     | media.image_downloader | Downloaded background image for scene='train' -> /opt/airflow/output/images/long_3414.jpg
[2026-09-20T12:01:19.469+0000] {logging_mixin.py:188} INFO - 2026-09-20 12:01:19,469 | INFO     | tts.edge_tts | Synthesized audio -> /opt/airflow/output/audio/phrase_3416.mp3
[2026-09-20T12:01:19.646+0000] {logging_mixin.py:188} INFO - 2026-09-20 12:01:19,646 | INFO     | tts.edge_tts | Synthesized audio -> /opt/airflow/output/audio/example_3416.mp3
[2026-09-20T12:01:20.432+0000] {logging_mixin.py:188} INFO - 2026-09-20 12:01:20,432 | INFO     | media.image_downloader | Downloaded background image for scene='street' -> /opt/airflow/output/images/long_3416.jpg
[2026-09-20T12:01:23.919+0000] {logging_mixin.py:188} INFO - 2026-09-20 12:01:23,919 | INFO     | tts.edge_tts | Synthesized audio -> /opt/airflow/output/audio/phrase_3428.mp3
[2026-09-20T12:01:24.117+0000] {logging_mixin.py:188} INFO - 2026-09-20 12:01:24,117 | INFO     | tts.edge_tts | Synthesized audio -> /opt/airflow/output/audio/example_3428.mp3
[2026-09-20T12:01:24.871+0000] {logging_mixin.py:188} INFO - 2026-09-20 12:01:24,871 | INFO     | media.image_downloader | Downloaded background image for scene='street' -> /opt/airflow/output/images/long_3428.jpg
[2026-09-20T12:01:28.628+0000] {logging_mixin.py:188} INFO - 2026-09-20 12:01:28,628 | INFO     | tts.edge_tts | Synthesized audio -> /opt/airflow/output/audio/phrase_3429.mp3
[2026-09-20T12:01:28.978+0000] {logging_mixin.py:188} INFO - 2026-09-20 12:01:28,978 | INFO     | tts.edge_tts | Synthesized audio -> /opt/airflow/output/audio/example_3429.mp3
[2026-09-20T12:01:29.399+0000] {logging_mixin.py:188} INFO - 2026-09-20 12:01:29,399 | INFO     | media.image_downloader | Downloaded background image for scene='hotel' -> /opt/airflow/output/images/long_3429.jpg
[2026-09-20T12:01:32.784+0000] {logging_mixin.py:188} INFO - 2026-09-20 12:01:32,784 | INFO     | tts.edge_tts | Synthesized audio -> /opt/airflow/output/audio/phrase_3430.mp3
[2026-09-20T12:01:33.070+0000] {logging_mixin.py:188} INFO - 2026-09-20 12:01:33,070 | INFO     | tts.edge_tts | Synthesized audio -> /opt/airflow/output/audio/example_3430.mp3
[2026-09-20T12:01:33.535+0000] {logging_mixin.py:188} INFO - 2026-09-20 12:01:33,535 | INFO     | media.image_downloader | Downloaded background image for scene='hotel' -> /opt/airflow/output/images/long_3430.jpg
[2026-09-20T12:01:36.738+0000] {logging_mixin.py:188} INFO - 2026-09-20 12:01:36,738 | INFO     | tts.edge_tts | Synthesized audio -> /opt/airflow/output/audio/phrase_3442.mp3
[2026-09-20T12:01:37.086+0000] {logging_mixin.py:188} INFO - 2026-09-20 12:01:37,085 | INFO     | tts.edge_tts | Synthesized audio -> /opt/airflow/output/audio/example_3442.mp3
[2026-09-20T12:01:37.764+0000] {logging_mixin.py:188} INFO - 2026-09-20 12:01:37,764 | INFO     | media.image_downloader | Downloaded background image for scene='bus' -> /opt/airflow/output/images/long_3442.jpg
[2026-09-20T12:01:41.464+0000] {logging_mixin.py:188} INFO - 2026-09-20 12:01:41,464 | INFO     | tts.edge_tts | Synthesized audio -> /opt/airflow/output/audio/phrase_3443.mp3
[2026-09-20T12:01:41.671+0000] {logging_mixin.py:188} INFO - 2026-09-20 12:01:41,670 | INFO     | tts.edge_tts | Synthesized audio -> /opt/airflow/output/audio/example_3443.mp3
[2026-09-20T12:01:42.096+0000] {logging_mixin.py:188} INFO - 2026-09-20 12:01:42,096 | INFO     | media.image_downloader | Downloaded background image for scene='train' -> /opt/airflow/output/images/long_3443.jpg
[2026-09-20T12:01:45.958+0000] {logging_mixin.py:188} INFO - 2026-09-20 12:01:45,957 | INFO     | tts.edge_tts | Synthesized audio -> /opt/airflow/output/audio/phrase_3355.mp3
[2026-09-20T12:01:46.158+0000] {logging_mixin.py:188} INFO - 2026-09-20 12:01:46,158 | INFO     | tts.edge_tts | Synthesized audio -> /opt/airflow/output/audio/example_3355.mp3
[2026-09-20T12:01:46.658+0000] {logging_mixin.py:188} INFO - 2026-09-20 12:01:46,658 | INFO     | media.image_downloader | Downloaded background image for scene='city' -> /opt/airflow/output/images/long_3355.jpg
[2026-09-20T12:01:51.570+0000] {logging_mixin.py:188} INFO - 2026-09-20 12:01:51,570 | WARNING  | video.video_builder | BGM file not found at /opt/airflow/assets/bgm/long_bgm.mp3, rendering without background music
[2026-09-20T12:02:20.511+0000] {logging_mixin.py:188} INFO - 2026-09-20 12:02:20,511 | INFO     | video.video_builder | Final video rendered -> /opt/airflow/output/videos/long_3335.mp4
[2026-09-20T12:02:23.999+0000] {logging_mixin.py:188} INFO - 2026-09-20 12:02:23,999 | INFO     | media.thumbnail_builder | Built thumbnail -> /opt/airflow/output/thumbnails/long_3335.jpg
[2026-09-20T12:02:24.120+0000] {python.py:237} INFO - Done. Returned value was: {'video_id': 415, 'file_path': '/opt/airflow/output/videos/long_3335.mp4', 'thumbnail_path': '/opt/airflow/output/thumbnails/long_3335.jpg', 'title': "Travel English: 20 Essential Phrases for Your Next Trip | Taky's Language School", 'description': "Planning a trip abroad? Master these 20 essential Travel English phrases to navigate airports, hotels, and cities with confidence! In this video from Taky's Language School, we cover practical expressions for checking into hotels, asking for directions, using public transport, and more. Whether you are a beginner or looking to brush up on your conversational skills, these real-life examples will help you communicate clearly while traveling. Don't let the language barrier hold you back—learn how to ask for the nearest station, check out, and navigate transit like a local. Subscribe to Taky's Language School for more English lessons to help you speak fluently and travel stress-free!", 'tags': ['Travel English', 'English for travel', 'learn English', 'speak English', 'English phrases', "Taky's Language School", 'English for beginners', 'English conversation', 'how to speak English', 'travel phrases', 'English vocabulary'], 'video_type': 'long'}
[2026-09-20T12:02:24.120+0000] {taskinstance.py:441} INFO - ::group::Post task execution logs
[2026-09-20T12:02:24.138+0000] {taskinstance.py:1206} INFO - Marking task as SUCCESS. dag_id=youtube_english_video_pipeline, task_id=build_long_video_1, run_id=scheduled__2026-09-19T12:00:00+00:00, execution_date=20260919T120000, start_date=20260920T120018, end_date=20260920T120224
[2026-09-20T12:02:24.166+0000] {local_task_job_runner.py:243} INFO - Task exited with return code 0
[2026-09-20T12:02:24.314+0000] {taskinstance.py:3503} INFO - 1 downstream tasks scheduled from follow-on schedule check
[2026-09-20T12:02:24.318+0000] {local_task_job_runner.py:222} INFO - ::endgroup::
