[2026-09-22T00:29:37.873+0000] {local_task_job_runner.py:120} INFO - ::group::Pre task execution logs
[2026-09-22T00:29:37.937+0000] {taskinstance.py:2076} INFO - Dependencies all met for dep_context=non-requeueable deps ti=<TaskInstance: youtube_english_video_pipeline.upload_short_video_5 scheduled__2026-09-20T12:00:00+00:00 [queued]>
[2026-09-22T00:29:37.952+0000] {taskinstance.py:2076} INFO - Dependencies all met for dep_context=requeueable deps ti=<TaskInstance: youtube_english_video_pipeline.upload_short_video_5 scheduled__2026-09-20T12:00:00+00:00 [queued]>
[2026-09-22T00:29:37.954+0000] {taskinstance.py:2306} INFO - Starting attempt 1 of 3
[2026-09-22T00:29:37.978+0000] {taskinstance.py:2330} INFO - Executing <Task(PythonOperator): upload_short_video_5> on 2026-09-20 12:00:00+00:00
[2026-09-22T00:29:37.985+0000] {standard_task_runner.py:64} INFO - Started process 15445 to run task
[2026-09-22T00:29:37.990+0000] {standard_task_runner.py:90} INFO - Running: ['airflow', 'tasks', 'run', 'youtube_english_video_pipeline', 'upload_short_video_5', 'scheduled__2026-09-20T12:00:00+00:00', '--job-id', '1478', '--raw', '--subdir', 'DAGS_FOLDER/youtube_pipeline.py', '--cfg-path', '/tmp/tmp1g4l9ppc']
[2026-09-22T00:29:37.995+0000] {standard_task_runner.py:91} INFO - Job 1478: Subtask upload_short_video_5
[2026-09-22T00:29:38.091+0000] {task_command.py:426} INFO - Running <TaskInstance: youtube_english_video_pipeline.upload_short_video_5 scheduled__2026-09-20T12:00:00+00:00 [running]> on host 73b18333cdfe
[2026-09-22T00:29:38.397+0000] {taskinstance.py:2648} INFO - Exporting env vars: AIRFLOW_CTX_DAG_OWNER='taky' AIRFLOW_CTX_DAG_ID='youtube_english_video_pipeline' AIRFLOW_CTX_TASK_ID='upload_short_video_5' AIRFLOW_CTX_EXECUTION_DATE='2026-09-20T12:00:00+00:00' AIRFLOW_CTX_TRY_NUMBER='1' AIRFLOW_CTX_DAG_RUN_ID='scheduled__2026-09-20T12:00:00+00:00'
[2026-09-22T00:29:38.398+0000] {taskinstance.py:430} INFO - ::endgroup::
[2026-09-22T00:29:38.887+0000] {__init__.py:49} INFO - file_cache is only supported with oauth2client<4.0.0
[2026-09-22T00:29:38.902+0000] {logging_mixin.py:188} INFO - 2026-09-22 00:29:38,902 | INFO     | uploader.youtube_uploader | Uploading video 'General English: How to Ask Someone to Speak Slower' (/opt/airflow/output/videos/short_3531.mp4) to YouTube...
[2026-09-22T00:29:41.934+0000] {logging_mixin.py:188} INFO - 2026-09-22 00:29:41,934 | INFO     | uploader.youtube_uploader | Upload complete. YouTube video id = i1veJxafX9E
[2026-09-22T00:29:41.960+0000] {python.py:237} INFO - Done. Returned value was: i1veJxafX9E
[2026-09-22T00:29:41.962+0000] {taskinstance.py:441} INFO - ::group::Post task execution logs
[2026-09-22T00:29:42.016+0000] {taskinstance.py:1206} INFO - Marking task as SUCCESS. dag_id=youtube_english_video_pipeline, task_id=upload_short_video_5, run_id=scheduled__2026-09-20T12:00:00+00:00, execution_date=20260920T120000, start_date=20260922T002937, end_date=20260922T002942
[2026-09-22T00:29:42.072+0000] {local_task_job_runner.py:243} INFO - Task exited with return code 0
[2026-09-22T00:29:42.322+0000] {taskinstance.py:3503} INFO - 1 downstream tasks scheduled from follow-on schedule check
[2026-09-22T00:29:42.330+0000] {local_task_job_runner.py:222} INFO - ::endgroup::
