[2026-07-22T13:21:38.758+0000] {local_task_job_runner.py:120} INFO - ::group::Pre task execution logs
[2026-07-22T13:21:38.801+0000] {taskinstance.py:2076} INFO - Dependencies all met for dep_context=non-requeueable deps ti=<TaskInstance: youtube_english_video_pipeline.should_build_long_video manual__2026-07-22T13:21:35.721519+00:00 [queued]>
[2026-07-22T13:21:38.810+0000] {taskinstance.py:2076} INFO - Dependencies all met for dep_context=requeueable deps ti=<TaskInstance: youtube_english_video_pipeline.should_build_long_video manual__2026-07-22T13:21:35.721519+00:00 [queued]>
[2026-07-22T13:21:38.811+0000] {taskinstance.py:2306} INFO - Starting attempt 1 of 3
[2026-07-22T13:21:38.825+0000] {taskinstance.py:2330} INFO - Executing <Task(ShortCircuitOperator): should_build_long_video> on 2026-07-22 13:21:35.721519+00:00
[2026-07-22T13:21:38.831+0000] {standard_task_runner.py:64} INFO - Started process 9770 to run task
[2026-07-22T13:21:38.834+0000] {standard_task_runner.py:90} INFO - Running: ['airflow', 'tasks', 'run', 'youtube_english_video_pipeline', 'should_build_long_video', 'manual__2026-07-22T13:21:35.721519+00:00', '--job-id', '47', '--raw', '--subdir', 'DAGS_FOLDER/youtube_pipeline.py', '--cfg-path', '/tmp/tmp87pjz8yt']
[2026-07-22T13:21:38.839+0000] {standard_task_runner.py:91} INFO - Job 47: Subtask should_build_long_video
[2026-07-22T13:21:38.930+0000] {task_command.py:426} INFO - Running <TaskInstance: youtube_english_video_pipeline.should_build_long_video manual__2026-07-22T13:21:35.721519+00:00 [running]> on host 38df6585cc26
[2026-07-22T13:21:39.242+0000] {taskinstance.py:2648} INFO - Exporting env vars: AIRFLOW_CTX_DAG_OWNER='taky' AIRFLOW_CTX_DAG_ID='youtube_english_video_pipeline' AIRFLOW_CTX_TASK_ID='should_build_long_video' AIRFLOW_CTX_EXECUTION_DATE='2026-07-22T13:21:35.721519+00:00' AIRFLOW_CTX_TRY_NUMBER='1' AIRFLOW_CTX_DAG_RUN_ID='manual__2026-07-22T13:21:35.721519+00:00'
[2026-07-22T13:21:39.243+0000] {taskinstance.py:430} INFO - ::endgroup::
[2026-07-22T13:21:39.253+0000] {baseoperator.py:400} WARNING - ShortCircuitOperator.execute cannot be called outside TaskInstance!
[2026-07-22T13:21:39.254+0000] {python.py:237} INFO - Done. Returned value was: False
[2026-07-22T13:21:39.255+0000] {python.py:304} INFO - Condition result is False
[2026-07-22T13:21:39.256+0000] {python.py:331} INFO - Skipping downstream tasks
[2026-07-22T13:21:39.287+0000] {python.py:339} INFO - Done.
[2026-07-22T13:21:39.288+0000] {taskinstance.py:441} INFO - ::group::Post task execution logs
[2026-07-22T13:21:39.313+0000] {taskinstance.py:1206} INFO - Marking task as SUCCESS. dag_id=youtube_english_video_pipeline, task_id=should_build_long_video, run_id=manual__2026-07-22T13:21:35.721519+00:00, execution_date=20260722T132135, start_date=20260722T132138, end_date=20260722T132139
[2026-07-22T13:21:39.369+0000] {local_task_job_runner.py:243} INFO - Task exited with return code 0
[2026-07-22T13:21:39.391+0000] {taskinstance.py:3503} INFO - 0 downstream tasks scheduled from follow-on schedule check
[2026-07-22T13:21:39.395+0000] {local_task_job_runner.py:222} INFO - ::endgroup::
