[2026-07-21T12:34:57.952+0000] {local_task_job_runner.py:120} INFO - ::group::Pre task execution logs
[2026-07-21T12:34:57.990+0000] {taskinstance.py:2076} INFO - Dependencies all met for dep_context=non-requeueable deps ti=<TaskInstance: youtube_english_video_pipeline.build_long_video manual__2026-07-21T12:34:53.929810+00:00 [queued]>
[2026-07-21T12:34:57.999+0000] {taskinstance.py:2076} INFO - Dependencies all met for dep_context=requeueable deps ti=<TaskInstance: youtube_english_video_pipeline.build_long_video manual__2026-07-21T12:34:53.929810+00:00 [queued]>
[2026-07-21T12:34:58.000+0000] {taskinstance.py:2306} INFO - Starting attempt 1 of 3
[2026-07-21T12:34:58.011+0000] {taskinstance.py:2330} INFO - Executing <Task(PythonOperator): build_long_video> on 2026-07-21 12:34:53.929810+00:00
[2026-07-21T12:34:58.015+0000] {standard_task_runner.py:64} INFO - Started process 459 to run task
[2026-07-21T12:34:58.019+0000] {standard_task_runner.py:90} INFO - Running: ['airflow', 'tasks', 'run', 'youtube_english_video_pipeline', 'build_long_video', 'manual__2026-07-21T12:34:53.929810+00:00', '--job-id', '16', '--raw', '--subdir', 'DAGS_FOLDER/youtube_pipeline.py', '--cfg-path', '/tmp/tmplsjdngpg']
[2026-07-21T12:34:58.021+0000] {standard_task_runner.py:91} INFO - Job 16: Subtask build_long_video
[2026-07-21T12:34:58.092+0000] {task_command.py:426} INFO - Running <TaskInstance: youtube_english_video_pipeline.build_long_video manual__2026-07-21T12:34:53.929810+00:00 [running]> on host f86cc2fe9446
[2026-07-21T12:34:58.350+0000] {taskinstance.py:2648} INFO - Exporting env vars: AIRFLOW_CTX_DAG_OWNER='taky' AIRFLOW_CTX_DAG_ID='youtube_english_video_pipeline' AIRFLOW_CTX_TASK_ID='build_long_video' AIRFLOW_CTX_EXECUTION_DATE='2026-07-21T12:34:53.929810+00:00' AIRFLOW_CTX_TRY_NUMBER='1' AIRFLOW_CTX_DAG_RUN_ID='manual__2026-07-21T12:34:53.929810+00:00'
[2026-07-21T12:34:58.351+0000] {taskinstance.py:430} INFO - ::endgroup::
[2026-07-21T12:34:58.997+0000] {logging_mixin.py:188} INFO - 2026-07-21 12:34:58,997 | INFO     | planner.video_planner | Planned LONG video: topic='Travel English', phrases=20
[2026-07-21T12:34:59.259+0000] {taskinstance.py:441} INFO - ::group::Post task execution logs
[2026-07-21T12:34:59.261+0000] {taskinstance.py:2905} ERROR - Task failed with exception
Traceback (most recent call last):
  File "/home/airflow/.local/lib/python3.11/site-packages/airflow/models/taskinstance.py", line 465, in _execute_task
    result = _execute_callable(context=context, **execute_callable_kwargs)
             ^^^^^^^^^^^^^^^^^^^^^^^^^^^^^^^^^^^^^^^^^^^^^^^^^^^^^^^^^^^^^
  File "/home/airflow/.local/lib/python3.11/site-packages/airflow/models/taskinstance.py", line 432, in _execute_callable
    return execute_callable(context=context, **execute_callable_kwargs)
           ^^^^^^^^^^^^^^^^^^^^^^^^^^^^^^^^^^^^^^^^^^^^^^^^^^^^^^^^^^^^
  File "/home/airflow/.local/lib/python3.11/site-packages/airflow/models/baseoperator.py", line 401, in wrapper
    return func(self, *args, **kwargs)
           ^^^^^^^^^^^^^^^^^^^^^^^^^^^
  File "/home/airflow/.local/lib/python3.11/site-packages/airflow/operators/python.py", line 235, in execute
    return_value = self.execute_callable()
                   ^^^^^^^^^^^^^^^^^^^^^^^
  File "/home/airflow/.local/lib/python3.11/site-packages/airflow/operators/python.py", line 252, in execute_callable
    return self.python_callable(*self.op_args, **self.op_kwargs)
           ^^^^^^^^^^^^^^^^^^^^^^^^^^^^^^^^^^^^^^^^^^^^^^^^^^^^^
  File "/opt/airflow/dags/youtube_pipeline.py", line 85, in task_build_long_video
    result = build_long_video()
             ^^^^^^^^^^^^^^^^^^
  File "/opt/airflow/src/video/long_video.py", line 134, in build_long_video
    result = LongVideoPipeline().run()
             ^^^^^^^^^^^^^^^^^^^^^^^^^
  File "/opt/airflow/src/video/long_video.py", line 60, in run
    audio = self.tts.generate_for_phrase(phrase.id, phrase.phrase, phrase.example)
            ^^^^^^^^^^^^^^^^^^^^^^^^^^^^^^^^^^^^^^^^^^^^^^^^^^^^^^^^^^^^^^^^^^^^^^
  File "/opt/airflow/src/tts/edge_tts.py", line 50, in generate_for_phrase
    "phrase_audio": self.generate_phrase_audio(phrase_id, phrase),
                    ^^^^^^^^^^^^^^^^^^^^^^^^^^^^^^^^^^^^^^^^^^^^^
  File "/opt/airflow/src/tts/edge_tts.py", line 42, in generate_phrase_audio
    return synthesize_sync(text, self.phrase_voice, out_path)
           ^^^^^^^^^^^^^^^^^^^^^^^^^^^^^^^^^^^^^^^^^^^^^^^^^^
  File "/opt/airflow/src/tts/edge_tts.py", line 28, in synthesize_sync
    asyncio.run(_synthesize(text, voice, out_path))
  File "/usr/local/lib/python3.11/asyncio/runners.py", line 190, in run
    return runner.run(main)
           ^^^^^^^^^^^^^^^^
  File "/usr/local/lib/python3.11/asyncio/runners.py", line 118, in run
    return self._loop.run_until_complete(task)
           ^^^^^^^^^^^^^^^^^^^^^^^^^^^^^^^^^^^
  File "/usr/local/lib/python3.11/asyncio/base_events.py", line 654, in run_until_complete
    return future.result()
           ^^^^^^^^^^^^^^^
  File "/opt/airflow/src/tts/edge_tts.py", line 23, in _synthesize
    await communicate.save(str(out_path))
  File "/home/airflow/.local/lib/python3.11/site-packages/edge_tts/communicate.py", line 523, in save
    async for message in self.stream():
  File "/home/airflow/.local/lib/python3.11/site-packages/edge_tts/communicate.py", line 506, in stream
    async for message in self.__stream():
  File "/home/airflow/.local/lib/python3.11/site-packages/edge_tts/communicate.py", line 365, in __stream
    async with aiohttp.ClientSession(
  File "/home/airflow/.local/lib/python3.11/site-packages/aiohttp/client.py", line 1197, in __aenter__
    self._resp = await self._coro
                 ^^^^^^^^^^^^^^^^
  File "/home/airflow/.local/lib/python3.11/site-packages/aiohttp/client.py", line 851, in _ws_connect
    raise WSServerHandshakeError(
aiohttp.client_exceptions.WSServerHandshakeError: 403, message='Invalid response status', url=URL('wss://speech.platform.bing.com/consumer/speech/synthesize/readaloud/edge/v1?TrustedClientToken=6A5AA1D4EAFF4E9FB37E23D68491D6F4&ConnectionId=cc3c2e3aee864539b9e1b9cce8f6df64')
[2026-07-21T12:34:59.306+0000] {taskinstance.py:1206} INFO - Marking task as UP_FOR_RETRY. dag_id=youtube_english_video_pipeline, task_id=build_long_video, run_id=manual__2026-07-21T12:34:53.929810+00:00, execution_date=20260721T123453, start_date=20260721T123457, end_date=20260721T123459
[2026-07-21T12:34:59.329+0000] {standard_task_runner.py:110} ERROR - Failed to execute job 16 for task build_long_video (403, message='Invalid response status', url=URL('wss://speech.platform.bing.com/consumer/speech/synthesize/readaloud/edge/v1?TrustedClientToken=6A5AA1D4EAFF4E9FB37E23D68491D6F4&ConnectionId=cc3c2e3aee864539b9e1b9cce8f6df64'); 459)
[2026-07-21T12:34:59.356+0000] {local_task_job_runner.py:243} INFO - Task exited with return code 1
[2026-07-21T12:34:59.377+0000] {taskinstance.py:3503} INFO - 0 downstream tasks scheduled from follow-on schedule check
[2026-07-21T12:34:59.380+0000] {local_task_job_runner.py:222} INFO - ::endgroup::
