[2026-09-05T00:36:28.894+0000] {local_task_job_runner.py:120} INFO - ::group::Pre task execution logs
[2026-09-05T00:36:28.963+0000] {taskinstance.py:2076} INFO - Dependencies all met for dep_context=non-requeueable deps ti=<TaskInstance: youtube_english_video_pipeline.upload_long_video_1 scheduled__2026-08-26T12:00:00+00:00 [queued]>
[2026-09-05T00:36:28.979+0000] {taskinstance.py:2076} INFO - Dependencies all met for dep_context=requeueable deps ti=<TaskInstance: youtube_english_video_pipeline.upload_long_video_1 scheduled__2026-08-26T12:00:00+00:00 [queued]>
[2026-09-05T00:36:28.983+0000] {taskinstance.py:2306} INFO - Starting attempt 1 of 3
[2026-09-05T00:36:29.010+0000] {taskinstance.py:2330} INFO - Executing <Task(PythonOperator): upload_long_video_1> on 2026-08-26 12:00:00+00:00
[2026-09-05T00:36:29.023+0000] {standard_task_runner.py:64} INFO - Started process 3076 to run task
[2026-09-05T00:36:29.030+0000] {standard_task_runner.py:90} INFO - Running: ['airflow', 'tasks', 'run', 'youtube_english_video_pipeline', 'upload_long_video_1', 'scheduled__2026-08-26T12:00:00+00:00', '--job-id', '935', '--raw', '--subdir', 'DAGS_FOLDER/youtube_pipeline.py', '--cfg-path', '/tmp/tmp4wbza4jw']
[2026-09-05T00:36:29.041+0000] {standard_task_runner.py:91} INFO - Job 935: Subtask upload_long_video_1
[2026-09-05T00:36:29.177+0000] {task_command.py:426} INFO - Running <TaskInstance: youtube_english_video_pipeline.upload_long_video_1 scheduled__2026-08-26T12:00:00+00:00 [running]> on host cc859d74cf38
[2026-09-05T00:36:29.505+0000] {taskinstance.py:2648} INFO - Exporting env vars: AIRFLOW_CTX_DAG_OWNER='taky' AIRFLOW_CTX_DAG_ID='youtube_english_video_pipeline' AIRFLOW_CTX_TASK_ID='upload_long_video_1' AIRFLOW_CTX_EXECUTION_DATE='2026-08-26T12:00:00+00:00' AIRFLOW_CTX_TRY_NUMBER='1' AIRFLOW_CTX_DAG_RUN_ID='scheduled__2026-08-26T12:00:00+00:00'
[2026-09-05T00:36:29.508+0000] {taskinstance.py:430} INFO - ::endgroup::
[2026-09-05T00:36:30.493+0000] {__init__.py:49} INFO - file_cache is only supported with oauth2client<4.0.0
[2026-09-05T00:36:30.510+0000] {logging_mixin.py:188} INFO - 2026-09-05 00:36:30,509 | INFO     | uploader.youtube_uploader | Uploading video '16 Daily English Expressions | Business English' (/opt/airflow/output/videos/long_2428.mp4) to YouTube...
[2026-09-05T00:36:36.034+0000] {logging_mixin.py:188} INFO - 2026-09-05 00:36:36,034 | INFO     | uploader.youtube_uploader | Upload complete. YouTube video id = SOl0ZLl_5to
[2026-09-05T00:36:43.504+0000] {logging_mixin.py:188} INFO - 2026-09-05 00:36:43,504 | INFO     | uploader.youtube_uploader | Custom thumbnail uploaded.
[2026-09-05T00:36:43.521+0000] {python.py:237} INFO - Done. Returned value was: SOl0ZLl_5to
[2026-09-05T00:36:43.522+0000] {taskinstance.py:441} INFO - ::group::Post task execution logs
[2026-09-05T00:36:43.552+0000] {taskinstance.py:1206} INFO - Marking task as SUCCESS. dag_id=youtube_english_video_pipeline, task_id=upload_long_video_1, run_id=scheduled__2026-08-26T12:00:00+00:00, execution_date=20260826T120000, start_date=20260905T003628, end_date=20260905T003643
[2026-09-05T00:36:43.591+0000] {local_task_job_runner.py:243} INFO - Task exited with return code 0
[2026-09-05T00:36:43.825+0000] {taskinstance.py:3503} INFO - 1 downstream tasks scheduled from follow-on schedule check
[2026-09-05T00:36:43.832+0000] {local_task_job_runner.py:222} INFO - ::endgroup::
