[2026-09-20T11:24:40.346+0000] {local_task_job_runner.py:120} INFO - ::group::Pre task execution logs
[2026-09-20T11:24:40.396+0000] {taskinstance.py:2076} INFO - Dependencies all met for dep_context=non-requeueable deps ti=<TaskInstance: youtube_english_video_pipeline.build_short_video_9 manual__2026-09-20T11:03:20.949531+00:00 [queued]>
[2026-09-20T11:24:40.409+0000] {taskinstance.py:2076} INFO - Dependencies all met for dep_context=requeueable deps ti=<TaskInstance: youtube_english_video_pipeline.build_short_video_9 manual__2026-09-20T11:03:20.949531+00:00 [queued]>
[2026-09-20T11:24:40.411+0000] {taskinstance.py:2306} INFO - Starting attempt 1 of 3
[2026-09-20T11:24:40.425+0000] {taskinstance.py:2330} INFO - Executing <Task(PythonOperator): build_short_video_9> on 2026-09-20 11:03:20.949531+00:00
[2026-09-20T11:24:40.431+0000] {standard_task_runner.py:64} INFO - Started process 58392 to run task
[2026-09-20T11:24:40.436+0000] {standard_task_runner.py:90} INFO - Running: ['airflow', 'tasks', 'run', 'youtube_english_video_pipeline', 'build_short_video_9', 'manual__2026-09-20T11:03:20.949531+00:00', '--job-id', '1353', '--raw', '--subdir', 'DAGS_FOLDER/youtube_pipeline.py', '--cfg-path', '/tmp/tmpc9yp_65f']
[2026-09-20T11:24:40.439+0000] {standard_task_runner.py:91} INFO - Job 1353: Subtask build_short_video_9
[2026-09-20T11:24:40.512+0000] {task_command.py:426} INFO - Running <TaskInstance: youtube_english_video_pipeline.build_short_video_9 manual__2026-09-20T11:03:20.949531+00:00 [running]> on host 73b18333cdfe
[2026-09-20T11:24:40.841+0000] {taskinstance.py:2648} INFO - Exporting env vars: AIRFLOW_CTX_DAG_OWNER='taky' AIRFLOW_CTX_DAG_ID='youtube_english_video_pipeline' AIRFLOW_CTX_TASK_ID='build_short_video_9' AIRFLOW_CTX_EXECUTION_DATE='2026-09-20T11:03:20.949531+00:00' AIRFLOW_CTX_TRY_NUMBER='1' AIRFLOW_CTX_DAG_RUN_ID='manual__2026-09-20T11:03:20.949531+00:00'
[2026-09-20T11:24:40.842+0000] {taskinstance.py:430} INFO - ::endgroup::
[2026-09-20T11:24:41.611+0000] {logging_mixin.py:188} INFO - 2026-09-20 11:24:41,611 | INFO     | planner.video_planner | Planned SHORT video: topic='Daily Life', phrases=1
[2026-09-20T11:24:41.882+0000] {logging_mixin.py:188} INFO - 2026-09-20 11:24:41,882 | INFO     | tts.edge_tts | Synthesized audio -> /opt/airflow/output/audio/phrase_3070.mp3
[2026-09-20T11:24:42.206+0000] {logging_mixin.py:188} INFO - 2026-09-20 11:24:42,206 | INFO     | tts.edge_tts | Synthesized audio -> /opt/airflow/output/audio/example_3070.mp3
[2026-09-20T11:24:42.749+0000] {logging_mixin.py:188} INFO - 2026-09-20 11:24:42,749 | INFO     | media.image_downloader | Downloaded background image for scene='service' -> /opt/airflow/output/images/short_3070.jpg
[2026-09-20T11:24:46.617+0000] {logging_mixin.py:188} INFO - 2026-09-20 11:24:46,617 | WARNING  | video.video_builder | BGM file not found at /opt/airflow/assets/bgm/short_bgm.mp3, rendering without background music
[2026-09-20T11:24:48.648+0000] {logging_mixin.py:188} INFO - 2026-09-20 11:24:48,648 | INFO     | video.video_builder | Final video rendered -> /opt/airflow/output/videos/short_3070.mp4
[2026-09-20T11:24:53.802+0000] {python.py:237} INFO - Done. Returned value was: {'video_id': 410, 'file_path': '/opt/airflow/output/videos/short_3070.mp4', 'title': 'How long will it take? | Useful English Phrases for Daily Life', 'description': "Need to ask about timeframes in English? In this quick lesson from Taky's Language School, we learn how to use the phrase 'How long will it take?' in real-life situations, like getting your car fixed. Perfect for English learners who want to sound more natural when speaking with mechanics, service providers, or friends. Master this essential daily life expression in under 60 seconds! Subscribe to Taky's Language School for more practical English tips to improve your fluency and confidence in daily conversations.", 'tags': ['learn english', 'english phrases', 'daily english', 'spoken english', 'english conversation', 'takys language school', 'english for beginners', 'how long will it take', 'english shorts', 'esl'], 'video_type': 'short'}
[2026-09-20T11:24:53.804+0000] {taskinstance.py:441} INFO - ::group::Post task execution logs
[2026-09-20T11:24:53.852+0000] {taskinstance.py:1206} INFO - Marking task as SUCCESS. dag_id=youtube_english_video_pipeline, task_id=build_short_video_9, run_id=manual__2026-09-20T11:03:20.949531+00:00, execution_date=20260920T110320, start_date=20260920T112440, end_date=20260920T112453
[2026-09-20T11:24:53.930+0000] {local_task_job_runner.py:243} INFO - Task exited with return code 0
[2026-09-20T11:24:54.163+0000] {taskinstance.py:3503} INFO - 1 downstream tasks scheduled from follow-on schedule check
[2026-09-20T11:24:54.168+0000] {local_task_job_runner.py:222} INFO - ::endgroup::
