[2026-07-25T03:53:34.543+0000] {local_task_job_runner.py:120} INFO - ::group::Pre task execution logs
[2026-07-25T03:53:34.575+0000] {taskinstance.py:2076} INFO - Dependencies all met for dep_context=non-requeueable deps ti=<TaskInstance: youtube_english_video_pipeline.build_long_video manual__2026-07-25T03:53:24.884001+00:00 [queued]>
[2026-07-25T03:53:34.581+0000] {taskinstance.py:2076} INFO - Dependencies all met for dep_context=requeueable deps ti=<TaskInstance: youtube_english_video_pipeline.build_long_video manual__2026-07-25T03:53:24.884001+00:00 [queued]>
[2026-07-25T03:53:34.582+0000] {taskinstance.py:2306} INFO - Starting attempt 1 of 3
[2026-07-25T03:53:34.592+0000] {taskinstance.py:2330} INFO - Executing <Task(PythonOperator): build_long_video> on 2026-07-25 03:53:24.884001+00:00
[2026-07-25T03:53:34.596+0000] {standard_task_runner.py:64} INFO - Started process 1279 to run task
[2026-07-25T03:53:34.598+0000] {standard_task_runner.py:90} INFO - Running: ['airflow', 'tasks', 'run', 'youtube_english_video_pipeline', 'build_long_video', 'manual__2026-07-25T03:53:24.884001+00:00', '--job-id', '142', '--raw', '--subdir', 'DAGS_FOLDER/youtube_pipeline.py', '--cfg-path', '/tmp/tmpxct3yiv1']
[2026-07-25T03:53:34.602+0000] {standard_task_runner.py:91} INFO - Job 142: Subtask build_long_video
[2026-07-25T03:53:34.682+0000] {task_command.py:426} INFO - Running <TaskInstance: youtube_english_video_pipeline.build_long_video manual__2026-07-25T03:53:24.884001+00:00 [running]> on host ce8e21912c19
[2026-07-25T03:53:34.867+0000] {taskinstance.py:2648} INFO - Exporting env vars: AIRFLOW_CTX_DAG_OWNER='taky' AIRFLOW_CTX_DAG_ID='youtube_english_video_pipeline' AIRFLOW_CTX_TASK_ID='build_long_video' AIRFLOW_CTX_EXECUTION_DATE='2026-07-25T03:53:24.884001+00:00' AIRFLOW_CTX_TRY_NUMBER='1' AIRFLOW_CTX_DAG_RUN_ID='manual__2026-07-25T03:53:24.884001+00:00'
[2026-07-25T03:53:34.869+0000] {taskinstance.py:430} INFO - ::endgroup::
[2026-07-25T03:53:35.678+0000] {logging_mixin.py:188} INFO - 2026-07-25 03:53:35,678 | INFO     | planner.video_planner | Planned LONG video: topic='Business English', phrases=17
[2026-07-25T03:53:35.889+0000] {logging_mixin.py:188} INFO - 2026-07-25 03:53:35,889 | INFO     | tts.edge_tts | Synthesized audio -> /opt/airflow/output/audio/phrase_184.mp3
[2026-07-25T03:53:36.049+0000] {logging_mixin.py:188} INFO - 2026-07-25 03:53:36,049 | INFO     | tts.edge_tts | Synthesized audio -> /opt/airflow/output/audio/example_184.mp3
[2026-07-25T03:53:36.207+0000] {logging_mixin.py:188} INFO - 2026-07-25 03:53:36,206 | INFO     | media.image_downloader | Downloaded background image for scene='phone' -> /opt/airflow/output/images/long_184.jpg
[2026-07-25T03:53:36.208+0000] {logging_mixin.py:188} INFO - 2026-07-25 03:53:36,208 | INFO     | video.video_builder | Running ffmpeg: ffmpeg -y -i /opt/airflow/output/audio/phrase_184.mp3 -i /opt/airflow/output/audio/example_184.mp3 -filter_complex [0:a]apad=pad_dur=0.4[a0];[a0][1:a]concat=n=2:v=0:a=1[aout] -map [aout] /opt/airflow/output/videos/_tmp/long_184_raw.audio.mp3
[2026-07-25T03:53:36.318+0000] {logging_mixin.py:188} INFO - 2026-07-25 03:53:36,317 | INFO     | video.video_builder | Running ffmpeg: ffmpeg -y -loop 1 -i /opt/airflow/output/images/long_184.jpg -i /opt/airflow/output/videos/_tmp/long_184_raw.audio.mp3 -vf scale=1920:1080:force_original_aspect_ratio=increase,crop=1920:1080,drawtext=fontfile='/usr/share/fonts/truetype/noto/NotoSans-Regular.ttf':text='Could I leave a message?':fontcolor=FFFFFF:fontsize=76:x=(w-text_w)/2:y=(h*0.16):line_spacing=12:box=1:boxcolor=black@0.45:boxborderw=20,drawtext=fontfile='/usr/share/fonts/truetype/noto/NotoSans-Regular.ttf':text='Since Mr. Davis is out of the office, could\nI leave a message for him?':fontcolor=FFD54A:fontsize=68:x=(w-text_w)/2:y=(h-text_h)/2+((h*0.15)):line_spacing=16:box=1:boxcolor=black@0.55:boxborderw=24 -c:v libx264 -preset medium -crf 23 -tune stillimage -pix_fmt yuv420p -c:a aac -b:a 192k -shortest -r 30 /opt/airflow/output/videos/_tmp/long_184_raw.mp4
[2026-07-25T03:53:42.015+0000] {logging_mixin.py:188} INFO - 2026-07-25 03:53:42,015 | INFO     | tts.edge_tts | Synthesized audio -> /opt/airflow/output/audio/phrase_228.mp3
[2026-07-25T03:53:42.302+0000] {logging_mixin.py:188} INFO - 2026-07-25 03:53:42,302 | INFO     | tts.edge_tts | Synthesized audio -> /opt/airflow/output/audio/example_228.mp3
[2026-07-25T03:53:42.520+0000] {logging_mixin.py:188} INFO - 2026-07-25 03:53:42,520 | INFO     | media.image_downloader | Downloaded background image for scene='phone' -> /opt/airflow/output/images/long_228.jpg
[2026-07-25T03:53:42.521+0000] {logging_mixin.py:188} INFO - 2026-07-25 03:53:42,521 | INFO     | video.video_builder | Running ffmpeg: ffmpeg -y -i /opt/airflow/output/audio/phrase_228.mp3 -i /opt/airflow/output/audio/example_228.mp3 -filter_complex [0:a]apad=pad_dur=0.4[a0];[a0][1:a]concat=n=2:v=0:a=1[aout] -map [aout] /opt/airflow/output/videos/_tmp/long_228_raw.audio.mp3
[2026-07-25T03:53:42.611+0000] {logging_mixin.py:188} INFO - 2026-07-25 03:53:42,611 | INFO     | video.video_builder | Running ffmpeg: ffmpeg -y -loop 1 -i /opt/airflow/output/images/long_228.jpg -i /opt/airflow/output/videos/_tmp/long_228_raw.audio.mp3 -vf scale=1920:1080:force_original_aspect_ratio=increase,crop=1920:1080,drawtext=fontfile='/usr/share/fonts/truetype/noto/NotoSans-Regular.ttf':text='Could you speak up a bit?':fontcolor=FFFFFF:fontsize=76:x=(w-text_w)/2:y=(h*0.16):line_spacing=12:box=1:boxcolor=black@0.45:boxborderw=20,drawtext=fontfile='/usr/share/fonts/truetype/noto/NotoSans-Regular.ttf':text='The connection is quite poor, so could you\nspeak up a bit?':fontcolor=FFD54A:fontsize=68:x=(w-text_w)/2:y=(h-text_h)/2+((h*0.15)):line_spacing=16:box=1:boxcolor=black@0.55:boxborderw=24 -c:v libx264 -preset medium -crf 23 -tune stillimage -pix_fmt yuv420p -c:a aac -b:a 192k -shortest -r 30 /opt/airflow/output/videos/_tmp/long_228_raw.mp4
[2026-07-25T03:53:45.811+0000] {logging_mixin.py:188} INFO - 2026-07-25 03:53:45,811 | INFO     | tts.edge_tts | Synthesized audio -> /opt/airflow/output/audio/phrase_231.mp3
[2026-07-25T03:53:46.054+0000] {logging_mixin.py:188} INFO - 2026-07-25 03:53:46,054 | INFO     | tts.edge_tts | Synthesized audio -> /opt/airflow/output/audio/example_231.mp3
[2026-07-25T03:53:46.213+0000] {logging_mixin.py:188} INFO - 2026-07-25 03:53:46,213 | INFO     | media.image_downloader | Downloaded background image for scene='meeting' -> /opt/airflow/output/images/long_231.jpg
[2026-07-25T03:53:46.215+0000] {logging_mixin.py:188} INFO - 2026-07-25 03:53:46,215 | INFO     | video.video_builder | Running ffmpeg: ffmpeg -y -i /opt/airflow/output/audio/phrase_231.mp3 -i /opt/airflow/output/audio/example_231.mp3 -filter_complex [0:a]apad=pad_dur=0.4[a0];[a0][1:a]concat=n=2:v=0:a=1[aout] -map [aout] /opt/airflow/output/videos/_tmp/long_231_raw.audio.mp3
[2026-07-25T03:53:46.311+0000] {logging_mixin.py:188} INFO - 2026-07-25 03:53:46,311 | INFO     | video.video_builder | Running ffmpeg: ffmpeg -y -loop 1 -i /opt/airflow/output/images/long_231.jpg -i /opt/airflow/output/videos/_tmp/long_231_raw.audio.mp3 -vf scale=1920:1080:force_original_aspect_ratio=increase,crop=1920:1080,drawtext=fontfile='/usr/share/fonts/truetype/noto/NotoSans-Regular.ttf':text='Sorry to keep you waiting.':fontcolor=FFFFFF:fontsize=76:x=(w-text_w)/2:y=(h*0.16):line_spacing=12:box=1:boxcolor=black@0.45:boxborderw=20,drawtext=fontfile='/usr/share/fonts/truetype/noto/NotoSans-Regular.ttf':text='Sorry to keep you waiting, I had to respond\nto an urgent phone call.':fontcolor=FFD54A:fontsize=68:x=(w-text_w)/2:y=(h-text_h)/2+((h*0.15)):line_spacing=16:box=1:boxcolor=black@0.55:boxborderw=24 -c:v libx264 -preset medium -crf 23 -tune stillimage -pix_fmt yuv420p -c:a aac -b:a 192k -shortest -r 30 /opt/airflow/output/videos/_tmp/long_231_raw.mp4
[2026-07-25T03:53:49.846+0000] {logging_mixin.py:188} INFO - 2026-07-25 03:53:49,846 | INFO     | tts.edge_tts | Synthesized audio -> /opt/airflow/output/audio/phrase_190.mp3
[2026-07-25T03:53:50.078+0000] {logging_mixin.py:188} INFO - 2026-07-25 03:53:50,078 | INFO     | tts.edge_tts | Synthesized audio -> /opt/airflow/output/audio/example_190.mp3
[2026-07-25T03:53:50.240+0000] {logging_mixin.py:188} INFO - 2026-07-25 03:53:50,240 | INFO     | media.image_downloader | Downloaded background image for scene='office' -> /opt/airflow/output/images/long_190.jpg
[2026-07-25T03:53:50.242+0000] {logging_mixin.py:188} INFO - 2026-07-25 03:53:50,242 | INFO     | video.video_builder | Running ffmpeg: ffmpeg -y -i /opt/airflow/output/audio/phrase_190.mp3 -i /opt/airflow/output/audio/example_190.mp3 -filter_complex [0:a]apad=pad_dur=0.4[a0];[a0][1:a]concat=n=2:v=0:a=1[aout] -map [aout] /opt/airflow/output/videos/_tmp/long_190_raw.audio.mp3
[2026-07-25T03:53:50.343+0000] {logging_mixin.py:188} INFO - 2026-07-25 03:53:50,343 | INFO     | video.video_builder | Running ffmpeg: ffmpeg -y -loop 1 -i /opt/airflow/output/images/long_190.jpg -i /opt/airflow/output/videos/_tmp/long_190_raw.audio.mp3 -vf scale=1920:1080:force_original_aspect_ratio=increase,crop=1920:1080,drawtext=fontfile='/usr/share/fonts/truetype/noto/NotoSans-Regular.ttf':text='That makes sense.':fontcolor=FFFFFF:fontsize=76:x=(w-text_w)/2:y=(h*0.16):line_spacing=12:box=1:boxcolor=black@0.45:boxborderw=20,drawtext=fontfile='/usr/share/fonts/truetype/noto/NotoSans-Regular.ttf':text='Ah, I see why you changed the project\ntimeline now. That makes sense.':fontcolor=FFD54A:fontsize=68:x=(w-text_w)/2:y=(h-text_h)/2+((h*0.15)):line_spacing=16:box=1:boxcolor=black@0.55:boxborderw=24 -c:v libx264 -preset medium -crf 23 -tune stillimage -pix_fmt yuv420p -c:a aac -b:a 192k -shortest -r 30 /opt/airflow/output/videos/_tmp/long_190_raw.mp4
[2026-07-25T03:53:54.085+0000] {logging_mixin.py:188} INFO - 2026-07-25 03:53:54,085 | INFO     | tts.edge_tts | Synthesized audio -> /opt/airflow/output/audio/phrase_198.mp3
[2026-07-25T03:53:54.260+0000] {logging_mixin.py:188} INFO - 2026-07-25 03:53:54,260 | INFO     | tts.edge_tts | Synthesized audio -> /opt/airflow/output/audio/example_198.mp3
[2026-07-25T03:53:54.407+0000] {logging_mixin.py:188} INFO - 2026-07-25 03:53:54,407 | INFO     | media.image_downloader | Downloaded background image for scene='office' -> /opt/airflow/output/images/long_198.jpg
[2026-07-25T03:53:54.408+0000] {logging_mixin.py:188} INFO - 2026-07-25 03:53:54,408 | INFO     | video.video_builder | Running ffmpeg: ffmpeg -y -i /opt/airflow/output/audio/phrase_198.mp3 -i /opt/airflow/output/audio/example_198.mp3 -filter_complex [0:a]apad=pad_dur=0.4[a0];[a0][1:a]concat=n=2:v=0:a=1[aout] -map [aout] /opt/airflow/output/videos/_tmp/long_198_raw.audio.mp3
[2026-07-25T03:53:54.505+0000] {logging_mixin.py:188} INFO - 2026-07-25 03:53:54,505 | INFO     | video.video_builder | Running ffmpeg: ffmpeg -y -loop 1 -i /opt/airflow/output/images/long_198.jpg -i /opt/airflow/output/videos/_tmp/long_198_raw.audio.mp3 -vf scale=1920:1080:force_original_aspect_ratio=increase,crop=1920:1080,drawtext=fontfile='/usr/share/fonts/truetype/noto/NotoSans-Regular.ttf':text='Let me double-check.':fontcolor=FFFFFF:fontsize=76:x=(w-text_w)/2:y=(h*0.16):line_spacing=12:box=1:boxcolor=black@0.45:boxborderw=20,drawtext=fontfile='/usr/share/fonts/truetype/noto/NotoSans-Regular.ttf':text='I think the presentation starts at 2 PM, but\nlet me double-check my calendar.':fontcolor=FFD54A:fontsize=68:x=(w-text_w)/2:y=(h-text_h)/2+((h*0.15)):line_spacing=16:box=1:boxcolor=black@0.55:boxborderw=24 -c:v libx264 -preset medium -crf 23 -tune stillimage -pix_fmt yuv420p -c:a aac -b:a 192k -shortest -r 30 /opt/airflow/output/videos/_tmp/long_198_raw.mp4
[2026-07-25T03:53:58.724+0000] {logging_mixin.py:188} INFO - 2026-07-25 03:53:58,724 | INFO     | tts.edge_tts | Synthesized audio -> /opt/airflow/output/audio/phrase_205.mp3
[2026-07-25T03:53:58.973+0000] {logging_mixin.py:188} INFO - 2026-07-25 03:53:58,973 | INFO     | tts.edge_tts | Synthesized audio -> /opt/airflow/output/audio/example_205.mp3
[2026-07-25T03:53:59.174+0000] {logging_mixin.py:188} INFO - 2026-07-25 03:53:59,174 | INFO     | media.image_downloader | Downloaded background image for scene='office' -> /opt/airflow/output/images/long_205.jpg
[2026-07-25T03:53:59.177+0000] {logging_mixin.py:188} INFO - 2026-07-25 03:53:59,177 | INFO     | video.video_builder | Running ffmpeg: ffmpeg -y -i /opt/airflow/output/audio/phrase_205.mp3 -i /opt/airflow/output/audio/example_205.mp3 -filter_complex [0:a]apad=pad_dur=0.4[a0];[a0][1:a]concat=n=2:v=0:a=1[aout] -map [aout] /opt/airflow/output/videos/_tmp/long_205_raw.audio.mp3
[2026-07-25T03:53:59.295+0000] {logging_mixin.py:188} INFO - 2026-07-25 03:53:59,295 | INFO     | video.video_builder | Running ffmpeg: ffmpeg -y -loop 1 -i /opt/airflow/output/images/long_205.jpg -i /opt/airflow/output/videos/_tmp/long_205_raw.audio.mp3 -vf scale=1920:1080:force_original_aspect_ratio=increase,crop=1920:1080,drawtext=fontfile='/usr/share/fonts/truetype/noto/NotoSans-Regular.ttf':text='I\'m looking forward to it.':fontcolor=FFFFFF:fontsize=76:x=(w-text_w)/2:y=(h*0.16):line_spacing=12:box=1:boxcolor=black@0.45:boxborderw=20,drawtext=fontfile='/usr/share/fonts/truetype/noto/NotoSans-Regular.ttf':text='Thank you for inviting me to the conference\nnext week, I\'m looking forward to it.':fontcolor=FFD54A:fontsize=68:x=(w-text_w)/2:y=(h-text_h)/2+((h*0.15)):line_spacing=16:box=1:boxcolor=black@0.55:boxborderw=24 -c:v libx264 -preset medium -crf 23 -tune stillimage -pix_fmt yuv420p -c:a aac -b:a 192k -shortest -r 30 /opt/airflow/output/videos/_tmp/long_205_raw.mp4
[2026-07-25T03:53:59.443+0000] {taskinstance.py:441} INFO - ::group::Post task execution logs
[2026-07-25T03:53:59.444+0000] {taskinstance.py:2905} ERROR - Task failed with exception
Traceback (most recent call last):
  File "/home/airflow/.local/lib/python3.11/site-packages/airflow/models/taskinstance.py", line 465, in _execute_task
    result = _execute_callable(context=context, **execute_callable_kwargs)
             ^^^^^^^^^^^^^^^^^^^^^^^^^^^^^^^^^^^^^^^^^^^^^^^^^^^^^^^^^^^^^
  File "/home/airflow/.local/lib/python3.11/site-packages/airflow/models/taskinstance.py", line 432, in _execute_callable
    return execute_callable(context=context, **execute_callable_kwargs)
           ^^^^^^^^^^^^^^^^^^^^^^^^^^^^^^^^^^^^^^^^^^^^^^^^^^^^^^^^^^^^
  File "/home/airflow/.local/lib/python3.11/site-packages/airflow/models/baseoperator.py", line 401, in wrapper
    return func(self, *args, **kwargs)
           ^^^^^^^^^^^^^^^^^^^^^^^^^^^
  File "/home/airflow/.local/lib/python3.11/site-packages/airflow/operators/python.py", line 235, in execute
    return_value = self.execute_callable()
                   ^^^^^^^^^^^^^^^^^^^^^^^
  File "/home/airflow/.local/lib/python3.11/site-packages/airflow/operators/python.py", line 252, in execute_callable
    return self.python_callable(*self.op_args, **self.op_kwargs)
           ^^^^^^^^^^^^^^^^^^^^^^^^^^^^^^^^^^^^^^^^^^^^^^^^^^^^^
  File "/opt/airflow/dags/youtube_pipeline.py", line 94, in task_build_long_video
    result = build_long_video()
             ^^^^^^^^^^^^^^^^^^
  File "/opt/airflow/src/video/long_video.py", line 121, in build_long_video
    result = LongVideoPipeline().run()
             ^^^^^^^^^^^^^^^^^^^^^^^^^
  File "/opt/airflow/src/video/long_video.py", line 69, in run
    self.builder.render_segment(segment, raw_segment_path)
  File "/opt/airflow/src/video/video_builder.py", line 101, in render_segment
    _run(cmd)
  File "/opt/airflow/src/video/video_builder.py", line 34, in _run
    subprocess.run(cmd, check=True, capture_output=True)
  File "/usr/local/lib/python3.11/subprocess.py", line 571, in run
    raise CalledProcessError(retcode, process.args,
subprocess.CalledProcessError: Command '['ffmpeg', '-y', '-loop', '1', '-i', '/opt/airflow/output/images/long_205.jpg', '-i', '/opt/airflow/output/videos/_tmp/long_205_raw.audio.mp3', '-vf', "scale=1920:1080:force_original_aspect_ratio=increase,crop=1920:1080,drawtext=fontfile='/usr/share/fonts/truetype/noto/NotoSans-Regular.ttf':text='I\\'m looking forward to it.':fontcolor=FFFFFF:fontsize=76:x=(w-text_w)/2:y=(h*0.16):line_spacing=12:box=1:boxcolor=black@0.45:boxborderw=20,drawtext=fontfile='/usr/share/fonts/truetype/noto/NotoSans-Regular.ttf':text='Thank you for inviting me to the conference\\nnext week, I\\'m looking forward to it.':fontcolor=FFD54A:fontsize=68:x=(w-text_w)/2:y=(h-text_h)/2+((h*0.15)):line_spacing=16:box=1:boxcolor=black@0.55:boxborderw=24", '-c:v', 'libx264', '-preset', 'medium', '-crf', '23', '-tune', 'stillimage', '-pix_fmt', 'yuv420p', '-c:a', 'aac', '-b:a', '192k', '-shortest', '-r', '30', '/opt/airflow/output/videos/_tmp/long_205_raw.mp4']' returned non-zero exit status 1.
[2026-07-25T03:53:59.474+0000] {taskinstance.py:1206} INFO - Marking task as UP_FOR_RETRY. dag_id=youtube_english_video_pipeline, task_id=build_long_video, run_id=manual__2026-07-25T03:53:24.884001+00:00, execution_date=20260725T035324, start_date=20260725T035334, end_date=20260725T035359
[2026-07-25T03:53:59.484+0000] {standard_task_runner.py:110} ERROR - Failed to execute job 142 for task build_long_video (Command '['ffmpeg', '-y', '-loop', '1', '-i', '/opt/airflow/output/images/long_205.jpg', '-i', '/opt/airflow/output/videos/_tmp/long_205_raw.audio.mp3', '-vf', "scale=1920:1080:force_original_aspect_ratio=increase,crop=1920:1080,drawtext=fontfile='/usr/share/fonts/truetype/noto/NotoSans-Regular.ttf':text='I\\'m looking forward to it.':fontcolor=FFFFFF:fontsize=76:x=(w-text_w)/2:y=(h*0.16):line_spacing=12:box=1:boxcolor=black@0.45:boxborderw=20,drawtext=fontfile='/usr/share/fonts/truetype/noto/NotoSans-Regular.ttf':text='Thank you for inviting me to the conference\\nnext week, I\\'m looking forward to it.':fontcolor=FFD54A:fontsize=68:x=(w-text_w)/2:y=(h-text_h)/2+((h*0.15)):line_spacing=16:box=1:boxcolor=black@0.55:boxborderw=24", '-c:v', 'libx264', '-preset', 'medium', '-crf', '23', '-tune', 'stillimage', '-pix_fmt', 'yuv420p', '-c:a', 'aac', '-b:a', '192k', '-shortest', '-r', '30', '/opt/airflow/output/videos/_tmp/long_205_raw.mp4']' returned non-zero exit status 1.; 1279)
[2026-07-25T03:53:59.505+0000] {local_task_job_runner.py:243} INFO - Task exited with return code 1
[2026-07-25T03:53:59.637+0000] {taskinstance.py:3503} INFO - 0 downstream tasks scheduled from follow-on schedule check
[2026-07-25T03:53:59.640+0000] {local_task_job_runner.py:222} INFO - ::endgroup::
