[2026-07-25T04:04:23.161+0000] {local_task_job_runner.py:120} INFO - ::group::Pre task execution logs
[2026-07-25T04:04:23.190+0000] {taskinstance.py:2076} INFO - Dependencies all met for dep_context=non-requeueable deps ti=<TaskInstance: youtube_english_video_pipeline.build_long_video manual__2026-07-25T03:53:24.884001+00:00 [queued]>
[2026-07-25T04:04:23.196+0000] {taskinstance.py:2076} INFO - Dependencies all met for dep_context=requeueable deps ti=<TaskInstance: youtube_english_video_pipeline.build_long_video manual__2026-07-25T03:53:24.884001+00:00 [queued]>
[2026-07-25T04:04:23.196+0000] {taskinstance.py:2306} INFO - Starting attempt 3 of 3
[2026-07-25T04:04:23.208+0000] {taskinstance.py:2330} INFO - Executing <Task(PythonOperator): build_long_video> on 2026-07-25 03:53:24.884001+00:00
[2026-07-25T04:04:23.211+0000] {standard_task_runner.py:64} INFO - Started process 3242 to run task
[2026-07-25T04:04:23.214+0000] {standard_task_runner.py:90} INFO - Running: ['airflow', 'tasks', 'run', 'youtube_english_video_pipeline', 'build_long_video', 'manual__2026-07-25T03:53:24.884001+00:00', '--job-id', '145', '--raw', '--subdir', 'DAGS_FOLDER/youtube_pipeline.py', '--cfg-path', '/tmp/tmpl8xjz_pr']
[2026-07-25T04:04:23.216+0000] {standard_task_runner.py:91} INFO - Job 145: Subtask build_long_video
[2026-07-25T04:04:23.274+0000] {task_command.py:426} INFO - Running <TaskInstance: youtube_english_video_pipeline.build_long_video manual__2026-07-25T03:53:24.884001+00:00 [running]> on host ce8e21912c19
[2026-07-25T04:04:23.442+0000] {taskinstance.py:2648} INFO - Exporting env vars: AIRFLOW_CTX_DAG_OWNER='taky' AIRFLOW_CTX_DAG_ID='youtube_english_video_pipeline' AIRFLOW_CTX_TASK_ID='build_long_video' AIRFLOW_CTX_EXECUTION_DATE='2026-07-25T03:53:24.884001+00:00' AIRFLOW_CTX_TRY_NUMBER='3' AIRFLOW_CTX_DAG_RUN_ID='manual__2026-07-25T03:53:24.884001+00:00'
[2026-07-25T04:04:23.443+0000] {taskinstance.py:430} INFO - ::endgroup::
[2026-07-25T04:04:23.827+0000] {logging_mixin.py:188} INFO - 2026-07-25 04:04:23,827 | INFO     | planner.video_planner | Planned LONG video: topic='Business English', phrases=17
[2026-07-25T04:04:24.178+0000] {logging_mixin.py:188} INFO - 2026-07-25 04:04:24,178 | INFO     | tts.edge_tts | Synthesized audio -> /opt/airflow/output/audio/phrase_184.mp3
[2026-07-25T04:04:24.446+0000] {logging_mixin.py:188} INFO - 2026-07-25 04:04:24,446 | INFO     | tts.edge_tts | Synthesized audio -> /opt/airflow/output/audio/example_184.mp3
[2026-07-25T04:04:24.711+0000] {logging_mixin.py:188} INFO - 2026-07-25 04:04:24,711 | INFO     | media.image_downloader | Downloaded background image for scene='phone' -> /opt/airflow/output/images/long_184.jpg
[2026-07-25T04:04:24.720+0000] {logging_mixin.py:188} INFO - 2026-07-25 04:04:24,720 | INFO     | video.video_builder | Running ffmpeg: ffmpeg -y -i /opt/airflow/output/audio/phrase_184.mp3 -i /opt/airflow/output/audio/example_184.mp3 -filter_complex [0:a]apad=pad_dur=0.4[a0];[a0][1:a]concat=n=2:v=0:a=1[aout] -map [aout] /opt/airflow/output/videos/_tmp/long_184_raw.audio.mp3
[2026-07-25T04:04:24.822+0000] {logging_mixin.py:188} INFO - 2026-07-25 04:04:24,822 | INFO     | video.video_builder | Running ffmpeg: ffmpeg -y -loop 1 -i /opt/airflow/output/images/long_184.jpg -i /opt/airflow/output/videos/_tmp/long_184_raw.audio.mp3 -vf scale=1920:1080:force_original_aspect_ratio=increase,crop=1920:1080,drawtext=fontfile='/usr/share/fonts/truetype/noto/NotoSans-Regular.ttf':text='Could I leave a message?​':fontcolor=FFFFFF:fontsize=76:x=(w/2 - text_w/2):y=(h*0.16):line_spacing=12:box=1:boxcolor=black@0.45:boxborderw=12,drawtext=fontfile='/usr/share/fonts/truetype/noto/NotoSans-Regular.ttf':text='Since Mr. Davis is out of the office, could​\nI leave a message for him?​':fontcolor=FFD54A:fontsize=68:x=(w/2 - text_w/2):y=(h-text_h)/2+((h*0.15)):line_spacing=16:box=1:boxcolor=black@0.55:boxborderw=16 -c:v libx264 -preset medium -crf 23 -tune stillimage -pix_fmt yuv420p -c:a aac -b:a 192k -shortest -r 30 /opt/airflow/output/videos/_tmp/long_184_raw.mp4
[2026-07-25T04:04:28.533+0000] {logging_mixin.py:188} INFO - 2026-07-25 04:04:28,532 | INFO     | tts.edge_tts | Synthesized audio -> /opt/airflow/output/audio/phrase_228.mp3
[2026-07-25T04:04:28.805+0000] {logging_mixin.py:188} INFO - 2026-07-25 04:04:28,805 | INFO     | tts.edge_tts | Synthesized audio -> /opt/airflow/output/audio/example_228.mp3
[2026-07-25T04:04:28.982+0000] {logging_mixin.py:188} INFO - 2026-07-25 04:04:28,981 | INFO     | media.image_downloader | Downloaded background image for scene='phone' -> /opt/airflow/output/images/long_228.jpg
[2026-07-25T04:04:28.983+0000] {logging_mixin.py:188} INFO - 2026-07-25 04:04:28,983 | INFO     | video.video_builder | Running ffmpeg: ffmpeg -y -i /opt/airflow/output/audio/phrase_228.mp3 -i /opt/airflow/output/audio/example_228.mp3 -filter_complex [0:a]apad=pad_dur=0.4[a0];[a0][1:a]concat=n=2:v=0:a=1[aout] -map [aout] /opt/airflow/output/videos/_tmp/long_228_raw.audio.mp3
[2026-07-25T04:04:29.073+0000] {logging_mixin.py:188} INFO - 2026-07-25 04:04:29,073 | INFO     | video.video_builder | Running ffmpeg: ffmpeg -y -loop 1 -i /opt/airflow/output/images/long_228.jpg -i /opt/airflow/output/videos/_tmp/long_228_raw.audio.mp3 -vf scale=1920:1080:force_original_aspect_ratio=increase,crop=1920:1080,drawtext=fontfile='/usr/share/fonts/truetype/noto/NotoSans-Regular.ttf':text='Could you speak up a bit?​':fontcolor=FFFFFF:fontsize=76:x=(w/2 - text_w/2):y=(h*0.16):line_spacing=12:box=1:boxcolor=black@0.45:boxborderw=12,drawtext=fontfile='/usr/share/fonts/truetype/noto/NotoSans-Regular.ttf':text='The connection is quite poor, so could you​\nspeak up a bit?​':fontcolor=FFD54A:fontsize=68:x=(w/2 - text_w/2):y=(h-text_h)/2+((h*0.15)):line_spacing=16:box=1:boxcolor=black@0.55:boxborderw=16 -c:v libx264 -preset medium -crf 23 -tune stillimage -pix_fmt yuv420p -c:a aac -b:a 192k -shortest -r 30 /opt/airflow/output/videos/_tmp/long_228_raw.mp4
[2026-07-25T04:04:31.901+0000] {logging_mixin.py:188} INFO - 2026-07-25 04:04:31,901 | INFO     | tts.edge_tts | Synthesized audio -> /opt/airflow/output/audio/phrase_231.mp3
[2026-07-25T04:04:32.163+0000] {logging_mixin.py:188} INFO - 2026-07-25 04:04:32,162 | INFO     | tts.edge_tts | Synthesized audio -> /opt/airflow/output/audio/example_231.mp3
[2026-07-25T04:04:32.314+0000] {logging_mixin.py:188} INFO - 2026-07-25 04:04:32,314 | INFO     | media.image_downloader | Downloaded background image for scene='meeting' -> /opt/airflow/output/images/long_231.jpg
[2026-07-25T04:04:32.315+0000] {logging_mixin.py:188} INFO - 2026-07-25 04:04:32,315 | INFO     | video.video_builder | Running ffmpeg: ffmpeg -y -i /opt/airflow/output/audio/phrase_231.mp3 -i /opt/airflow/output/audio/example_231.mp3 -filter_complex [0:a]apad=pad_dur=0.4[a0];[a0][1:a]concat=n=2:v=0:a=1[aout] -map [aout] /opt/airflow/output/videos/_tmp/long_231_raw.audio.mp3
[2026-07-25T04:04:32.410+0000] {logging_mixin.py:188} INFO - 2026-07-25 04:04:32,410 | INFO     | video.video_builder | Running ffmpeg: ffmpeg -y -loop 1 -i /opt/airflow/output/images/long_231.jpg -i /opt/airflow/output/videos/_tmp/long_231_raw.audio.mp3 -vf scale=1920:1080:force_original_aspect_ratio=increase,crop=1920:1080,drawtext=fontfile='/usr/share/fonts/truetype/noto/NotoSans-Regular.ttf':text='Sorry to keep you waiting.​':fontcolor=FFFFFF:fontsize=76:x=(w/2 - text_w/2):y=(h*0.16):line_spacing=12:box=1:boxcolor=black@0.45:boxborderw=12,drawtext=fontfile='/usr/share/fonts/truetype/noto/NotoSans-Regular.ttf':text='Sorry to keep you waiting, I had to respond​\nto an urgent phone call.​':fontcolor=FFD54A:fontsize=68:x=(w/2 - text_w/2):y=(h-text_h)/2+((h*0.15)):line_spacing=16:box=1:boxcolor=black@0.55:boxborderw=16 -c:v libx264 -preset medium -crf 23 -tune stillimage -pix_fmt yuv420p -c:a aac -b:a 192k -shortest -r 30 /opt/airflow/output/videos/_tmp/long_231_raw.mp4
[2026-07-25T04:04:35.630+0000] {logging_mixin.py:188} INFO - 2026-07-25 04:04:35,630 | INFO     | tts.edge_tts | Synthesized audio -> /opt/airflow/output/audio/phrase_190.mp3
[2026-07-25T04:04:35.967+0000] {logging_mixin.py:188} INFO - 2026-07-25 04:04:35,967 | INFO     | tts.edge_tts | Synthesized audio -> /opt/airflow/output/audio/example_190.mp3
[2026-07-25T04:04:36.170+0000] {logging_mixin.py:188} INFO - 2026-07-25 04:04:36,170 | INFO     | media.image_downloader | Downloaded background image for scene='office' -> /opt/airflow/output/images/long_190.jpg
[2026-07-25T04:04:36.171+0000] {logging_mixin.py:188} INFO - 2026-07-25 04:04:36,171 | INFO     | video.video_builder | Running ffmpeg: ffmpeg -y -i /opt/airflow/output/audio/phrase_190.mp3 -i /opt/airflow/output/audio/example_190.mp3 -filter_complex [0:a]apad=pad_dur=0.4[a0];[a0][1:a]concat=n=2:v=0:a=1[aout] -map [aout] /opt/airflow/output/videos/_tmp/long_190_raw.audio.mp3
[2026-07-25T04:04:36.332+0000] {logging_mixin.py:188} INFO - 2026-07-25 04:04:36,332 | INFO     | video.video_builder | Running ffmpeg: ffmpeg -y -loop 1 -i /opt/airflow/output/images/long_190.jpg -i /opt/airflow/output/videos/_tmp/long_190_raw.audio.mp3 -vf scale=1920:1080:force_original_aspect_ratio=increase,crop=1920:1080,drawtext=fontfile='/usr/share/fonts/truetype/noto/NotoSans-Regular.ttf':text='That makes sense.​':fontcolor=FFFFFF:fontsize=76:x=(w/2 - text_w/2):y=(h*0.16):line_spacing=12:box=1:boxcolor=black@0.45:boxborderw=12,drawtext=fontfile='/usr/share/fonts/truetype/noto/NotoSans-Regular.ttf':text='Ah, I see why you changed the project​\ntimeline now. That makes sense.​':fontcolor=FFD54A:fontsize=68:x=(w/2 - text_w/2):y=(h-text_h)/2+((h*0.15)):line_spacing=16:box=1:boxcolor=black@0.55:boxborderw=16 -c:v libx264 -preset medium -crf 23 -tune stillimage -pix_fmt yuv420p -c:a aac -b:a 192k -shortest -r 30 /opt/airflow/output/videos/_tmp/long_190_raw.mp4
[2026-07-25T04:04:40.029+0000] {logging_mixin.py:188} INFO - 2026-07-25 04:04:40,029 | INFO     | tts.edge_tts | Synthesized audio -> /opt/airflow/output/audio/phrase_198.mp3
[2026-07-25T04:04:40.302+0000] {logging_mixin.py:188} INFO - 2026-07-25 04:04:40,302 | INFO     | tts.edge_tts | Synthesized audio -> /opt/airflow/output/audio/example_198.mp3
[2026-07-25T04:04:40.519+0000] {logging_mixin.py:188} INFO - 2026-07-25 04:04:40,519 | INFO     | media.image_downloader | Downloaded background image for scene='office' -> /opt/airflow/output/images/long_198.jpg
[2026-07-25T04:04:40.520+0000] {logging_mixin.py:188} INFO - 2026-07-25 04:04:40,520 | INFO     | video.video_builder | Running ffmpeg: ffmpeg -y -i /opt/airflow/output/audio/phrase_198.mp3 -i /opt/airflow/output/audio/example_198.mp3 -filter_complex [0:a]apad=pad_dur=0.4[a0];[a0][1:a]concat=n=2:v=0:a=1[aout] -map [aout] /opt/airflow/output/videos/_tmp/long_198_raw.audio.mp3
[2026-07-25T04:04:40.618+0000] {logging_mixin.py:188} INFO - 2026-07-25 04:04:40,618 | INFO     | video.video_builder | Running ffmpeg: ffmpeg -y -loop 1 -i /opt/airflow/output/images/long_198.jpg -i /opt/airflow/output/videos/_tmp/long_198_raw.audio.mp3 -vf scale=1920:1080:force_original_aspect_ratio=increase,crop=1920:1080,drawtext=fontfile='/usr/share/fonts/truetype/noto/NotoSans-Regular.ttf':text='Let me double-check.​':fontcolor=FFFFFF:fontsize=76:x=(w/2 - text_w/2):y=(h*0.16):line_spacing=12:box=1:boxcolor=black@0.45:boxborderw=12,drawtext=fontfile='/usr/share/fonts/truetype/noto/NotoSans-Regular.ttf':text='I think the presentation starts at 2 PM, but​\nlet me double-check my calendar.​':fontcolor=FFD54A:fontsize=68:x=(w/2 - text_w/2):y=(h-text_h)/2+((h*0.15)):line_spacing=16:box=1:boxcolor=black@0.55:boxborderw=16 -c:v libx264 -preset medium -crf 23 -tune stillimage -pix_fmt yuv420p -c:a aac -b:a 192k -shortest -r 30 /opt/airflow/output/videos/_tmp/long_198_raw.mp4
[2026-07-25T04:04:41.913+0000] {local_task_job_runner.py:124} ERROR - Received SIGTERM. Terminating subprocesses
[2026-07-25T04:04:41.939+0000] {process_utils.py:132} INFO - Sending 15 to group 3242. PIDs of all processes in the group: [3875, 3242]
[2026-07-25T04:04:41.956+0000] {process_utils.py:87} INFO - Sending the signal 15 to group 3242
[2026-07-25T04:04:41.960+0000] {taskinstance.py:2611} ERROR - Received SIGTERM. Terminating subprocesses.
[2026-07-25T04:04:41.986+0000] {taskinstance.py:441} INFO - ::group::Post task execution logs
[2026-07-25T04:04:42.010+0000] {process_utils.py:80} INFO - Process psutil.Process(pid=3875, status='terminated', started='04:04:40') (3875) terminated with exit code None
[2026-07-25T04:04:42.000+0000] {taskinstance.py:2905} ERROR - Task failed with exception
Traceback (most recent call last):
  File "/home/airflow/.local/lib/python3.11/site-packages/airflow/models/taskinstance.py", line 465, in _execute_task
    result = _execute_callable(context=context, **execute_callable_kwargs)
             ^^^^^^^^^^^^^^^^^^^^^^^^^^^^^^^^^^^^^^^^^^^^^^^^^^^^^^^^^^^^^
  File "/home/airflow/.local/lib/python3.11/site-packages/airflow/models/taskinstance.py", line 432, in _execute_callable
    return execute_callable(context=context, **execute_callable_kwargs)
           ^^^^^^^^^^^^^^^^^^^^^^^^^^^^^^^^^^^^^^^^^^^^^^^^^^^^^^^^^^^^
  File "/home/airflow/.local/lib/python3.11/site-packages/airflow/models/baseoperator.py", line 401, in wrapper
    return func(self, *args, **kwargs)
           ^^^^^^^^^^^^^^^^^^^^^^^^^^^
  File "/home/airflow/.local/lib/python3.11/site-packages/airflow/operators/python.py", line 235, in execute
    return_value = self.execute_callable()
                   ^^^^^^^^^^^^^^^^^^^^^^^
  File "/home/airflow/.local/lib/python3.11/site-packages/airflow/operators/python.py", line 252, in execute_callable
    return self.python_callable(*self.op_args, **self.op_kwargs)
           ^^^^^^^^^^^^^^^^^^^^^^^^^^^^^^^^^^^^^^^^^^^^^^^^^^^^^
  File "/opt/airflow/dags/youtube_pipeline.py", line 94, in task_build_long_video
    result = build_long_video()
             ^^^^^^^^^^^^^^^^^^
  File "/opt/airflow/src/video/long_video.py", line 121, in build_long_video
    result = LongVideoPipeline().run()
             ^^^^^^^^^^^^^^^^^^^^^^^^^
  File "/opt/airflow/src/video/long_video.py", line 69, in run
    self.builder.render_segment(segment, raw_segment_path)
  File "/opt/airflow/src/video/video_builder.py", line 106, in render_segment
    _run(cmd)
  File "/opt/airflow/src/video/video_builder.py", line 35, in _run
    subprocess.run(cmd, check=True, capture_output=True)
  File "/usr/local/lib/python3.11/subprocess.py", line 550, in run
    stdout, stderr = process.communicate(input, timeout=timeout)
                     ^^^^^^^^^^^^^^^^^^^^^^^^^^^^^^^^^^^^^^^^^^^
  File "/usr/local/lib/python3.11/subprocess.py", line 1209, in communicate
    stdout, stderr = self._communicate(input, endtime, timeout)
                     ^^^^^^^^^^^^^^^^^^^^^^^^^^^^^^^^^^^^^^^^^^
  File "/usr/local/lib/python3.11/subprocess.py", line 2115, in _communicate
    ready = selector.select(timeout)
            ^^^^^^^^^^^^^^^^^^^^^^^^
  File "/usr/local/lib/python3.11/selectors.py", line 415, in select
    fd_event_list = self._selector.poll(timeout)
                    ^^^^^^^^^^^^^^^^^^^^^^^^^^^^
  File "/home/airflow/.local/lib/python3.11/site-packages/airflow/models/taskinstance.py", line 2613, in signal_handler
    raise AirflowTaskTerminated("Task received SIGTERM signal")
airflow.exceptions.AirflowTaskTerminated: Task received SIGTERM signal
[2026-07-25T04:04:42.026+0000] {taskinstance.py:1206} INFO - Marking task as FAILED. dag_id=youtube_english_video_pipeline, task_id=build_long_video, run_id=manual__2026-07-25T03:53:24.884001+00:00, execution_date=20260725T035324, start_date=20260725T040423, end_date=20260725T040442
[2026-07-25T04:04:42.063+0000] {process_utils.py:80} INFO - Process psutil.Process(pid=3242, status='terminated', exitcode=2, started='04:04:22') (3242) terminated with exit code 2
[2026-07-25T04:04:42.064+0000] {local_task_job_runner.py:243} INFO - Task exited with return code 143
[2026-07-25T04:04:42.285+0000] {taskinstance.py:3503} INFO - 0 downstream tasks scheduled from follow-on schedule check
[2026-07-25T04:04:43.383+0000] {local_task_job_runner.py:222} INFO - ::endgroup::
