[2026-07-25T03:59:00.114+0000] {local_task_job_runner.py:120} INFO - ::group::Pre task execution logs
[2026-07-25T03:59:00.145+0000] {taskinstance.py:2076} INFO - Dependencies all met for dep_context=non-requeueable deps ti=<TaskInstance: youtube_english_video_pipeline.build_long_video manual__2026-07-25T03:53:24.884001+00:00 [queued]>
[2026-07-25T03:59:00.152+0000] {taskinstance.py:2076} INFO - Dependencies all met for dep_context=requeueable deps ti=<TaskInstance: youtube_english_video_pipeline.build_long_video manual__2026-07-25T03:53:24.884001+00:00 [queued]>
[2026-07-25T03:59:00.153+0000] {taskinstance.py:2306} INFO - Starting attempt 2 of 3
[2026-07-25T03:59:00.162+0000] {taskinstance.py:2330} INFO - Executing <Task(PythonOperator): build_long_video> on 2026-07-25 03:53:24.884001+00:00
[2026-07-25T03:59:00.165+0000] {standard_task_runner.py:64} INFO - Started process 2393 to run task
[2026-07-25T03:59:00.168+0000] {standard_task_runner.py:90} INFO - Running: ['airflow', 'tasks', 'run', 'youtube_english_video_pipeline', 'build_long_video', 'manual__2026-07-25T03:53:24.884001+00:00', '--job-id', '144', '--raw', '--subdir', 'DAGS_FOLDER/youtube_pipeline.py', '--cfg-path', '/tmp/tmp30xl5n7m']
[2026-07-25T03:59:00.170+0000] {standard_task_runner.py:91} INFO - Job 144: Subtask build_long_video
[2026-07-25T03:59:00.259+0000] {task_command.py:426} INFO - Running <TaskInstance: youtube_english_video_pipeline.build_long_video manual__2026-07-25T03:53:24.884001+00:00 [running]> on host ce8e21912c19
[2026-07-25T03:59:00.471+0000] {taskinstance.py:2648} INFO - Exporting env vars: AIRFLOW_CTX_DAG_OWNER='taky' AIRFLOW_CTX_DAG_ID='youtube_english_video_pipeline' AIRFLOW_CTX_TASK_ID='build_long_video' AIRFLOW_CTX_EXECUTION_DATE='2026-07-25T03:53:24.884001+00:00' AIRFLOW_CTX_TRY_NUMBER='2' AIRFLOW_CTX_DAG_RUN_ID='manual__2026-07-25T03:53:24.884001+00:00'
[2026-07-25T03:59:00.472+0000] {taskinstance.py:430} INFO - ::endgroup::
[2026-07-25T03:59:01.738+0000] {logging_mixin.py:188} INFO - 2026-07-25 03:59:01,738 | INFO     | planner.video_planner | Planned LONG video: topic='Business English', phrases=17
[2026-07-25T03:59:02.074+0000] {logging_mixin.py:188} INFO - 2026-07-25 03:59:02,074 | INFO     | tts.edge_tts | Synthesized audio -> /opt/airflow/output/audio/phrase_184.mp3
[2026-07-25T03:59:02.422+0000] {logging_mixin.py:188} INFO - 2026-07-25 03:59:02,422 | INFO     | tts.edge_tts | Synthesized audio -> /opt/airflow/output/audio/example_184.mp3
[2026-07-25T03:59:02.646+0000] {logging_mixin.py:188} INFO - 2026-07-25 03:59:02,646 | INFO     | media.image_downloader | Downloaded background image for scene='phone' -> /opt/airflow/output/images/long_184.jpg
[2026-07-25T03:59:02.647+0000] {logging_mixin.py:188} INFO - 2026-07-25 03:59:02,647 | INFO     | video.video_builder | Running ffmpeg: ffmpeg -y -i /opt/airflow/output/audio/phrase_184.mp3 -i /opt/airflow/output/audio/example_184.mp3 -filter_complex [0:a]apad=pad_dur=0.4[a0];[a0][1:a]concat=n=2:v=0:a=1[aout] -map [aout] /opt/airflow/output/videos/_tmp/long_184_raw.audio.mp3
[2026-07-25T03:59:02.753+0000] {logging_mixin.py:188} INFO - 2026-07-25 03:59:02,753 | INFO     | video.video_builder | Running ffmpeg: ffmpeg -y -loop 1 -i /opt/airflow/output/images/long_184.jpg -i /opt/airflow/output/videos/_tmp/long_184_raw.audio.mp3 -vf scale=1920:1080:force_original_aspect_ratio=increase,crop=1920:1080,drawtext=fontfile='/usr/share/fonts/truetype/noto/NotoSans-Regular.ttf':text='Could I leave a message?':fontcolor=FFFFFF:fontsize=76:x=(w-text_w)/2:y=(h*0.16):line_spacing=12:box=1:boxcolor=black@0.45:boxborderw=20,drawtext=fontfile='/usr/share/fonts/truetype/noto/NotoSans-Regular.ttf':text='Since Mr. Davis is out of the office, could\nI leave a message for him?':fontcolor=FFD54A:fontsize=68:x=(w-text_w)/2:y=(h-text_h)/2+((h*0.15)):line_spacing=16:box=1:boxcolor=black@0.55:boxborderw=24 -c:v libx264 -preset medium -crf 23 -tune stillimage -pix_fmt yuv420p -c:a aac -b:a 192k -shortest -r 30 /opt/airflow/output/videos/_tmp/long_184_raw.mp4
[2026-07-25T03:59:06.135+0000] {logging_mixin.py:188} INFO - 2026-07-25 03:59:06,134 | INFO     | tts.edge_tts | Synthesized audio -> /opt/airflow/output/audio/phrase_228.mp3
[2026-07-25T03:59:06.363+0000] {logging_mixin.py:188} INFO - 2026-07-25 03:59:06,363 | INFO     | tts.edge_tts | Synthesized audio -> /opt/airflow/output/audio/example_228.mp3
[2026-07-25T03:59:06.532+0000] {logging_mixin.py:188} INFO - 2026-07-25 03:59:06,532 | INFO     | media.image_downloader | Downloaded background image for scene='phone' -> /opt/airflow/output/images/long_228.jpg
[2026-07-25T03:59:06.533+0000] {logging_mixin.py:188} INFO - 2026-07-25 03:59:06,533 | INFO     | video.video_builder | Running ffmpeg: ffmpeg -y -i /opt/airflow/output/audio/phrase_228.mp3 -i /opt/airflow/output/audio/example_228.mp3 -filter_complex [0:a]apad=pad_dur=0.4[a0];[a0][1:a]concat=n=2:v=0:a=1[aout] -map [aout] /opt/airflow/output/videos/_tmp/long_228_raw.audio.mp3
[2026-07-25T03:59:06.630+0000] {logging_mixin.py:188} INFO - 2026-07-25 03:59:06,630 | INFO     | video.video_builder | Running ffmpeg: ffmpeg -y -loop 1 -i /opt/airflow/output/images/long_228.jpg -i /opt/airflow/output/videos/_tmp/long_228_raw.audio.mp3 -vf scale=1920:1080:force_original_aspect_ratio=increase,crop=1920:1080,drawtext=fontfile='/usr/share/fonts/truetype/noto/NotoSans-Regular.ttf':text='Could you speak up a bit?':fontcolor=FFFFFF:fontsize=76:x=(w-text_w)/2:y=(h*0.16):line_spacing=12:box=1:boxcolor=black@0.45:boxborderw=20,drawtext=fontfile='/usr/share/fonts/truetype/noto/NotoSans-Regular.ttf':text='The connection is quite poor, so could you\nspeak up a bit?':fontcolor=FFD54A:fontsize=68:x=(w-text_w)/2:y=(h-text_h)/2+((h*0.15)):line_spacing=16:box=1:boxcolor=black@0.55:boxborderw=24 -c:v libx264 -preset medium -crf 23 -tune stillimage -pix_fmt yuv420p -c:a aac -b:a 192k -shortest -r 30 /opt/airflow/output/videos/_tmp/long_228_raw.mp4
[2026-07-25T03:59:09.635+0000] {logging_mixin.py:188} INFO - 2026-07-25 03:59:09,635 | INFO     | tts.edge_tts | Synthesized audio -> /opt/airflow/output/audio/phrase_231.mp3
[2026-07-25T03:59:09.898+0000] {logging_mixin.py:188} INFO - 2026-07-25 03:59:09,898 | INFO     | tts.edge_tts | Synthesized audio -> /opt/airflow/output/audio/example_231.mp3
[2026-07-25T03:59:10.117+0000] {logging_mixin.py:188} INFO - 2026-07-25 03:59:10,117 | INFO     | media.image_downloader | Downloaded background image for scene='meeting' -> /opt/airflow/output/images/long_231.jpg
[2026-07-25T03:59:10.118+0000] {logging_mixin.py:188} INFO - 2026-07-25 03:59:10,118 | INFO     | video.video_builder | Running ffmpeg: ffmpeg -y -i /opt/airflow/output/audio/phrase_231.mp3 -i /opt/airflow/output/audio/example_231.mp3 -filter_complex [0:a]apad=pad_dur=0.4[a0];[a0][1:a]concat=n=2:v=0:a=1[aout] -map [aout] /opt/airflow/output/videos/_tmp/long_231_raw.audio.mp3
[2026-07-25T03:59:10.214+0000] {logging_mixin.py:188} INFO - 2026-07-25 03:59:10,214 | INFO     | video.video_builder | Running ffmpeg: ffmpeg -y -loop 1 -i /opt/airflow/output/images/long_231.jpg -i /opt/airflow/output/videos/_tmp/long_231_raw.audio.mp3 -vf scale=1920:1080:force_original_aspect_ratio=increase,crop=1920:1080,drawtext=fontfile='/usr/share/fonts/truetype/noto/NotoSans-Regular.ttf':text='Sorry to keep you waiting.':fontcolor=FFFFFF:fontsize=76:x=(w-text_w)/2:y=(h*0.16):line_spacing=12:box=1:boxcolor=black@0.45:boxborderw=20,drawtext=fontfile='/usr/share/fonts/truetype/noto/NotoSans-Regular.ttf':text='Sorry to keep you waiting, I had to respond\nto an urgent phone call.':fontcolor=FFD54A:fontsize=68:x=(w-text_w)/2:y=(h-text_h)/2+((h*0.15)):line_spacing=16:box=1:boxcolor=black@0.55:boxborderw=24 -c:v libx264 -preset medium -crf 23 -tune stillimage -pix_fmt yuv420p -c:a aac -b:a 192k -shortest -r 30 /opt/airflow/output/videos/_tmp/long_231_raw.mp4
[2026-07-25T03:59:13.314+0000] {logging_mixin.py:188} INFO - 2026-07-25 03:59:13,314 | INFO     | tts.edge_tts | Synthesized audio -> /opt/airflow/output/audio/phrase_190.mp3
[2026-07-25T03:59:13.637+0000] {logging_mixin.py:188} INFO - 2026-07-25 03:59:13,637 | INFO     | tts.edge_tts | Synthesized audio -> /opt/airflow/output/audio/example_190.mp3
[2026-07-25T03:59:13.805+0000] {logging_mixin.py:188} INFO - 2026-07-25 03:59:13,805 | INFO     | media.image_downloader | Downloaded background image for scene='office' -> /opt/airflow/output/images/long_190.jpg
[2026-07-25T03:59:13.806+0000] {logging_mixin.py:188} INFO - 2026-07-25 03:59:13,806 | INFO     | video.video_builder | Running ffmpeg: ffmpeg -y -i /opt/airflow/output/audio/phrase_190.mp3 -i /opt/airflow/output/audio/example_190.mp3 -filter_complex [0:a]apad=pad_dur=0.4[a0];[a0][1:a]concat=n=2:v=0:a=1[aout] -map [aout] /opt/airflow/output/videos/_tmp/long_190_raw.audio.mp3
[2026-07-25T03:59:13.907+0000] {logging_mixin.py:188} INFO - 2026-07-25 03:59:13,907 | INFO     | video.video_builder | Running ffmpeg: ffmpeg -y -loop 1 -i /opt/airflow/output/images/long_190.jpg -i /opt/airflow/output/videos/_tmp/long_190_raw.audio.mp3 -vf scale=1920:1080:force_original_aspect_ratio=increase,crop=1920:1080,drawtext=fontfile='/usr/share/fonts/truetype/noto/NotoSans-Regular.ttf':text='That makes sense.':fontcolor=FFFFFF:fontsize=76:x=(w-text_w)/2:y=(h*0.16):line_spacing=12:box=1:boxcolor=black@0.45:boxborderw=20,drawtext=fontfile='/usr/share/fonts/truetype/noto/NotoSans-Regular.ttf':text='Ah, I see why you changed the project\ntimeline now. That makes sense.':fontcolor=FFD54A:fontsize=68:x=(w-text_w)/2:y=(h-text_h)/2+((h*0.15)):line_spacing=16:box=1:boxcolor=black@0.55:boxborderw=24 -c:v libx264 -preset medium -crf 23 -tune stillimage -pix_fmt yuv420p -c:a aac -b:a 192k -shortest -r 30 /opt/airflow/output/videos/_tmp/long_190_raw.mp4
[2026-07-25T03:59:17.769+0000] {logging_mixin.py:188} INFO - 2026-07-25 03:59:17,769 | INFO     | tts.edge_tts | Synthesized audio -> /opt/airflow/output/audio/phrase_198.mp3
[2026-07-25T03:59:18.064+0000] {logging_mixin.py:188} INFO - 2026-07-25 03:59:18,064 | INFO     | tts.edge_tts | Synthesized audio -> /opt/airflow/output/audio/example_198.mp3
[2026-07-25T03:59:18.228+0000] {logging_mixin.py:188} INFO - 2026-07-25 03:59:18,228 | INFO     | media.image_downloader | Downloaded background image for scene='office' -> /opt/airflow/output/images/long_198.jpg
[2026-07-25T03:59:18.229+0000] {logging_mixin.py:188} INFO - 2026-07-25 03:59:18,229 | INFO     | video.video_builder | Running ffmpeg: ffmpeg -y -i /opt/airflow/output/audio/phrase_198.mp3 -i /opt/airflow/output/audio/example_198.mp3 -filter_complex [0:a]apad=pad_dur=0.4[a0];[a0][1:a]concat=n=2:v=0:a=1[aout] -map [aout] /opt/airflow/output/videos/_tmp/long_198_raw.audio.mp3
[2026-07-25T03:59:18.312+0000] {logging_mixin.py:188} INFO - 2026-07-25 03:59:18,311 | INFO     | video.video_builder | Running ffmpeg: ffmpeg -y -loop 1 -i /opt/airflow/output/images/long_198.jpg -i /opt/airflow/output/videos/_tmp/long_198_raw.audio.mp3 -vf scale=1920:1080:force_original_aspect_ratio=increase,crop=1920:1080,drawtext=fontfile='/usr/share/fonts/truetype/noto/NotoSans-Regular.ttf':text='Let me double-check.':fontcolor=FFFFFF:fontsize=76:x=(w-text_w)/2:y=(h*0.16):line_spacing=12:box=1:boxcolor=black@0.45:boxborderw=20,drawtext=fontfile='/usr/share/fonts/truetype/noto/NotoSans-Regular.ttf':text='I think the presentation starts at 2 PM, but\nlet me double-check my calendar.':fontcolor=FFD54A:fontsize=68:x=(w-text_w)/2:y=(h-text_h)/2+((h*0.15)):line_spacing=16:box=1:boxcolor=black@0.55:boxborderw=24 -c:v libx264 -preset medium -crf 23 -tune stillimage -pix_fmt yuv420p -c:a aac -b:a 192k -shortest -r 30 /opt/airflow/output/videos/_tmp/long_198_raw.mp4
[2026-07-25T03:59:21.667+0000] {logging_mixin.py:188} INFO - 2026-07-25 03:59:21,667 | INFO     | tts.edge_tts | Synthesized audio -> /opt/airflow/output/audio/phrase_205.mp3
[2026-07-25T03:59:21.954+0000] {logging_mixin.py:188} INFO - 2026-07-25 03:59:21,954 | INFO     | tts.edge_tts | Synthesized audio -> /opt/airflow/output/audio/example_205.mp3
[2026-07-25T03:59:22.146+0000] {logging_mixin.py:188} INFO - 2026-07-25 03:59:22,146 | INFO     | media.image_downloader | Downloaded background image for scene='office' -> /opt/airflow/output/images/long_205.jpg
[2026-07-25T03:59:22.166+0000] {logging_mixin.py:188} INFO - 2026-07-25 03:59:22,166 | INFO     | video.video_builder | Running ffmpeg: ffmpeg -y -i /opt/airflow/output/audio/phrase_205.mp3 -i /opt/airflow/output/audio/example_205.mp3 -filter_complex [0:a]apad=pad_dur=0.4[a0];[a0][1:a]concat=n=2:v=0:a=1[aout] -map [aout] /opt/airflow/output/videos/_tmp/long_205_raw.audio.mp3
[2026-07-25T03:59:22.252+0000] {logging_mixin.py:188} INFO - 2026-07-25 03:59:22,252 | INFO     | video.video_builder | Running ffmpeg: ffmpeg -y -loop 1 -i /opt/airflow/output/images/long_205.jpg -i /opt/airflow/output/videos/_tmp/long_205_raw.audio.mp3 -vf scale=1920:1080:force_original_aspect_ratio=increase,crop=1920:1080,drawtext=fontfile='/usr/share/fonts/truetype/noto/NotoSans-Regular.ttf':text='I\'m looking forward to it.':fontcolor=FFFFFF:fontsize=76:x=(w-text_w)/2:y=(h*0.16):line_spacing=12:box=1:boxcolor=black@0.45:boxborderw=20,drawtext=fontfile='/usr/share/fonts/truetype/noto/NotoSans-Regular.ttf':text='Thank you for inviting me to the conference\nnext week, I\'m looking forward to it.':fontcolor=FFD54A:fontsize=68:x=(w-text_w)/2:y=(h-text_h)/2+((h*0.15)):line_spacing=16:box=1:boxcolor=black@0.55:boxborderw=24 -c:v libx264 -preset medium -crf 23 -tune stillimage -pix_fmt yuv420p -c:a aac -b:a 192k -shortest -r 30 /opt/airflow/output/videos/_tmp/long_205_raw.mp4
[2026-07-25T03:59:22.342+0000] {taskinstance.py:441} INFO - ::group::Post task execution logs
[2026-07-25T03:59:22.343+0000] {taskinstance.py:2905} ERROR - Task failed with exception
Traceback (most recent call last):
  File "/home/airflow/.local/lib/python3.11/site-packages/airflow/models/taskinstance.py", line 465, in _execute_task
    result = _execute_callable(context=context, **execute_callable_kwargs)
             ^^^^^^^^^^^^^^^^^^^^^^^^^^^^^^^^^^^^^^^^^^^^^^^^^^^^^^^^^^^^^
  File "/home/airflow/.local/lib/python3.11/site-packages/airflow/models/taskinstance.py", line 432, in _execute_callable
    return execute_callable(context=context, **execute_callable_kwargs)
           ^^^^^^^^^^^^^^^^^^^^^^^^^^^^^^^^^^^^^^^^^^^^^^^^^^^^^^^^^^^^
  File "/home/airflow/.local/lib/python3.11/site-packages/airflow/models/baseoperator.py", line 401, in wrapper
    return func(self, *args, **kwargs)
           ^^^^^^^^^^^^^^^^^^^^^^^^^^^
  File "/home/airflow/.local/lib/python3.11/site-packages/airflow/operators/python.py", line 235, in execute
    return_value = self.execute_callable()
                   ^^^^^^^^^^^^^^^^^^^^^^^
  File "/home/airflow/.local/lib/python3.11/site-packages/airflow/operators/python.py", line 252, in execute_callable
    return self.python_callable(*self.op_args, **self.op_kwargs)
           ^^^^^^^^^^^^^^^^^^^^^^^^^^^^^^^^^^^^^^^^^^^^^^^^^^^^^
  File "/opt/airflow/dags/youtube_pipeline.py", line 94, in task_build_long_video
    result = build_long_video()
             ^^^^^^^^^^^^^^^^^^
  File "/opt/airflow/src/video/long_video.py", line 121, in build_long_video
    result = LongVideoPipeline().run()
             ^^^^^^^^^^^^^^^^^^^^^^^^^
  File "/opt/airflow/src/video/long_video.py", line 69, in run
    self.builder.render_segment(segment, raw_segment_path)
  File "/opt/airflow/src/video/video_builder.py", line 101, in render_segment
    _run(cmd)
  File "/opt/airflow/src/video/video_builder.py", line 34, in _run
    subprocess.run(cmd, check=True, capture_output=True)
  File "/usr/local/lib/python3.11/subprocess.py", line 571, in run
    raise CalledProcessError(retcode, process.args,
subprocess.CalledProcessError: Command '['ffmpeg', '-y', '-loop', '1', '-i', '/opt/airflow/output/images/long_205.jpg', '-i', '/opt/airflow/output/videos/_tmp/long_205_raw.audio.mp3', '-vf', "scale=1920:1080:force_original_aspect_ratio=increase,crop=1920:1080,drawtext=fontfile='/usr/share/fonts/truetype/noto/NotoSans-Regular.ttf':text='I\\'m looking forward to it.':fontcolor=FFFFFF:fontsize=76:x=(w-text_w)/2:y=(h*0.16):line_spacing=12:box=1:boxcolor=black@0.45:boxborderw=20,drawtext=fontfile='/usr/share/fonts/truetype/noto/NotoSans-Regular.ttf':text='Thank you for inviting me to the conference\\nnext week, I\\'m looking forward to it.':fontcolor=FFD54A:fontsize=68:x=(w-text_w)/2:y=(h-text_h)/2+((h*0.15)):line_spacing=16:box=1:boxcolor=black@0.55:boxborderw=24", '-c:v', 'libx264', '-preset', 'medium', '-crf', '23', '-tune', 'stillimage', '-pix_fmt', 'yuv420p', '-c:a', 'aac', '-b:a', '192k', '-shortest', '-r', '30', '/opt/airflow/output/videos/_tmp/long_205_raw.mp4']' returned non-zero exit status 1.
[2026-07-25T03:59:22.358+0000] {taskinstance.py:1206} INFO - Marking task as UP_FOR_RETRY. dag_id=youtube_english_video_pipeline, task_id=build_long_video, run_id=manual__2026-07-25T03:53:24.884001+00:00, execution_date=20260725T035324, start_date=20260725T035900, end_date=20260725T035922
[2026-07-25T03:59:22.368+0000] {standard_task_runner.py:110} ERROR - Failed to execute job 144 for task build_long_video (Command '['ffmpeg', '-y', '-loop', '1', '-i', '/opt/airflow/output/images/long_205.jpg', '-i', '/opt/airflow/output/videos/_tmp/long_205_raw.audio.mp3', '-vf', "scale=1920:1080:force_original_aspect_ratio=increase,crop=1920:1080,drawtext=fontfile='/usr/share/fonts/truetype/noto/NotoSans-Regular.ttf':text='I\\'m looking forward to it.':fontcolor=FFFFFF:fontsize=76:x=(w-text_w)/2:y=(h*0.16):line_spacing=12:box=1:boxcolor=black@0.45:boxborderw=20,drawtext=fontfile='/usr/share/fonts/truetype/noto/NotoSans-Regular.ttf':text='Thank you for inviting me to the conference\\nnext week, I\\'m looking forward to it.':fontcolor=FFD54A:fontsize=68:x=(w-text_w)/2:y=(h-text_h)/2+((h*0.15)):line_spacing=16:box=1:boxcolor=black@0.55:boxborderw=24", '-c:v', 'libx264', '-preset', 'medium', '-crf', '23', '-tune', 'stillimage', '-pix_fmt', 'yuv420p', '-c:a', 'aac', '-b:a', '192k', '-shortest', '-r', '30', '/opt/airflow/output/videos/_tmp/long_205_raw.mp4']' returned non-zero exit status 1.; 2393)
[2026-07-25T03:59:22.389+0000] {local_task_job_runner.py:243} INFO - Task exited with return code 1
[2026-07-25T03:59:22.515+0000] {taskinstance.py:3503} INFO - 0 downstream tasks scheduled from follow-on schedule check
[2026-07-25T03:59:22.519+0000] {local_task_job_runner.py:222} INFO - ::endgroup::
