[2026-07-25T08:25:59.168+0000] {local_task_job_runner.py:120} INFO - ::group::Pre task execution logs
[2026-07-25T08:25:59.191+0000] {taskinstance.py:2076} INFO - Dependencies all met for dep_context=non-requeueable deps ti=<TaskInstance: youtube_english_video_pipeline.build_short_video_2 manual__2026-07-25T08:23:54.309173+00:00 [queued]>
[2026-07-25T08:25:59.197+0000] {taskinstance.py:2076} INFO - Dependencies all met for dep_context=requeueable deps ti=<TaskInstance: youtube_english_video_pipeline.build_short_video_2 manual__2026-07-25T08:23:54.309173+00:00 [queued]>
[2026-07-25T08:25:59.197+0000] {taskinstance.py:2306} INFO - Starting attempt 1 of 3
[2026-07-25T08:25:59.205+0000] {taskinstance.py:2330} INFO - Executing <Task(PythonOperator): build_short_video_2> on 2026-07-25 08:23:54.309173+00:00
[2026-07-25T08:25:59.209+0000] {standard_task_runner.py:64} INFO - Started process 11743 to run task
[2026-07-25T08:25:59.211+0000] {standard_task_runner.py:90} INFO - Running: ['airflow', 'tasks', 'run', 'youtube_english_video_pipeline', 'build_short_video_2', 'manual__2026-07-25T08:23:54.309173+00:00', '--job-id', '241', '--raw', '--subdir', 'DAGS_FOLDER/youtube_pipeline.py', '--cfg-path', '/tmp/tmp5dyo2va2']
[2026-07-25T08:25:59.213+0000] {standard_task_runner.py:91} INFO - Job 241: Subtask build_short_video_2
[2026-07-25T08:25:59.274+0000] {task_command.py:426} INFO - Running <TaskInstance: youtube_english_video_pipeline.build_short_video_2 manual__2026-07-25T08:23:54.309173+00:00 [running]> on host ce8e21912c19
[2026-07-25T08:25:59.433+0000] {taskinstance.py:2648} INFO - Exporting env vars: AIRFLOW_CTX_DAG_OWNER='taky' AIRFLOW_CTX_DAG_ID='youtube_english_video_pipeline' AIRFLOW_CTX_TASK_ID='build_short_video_2' AIRFLOW_CTX_EXECUTION_DATE='2026-07-25T08:23:54.309173+00:00' AIRFLOW_CTX_TRY_NUMBER='1' AIRFLOW_CTX_DAG_RUN_ID='manual__2026-07-25T08:23:54.309173+00:00'
[2026-07-25T08:25:59.434+0000] {taskinstance.py:430} INFO - ::endgroup::
[2026-07-25T08:25:59.774+0000] {logging_mixin.py:188} INFO - 2026-07-25 08:25:59,774 | INFO     | planner.video_planner | Planned SHORT video: topic='Hotel English', phrases=1
[2026-07-25T08:26:00.085+0000] {logging_mixin.py:188} INFO - 2026-07-25 08:26:00,085 | INFO     | tts.edge_tts | Synthesized audio -> /opt/airflow/output/audio/phrase_101.mp3
[2026-07-25T08:26:00.365+0000] {logging_mixin.py:188} INFO - 2026-07-25 08:26:00,365 | INFO     | tts.edge_tts | Synthesized audio -> /opt/airflow/output/audio/example_101.mp3
[2026-07-25T08:26:00.518+0000] {logging_mixin.py:188} INFO - 2026-07-25 08:26:00,518 | INFO     | media.image_downloader | Downloaded background image for scene='hotel' -> /opt/airflow/output/images/short_101.jpg
[2026-07-25T08:26:03.117+0000] {logging_mixin.py:188} INFO - 2026-07-25 08:26:03,117 | WARNING  | video.video_builder | BGM file not found at /opt/airflow/assets/bgm/short_bgm.mp3, rendering without background music
[2026-07-25T08:26:04.942+0000] {logging_mixin.py:188} INFO - 2026-07-25 08:26:04,942 | INFO     | video.video_builder | Final video rendered -> /opt/airflow/output/videos/short_101.mp4
[2026-07-25T08:26:10.840+0000] {python.py:237} INFO - Done. Returned value was: {'video_id': 35, 'file_path': '/opt/airflow/output/videos/short_101.mp4', 'title': 'How to Ask for a LATE CHECKOUT in English! 🏨 Hotel Phrase #Shorts', 'description': 'Need extra time at your hotel? Learn how to politely ask for a late checkout in English! 🏨\n\nIn this lesson from Taky\'s Language School, master this essential travel English phrase:\n\n👉 "Could I get a late checkout?"\n\nExample sentence:\n"My flight isn\'t until evening, so could I get a late checkout tomorrow?"\n\nSubscribe to Taky\'s Language School for practical spoken English tips, travel phrases, and daily conversation practice!\n\n#HotelEnglish #TravelEnglish #LearnEnglish #EnglishPhrases #TakysLanguageSchool #Shorts', 'tags': ['hotel english', 'travel english', 'learn english', 'english phrases', 'how to ask for late checkout', 'spoken english', 'takys language school', 'english conversation', 'english for travel', 'useful english phrases', 'english shorts'], 'video_type': 'short'}
[2026-07-25T08:26:10.841+0000] {taskinstance.py:441} INFO - ::group::Post task execution logs
[2026-07-25T08:26:10.859+0000] {taskinstance.py:1206} INFO - Marking task as SUCCESS. dag_id=youtube_english_video_pipeline, task_id=build_short_video_2, run_id=manual__2026-07-25T08:23:54.309173+00:00, execution_date=20260725T082354, start_date=20260725T082559, end_date=20260725T082610
[2026-07-25T08:26:10.920+0000] {local_task_job_runner.py:243} INFO - Task exited with return code 0
[2026-07-25T08:26:11.058+0000] {taskinstance.py:3503} INFO - 1 downstream tasks scheduled from follow-on schedule check
[2026-07-25T08:26:11.063+0000] {local_task_job_runner.py:222} INFO - ::endgroup::
