[2026-09-22T00:32:13.826+0000] {local_task_job_runner.py:120} INFO - ::group::Pre task execution logs
[2026-09-22T00:32:13.882+0000] {taskinstance.py:2076} INFO - Dependencies all met for dep_context=non-requeueable deps ti=<TaskInstance: youtube_english_video_pipeline.should_build_long_video_6 scheduled__2026-09-20T12:00:00+00:00 [queued]>
[2026-09-22T00:32:13.895+0000] {taskinstance.py:2076} INFO - Dependencies all met for dep_context=requeueable deps ti=<TaskInstance: youtube_english_video_pipeline.should_build_long_video_6 scheduled__2026-09-20T12:00:00+00:00 [queued]>
[2026-09-22T00:32:13.898+0000] {taskinstance.py:2306} INFO - Starting attempt 1 of 3
[2026-09-22T00:32:13.921+0000] {taskinstance.py:2330} INFO - Executing <Task(ShortCircuitOperator): should_build_long_video_6> on 2026-09-20 12:00:00+00:00
[2026-09-22T00:32:13.929+0000] {standard_task_runner.py:64} INFO - Started process 18099 to run task
[2026-09-22T00:32:13.934+0000] {standard_task_runner.py:90} INFO - Running: ['airflow', 'tasks', 'run', 'youtube_english_video_pipeline', 'should_build_long_video_6', 'scheduled__2026-09-20T12:00:00+00:00', '--job-id', '1485', '--raw', '--subdir', 'DAGS_FOLDER/youtube_pipeline.py', '--cfg-path', '/tmp/tmphohheeeh']
[2026-09-22T00:32:13.939+0000] {standard_task_runner.py:91} INFO - Job 1485: Subtask should_build_long_video_6
[2026-09-22T00:32:14.031+0000] {task_command.py:426} INFO - Running <TaskInstance: youtube_english_video_pipeline.should_build_long_video_6 scheduled__2026-09-20T12:00:00+00:00 [running]> on host 73b18333cdfe
[2026-09-22T00:32:14.394+0000] {taskinstance.py:2648} INFO - Exporting env vars: AIRFLOW_CTX_DAG_OWNER='taky' AIRFLOW_CTX_DAG_ID='youtube_english_video_pipeline' AIRFLOW_CTX_TASK_ID='should_build_long_video_6' AIRFLOW_CTX_EXECUTION_DATE='2026-09-20T12:00:00+00:00' AIRFLOW_CTX_TRY_NUMBER='1' AIRFLOW_CTX_DAG_RUN_ID='scheduled__2026-09-20T12:00:00+00:00'
[2026-09-22T00:32:14.396+0000] {taskinstance.py:430} INFO - ::endgroup::
[2026-09-22T00:32:14.412+0000] {baseoperator.py:400} WARNING - ShortCircuitOperator.execute cannot be called outside TaskInstance!
[2026-09-22T00:32:14.414+0000] {python.py:237} INFO - Done. Returned value was: True
[2026-09-22T00:32:14.417+0000] {python.py:304} INFO - Condition result is True
[2026-09-22T00:32:14.419+0000] {python.py:307} INFO - Proceeding with downstream tasks...
[2026-09-22T00:32:14.420+0000] {taskinstance.py:441} INFO - ::group::Post task execution logs
[2026-09-22T00:32:14.472+0000] {taskinstance.py:1206} INFO - Marking task as SUCCESS. dag_id=youtube_english_video_pipeline, task_id=should_build_long_video_6, run_id=scheduled__2026-09-20T12:00:00+00:00, execution_date=20260920T120000, start_date=20260922T003213, end_date=20260922T003214
[2026-09-22T00:32:14.506+0000] {local_task_job_runner.py:243} INFO - Task exited with return code 0
[2026-09-22T00:32:14.724+0000] {taskinstance.py:3503} INFO - 1 downstream tasks scheduled from follow-on schedule check
[2026-09-22T00:32:14.731+0000] {local_task_job_runner.py:222} INFO - ::endgroup::
