[2026-07-23T13:45:30.384+0000] {local_task_job_runner.py:120} INFO - ::group::Pre task execution logs
[2026-07-23T13:45:30.409+0000] {taskinstance.py:2076} INFO - Dependencies all met for dep_context=non-requeueable deps ti=<TaskInstance: youtube_english_video_pipeline.upload_long_video manual__2026-07-23T13:42:52.577834+00:00 [queued]>
[2026-07-23T13:45:30.414+0000] {taskinstance.py:2076} INFO - Dependencies all met for dep_context=requeueable deps ti=<TaskInstance: youtube_english_video_pipeline.upload_long_video manual__2026-07-23T13:42:52.577834+00:00 [queued]>
[2026-07-23T13:45:30.415+0000] {taskinstance.py:2306} INFO - Starting attempt 1 of 3
[2026-07-23T13:45:30.424+0000] {taskinstance.py:2330} INFO - Executing <Task(PythonOperator): upload_long_video> on 2026-07-23 13:42:52.577834+00:00
[2026-07-23T13:45:30.428+0000] {standard_task_runner.py:64} INFO - Started process 3718 to run task
[2026-07-23T13:45:30.430+0000] {standard_task_runner.py:90} INFO - Running: ['airflow', 'tasks', 'run', 'youtube_english_video_pipeline', 'upload_long_video', 'manual__2026-07-23T13:42:52.577834+00:00', '--job-id', '76', '--raw', '--subdir', 'DAGS_FOLDER/youtube_pipeline.py', '--cfg-path', '/tmp/tmpxw84_omj']
[2026-07-23T13:45:30.432+0000] {standard_task_runner.py:91} INFO - Job 76: Subtask upload_long_video
[2026-07-23T13:45:30.483+0000] {task_command.py:426} INFO - Running <TaskInstance: youtube_english_video_pipeline.upload_long_video manual__2026-07-23T13:42:52.577834+00:00 [running]> on host 5b8f65250260
[2026-07-23T13:45:30.664+0000] {taskinstance.py:2648} INFO - Exporting env vars: AIRFLOW_CTX_DAG_OWNER='taky' AIRFLOW_CTX_DAG_ID='youtube_english_video_pipeline' AIRFLOW_CTX_TASK_ID='upload_long_video' AIRFLOW_CTX_EXECUTION_DATE='2026-07-23T13:42:52.577834+00:00' AIRFLOW_CTX_TRY_NUMBER='1' AIRFLOW_CTX_DAG_RUN_ID='manual__2026-07-23T13:42:52.577834+00:00'
[2026-07-23T13:45:30.665+0000] {taskinstance.py:430} INFO - ::endgroup::
[2026-07-23T13:45:30.787+0000] {__init__.py:49} INFO - file_cache is only supported with oauth2client<4.0.0
[2026-07-23T13:45:30.791+0000] {logging_mixin.py:188} INFO - 2026-07-23 13:45:30,791 | INFO     | uploader.youtube_uploader | Uploading video '15+ Essential Travel English Phrases You MUST Know! | Taky's Language School' (/opt/airflow/output/videos/long_82.mp4) to YouTube...
[2026-07-23T13:45:35.728+0000] {logging_mixin.py:188} INFO - 2026-07-23 13:45:35,728 | INFO     | uploader.youtube_uploader | Upload complete. YouTube video id = BOMX1v8K3YM
[2026-07-23T13:45:42.249+0000] {logging_mixin.py:188} INFO - 2026-07-23 13:45:42,249 | INFO     | uploader.youtube_uploader | Custom thumbnail uploaded.
[2026-07-23T13:45:42.271+0000] {python.py:237} INFO - Done. Returned value was: BOMX1v8K3YM
[2026-07-23T13:45:42.271+0000] {taskinstance.py:441} INFO - ::group::Post task execution logs
[2026-07-23T13:45:42.290+0000] {taskinstance.py:1206} INFO - Marking task as SUCCESS. dag_id=youtube_english_video_pipeline, task_id=upload_long_video, run_id=manual__2026-07-23T13:42:52.577834+00:00, execution_date=20260723T134252, start_date=20260723T134530, end_date=20260723T134542
[2026-07-23T13:45:42.308+0000] {local_task_job_runner.py:243} INFO - Task exited with return code 0
[2026-07-23T13:45:42.343+0000] {taskinstance.py:3503} INFO - 0 downstream tasks scheduled from follow-on schedule check
[2026-07-23T13:45:42.347+0000] {local_task_job_runner.py:222} INFO - ::endgroup::
