[2026-07-25T03:20:41.812+0000] {local_task_job_runner.py:120} INFO - ::group::Pre task execution logs
[2026-07-25T03:20:41.868+0000] {taskinstance.py:2076} INFO - Dependencies all met for dep_context=non-requeueable deps ti=<TaskInstance: youtube_english_video_pipeline.upload_short_video manual__2026-07-25T03:19:33.053262+00:00 [queued]>
[2026-07-25T03:20:41.879+0000] {taskinstance.py:2076} INFO - Dependencies all met for dep_context=requeueable deps ti=<TaskInstance: youtube_english_video_pipeline.upload_short_video manual__2026-07-25T03:19:33.053262+00:00 [queued]>
[2026-07-25T03:20:41.881+0000] {taskinstance.py:2306} INFO - Starting attempt 1 of 3
[2026-07-25T03:20:41.897+0000] {taskinstance.py:2330} INFO - Executing <Task(PythonOperator): upload_short_video> on 2026-07-25 03:19:33.053262+00:00
[2026-07-25T03:20:41.905+0000] {standard_task_runner.py:64} INFO - Started process 6047 to run task
[2026-07-25T03:20:41.908+0000] {standard_task_runner.py:90} INFO - Running: ['airflow', 'tasks', 'run', 'youtube_english_video_pipeline', 'upload_short_video', 'manual__2026-07-25T03:19:33.053262+00:00', '--job-id', '124', '--raw', '--subdir', 'DAGS_FOLDER/youtube_pipeline.py', '--cfg-path', '/tmp/tmpxhg_rgx8']
[2026-07-25T03:20:41.911+0000] {standard_task_runner.py:91} INFO - Job 124: Subtask upload_short_video
[2026-07-25T03:20:41.994+0000] {task_command.py:426} INFO - Running <TaskInstance: youtube_english_video_pipeline.upload_short_video manual__2026-07-25T03:19:33.053262+00:00 [running]> on host 654b8331d764
[2026-07-25T03:20:42.435+0000] {taskinstance.py:2648} INFO - Exporting env vars: AIRFLOW_CTX_DAG_OWNER='taky' AIRFLOW_CTX_DAG_ID='youtube_english_video_pipeline' AIRFLOW_CTX_TASK_ID='upload_short_video' AIRFLOW_CTX_EXECUTION_DATE='2026-07-25T03:19:33.053262+00:00' AIRFLOW_CTX_TRY_NUMBER='1' AIRFLOW_CTX_DAG_RUN_ID='manual__2026-07-25T03:19:33.053262+00:00'
[2026-07-25T03:20:42.436+0000] {taskinstance.py:430} INFO - ::endgroup::
[2026-07-25T03:20:43.122+0000] {__init__.py:49} INFO - file_cache is only supported with oauth2client<4.0.0
[2026-07-25T03:20:43.140+0000] {logging_mixin.py:188} INFO - 2026-07-25 03:20:43,140 | INFO     | uploader.youtube_uploader | Uploading video 'How to Use "I Really Appreciate Your Help" in English! #Shorts' (/opt/airflow/output/videos/short_80.mp4) to YouTube...
[2026-07-25T03:20:45.602+0000] {logging_mixin.py:188} INFO - 2026-07-25 03:20:45,602 | INFO     | uploader.youtube_uploader | Upload complete. YouTube video id = 4XocS_-Xn6c
[2026-07-25T03:20:45.618+0000] {python.py:237} INFO - Done. Returned value was: 4XocS_-Xn6c
[2026-07-25T03:20:45.619+0000] {taskinstance.py:441} INFO - ::group::Post task execution logs
[2026-07-25T03:20:45.650+0000] {taskinstance.py:1206} INFO - Marking task as SUCCESS. dag_id=youtube_english_video_pipeline, task_id=upload_short_video, run_id=manual__2026-07-25T03:19:33.053262+00:00, execution_date=20260725T031933, start_date=20260725T032041, end_date=20260725T032045
[2026-07-25T03:20:45.696+0000] {local_task_job_runner.py:243} INFO - Task exited with return code 0
[2026-07-25T03:20:45.717+0000] {taskinstance.py:3503} INFO - 0 downstream tasks scheduled from follow-on schedule check
[2026-07-25T03:20:45.720+0000] {local_task_job_runner.py:222} INFO - ::endgroup::
