[2026-07-27T01:26:24.138+0000] {local_task_job_runner.py:120} INFO - ::group::Pre task execution logs
[2026-07-27T01:26:24.194+0000] {taskinstance.py:2076} INFO - Dependencies all met for dep_context=non-requeueable deps ti=<TaskInstance: youtube_english_video_pipeline.build_short_video_1 scheduled__2026-07-25T12:00:00+00:00 [queued]>
[2026-07-27T01:26:24.208+0000] {taskinstance.py:2076} INFO - Dependencies all met for dep_context=requeueable deps ti=<TaskInstance: youtube_english_video_pipeline.build_short_video_1 scheduled__2026-07-25T12:00:00+00:00 [queued]>
[2026-07-27T01:26:24.210+0000] {taskinstance.py:2306} INFO - Starting attempt 1 of 3
[2026-07-27T01:26:24.229+0000] {taskinstance.py:2330} INFO - Executing <Task(PythonOperator): build_short_video_1> on 2026-07-25 12:00:00+00:00
[2026-07-27T01:26:24.241+0000] {standard_task_runner.py:64} INFO - Started process 28419 to run task
[2026-07-27T01:26:24.244+0000] {standard_task_runner.py:90} INFO - Running: ['airflow', 'tasks', 'run', 'youtube_english_video_pipeline', 'build_short_video_1', 'scheduled__2026-07-25T12:00:00+00:00', '--job-id', '365', '--raw', '--subdir', 'DAGS_FOLDER/youtube_pipeline.py', '--cfg-path', '/tmp/tmpunaqfndb']
[2026-07-27T01:26:24.250+0000] {standard_task_runner.py:91} INFO - Job 365: Subtask build_short_video_1
[2026-07-27T01:26:24.381+0000] {task_command.py:426} INFO - Running <TaskInstance: youtube_english_video_pipeline.build_short_video_1 scheduled__2026-07-25T12:00:00+00:00 [running]> on host cc859d74cf38
[2026-07-27T01:26:24.690+0000] {taskinstance.py:2648} INFO - Exporting env vars: AIRFLOW_CTX_DAG_OWNER='taky' AIRFLOW_CTX_DAG_ID='youtube_english_video_pipeline' AIRFLOW_CTX_TASK_ID='build_short_video_1' AIRFLOW_CTX_EXECUTION_DATE='2026-07-25T12:00:00+00:00' AIRFLOW_CTX_TRY_NUMBER='1' AIRFLOW_CTX_DAG_RUN_ID='scheduled__2026-07-25T12:00:00+00:00'
[2026-07-27T01:26:24.693+0000] {taskinstance.py:430} INFO - ::endgroup::
[2026-07-27T01:26:26.296+0000] {logging_mixin.py:188} INFO - 2026-07-27 01:26:26,295 | INFO     | planner.video_planner | Planned SHORT video: topic='Shopping English', phrases=1
[2026-07-27T01:26:26.817+0000] {logging_mixin.py:188} INFO - 2026-07-27 01:26:26,816 | INFO     | tts.edge_tts | Synthesized audio -> /opt/airflow/output/audio/phrase_595.mp3
[2026-07-27T01:26:27.211+0000] {logging_mixin.py:188} INFO - 2026-07-27 01:26:27,211 | INFO     | tts.edge_tts | Synthesized audio -> /opt/airflow/output/audio/example_595.mp3
[2026-07-27T01:26:27.978+0000] {logging_mixin.py:188} INFO - 2026-07-27 01:26:27,978 | INFO     | media.image_downloader | Downloaded background image for scene='store' -> /opt/airflow/output/images/short_595.jpg
[2026-07-27T01:26:33.030+0000] {logging_mixin.py:188} INFO - 2026-07-27 01:26:33,029 | WARNING  | video.video_builder | BGM file not found at /opt/airflow/assets/bgm/short_bgm.mp3, rendering without background music
[2026-07-27T01:26:35.631+0000] {logging_mixin.py:188} INFO - 2026-07-27 01:26:35,631 | INFO     | video.video_builder | Final video rendered -> /opt/airflow/output/videos/short_595.mp4
[2026-07-27T01:26:42.574+0000] {python.py:237} INFO - Done. Returned value was: {'video_id': 75, 'file_path': '/opt/airflow/output/videos/short_595.mp4', 'title': 'Ask for Sizes in English! 🛍️ Useful Shopping Phrases #Shorts', 'description': 'Want to ask for a different size while shopping in English? Learn this essential phrase with Taky\'s Language School! 🛍️\n\nKey Phrase:\n"Does this come in a different size?"\n\nExample:\n"I really like this jacket, but does it come in a different size?"\n\nMaster practical spoken English for everyday situations like shopping, traveling, and daily conversations. Subscribe to Taky\'s Language School for quick, effective English lessons!\n\n#EnglishLearning #ShoppingEnglish #LearnEnglish #SpeakEnglish #Shorts', 'tags': ['learn english', 'shopping english', 'english phrases', 'spoken english', 'takys language school', 'english for beginners', 'daily english', 'asking for sizes in english', 'english shopping vocabulary', 'shorts'], 'video_type': 'short'}
[2026-07-27T01:26:42.576+0000] {taskinstance.py:441} INFO - ::group::Post task execution logs
[2026-07-27T01:26:42.628+0000] {taskinstance.py:1206} INFO - Marking task as SUCCESS. dag_id=youtube_english_video_pipeline, task_id=build_short_video_1, run_id=scheduled__2026-07-25T12:00:00+00:00, execution_date=20260725T120000, start_date=20260727T012624, end_date=20260727T012642
[2026-07-27T01:26:42.686+0000] {local_task_job_runner.py:243} INFO - Task exited with return code 0
[2026-07-27T01:26:42.951+0000] {taskinstance.py:3503} INFO - 1 downstream tasks scheduled from follow-on schedule check
[2026-07-27T01:26:42.959+0000] {local_task_job_runner.py:222} INFO - ::endgroup::
