[2026-09-18T22:23:50.598+0000] {local_task_job_runner.py:120} INFO - ::group::Pre task execution logs
[2026-09-18T22:23:50.646+0000] {taskinstance.py:2076} INFO - Dependencies all met for dep_context=non-requeueable deps ti=<TaskInstance: youtube_english_video_pipeline.upload_short_video_1 scheduled__2026-09-17T12:00:00+00:00 [queued]>
[2026-09-18T22:23:50.655+0000] {taskinstance.py:2076} INFO - Dependencies all met for dep_context=requeueable deps ti=<TaskInstance: youtube_english_video_pipeline.upload_short_video_1 scheduled__2026-09-17T12:00:00+00:00 [queued]>
[2026-09-18T22:23:50.661+0000] {taskinstance.py:2306} INFO - Starting attempt 1 of 3
[2026-09-18T22:23:50.675+0000] {taskinstance.py:2330} INFO - Executing <Task(PythonOperator): upload_short_video_1> on 2026-09-17 12:00:00+00:00
[2026-09-18T22:23:50.682+0000] {standard_task_runner.py:64} INFO - Started process 1967 to run task
[2026-09-18T22:23:50.686+0000] {standard_task_runner.py:90} INFO - Running: ['airflow', 'tasks', 'run', 'youtube_english_video_pipeline', 'upload_short_video_1', 'scheduled__2026-09-17T12:00:00+00:00', '--job-id', '1211', '--raw', '--subdir', 'DAGS_FOLDER/youtube_pipeline.py', '--cfg-path', '/tmp/tmp0qrr8ubx']
[2026-09-18T22:23:50.689+0000] {standard_task_runner.py:91} INFO - Job 1211: Subtask upload_short_video_1
[2026-09-18T22:23:50.779+0000] {task_command.py:426} INFO - Running <TaskInstance: youtube_english_video_pipeline.upload_short_video_1 scheduled__2026-09-17T12:00:00+00:00 [running]> on host cc859d74cf38
[2026-09-18T22:23:51.083+0000] {taskinstance.py:2648} INFO - Exporting env vars: AIRFLOW_CTX_DAG_OWNER='taky' AIRFLOW_CTX_DAG_ID='youtube_english_video_pipeline' AIRFLOW_CTX_TASK_ID='upload_short_video_1' AIRFLOW_CTX_EXECUTION_DATE='2026-09-17T12:00:00+00:00' AIRFLOW_CTX_TRY_NUMBER='1' AIRFLOW_CTX_DAG_RUN_ID='scheduled__2026-09-17T12:00:00+00:00'
[2026-09-18T22:23:51.086+0000] {taskinstance.py:430} INFO - ::endgroup::
[2026-09-18T22:23:52.179+0000] {__init__.py:49} INFO - file_cache is only supported with oauth2client<4.0.0
[2026-09-18T22:23:52.209+0000] {logging_mixin.py:188} INFO - 2026-09-18 22:23:52,209 | INFO     | uploader.youtube_uploader | Uploading video 'Room Too Cold? How to Ask to Lower the AC in English #Shorts' (/opt/airflow/output/videos/short_2859.mp4) to YouTube...
[2026-09-18T22:23:54.770+0000] {logging_mixin.py:188} INFO - 2026-09-18 22:23:54,770 | INFO     | uploader.youtube_uploader | Upload complete. YouTube video id = ON84SfOzcho
[2026-09-18T22:23:54.794+0000] {python.py:237} INFO - Done. Returned value was: ON84SfOzcho
[2026-09-18T22:23:54.800+0000] {taskinstance.py:441} INFO - ::group::Post task execution logs
[2026-09-18T22:23:54.835+0000] {taskinstance.py:1206} INFO - Marking task as SUCCESS. dag_id=youtube_english_video_pipeline, task_id=upload_short_video_1, run_id=scheduled__2026-09-17T12:00:00+00:00, execution_date=20260917T120000, start_date=20260918T222350, end_date=20260918T222354
[2026-09-18T22:23:54.883+0000] {local_task_job_runner.py:243} INFO - Task exited with return code 0
[2026-09-18T22:23:55.078+0000] {taskinstance.py:3503} INFO - 1 downstream tasks scheduled from follow-on schedule check
[2026-09-18T22:23:55.085+0000] {local_task_job_runner.py:222} INFO - ::endgroup::
