[2026-07-25T03:53:33.498+0000] {local_task_job_runner.py:120} INFO - ::group::Pre task execution logs
[2026-07-25T03:53:33.528+0000] {taskinstance.py:2076} INFO - Dependencies all met for dep_context=non-requeueable deps ti=<TaskInstance: youtube_english_video_pipeline.build_short_video manual__2026-07-25T03:53:24.884001+00:00 [queued]>
[2026-07-25T03:53:33.535+0000] {taskinstance.py:2076} INFO - Dependencies all met for dep_context=requeueable deps ti=<TaskInstance: youtube_english_video_pipeline.build_short_video manual__2026-07-25T03:53:24.884001+00:00 [queued]>
[2026-07-25T03:53:33.536+0000] {taskinstance.py:2306} INFO - Starting attempt 1 of 3
[2026-07-25T03:53:33.551+0000] {taskinstance.py:2330} INFO - Executing <Task(PythonOperator): build_short_video> on 2026-07-25 03:53:24.884001+00:00
[2026-07-25T03:53:33.555+0000] {standard_task_runner.py:64} INFO - Started process 1275 to run task
[2026-07-25T03:53:33.559+0000] {standard_task_runner.py:90} INFO - Running: ['airflow', 'tasks', 'run', 'youtube_english_video_pipeline', 'build_short_video', 'manual__2026-07-25T03:53:24.884001+00:00', '--job-id', '140', '--raw', '--subdir', 'DAGS_FOLDER/youtube_pipeline.py', '--cfg-path', '/tmp/tmpm8x7_ln4']
[2026-07-25T03:53:33.561+0000] {standard_task_runner.py:91} INFO - Job 140: Subtask build_short_video
[2026-07-25T03:53:33.640+0000] {task_command.py:426} INFO - Running <TaskInstance: youtube_english_video_pipeline.build_short_video manual__2026-07-25T03:53:24.884001+00:00 [running]> on host ce8e21912c19
[2026-07-25T03:53:33.850+0000] {taskinstance.py:2648} INFO - Exporting env vars: AIRFLOW_CTX_DAG_OWNER='taky' AIRFLOW_CTX_DAG_ID='youtube_english_video_pipeline' AIRFLOW_CTX_TASK_ID='build_short_video' AIRFLOW_CTX_EXECUTION_DATE='2026-07-25T03:53:24.884001+00:00' AIRFLOW_CTX_TRY_NUMBER='1' AIRFLOW_CTX_DAG_RUN_ID='manual__2026-07-25T03:53:24.884001+00:00'
[2026-07-25T03:53:33.851+0000] {taskinstance.py:430} INFO - ::endgroup::
[2026-07-25T03:53:34.322+0000] {logging_mixin.py:188} INFO - 2026-07-25 03:53:34,322 | INFO     | planner.video_planner | Planned SHORT video: topic='Airport English', phrases=1
[2026-07-25T03:53:34.591+0000] {logging_mixin.py:188} INFO - 2026-07-25 03:53:34,591 | INFO     | tts.edge_tts | Synthesized audio -> /opt/airflow/output/audio/phrase_127.mp3
[2026-07-25T03:53:34.918+0000] {logging_mixin.py:188} INFO - 2026-07-25 03:53:34,918 | INFO     | tts.edge_tts | Synthesized audio -> /opt/airflow/output/audio/example_127.mp3
[2026-07-25T03:53:35.483+0000] {logging_mixin.py:188} INFO - 2026-07-25 03:53:35,482 | INFO     | media.image_downloader | Downloaded background image for scene='airport' -> /opt/airflow/output/images/short_127.jpg
[2026-07-25T03:53:35.496+0000] {logging_mixin.py:188} INFO - 2026-07-25 03:53:35,495 | INFO     | video.video_builder | Running ffmpeg: ffmpeg -y -i /opt/airflow/output/audio/phrase_127.mp3 -i /opt/airflow/output/audio/example_127.mp3 -filter_complex [0:a]apad=pad_dur=0.4[a0];[a0][1:a]concat=n=2:v=0:a=1[aout] -map [aout] /opt/airflow/output/videos/_tmp/short_127_raw.audio.mp3
[2026-07-25T03:53:35.675+0000] {logging_mixin.py:188} INFO - 2026-07-25 03:53:35,675 | INFO     | video.video_builder | Running ffmpeg: ffmpeg -y -loop 1 -i /opt/airflow/output/images/short_127.jpg -i /opt/airflow/output/videos/_tmp/short_127_raw.audio.mp3 -vf scale=1080:1920:force_original_aspect_ratio=increase,crop=1080:1920,drawtext=fontfile='/usr/share/fonts/truetype/noto/NotoSans-Regular.ttf':text='Where can I pick up\nmy luggage?':fontcolor=FFFFFF:fontsize=88:x=(w-text_w)/2:y=(h*0.16):line_spacing=12:box=1:boxcolor=black@0.45:boxborderw=20,drawtext=fontfile='/usr/share/fonts/truetype/noto/NotoSans-Regular.ttf':text='After passing through\npassport control, where\ncan I pick up my\nluggage?':fontcolor=FFD54A:fontsize=79:x=(w-text_w)/2:y=(h-text_h)/2+((h*0.15)):line_spacing=16:box=1:boxcolor=black@0.55:boxborderw=24 -c:v libx264 -preset medium -crf 23 -tune stillimage -pix_fmt yuv420p -c:a aac -b:a 192k -shortest -r 30 /opt/airflow/output/videos/_tmp/short_127_raw.mp4
[2026-07-25T03:53:39.471+0000] {logging_mixin.py:188} INFO - 2026-07-25 03:53:39,470 | WARNING  | video.video_builder | BGM file not found at /opt/airflow/assets/bgm/short_bgm.mp3, rendering without background music
[2026-07-25T03:53:39.476+0000] {logging_mixin.py:188} INFO - 2026-07-25 03:53:39,476 | INFO     | video.video_builder | Running ffmpeg: ffmpeg -y -i /opt/airflow/output/videos/_tmp/short_127_raw.mp4 -c:v libx264 -preset medium -crf 23 -pix_fmt yuv420p -c:a aac -b:a 192k /opt/airflow/output/videos/short_127.mp4
[2026-07-25T03:53:42.183+0000] {logging_mixin.py:188} INFO - 2026-07-25 03:53:42,183 | INFO     | video.video_builder | Final video rendered -> /opt/airflow/output/videos/short_127.mp4
[2026-07-25T03:53:48.340+0000] {python.py:237} INFO - Done. Returned value was: {'video_id': 27, 'file_path': '/opt/airflow/output/videos/short_127.mp4', 'title': '"Where can I pick up my luggage?" 🧳 Airport English #Shorts', 'description': 'Traveling abroad soon? Learn how to ask for your bags at baggage claim with this simple Airport English phrase!\n\n🗣️ Phrase of the day:\n"Where can I pick up my luggage?"\n\n💬 Example:\n"After passing through passport control, where can I pick up my luggage?"\n\nSubscribe to Taky\'s Language School for daily practical English phrases, travel tips, and real-life conversation skills!\n\n#AirportEnglish #TravelEnglish #LearnEnglish #EnglishPhrases #Shorts', 'tags': ['Airport English', 'Travel English', 'Learn English', "Taky's Language School", 'Spoken English', 'English phrases', 'Baggage claim English', 'English for travel', 'Where can I pick up my luggage', 'English Shorts'], 'video_type': 'short'}
[2026-07-25T03:53:48.341+0000] {taskinstance.py:441} INFO - ::group::Post task execution logs
[2026-07-25T03:53:48.372+0000] {taskinstance.py:1206} INFO - Marking task as SUCCESS. dag_id=youtube_english_video_pipeline, task_id=build_short_video, run_id=manual__2026-07-25T03:53:24.884001+00:00, execution_date=20260725T035324, start_date=20260725T035333, end_date=20260725T035348
[2026-07-25T03:53:48.424+0000] {local_task_job_runner.py:243} INFO - Task exited with return code 0
[2026-07-25T03:53:48.451+0000] {taskinstance.py:3503} INFO - 1 downstream tasks scheduled from follow-on schedule check
[2026-07-25T03:53:48.455+0000] {local_task_job_runner.py:222} INFO - ::endgroup::
