[2026-07-26T06:21:17.707+0000] {local_task_job_runner.py:120} INFO - ::group::Pre task execution logs
[2026-07-26T06:21:17.755+0000] {taskinstance.py:2076} INFO - Dependencies all met for dep_context=non-requeueable deps ti=<TaskInstance: youtube_english_video_pipeline.upload_short_video_2 manual__2026-07-26T06:16:19.799239+00:00 [queued]>
[2026-07-26T06:21:17.769+0000] {taskinstance.py:2076} INFO - Dependencies all met for dep_context=requeueable deps ti=<TaskInstance: youtube_english_video_pipeline.upload_short_video_2 manual__2026-07-26T06:16:19.799239+00:00 [queued]>
[2026-07-26T06:21:17.771+0000] {taskinstance.py:2306} INFO - Starting attempt 1 of 3
[2026-07-26T06:21:17.789+0000] {taskinstance.py:2330} INFO - Executing <Task(PythonOperator): upload_short_video_2> on 2026-07-26 06:16:19.799239+00:00
[2026-07-26T06:21:17.794+0000] {standard_task_runner.py:64} INFO - Started process 19991 to run task
[2026-07-26T06:21:17.797+0000] {standard_task_runner.py:90} INFO - Running: ['airflow', 'tasks', 'run', 'youtube_english_video_pipeline', 'upload_short_video_2', 'manual__2026-07-26T06:16:19.799239+00:00', '--job-id', '349', '--raw', '--subdir', 'DAGS_FOLDER/youtube_pipeline.py', '--cfg-path', '/tmp/tmpv69qp08q']
[2026-07-26T06:21:17.800+0000] {standard_task_runner.py:91} INFO - Job 349: Subtask upload_short_video_2
[2026-07-26T06:21:17.898+0000] {task_command.py:426} INFO - Running <TaskInstance: youtube_english_video_pipeline.upload_short_video_2 manual__2026-07-26T06:16:19.799239+00:00 [running]> on host cc859d74cf38
[2026-07-26T06:21:18.195+0000] {taskinstance.py:2648} INFO - Exporting env vars: AIRFLOW_CTX_DAG_OWNER='taky' AIRFLOW_CTX_DAG_ID='youtube_english_video_pipeline' AIRFLOW_CTX_TASK_ID='upload_short_video_2' AIRFLOW_CTX_EXECUTION_DATE='2026-07-26T06:16:19.799239+00:00' AIRFLOW_CTX_TRY_NUMBER='1' AIRFLOW_CTX_DAG_RUN_ID='manual__2026-07-26T06:16:19.799239+00:00'
[2026-07-26T06:21:18.196+0000] {taskinstance.py:430} INFO - ::endgroup::
[2026-07-26T06:21:18.546+0000] {__init__.py:49} INFO - file_cache is only supported with oauth2client<4.0.0
[2026-07-26T06:21:18.561+0000] {logging_mixin.py:188} INFO - 2026-07-26 06:21:18,561 | INFO     | uploader.youtube_uploader | Uploading video 'Daily English Phrase | Shopping English' (/opt/airflow/output/videos/short_537.mp4) to YouTube...
[2026-07-26T06:21:21.736+0000] {logging_mixin.py:188} INFO - 2026-07-26 06:21:21,735 | INFO     | uploader.youtube_uploader | Upload complete. YouTube video id = _-ORCRAXK8s
[2026-07-26T06:21:21.759+0000] {python.py:237} INFO - Done. Returned value was: _-ORCRAXK8s
[2026-07-26T06:21:21.765+0000] {taskinstance.py:441} INFO - ::group::Post task execution logs
[2026-07-26T06:21:21.800+0000] {taskinstance.py:1206} INFO - Marking task as SUCCESS. dag_id=youtube_english_video_pipeline, task_id=upload_short_video_2, run_id=manual__2026-07-26T06:16:19.799239+00:00, execution_date=20260726T061619, start_date=20260726T062117, end_date=20260726T062121
[2026-07-26T06:21:21.839+0000] {local_task_job_runner.py:243} INFO - Task exited with return code 0
[2026-07-26T06:21:22.039+0000] {taskinstance.py:3503} INFO - 1 downstream tasks scheduled from follow-on schedule check
[2026-07-26T06:21:22.048+0000] {local_task_job_runner.py:222} INFO - ::endgroup::
