[2026-08-11T14:09:13.081+0000] {local_task_job_runner.py:120} INFO - ::group::Pre task execution logs
[2026-08-11T14:09:13.119+0000] {taskinstance.py:2076} INFO - Dependencies all met for dep_context=non-requeueable deps ti=<TaskInstance: youtube_english_video_pipeline.upload_long_video_9 scheduled__2026-08-10T12:00:00+00:00 [queued]>
[2026-08-11T14:09:13.128+0000] {taskinstance.py:2076} INFO - Dependencies all met for dep_context=requeueable deps ti=<TaskInstance: youtube_english_video_pipeline.upload_long_video_9 scheduled__2026-08-10T12:00:00+00:00 [queued]>
[2026-08-11T14:09:13.131+0000] {taskinstance.py:2306} INFO - Starting attempt 1 of 3
[2026-08-11T14:09:13.142+0000] {taskinstance.py:2330} INFO - Executing <Task(PythonOperator): upload_long_video_9> on 2026-08-10 12:00:00+00:00
[2026-08-11T14:09:13.146+0000] {standard_task_runner.py:64} INFO - Started process 44042 to run task
[2026-08-11T14:09:13.150+0000] {standard_task_runner.py:90} INFO - Running: ['airflow', 'tasks', 'run', 'youtube_english_video_pipeline', 'upload_long_video_9', 'scheduled__2026-08-10T12:00:00+00:00', '--job-id', '728', '--raw', '--subdir', 'DAGS_FOLDER/youtube_pipeline.py', '--cfg-path', '/tmp/tmpwn0mwgz9']
[2026-08-11T14:09:13.154+0000] {standard_task_runner.py:91} INFO - Job 728: Subtask upload_long_video_9
[2026-08-11T14:09:13.233+0000] {task_command.py:426} INFO - Running <TaskInstance: youtube_english_video_pipeline.upload_long_video_9 scheduled__2026-08-10T12:00:00+00:00 [running]> on host cc859d74cf38
[2026-08-11T14:09:13.518+0000] {taskinstance.py:2648} INFO - Exporting env vars: AIRFLOW_CTX_DAG_OWNER='taky' AIRFLOW_CTX_DAG_ID='youtube_english_video_pipeline' AIRFLOW_CTX_TASK_ID='upload_long_video_9' AIRFLOW_CTX_EXECUTION_DATE='2026-08-10T12:00:00+00:00' AIRFLOW_CTX_TRY_NUMBER='1' AIRFLOW_CTX_DAG_RUN_ID='scheduled__2026-08-10T12:00:00+00:00'
[2026-08-11T14:09:13.520+0000] {taskinstance.py:430} INFO - ::endgroup::
[2026-08-11T14:09:13.996+0000] {__init__.py:49} INFO - file_cache is only supported with oauth2client<4.0.0
[2026-08-11T14:09:14.011+0000] {logging_mixin.py:188} INFO - 2026-08-11 14:09:14,011 | INFO     | uploader.youtube_uploader | Uploading video '20 Daily English Expressions | Mixed English Expressions' (/opt/airflow/output/videos/long_1791.mp4) to YouTube...
[2026-08-11T14:09:20.517+0000] {logging_mixin.py:188} INFO - 2026-08-11 14:09:20,517 | INFO     | uploader.youtube_uploader | Upload complete. YouTube video id = X_VAnnxVOrc
[2026-08-11T14:09:25.669+0000] {logging_mixin.py:188} INFO - 2026-08-11 14:09:25,669 | INFO     | uploader.youtube_uploader | Custom thumbnail uploaded.
[2026-08-11T14:09:25.690+0000] {python.py:237} INFO - Done. Returned value was: X_VAnnxVOrc
[2026-08-11T14:09:25.693+0000] {taskinstance.py:441} INFO - ::group::Post task execution logs
[2026-08-11T14:09:25.724+0000] {taskinstance.py:1206} INFO - Marking task as SUCCESS. dag_id=youtube_english_video_pipeline, task_id=upload_long_video_9, run_id=scheduled__2026-08-10T12:00:00+00:00, execution_date=20260810T120000, start_date=20260811T140913, end_date=20260811T140925
[2026-08-11T14:09:25.766+0000] {local_task_job_runner.py:243} INFO - Task exited with return code 0
[2026-08-11T14:09:25.935+0000] {taskinstance.py:3503} INFO - 1 downstream tasks scheduled from follow-on schedule check
[2026-08-11T14:09:25.941+0000] {local_task_job_runner.py:222} INFO - ::endgroup::
