[2026-09-21T05:53:41.224+0000] {local_task_job_runner.py:120} INFO - ::group::Pre task execution logs
[2026-09-21T05:53:41.258+0000] {taskinstance.py:2076} INFO - Dependencies all met for dep_context=non-requeueable deps ti=<TaskInstance: youtube_english_video_pipeline.upload_long_video_3 manual__2026-09-21T01:00:56.686308+00:00 [queued]>
[2026-09-21T05:53:41.263+0000] {taskinstance.py:2076} INFO - Dependencies all met for dep_context=requeueable deps ti=<TaskInstance: youtube_english_video_pipeline.upload_long_video_3 manual__2026-09-21T01:00:56.686308+00:00 [queued]>
[2026-09-21T05:53:41.264+0000] {taskinstance.py:2306} INFO - Starting attempt 1 of 3
[2026-09-21T05:53:41.274+0000] {taskinstance.py:2330} INFO - Executing <Task(PythonOperator): upload_long_video_3> on 2026-09-21 01:00:56.686308+00:00
[2026-09-21T05:53:41.278+0000] {standard_task_runner.py:64} INFO - Started process 213 to run task
[2026-09-21T05:53:41.280+0000] {standard_task_runner.py:90} INFO - Running: ['airflow', 'tasks', 'run', 'youtube_english_video_pipeline', 'upload_long_video_3', 'manual__2026-09-21T01:00:56.686308+00:00', '--job-id', '1427', '--raw', '--subdir', 'DAGS_FOLDER/youtube_pipeline.py', '--cfg-path', '/tmp/tmpmj5_s62q']
[2026-09-21T05:53:41.282+0000] {standard_task_runner.py:91} INFO - Job 1427: Subtask upload_long_video_3
[2026-09-21T05:53:41.324+0000] {task_command.py:426} INFO - Running <TaskInstance: youtube_english_video_pipeline.upload_long_video_3 manual__2026-09-21T01:00:56.686308+00:00 [running]> on host 73b18333cdfe
[2026-09-21T05:53:41.506+0000] {taskinstance.py:2648} INFO - Exporting env vars: AIRFLOW_CTX_DAG_OWNER='taky' AIRFLOW_CTX_DAG_ID='youtube_english_video_pipeline' AIRFLOW_CTX_TASK_ID='upload_long_video_3' AIRFLOW_CTX_EXECUTION_DATE='2026-09-21T01:00:56.686308+00:00' AIRFLOW_CTX_TRY_NUMBER='1' AIRFLOW_CTX_DAG_RUN_ID='manual__2026-09-21T01:00:56.686308+00:00'
[2026-09-21T05:53:41.507+0000] {taskinstance.py:430} INFO - ::endgroup::
[2026-09-21T05:53:42.557+0000] {__init__.py:49} INFO - file_cache is only supported with oauth2client<4.0.0
[2026-09-21T05:53:42.577+0000] {logging_mixin.py:188} INFO - 2026-09-21 05:53:42,577 | INFO     | uploader.youtube_uploader | Uploading video 'Shopping in English: 18 Essential Phrases for Stores & Malls | Taky's Language School' (/opt/airflow/output/videos/long_3502.mp4) to YouTube...
[2026-09-21T05:53:45.687+0000] {logging_mixin.py:188} INFO - 2026-09-21 05:53:45,686 | INFO     | uploader.youtube_uploader | Upload complete. YouTube video id = IujzbT8wink
[2026-09-21T05:53:52.563+0000] {logging_mixin.py:188} INFO - 2026-09-21 05:53:52,563 | INFO     | uploader.youtube_uploader | Custom thumbnail uploaded.
[2026-09-21T05:53:52.593+0000] {python.py:237} INFO - Done. Returned value was: IujzbT8wink
[2026-09-21T05:53:52.593+0000] {taskinstance.py:441} INFO - ::group::Post task execution logs
[2026-09-21T05:53:52.622+0000] {taskinstance.py:1206} INFO - Marking task as SUCCESS. dag_id=youtube_english_video_pipeline, task_id=upload_long_video_3, run_id=manual__2026-09-21T01:00:56.686308+00:00, execution_date=20260921T010056, start_date=20260921T055341, end_date=20260921T055352
[2026-09-21T05:53:52.667+0000] {local_task_job_runner.py:243} INFO - Task exited with return code 0
[2026-09-21T05:53:52.807+0000] {taskinstance.py:3503} INFO - 1 downstream tasks scheduled from follow-on schedule check
[2026-09-21T05:53:52.812+0000] {local_task_job_runner.py:222} INFO - ::endgroup::
