[2026-07-25T08:45:29.292+0000] {local_task_job_runner.py:120} INFO - ::group::Pre task execution logs
[2026-07-25T08:45:29.316+0000] {taskinstance.py:2076} INFO - Dependencies all met for dep_context=non-requeueable deps ti=<TaskInstance: youtube_english_video_pipeline.upload_short_video_9 manual__2026-07-25T08:23:54.309173+00:00 [queued]>
[2026-07-25T08:45:29.323+0000] {taskinstance.py:2076} INFO - Dependencies all met for dep_context=requeueable deps ti=<TaskInstance: youtube_english_video_pipeline.upload_short_video_9 manual__2026-07-25T08:23:54.309173+00:00 [queued]>
[2026-07-25T08:45:29.324+0000] {taskinstance.py:2306} INFO - Starting attempt 1 of 3
[2026-07-25T08:45:29.332+0000] {taskinstance.py:2330} INFO - Executing <Task(PythonOperator): upload_short_video_9> on 2026-07-25 08:23:54.309173+00:00
[2026-07-25T08:45:29.336+0000] {standard_task_runner.py:64} INFO - Started process 34428 to run task
[2026-07-25T08:45:29.339+0000] {standard_task_runner.py:90} INFO - Running: ['airflow', 'tasks', 'run', 'youtube_english_video_pipeline', 'upload_short_video_9', 'manual__2026-07-25T08:23:54.309173+00:00', '--job-id', '277', '--raw', '--subdir', 'DAGS_FOLDER/youtube_pipeline.py', '--cfg-path', '/tmp/tmpv0u6ggzy']
[2026-07-25T08:45:29.340+0000] {standard_task_runner.py:91} INFO - Job 277: Subtask upload_short_video_9
[2026-07-25T08:45:29.398+0000] {task_command.py:426} INFO - Running <TaskInstance: youtube_english_video_pipeline.upload_short_video_9 manual__2026-07-25T08:23:54.309173+00:00 [running]> on host ce8e21912c19
[2026-07-25T08:45:29.575+0000] {taskinstance.py:2648} INFO - Exporting env vars: AIRFLOW_CTX_DAG_OWNER='taky' AIRFLOW_CTX_DAG_ID='youtube_english_video_pipeline' AIRFLOW_CTX_TASK_ID='upload_short_video_9' AIRFLOW_CTX_EXECUTION_DATE='2026-07-25T08:23:54.309173+00:00' AIRFLOW_CTX_TRY_NUMBER='1' AIRFLOW_CTX_DAG_RUN_ID='manual__2026-07-25T08:23:54.309173+00:00'
[2026-07-25T08:45:29.576+0000] {taskinstance.py:430} INFO - ::endgroup::
[2026-07-25T08:45:29.829+0000] {__init__.py:49} INFO - file_cache is only supported with oauth2client<4.0.0
[2026-07-25T08:45:29.844+0000] {logging_mixin.py:188} INFO - 2026-07-25 08:45:29,843 | INFO     | uploader.youtube_uploader | Uploading video 'Professional Business English: "Let me double-check that for you" #Shorts' (/opt/airflow/output/videos/short_350.mp4) to YouTube...
[2026-07-25T08:45:32.663+0000] {logging_mixin.py:188} INFO - 2026-07-25 08:45:32,663 | INFO     | uploader.youtube_uploader | Upload complete. YouTube video id = aN9KTIQ9n3o
[2026-07-25T08:45:32.687+0000] {python.py:237} INFO - Done. Returned value was: aN9KTIQ9n3o
[2026-07-25T08:45:32.691+0000] {taskinstance.py:441} INFO - ::group::Post task execution logs
[2026-07-25T08:45:32.713+0000] {taskinstance.py:1206} INFO - Marking task as SUCCESS. dag_id=youtube_english_video_pipeline, task_id=upload_short_video_9, run_id=manual__2026-07-25T08:23:54.309173+00:00, execution_date=20260725T082354, start_date=20260725T084529, end_date=20260725T084532
[2026-07-25T08:45:32.770+0000] {local_task_job_runner.py:243} INFO - Task exited with return code 0
[2026-07-25T08:45:32.802+0000] {taskinstance.py:3503} INFO - 1 downstream tasks scheduled from follow-on schedule check
[2026-07-25T08:45:32.806+0000] {local_task_job_runner.py:222} INFO - ::endgroup::
