[2026-07-25T08:31:32.351+0000] {local_task_job_runner.py:120} INFO - ::group::Pre task execution logs
[2026-07-25T08:31:32.374+0000] {taskinstance.py:2076} INFO - Dependencies all met for dep_context=non-requeueable deps ti=<TaskInstance: youtube_english_video_pipeline.build_short_video_4 manual__2026-07-25T08:23:54.309173+00:00 [queued]>
[2026-07-25T08:31:32.380+0000] {taskinstance.py:2076} INFO - Dependencies all met for dep_context=requeueable deps ti=<TaskInstance: youtube_english_video_pipeline.build_short_video_4 manual__2026-07-25T08:23:54.309173+00:00 [queued]>
[2026-07-25T08:31:32.381+0000] {taskinstance.py:2306} INFO - Starting attempt 1 of 3
[2026-07-25T08:31:32.389+0000] {taskinstance.py:2330} INFO - Executing <Task(PythonOperator): build_short_video_4> on 2026-07-25 08:23:54.309173+00:00
[2026-07-25T08:31:32.393+0000] {standard_task_runner.py:64} INFO - Started process 17832 to run task
[2026-07-25T08:31:32.395+0000] {standard_task_runner.py:90} INFO - Running: ['airflow', 'tasks', 'run', 'youtube_english_video_pipeline', 'build_short_video_4', 'manual__2026-07-25T08:23:54.309173+00:00', '--job-id', '251', '--raw', '--subdir', 'DAGS_FOLDER/youtube_pipeline.py', '--cfg-path', '/tmp/tmpg_u2000w']
[2026-07-25T08:31:32.397+0000] {standard_task_runner.py:91} INFO - Job 251: Subtask build_short_video_4
[2026-07-25T08:31:32.458+0000] {task_command.py:426} INFO - Running <TaskInstance: youtube_english_video_pipeline.build_short_video_4 manual__2026-07-25T08:23:54.309173+00:00 [running]> on host ce8e21912c19
[2026-07-25T08:31:32.621+0000] {taskinstance.py:2648} INFO - Exporting env vars: AIRFLOW_CTX_DAG_OWNER='taky' AIRFLOW_CTX_DAG_ID='youtube_english_video_pipeline' AIRFLOW_CTX_TASK_ID='build_short_video_4' AIRFLOW_CTX_EXECUTION_DATE='2026-07-25T08:23:54.309173+00:00' AIRFLOW_CTX_TRY_NUMBER='1' AIRFLOW_CTX_DAG_RUN_ID='manual__2026-07-25T08:23:54.309173+00:00'
[2026-07-25T08:31:32.622+0000] {taskinstance.py:430} INFO - ::endgroup::
[2026-07-25T08:31:32.896+0000] {logging_mixin.py:188} INFO - 2026-07-25 08:31:32,896 | INFO     | planner.video_planner | Planned SHORT video: topic='Restaurant English', phrases=1
[2026-07-25T08:31:33.268+0000] {logging_mixin.py:188} INFO - 2026-07-25 08:31:33,268 | INFO     | tts.edge_tts | Synthesized audio -> /opt/airflow/output/audio/phrase_238.mp3
[2026-07-25T08:31:33.643+0000] {logging_mixin.py:188} INFO - 2026-07-25 08:31:33,643 | INFO     | tts.edge_tts | Synthesized audio -> /opt/airflow/output/audio/example_238.mp3
[2026-07-25T08:31:34.000+0000] {logging_mixin.py:188} INFO - 2026-07-25 08:31:34,000 | INFO     | media.image_downloader | Downloaded background image for scene='restaurant' -> /opt/airflow/output/images/short_238.jpg
[2026-07-25T08:31:36.571+0000] {logging_mixin.py:188} INFO - 2026-07-25 08:31:36,571 | WARNING  | video.video_builder | BGM file not found at /opt/airflow/assets/bgm/short_bgm.mp3, rendering without background music
[2026-07-25T08:31:38.495+0000] {logging_mixin.py:188} INFO - 2026-07-25 08:31:38,494 | INFO     | video.video_builder | Final video rendered -> /opt/airflow/output/videos/short_238.mp4
[2026-07-25T08:31:44.038+0000] {python.py:237} INFO - Done. Returned value was: {'video_id': 39, 'file_path': '/opt/airflow/output/videos/short_238.mp4', 'title': 'Useful Restaurant English: How to Ask for Recommendations! #Shorts', 'description': 'Ordering food in English? Learn how to ask for recommendations like a native speaker!\n\nPhrase of the day: "Do you have any recommendations?"\nExample: "We\'ve never eaten here before; do you have any recommendations?"\n\nUse this practical phrase next time you visit a new restaurant to easily find the best dishes on the menu.\n\nSubscribe to Taky\'s Language School for quick, practical spoken-English tips every day!\n\n#RestaurantEnglish #LearnEnglish #EnglishShorts #SpokenEnglish', 'tags': ['Restaurant English', 'Learn English', 'Takys Language School', 'Spoken English', 'English phrases', 'English conversation', 'How to order food in English', 'English Shorts', 'Daily English tips', 'Practical English'], 'video_type': 'short'}
[2026-07-25T08:31:44.039+0000] {taskinstance.py:441} INFO - ::group::Post task execution logs
[2026-07-25T08:31:44.056+0000] {taskinstance.py:1206} INFO - Marking task as SUCCESS. dag_id=youtube_english_video_pipeline, task_id=build_short_video_4, run_id=manual__2026-07-25T08:23:54.309173+00:00, execution_date=20260725T082354, start_date=20260725T083132, end_date=20260725T083144
[2026-07-25T08:31:44.112+0000] {local_task_job_runner.py:243} INFO - Task exited with return code 0
[2026-07-25T08:31:44.269+0000] {taskinstance.py:3503} INFO - 1 downstream tasks scheduled from follow-on schedule check
[2026-07-25T08:31:44.273+0000] {local_task_job_runner.py:222} INFO - ::endgroup::
