[2026-08-11T13:58:52.059+0000] {local_task_job_runner.py:120} INFO - ::group::Pre task execution logs
[2026-08-11T13:58:52.110+0000] {taskinstance.py:2076} INFO - Dependencies all met for dep_context=non-requeueable deps ti=<TaskInstance: youtube_english_video_pipeline.upload_long_video_6 scheduled__2026-08-10T12:00:00+00:00 [queued]>
[2026-08-11T13:58:52.119+0000] {taskinstance.py:2076} INFO - Dependencies all met for dep_context=requeueable deps ti=<TaskInstance: youtube_english_video_pipeline.upload_long_video_6 scheduled__2026-08-10T12:00:00+00:00 [queued]>
[2026-08-11T13:58:52.121+0000] {taskinstance.py:2306} INFO - Starting attempt 1 of 3
[2026-08-11T13:58:52.138+0000] {taskinstance.py:2330} INFO - Executing <Task(PythonOperator): upload_long_video_6> on 2026-08-10 12:00:00+00:00
[2026-08-11T13:58:52.143+0000] {standard_task_runner.py:64} INFO - Started process 33759 to run task
[2026-08-11T13:58:52.149+0000] {standard_task_runner.py:90} INFO - Running: ['airflow', 'tasks', 'run', 'youtube_english_video_pipeline', 'upload_long_video_6', 'scheduled__2026-08-10T12:00:00+00:00', '--job-id', '713', '--raw', '--subdir', 'DAGS_FOLDER/youtube_pipeline.py', '--cfg-path', '/tmp/tmpz529vjde']
[2026-08-11T13:58:52.155+0000] {standard_task_runner.py:91} INFO - Job 713: Subtask upload_long_video_6
[2026-08-11T13:58:52.231+0000] {task_command.py:426} INFO - Running <TaskInstance: youtube_english_video_pipeline.upload_long_video_6 scheduled__2026-08-10T12:00:00+00:00 [running]> on host cc859d74cf38
[2026-08-11T13:58:52.485+0000] {taskinstance.py:2648} INFO - Exporting env vars: AIRFLOW_CTX_DAG_OWNER='taky' AIRFLOW_CTX_DAG_ID='youtube_english_video_pipeline' AIRFLOW_CTX_TASK_ID='upload_long_video_6' AIRFLOW_CTX_EXECUTION_DATE='2026-08-10T12:00:00+00:00' AIRFLOW_CTX_TRY_NUMBER='1' AIRFLOW_CTX_DAG_RUN_ID='scheduled__2026-08-10T12:00:00+00:00'
[2026-08-11T13:58:52.487+0000] {taskinstance.py:430} INFO - ::endgroup::
[2026-08-11T13:58:53.120+0000] {__init__.py:49} INFO - file_cache is only supported with oauth2client<4.0.0
[2026-08-11T13:58:53.158+0000] {logging_mixin.py:188} INFO - 2026-08-11 13:58:53,158 | INFO     | uploader.youtube_uploader | Uploading video 'Essential Travel English Phrases You Need | Taky's Language School' (/opt/airflow/output/videos/long_1716.mp4) to YouTube...
[2026-08-11T13:59:01.141+0000] {logging_mixin.py:188} INFO - 2026-08-11 13:59:01,141 | INFO     | uploader.youtube_uploader | Upload complete. YouTube video id = 35I-B303klo
[2026-08-11T13:59:08.395+0000] {logging_mixin.py:188} INFO - 2026-08-11 13:59:08,395 | INFO     | uploader.youtube_uploader | Custom thumbnail uploaded.
[2026-08-11T13:59:08.420+0000] {python.py:237} INFO - Done. Returned value was: 35I-B303klo
[2026-08-11T13:59:08.422+0000] {taskinstance.py:441} INFO - ::group::Post task execution logs
[2026-08-11T13:59:08.445+0000] {taskinstance.py:1206} INFO - Marking task as SUCCESS. dag_id=youtube_english_video_pipeline, task_id=upload_long_video_6, run_id=scheduled__2026-08-10T12:00:00+00:00, execution_date=20260810T120000, start_date=20260811T135852, end_date=20260811T135908
[2026-08-11T13:59:08.490+0000] {local_task_job_runner.py:243} INFO - Task exited with return code 0
[2026-08-11T13:59:08.631+0000] {taskinstance.py:3503} INFO - 1 downstream tasks scheduled from follow-on schedule check
[2026-08-11T13:59:08.638+0000] {local_task_job_runner.py:222} INFO - ::endgroup::
