[2026-07-25T03:20:27.404+0000] {local_task_job_runner.py:120} INFO - ::group::Pre task execution logs
[2026-07-25T03:20:27.444+0000] {taskinstance.py:2076} INFO - Dependencies all met for dep_context=non-requeueable deps ti=<TaskInstance: youtube_english_video_pipeline.build_long_video manual__2026-07-25T03:19:33.053262+00:00 [queued]>
[2026-07-25T03:20:27.449+0000] {taskinstance.py:2076} INFO - Dependencies all met for dep_context=requeueable deps ti=<TaskInstance: youtube_english_video_pipeline.build_long_video manual__2026-07-25T03:19:33.053262+00:00 [queued]>
[2026-07-25T03:20:27.450+0000] {taskinstance.py:2306} INFO - Starting attempt 1 of 3
[2026-07-25T03:20:27.460+0000] {taskinstance.py:2330} INFO - Executing <Task(PythonOperator): build_long_video> on 2026-07-25 03:19:33.053262+00:00
[2026-07-25T03:20:27.464+0000] {standard_task_runner.py:64} INFO - Started process 5337 to run task
[2026-07-25T03:20:27.466+0000] {standard_task_runner.py:90} INFO - Running: ['airflow', 'tasks', 'run', 'youtube_english_video_pipeline', 'build_long_video', 'manual__2026-07-25T03:19:33.053262+00:00', '--job-id', '123', '--raw', '--subdir', 'DAGS_FOLDER/youtube_pipeline.py', '--cfg-path', '/tmp/tmpzygicwkg']
[2026-07-25T03:20:27.468+0000] {standard_task_runner.py:91} INFO - Job 123: Subtask build_long_video
[2026-07-25T03:20:27.528+0000] {task_command.py:426} INFO - Running <TaskInstance: youtube_english_video_pipeline.build_long_video manual__2026-07-25T03:19:33.053262+00:00 [running]> on host 654b8331d764
[2026-07-25T03:20:27.709+0000] {taskinstance.py:2648} INFO - Exporting env vars: AIRFLOW_CTX_DAG_OWNER='taky' AIRFLOW_CTX_DAG_ID='youtube_english_video_pipeline' AIRFLOW_CTX_TASK_ID='build_long_video' AIRFLOW_CTX_EXECUTION_DATE='2026-07-25T03:19:33.053262+00:00' AIRFLOW_CTX_TRY_NUMBER='1' AIRFLOW_CTX_DAG_RUN_ID='manual__2026-07-25T03:19:33.053262+00:00'
[2026-07-25T03:20:27.710+0000] {taskinstance.py:430} INFO - ::endgroup::
[2026-07-25T03:20:28.158+0000] {logging_mixin.py:188} INFO - 2026-07-25 03:20:28,158 | INFO     | planner.video_planner | Planned LONG video: topic='Business English', phrases=17
[2026-07-25T03:20:28.512+0000] {logging_mixin.py:188} INFO - 2026-07-25 03:20:28,512 | INFO     | tts.edge_tts | Synthesized audio -> /opt/airflow/output/audio/phrase_184.mp3
[2026-07-25T03:20:28.973+0000] {logging_mixin.py:188} INFO - 2026-07-25 03:20:28,973 | INFO     | tts.edge_tts | Synthesized audio -> /opt/airflow/output/audio/example_184.mp3
[2026-07-25T03:20:29.365+0000] {logging_mixin.py:188} INFO - 2026-07-25 03:20:29,365 | INFO     | media.image_downloader | Downloaded background image for scene='phone' -> /opt/airflow/output/images/long_184.jpg
[2026-07-25T03:20:29.366+0000] {logging_mixin.py:188} INFO - 2026-07-25 03:20:29,366 | INFO     | video.video_builder | Running ffmpeg: ffmpeg -y -i /opt/airflow/output/audio/phrase_184.mp3 -i /opt/airflow/output/audio/example_184.mp3 -filter_complex [0:a]apad=pad_dur=0.4[a0];[a0][1:a]concat=n=2:v=0:a=1[aout] -map [aout] /opt/airflow/output/videos/_tmp/long_184_raw.audio.mp3
[2026-07-25T03:20:29.479+0000] {logging_mixin.py:188} INFO - 2026-07-25 03:20:29,479 | INFO     | video.video_builder | Running ffmpeg: ffmpeg -y -loop 1 -i /opt/airflow/output/images/long_184.jpg -i /opt/airflow/output/videos/_tmp/long_184_raw.audio.mp3 -vf scale=1920:1080:force_original_aspect_ratio=increase,crop=1920:1080,drawtext=fontfile='/opt/airflow/assets/fonts/NotoSansJP-Bold.ttf':text='Could I leave a message?':fontcolor=FFFFFF:fontsize=76:x=(w-text_w)/2:y=(h*0.16):line_spacing=12:box=1:boxcolor=black@0.45:boxborderw=20,drawtext=fontfile='/opt/airflow/assets/fonts/NotoSansJP-Bold.ttf':text='Since Mr. Davis is out of the office, could\nI leave a message for him?':fontcolor=FFD54A:fontsize=68:x=(w-text_w)/2:y=(h-text_h)/2+((h*0.15)):line_spacing=16:box=1:boxcolor=black@0.55:boxborderw=24 -c:v libx264 -preset medium -crf 23 -tune stillimage -pix_fmt yuv420p -c:a aac -b:a 192k -shortest -r 30 /opt/airflow/output/videos/_tmp/long_184_raw.mp4
[2026-07-25T03:20:34.741+0000] {logging_mixin.py:188} INFO - 2026-07-25 03:20:34,740 | INFO     | tts.edge_tts | Synthesized audio -> /opt/airflow/output/audio/phrase_228.mp3
[2026-07-25T03:20:35.182+0000] {logging_mixin.py:188} INFO - 2026-07-25 03:20:35,182 | INFO     | tts.edge_tts | Synthesized audio -> /opt/airflow/output/audio/example_228.mp3
[2026-07-25T03:20:35.399+0000] {logging_mixin.py:188} INFO - 2026-07-25 03:20:35,398 | INFO     | media.image_downloader | Downloaded background image for scene='phone' -> /opt/airflow/output/images/long_228.jpg
[2026-07-25T03:20:35.400+0000] {logging_mixin.py:188} INFO - 2026-07-25 03:20:35,400 | INFO     | video.video_builder | Running ffmpeg: ffmpeg -y -i /opt/airflow/output/audio/phrase_228.mp3 -i /opt/airflow/output/audio/example_228.mp3 -filter_complex [0:a]apad=pad_dur=0.4[a0];[a0][1:a]concat=n=2:v=0:a=1[aout] -map [aout] /opt/airflow/output/videos/_tmp/long_228_raw.audio.mp3
[2026-07-25T03:20:35.593+0000] {logging_mixin.py:188} INFO - 2026-07-25 03:20:35,593 | INFO     | video.video_builder | Running ffmpeg: ffmpeg -y -loop 1 -i /opt/airflow/output/images/long_228.jpg -i /opt/airflow/output/videos/_tmp/long_228_raw.audio.mp3 -vf scale=1920:1080:force_original_aspect_ratio=increase,crop=1920:1080,drawtext=fontfile='/opt/airflow/assets/fonts/NotoSansJP-Bold.ttf':text='Could you speak up a bit?':fontcolor=FFFFFF:fontsize=76:x=(w-text_w)/2:y=(h*0.16):line_spacing=12:box=1:boxcolor=black@0.45:boxborderw=20,drawtext=fontfile='/opt/airflow/assets/fonts/NotoSansJP-Bold.ttf':text='The connection is quite poor, so could you\nspeak up a bit?':fontcolor=FFD54A:fontsize=68:x=(w-text_w)/2:y=(h-text_h)/2+((h*0.15)):line_spacing=16:box=1:boxcolor=black@0.55:boxborderw=24 -c:v libx264 -preset medium -crf 23 -tune stillimage -pix_fmt yuv420p -c:a aac -b:a 192k -shortest -r 30 /opt/airflow/output/videos/_tmp/long_228_raw.mp4
[2026-07-25T03:20:38.498+0000] {logging_mixin.py:188} INFO - 2026-07-25 03:20:38,498 | INFO     | tts.edge_tts | Synthesized audio -> /opt/airflow/output/audio/phrase_231.mp3
[2026-07-25T03:20:38.814+0000] {logging_mixin.py:188} INFO - 2026-07-25 03:20:38,814 | INFO     | tts.edge_tts | Synthesized audio -> /opt/airflow/output/audio/example_231.mp3
[2026-07-25T03:20:39.030+0000] {logging_mixin.py:188} INFO - 2026-07-25 03:20:39,030 | INFO     | media.image_downloader | Downloaded background image for scene='meeting' -> /opt/airflow/output/images/long_231.jpg
[2026-07-25T03:20:39.031+0000] {logging_mixin.py:188} INFO - 2026-07-25 03:20:39,031 | INFO     | video.video_builder | Running ffmpeg: ffmpeg -y -i /opt/airflow/output/audio/phrase_231.mp3 -i /opt/airflow/output/audio/example_231.mp3 -filter_complex [0:a]apad=pad_dur=0.4[a0];[a0][1:a]concat=n=2:v=0:a=1[aout] -map [aout] /opt/airflow/output/videos/_tmp/long_231_raw.audio.mp3
[2026-07-25T03:20:39.124+0000] {logging_mixin.py:188} INFO - 2026-07-25 03:20:39,124 | INFO     | video.video_builder | Running ffmpeg: ffmpeg -y -loop 1 -i /opt/airflow/output/images/long_231.jpg -i /opt/airflow/output/videos/_tmp/long_231_raw.audio.mp3 -vf scale=1920:1080:force_original_aspect_ratio=increase,crop=1920:1080,drawtext=fontfile='/opt/airflow/assets/fonts/NotoSansJP-Bold.ttf':text='Sorry to keep you waiting.':fontcolor=FFFFFF:fontsize=76:x=(w-text_w)/2:y=(h*0.16):line_spacing=12:box=1:boxcolor=black@0.45:boxborderw=20,drawtext=fontfile='/opt/airflow/assets/fonts/NotoSansJP-Bold.ttf':text='Sorry to keep you waiting, I had to respond\nto an urgent phone call.':fontcolor=FFD54A:fontsize=68:x=(w-text_w)/2:y=(h-text_h)/2+((h*0.15)):line_spacing=16:box=1:boxcolor=black@0.55:boxborderw=24 -c:v libx264 -preset medium -crf 23 -tune stillimage -pix_fmt yuv420p -c:a aac -b:a 192k -shortest -r 30 /opt/airflow/output/videos/_tmp/long_231_raw.mp4
[2026-07-25T03:20:42.714+0000] {logging_mixin.py:188} INFO - 2026-07-25 03:20:42,714 | INFO     | tts.edge_tts | Synthesized audio -> /opt/airflow/output/audio/phrase_190.mp3
[2026-07-25T03:20:43.087+0000] {logging_mixin.py:188} INFO - 2026-07-25 03:20:43,086 | INFO     | tts.edge_tts | Synthesized audio -> /opt/airflow/output/audio/example_190.mp3
[2026-07-25T03:20:43.319+0000] {logging_mixin.py:188} INFO - 2026-07-25 03:20:43,318 | INFO     | media.image_downloader | Downloaded background image for scene='office' -> /opt/airflow/output/images/long_190.jpg
[2026-07-25T03:20:43.320+0000] {logging_mixin.py:188} INFO - 2026-07-25 03:20:43,320 | INFO     | video.video_builder | Running ffmpeg: ffmpeg -y -i /opt/airflow/output/audio/phrase_190.mp3 -i /opt/airflow/output/audio/example_190.mp3 -filter_complex [0:a]apad=pad_dur=0.4[a0];[a0][1:a]concat=n=2:v=0:a=1[aout] -map [aout] /opt/airflow/output/videos/_tmp/long_190_raw.audio.mp3
[2026-07-25T03:20:43.436+0000] {logging_mixin.py:188} INFO - 2026-07-25 03:20:43,436 | INFO     | video.video_builder | Running ffmpeg: ffmpeg -y -loop 1 -i /opt/airflow/output/images/long_190.jpg -i /opt/airflow/output/videos/_tmp/long_190_raw.audio.mp3 -vf scale=1920:1080:force_original_aspect_ratio=increase,crop=1920:1080,drawtext=fontfile='/opt/airflow/assets/fonts/NotoSansJP-Bold.ttf':text='That makes sense.':fontcolor=FFFFFF:fontsize=76:x=(w-text_w)/2:y=(h*0.16):line_spacing=12:box=1:boxcolor=black@0.45:boxborderw=20,drawtext=fontfile='/opt/airflow/assets/fonts/NotoSansJP-Bold.ttf':text='Ah, I see why you changed the project\ntimeline now. That makes sense.':fontcolor=FFD54A:fontsize=68:x=(w-text_w)/2:y=(h-text_h)/2+((h*0.15)):line_spacing=16:box=1:boxcolor=black@0.55:boxborderw=24 -c:v libx264 -preset medium -crf 23 -tune stillimage -pix_fmt yuv420p -c:a aac -b:a 192k -shortest -r 30 /opt/airflow/output/videos/_tmp/long_190_raw.mp4
[2026-07-25T03:20:47.156+0000] {logging_mixin.py:188} INFO - 2026-07-25 03:20:47,156 | INFO     | tts.edge_tts | Synthesized audio -> /opt/airflow/output/audio/phrase_198.mp3
[2026-07-25T03:20:47.581+0000] {logging_mixin.py:188} INFO - 2026-07-25 03:20:47,581 | INFO     | tts.edge_tts | Synthesized audio -> /opt/airflow/output/audio/example_198.mp3
[2026-07-25T03:20:47.779+0000] {logging_mixin.py:188} INFO - 2026-07-25 03:20:47,779 | INFO     | media.image_downloader | Downloaded background image for scene='office' -> /opt/airflow/output/images/long_198.jpg
[2026-07-25T03:20:47.780+0000] {logging_mixin.py:188} INFO - 2026-07-25 03:20:47,780 | INFO     | video.video_builder | Running ffmpeg: ffmpeg -y -i /opt/airflow/output/audio/phrase_198.mp3 -i /opt/airflow/output/audio/example_198.mp3 -filter_complex [0:a]apad=pad_dur=0.4[a0];[a0][1:a]concat=n=2:v=0:a=1[aout] -map [aout] /opt/airflow/output/videos/_tmp/long_198_raw.audio.mp3
[2026-07-25T03:20:47.952+0000] {logging_mixin.py:188} INFO - 2026-07-25 03:20:47,952 | INFO     | video.video_builder | Running ffmpeg: ffmpeg -y -loop 1 -i /opt/airflow/output/images/long_198.jpg -i /opt/airflow/output/videos/_tmp/long_198_raw.audio.mp3 -vf scale=1920:1080:force_original_aspect_ratio=increase,crop=1920:1080,drawtext=fontfile='/opt/airflow/assets/fonts/NotoSansJP-Bold.ttf':text='Let me double-check.':fontcolor=FFFFFF:fontsize=76:x=(w-text_w)/2:y=(h*0.16):line_spacing=12:box=1:boxcolor=black@0.45:boxborderw=20,drawtext=fontfile='/opt/airflow/assets/fonts/NotoSansJP-Bold.ttf':text='I think the presentation starts at 2 PM, but\nlet me double-check my calendar.':fontcolor=FFD54A:fontsize=68:x=(w-text_w)/2:y=(h-text_h)/2+((h*0.15)):line_spacing=16:box=1:boxcolor=black@0.55:boxborderw=24 -c:v libx264 -preset medium -crf 23 -tune stillimage -pix_fmt yuv420p -c:a aac -b:a 192k -shortest -r 30 /opt/airflow/output/videos/_tmp/long_198_raw.mp4
[2026-07-25T03:20:51.930+0000] {logging_mixin.py:188} INFO - 2026-07-25 03:20:51,929 | INFO     | tts.edge_tts | Synthesized audio -> /opt/airflow/output/audio/phrase_205.mp3
[2026-07-25T03:20:52.406+0000] {logging_mixin.py:188} INFO - 2026-07-25 03:20:52,406 | INFO     | tts.edge_tts | Synthesized audio -> /opt/airflow/output/audio/example_205.mp3
[2026-07-25T03:20:52.595+0000] {logging_mixin.py:188} INFO - 2026-07-25 03:20:52,595 | INFO     | media.image_downloader | Downloaded background image for scene='office' -> /opt/airflow/output/images/long_205.jpg
[2026-07-25T03:20:52.598+0000] {logging_mixin.py:188} INFO - 2026-07-25 03:20:52,597 | INFO     | video.video_builder | Running ffmpeg: ffmpeg -y -i /opt/airflow/output/audio/phrase_205.mp3 -i /opt/airflow/output/audio/example_205.mp3 -filter_complex [0:a]apad=pad_dur=0.4[a0];[a0][1:a]concat=n=2:v=0:a=1[aout] -map [aout] /opt/airflow/output/videos/_tmp/long_205_raw.audio.mp3
[2026-07-25T03:20:52.722+0000] {logging_mixin.py:188} INFO - 2026-07-25 03:20:52,722 | INFO     | video.video_builder | Running ffmpeg: ffmpeg -y -loop 1 -i /opt/airflow/output/images/long_205.jpg -i /opt/airflow/output/videos/_tmp/long_205_raw.audio.mp3 -vf scale=1920:1080:force_original_aspect_ratio=increase,crop=1920:1080,drawtext=fontfile='/opt/airflow/assets/fonts/NotoSansJP-Bold.ttf':text='I\'m looking forward to it.':fontcolor=FFFFFF:fontsize=76:x=(w-text_w)/2:y=(h*0.16):line_spacing=12:box=1:boxcolor=black@0.45:boxborderw=20,drawtext=fontfile='/opt/airflow/assets/fonts/NotoSansJP-Bold.ttf':text='Thank you for inviting me to the conference\nnext week, I\'m looking forward to it.':fontcolor=FFD54A:fontsize=68:x=(w-text_w)/2:y=(h-text_h)/2+((h*0.15)):line_spacing=16:box=1:boxcolor=black@0.55:boxborderw=24 -c:v libx264 -preset medium -crf 23 -tune stillimage -pix_fmt yuv420p -c:a aac -b:a 192k -shortest -r 30 /opt/airflow/output/videos/_tmp/long_205_raw.mp4
[2026-07-25T03:20:52.927+0000] {taskinstance.py:441} INFO - ::group::Post task execution logs
[2026-07-25T03:20:52.929+0000] {taskinstance.py:2905} ERROR - Task failed with exception
Traceback (most recent call last):
  File "/home/airflow/.local/lib/python3.11/site-packages/airflow/models/taskinstance.py", line 465, in _execute_task
    result = _execute_callable(context=context, **execute_callable_kwargs)
             ^^^^^^^^^^^^^^^^^^^^^^^^^^^^^^^^^^^^^^^^^^^^^^^^^^^^^^^^^^^^^
  File "/home/airflow/.local/lib/python3.11/site-packages/airflow/models/taskinstance.py", line 432, in _execute_callable
    return execute_callable(context=context, **execute_callable_kwargs)
           ^^^^^^^^^^^^^^^^^^^^^^^^^^^^^^^^^^^^^^^^^^^^^^^^^^^^^^^^^^^^
  File "/home/airflow/.local/lib/python3.11/site-packages/airflow/models/baseoperator.py", line 401, in wrapper
    return func(self, *args, **kwargs)
           ^^^^^^^^^^^^^^^^^^^^^^^^^^^
  File "/home/airflow/.local/lib/python3.11/site-packages/airflow/operators/python.py", line 235, in execute
    return_value = self.execute_callable()
                   ^^^^^^^^^^^^^^^^^^^^^^^
  File "/home/airflow/.local/lib/python3.11/site-packages/airflow/operators/python.py", line 252, in execute_callable
    return self.python_callable(*self.op_args, **self.op_kwargs)
           ^^^^^^^^^^^^^^^^^^^^^^^^^^^^^^^^^^^^^^^^^^^^^^^^^^^^^
  File "/opt/airflow/dags/youtube_pipeline.py", line 94, in task_build_long_video
    result = build_long_video()
             ^^^^^^^^^^^^^^^^^^
  File "/opt/airflow/src/video/long_video.py", line 121, in build_long_video
    result = LongVideoPipeline().run()
             ^^^^^^^^^^^^^^^^^^^^^^^^^
  File "/opt/airflow/src/video/long_video.py", line 69, in run
    self.builder.render_segment(segment, raw_segment_path)
  File "/opt/airflow/src/video/video_builder.py", line 101, in render_segment
    _run(cmd)
  File "/opt/airflow/src/video/video_builder.py", line 34, in _run
    subprocess.run(cmd, check=True, capture_output=True)
  File "/usr/local/lib/python3.11/subprocess.py", line 571, in run
    raise CalledProcessError(retcode, process.args,
subprocess.CalledProcessError: Command '['ffmpeg', '-y', '-loop', '1', '-i', '/opt/airflow/output/images/long_205.jpg', '-i', '/opt/airflow/output/videos/_tmp/long_205_raw.audio.mp3', '-vf', "scale=1920:1080:force_original_aspect_ratio=increase,crop=1920:1080,drawtext=fontfile='/opt/airflow/assets/fonts/NotoSansJP-Bold.ttf':text='I\\'m looking forward to it.':fontcolor=FFFFFF:fontsize=76:x=(w-text_w)/2:y=(h*0.16):line_spacing=12:box=1:boxcolor=black@0.45:boxborderw=20,drawtext=fontfile='/opt/airflow/assets/fonts/NotoSansJP-Bold.ttf':text='Thank you for inviting me to the conference\\nnext week, I\\'m looking forward to it.':fontcolor=FFD54A:fontsize=68:x=(w-text_w)/2:y=(h-text_h)/2+((h*0.15)):line_spacing=16:box=1:boxcolor=black@0.55:boxborderw=24", '-c:v', 'libx264', '-preset', 'medium', '-crf', '23', '-tune', 'stillimage', '-pix_fmt', 'yuv420p', '-c:a', 'aac', '-b:a', '192k', '-shortest', '-r', '30', '/opt/airflow/output/videos/_tmp/long_205_raw.mp4']' returned non-zero exit status 1.
[2026-07-25T03:20:53.030+0000] {taskinstance.py:1206} INFO - Marking task as UP_FOR_RETRY. dag_id=youtube_english_video_pipeline, task_id=build_long_video, run_id=manual__2026-07-25T03:19:33.053262+00:00, execution_date=20260725T031933, start_date=20260725T032027, end_date=20260725T032053
[2026-07-25T03:20:53.051+0000] {standard_task_runner.py:110} ERROR - Failed to execute job 123 for task build_long_video (Command '['ffmpeg', '-y', '-loop', '1', '-i', '/opt/airflow/output/images/long_205.jpg', '-i', '/opt/airflow/output/videos/_tmp/long_205_raw.audio.mp3', '-vf', "scale=1920:1080:force_original_aspect_ratio=increase,crop=1920:1080,drawtext=fontfile='/opt/airflow/assets/fonts/NotoSansJP-Bold.ttf':text='I\\'m looking forward to it.':fontcolor=FFFFFF:fontsize=76:x=(w-text_w)/2:y=(h*0.16):line_spacing=12:box=1:boxcolor=black@0.45:boxborderw=20,drawtext=fontfile='/opt/airflow/assets/fonts/NotoSansJP-Bold.ttf':text='Thank you for inviting me to the conference\\nnext week, I\\'m looking forward to it.':fontcolor=FFD54A:fontsize=68:x=(w-text_w)/2:y=(h-text_h)/2+((h*0.15)):line_spacing=16:box=1:boxcolor=black@0.55:boxborderw=24", '-c:v', 'libx264', '-preset', 'medium', '-crf', '23', '-tune', 'stillimage', '-pix_fmt', 'yuv420p', '-c:a', 'aac', '-b:a', '192k', '-shortest', '-r', '30', '/opt/airflow/output/videos/_tmp/long_205_raw.mp4']' returned non-zero exit status 1.; 5337)
[2026-07-25T03:20:53.096+0000] {local_task_job_runner.py:243} INFO - Task exited with return code 1
[2026-07-25T03:20:53.325+0000] {taskinstance.py:3503} INFO - 0 downstream tasks scheduled from follow-on schedule check
[2026-07-25T03:20:53.328+0000] {local_task_job_runner.py:222} INFO - ::endgroup::
