[2026-08-17T12:52:12.525+0000] {local_task_job_runner.py:120} INFO - ::group::Pre task execution logs
[2026-08-17T12:52:12.608+0000] {taskinstance.py:2076} INFO - Dependencies all met for dep_context=non-requeueable deps ti=<TaskInstance: youtube_english_video_pipeline.upload_short_video_4 scheduled__2026-08-11T12:00:00+00:00 [queued]>
[2026-08-17T12:52:12.625+0000] {taskinstance.py:2076} INFO - Dependencies all met for dep_context=requeueable deps ti=<TaskInstance: youtube_english_video_pipeline.upload_short_video_4 scheduled__2026-08-11T12:00:00+00:00 [queued]>
[2026-08-17T12:52:12.629+0000] {taskinstance.py:2306} INFO - Starting attempt 1 of 3
[2026-08-17T12:52:12.656+0000] {taskinstance.py:2330} INFO - Executing <Task(PythonOperator): upload_short_video_4> on 2026-08-11 12:00:00+00:00
[2026-08-17T12:52:12.671+0000] {standard_task_runner.py:64} INFO - Started process 11171 to run task
[2026-08-17T12:52:12.678+0000] {standard_task_runner.py:90} INFO - Running: ['airflow', 'tasks', 'run', 'youtube_english_video_pipeline', 'upload_short_video_4', 'scheduled__2026-08-11T12:00:00+00:00', '--job-id', '752', '--raw', '--subdir', 'DAGS_FOLDER/youtube_pipeline.py', '--cfg-path', '/tmp/tmpvlqj6oex']
[2026-08-17T12:52:12.690+0000] {standard_task_runner.py:91} INFO - Job 752: Subtask upload_short_video_4
[2026-08-17T12:52:12.860+0000] {task_command.py:426} INFO - Running <TaskInstance: youtube_english_video_pipeline.upload_short_video_4 scheduled__2026-08-11T12:00:00+00:00 [running]> on host cc859d74cf38
[2026-08-17T12:52:13.202+0000] {taskinstance.py:2648} INFO - Exporting env vars: AIRFLOW_CTX_DAG_OWNER='taky' AIRFLOW_CTX_DAG_ID='youtube_english_video_pipeline' AIRFLOW_CTX_TASK_ID='upload_short_video_4' AIRFLOW_CTX_EXECUTION_DATE='2026-08-11T12:00:00+00:00' AIRFLOW_CTX_TRY_NUMBER='1' AIRFLOW_CTX_DAG_RUN_ID='scheduled__2026-08-11T12:00:00+00:00'
[2026-08-17T12:52:13.213+0000] {taskinstance.py:430} INFO - ::endgroup::
[2026-08-17T12:52:14.478+0000] {__init__.py:49} INFO - file_cache is only supported with oauth2client<4.0.0
[2026-08-17T12:52:14.499+0000] {logging_mixin.py:188} INFO - 2026-08-17 12:52:14,499 | INFO     | uploader.youtube_uploader | Uploading video 'Daily English Phrase | Hotel English' (/opt/airflow/output/videos/short_1914.mp4) to YouTube...
[2026-08-17T12:52:17.486+0000] {logging_mixin.py:188} INFO - 2026-08-17 12:52:17,485 | INFO     | uploader.youtube_uploader | Upload complete. YouTube video id = uh-JlEL7130
[2026-08-17T12:52:17.518+0000] {python.py:237} INFO - Done. Returned value was: uh-JlEL7130
[2026-08-17T12:52:17.521+0000] {taskinstance.py:441} INFO - ::group::Post task execution logs
[2026-08-17T12:52:17.556+0000] {taskinstance.py:1206} INFO - Marking task as SUCCESS. dag_id=youtube_english_video_pipeline, task_id=upload_short_video_4, run_id=scheduled__2026-08-11T12:00:00+00:00, execution_date=20260811T120000, start_date=20260817T125212, end_date=20260817T125217
[2026-08-17T12:52:17.610+0000] {local_task_job_runner.py:243} INFO - Task exited with return code 0
[2026-08-17T12:52:17.665+0000] {taskinstance.py:3503} INFO - 1 downstream tasks scheduled from follow-on schedule check
[2026-08-17T12:52:17.677+0000] {local_task_job_runner.py:222} INFO - ::endgroup::
