[2026-08-11T14:09:29.881+0000] {local_task_job_runner.py:120} INFO - ::group::Pre task execution logs
[2026-08-11T14:09:29.925+0000] {taskinstance.py:2076} INFO - Dependencies all met for dep_context=non-requeueable deps ti=<TaskInstance: youtube_english_video_pipeline.build_short_video_10 scheduled__2026-08-10T12:00:00+00:00 [queued]>
[2026-08-11T14:09:29.947+0000] {taskinstance.py:2076} INFO - Dependencies all met for dep_context=requeueable deps ti=<TaskInstance: youtube_english_video_pipeline.build_short_video_10 scheduled__2026-08-10T12:00:00+00:00 [queued]>
[2026-08-11T14:09:29.952+0000] {taskinstance.py:2306} INFO - Starting attempt 1 of 3
[2026-08-11T14:09:29.975+0000] {taskinstance.py:2330} INFO - Executing <Task(PythonOperator): build_short_video_10> on 2026-08-10 12:00:00+00:00
[2026-08-11T14:09:29.992+0000] {standard_task_runner.py:64} INFO - Started process 44051 to run task
[2026-08-11T14:09:29.998+0000] {standard_task_runner.py:90} INFO - Running: ['airflow', 'tasks', 'run', 'youtube_english_video_pipeline', 'build_short_video_10', 'scheduled__2026-08-10T12:00:00+00:00', '--job-id', '730', '--raw', '--subdir', 'DAGS_FOLDER/youtube_pipeline.py', '--cfg-path', '/tmp/tmp4kxtyqb9']
[2026-08-11T14:09:30.008+0000] {standard_task_runner.py:91} INFO - Job 730: Subtask build_short_video_10
[2026-08-11T14:09:30.107+0000] {task_command.py:426} INFO - Running <TaskInstance: youtube_english_video_pipeline.build_short_video_10 scheduled__2026-08-10T12:00:00+00:00 [running]> on host cc859d74cf38
[2026-08-11T14:09:30.338+0000] {taskinstance.py:2648} INFO - Exporting env vars: AIRFLOW_CTX_DAG_OWNER='taky' AIRFLOW_CTX_DAG_ID='youtube_english_video_pipeline' AIRFLOW_CTX_TASK_ID='build_short_video_10' AIRFLOW_CTX_EXECUTION_DATE='2026-08-10T12:00:00+00:00' AIRFLOW_CTX_TRY_NUMBER='1' AIRFLOW_CTX_DAG_RUN_ID='scheduled__2026-08-10T12:00:00+00:00'
[2026-08-11T14:09:30.340+0000] {taskinstance.py:430} INFO - ::endgroup::
[2026-08-11T14:09:32.305+0000] {logging_mixin.py:188} INFO - 2026-08-11 14:09:32,304 | INFO     | planner.video_planner | Planned SHORT video: topic='Business English', phrases=1
[2026-08-11T14:09:33.237+0000] {logging_mixin.py:188} INFO - 2026-08-11 14:09:33,237 | INFO     | tts.edge_tts | Synthesized audio -> /opt/airflow/output/audio/phrase_1820.mp3
[2026-08-11T14:09:33.837+0000] {logging_mixin.py:188} INFO - 2026-08-11 14:09:33,837 | INFO     | tts.edge_tts | Synthesized audio -> /opt/airflow/output/audio/example_1820.mp3
[2026-08-11T14:09:34.381+0000] {logging_mixin.py:188} INFO - 2026-08-11 14:09:34,381 | INFO     | media.image_downloader | Downloaded background image for scene='office' -> /opt/airflow/output/images/short_1820.jpg
[2026-08-11T14:09:39.086+0000] {logging_mixin.py:188} INFO - 2026-08-11 14:09:39,085 | WARNING  | video.video_builder | BGM file not found at /opt/airflow/assets/bgm/short_bgm.mp3, rendering without background music
[2026-08-11T14:09:41.184+0000] {logging_mixin.py:188} INFO - 2026-08-11 14:09:41,184 | INFO     | video.video_builder | Final video rendered -> /opt/airflow/output/videos/short_1820.mp4
[2026-08-11T14:09:47.526+0000] {python.py:237} INFO - Done. Returned value was: {'video_id': 210, 'file_path': '/opt/airflow/output/videos/short_1820.mp4', 'title': 'Speak Like a Pro: "Let\'s touch base next week" 💼 #Shorts', 'description': 'Learn practical Business English with Taky\'s Language School! 🚀\n\nIn this Short, master the common workplace phrase: "Let\'s touch base next week."\n\n💡 Meaning: To briefly make contact, update, or check in with someone about a project or task.\n\n💬 Example:\n"We have a good initial plan for the project, so let\'s touch base next week."\n\nSubscribe to Taky\'s Language School for daily quick tips to help you sound more confident and professional at work!\n\n#BusinessEnglish #LearnEnglish #EnglishPhrases #WorkplaceEnglish #Shorts', 'tags': ['Business English', 'Touch base meaning', 'Learn English', 'English for work', "Taky's Language School", 'Speak English fluently', 'Workplace English', 'English phrases', 'ESL', 'Business idioms'], 'video_type': 'short'}
[2026-08-11T14:09:47.528+0000] {taskinstance.py:441} INFO - ::group::Post task execution logs
[2026-08-11T14:09:47.550+0000] {taskinstance.py:1206} INFO - Marking task as SUCCESS. dag_id=youtube_english_video_pipeline, task_id=build_short_video_10, run_id=scheduled__2026-08-10T12:00:00+00:00, execution_date=20260810T120000, start_date=20260811T140929, end_date=20260811T140947
[2026-08-11T14:09:47.579+0000] {local_task_job_runner.py:243} INFO - Task exited with return code 0
[2026-08-11T14:09:47.758+0000] {taskinstance.py:3503} INFO - 1 downstream tasks scheduled from follow-on schedule check
[2026-08-11T14:09:47.764+0000] {local_task_job_runner.py:222} INFO - ::endgroup::
