[2026-07-27T11:23:03.755+0000] {local_task_job_runner.py:120} INFO - ::group::Pre task execution logs
[2026-07-27T11:23:03.788+0000] {taskinstance.py:2076} INFO - Dependencies all met for dep_context=non-requeueable deps ti=<TaskInstance: youtube_english_video_pipeline.upload_short_video_10 manual__2026-07-27T10:57:47.140907+00:00 [queued]>
[2026-07-27T11:23:03.797+0000] {taskinstance.py:2076} INFO - Dependencies all met for dep_context=requeueable deps ti=<TaskInstance: youtube_english_video_pipeline.upload_short_video_10 manual__2026-07-27T10:57:47.140907+00:00 [queued]>
[2026-07-27T11:23:03.799+0000] {taskinstance.py:2306} INFO - Starting attempt 1 of 3
[2026-07-27T11:23:03.809+0000] {taskinstance.py:2330} INFO - Executing <Task(PythonOperator): upload_short_video_10> on 2026-07-27 10:57:47.140907+00:00
[2026-07-27T11:23:03.813+0000] {standard_task_runner.py:64} INFO - Started process 88916 to run task
[2026-07-27T11:23:03.816+0000] {standard_task_runner.py:90} INFO - Running: ['airflow', 'tasks', 'run', 'youtube_english_video_pipeline', 'upload_short_video_10', 'manual__2026-07-27T10:57:47.140907+00:00', '--job-id', '461', '--raw', '--subdir', 'DAGS_FOLDER/youtube_pipeline.py', '--cfg-path', '/tmp/tmpur073_47']
[2026-07-27T11:23:03.818+0000] {standard_task_runner.py:91} INFO - Job 461: Subtask upload_short_video_10
[2026-07-27T11:23:03.903+0000] {task_command.py:426} INFO - Running <TaskInstance: youtube_english_video_pipeline.upload_short_video_10 manual__2026-07-27T10:57:47.140907+00:00 [running]> on host cc859d74cf38
[2026-07-27T11:23:04.106+0000] {taskinstance.py:2648} INFO - Exporting env vars: AIRFLOW_CTX_DAG_OWNER='taky' AIRFLOW_CTX_DAG_ID='youtube_english_video_pipeline' AIRFLOW_CTX_TASK_ID='upload_short_video_10' AIRFLOW_CTX_EXECUTION_DATE='2026-07-27T10:57:47.140907+00:00' AIRFLOW_CTX_TRY_NUMBER='1' AIRFLOW_CTX_DAG_RUN_ID='manual__2026-07-27T10:57:47.140907+00:00'
[2026-07-27T11:23:04.107+0000] {taskinstance.py:430} INFO - ::endgroup::
[2026-07-27T11:23:04.387+0000] {__init__.py:49} INFO - file_cache is only supported with oauth2client<4.0.0
[2026-07-27T11:23:04.395+0000] {logging_mixin.py:188} INFO - 2026-07-27 11:23:04,394 | INFO     | uploader.youtube_uploader | Uploading video 'Daily English Phrase | Travel English' (/opt/airflow/output/videos/short_923.mp4) to YouTube...
[2026-07-27T11:23:06.793+0000] {logging_mixin.py:188} INFO - 2026-07-27 11:23:06,793 | INFO     | uploader.youtube_uploader | Upload complete. YouTube video id = EE65exvntOQ
[2026-07-27T11:23:06.808+0000] {python.py:237} INFO - Done. Returned value was: EE65exvntOQ
[2026-07-27T11:23:06.809+0000] {taskinstance.py:441} INFO - ::group::Post task execution logs
[2026-07-27T11:23:06.845+0000] {taskinstance.py:1206} INFO - Marking task as SUCCESS. dag_id=youtube_english_video_pipeline, task_id=upload_short_video_10, run_id=manual__2026-07-27T10:57:47.140907+00:00, execution_date=20260727T105747, start_date=20260727T112303, end_date=20260727T112306
[2026-07-27T11:23:06.885+0000] {local_task_job_runner.py:243} INFO - Task exited with return code 0
[2026-07-27T11:23:07.036+0000] {taskinstance.py:3503} INFO - 1 downstream tasks scheduled from follow-on schedule check
[2026-07-27T11:23:07.059+0000] {local_task_job_runner.py:222} INFO - ::endgroup::
