[2026-07-22T13:52:21.501+0000] {local_task_job_runner.py:120} INFO - ::group::Pre task execution logs
[2026-07-22T13:52:21.547+0000] {taskinstance.py:2076} INFO - Dependencies all met for dep_context=non-requeueable deps ti=<TaskInstance: youtube_english_video_pipeline.upload_long_video manual__2026-07-22T13:49:42.054805+00:00 [queued]>
[2026-07-22T13:52:21.557+0000] {taskinstance.py:2076} INFO - Dependencies all met for dep_context=requeueable deps ti=<TaskInstance: youtube_english_video_pipeline.upload_long_video manual__2026-07-22T13:49:42.054805+00:00 [queued]>
[2026-07-22T13:52:21.558+0000] {taskinstance.py:2306} INFO - Starting attempt 1 of 3
[2026-07-22T13:52:21.573+0000] {taskinstance.py:2330} INFO - Executing <Task(PythonOperator): upload_long_video> on 2026-07-22 13:49:42.054805+00:00
[2026-07-22T13:52:21.580+0000] {standard_task_runner.py:64} INFO - Started process 3662 to run task
[2026-07-22T13:52:21.583+0000] {standard_task_runner.py:90} INFO - Running: ['airflow', 'tasks', 'run', 'youtube_english_video_pipeline', 'upload_long_video', 'manual__2026-07-22T13:49:42.054805+00:00', '--job-id', '56', '--raw', '--subdir', 'DAGS_FOLDER/youtube_pipeline.py', '--cfg-path', '/tmp/tmpgcm6o43s']
[2026-07-22T13:52:21.586+0000] {standard_task_runner.py:91} INFO - Job 56: Subtask upload_long_video
[2026-07-22T13:52:21.675+0000] {task_command.py:426} INFO - Running <TaskInstance: youtube_english_video_pipeline.upload_long_video manual__2026-07-22T13:49:42.054805+00:00 [running]> on host 78117f1d7858
[2026-07-22T13:52:22.020+0000] {taskinstance.py:2648} INFO - Exporting env vars: AIRFLOW_CTX_DAG_OWNER='taky' AIRFLOW_CTX_DAG_ID='youtube_english_video_pipeline' AIRFLOW_CTX_TASK_ID='upload_long_video' AIRFLOW_CTX_EXECUTION_DATE='2026-07-22T13:49:42.054805+00:00' AIRFLOW_CTX_TRY_NUMBER='1' AIRFLOW_CTX_DAG_RUN_ID='manual__2026-07-22T13:49:42.054805+00:00'
[2026-07-22T13:52:22.021+0000] {taskinstance.py:430} INFO - ::endgroup::
[2026-07-22T13:52:22.387+0000] {__init__.py:49} INFO - file_cache is only supported with oauth2client<4.0.0
[2026-07-22T13:52:22.397+0000] {logging_mixin.py:188} INFO - 2026-07-22 13:52:22,396 | INFO     | uploader.youtube_uploader | Uploading video '20 Essential English Expressions for Daily Conversations' (/opt/airflow/output/videos/long_32.mp4) to YouTube...
[2026-07-22T13:52:25.618+0000] {logging_mixin.py:188} INFO - 2026-07-22 13:52:25,618 | INFO     | uploader.youtube_uploader | Upload complete. YouTube video id = 98TShIeL0Sk
[2026-07-22T13:52:29.510+0000] {logging_mixin.py:188} INFO - 2026-07-22 13:52:29,510 | INFO     | uploader.youtube_uploader | Custom thumbnail uploaded.
[2026-07-22T13:52:29.539+0000] {python.py:237} INFO - Done. Returned value was: 98TShIeL0Sk
[2026-07-22T13:52:29.540+0000] {taskinstance.py:441} INFO - ::group::Post task execution logs
[2026-07-22T13:52:29.574+0000] {taskinstance.py:1206} INFO - Marking task as SUCCESS. dag_id=youtube_english_video_pipeline, task_id=upload_long_video, run_id=manual__2026-07-22T13:49:42.054805+00:00, execution_date=20260722T134942, start_date=20260722T135221, end_date=20260722T135229
[2026-07-22T13:52:29.634+0000] {local_task_job_runner.py:243} INFO - Task exited with return code 0
[2026-07-22T13:52:29.651+0000] {taskinstance.py:3503} INFO - 0 downstream tasks scheduled from follow-on schedule check
[2026-07-22T13:52:29.656+0000] {local_task_job_runner.py:222} INFO - ::endgroup::
