[2026-07-27T12:05:57.326+0000] {local_task_job_runner.py:120} INFO - ::group::Pre task execution logs
[2026-07-27T12:05:57.352+0000] {taskinstance.py:2076} INFO - Dependencies all met for dep_context=non-requeueable deps ti=<TaskInstance: youtube_english_video_pipeline.upload_long_video_2 scheduled__2026-07-26T12:00:00+00:00 [queued]>
[2026-07-27T12:05:57.358+0000] {taskinstance.py:2076} INFO - Dependencies all met for dep_context=requeueable deps ti=<TaskInstance: youtube_english_video_pipeline.upload_long_video_2 scheduled__2026-07-26T12:00:00+00:00 [queued]>
[2026-07-27T12:05:57.359+0000] {taskinstance.py:2306} INFO - Starting attempt 1 of 3
[2026-07-27T12:05:57.367+0000] {taskinstance.py:2330} INFO - Executing <Task(PythonOperator): upload_long_video_2> on 2026-07-26 12:00:00+00:00
[2026-07-27T12:05:57.372+0000] {standard_task_runner.py:64} INFO - Started process 98522 to run task
[2026-07-27T12:05:57.374+0000] {standard_task_runner.py:90} INFO - Running: ['airflow', 'tasks', 'run', 'youtube_english_video_pipeline', 'upload_long_video_2', 'scheduled__2026-07-26T12:00:00+00:00', '--job-id', '473', '--raw', '--subdir', 'DAGS_FOLDER/youtube_pipeline.py', '--cfg-path', '/tmp/tmp8fmi8bx9']
[2026-07-27T12:05:57.377+0000] {standard_task_runner.py:91} INFO - Job 473: Subtask upload_long_video_2
[2026-07-27T12:05:57.447+0000] {task_command.py:426} INFO - Running <TaskInstance: youtube_english_video_pipeline.upload_long_video_2 scheduled__2026-07-26T12:00:00+00:00 [running]> on host cc859d74cf38
[2026-07-27T12:05:57.617+0000] {taskinstance.py:2648} INFO - Exporting env vars: AIRFLOW_CTX_DAG_OWNER='taky' AIRFLOW_CTX_DAG_ID='youtube_english_video_pipeline' AIRFLOW_CTX_TASK_ID='upload_long_video_2' AIRFLOW_CTX_EXECUTION_DATE='2026-07-26T12:00:00+00:00' AIRFLOW_CTX_TRY_NUMBER='1' AIRFLOW_CTX_DAG_RUN_ID='scheduled__2026-07-26T12:00:00+00:00'
[2026-07-27T12:05:57.618+0000] {taskinstance.py:430} INFO - ::endgroup::
[2026-07-27T12:05:58.008+0000] {__init__.py:49} INFO - file_cache is only supported with oauth2client<4.0.0
[2026-07-27T12:05:58.022+0000] {logging_mixin.py:188} INFO - 2026-07-27 12:05:58,022 | INFO     | uploader.youtube_uploader | Uploading video '20 Daily English Expressions | Mixed English Expressions' (/opt/airflow/output/videos/long_973.mp4) to YouTube...
[2026-07-27T12:06:07.950+0000] {logging_mixin.py:188} INFO - 2026-07-27 12:06:07,950 | INFO     | uploader.youtube_uploader | Upload complete. YouTube video id = w1mOAH_RQYU
[2026-07-27T12:06:11.796+0000] {logging_mixin.py:188} INFO - 2026-07-27 12:06:11,795 | INFO     | uploader.youtube_uploader | Custom thumbnail uploaded.
[2026-07-27T12:06:11.816+0000] {python.py:237} INFO - Done. Returned value was: w1mOAH_RQYU
[2026-07-27T12:06:11.817+0000] {taskinstance.py:441} INFO - ::group::Post task execution logs
[2026-07-27T12:06:11.851+0000] {taskinstance.py:1206} INFO - Marking task as SUCCESS. dag_id=youtube_english_video_pipeline, task_id=upload_long_video_2, run_id=scheduled__2026-07-26T12:00:00+00:00, execution_date=20260726T120000, start_date=20260727T120557, end_date=20260727T120611
[2026-07-27T12:06:11.893+0000] {local_task_job_runner.py:243} INFO - Task exited with return code 0
[2026-07-27T12:06:12.019+0000] {taskinstance.py:3503} INFO - 1 downstream tasks scheduled from follow-on schedule check
[2026-07-27T12:06:12.024+0000] {local_task_job_runner.py:222} INFO - ::endgroup::
