[2026-08-23T00:50:56.436+0000] {local_task_job_runner.py:120} INFO - ::group::Pre task execution logs
[2026-08-23T00:50:56.518+0000] {taskinstance.py:2076} INFO - Dependencies all met for dep_context=non-requeueable deps ti=<TaskInstance: youtube_english_video_pipeline.upload_long_video_2 scheduled__2026-08-21T12:00:00+00:00 [queued]>
[2026-08-23T00:50:56.530+0000] {taskinstance.py:2076} INFO - Dependencies all met for dep_context=requeueable deps ti=<TaskInstance: youtube_english_video_pipeline.upload_long_video_2 scheduled__2026-08-21T12:00:00+00:00 [queued]>
[2026-08-23T00:50:56.532+0000] {taskinstance.py:2306} INFO - Starting attempt 1 of 3
[2026-08-23T00:50:56.553+0000] {taskinstance.py:2330} INFO - Executing <Task(PythonOperator): upload_long_video_2> on 2026-08-21 12:00:00+00:00
[2026-08-23T00:50:56.559+0000] {standard_task_runner.py:64} INFO - Started process 95320 to run task
[2026-08-23T00:50:56.564+0000] {standard_task_runner.py:90} INFO - Running: ['airflow', 'tasks', 'run', 'youtube_english_video_pipeline', 'upload_long_video_2', 'scheduled__2026-08-21T12:00:00+00:00', '--job-id', '909', '--raw', '--subdir', 'DAGS_FOLDER/youtube_pipeline.py', '--cfg-path', '/tmp/tmpmykf3pbs']
[2026-08-23T00:50:56.568+0000] {standard_task_runner.py:91} INFO - Job 909: Subtask upload_long_video_2
[2026-08-23T00:50:56.675+0000] {task_command.py:426} INFO - Running <TaskInstance: youtube_english_video_pipeline.upload_long_video_2 scheduled__2026-08-21T12:00:00+00:00 [running]> on host cc859d74cf38
[2026-08-23T00:50:57.047+0000] {taskinstance.py:2648} INFO - Exporting env vars: AIRFLOW_CTX_DAG_OWNER='taky' AIRFLOW_CTX_DAG_ID='youtube_english_video_pipeline' AIRFLOW_CTX_TASK_ID='upload_long_video_2' AIRFLOW_CTX_EXECUTION_DATE='2026-08-21T12:00:00+00:00' AIRFLOW_CTX_TRY_NUMBER='1' AIRFLOW_CTX_DAG_RUN_ID='scheduled__2026-08-21T12:00:00+00:00'
[2026-08-23T00:50:57.053+0000] {taskinstance.py:430} INFO - ::endgroup::
[2026-08-23T00:50:57.973+0000] {__init__.py:49} INFO - file_cache is only supported with oauth2client<4.0.0
[2026-08-23T00:50:57.996+0000] {logging_mixin.py:188} INFO - 2026-08-23 00:50:57,996 | INFO     | uploader.youtube_uploader | Uploading video '20 Daily English Expressions | Mixed English Expressions' (/opt/airflow/output/videos/long_2379.mp4) to YouTube...
[2026-08-23T00:51:04.674+0000] {logging_mixin.py:188} INFO - 2026-08-23 00:51:04,673 | INFO     | uploader.youtube_uploader | Upload complete. YouTube video id = izzM-UjVuH4
[2026-08-23T00:51:08.830+0000] {logging_mixin.py:188} INFO - 2026-08-23 00:51:08,829 | INFO     | uploader.youtube_uploader | Custom thumbnail uploaded.
[2026-08-23T00:51:08.865+0000] {python.py:237} INFO - Done. Returned value was: izzM-UjVuH4
[2026-08-23T00:51:08.869+0000] {taskinstance.py:441} INFO - ::group::Post task execution logs
[2026-08-23T00:51:08.911+0000] {taskinstance.py:1206} INFO - Marking task as SUCCESS. dag_id=youtube_english_video_pipeline, task_id=upload_long_video_2, run_id=scheduled__2026-08-21T12:00:00+00:00, execution_date=20260821T120000, start_date=20260823T005056, end_date=20260823T005108
[2026-08-23T00:51:08.980+0000] {local_task_job_runner.py:243} INFO - Task exited with return code 0
[2026-08-23T00:51:09.191+0000] {taskinstance.py:3503} INFO - 1 downstream tasks scheduled from follow-on schedule check
[2026-08-23T00:51:09.197+0000] {local_task_job_runner.py:222} INFO - ::endgroup::
