[2026-08-11T13:38:17.158+0000] {local_task_job_runner.py:120} INFO - ::group::Pre task execution logs
[2026-08-11T13:38:17.187+0000] {taskinstance.py:2076} INFO - Dependencies all met for dep_context=non-requeueable deps ti=<TaskInstance: youtube_english_video_pipeline.build_short_video_2 scheduled__2026-08-10T12:00:00+00:00 [queued]>
[2026-08-11T13:38:17.194+0000] {taskinstance.py:2076} INFO - Dependencies all met for dep_context=requeueable deps ti=<TaskInstance: youtube_english_video_pipeline.build_short_video_2 scheduled__2026-08-10T12:00:00+00:00 [queued]>
[2026-08-11T13:38:17.195+0000] {taskinstance.py:2306} INFO - Starting attempt 1 of 3
[2026-08-11T13:38:17.206+0000] {taskinstance.py:2330} INFO - Executing <Task(PythonOperator): build_short_video_2> on 2026-08-10 12:00:00+00:00
[2026-08-11T13:38:17.210+0000] {standard_task_runner.py:64} INFO - Started process 18133 to run task
[2026-08-11T13:38:17.212+0000] {standard_task_runner.py:90} INFO - Running: ['airflow', 'tasks', 'run', 'youtube_english_video_pipeline', 'build_short_video_2', 'scheduled__2026-08-10T12:00:00+00:00', '--job-id', '690', '--raw', '--subdir', 'DAGS_FOLDER/youtube_pipeline.py', '--cfg-path', '/tmp/tmp30olnvnr']
[2026-08-11T13:38:17.214+0000] {standard_task_runner.py:91} INFO - Job 690: Subtask build_short_video_2
[2026-08-11T13:38:17.280+0000] {task_command.py:426} INFO - Running <TaskInstance: youtube_english_video_pipeline.build_short_video_2 scheduled__2026-08-10T12:00:00+00:00 [running]> on host cc859d74cf38
[2026-08-11T13:38:17.465+0000] {taskinstance.py:2648} INFO - Exporting env vars: AIRFLOW_CTX_DAG_OWNER='taky' AIRFLOW_CTX_DAG_ID='youtube_english_video_pipeline' AIRFLOW_CTX_TASK_ID='build_short_video_2' AIRFLOW_CTX_EXECUTION_DATE='2026-08-10T12:00:00+00:00' AIRFLOW_CTX_TRY_NUMBER='1' AIRFLOW_CTX_DAG_RUN_ID='scheduled__2026-08-10T12:00:00+00:00'
[2026-08-11T13:38:17.467+0000] {taskinstance.py:430} INFO - ::endgroup::
[2026-08-11T13:38:18.538+0000] {logging_mixin.py:188} INFO - 2026-08-11 13:38:18,538 | INFO     | planner.video_planner | Planned SHORT video: topic='Airport English', phrases=1
[2026-08-11T13:38:19.159+0000] {logging_mixin.py:188} INFO - 2026-08-11 13:38:19,159 | INFO     | tts.edge_tts | Synthesized audio -> /opt/airflow/output/audio/phrase_1608.mp3
[2026-08-11T13:38:19.707+0000] {logging_mixin.py:188} INFO - 2026-08-11 13:38:19,707 | INFO     | tts.edge_tts | Synthesized audio -> /opt/airflow/output/audio/example_1608.mp3
[2026-08-11T13:38:20.062+0000] {logging_mixin.py:188} INFO - 2026-08-11 13:38:20,061 | INFO     | media.image_downloader | Downloaded background image for scene='airport' -> /opt/airflow/output/images/short_1608.jpg
[2026-08-11T13:38:23.514+0000] {logging_mixin.py:188} INFO - 2026-08-11 13:38:23,513 | WARNING  | video.video_builder | BGM file not found at /opt/airflow/assets/bgm/short_bgm.mp3, rendering without background music
[2026-08-11T13:38:25.949+0000] {logging_mixin.py:188} INFO - 2026-08-11 13:38:25,949 | INFO     | video.video_builder | Final video rendered -> /opt/airflow/output/videos/short_1608.mp4
[2026-08-11T13:38:34.216+0000] {python.py:237} INFO - Done. Returned value was: {'video_id': 194, 'file_path': '/opt/airflow/output/videos/short_1608.mp4', 'title': 'Ask for Boarding Time in English! ✈️ Airport English Lesson #Shorts', 'description': 'Traveling soon? Learn how to ask about your flight\'s boarding time in English! ✈️\n\nIn this short lesson from Taky\'s Language School, practice this essential airport phrase:\n👉 "Excuse me, what\'s the boarding time for flight 402?"\n\nMaster practical spoken English for travel, airports, and real-life conversations.\n\nSubscribe to Taky\'s Language School for daily quick English tips! 💡\n\n#AirportEnglish #LearnEnglish #EnglishShorts #SpokenEnglish #TravelEnglish', 'tags': ['Airport English', 'Learn English', 'Spoken English', "Taky's Language School", 'English for Travel', 'Travel English', 'Boarding Time English', 'English Phrases', 'English Speaking Practice', 'YouTube Shorts'], 'video_type': 'short'}
[2026-08-11T13:38:34.217+0000] {taskinstance.py:441} INFO - ::group::Post task execution logs
[2026-08-11T13:38:34.242+0000] {taskinstance.py:1206} INFO - Marking task as SUCCESS. dag_id=youtube_english_video_pipeline, task_id=build_short_video_2, run_id=scheduled__2026-08-10T12:00:00+00:00, execution_date=20260810T120000, start_date=20260811T133817, end_date=20260811T133834
[2026-08-11T13:38:34.307+0000] {local_task_job_runner.py:243} INFO - Task exited with return code 0
[2026-08-11T13:38:34.472+0000] {taskinstance.py:3503} INFO - 1 downstream tasks scheduled from follow-on schedule check
[2026-08-11T13:38:34.476+0000] {local_task_job_runner.py:222} INFO - ::endgroup::
