[2026-09-20T12:13:05.542+0000] {local_task_job_runner.py:120} INFO - ::group::Pre task execution logs
[2026-09-20T12:13:05.566+0000] {taskinstance.py:2076} INFO - Dependencies all met for dep_context=non-requeueable deps ti=<TaskInstance: youtube_english_video_pipeline.build_long_video_6 scheduled__2026-09-19T12:00:00+00:00 [queued]>
[2026-09-20T12:13:05.572+0000] {taskinstance.py:2076} INFO - Dependencies all met for dep_context=requeueable deps ti=<TaskInstance: youtube_english_video_pipeline.build_long_video_6 scheduled__2026-09-19T12:00:00+00:00 [queued]>
[2026-09-20T12:13:05.572+0000] {taskinstance.py:2306} INFO - Starting attempt 1 of 3
[2026-09-20T12:13:05.581+0000] {taskinstance.py:2330} INFO - Executing <Task(PythonOperator): build_long_video_6> on 2026-09-19 12:00:00+00:00
[2026-09-20T12:13:05.584+0000] {standard_task_runner.py:64} INFO - Started process 82383 to run task
[2026-09-20T12:13:05.586+0000] {standard_task_runner.py:90} INFO - Running: ['airflow', 'tasks', 'run', 'youtube_english_video_pipeline', 'build_long_video_6', 'scheduled__2026-09-19T12:00:00+00:00', '--job-id', '1390', '--raw', '--subdir', 'DAGS_FOLDER/youtube_pipeline.py', '--cfg-path', '/tmp/tmp6cavat9c']
[2026-09-20T12:13:05.588+0000] {standard_task_runner.py:91} INFO - Job 1390: Subtask build_long_video_6
[2026-09-20T12:13:05.624+0000] {task_command.py:426} INFO - Running <TaskInstance: youtube_english_video_pipeline.build_long_video_6 scheduled__2026-09-19T12:00:00+00:00 [running]> on host 73b18333cdfe
[2026-09-20T12:13:05.769+0000] {taskinstance.py:2648} INFO - Exporting env vars: AIRFLOW_CTX_DAG_OWNER='taky' AIRFLOW_CTX_DAG_ID='youtube_english_video_pipeline' AIRFLOW_CTX_TASK_ID='build_long_video_6' AIRFLOW_CTX_EXECUTION_DATE='2026-09-19T12:00:00+00:00' AIRFLOW_CTX_TRY_NUMBER='1' AIRFLOW_CTX_DAG_RUN_ID='scheduled__2026-09-19T12:00:00+00:00'
[2026-09-20T12:13:05.771+0000] {taskinstance.py:430} INFO - ::endgroup::
[2026-09-20T12:13:06.136+0000] {logging_mixin.py:188} INFO - 2026-09-20 12:13:06,136 | INFO     | planner.video_planner | Planned LONG video: topic='Travel English', phrases=20
[2026-09-20T12:13:06.371+0000] {logging_mixin.py:188} INFO - 2026-09-20 12:13:06,371 | INFO     | tts.edge_tts | Synthesized audio -> /opt/airflow/output/audio/phrase_3357.mp3
[2026-09-20T12:13:06.843+0000] {logging_mixin.py:188} INFO - 2026-09-20 12:13:06,843 | INFO     | tts.edge_tts | Synthesized audio -> /opt/airflow/output/audio/example_3357.mp3
[2026-09-20T12:13:07.295+0000] {logging_mixin.py:188} INFO - 2026-09-20 12:13:07,295 | INFO     | media.image_downloader | Downloaded background image for scene='hotel' -> /opt/airflow/output/images/long_3357.jpg
[2026-09-20T12:13:11.197+0000] {logging_mixin.py:188} INFO - 2026-09-20 12:13:11,197 | INFO     | tts.edge_tts | Synthesized audio -> /opt/airflow/output/audio/phrase_3455.mp3
[2026-09-20T12:13:11.436+0000] {logging_mixin.py:188} INFO - 2026-09-20 12:13:11,436 | INFO     | tts.edge_tts | Synthesized audio -> /opt/airflow/output/audio/example_3455.mp3
[2026-09-20T12:13:11.910+0000] {logging_mixin.py:188} INFO - 2026-09-20 12:13:11,910 | INFO     | media.image_downloader | Downloaded background image for scene='city' -> /opt/airflow/output/images/long_3455.jpg
[2026-09-20T12:13:16.088+0000] {logging_mixin.py:188} INFO - 2026-09-20 12:13:16,088 | INFO     | tts.edge_tts | Synthesized audio -> /opt/airflow/output/audio/phrase_3459.mp3
[2026-09-20T12:13:16.358+0000] {logging_mixin.py:188} INFO - 2026-09-20 12:13:16,358 | INFO     | tts.edge_tts | Synthesized audio -> /opt/airflow/output/audio/example_3459.mp3
[2026-09-20T12:13:16.895+0000] {logging_mixin.py:188} INFO - 2026-09-20 12:13:16,895 | INFO     | media.image_downloader | Downloaded background image for scene='hotel' -> /opt/airflow/output/images/long_3459.jpg
[2026-09-20T12:13:20.421+0000] {logging_mixin.py:188} INFO - 2026-09-20 12:13:20,421 | INFO     | tts.edge_tts | Synthesized audio -> /opt/airflow/output/audio/phrase_3462.mp3
[2026-09-20T12:13:20.690+0000] {logging_mixin.py:188} INFO - 2026-09-20 12:13:20,690 | INFO     | tts.edge_tts | Synthesized audio -> /opt/airflow/output/audio/example_3462.mp3
[2026-09-20T12:13:21.299+0000] {logging_mixin.py:188} INFO - 2026-09-20 12:13:21,299 | INFO     | media.image_downloader | Downloaded background image for scene='airport' -> /opt/airflow/output/images/long_3462.jpg
[2026-09-20T12:13:25.001+0000] {logging_mixin.py:188} INFO - 2026-09-20 12:13:25,000 | INFO     | tts.edge_tts | Synthesized audio -> /opt/airflow/output/audio/phrase_3465.mp3
[2026-09-20T12:13:25.350+0000] {logging_mixin.py:188} INFO - 2026-09-20 12:13:25,350 | INFO     | tts.edge_tts | Synthesized audio -> /opt/airflow/output/audio/example_3465.mp3
[2026-09-20T12:13:25.924+0000] {logging_mixin.py:188} INFO - 2026-09-20 12:13:25,924 | INFO     | media.image_downloader | Downloaded background image for scene='city' -> /opt/airflow/output/images/long_3465.jpg
[2026-09-20T12:13:30.091+0000] {logging_mixin.py:188} INFO - 2026-09-20 12:13:30,091 | INFO     | tts.edge_tts | Synthesized audio -> /opt/airflow/output/audio/phrase_3472.mp3
[2026-09-20T12:13:30.304+0000] {logging_mixin.py:188} INFO - 2026-09-20 12:13:30,303 | INFO     | tts.edge_tts | Synthesized audio -> /opt/airflow/output/audio/example_3472.mp3
[2026-09-20T12:13:30.810+0000] {logging_mixin.py:188} INFO - 2026-09-20 12:13:30,810 | INFO     | media.image_downloader | Downloaded background image for scene='bus' -> /opt/airflow/output/images/long_3472.jpg
[2026-09-20T12:13:34.130+0000] {logging_mixin.py:188} INFO - 2026-09-20 12:13:34,130 | INFO     | tts.edge_tts | Synthesized audio -> /opt/airflow/output/audio/phrase_3479.mp3
[2026-09-20T12:13:34.454+0000] {logging_mixin.py:188} INFO - 2026-09-20 12:13:34,454 | INFO     | tts.edge_tts | Synthesized audio -> /opt/airflow/output/audio/example_3479.mp3
[2026-09-20T12:13:35.251+0000] {logging_mixin.py:188} INFO - 2026-09-20 12:13:35,251 | INFO     | media.image_downloader | Downloaded background image for scene='street' -> /opt/airflow/output/images/long_3479.jpg
[2026-09-20T12:13:39.651+0000] {logging_mixin.py:188} INFO - 2026-09-20 12:13:39,651 | INFO     | tts.edge_tts | Synthesized audio -> /opt/airflow/output/audio/phrase_3482.mp3
[2026-09-20T12:13:40.066+0000] {logging_mixin.py:188} INFO - 2026-09-20 12:13:40,066 | INFO     | tts.edge_tts | Synthesized audio -> /opt/airflow/output/audio/example_3482.mp3
[2026-09-20T12:13:40.806+0000] {logging_mixin.py:188} INFO - 2026-09-20 12:13:40,806 | INFO     | media.image_downloader | Downloaded background image for scene='hotel' -> /opt/airflow/output/images/long_3482.jpg
[2026-09-20T12:13:44.156+0000] {logging_mixin.py:188} INFO - 2026-09-20 12:13:44,156 | INFO     | tts.edge_tts | Synthesized audio -> /opt/airflow/output/audio/phrase_3483.mp3
[2026-09-20T12:13:44.524+0000] {logging_mixin.py:188} INFO - 2026-09-20 12:13:44,524 | INFO     | tts.edge_tts | Synthesized audio -> /opt/airflow/output/audio/example_3483.mp3
[2026-09-20T12:13:44.953+0000] {logging_mixin.py:188} INFO - 2026-09-20 12:13:44,953 | INFO     | media.image_downloader | Downloaded background image for scene='hotel' -> /opt/airflow/output/images/long_3483.jpg
[2026-09-20T12:13:48.713+0000] {logging_mixin.py:188} INFO - 2026-09-20 12:13:48,713 | INFO     | tts.edge_tts | Synthesized audio -> /opt/airflow/output/audio/phrase_3488.mp3
[2026-09-20T12:13:49.241+0000] {logging_mixin.py:188} INFO - 2026-09-20 12:13:49,241 | INFO     | tts.edge_tts | Synthesized audio -> /opt/airflow/output/audio/example_3488.mp3
[2026-09-20T12:13:49.751+0000] {logging_mixin.py:188} INFO - 2026-09-20 12:13:49,751 | INFO     | media.image_downloader | Downloaded background image for scene='airport' -> /opt/airflow/output/images/long_3488.jpg
[2026-09-20T12:13:53.041+0000] {logging_mixin.py:188} INFO - 2026-09-20 12:13:53,041 | INFO     | tts.edge_tts | Synthesized audio -> /opt/airflow/output/audio/phrase_3489.mp3
[2026-09-20T12:13:53.226+0000] {logging_mixin.py:188} INFO - 2026-09-20 12:13:53,226 | INFO     | tts.edge_tts | Synthesized audio -> /opt/airflow/output/audio/example_3489.mp3
[2026-09-20T12:13:53.640+0000] {logging_mixin.py:188} INFO - 2026-09-20 12:13:53,640 | INFO     | media.image_downloader | Downloaded background image for scene='bus stop' -> /opt/airflow/output/images/long_3489.jpg
[2026-09-20T12:13:57.114+0000] {logging_mixin.py:188} INFO - 2026-09-20 12:13:57,114 | INFO     | tts.edge_tts | Synthesized audio -> /opt/airflow/output/audio/phrase_3492.mp3
[2026-09-20T12:13:57.495+0000] {logging_mixin.py:188} INFO - 2026-09-20 12:13:57,495 | INFO     | tts.edge_tts | Synthesized audio -> /opt/airflow/output/audio/example_3492.mp3
[2026-09-20T12:13:58.299+0000] {logging_mixin.py:188} INFO - 2026-09-20 12:13:58,299 | INFO     | media.image_downloader | Downloaded background image for scene='street' -> /opt/airflow/output/images/long_3492.jpg
[2026-09-20T12:14:01.949+0000] {logging_mixin.py:188} INFO - 2026-09-20 12:14:01,949 | INFO     | tts.edge_tts | Synthesized audio -> /opt/airflow/output/audio/phrase_3500.mp3
[2026-09-20T12:14:02.275+0000] {logging_mixin.py:188} INFO - 2026-09-20 12:14:02,275 | INFO     | tts.edge_tts | Synthesized audio -> /opt/airflow/output/audio/example_3500.mp3
[2026-09-20T12:14:02.906+0000] {logging_mixin.py:188} INFO - 2026-09-20 12:14:02,906 | INFO     | media.image_downloader | Downloaded background image for scene='navigation' -> /opt/airflow/output/images/long_3500.jpg
[2026-09-20T12:14:06.165+0000] {logging_mixin.py:188} INFO - 2026-09-20 12:14:06,165 | INFO     | tts.edge_tts | Synthesized audio -> /opt/airflow/output/audio/phrase_3505.mp3
[2026-09-20T12:14:06.487+0000] {logging_mixin.py:188} INFO - 2026-09-20 12:14:06,487 | INFO     | tts.edge_tts | Synthesized audio -> /opt/airflow/output/audio/example_3505.mp3
[2026-09-20T12:14:07.159+0000] {logging_mixin.py:188} INFO - 2026-09-20 12:14:07,159 | INFO     | media.image_downloader | Downloaded background image for scene='hotel' -> /opt/airflow/output/images/long_3505.jpg
[2026-09-20T12:14:10.213+0000] {logging_mixin.py:188} INFO - 2026-09-20 12:14:10,213 | INFO     | tts.edge_tts | Synthesized audio -> /opt/airflow/output/audio/phrase_3511.mp3
[2026-09-20T12:14:10.393+0000] {logging_mixin.py:188} INFO - 2026-09-20 12:14:10,393 | INFO     | tts.edge_tts | Synthesized audio -> /opt/airflow/output/audio/example_3511.mp3
[2026-09-20T12:14:11.021+0000] {logging_mixin.py:188} INFO - 2026-09-20 12:14:11,021 | INFO     | media.image_downloader | Downloaded background image for scene='bus' -> /opt/airflow/output/images/long_3511.jpg
[2026-09-20T12:14:14.325+0000] {logging_mixin.py:188} INFO - 2026-09-20 12:14:14,325 | INFO     | tts.edge_tts | Synthesized audio -> /opt/airflow/output/audio/phrase_3512.mp3
[2026-09-20T12:14:14.640+0000] {logging_mixin.py:188} INFO - 2026-09-20 12:14:14,640 | INFO     | tts.edge_tts | Synthesized audio -> /opt/airflow/output/audio/example_3512.mp3
[2026-09-20T12:14:15.299+0000] {logging_mixin.py:188} INFO - 2026-09-20 12:14:15,299 | INFO     | media.image_downloader | Downloaded background image for scene='street' -> /opt/airflow/output/images/long_3512.jpg
[2026-09-20T12:14:18.619+0000] {logging_mixin.py:188} INFO - 2026-09-20 12:14:18,619 | INFO     | tts.edge_tts | Synthesized audio -> /opt/airflow/output/audio/phrase_3520.mp3
[2026-09-20T12:14:18.969+0000] {logging_mixin.py:188} INFO - 2026-09-20 12:14:18,969 | INFO     | tts.edge_tts | Synthesized audio -> /opt/airflow/output/audio/example_3520.mp3
[2026-09-20T12:14:19.398+0000] {logging_mixin.py:188} INFO - 2026-09-20 12:14:19,398 | INFO     | media.image_downloader | Downloaded background image for scene='taxi' -> /opt/airflow/output/images/long_3520.jpg
[2026-09-20T12:14:23.045+0000] {logging_mixin.py:188} INFO - 2026-09-20 12:14:23,045 | INFO     | tts.edge_tts | Synthesized audio -> /opt/airflow/output/audio/phrase_3521.mp3
[2026-09-20T12:14:23.418+0000] {logging_mixin.py:188} INFO - 2026-09-20 12:14:23,418 | INFO     | tts.edge_tts | Synthesized audio -> /opt/airflow/output/audio/example_3521.mp3
[2026-09-20T12:14:23.880+0000] {logging_mixin.py:188} INFO - 2026-09-20 12:14:23,879 | INFO     | media.image_downloader | Downloaded background image for scene='hotel' -> /opt/airflow/output/images/long_3521.jpg
[2026-09-20T12:14:27.831+0000] {logging_mixin.py:188} INFO - 2026-09-20 12:14:27,831 | INFO     | tts.edge_tts | Synthesized audio -> /opt/airflow/output/audio/phrase_3524.mp3
[2026-09-20T12:14:28.052+0000] {logging_mixin.py:188} INFO - 2026-09-20 12:14:28,052 | INFO     | tts.edge_tts | Synthesized audio -> /opt/airflow/output/audio/example_3524.mp3
[2026-09-20T12:14:28.723+0000] {logging_mixin.py:188} INFO - 2026-09-20 12:14:28,723 | INFO     | media.image_downloader | Downloaded background image for scene='street' -> /opt/airflow/output/images/long_3524.jpg
[2026-09-20T12:14:32.431+0000] {logging_mixin.py:188} INFO - 2026-09-20 12:14:32,431 | INFO     | tts.edge_tts | Synthesized audio -> /opt/airflow/output/audio/phrase_3529.mp3
[2026-09-20T12:14:32.771+0000] {logging_mixin.py:188} INFO - 2026-09-20 12:14:32,771 | INFO     | tts.edge_tts | Synthesized audio -> /opt/airflow/output/audio/example_3529.mp3
[2026-09-20T12:14:33.178+0000] {logging_mixin.py:188} INFO - 2026-09-20 12:14:33,178 | INFO     | media.image_downloader | Downloaded background image for scene='map' -> /opt/airflow/output/images/long_3529.jpg
[2026-09-20T12:14:36.836+0000] {logging_mixin.py:188} INFO - 2026-09-20 12:14:36,836 | WARNING  | video.video_builder | BGM file not found at /opt/airflow/assets/bgm/long_bgm.mp3, rendering without background music
[2026-09-20T12:15:04.946+0000] {logging_mixin.py:188} INFO - 2026-09-20 12:15:04,945 | INFO     | video.video_builder | Final video rendered -> /opt/airflow/output/videos/long_3357.mp4
[2026-09-20T12:15:11.017+0000] {logging_mixin.py:188} INFO - 2026-09-20 12:15:11,017 | INFO     | media.thumbnail_builder | Built thumbnail -> /opt/airflow/output/thumbnails/long_3357.jpg
[2026-09-20T12:15:11.131+0000] {python.py:237} INFO - Done. Returned value was: {'video_id': 425, 'file_path': '/opt/airflow/output/videos/long_3357.mp4', 'thumbnail_path': '/opt/airflow/output/thumbnails/long_3357.jpg', 'title': "Travel English: 20 Essential Phrases for Your Next Trip | Taky's Language School", 'description': "Planning a trip abroad? Master the most important Travel English phrases to navigate airports, hotels, and public transportation with confidence! In this lesson from Taky's Language School, we cover 20 practical expressions used by native speakers. From checking in at a hotel and asking for Wi-Fi passwords to finding your way around the city, these real-life examples will help you speak English fluently on your travels. Whether you are a beginner or looking to brush up on your communication skills, this video provides the tools you need to travel stress-free. Don't forget to practice these phrases aloud! Subscribe to Taky's Language School for more English lessons to help you speak like a local.", 'tags': ['Travel English', 'English for travelers', 'Learn English', 'Speak English', 'English speaking practice', 'English phrases', "Taky's Language School", 'English for beginners', 'Travel tips', 'English conversation'], 'video_type': 'long'}
[2026-09-20T12:15:11.131+0000] {taskinstance.py:441} INFO - ::group::Post task execution logs
[2026-09-20T12:15:11.147+0000] {taskinstance.py:1206} INFO - Marking task as SUCCESS. dag_id=youtube_english_video_pipeline, task_id=build_long_video_6, run_id=scheduled__2026-09-19T12:00:00+00:00, execution_date=20260919T120000, start_date=20260920T121305, end_date=20260920T121511
[2026-09-20T12:15:11.179+0000] {local_task_job_runner.py:243} INFO - Task exited with return code 0
[2026-09-20T12:15:11.298+0000] {taskinstance.py:3503} INFO - 1 downstream tasks scheduled from follow-on schedule check
[2026-09-20T12:15:11.302+0000] {local_task_job_runner.py:222} INFO - ::endgroup::
