[2026-07-25T12:28:54.693+0000] {local_task_job_runner.py:120} INFO - ::group::Pre task execution logs
[2026-07-25T12:28:54.725+0000] {taskinstance.py:2076} INFO - Dependencies all met for dep_context=non-requeueable deps ti=<TaskInstance: youtube_english_video_pipeline.upload_long_video_2 manual__2026-07-25T12:21:18.111929+00:00 [queued]>
[2026-07-25T12:28:54.733+0000] {taskinstance.py:2076} INFO - Dependencies all met for dep_context=requeueable deps ti=<TaskInstance: youtube_english_video_pipeline.upload_long_video_2 manual__2026-07-25T12:21:18.111929+00:00 [queued]>
[2026-07-25T12:28:54.735+0000] {taskinstance.py:2306} INFO - Starting attempt 1 of 3
[2026-07-25T12:28:54.749+0000] {taskinstance.py:2330} INFO - Executing <Task(PythonOperator): upload_long_video_2> on 2026-07-25 12:21:18.111929+00:00
[2026-07-25T12:28:54.754+0000] {standard_task_runner.py:64} INFO - Started process 12897 to run task
[2026-07-25T12:28:54.757+0000] {standard_task_runner.py:90} INFO - Running: ['airflow', 'tasks', 'run', 'youtube_english_video_pipeline', 'upload_long_video_2', 'manual__2026-07-25T12:21:18.111929+00:00', '--job-id', '330', '--raw', '--subdir', 'DAGS_FOLDER/youtube_pipeline.py', '--cfg-path', '/tmp/tmp_gjcpf84']
[2026-07-25T12:28:54.760+0000] {standard_task_runner.py:91} INFO - Job 330: Subtask upload_long_video_2
[2026-07-25T12:28:54.828+0000] {task_command.py:426} INFO - Running <TaskInstance: youtube_english_video_pipeline.upload_long_video_2 manual__2026-07-25T12:21:18.111929+00:00 [running]> on host cc859d74cf38
[2026-07-25T12:28:55.050+0000] {taskinstance.py:2648} INFO - Exporting env vars: AIRFLOW_CTX_DAG_OWNER='taky' AIRFLOW_CTX_DAG_ID='youtube_english_video_pipeline' AIRFLOW_CTX_TASK_ID='upload_long_video_2' AIRFLOW_CTX_EXECUTION_DATE='2026-07-25T12:21:18.111929+00:00' AIRFLOW_CTX_TRY_NUMBER='1' AIRFLOW_CTX_DAG_RUN_ID='manual__2026-07-25T12:21:18.111929+00:00'
[2026-07-25T12:28:55.051+0000] {taskinstance.py:430} INFO - ::endgroup::
[2026-07-25T12:28:55.327+0000] {__init__.py:49} INFO - file_cache is only supported with oauth2client<4.0.0
[2026-07-25T12:28:55.336+0000] {logging_mixin.py:188} INFO - 2026-07-25 12:28:55,336 | INFO     | uploader.youtube_uploader | Uploading video '20 Daily English Expressions | Mixed English Expressions' (/opt/airflow/output/videos/long_490.mp4) to YouTube...
[2026-07-25T12:28:59.590+0000] {logging_mixin.py:188} INFO - 2026-07-25 12:28:59,590 | INFO     | uploader.youtube_uploader | Upload complete. YouTube video id = DzzENhqw66I
[2026-07-25T12:29:02.961+0000] {logging_mixin.py:188} INFO - 2026-07-25 12:29:02,961 | INFO     | uploader.youtube_uploader | Custom thumbnail uploaded.
[2026-07-25T12:29:02.979+0000] {python.py:237} INFO - Done. Returned value was: DzzENhqw66I
[2026-07-25T12:29:02.980+0000] {taskinstance.py:441} INFO - ::group::Post task execution logs
[2026-07-25T12:29:03.005+0000] {taskinstance.py:1206} INFO - Marking task as SUCCESS. dag_id=youtube_english_video_pipeline, task_id=upload_long_video_2, run_id=manual__2026-07-25T12:21:18.111929+00:00, execution_date=20260725T122118, start_date=20260725T122854, end_date=20260725T122903
[2026-07-25T12:29:03.052+0000] {local_task_job_runner.py:243} INFO - Task exited with return code 0
[2026-07-25T12:29:03.223+0000] {taskinstance.py:3503} INFO - 1 downstream tasks scheduled from follow-on schedule check
[2026-07-25T12:29:03.227+0000] {local_task_job_runner.py:222} INFO - ::endgroup::
